    Hinst Name                           Module Name                      Inst Count           Total Area
------------------------------------------------------------------------------------------------------
mptdc_top_asic                                                                 17544           502353.348
  u_core_gen_pd_row[0].gen_pd_col[0].u_pd mptdc_pd_cell_SAMPLE_DEPTH2              26              790.272
  u_core_gen_pd_row[0].gen_pd_col[1].u_pd mptdc_pd_cell_SAMPLE_DEPTH2_1326         27              787.763
  u_core_gen_pd_row[0].gen_pd_col[2].u_pd mptdc_pd_cell_SAMPLE_DEPTH2_1325         26              792.781
  u_core_gen_pd_row[0].gen_pd_col[3].u_pd mptdc_pd_cell_SAMPLE_DEPTH2_1324         26              795.290
  u_core_gen_pd_row[0].gen_pd_col[4].u_pd mptdc_pd_cell_SAMPLE_DEPTH2_1323         27              797.798
  u_core_gen_pd_row[0].gen_pd_col[5].u_pd mptdc_pd_cell_SAMPLE_DEPTH2_1322         28              790.272
  u_core_gen_pd_row[0].gen_pd_col[6].u_pd mptdc_pd_cell_SAMPLE_DEPTH2_1321         26              785.254
  u_core_gen_pd_row[0].gen_pd_col[7].u_pd mptdc_pd_cell_SAMPLE_DEPTH2_1320         27              790.272
  u_core_gen_pd_row[1].gen_pd_col[0].u_pd mptdc_pd_cell_SAMPLE_DEPTH2_1319         26              777.728
  u_core_gen_pd_row[1].gen_pd_col[1].u_pd mptdc_pd_cell_SAMPLE_DEPTH2_1318         27              795.290
  u_core_gen_pd_row[1].gen_pd_col[2].u_pd mptdc_pd_cell_SAMPLE_DEPTH2_1317         30              797.798
  u_core_gen_pd_row[1].gen_pd_col[3].u_pd mptdc_pd_cell_SAMPLE_DEPTH2_1316         32              812.851
  u_core_gen_pd_row[1].gen_pd_col[4].u_pd mptdc_pd_cell_SAMPLE_DEPTH2_1315         27              790.272
  u_core_gen_pd_row[1].gen_pd_col[5].u_pd mptdc_pd_cell_SAMPLE_DEPTH2_1314         28              792.781
  u_core_gen_pd_row[1].gen_pd_col[6].u_pd mptdc_pd_cell_SAMPLE_DEPTH2_1313         26              770.202
  u_core_gen_pd_row[1].gen_pd_col[7].u_pd mptdc_pd_cell_SAMPLE_DEPTH2_1312         26              790.272
  u_core_gen_pd_row[2].gen_pd_col[0].u_pd mptdc_pd_cell_SAMPLE_DEPTH2_1311         25              777.728
  u_core_gen_pd_row[2].gen_pd_col[1].u_pd mptdc_pd_cell_SAMPLE_DEPTH2_1310         25              782.746
  u_core_gen_pd_row[2].gen_pd_col[2].u_pd mptdc_pd_cell_SAMPLE_DEPTH2_1309         26              797.798
  u_core_gen_pd_row[2].gen_pd_col[3].u_pd mptdc_pd_cell_SAMPLE_DEPTH2_1308         25              785.254
  u_core_gen_pd_row[2].gen_pd_col[4].u_pd mptdc_pd_cell_SAMPLE_DEPTH2_1307         27              800.307
  u_core_gen_pd_row[2].gen_pd_col[5].u_pd mptdc_pd_cell_SAMPLE_DEPTH2_1306         32              827.904
  u_core_gen_pd_row[2].gen_pd_col[6].u_pd mptdc_pd_cell_SAMPLE_DEPTH2_1305         26              770.202
  u_core_gen_pd_row[2].gen_pd_col[7].u_pd mptdc_pd_cell_SAMPLE_DEPTH2_1304         25              785.254
  u_core_gen_pd_row[3].gen_pd_col[0].u_pd mptdc_pd_cell_SAMPLE_DEPTH2_1303         32              790.272
  u_core_gen_pd_row[3].gen_pd_col[1].u_pd mptdc_pd_cell_SAMPLE_DEPTH2_1302         25              790.272
  u_core_gen_pd_row[3].gen_pd_col[2].u_pd mptdc_pd_cell_SAMPLE_DEPTH2_1301         26              782.746
  u_core_gen_pd_row[3].gen_pd_col[3].u_pd mptdc_pd_cell_SAMPLE_DEPTH2_1300         25              785.254
  u_core_gen_pd_row[3].gen_pd_col[4].u_pd mptdc_pd_cell_SAMPLE_DEPTH2_1299         31              820.378
  u_core_gen_pd_row[3].gen_pd_col[5].u_pd mptdc_pd_cell_SAMPLE_DEPTH2_1298         32              850.483
  u_core_gen_pd_row[3].gen_pd_col[6].u_pd mptdc_pd_cell_SAMPLE_DEPTH2_1297         27              777.728
  u_core_gen_pd_row[3].gen_pd_col[7].u_pd mptdc_pd_cell_SAMPLE_DEPTH2_1296         25              780.237
  u_core_gen_pd_row[4].gen_pd_col[0].u_pd mptdc_pd_cell_SAMPLE_DEPTH2_1295         26              770.202
  u_core_gen_pd_row[4].gen_pd_col[1].u_pd mptdc_pd_cell_SAMPLE_DEPTH2_1294         26              795.290
  u_core_gen_pd_row[4].gen_pd_col[2].u_pd mptdc_pd_cell_SAMPLE_DEPTH2_1293         31              807.834
  u_core_gen_pd_row[4].gen_pd_col[3].u_pd mptdc_pd_cell_SAMPLE_DEPTH2_1292         25              782.746
  u_core_gen_pd_row[4].gen_pd_col[4].u_pd mptdc_pd_cell_SAMPLE_DEPTH2_1291         32              812.851
  u_core_gen_pd_row[4].gen_pd_col[5].u_pd mptdc_pd_cell_SAMPLE_DEPTH2_1290         27              800.307
  u_core_gen_pd_row[4].gen_pd_col[6].u_pd mptdc_pd_cell_SAMPLE_DEPTH2_1289         32              817.869
  u_core_gen_pd_row[4].gen_pd_col[7].u_pd mptdc_pd_cell_SAMPLE_DEPTH2_1288         26              782.746
  u_core_gen_pd_row[5].gen_pd_col[0].u_pd mptdc_pd_cell_SAMPLE_DEPTH2_1287         26              797.798
  u_core_gen_pd_row[5].gen_pd_col[1].u_pd mptdc_pd_cell_SAMPLE_DEPTH2_1286         25              792.781
  u_core_gen_pd_row[5].gen_pd_col[2].u_pd mptdc_pd_cell_SAMPLE_DEPTH2_1285         27              780.237
  u_core_gen_pd_row[5].gen_pd_col[3].u_pd mptdc_pd_cell_SAMPLE_DEPTH2_1284         25              785.254
  u_core_gen_pd_row[5].gen_pd_col[4].u_pd mptdc_pd_cell_SAMPLE_DEPTH2_1283         27              797.798
  u_core_gen_pd_row[5].gen_pd_col[5].u_pd mptdc_pd_cell_SAMPLE_DEPTH2_1282         32              820.378
  u_core_gen_pd_row[5].gen_pd_col[6].u_pd mptdc_pd_cell_SAMPLE_DEPTH2_1281         25              770.202
  u_core_gen_pd_row[5].gen_pd_col[7].u_pd mptdc_pd_cell_SAMPLE_DEPTH2_1280         31              822.886
  u_core_gen_pd_row[6].gen_pd_col[0].u_pd mptdc_pd_cell_SAMPLE_DEPTH2_1279         25              770.202
  u_core_gen_pd_row[6].gen_pd_col[1].u_pd mptdc_pd_cell_SAMPLE_DEPTH2_1278         25              787.763
  u_core_gen_pd_row[6].gen_pd_col[2].u_pd mptdc_pd_cell_SAMPLE_DEPTH2_1277         27              787.763
  u_core_gen_pd_row[6].gen_pd_col[3].u_pd mptdc_pd_cell_SAMPLE_DEPTH2_1276         25              775.219
  u_core_gen_pd_row[6].gen_pd_col[4].u_pd mptdc_pd_cell_SAMPLE_DEPTH2_1275         28              795.290
  u_core_gen_pd_row[6].gen_pd_col[5].u_pd mptdc_pd_cell_SAMPLE_DEPTH2_1274         25              790.272
  u_core_gen_pd_row[6].gen_pd_col[6].u_pd mptdc_pd_cell_SAMPLE_DEPTH2_1273         28              795.290
  u_core_gen_pd_row[6].gen_pd_col[7].u_pd mptdc_pd_cell_SAMPLE_DEPTH2_1272         25              775.219
  u_core_gen_pd_row[7].gen_pd_col[0].u_pd mptdc_pd_cell_SAMPLE_DEPTH2_1271         25              775.219
  u_core_gen_pd_row[7].gen_pd_col[1].u_pd mptdc_pd_cell_SAMPLE_DEPTH2_1270         25              805.325
  u_core_gen_pd_row[7].gen_pd_col[2].u_pd mptdc_pd_cell_SAMPLE_DEPTH2_1269         25              765.184
  u_core_gen_pd_row[7].gen_pd_col[3].u_pd mptdc_pd_cell_SAMPLE_DEPTH2_1268         30              812.851
  u_core_gen_pd_row[7].gen_pd_col[4].u_pd mptdc_pd_cell_SAMPLE_DEPTH2_1267         25              790.272
  u_core_gen_pd_row[7].gen_pd_col[5].u_pd mptdc_pd_cell_SAMPLE_DEPTH2_1266         32              827.904
  u_core_gen_pd_row[7].gen_pd_col[6].u_pd mptdc_pd_cell_SAMPLE_DEPTH2_1265         28              790.272
  u_core_gen_pd_row[7].gen_pd_col[7].u_pd mptdc_pd_cell_SAMPLE_DEPTH2_1264         25              785.254
  u_core_u_rst_drain_sync                mptdc_reset_sync_STAGES4                  4              230.810
  u_core_u_rst_fast_sync                 mptdc_reset_sync_STAGES2_1327             2              115.405
  u_core_u_rst_fifo_sync                 mptdc_reset_sync_STAGES3                  3              173.107
  u_core_u_rst_status_sync               mptdc_reset_sync_STAGES2                  2              115.405
  u_core_u_rst_tx_sync                   mptdc_reset_sync_STAGES5                  5              288.512
  u_core_u_rst_wdt_sync                  mptdc_reset_sync_STAGES6                  6              346.214
  u_rst_core_sync                        mptdc_reset_sync_STAGES4_1329             4              230.810
  u_rst_csr_sync                         mptdc_reset_sync_STAGES3_1328             3              175.616
