**WARN: (IMPFP-3803):	Command "reportRoute" is obsolete and has been replaced by "report_route". 
The obsolete command still works in this release, but to avoid this warning and to ensure compatibility with future releases, update your script to use "report_route".
Type 'man IMPFP-3803' for more detail.
#num needed restored net=0
#need_extraction net=0 (total=19030)
#
# statistics:
#Cpu time = 00:00:01
#Elapsed time = 00:00:01
#Increased memory = -0.89 (MB)
#Total memory = 2438.15 (MB)
#Peak memory = 2520.40 (MB)
#Number of warnings = 0
#Total number of warnings = 4
#Number of fails = 0
#Total number of fails = 0
#Complete  on Thu Jun  4 16:14:34 2026
#
*** Statistics for net list mptdc_top_asic ***
Number of cells      = 17544
Number of nets       = 18315
Number of tri-nets   = 0
Number of degen nets = 5
Number of pins       = 69375
Number of i/os       = 160

Number of nets with    1 terms = 5 (0.0%)
Number of nets with    2 terms = 11631 (63.5%)
Number of nets with    3 terms = 4626 (25.3%)
Number of nets with    4 terms = 844 (4.6%)
Number of nets with    5 terms = 204 (1.1%)
Number of nets with    6 terms = 83 (0.5%)
Number of nets with    7 terms = 46 (0.3%)
Number of nets with    8 terms = 33 (0.2%)
Number of nets with    9 terms = 162 (0.9%)
Number of nets with >=10 terms = 681 (3.7%)

*** 151 Primitives used:
Primitive RO_tune4 (2 insts)
Primitive OR3HDX1 (1 insts)
Primitive OR2HDX4 (24 insts)
Primitive OR2HDX2 (2 insts)
Primitive OR2HDX1 (9 insts)
Primitive ON32HDX1 (2 insts)
Primitive ON321HDX2 (7 insts)
Primitive ON31HDX2 (2 insts)
Primitive ON31HDX1 (5 insts)
Primitive ON31HDX0 (9 insts)
Primitive ON311HDX1 (3 insts)
Primitive ON22HDX2 (1 insts)
Primitive ON22HDX1 (162 insts)
Primitive ON22HDX0 (270 insts)
Primitive ON222HDX1 (2 insts)
Primitive ON221HDX1 (1 insts)
Primitive ON221HDX0 (1 insts)
Primitive ON21HDX1 (135 insts)
Primitive ON211HDX2 (1 insts)
Primitive ON211HDX1 (11 insts)
Primitive ON211HDX0 (42 insts)
Primitive OA31HDX1 (1 insts)
Primitive OA221HDX0 (1 insts)
Primitive OA21HDX2 (1 insts)
Primitive OA21HDX1 (16 insts)
Primitive OA211HDX4 (1 insts)
Primitive OA211HDX2 (1 insts)
Primitive OA211HDX0 (2 insts)
Primitive NO5I3HDX2 (1 insts)
Primitive NO5I3HDX1 (6 insts)
Primitive NO5I3HDX0 (2 insts)
Primitive NO4I3HDX1 (4 insts)
Primitive NO4I3HDX0 (2 insts)
Primitive NO4I2HDX1 (2 insts)
Primitive NO4I1HDX1 (1 insts)
Primitive NO4I1HDX0 (1 insts)
Primitive NO3I2HDX1 (9 insts)
Primitive NO3I2HDX0 (3 insts)
Primitive NO3I1HDX2 (1 insts)
Primitive NO3I1HDX1 (1 insts)
Primitive NO3I1HDX0 (3 insts)
Primitive NO3HDX4 (2 insts)
Primitive NO3HDX2 (7 insts)
Primitive NO3HDX1 (67 insts)
Primitive NO2I1HDX2 (42 insts)
Primitive NO2I1HDX1 (48 insts)
Primitive NO2I1HDX0 (8 insts)
Primitive NO2HDX4 (1 insts)
Primitive NO2HDX2 (5 insts)
Primitive NO2HDX1 (726 insts)
Primitive NO22HDX0 (2 insts)
Primitive NA6I5HDX1 (7 insts)
Primitive NA5I3HDX2 (16 insts)
Primitive NA5I3HDX1 (44 insts)
Primitive NA5I2HDX1 (1 insts)
Primitive NA4I3HDX1 (11 insts)
Primitive NA4I2HDX1 (7 insts)
Primitive NA4I1HDX1 (6 insts)
Primitive NA4HDX2 (29 insts)
Primitive NA4HDX1 (312 insts)
Primitive NA4HDX0 (1 insts)
Primitive NA3I2HDX1 (62 insts)
Primitive NA3I1HDX1 (10 insts)
Primitive NA3HDX1 (35 insts)
Primitive NA2I1HDX4 (1 insts)
Primitive NA2I1HDX2 (1 insts)
Primitive NA2I1HDX1 (38 insts)
Primitive NA2I1HDX0 (1 insts)
Primitive NA2HDX2 (30 insts)
Primitive NA2HDX1 (389 insts)
Primitive NA22HDX1 (69 insts)
Primitive MU2IHDX2 (1 insts)
Primitive MU2IHDX1 (73 insts)
Primitive MU2IHDX0 (4 insts)
Primitive MU2HDX4 (1 insts)
Primitive MU2HDX0 (1 insts)
Primitive INHDX8 (49 insts)
Primitive INHDX6 (166 insts)
Primitive INHDX4 (45 insts)
Primitive INHDX3 (79 insts)
Primitive INHDX2 (99 insts)
Primitive INHDX12 (47 insts)
Primitive INHDX1 (186 insts)
Primitive INHDX0 (161 insts)
Primitive HAHDX1 (3 insts)
Primitive HAHDX0 (39 insts)
Primitive FAHDX1 (8 insts)
Primitive FAHDX0 (49 insts)
Primitive EO2HDX1 (10 insts)
Primitive EO2HDX0 (2 insts)
Primitive EN2HDX1 (5 insts)
Primitive EN2HDX0 (38 insts)
Primitive DLLRQHDX1 (2 insts)
Primitive DLHQHDX1 (5 insts)
Primitive DFRSQHDX4 (2 insts)
Primitive DFRSQHDX2 (1 insts)
Primitive DFRSQHDX1 (1 insts)
Primitive DFRSHDX2 (10 insts)
Primitive DFRSHDX1 (34 insts)
Primitive DFRRQHDX2 (8 insts)
Primitive DFRRQHDX1 (132 insts)
Primitive DFRRQHDX0 (129 insts)
Primitive DFRRHDX1 (166 insts)
Primitive DFRQHDX4 (21 insts)
Primitive DFRQHDX2 (19 insts)
Primitive DFRQHDX1 (75 insts)
Primitive DFRQHDX0 (4679 insts)
Primitive DFRHDX2 (8 insts)
Primitive DFRHDX1 (404 insts)
Primitive DFRHDX0 (1 insts)
Primitive BUHDX8 (14 insts)
Primitive BUHDX6 (41 insts)
Primitive BUHDX4 (33 insts)
Primitive BUHDX3 (68 insts)
Primitive BUHDX2 (163 insts)
Primitive BUHDX12 (3 insts)
Primitive BUHDX1 (386 insts)
Primitive BUHDX0 (1 insts)
Primitive AO33HDX1 (3 insts)
Primitive AO32HDX1 (11 insts)
Primitive AO22HDX1 (4544 insts)
Primitive AO222HDX1 (19 insts)
Primitive AO221HDX1 (4 insts)
Primitive AO21HDX2 (1 insts)
Primitive AO21HDX1 (6 insts)
Primitive AND5HDX1 (2 insts)
Primitive AND4HDX4 (1 insts)
Primitive AND4HDX2 (28 insts)
Primitive AND4HDX1 (59 insts)
Primitive AND4HDX0 (20 insts)
Primitive AND3HDX4 (7 insts)
Primitive AND3HDX2 (4 insts)
Primitive AND3HDX1 (4 insts)
Primitive AND3HDX0 (2 insts)
Primitive AND2HDX4 (53 insts)
Primitive AND2HDX2 (70 insts)
Primitive AND2HDX1 (20 insts)
Primitive AND2HDX0 (54 insts)
Primitive AN33HDX1 (1 insts)
Primitive AN32HDX1 (13 insts)
Primitive AN321HDX1 (1 insts)
Primitive AN31HDX1 (12 insts)
Primitive AN311HDX2 (1 insts)
Primitive AN311HDX1 (1 insts)
Primitive AN22HDX2 (10 insts)
Primitive AN22HDX1 (2243 insts)
Primitive AN222HDX1 (13 insts)
Primitive AN221HDX1 (59 insts)
Primitive AN21HDX2 (2 insts)
Primitive AN21HDX1 (65 insts)
Primitive AN211HDX1 (10 insts)
************
*** Net length and connection length statistics (cell mptdc_top_asic) ***

Total net length = 7.719e+05 (3.475e+05 4.244e+05)

Avg net length = 4.214e+01 (sigma = 9.837e+01)
Sqrt of avg square net length = 1.070e+02

Avg connection length = 1.512e+01 (sigma = 3.351e+01)
Sqrt of avg square connection length = 3.676e+01

Net and connection length distribution:

[length   range   ]      #net #connection
[0.00e+00 1.12e+01]:     7087    11277
[1.12e+01 2.24e+01]:     6395     4388
[2.24e+01 3.36e+01]:     1502      768
[3.36e+01 4.48e+01]:      580      388
[4.48e+01 5.60e+01]:      338      232
[5.60e+01 6.72e+01]:      228      138
[6.72e+01 7.84e+01]:      185      120
[7.84e+01 8.96e+01]:      151      103
[8.96e+01 1.01e+02]:      129      101
[1.01e+02 1.12e+02]:      113       71
[1.12e+02 1.23e+02]:       78       58
[1.23e+02 1.34e+02]:       80       49
[1.34e+02 1.46e+02]:       78       45
[1.46e+02 1.57e+02]:       72       49
[1.57e+02 1.68e+02]:       60       33
[1.68e+02 1.79e+02]:       89       46
[1.79e+02 1.90e+02]:       65       32
[1.90e+02 2.02e+02]:       58       41
[2.02e+02 2.13e+02]:       68       36
[2.13e+02 2.24e+02]:       55       43
[2.24e+02 2.35e+02]:       62       36
[2.35e+02 2.46e+02]:       55       30
[2.46e+02 2.58e+02]:       51       29
[2.58e+02 2.69e+02]:       53       23
[2.69e+02 2.80e+02]:       42       16
[2.80e+02 2.91e+02]:       55       21
[2.91e+02 3.02e+02]:       56       17
[3.02e+02 3.14e+02]:       48       10
[3.14e+02 3.25e+02]:       44        7
[3.25e+02 3.36e+02]:       37        8
[3.36e+02 3.47e+02]:       45        3
[3.47e+02 3.58e+02]:       25        5
[3.58e+02 3.70e+02]:       19        2
[3.70e+02 3.81e+02]:        5        0
[3.81e+02 3.92e+02]:       23        8
[3.92e+02 4.03e+02]:       17        6
[4.03e+02 4.14e+02]:       15        8
[4.14e+02 4.26e+02]:       12        3
[4.26e+02 4.37e+02]:       13        7
[4.37e+02 4.48e+02]:       15        7
[4.48e+02 4.59e+02]:       11        4
[4.59e+02 4.70e+02]:        5        3
[4.70e+02 4.82e+02]:        7        4
[4.82e+02 4.93e+02]:       11        4
[4.93e+02 5.04e+02]:        8        6
[5.04e+02 5.15e+02]:        6        3
[5.15e+02 5.26e+02]:        7        3
[5.26e+02 5.38e+02]:        5        1
[5.38e+02 5.49e+02]:       12        5
[5.49e+02 5.60e+02]:        5        2
[5.60e+02 5.71e+02]:        5        1
[5.71e+02 5.82e+02]:        5        0
[5.82e+02 5.94e+02]:        5        1
[5.94e+02 6.05e+02]:       10        0
[6.05e+02 6.16e+02]:        6        3
[6.16e+02 6.27e+02]:        3        0
[6.27e+02 6.38e+02]:        4        1
[6.38e+02 6.50e+02]:        5        1
[6.50e+02 6.61e+02]:        3        0
[6.61e+02 6.72e+02]:        3        1
[6.72e+02 6.83e+02]:        3        0
[6.83e+02 6.94e+02]:        4        0
[6.94e+02 7.06e+02]:        1        0
[7.06e+02 7.17e+02]:        1        0
[7.17e+02 7.28e+02]:        3        0
[7.28e+02 7.39e+02]:        3        1
[7.39e+02 7.50e+02]:        4        0
[7.50e+02 7.62e+02]:        2        0
[7.62e+02 7.73e+02]:        1        1
[7.73e+02 7.84e+02]:        5        1
[7.84e+02 7.95e+02]:        4        2
[7.95e+02 8.06e+02]:        2        1
[8.18e+02 8.29e+02]:        2        0
[8.29e+02 8.40e+02]:        3        0
[8.40e+02 8.51e+02]:        3        1
[8.51e+02 8.62e+02]:        1        0
[8.74e+02 8.85e+02]:        7        1
[8.85e+02 8.96e+02]:        1        0
[8.96e+02 9.07e+02]:        4        0
[9.07e+02 9.18e+02]:        2        0
[9.18e+02 9.30e+02]:        1        0
[9.41e+02 9.52e+02]:        3        0
[9.63e+02 9.74e+02]:        1        0
[9.74e+02 9.86e+02]:        2        0
[9.97e+02 1.01e+03]:        1        0
[1.01e+03 1.02e+03]:        1        0
[1.04e+03 1.05e+03]:        1        0
[1.06e+03 1.08e+03]:        1        0
[1.08e+03 1.09e+03]:        1        0
[1.10e+03 1.11e+03]:        2        0
[1.11e+06 infinity]:       16        0


Total number of long connections = 0
Io: nrCon=0


Total length: 1.055e+06um, number of vias: 111055
M1(H) length: 8.801e+04um, number of vias: 65283
M2(V) length: 5.196e+05um, number of vias: 45772
M3(H) length: 4.471e+05um, number of vias: 0
M4(V) length: 0.000e+00um, number of vias: 0
M5(H) length: 0.000e+00um

