============================================================
  Generated by:           Genus(TM) Synthesis Solution 22.13-s093_1
  Generated on:           Jun 01 2026  04:03:35 pm
  Module:                 mptdc_top_asic
  Operating conditions:   slow_1_62V_125C 
  Interconnect mode:      global
  Area mode:              physical library
============================================================

                                                                     Library 
   Gate    Instances     Area                  Library                Domain 
-----------------------------------------------------------------------------
AN21HDX0           1      12.544    D_CELLS_HD_LPMOS_slow_1_62V_125C wc_cond 
AN21HDX1          91    1141.504    D_CELLS_HD_LPMOS_slow_1_62V_125C wc_cond 
AN21HDX2           4      90.317    D_CELLS_HD_LPMOS_slow_1_62V_125C wc_cond 
AN22HDX0          28     421.478    D_CELLS_HD_LPMOS_slow_1_62V_125C wc_cond 
AN22HDX1        2092   31490.458    D_CELLS_HD_LPMOS_slow_1_62V_125C wc_cond 
AN22HDX2         116    2910.208    D_CELLS_HD_LPMOS_slow_1_62V_125C wc_cond 
AN22HDX4           5     163.072    D_CELLS_HD_LPMOS_slow_1_62V_125C wc_cond 
AN31HDX1           3      45.158    D_CELLS_HD_LPMOS_slow_1_62V_125C wc_cond 
AN321HDX2          1      32.614    D_CELLS_HD_LPMOS_slow_1_62V_125C wc_cond 
AN32HDX0           1      17.562    D_CELLS_HD_LPMOS_slow_1_62V_125C wc_cond 
AN32HDX1           1      17.562    D_CELLS_HD_LPMOS_slow_1_62V_125C wc_cond 
AND2HDX0         244    3060.736    D_CELLS_HD_LPMOS_slow_1_62V_125C wc_cond 
AND2HDX1         187    2345.728    D_CELLS_HD_LPMOS_slow_1_62V_125C wc_cond 
AND2HDX2         178    2679.398    D_CELLS_HD_LPMOS_slow_1_62V_125C wc_cond 
AND2HDX4          70    1404.928    D_CELLS_HD_LPMOS_slow_1_62V_125C wc_cond 
AND3HDX0           3      45.158    D_CELLS_HD_LPMOS_slow_1_62V_125C wc_cond 
AND3HDX1          12     180.634    D_CELLS_HD_LPMOS_slow_1_62V_125C wc_cond 
AND3HDX2          19     333.670    D_CELLS_HD_LPMOS_slow_1_62V_125C wc_cond 
AND3HDX4           9     203.213    D_CELLS_HD_LPMOS_slow_1_62V_125C wc_cond 
AND4HDX1          38     667.341    D_CELLS_HD_LPMOS_slow_1_62V_125C wc_cond 
AND4HDX2           5     100.352    D_CELLS_HD_LPMOS_slow_1_62V_125C wc_cond 
AND5HDX1           5     125.440    D_CELLS_HD_LPMOS_slow_1_62V_125C wc_cond 
AND5HDX2          15     451.584    D_CELLS_HD_LPMOS_slow_1_62V_125C wc_cond 
AND6HDX1           1      27.597    D_CELLS_HD_LPMOS_slow_1_62V_125C wc_cond 
AND6HDX2         133    4337.715    D_CELLS_HD_LPMOS_slow_1_62V_125C wc_cond 
AO211HDX0          1      17.562    D_CELLS_HD_LPMOS_slow_1_62V_125C wc_cond 
AO21HDX0           6     105.370    D_CELLS_HD_LPMOS_slow_1_62V_125C wc_cond 
AO21HDX1           6     105.370    D_CELLS_HD_LPMOS_slow_1_62V_125C wc_cond 
AO21HDX2           7     140.493    D_CELLS_HD_LPMOS_slow_1_62V_125C wc_cond 
AO221HDX0          5     112.896    D_CELLS_HD_LPMOS_slow_1_62V_125C wc_cond 
AO221HDX2          2      55.194    D_CELLS_HD_LPMOS_slow_1_62V_125C wc_cond 
AO222HDX0         17     426.496    D_CELLS_HD_LPMOS_slow_1_62V_125C wc_cond 
AO22HDX0        4299   86282.650    D_CELLS_HD_LPMOS_slow_1_62V_125C wc_cond 
AO22HDX1           3      60.211    D_CELLS_HD_LPMOS_slow_1_62V_125C wc_cond 
AO22HDX2          16     361.267    D_CELLS_HD_LPMOS_slow_1_62V_125C wc_cond 
AO31HDX0           1      17.562    D_CELLS_HD_LPMOS_slow_1_62V_125C wc_cond 
AO31HDX1           2      35.123    D_CELLS_HD_LPMOS_slow_1_62V_125C wc_cond 
AO32HDX0           9     180.634    D_CELLS_HD_LPMOS_slow_1_62V_125C wc_cond 
AO32HDX2           1      25.088    D_CELLS_HD_LPMOS_slow_1_62V_125C wc_cond 
BUHDX0           762    7646.822    D_CELLS_HD_LPMOS_slow_1_62V_125C wc_cond 
BUHDX1           451    4525.875    D_CELLS_HD_LPMOS_slow_1_62V_125C wc_cond 
BUHDX12           33    1655.808    D_CELLS_HD_LPMOS_slow_1_62V_125C wc_cond 
BUHDX2           217    2722.048    D_CELLS_HD_LPMOS_slow_1_62V_125C wc_cond 
BUHDX3            30     526.848    D_CELLS_HD_LPMOS_slow_1_62V_125C wc_cond 
BUHDX4            33     662.323    D_CELLS_HD_LPMOS_slow_1_62V_125C wc_cond 
BUHDX6            90    2483.712    D_CELLS_HD_LPMOS_slow_1_62V_125C wc_cond 
BUHDX8            46    1615.667    D_CELLS_HD_LPMOS_slow_1_62V_125C wc_cond 
CAGHDX0            1      22.579    D_CELLS_HD_LPMOS_slow_1_62V_125C wc_cond 
CAGHDX1            3      67.738    D_CELLS_HD_LPMOS_slow_1_62V_125C wc_cond 
CAGHDX2            7     175.616    D_CELLS_HD_LPMOS_slow_1_62V_125C wc_cond 
DFRHDX0           39    2054.707    D_CELLS_HD_LPMOS_slow_1_62V_125C wc_cond 
DFRHDX1           23    1211.750    D_CELLS_HD_LPMOS_slow_1_62V_125C wc_cond 
DFRHDX2           16     923.238    D_CELLS_HD_LPMOS_slow_1_62V_125C wc_cond 
DFRHDX4           29    1964.390    D_CELLS_HD_LPMOS_slow_1_62V_125C wc_cond 
DFRQHDX0        2260  107727.872    D_CELLS_HD_LPMOS_slow_1_62V_125C wc_cond 
DFRQHDX1        2261  107775.539    D_CELLS_HD_LPMOS_slow_1_62V_125C wc_cond 
DFRQHDX2          36    1806.336    D_CELLS_HD_LPMOS_slow_1_62V_125C wc_cond 
DFRQHDX4           1      55.194    D_CELLS_HD_LPMOS_slow_1_62V_125C wc_cond 
DFRRHDX0           7     439.040    D_CELLS_HD_LPMOS_slow_1_62V_125C wc_cond 
DFRRHDX1          43    2696.960    D_CELLS_HD_LPMOS_slow_1_62V_125C wc_cond 
DFRRHDX2           3     203.213    D_CELLS_HD_LPMOS_slow_1_62V_125C wc_cond 
DFRRHDX4           5     401.408    D_CELLS_HD_LPMOS_slow_1_62V_125C wc_cond 
DFRRQHDX0         40    2308.096    D_CELLS_HD_LPMOS_slow_1_62V_125C wc_cond 
DFRRQHDX1        354   20426.650    D_CELLS_HD_LPMOS_slow_1_62V_125C wc_cond 
DFRRQHDX2         11     662.323    D_CELLS_HD_LPMOS_slow_1_62V_125C wc_cond 
DFRRQHDX4        389   25374.003    D_CELLS_HD_LPMOS_slow_1_62V_125C wc_cond 
DFRSHDX1          16     923.238    D_CELLS_HD_LPMOS_slow_1_62V_125C wc_cond 
DFRSHDX2          12     752.640    D_CELLS_HD_LPMOS_slow_1_62V_125C wc_cond 
DFRSQHDX1         46    2423.501    D_CELLS_HD_LPMOS_slow_1_62V_125C wc_cond 
DFRSQHDX2          5     275.968    D_CELLS_HD_LPMOS_slow_1_62V_125C wc_cond 
DLHQHDX0           2      60.211    D_CELLS_HD_LPMOS_slow_1_62V_125C wc_cond 
DLHQHDX1           2      60.211    D_CELLS_HD_LPMOS_slow_1_62V_125C wc_cond 
DLLQHDX0           1      30.106    D_CELLS_HD_LPMOS_slow_1_62V_125C wc_cond 
DLLQHDX1           1      30.106    D_CELLS_HD_LPMOS_slow_1_62V_125C wc_cond 
DLLQHDX2           1      32.614    D_CELLS_HD_LPMOS_slow_1_62V_125C wc_cond 
EN2HDX1           21     474.163    D_CELLS_HD_LPMOS_slow_1_62V_125C wc_cond 
EN2HDX2            3      97.843    D_CELLS_HD_LPMOS_slow_1_62V_125C wc_cond 
EN3HDX1            5     200.704    D_CELLS_HD_LPMOS_slow_1_62V_125C wc_cond 
EN3HDX2            6     301.056    D_CELLS_HD_LPMOS_slow_1_62V_125C wc_cond 
EN3HDX4            3     165.581    D_CELLS_HD_LPMOS_slow_1_62V_125C wc_cond 
EO2HDX0            3      60.211    D_CELLS_HD_LPMOS_slow_1_62V_125C wc_cond 
EO2HDX1           56    1123.942    D_CELLS_HD_LPMOS_slow_1_62V_125C wc_cond 
EO2HDX2            1      27.597    D_CELLS_HD_LPMOS_slow_1_62V_125C wc_cond 
EO2HDX4            1      35.123    D_CELLS_HD_LPMOS_slow_1_62V_125C wc_cond 
EO3HDX0            3     120.422    D_CELLS_HD_LPMOS_slow_1_62V_125C wc_cond 
EO3HDX1            1      40.141    D_CELLS_HD_LPMOS_slow_1_62V_125C wc_cond 
FAHDX0            24    1204.224    D_CELLS_HD_LPMOS_slow_1_62V_125C wc_cond 
FAHDX1            13     717.517    D_CELLS_HD_LPMOS_slow_1_62V_125C wc_cond 
FAHDX2             1      60.211    D_CELLS_HD_LPMOS_slow_1_62V_125C wc_cond 
HAHDX0            22     607.130    D_CELLS_HD_LPMOS_slow_1_62V_125C wc_cond 
HAHDX1            16     481.690    D_CELLS_HD_LPMOS_slow_1_62V_125C wc_cond 
HAHDX2             3     112.896    D_CELLS_HD_LPMOS_slow_1_62V_125C wc_cond 
HAHDX4             1      50.176    D_CELLS_HD_LPMOS_slow_1_62V_125C wc_cond 
INHDX0           779    5863.066    D_CELLS_HD_LPMOS_slow_1_62V_125C wc_cond 
INHDX1           237    1783.757    D_CELLS_HD_LPMOS_slow_1_62V_125C wc_cond 
INHDX12          182    6392.422    D_CELLS_HD_LPMOS_slow_1_62V_125C wc_cond 
INHDX2           285    2860.032    D_CELLS_HD_LPMOS_slow_1_62V_125C wc_cond 
INHDX3            58     727.552    D_CELLS_HD_LPMOS_slow_1_62V_125C wc_cond 
INHDX4            25     376.320    D_CELLS_HD_LPMOS_slow_1_62V_125C wc_cond 
INHDX6            39     782.746    D_CELLS_HD_LPMOS_slow_1_62V_125C wc_cond 
INHDX8            73    1831.424    D_CELLS_HD_LPMOS_slow_1_62V_125C wc_cond 
MU2HDX0           76    1525.350    D_CELLS_HD_LPMOS_slow_1_62V_125C wc_cond 
MU2HDX1            7     158.054    D_CELLS_HD_LPMOS_slow_1_62V_125C wc_cond 
MU2IHDX0           1      17.562    D_CELLS_HD_LPMOS_slow_1_62V_125C wc_cond 
MU2IHDX1          44     772.710    D_CELLS_HD_LPMOS_slow_1_62V_125C wc_cond 
MU2IHDX2           1      35.123    D_CELLS_HD_LPMOS_slow_1_62V_125C wc_cond 
NA22HDX0          22     331.162    D_CELLS_HD_LPMOS_slow_1_62V_125C wc_cond 
NA22HDX1          66     993.485    D_CELLS_HD_LPMOS_slow_1_62V_125C wc_cond 
NA22HDX2          22     441.549    D_CELLS_HD_LPMOS_slow_1_62V_125C wc_cond 
NA22HDX4          12     451.584    D_CELLS_HD_LPMOS_slow_1_62V_125C wc_cond 
NA2HDX0          194    1946.829    D_CELLS_HD_LPMOS_slow_1_62V_125C wc_cond 
NA2HDX1          651    6532.915    D_CELLS_HD_LPMOS_slow_1_62V_125C wc_cond 
NA2HDX2           53     797.798    D_CELLS_HD_LPMOS_slow_1_62V_125C wc_cond 
NA2HDX4          116    2910.208    D_CELLS_HD_LPMOS_slow_1_62V_125C wc_cond 
NA2I1HDX0         11     137.984    D_CELLS_HD_LPMOS_slow_1_62V_125C wc_cond 
NA2I1HDX1         98    1229.312    D_CELLS_HD_LPMOS_slow_1_62V_125C wc_cond 
NA2I1HDX2         38     667.341    D_CELLS_HD_LPMOS_slow_1_62V_125C wc_cond 
NA2I1HDX4          8     260.915    D_CELLS_HD_LPMOS_slow_1_62V_125C wc_cond 
NA3HDX0            9     112.896    D_CELLS_HD_LPMOS_slow_1_62V_125C wc_cond 
NA3HDX1           90    1128.960    D_CELLS_HD_LPMOS_slow_1_62V_125C wc_cond 
NA3HDX2           12     240.845    D_CELLS_HD_LPMOS_slow_1_62V_125C wc_cond 
NA3HDX4            1      37.632    D_CELLS_HD_LPMOS_slow_1_62V_125C wc_cond 
NA3I1HDX0          3      45.158    D_CELLS_HD_LPMOS_slow_1_62V_125C wc_cond 
NA3I1HDX1         26     391.373    D_CELLS_HD_LPMOS_slow_1_62V_125C wc_cond 
NA3I1HDX2          2      45.158    D_CELLS_HD_LPMOS_slow_1_62V_125C wc_cond 
NA3I1HDX4          1      42.650    D_CELLS_HD_LPMOS_slow_1_62V_125C wc_cond 
NA3I2HDX0          3      45.158    D_CELLS_HD_LPMOS_slow_1_62V_125C wc_cond 
NA3I2HDX1          8     120.422    D_CELLS_HD_LPMOS_slow_1_62V_125C wc_cond 
NA3I2HDX2          5     100.352    D_CELLS_HD_LPMOS_slow_1_62V_125C wc_cond 
NA3I2HDX4          3      97.843    D_CELLS_HD_LPMOS_slow_1_62V_125C wc_cond 
NA4HDX1           76    1144.013    D_CELLS_HD_LPMOS_slow_1_62V_125C wc_cond 
NA4HDX2           42    1053.696    D_CELLS_HD_LPMOS_slow_1_62V_125C wc_cond 
NA4HDX4            5     213.248    D_CELLS_HD_LPMOS_slow_1_62V_125C wc_cond 
NA4I2HDX0          1      17.562    D_CELLS_HD_LPMOS_slow_1_62V_125C wc_cond 
NA4I2HDX1          4      70.246    D_CELLS_HD_LPMOS_slow_1_62V_125C wc_cond 
NA4I3HDX0          1      17.562    D_CELLS_HD_LPMOS_slow_1_62V_125C wc_cond 
NA5I2HDX0          1      25.088    D_CELLS_HD_LPMOS_slow_1_62V_125C wc_cond 
NA5I2HDX2          2      60.211    D_CELLS_HD_LPMOS_slow_1_62V_125C wc_cond 
NA5I3HDX1          1      20.070    D_CELLS_HD_LPMOS_slow_1_62V_125C wc_cond 
NA5I3HDX2          1      27.597    D_CELLS_HD_LPMOS_slow_1_62V_125C wc_cond 
NA5I4HDX1          1      25.088    D_CELLS_HD_LPMOS_slow_1_62V_125C wc_cond 
NA5I4HDX2          1      30.106    D_CELLS_HD_LPMOS_slow_1_62V_125C wc_cond 
NA6I5HDX2          1      35.123    D_CELLS_HD_LPMOS_slow_1_62V_125C wc_cond 
NO22HDX1           1      17.562    D_CELLS_HD_LPMOS_slow_1_62V_125C wc_cond 
NO2HDX0           11     110.387    D_CELLS_HD_LPMOS_slow_1_62V_125C wc_cond 
NO2HDX1          700    7024.640    D_CELLS_HD_LPMOS_slow_1_62V_125C wc_cond 
NO2HDX2           21     368.794    D_CELLS_HD_LPMOS_slow_1_62V_125C wc_cond 
NO2HDX4            4     110.387    D_CELLS_HD_LPMOS_slow_1_62V_125C wc_cond 
NO2I1HDX0         67     840.448    D_CELLS_HD_LPMOS_slow_1_62V_125C wc_cond 
NO2I1HDX1         10     125.440    D_CELLS_HD_LPMOS_slow_1_62V_125C wc_cond 
NO2I1HDX2         22     441.549    D_CELLS_HD_LPMOS_slow_1_62V_125C wc_cond 
NO2I1HDX4          5     163.072    D_CELLS_HD_LPMOS_slow_1_62V_125C wc_cond 
NO3HDX0            1      12.544    D_CELLS_HD_LPMOS_slow_1_62V_125C wc_cond 
NO3HDX2            3      67.738    D_CELLS_HD_LPMOS_slow_1_62V_125C wc_cond 
NO3HDX4            1      32.614    D_CELLS_HD_LPMOS_slow_1_62V_125C wc_cond 
NO3I1HDX4          2      60.211    D_CELLS_HD_LPMOS_slow_1_62V_125C wc_cond 
NO3I2HDX0          3      45.158    D_CELLS_HD_LPMOS_slow_1_62V_125C wc_cond 
NO3I2HDX1          9     135.475    D_CELLS_HD_LPMOS_slow_1_62V_125C wc_cond 
NO3I2HDX2          5     112.896    D_CELLS_HD_LPMOS_slow_1_62V_125C wc_cond 
NO3I2HDX4          4     140.493    D_CELLS_HD_LPMOS_slow_1_62V_125C wc_cond 
NO4I1HDX0          1      22.579    D_CELLS_HD_LPMOS_slow_1_62V_125C wc_cond 
NO4I1HDX1          1      22.579    D_CELLS_HD_LPMOS_slow_1_62V_125C wc_cond 
NO4I2HDX4          4     130.458    D_CELLS_HD_LPMOS_slow_1_62V_125C wc_cond 
NO4I3HDX1          3      60.211    D_CELLS_HD_LPMOS_slow_1_62V_125C wc_cond 
NO4I3HDX2         12     301.056    D_CELLS_HD_LPMOS_slow_1_62V_125C wc_cond 
NO4I3HDX4          1      32.614    D_CELLS_HD_LPMOS_slow_1_62V_125C wc_cond 
NO5HDX0            2      55.194    D_CELLS_HD_LPMOS_slow_1_62V_125C wc_cond 
NO5I2HDX1          1      25.088    D_CELLS_HD_LPMOS_slow_1_62V_125C wc_cond 
NO5I2HDX2          1      25.088    D_CELLS_HD_LPMOS_slow_1_62V_125C wc_cond 
NO5I4HDX2          1      35.123    D_CELLS_HD_LPMOS_slow_1_62V_125C wc_cond 
NO5I4HDX4          9     383.846    D_CELLS_HD_LPMOS_slow_1_62V_125C wc_cond 
NO6I5HDX4          7     316.109    D_CELLS_HD_LPMOS_slow_1_62V_125C wc_cond 
OA211HDX0          1      17.562    D_CELLS_HD_LPMOS_slow_1_62V_125C wc_cond 
OA21HDX0           4      70.246    D_CELLS_HD_LPMOS_slow_1_62V_125C wc_cond 
OA21HDX1           7     122.931    D_CELLS_HD_LPMOS_slow_1_62V_125C wc_cond 
OA21HDX2           1      22.579    D_CELLS_HD_LPMOS_slow_1_62V_125C wc_cond 
OA222HDX0          3      82.790    D_CELLS_HD_LPMOS_slow_1_62V_125C wc_cond 
OA22HDX0          16     321.126    D_CELLS_HD_LPMOS_slow_1_62V_125C wc_cond 
OA22HDX1           1      20.070    D_CELLS_HD_LPMOS_slow_1_62V_125C wc_cond 
OA22HDX2           1      25.088    D_CELLS_HD_LPMOS_slow_1_62V_125C wc_cond 
OA311HDX2          1      25.088    D_CELLS_HD_LPMOS_slow_1_62V_125C wc_cond 
OA31HDX0           1      20.070    D_CELLS_HD_LPMOS_slow_1_62V_125C wc_cond 
OA31HDX1           1      20.070    D_CELLS_HD_LPMOS_slow_1_62V_125C wc_cond 
OA321HDX0          1      25.088    D_CELLS_HD_LPMOS_slow_1_62V_125C wc_cond 
ON211HDX0         13     195.686    D_CELLS_HD_LPMOS_slow_1_62V_125C wc_cond 
ON211HDX1         13     228.301    D_CELLS_HD_LPMOS_slow_1_62V_125C wc_cond 
ON21HDX0           6      75.264    D_CELLS_HD_LPMOS_slow_1_62V_125C wc_cond 
ON21HDX1         680    8529.920    D_CELLS_HD_LPMOS_slow_1_62V_125C wc_cond 
ON221HDX1          3      67.738    D_CELLS_HD_LPMOS_slow_1_62V_125C wc_cond 
ON22HDX0           2      30.106    D_CELLS_HD_LPMOS_slow_1_62V_125C wc_cond 
ON22HDX1          30     526.848    D_CELLS_HD_LPMOS_slow_1_62V_125C wc_cond 
ON31HDX1           1      17.562    D_CELLS_HD_LPMOS_slow_1_62V_125C wc_cond 
OR2HDX0            9     112.896    D_CELLS_HD_LPMOS_slow_1_62V_125C wc_cond 
OR2HDX1           35     439.040    D_CELLS_HD_LPMOS_slow_1_62V_125C wc_cond 
OR2HDX2           67    1008.538    D_CELLS_HD_LPMOS_slow_1_62V_125C wc_cond 
OR2HDX4           41     822.886    D_CELLS_HD_LPMOS_slow_1_62V_125C wc_cond 
OR3HDX0            2      30.106    D_CELLS_HD_LPMOS_slow_1_62V_125C wc_cond 
OR3HDX1            2      30.106    D_CELLS_HD_LPMOS_slow_1_62V_125C wc_cond 
OR4HDX0            3      67.738    D_CELLS_HD_LPMOS_slow_1_62V_125C wc_cond 
OR4HDX1            1      22.579    D_CELLS_HD_LPMOS_slow_1_62V_125C wc_cond 
OR4HDX2            1      27.597    D_CELLS_HD_LPMOS_slow_1_62V_125C wc_cond 
RO_tune4           2   23734.519    RO_tune4_real_abstract_shell     wc_cond 
-----------------------------------------------------------------------------
total          20355  541771.614                                     


             Library             Instances    Area    Instances % 
------------------------------------------------------------------
D_CELLS_HD_LPMOS_slow_1_62V_125C     20353 518037.094       100.0 
RO_tune4_real_abstract_shell             2  23734.519         0.0 

                                           
     Type      Instances    Area    Area % 
-------------------------------------------
timing_model           2  23734.519    4.4 
sequential          5603 280619.315   51.8 
inverter            1678  20617.318    3.8 
buffer              1662  21839.104    4.0 
logic              11410 194961.357   36.0 
physical_cells         0      0.000    0.0 
-------------------------------------------
total              20355 541771.614  100.0 

