Power Unit: W
PDB Frame : /stim#0/frame#0
---------------------------------------------------------------------------------------------------------------------------
Cells Pct_cells     Leakage    Internal   Switching       Total Lvl Instance                                               
---------------------------------------------------------------------------------------------------------------------------
18758   100.00% 9.25942e-06 1.51299e-01 3.87489e-02 1.90057e-01   0 /mptdc_top_asic                                        
 8602    45.86% 5.13392e-06 4.44691e-02 4.32291e-03 4.87972e-02   1 /mptdc_top_asic/u_core_u_fifo                          
    1     0.01% 0.00000e+00 0.00000e+00 1.37758e-02 1.37758e-02   1 /mptdc_top_asic/u_core_u_osc_fast                      
 1967    10.49% 7.60036e-07 8.70465e-03 2.13952e-03 1.08449e-02   1 /mptdc_top_asic/u_core_u_hit_capture_bridge            
   67     0.36% 4.43197e-08 5.16723e-03 2.36849e-04 5.40412e-03   1 /mptdc_top_asic/u_core_u_slow_epoch                    
    8     0.04% 2.43082e-09 5.23052e-04 2.89179e-03 3.41485e-03   1 /mptdc_top_asic/u_core_u_osc_slow                      
  312     1.66% 1.34618e-07 1.39152e-03 8.83029e-04 2.27468e-03   1 /mptdc_top_asic/u_core_u_meas_ctrl                     
   43     0.23% 1.61985e-08 1.03744e-03 1.66533e-04 1.20399e-03   1 /mptdc_top_asic/u_core_gen_pd_row[0].gen_pd_col[1].u_pd
   43     0.23% 1.61985e-08 1.03744e-03 1.66458e-04 1.20391e-03   1 /mptdc_top_asic/u_core_gen_pd_row[0].gen_pd_col[3].u_pd
   43     0.23% 1.61985e-08 1.03750e-03 1.64496e-04 1.20201e-03   1 /mptdc_top_asic/u_core_gen_pd_row[0].gen_pd_col[2].u_pd
   43     0.23% 1.61985e-08 1.03753e-03 1.63399e-04 1.20095e-03   1 /mptdc_top_asic/u_core_gen_pd_row[0].gen_pd_col[4].u_pd
   42     0.22% 1.59695e-08 1.03468e-03 1.63659e-04 1.19836e-03   1 /mptdc_top_asic/u_core_gen_pd_row[2].gen_pd_col[5].u_pd
   42     0.22% 1.59695e-08 1.03471e-03 1.63298e-04 1.19802e-03   1 /mptdc_top_asic/u_core_gen_pd_row[6].gen_pd_col[4].u_pd
   42     0.22% 1.59695e-08 1.03469e-03 1.63036e-04 1.19775e-03   1 /mptdc_top_asic/u_core_gen_pd_row[4].gen_pd_col[5].u_pd
   42     0.22% 1.59695e-08 1.03469e-03 1.62980e-04 1.19769e-03   1 /mptdc_top_asic/u_core_gen_pd_row[4].gen_pd_col[6].u_pd
   42     0.22% 1.59695e-08 1.03473e-03 1.62619e-04 1.19736e-03   1 /mptdc_top_asic/u_core_gen_pd_row[1].gen_pd_col[6].u_pd
   42     0.22% 1.59695e-08 1.03472e-03 1.62357e-04 1.19710e-03   1 /mptdc_top_asic/u_core_gen_pd_row[1].gen_pd_col[2].u_pd
   42     0.22% 1.59695e-08 1.03472e-03 1.62357e-04 1.19710e-03   1 /mptdc_top_asic/u_core_gen_pd_row[1].gen_pd_col[1].u_pd
   42     0.22% 1.59695e-08 1.03471e-03 1.62356e-04 1.19708e-03   1 /mptdc_top_asic/u_core_gen_pd_row[3].gen_pd_col[2].u_pd
   42     0.22% 1.59695e-08 1.03472e-03 1.62301e-04 1.19704e-03   1 /mptdc_top_asic/u_core_gen_pd_row[1].gen_pd_col[5].u_pd
   42     0.22% 1.59695e-08 1.03472e-03 1.62301e-04 1.19704e-03   1 /mptdc_top_asic/u_core_gen_pd_row[6].gen_pd_col[3].u_pd
   42     0.22% 1.59695e-08 1.03472e-03 1.62301e-04 1.19704e-03   1 /mptdc_top_asic/u_core_gen_pd_row[6].gen_pd_col[5].u_pd
   42     0.22% 1.59695e-08 1.03474e-03 1.61940e-04 1.19670e-03   1 /mptdc_top_asic/u_core_gen_pd_row[2].gen_pd_col[6].u_pd
   42     0.22% 1.59695e-08 1.03473e-03 1.61940e-04 1.19669e-03   1 /mptdc_top_asic/u_core_gen_pd_row[3].gen_pd_col[4].u_pd
   42     0.22% 1.59695e-08 1.03473e-03 1.61940e-04 1.19669e-03   1 /mptdc_top_asic/u_core_gen_pd_row[5].gen_pd_col[4].u_pd
   42     0.22% 1.59695e-08 1.03473e-03 1.61939e-04 1.19669e-03   1 /mptdc_top_asic/u_core_gen_pd_row[5].gen_pd_col[6].u_pd
   42     0.22% 1.59695e-08 1.03474e-03 1.61679e-04 1.19644e-03   1 /mptdc_top_asic/u_core_gen_pd_row[6].gen_pd_col[2].u_pd
   42     0.22% 1.59695e-08 1.03474e-03 1.61677e-04 1.19644e-03   1 /mptdc_top_asic/u_core_gen_pd_row[2].gen_pd_col[1].u_pd
   42     0.22% 1.59695e-08 1.03474e-03 1.61677e-04 1.19643e-03   1 /mptdc_top_asic/u_core_gen_pd_row[6].gen_pd_col[1].u_pd
   42     0.22% 1.59695e-08 1.03473e-03 1.61677e-04 1.19642e-03   1 /mptdc_top_asic/u_core_gen_pd_row[3].gen_pd_col[1].u_pd
   42     0.22% 1.59695e-08 1.03474e-03 1.61622e-04 1.19638e-03   1 /mptdc_top_asic/u_core_gen_pd_row[1].gen_pd_col[3].u_pd
   42     0.22% 1.59695e-08 1.03474e-03 1.61622e-04 1.19638e-03   1 /mptdc_top_asic/u_core_gen_pd_row[7].gen_pd_col[5].u_pd
   42     0.22% 1.59695e-08 1.03473e-03 1.61621e-04 1.19637e-03   1 /mptdc_top_asic/u_core_gen_pd_row[5].gen_pd_col[5].u_pd
   42     0.22% 1.59695e-08 1.03473e-03 1.61622e-04 1.19637e-03   1 /mptdc_top_asic/u_core_gen_pd_row[5].gen_pd_col[3].u_pd
   42     0.22% 1.59695e-08 1.03473e-03 1.61621e-04 1.19637e-03   1 /mptdc_top_asic/u_core_gen_pd_row[3].gen_pd_col[5].u_pd
   42     0.22% 1.59695e-08 1.03477e-03 1.61261e-04 1.19604e-03   1 /mptdc_top_asic/u_core_gen_pd_row[7].gen_pd_col[4].u_pd
   42     0.22% 1.59695e-08 1.03476e-03 1.61261e-04 1.19604e-03   1 /mptdc_top_asic/u_core_gen_pd_row[1].gen_pd_col[4].u_pd
   42     0.22% 1.59695e-08 1.03476e-03 1.61260e-04 1.19604e-03   1 /mptdc_top_asic/u_core_gen_pd_row[2].gen_pd_col[4].u_pd
   42     0.22% 1.59695e-08 1.03476e-03 1.61260e-04 1.19604e-03   1 /mptdc_top_asic/u_core_gen_pd_row[6].gen_pd_col[6].u_pd
   42     0.22% 1.59695e-08 1.03476e-03 1.61260e-04 1.19604e-03   1 /mptdc_top_asic/u_core_gen_pd_row[7].gen_pd_col[6].u_pd
   42     0.22% 1.59695e-08 1.03475e-03 1.61260e-04 1.19603e-03   1 /mptdc_top_asic/u_core_gen_pd_row[4].gen_pd_col[1].u_pd
   42     0.22% 1.59695e-08 1.03475e-03 1.61260e-04 1.19603e-03   1 /mptdc_top_asic/u_core_gen_pd_row[4].gen_pd_col[2].u_pd
   42     0.22% 1.59695e-08 1.03471e-03 1.61123e-04 1.19585e-03   1 /mptdc_top_asic/u_core_gen_pd_row[2].gen_pd_col[7].u_pd
   42     0.22% 1.59695e-08 1.03470e-03 1.61122e-04 1.19584e-03   1 /mptdc_top_asic/u_core_gen_pd_row[5].gen_pd_col[7].u_pd
   42     0.22% 1.59695e-08 1.03476e-03 1.61000e-04 1.19578e-03   1 /mptdc_top_asic/u_core_gen_pd_row[2].gen_pd_col[2].u_pd
   42     0.22% 1.59695e-08 1.03476e-03 1.60998e-04 1.19578e-03   1 /mptdc_top_asic/u_core_gen_pd_row[7].gen_pd_col[1].u_pd
   42     0.22% 1.59695e-08 1.03475e-03 1.61000e-04 1.19577e-03   1 /mptdc_top_asic/u_core_gen_pd_row[5].gen_pd_col[2].u_pd
   42     0.22% 1.59695e-08 1.03475e-03 1.60998e-04 1.19576e-03   1 /mptdc_top_asic/u_core_gen_pd_row[5].gen_pd_col[1].u_pd
   42     0.22% 1.59695e-08 1.03475e-03 1.60998e-04 1.19576e-03   1 /mptdc_top_asic/u_core_gen_pd_row[4].gen_pd_col[3].u_pd
   42     0.22% 1.59695e-08 1.03475e-03 1.60942e-04 1.19571e-03   1 /mptdc_top_asic/u_core_gen_pd_row[3].gen_pd_col[3].u_pd
   42     0.22% 1.59695e-08 1.03475e-03 1.60942e-04 1.19571e-03   1 /mptdc_top_asic/u_core_gen_pd_row[4].gen_pd_col[4].u_pd
   42     0.22% 1.59695e-08 1.03477e-03 1.60581e-04 1.19537e-03   1 /mptdc_top_asic/u_core_gen_pd_row[3].gen_pd_col[6].u_pd
   42     0.22% 1.59695e-08 1.03478e-03 1.60319e-04 1.19512e-03   1 /mptdc_top_asic/u_core_gen_pd_row[7].gen_pd_col[2].u_pd
   42     0.22% 1.59695e-08 1.03478e-03 1.60263e-04 1.19506e-03   1 /mptdc_top_asic/u_core_gen_pd_row[2].gen_pd_col[3].u_pd
   42     0.22% 1.59695e-08 1.03478e-03 1.60263e-04 1.19506e-03   1 /mptdc_top_asic/u_core_gen_pd_row[7].gen_pd_col[3].u_pd
   43     0.23% 1.58983e-08 1.03368e-03 1.61175e-04 1.19487e-03   1 /mptdc_top_asic/u_core_gen_pd_row[0].gen_pd_col[6].u_pd
   43     0.23% 1.58983e-08 1.03368e-03 1.60839e-04 1.19453e-03   1 /mptdc_top_asic/u_core_gen_pd_row[0].gen_pd_col[5].u_pd
   42     0.22% 1.59695e-08 1.03475e-03 1.59766e-04 1.19453e-03   1 /mptdc_top_asic/u_core_gen_pd_row[7].gen_pd_col[7].u_pd
   42     0.22% 1.59695e-08 1.03475e-03 1.59766e-04 1.19453e-03   1 /mptdc_top_asic/u_core_gen_pd_row[1].gen_pd_col[7].u_pd
   42     0.22% 1.59695e-08 1.03476e-03 1.59085e-04 1.19386e-03   1 /mptdc_top_asic/u_core_gen_pd_row[3].gen_pd_col[7].u_pd
   42     0.22% 1.59695e-08 1.03476e-03 1.59085e-04 1.19386e-03   1 /mptdc_top_asic/u_core_gen_pd_row[4].gen_pd_col[7].u_pd
   42     0.22% 1.59695e-08 1.03477e-03 1.58970e-04 1.19376e-03   1 /mptdc_top_asic/u_core_gen_pd_row[6].gen_pd_col[7].u_pd
   43     0.23% 1.58983e-08 1.03370e-03 1.59653e-04 1.19337e-03   1 /mptdc_top_asic/u_core_gen_pd_row[0].gen_pd_col[7].u_pd
   37     0.20% 1.55032e-08 1.03221e-03 1.50018e-04 1.18225e-03   1 /mptdc_top_asic/u_core_gen_pd_row[4].gen_pd_col[0].u_pd
   37     0.20% 1.55032e-08 1.03224e-03 1.49339e-04 1.18159e-03   1 /mptdc_top_asic/u_core_gen_pd_row[2].gen_pd_col[0].u_pd
   37     0.20% 1.55032e-08 1.03223e-03 1.49341e-04 1.18159e-03   1 /mptdc_top_asic/u_core_gen_pd_row[5].gen_pd_col[0].u_pd
   37     0.20% 1.55032e-08 1.03223e-03 1.49339e-04 1.18159e-03   1 /mptdc_top_asic/u_core_gen_pd_row[3].gen_pd_col[0].u_pd
   37     0.20% 1.55032e-08 1.03226e-03 1.48660e-04 1.18094e-03   1 /mptdc_top_asic/u_core_gen_pd_row[6].gen_pd_col[0].u_pd
   39     0.21% 1.54417e-08 1.02884e-03 1.48389e-04 1.17724e-03   1 /mptdc_top_asic/u_core_gen_pd_row[0].gen_pd_col[0].u_pd
   37     0.20% 1.52031e-08 1.02841e-03 1.46435e-04 1.17486e-03   1 /mptdc_top_asic/u_core_gen_pd_row[7].gen_pd_col[0].u_pd
   37     0.20% 1.50280e-08 1.02446e-03 1.42678e-04 1.16715e-03   1 /mptdc_top_asic/u_core_gen_pd_row[1].gen_pd_col[0].u_pd
   16     0.09% 1.00578e-08 6.96687e-04 1.72878e-04 8.69575e-04   1 /mptdc_top_asic/u_core_gen_fast_tag_col[0].u_fast_tag  
   13     0.07% 8.27520e-09 6.71231e-04 1.43805e-04 8.15044e-04   1 /mptdc_top_asic/u_core_gen_fast_tag_col[1].u_fast_tag  
   13     0.07% 8.27520e-09 6.71231e-04 1.43805e-04 8.15044e-04   1 /mptdc_top_asic/u_core_gen_fast_tag_col[2].u_fast_tag  
   13     0.07% 8.27520e-09 6.71231e-04 1.43805e-04 8.15044e-04   1 /mptdc_top_asic/u_core_gen_fast_tag_col[3].u_fast_tag  
   13     0.07% 8.27520e-09 6.71231e-04 1.43805e-04 8.15044e-04   1 /mptdc_top_asic/u_core_gen_fast_tag_col[4].u_fast_tag  
   13     0.07% 8.27520e-09 6.71231e-04 1.43805e-04 8.15044e-04   1 /mptdc_top_asic/u_core_gen_fast_tag_col[5].u_fast_tag  
   13     0.07% 8.27520e-09 6.71231e-04 1.43805e-04 8.15044e-04   1 /mptdc_top_asic/u_core_gen_fast_tag_col[6].u_fast_tag  
   13     0.07% 8.27520e-09 6.71231e-04 1.43805e-04 8.15044e-04   1 /mptdc_top_asic/u_core_gen_fast_tag_col[7].u_fast_tag  
  273     1.46% 9.24922e-08 7.04826e-04 1.08324e-04 8.13243e-04   1 /mptdc_top_asic/u_core_u_narrow_tx                     
  128     0.68% 5.35117e-08 3.56278e-04 6.68711e-05 4.23203e-04   1 /mptdc_top_asic/u_core_u_wdt                           
   68     0.36% 5.00284e-08 2.54101e-04 1.27870e-04 3.82021e-04   1 /mptdc_top_asic/u_core_u_stop_epoch_capture            
    2     0.01% 2.33205e-09 1.65278e-04 0.00000e+00 1.65280e-04   1 /mptdc_top_asic/u_core_u_rst_fast_sync                 
    5     0.03% 4.66436e-09 5.35442e-05 2.27907e-05 7.63396e-05   1 /mptdc_top_asic/u_rst_core_sync                        
    6     0.03% 4.16818e-09 7.37943e-05 1.84674e-06 7.56452e-05   1 /mptdc_top_asic/u_core_u_rst_wdt_sync                  
    5     0.03% 3.48356e-09 6.07513e-05 9.54862e-07 6.17097e-05   1 /mptdc_top_asic/u_core_u_rst_tx_sync                   
    5     0.03% 4.07900e-09 5.13822e-05 7.24082e-06 5.86271e-05   1 /mptdc_top_asic/u_core_u_rst_drain_sync                
    5     0.03% 2.85604e-09 4.96603e-05 2.66160e-06 5.23247e-05   1 /mptdc_top_asic/u_core_u_stop_capture                  
    3     0.02% 2.29258e-09 3.68169e-05 1.37057e-06 3.81897e-05   1 /mptdc_top_asic/u_rst_csr_sync                         
    3     0.02% 2.18771e-09 3.56804e-05 2.92253e-07 3.59748e-05   1 /mptdc_top_asic/u_core_u_rst_fifo_sync                 
    2     0.01% 1.85953e-09 2.36111e-05 0.00000e+00 2.36129e-05   1 /mptdc_top_asic/u_core_u_rst_status_sync               
---------------------------------------------------------------------------------------------------------------------------
