============================================================
  Generated by:           Genus(TM) Synthesis Solution 22.13-s093_1
  Generated on:           Jun 02 2026  10:48:52 am
  Module:                 mptdc_top_asic
  Operating conditions:   slow_1_62V_125C 
  Interconnect mode:      global
  Area mode:              physical library
============================================================


Path 1: VIOLATED (-1999 ps) Setup Check with Pin u_core_gen_pd_row[7].gen_pd_col[7].u_pd/nfast_hit_latched_reg[0]/C->D
           View: wc_view
          Group: clk_osc_fast_tap7
     Startpoint: (R) u_core_gen_pd_row[7].gen_pd_col[7].u_pd/hit_latched_reg/C
          Clock: (R) clk_osc_fast_tap7
       Endpoint: (F) u_core_gen_pd_row[7].gen_pd_col[7].u_pd/nfast_hit_latched_reg[0]/D
          Clock: (R) clk_osc_fast_tap7

                     Capture       Launch     
        Clock Edge:+    1250          350     
       Src Latency:+       0            0     
       Net Latency:+       0 (I)        0 (I) 
           Arrival:=    1250          350     
                                              
             Setup:-     641                  
       Uncertainty:-      50                  
     Required Time:=     559                  
      Launch Clock:-     350                  
         Data Path:-    2208                  
             Slack:=   -1999                  

#-------------------------------------------------------------------------------------------------------------------------------------------
#                           Timing Point                             Flags   Arc   Edge   Cell     Fanout Load Trans Delay Arrival Instance 
#                                                                                                         (fF)  (ps)  (ps)   (ps)  Location 
#-------------------------------------------------------------------------------------------------------------------------------------------
  u_core_gen_pd_row[7].gen_pd_col[7].u_pd/hit_latched_reg/C          -       -     R     (arrival)     87    -   150     0     350    (-,-) 
  u_core_gen_pd_row[7].gen_pd_col[7].u_pd/hit_latched_reg/Q          -       C->Q  R     DFRRQHDX1      2 32.2   364  1013    1363    (-,-) 
  u_core_gen_pd_row[7].gen_pd_col[7].u_pd/g1040/Q                    -       AN->Q R     NA2I1HDX4      8 82.1   396   488    1852    (-,-) 
  u_core_gen_pd_row[7].gen_pd_col[7].u_pd/g1075/Q                    -       AN->Q R     NA2I1HDX1      1 14.2   309   427    2279    (-,-) 
  u_core_gen_pd_row[7].gen_pd_col[7].u_pd/g1025/Q                    -       C->Q  F     ON21HDX1       1 12.3   211   279    2558    (-,-) 
  u_core_gen_pd_row[7].gen_pd_col[7].u_pd/nfast_hit_latched_reg[0]/D -       -     F     DFRRHDX2       1    -     -     0    2558    (-,-) 
#-------------------------------------------------------------------------------------------------------------------------------------------



Path 2: VIOLATED (-1999 ps) Setup Check with Pin u_core_gen_pd_row[7].gen_pd_col[6].u_pd/nfast_hit_latched_reg[0]/C->D
           View: wc_view
          Group: clk_osc_fast_tap6
     Startpoint: (R) u_core_gen_pd_row[7].gen_pd_col[6].u_pd/hit_latched_reg/C
          Clock: (R) clk_osc_fast_tap6
       Endpoint: (F) u_core_gen_pd_row[7].gen_pd_col[6].u_pd/nfast_hit_latched_reg[0]/D
          Clock: (R) clk_osc_fast_tap6

                     Capture       Launch     
        Clock Edge:+    1200          300     
       Src Latency:+       0            0     
       Net Latency:+       0 (I)        0 (I) 
           Arrival:=    1200          300     
                                              
             Setup:-     641                  
       Uncertainty:-      50                  
     Required Time:=     509                  
      Launch Clock:-     300                  
         Data Path:-    2208                  
             Slack:=   -1999                  

#-------------------------------------------------------------------------------------------------------------------------------------------
#                           Timing Point                             Flags   Arc   Edge   Cell     Fanout Load Trans Delay Arrival Instance 
#                                                                                                         (fF)  (ps)  (ps)   (ps)  Location 
#-------------------------------------------------------------------------------------------------------------------------------------------
  u_core_gen_pd_row[7].gen_pd_col[6].u_pd/hit_latched_reg/C          -       -     R     (arrival)     87    -   150     0     300    (-,-) 
  u_core_gen_pd_row[7].gen_pd_col[6].u_pd/hit_latched_reg/Q          -       C->Q  R     DFRRQHDX1      2 32.2   364  1013    1313    (-,-) 
  u_core_gen_pd_row[7].gen_pd_col[6].u_pd/g1040/Q                    -       AN->Q R     NA2I1HDX4      8 82.1   396   488    1802    (-,-) 
  u_core_gen_pd_row[7].gen_pd_col[6].u_pd/g1075/Q                    -       AN->Q R     NA2I1HDX1      1 14.2   309   427    2229    (-,-) 
  u_core_gen_pd_row[7].gen_pd_col[6].u_pd/g1025/Q                    -       C->Q  F     ON21HDX1       1 12.3   211   279    2508    (-,-) 
  u_core_gen_pd_row[7].gen_pd_col[6].u_pd/nfast_hit_latched_reg[0]/D -       -     F     DFRRHDX2       1    -     -     0    2508    (-,-) 
#-------------------------------------------------------------------------------------------------------------------------------------------



Path 3: VIOLATED (-1999 ps) Setup Check with Pin u_core_gen_pd_row[7].gen_pd_col[5].u_pd/nfast_hit_latched_reg[0]/C->D
           View: wc_view
          Group: clk_osc_fast_tap5
     Startpoint: (R) u_core_gen_pd_row[7].gen_pd_col[5].u_pd/hit_latched_reg/C
          Clock: (R) clk_osc_fast_tap5
       Endpoint: (F) u_core_gen_pd_row[7].gen_pd_col[5].u_pd/nfast_hit_latched_reg[0]/D
          Clock: (R) clk_osc_fast_tap5

                     Capture       Launch     
        Clock Edge:+    1150          250     
       Src Latency:+       0            0     
       Net Latency:+       0 (I)        0 (I) 
           Arrival:=    1150          250     
                                              
             Setup:-     641                  
       Uncertainty:-      50                  
     Required Time:=     459                  
      Launch Clock:-     250                  
         Data Path:-    2208                  
             Slack:=   -1999                  

#-------------------------------------------------------------------------------------------------------------------------------------------
#                           Timing Point                             Flags   Arc   Edge   Cell     Fanout Load Trans Delay Arrival Instance 
#                                                                                                         (fF)  (ps)  (ps)   (ps)  Location 
#-------------------------------------------------------------------------------------------------------------------------------------------
  u_core_gen_pd_row[7].gen_pd_col[5].u_pd/hit_latched_reg/C          -       -     R     (arrival)     87    -   150     0     250    (-,-) 
  u_core_gen_pd_row[7].gen_pd_col[5].u_pd/hit_latched_reg/Q          -       C->Q  R     DFRRQHDX1      2 32.2   364  1013    1263    (-,-) 
  u_core_gen_pd_row[7].gen_pd_col[5].u_pd/g1040/Q                    -       AN->Q R     NA2I1HDX4      8 82.1   396   488    1752    (-,-) 
  u_core_gen_pd_row[7].gen_pd_col[5].u_pd/g1075/Q                    -       AN->Q R     NA2I1HDX1      1 14.2   309   427    2179    (-,-) 
  u_core_gen_pd_row[7].gen_pd_col[5].u_pd/g1025/Q                    -       C->Q  F     ON21HDX1       1 12.3   211   279    2458    (-,-) 
  u_core_gen_pd_row[7].gen_pd_col[5].u_pd/nfast_hit_latched_reg[0]/D -       -     F     DFRRHDX2       1    -     -     0    2458    (-,-) 
#-------------------------------------------------------------------------------------------------------------------------------------------



Path 4: VIOLATED (-1999 ps) Setup Check with Pin u_core_gen_pd_row[7].gen_pd_col[4].u_pd/nfast_hit_latched_reg[0]/C->D
           View: wc_view
          Group: clk_osc_fast_tap4
     Startpoint: (R) u_core_gen_pd_row[7].gen_pd_col[4].u_pd/hit_latched_reg/C
          Clock: (R) clk_osc_fast_tap4
       Endpoint: (F) u_core_gen_pd_row[7].gen_pd_col[4].u_pd/nfast_hit_latched_reg[0]/D
          Clock: (R) clk_osc_fast_tap4

                     Capture       Launch     
        Clock Edge:+    1100          200     
       Src Latency:+       0            0     
       Net Latency:+       0 (I)        0 (I) 
           Arrival:=    1100          200     
                                              
             Setup:-     641                  
       Uncertainty:-      50                  
     Required Time:=     409                  
      Launch Clock:-     200                  
         Data Path:-    2208                  
             Slack:=   -1999                  

#-------------------------------------------------------------------------------------------------------------------------------------------
#                           Timing Point                             Flags   Arc   Edge   Cell     Fanout Load Trans Delay Arrival Instance 
#                                                                                                         (fF)  (ps)  (ps)   (ps)  Location 
#-------------------------------------------------------------------------------------------------------------------------------------------
  u_core_gen_pd_row[7].gen_pd_col[4].u_pd/hit_latched_reg/C          -       -     R     (arrival)     87    -   150     0     200    (-,-) 
  u_core_gen_pd_row[7].gen_pd_col[4].u_pd/hit_latched_reg/Q          -       C->Q  R     DFRRQHDX1      2 32.2   364  1013    1213    (-,-) 
  u_core_gen_pd_row[7].gen_pd_col[4].u_pd/g1040/Q                    -       AN->Q R     NA2I1HDX4      8 82.1   396   488    1702    (-,-) 
  u_core_gen_pd_row[7].gen_pd_col[4].u_pd/g1075/Q                    -       AN->Q R     NA2I1HDX1      1 14.2   309   427    2129    (-,-) 
  u_core_gen_pd_row[7].gen_pd_col[4].u_pd/g1025/Q                    -       C->Q  F     ON21HDX1       1 12.3   211   279    2408    (-,-) 
  u_core_gen_pd_row[7].gen_pd_col[4].u_pd/nfast_hit_latched_reg[0]/D -       -     F     DFRRHDX2       1    -     -     0    2408    (-,-) 
#-------------------------------------------------------------------------------------------------------------------------------------------



Path 5: VIOLATED (-1999 ps) Setup Check with Pin u_core_gen_pd_row[7].gen_pd_col[3].u_pd/nfast_hit_latched_reg[0]/C->D
           View: wc_view
          Group: clk_osc_fast_tap3
     Startpoint: (R) u_core_gen_pd_row[7].gen_pd_col[3].u_pd/hit_latched_reg/C
          Clock: (R) clk_osc_fast_tap3
       Endpoint: (F) u_core_gen_pd_row[7].gen_pd_col[3].u_pd/nfast_hit_latched_reg[0]/D
          Clock: (R) clk_osc_fast_tap3

                     Capture       Launch     
        Clock Edge:+    1050          150     
       Src Latency:+       0            0     
       Net Latency:+       0 (I)        0 (I) 
           Arrival:=    1050          150     
                                              
             Setup:-     641                  
       Uncertainty:-      50                  
     Required Time:=     359                  
      Launch Clock:-     150                  
         Data Path:-    2208                  
             Slack:=   -1999                  

#-------------------------------------------------------------------------------------------------------------------------------------------
#                           Timing Point                             Flags   Arc   Edge   Cell     Fanout Load Trans Delay Arrival Instance 
#                                                                                                         (fF)  (ps)  (ps)   (ps)  Location 
#-------------------------------------------------------------------------------------------------------------------------------------------
  u_core_gen_pd_row[7].gen_pd_col[3].u_pd/hit_latched_reg/C          -       -     R     (arrival)     87    -   150     0     150    (-,-) 
  u_core_gen_pd_row[7].gen_pd_col[3].u_pd/hit_latched_reg/Q          -       C->Q  R     DFRRQHDX1      2 32.2   364  1013    1163    (-,-) 
  u_core_gen_pd_row[7].gen_pd_col[3].u_pd/g1040/Q                    -       AN->Q R     NA2I1HDX4      8 82.1   396   488    1652    (-,-) 
  u_core_gen_pd_row[7].gen_pd_col[3].u_pd/g1075/Q                    -       AN->Q R     NA2I1HDX1      1 14.2   309   427    2079    (-,-) 
  u_core_gen_pd_row[7].gen_pd_col[3].u_pd/g1025/Q                    -       C->Q  F     ON21HDX1       1 12.3   211   279    2358    (-,-) 
  u_core_gen_pd_row[7].gen_pd_col[3].u_pd/nfast_hit_latched_reg[0]/D -       -     F     DFRRHDX2       1    -     -     0    2358    (-,-) 
#-------------------------------------------------------------------------------------------------------------------------------------------



Path 6: VIOLATED (-1999 ps) Setup Check with Pin u_core_gen_pd_row[7].gen_pd_col[2].u_pd/nfast_hit_latched_reg[0]/C->D
           View: wc_view
          Group: clk_osc_fast_tap2
     Startpoint: (R) u_core_gen_pd_row[7].gen_pd_col[2].u_pd/hit_latched_reg/C
          Clock: (R) clk_osc_fast_tap2
       Endpoint: (F) u_core_gen_pd_row[7].gen_pd_col[2].u_pd/nfast_hit_latched_reg[0]/D
          Clock: (R) clk_osc_fast_tap2

                     Capture       Launch     
        Clock Edge:+    1000          100     
       Src Latency:+       0            0     
       Net Latency:+       0 (I)        0 (I) 
           Arrival:=    1000          100     
                                              
             Setup:-     641                  
       Uncertainty:-      50                  
     Required Time:=     309                  
      Launch Clock:-     100                  
         Data Path:-    2208                  
             Slack:=   -1999                  

#-------------------------------------------------------------------------------------------------------------------------------------------
#                           Timing Point                             Flags   Arc   Edge   Cell     Fanout Load Trans Delay Arrival Instance 
#                                                                                                         (fF)  (ps)  (ps)   (ps)  Location 
#-------------------------------------------------------------------------------------------------------------------------------------------
  u_core_gen_pd_row[7].gen_pd_col[2].u_pd/hit_latched_reg/C          -       -     R     (arrival)     87    -   150     0     100    (-,-) 
  u_core_gen_pd_row[7].gen_pd_col[2].u_pd/hit_latched_reg/Q          -       C->Q  R     DFRRQHDX1      2 32.2   364  1013    1113    (-,-) 
  u_core_gen_pd_row[7].gen_pd_col[2].u_pd/g1040/Q                    -       AN->Q R     NA2I1HDX4      8 82.1   396   488    1602    (-,-) 
  u_core_gen_pd_row[7].gen_pd_col[2].u_pd/g1075/Q                    -       AN->Q R     NA2I1HDX1      1 14.2   309   427    2029    (-,-) 
  u_core_gen_pd_row[7].gen_pd_col[2].u_pd/g1025/Q                    -       C->Q  F     ON21HDX1       1 12.3   211   279    2308    (-,-) 
  u_core_gen_pd_row[7].gen_pd_col[2].u_pd/nfast_hit_latched_reg[0]/D -       -     F     DFRRHDX2       1    -     -     0    2308    (-,-) 
#-------------------------------------------------------------------------------------------------------------------------------------------



Path 7: VIOLATED (-1999 ps) Setup Check with Pin u_core_gen_pd_row[7].gen_pd_col[1].u_pd/nfast_hit_latched_reg[0]/C->D
           View: wc_view
          Group: clk_osc_fast_tap1
     Startpoint: (R) u_core_gen_pd_row[7].gen_pd_col[1].u_pd/hit_latched_reg/C
          Clock: (R) clk_osc_fast_tap1
       Endpoint: (F) u_core_gen_pd_row[7].gen_pd_col[1].u_pd/nfast_hit_latched_reg[0]/D
          Clock: (R) clk_osc_fast_tap1

                     Capture       Launch     
        Clock Edge:+     950           50     
       Src Latency:+       0            0     
       Net Latency:+       0 (I)        0 (I) 
           Arrival:=     950           50     
                                              
             Setup:-     641                  
       Uncertainty:-      50                  
     Required Time:=     259                  
      Launch Clock:-      50                  
         Data Path:-    2208                  
             Slack:=   -1999                  

#-------------------------------------------------------------------------------------------------------------------------------------------
#                           Timing Point                             Flags   Arc   Edge   Cell     Fanout Load Trans Delay Arrival Instance 
#                                                                                                         (fF)  (ps)  (ps)   (ps)  Location 
#-------------------------------------------------------------------------------------------------------------------------------------------
  u_core_gen_pd_row[7].gen_pd_col[1].u_pd/hit_latched_reg/C          -       -     R     (arrival)     87    -   150     0      50    (-,-) 
  u_core_gen_pd_row[7].gen_pd_col[1].u_pd/hit_latched_reg/Q          -       C->Q  R     DFRRQHDX1      2 32.2   364  1013    1063    (-,-) 
  u_core_gen_pd_row[7].gen_pd_col[1].u_pd/g1040/Q                    -       AN->Q R     NA2I1HDX4      8 82.1   396   488    1552    (-,-) 
  u_core_gen_pd_row[7].gen_pd_col[1].u_pd/g1075/Q                    -       AN->Q R     NA2I1HDX1      1 14.2   309   427    1979    (-,-) 
  u_core_gen_pd_row[7].gen_pd_col[1].u_pd/g1025/Q                    -       C->Q  F     ON21HDX1       1 12.3   211   279    2258    (-,-) 
  u_core_gen_pd_row[7].gen_pd_col[1].u_pd/nfast_hit_latched_reg[0]/D -       -     F     DFRRHDX2       1    -     -     0    2258    (-,-) 
#-------------------------------------------------------------------------------------------------------------------------------------------



Path 8: VIOLATED (-1999 ps) Setup Check with Pin u_core_gen_pd_row[6].gen_pd_col[7].u_pd/nfast_hit_latched_reg[0]/C->D
           View: wc_view
          Group: clk_osc_fast_tap7
     Startpoint: (R) u_core_gen_pd_row[6].gen_pd_col[7].u_pd/hit_latched_reg/C
          Clock: (R) clk_osc_fast_tap7
       Endpoint: (F) u_core_gen_pd_row[6].gen_pd_col[7].u_pd/nfast_hit_latched_reg[0]/D
          Clock: (R) clk_osc_fast_tap7

                     Capture       Launch     
        Clock Edge:+    1250          350     
       Src Latency:+       0            0     
       Net Latency:+       0 (I)        0 (I) 
           Arrival:=    1250          350     
                                              
             Setup:-     641                  
       Uncertainty:-      50                  
     Required Time:=     559                  
      Launch Clock:-     350                  
         Data Path:-    2208                  
             Slack:=   -1999                  

#-------------------------------------------------------------------------------------------------------------------------------------------
#                           Timing Point                             Flags   Arc   Edge   Cell     Fanout Load Trans Delay Arrival Instance 
#                                                                                                         (fF)  (ps)  (ps)   (ps)  Location 
#-------------------------------------------------------------------------------------------------------------------------------------------
  u_core_gen_pd_row[6].gen_pd_col[7].u_pd/hit_latched_reg/C          -       -     R     (arrival)     87    -   150     0     350    (-,-) 
  u_core_gen_pd_row[6].gen_pd_col[7].u_pd/hit_latched_reg/Q          -       C->Q  R     DFRRQHDX1      2 32.2   364  1013    1363    (-,-) 
  u_core_gen_pd_row[6].gen_pd_col[7].u_pd/g1040/Q                    -       AN->Q R     NA2I1HDX4      8 82.1   396   488    1852    (-,-) 
  u_core_gen_pd_row[6].gen_pd_col[7].u_pd/g1075/Q                    -       AN->Q R     NA2I1HDX1      1 14.2   309   427    2279    (-,-) 
  u_core_gen_pd_row[6].gen_pd_col[7].u_pd/g1025/Q                    -       C->Q  F     ON21HDX1       1 12.3   211   279    2558    (-,-) 
  u_core_gen_pd_row[6].gen_pd_col[7].u_pd/nfast_hit_latched_reg[0]/D -       -     F     DFRRHDX2       1    -     -     0    2558    (-,-) 
#-------------------------------------------------------------------------------------------------------------------------------------------



Path 9: VIOLATED (-1999 ps) Setup Check with Pin u_core_gen_pd_row[6].gen_pd_col[6].u_pd/nfast_hit_latched_reg[0]/C->D
           View: wc_view
          Group: clk_osc_fast_tap6
     Startpoint: (R) u_core_gen_pd_row[6].gen_pd_col[6].u_pd/hit_latched_reg/C
          Clock: (R) clk_osc_fast_tap6
       Endpoint: (F) u_core_gen_pd_row[6].gen_pd_col[6].u_pd/nfast_hit_latched_reg[0]/D
          Clock: (R) clk_osc_fast_tap6

                     Capture       Launch     
        Clock Edge:+    1200          300     
       Src Latency:+       0            0     
       Net Latency:+       0 (I)        0 (I) 
           Arrival:=    1200          300     
                                              
             Setup:-     641                  
       Uncertainty:-      50                  
     Required Time:=     509                  
      Launch Clock:-     300                  
         Data Path:-    2208                  
             Slack:=   -1999                  

#-------------------------------------------------------------------------------------------------------------------------------------------
#                           Timing Point                             Flags   Arc   Edge   Cell     Fanout Load Trans Delay Arrival Instance 
#                                                                                                         (fF)  (ps)  (ps)   (ps)  Location 
#-------------------------------------------------------------------------------------------------------------------------------------------
  u_core_gen_pd_row[6].gen_pd_col[6].u_pd/hit_latched_reg/C          -       -     R     (arrival)     87    -   150     0     300    (-,-) 
  u_core_gen_pd_row[6].gen_pd_col[6].u_pd/hit_latched_reg/Q          -       C->Q  R     DFRRQHDX1      2 32.2   364  1013    1313    (-,-) 
  u_core_gen_pd_row[6].gen_pd_col[6].u_pd/g1040/Q                    -       AN->Q R     NA2I1HDX4      8 82.1   396   488    1802    (-,-) 
  u_core_gen_pd_row[6].gen_pd_col[6].u_pd/g1075/Q                    -       AN->Q R     NA2I1HDX1      1 14.2   309   427    2229    (-,-) 
  u_core_gen_pd_row[6].gen_pd_col[6].u_pd/g1025/Q                    -       C->Q  F     ON21HDX1       1 12.3   211   279    2508    (-,-) 
  u_core_gen_pd_row[6].gen_pd_col[6].u_pd/nfast_hit_latched_reg[0]/D -       -     F     DFRRHDX2       1    -     -     0    2508    (-,-) 
#-------------------------------------------------------------------------------------------------------------------------------------------



Path 10: VIOLATED (-1999 ps) Setup Check with Pin u_core_gen_pd_row[6].gen_pd_col[5].u_pd/nfast_hit_latched_reg[0]/C->D
           View: wc_view
          Group: clk_osc_fast_tap5
     Startpoint: (R) u_core_gen_pd_row[6].gen_pd_col[5].u_pd/hit_latched_reg/C
          Clock: (R) clk_osc_fast_tap5
       Endpoint: (F) u_core_gen_pd_row[6].gen_pd_col[5].u_pd/nfast_hit_latched_reg[0]/D
          Clock: (R) clk_osc_fast_tap5

                     Capture       Launch     
        Clock Edge:+    1150          250     
       Src Latency:+       0            0     
       Net Latency:+       0 (I)        0 (I) 
           Arrival:=    1150          250     
                                              
             Setup:-     641                  
       Uncertainty:-      50                  
     Required Time:=     459                  
      Launch Clock:-     250                  
         Data Path:-    2208                  
             Slack:=   -1999                  

#-------------------------------------------------------------------------------------------------------------------------------------------
#                           Timing Point                             Flags   Arc   Edge   Cell     Fanout Load Trans Delay Arrival Instance 
#                                                                                                         (fF)  (ps)  (ps)   (ps)  Location 
#-------------------------------------------------------------------------------------------------------------------------------------------
  u_core_gen_pd_row[6].gen_pd_col[5].u_pd/hit_latched_reg/C          -       -     R     (arrival)     87    -   150     0     250    (-,-) 
  u_core_gen_pd_row[6].gen_pd_col[5].u_pd/hit_latched_reg/Q          -       C->Q  R     DFRRQHDX1      2 32.2   364  1013    1263    (-,-) 
  u_core_gen_pd_row[6].gen_pd_col[5].u_pd/g1040/Q                    -       AN->Q R     NA2I1HDX4      8 82.1   396   488    1752    (-,-) 
  u_core_gen_pd_row[6].gen_pd_col[5].u_pd/g1075/Q                    -       AN->Q R     NA2I1HDX1      1 14.2   309   427    2179    (-,-) 
  u_core_gen_pd_row[6].gen_pd_col[5].u_pd/g1025/Q                    -       C->Q  F     ON21HDX1       1 12.3   211   279    2458    (-,-) 
  u_core_gen_pd_row[6].gen_pd_col[5].u_pd/nfast_hit_latched_reg[0]/D -       -     F     DFRRHDX2       1    -     -     0    2458    (-,-) 
#-------------------------------------------------------------------------------------------------------------------------------------------



Path 11: VIOLATED (-1999 ps) Setup Check with Pin u_core_gen_pd_row[6].gen_pd_col[4].u_pd/nfast_hit_latched_reg[0]/C->D
           View: wc_view
          Group: clk_osc_fast_tap4
     Startpoint: (R) u_core_gen_pd_row[6].gen_pd_col[4].u_pd/hit_latched_reg/C
          Clock: (R) clk_osc_fast_tap4
       Endpoint: (F) u_core_gen_pd_row[6].gen_pd_col[4].u_pd/nfast_hit_latched_reg[0]/D
          Clock: (R) clk_osc_fast_tap4

                     Capture       Launch     
        Clock Edge:+    1100          200     
       Src Latency:+       0            0     
       Net Latency:+       0 (I)        0 (I) 
           Arrival:=    1100          200     
                                              
             Setup:-     641                  
       Uncertainty:-      50                  
     Required Time:=     409                  
      Launch Clock:-     200                  
         Data Path:-    2208                  
             Slack:=   -1999                  

#-------------------------------------------------------------------------------------------------------------------------------------------
#                           Timing Point                             Flags   Arc   Edge   Cell     Fanout Load Trans Delay Arrival Instance 
#                                                                                                         (fF)  (ps)  (ps)   (ps)  Location 
#-------------------------------------------------------------------------------------------------------------------------------------------
  u_core_gen_pd_row[6].gen_pd_col[4].u_pd/hit_latched_reg/C          -       -     R     (arrival)     87    -   150     0     200    (-,-) 
  u_core_gen_pd_row[6].gen_pd_col[4].u_pd/hit_latched_reg/Q          -       C->Q  R     DFRRQHDX1      2 32.2   364  1013    1213    (-,-) 
  u_core_gen_pd_row[6].gen_pd_col[4].u_pd/g1040/Q                    -       AN->Q R     NA2I1HDX4      8 82.1   396   488    1702    (-,-) 
  u_core_gen_pd_row[6].gen_pd_col[4].u_pd/g1075/Q                    -       AN->Q R     NA2I1HDX1      1 14.2   309   427    2129    (-,-) 
  u_core_gen_pd_row[6].gen_pd_col[4].u_pd/g1025/Q                    -       C->Q  F     ON21HDX1       1 12.3   211   279    2408    (-,-) 
  u_core_gen_pd_row[6].gen_pd_col[4].u_pd/nfast_hit_latched_reg[0]/D -       -     F     DFRRHDX2       1    -     -     0    2408    (-,-) 
#-------------------------------------------------------------------------------------------------------------------------------------------



Path 12: VIOLATED (-1999 ps) Setup Check with Pin u_core_gen_pd_row[6].gen_pd_col[3].u_pd/nfast_hit_latched_reg[0]/C->D
           View: wc_view
          Group: clk_osc_fast_tap3
     Startpoint: (R) u_core_gen_pd_row[6].gen_pd_col[3].u_pd/hit_latched_reg/C
          Clock: (R) clk_osc_fast_tap3
       Endpoint: (F) u_core_gen_pd_row[6].gen_pd_col[3].u_pd/nfast_hit_latched_reg[0]/D
          Clock: (R) clk_osc_fast_tap3

                     Capture       Launch     
        Clock Edge:+    1050          150     
       Src Latency:+       0            0     
       Net Latency:+       0 (I)        0 (I) 
           Arrival:=    1050          150     
                                              
             Setup:-     641                  
       Uncertainty:-      50                  
     Required Time:=     359                  
      Launch Clock:-     150                  
         Data Path:-    2208                  
             Slack:=   -1999                  

#-------------------------------------------------------------------------------------------------------------------------------------------
#                           Timing Point                             Flags   Arc   Edge   Cell     Fanout Load Trans Delay Arrival Instance 
#                                                                                                         (fF)  (ps)  (ps)   (ps)  Location 
#-------------------------------------------------------------------------------------------------------------------------------------------
  u_core_gen_pd_row[6].gen_pd_col[3].u_pd/hit_latched_reg/C          -       -     R     (arrival)     87    -   150     0     150    (-,-) 
  u_core_gen_pd_row[6].gen_pd_col[3].u_pd/hit_latched_reg/Q          -       C->Q  R     DFRRQHDX1      2 32.2   364  1013    1163    (-,-) 
  u_core_gen_pd_row[6].gen_pd_col[3].u_pd/g1040/Q                    -       AN->Q R     NA2I1HDX4      8 82.1   396   488    1652    (-,-) 
  u_core_gen_pd_row[6].gen_pd_col[3].u_pd/g1075/Q                    -       AN->Q R     NA2I1HDX1      1 14.2   309   427    2079    (-,-) 
  u_core_gen_pd_row[6].gen_pd_col[3].u_pd/g1025/Q                    -       C->Q  F     ON21HDX1       1 12.3   211   279    2358    (-,-) 
  u_core_gen_pd_row[6].gen_pd_col[3].u_pd/nfast_hit_latched_reg[0]/D -       -     F     DFRRHDX2       1    -     -     0    2358    (-,-) 
#-------------------------------------------------------------------------------------------------------------------------------------------



Path 13: VIOLATED (-1999 ps) Setup Check with Pin u_core_gen_pd_row[6].gen_pd_col[2].u_pd/nfast_hit_latched_reg[0]/C->D
           View: wc_view
          Group: clk_osc_fast_tap2
     Startpoint: (R) u_core_gen_pd_row[6].gen_pd_col[2].u_pd/hit_latched_reg/C
          Clock: (R) clk_osc_fast_tap2
       Endpoint: (F) u_core_gen_pd_row[6].gen_pd_col[2].u_pd/nfast_hit_latched_reg[0]/D
          Clock: (R) clk_osc_fast_tap2

                     Capture       Launch     
        Clock Edge:+    1000          100     
       Src Latency:+       0            0     
       Net Latency:+       0 (I)        0 (I) 
           Arrival:=    1000          100     
                                              
             Setup:-     641                  
       Uncertainty:-      50                  
     Required Time:=     309                  
      Launch Clock:-     100                  
         Data Path:-    2208                  
             Slack:=   -1999                  

#-------------------------------------------------------------------------------------------------------------------------------------------
#                           Timing Point                             Flags   Arc   Edge   Cell     Fanout Load Trans Delay Arrival Instance 
#                                                                                                         (fF)  (ps)  (ps)   (ps)  Location 
#-------------------------------------------------------------------------------------------------------------------------------------------
  u_core_gen_pd_row[6].gen_pd_col[2].u_pd/hit_latched_reg/C          -       -     R     (arrival)     87    -   150     0     100    (-,-) 
  u_core_gen_pd_row[6].gen_pd_col[2].u_pd/hit_latched_reg/Q          -       C->Q  R     DFRRQHDX1      2 32.2   364  1013    1113    (-,-) 
  u_core_gen_pd_row[6].gen_pd_col[2].u_pd/g1040/Q                    -       AN->Q R     NA2I1HDX4      8 82.1   396   488    1602    (-,-) 
  u_core_gen_pd_row[6].gen_pd_col[2].u_pd/g1075/Q                    -       AN->Q R     NA2I1HDX1      1 14.2   309   427    2029    (-,-) 
  u_core_gen_pd_row[6].gen_pd_col[2].u_pd/g1025/Q                    -       C->Q  F     ON21HDX1       1 12.3   211   279    2308    (-,-) 
  u_core_gen_pd_row[6].gen_pd_col[2].u_pd/nfast_hit_latched_reg[0]/D -       -     F     DFRRHDX2       1    -     -     0    2308    (-,-) 
#-------------------------------------------------------------------------------------------------------------------------------------------



Path 14: VIOLATED (-1999 ps) Setup Check with Pin u_core_gen_pd_row[6].gen_pd_col[1].u_pd/nfast_hit_latched_reg[0]/C->D
           View: wc_view
          Group: clk_osc_fast_tap1
     Startpoint: (R) u_core_gen_pd_row[6].gen_pd_col[1].u_pd/hit_latched_reg/C
          Clock: (R) clk_osc_fast_tap1
       Endpoint: (F) u_core_gen_pd_row[6].gen_pd_col[1].u_pd/nfast_hit_latched_reg[0]/D
          Clock: (R) clk_osc_fast_tap1

                     Capture       Launch     
        Clock Edge:+     950           50     
       Src Latency:+       0            0     
       Net Latency:+       0 (I)        0 (I) 
           Arrival:=     950           50     
                                              
             Setup:-     641                  
       Uncertainty:-      50                  
     Required Time:=     259                  
      Launch Clock:-      50                  
         Data Path:-    2208                  
             Slack:=   -1999                  

#-------------------------------------------------------------------------------------------------------------------------------------------
#                           Timing Point                             Flags   Arc   Edge   Cell     Fanout Load Trans Delay Arrival Instance 
#                                                                                                         (fF)  (ps)  (ps)   (ps)  Location 
#-------------------------------------------------------------------------------------------------------------------------------------------
  u_core_gen_pd_row[6].gen_pd_col[1].u_pd/hit_latched_reg/C          -       -     R     (arrival)     87    -   150     0      50    (-,-) 
  u_core_gen_pd_row[6].gen_pd_col[1].u_pd/hit_latched_reg/Q          -       C->Q  R     DFRRQHDX1      2 32.2   364  1013    1063    (-,-) 
  u_core_gen_pd_row[6].gen_pd_col[1].u_pd/g1040/Q                    -       AN->Q R     NA2I1HDX4      8 82.1   396   488    1552    (-,-) 
  u_core_gen_pd_row[6].gen_pd_col[1].u_pd/g1075/Q                    -       AN->Q R     NA2I1HDX1      1 14.2   309   427    1979    (-,-) 
  u_core_gen_pd_row[6].gen_pd_col[1].u_pd/g1025/Q                    -       C->Q  F     ON21HDX1       1 12.3   211   279    2258    (-,-) 
  u_core_gen_pd_row[6].gen_pd_col[1].u_pd/nfast_hit_latched_reg[0]/D -       -     F     DFRRHDX2       1    -     -     0    2258    (-,-) 
#-------------------------------------------------------------------------------------------------------------------------------------------



Path 15: VIOLATED (-1999 ps) Setup Check with Pin u_core_gen_pd_row[5].gen_pd_col[7].u_pd/nfast_hit_latched_reg[0]/C->D
           View: wc_view
          Group: clk_osc_fast_tap7
     Startpoint: (R) u_core_gen_pd_row[5].gen_pd_col[7].u_pd/hit_latched_reg/C
          Clock: (R) clk_osc_fast_tap7
       Endpoint: (F) u_core_gen_pd_row[5].gen_pd_col[7].u_pd/nfast_hit_latched_reg[0]/D
          Clock: (R) clk_osc_fast_tap7

                     Capture       Launch     
        Clock Edge:+    1250          350     
       Src Latency:+       0            0     
       Net Latency:+       0 (I)        0 (I) 
           Arrival:=    1250          350     
                                              
             Setup:-     641                  
       Uncertainty:-      50                  
     Required Time:=     559                  
      Launch Clock:-     350                  
         Data Path:-    2208                  
             Slack:=   -1999                  

#-------------------------------------------------------------------------------------------------------------------------------------------
#                           Timing Point                             Flags   Arc   Edge   Cell     Fanout Load Trans Delay Arrival Instance 
#                                                                                                         (fF)  (ps)  (ps)   (ps)  Location 
#-------------------------------------------------------------------------------------------------------------------------------------------
  u_core_gen_pd_row[5].gen_pd_col[7].u_pd/hit_latched_reg/C          -       -     R     (arrival)     87    -   150     0     350    (-,-) 
  u_core_gen_pd_row[5].gen_pd_col[7].u_pd/hit_latched_reg/Q          -       C->Q  R     DFRRQHDX1      2 32.2   364  1013    1363    (-,-) 
  u_core_gen_pd_row[5].gen_pd_col[7].u_pd/g1040/Q                    -       AN->Q R     NA2I1HDX4      8 82.1   396   488    1852    (-,-) 
  u_core_gen_pd_row[5].gen_pd_col[7].u_pd/g1075/Q                    -       AN->Q R     NA2I1HDX1      1 14.2   309   427    2279    (-,-) 
  u_core_gen_pd_row[5].gen_pd_col[7].u_pd/g1025/Q                    -       C->Q  F     ON21HDX1       1 12.3   211   279    2558    (-,-) 
  u_core_gen_pd_row[5].gen_pd_col[7].u_pd/nfast_hit_latched_reg[0]/D -       -     F     DFRRHDX2       1    -     -     0    2558    (-,-) 
#-------------------------------------------------------------------------------------------------------------------------------------------



Path 16: VIOLATED (-1999 ps) Setup Check with Pin u_core_gen_pd_row[5].gen_pd_col[6].u_pd/nfast_hit_latched_reg[0]/C->D
           View: wc_view
          Group: clk_osc_fast_tap6
     Startpoint: (R) u_core_gen_pd_row[5].gen_pd_col[6].u_pd/hit_latched_reg/C
          Clock: (R) clk_osc_fast_tap6
       Endpoint: (F) u_core_gen_pd_row[5].gen_pd_col[6].u_pd/nfast_hit_latched_reg[0]/D
          Clock: (R) clk_osc_fast_tap6

                     Capture       Launch     
        Clock Edge:+    1200          300     
       Src Latency:+       0            0     
       Net Latency:+       0 (I)        0 (I) 
           Arrival:=    1200          300     
                                              
             Setup:-     641                  
       Uncertainty:-      50                  
     Required Time:=     509                  
      Launch Clock:-     300                  
         Data Path:-    2208                  
             Slack:=   -1999                  

#-------------------------------------------------------------------------------------------------------------------------------------------
#                           Timing Point                             Flags   Arc   Edge   Cell     Fanout Load Trans Delay Arrival Instance 
#                                                                                                         (fF)  (ps)  (ps)   (ps)  Location 
#-------------------------------------------------------------------------------------------------------------------------------------------
  u_core_gen_pd_row[5].gen_pd_col[6].u_pd/hit_latched_reg/C          -       -     R     (arrival)     87    -   150     0     300    (-,-) 
  u_core_gen_pd_row[5].gen_pd_col[6].u_pd/hit_latched_reg/Q          -       C->Q  R     DFRRQHDX1      2 32.2   364  1013    1313    (-,-) 
  u_core_gen_pd_row[5].gen_pd_col[6].u_pd/g1040__5115/Q              -       AN->Q R     NA2I1HDX4      8 82.1   396   488    1802    (-,-) 
  u_core_gen_pd_row[5].gen_pd_col[6].u_pd/g1075/Q                    -       AN->Q R     NA2I1HDX1      1 14.2   309   427    2229    (-,-) 
  u_core_gen_pd_row[5].gen_pd_col[6].u_pd/g1025__2802/Q              -       C->Q  F     ON21HDX1       1 12.3   211   279    2508    (-,-) 
  u_core_gen_pd_row[5].gen_pd_col[6].u_pd/nfast_hit_latched_reg[0]/D -       -     F     DFRRHDX2       1    -     -     0    2508    (-,-) 
#-------------------------------------------------------------------------------------------------------------------------------------------



Path 17: VIOLATED (-1999 ps) Setup Check with Pin u_core_gen_pd_row[5].gen_pd_col[5].u_pd/nfast_hit_latched_reg[0]/C->D
           View: wc_view
          Group: clk_osc_fast_tap5
     Startpoint: (R) u_core_gen_pd_row[5].gen_pd_col[5].u_pd/hit_latched_reg/C
          Clock: (R) clk_osc_fast_tap5
       Endpoint: (F) u_core_gen_pd_row[5].gen_pd_col[5].u_pd/nfast_hit_latched_reg[0]/D
          Clock: (R) clk_osc_fast_tap5

                     Capture       Launch     
        Clock Edge:+    1150          250     
       Src Latency:+       0            0     
       Net Latency:+       0 (I)        0 (I) 
           Arrival:=    1150          250     
                                              
             Setup:-     641                  
       Uncertainty:-      50                  
     Required Time:=     459                  
      Launch Clock:-     250                  
         Data Path:-    2208                  
             Slack:=   -1999                  

#-------------------------------------------------------------------------------------------------------------------------------------------
#                           Timing Point                             Flags   Arc   Edge   Cell     Fanout Load Trans Delay Arrival Instance 
#                                                                                                         (fF)  (ps)  (ps)   (ps)  Location 
#-------------------------------------------------------------------------------------------------------------------------------------------
  u_core_gen_pd_row[5].gen_pd_col[5].u_pd/hit_latched_reg/C          -       -     R     (arrival)     87    -   150     0     250    (-,-) 
  u_core_gen_pd_row[5].gen_pd_col[5].u_pd/hit_latched_reg/Q          -       C->Q  R     DFRRQHDX1      2 32.2   364  1013    1263    (-,-) 
  u_core_gen_pd_row[5].gen_pd_col[5].u_pd/g1040__2346/Q              -       AN->Q R     NA2I1HDX4      8 82.1   396   488    1752    (-,-) 
  u_core_gen_pd_row[5].gen_pd_col[5].u_pd/g1075__5107/Q              -       AN->Q R     NA2I1HDX1      1 14.2   309   427    2179    (-,-) 
  u_core_gen_pd_row[5].gen_pd_col[5].u_pd/g1025__5115/Q              -       C->Q  F     ON21HDX1       1 12.3   211   279    2458    (-,-) 
  u_core_gen_pd_row[5].gen_pd_col[5].u_pd/nfast_hit_latched_reg[0]/D -       -     F     DFRRHDX2       1    -     -     0    2458    (-,-) 
#-------------------------------------------------------------------------------------------------------------------------------------------



Path 18: VIOLATED (-1999 ps) Setup Check with Pin u_core_gen_pd_row[5].gen_pd_col[4].u_pd/nfast_hit_latched_reg[0]/C->D
           View: wc_view
          Group: clk_osc_fast_tap4
     Startpoint: (R) u_core_gen_pd_row[5].gen_pd_col[4].u_pd/hit_latched_reg/C
          Clock: (R) clk_osc_fast_tap4
       Endpoint: (F) u_core_gen_pd_row[5].gen_pd_col[4].u_pd/nfast_hit_latched_reg[0]/D
          Clock: (R) clk_osc_fast_tap4

                     Capture       Launch     
        Clock Edge:+    1100          200     
       Src Latency:+       0            0     
       Net Latency:+       0 (I)        0 (I) 
           Arrival:=    1100          200     
                                              
             Setup:-     641                  
       Uncertainty:-      50                  
     Required Time:=     409                  
      Launch Clock:-     200                  
         Data Path:-    2208                  
             Slack:=   -1999                  

#-------------------------------------------------------------------------------------------------------------------------------------------
#                           Timing Point                             Flags   Arc   Edge   Cell     Fanout Load Trans Delay Arrival Instance 
#                                                                                                         (fF)  (ps)  (ps)   (ps)  Location 
#-------------------------------------------------------------------------------------------------------------------------------------------
  u_core_gen_pd_row[5].gen_pd_col[4].u_pd/hit_latched_reg/C          -       -     R     (arrival)     87    -   150     0     200    (-,-) 
  u_core_gen_pd_row[5].gen_pd_col[4].u_pd/hit_latched_reg/Q          -       C->Q  R     DFRRQHDX1      2 32.2   364  1013    1213    (-,-) 
  u_core_gen_pd_row[5].gen_pd_col[4].u_pd/g1040__6260/Q              -       AN->Q R     NA2I1HDX4      8 82.1   396   488    1702    (-,-) 
  u_core_gen_pd_row[5].gen_pd_col[4].u_pd/g1075__1617/Q              -       AN->Q R     NA2I1HDX1      1 14.2   309   427    2129    (-,-) 
  u_core_gen_pd_row[5].gen_pd_col[4].u_pd/g1025__2346/Q              -       C->Q  F     ON21HDX1       1 12.3   211   279    2408    (-,-) 
  u_core_gen_pd_row[5].gen_pd_col[4].u_pd/nfast_hit_latched_reg[0]/D -       -     F     DFRRHDX2       1    -     -     0    2408    (-,-) 
#-------------------------------------------------------------------------------------------------------------------------------------------



Path 19: VIOLATED (-1999 ps) Setup Check with Pin u_core_gen_pd_row[5].gen_pd_col[3].u_pd/nfast_hit_latched_reg[0]/C->D
           View: wc_view
          Group: clk_osc_fast_tap3
     Startpoint: (R) u_core_gen_pd_row[5].gen_pd_col[3].u_pd/hit_latched_reg/C
          Clock: (R) clk_osc_fast_tap3
       Endpoint: (F) u_core_gen_pd_row[5].gen_pd_col[3].u_pd/nfast_hit_latched_reg[0]/D
          Clock: (R) clk_osc_fast_tap3

                     Capture       Launch     
        Clock Edge:+    1050          150     
       Src Latency:+       0            0     
       Net Latency:+       0 (I)        0 (I) 
           Arrival:=    1050          150     
                                              
             Setup:-     641                  
       Uncertainty:-      50                  
     Required Time:=     359                  
      Launch Clock:-     150                  
         Data Path:-    2208                  
             Slack:=   -1999                  

#-------------------------------------------------------------------------------------------------------------------------------------------
#                           Timing Point                             Flags   Arc   Edge   Cell     Fanout Load Trans Delay Arrival Instance 
#                                                                                                         (fF)  (ps)  (ps)   (ps)  Location 
#-------------------------------------------------------------------------------------------------------------------------------------------
  u_core_gen_pd_row[5].gen_pd_col[3].u_pd/hit_latched_reg/C          -       -     R     (arrival)     87    -   150     0     150    (-,-) 
  u_core_gen_pd_row[5].gen_pd_col[3].u_pd/hit_latched_reg/Q          -       C->Q  R     DFRRQHDX1      2 32.2   364  1013    1163    (-,-) 
  u_core_gen_pd_row[5].gen_pd_col[3].u_pd/g1040__2802/Q              -       AN->Q R     NA2I1HDX4      8 82.1   396   488    1652    (-,-) 
  u_core_gen_pd_row[5].gen_pd_col[3].u_pd/g1075__1881/Q              -       AN->Q R     NA2I1HDX1      1 14.2   309   427    2079    (-,-) 
  u_core_gen_pd_row[5].gen_pd_col[3].u_pd/g1025__6260/Q              -       C->Q  F     ON21HDX1       1 12.3   211   279    2358    (-,-) 
  u_core_gen_pd_row[5].gen_pd_col[3].u_pd/nfast_hit_latched_reg[0]/D -       -     F     DFRRHDX2       1    -     -     0    2358    (-,-) 
#-------------------------------------------------------------------------------------------------------------------------------------------



Path 20: VIOLATED (-1999 ps) Setup Check with Pin u_core_gen_pd_row[5].gen_pd_col[2].u_pd/nfast_hit_latched_reg[0]/C->D
           View: wc_view
          Group: clk_osc_fast_tap2
     Startpoint: (R) u_core_gen_pd_row[5].gen_pd_col[2].u_pd/hit_latched_reg/C
          Clock: (R) clk_osc_fast_tap2
       Endpoint: (F) u_core_gen_pd_row[5].gen_pd_col[2].u_pd/nfast_hit_latched_reg[0]/D
          Clock: (R) clk_osc_fast_tap2

                     Capture       Launch     
        Clock Edge:+    1000          100     
       Src Latency:+       0            0     
       Net Latency:+       0 (I)        0 (I) 
           Arrival:=    1000          100     
                                              
             Setup:-     641                  
       Uncertainty:-      50                  
     Required Time:=     309                  
      Launch Clock:-     100                  
         Data Path:-    2208                  
             Slack:=   -1999                  

#-------------------------------------------------------------------------------------------------------------------------------------------
#                           Timing Point                             Flags   Arc   Edge   Cell     Fanout Load Trans Delay Arrival Instance 
#                                                                                                         (fF)  (ps)  (ps)   (ps)  Location 
#-------------------------------------------------------------------------------------------------------------------------------------------
  u_core_gen_pd_row[5].gen_pd_col[2].u_pd/hit_latched_reg/C          -       -     R     (arrival)     87    -   150     0     100    (-,-) 
  u_core_gen_pd_row[5].gen_pd_col[2].u_pd/hit_latched_reg/Q          -       C->Q  R     DFRRQHDX1      2 32.2   364  1013    1113    (-,-) 
  u_core_gen_pd_row[5].gen_pd_col[2].u_pd/g1040__5115/Q              -       AN->Q R     NA2I1HDX4      8 82.1   396   488    1602    (-,-) 
  u_core_gen_pd_row[5].gen_pd_col[2].u_pd/g1075__2883/Q              -       AN->Q R     NA2I1HDX1      1 14.2   309   427    2029    (-,-) 
  u_core_gen_pd_row[5].gen_pd_col[2].u_pd/g1025__2802/Q              -       C->Q  F     ON21HDX1       1 12.3   211   279    2308    (-,-) 
  u_core_gen_pd_row[5].gen_pd_col[2].u_pd/nfast_hit_latched_reg[0]/D -       -     F     DFRRHDX2       1    -     -     0    2308    (-,-) 
#-------------------------------------------------------------------------------------------------------------------------------------------


