# Excerpt from /sim/ksabra/SPADMIC_work/genus/genus_matrix_ooc_clean_20260630_1222/matrix_top_csr/reports/timing/report_timing_pre_synth.rpt
# First 220 lines
============================================================
  Generated by:           Genus(TM) Synthesis Solution 22.13-s093_1
  Generated on:           Jun 30 2026  12:43:40 pm
  Module:                 spadmic_matrix_top_csr
  Operating conditions:   typ_1_80V_25C 
  Interconnect mode:      global
  Area mode:              physical library
============================================================


Path 1: MET (1850 ps) Setup Check with Pin csr_last_error_q_reg[3]/clk->sena
          Group: clk_sys
     Startpoint: (R) calib_axis_mask_o_reg[1]/clk
          Clock: (R) clk_sys
       Endpoint: (R) csr_last_error_q_reg[3]/sena
          Clock: (R) clk_sys

                     Capture       Launch     
        Clock Edge:+    6250            0     
       Src Latency:+       0            0     
       Net Latency:+       0 (I)        0 (I) 
           Arrival:=    6250            0     
                                              
             Setup:-     507                  
     Required Time:=    5743                  
      Launch Clock:-       0                  
         Data Path:-    3894                  
             Slack:=    1850                  

#----------------------------------------------------------------------------------------------------------------------------------------
#                     Timing Point                       Flags     Arc    Edge      Cell        Fanout Load Trans Delay Arrival Instance 
#                                                                                                      (fF)  (ps)  (ps)   (ps)  Location 
#----------------------------------------------------------------------------------------------------------------------------------------
  calib_axis_mask_o_reg[1]/clk                           -       -        R     (arrival)          309    -     0     0       0    (-,-) 
  calib_axis_mask_o_reg[1]/q                             (u)     clk->q   F     unmapped_d_flop      4 28.3     0   643     643    (-,-) 
  g659/z                                                 (u)     in_1->z  R     unmapped_nor2        1  9.0     0   100     743    (-,-) 
  g660/z                                                 (u)     in_0->z  F     unmapped_nand2       1  9.2     0   100     843    (-,-) 
  mode_axis_valid_466_20:mux_mode_axis_valid_147_20/g1/z (u)     data1->z F     unmapped_bmux2       1  9.2     0   208    1051    (-,-) 
  mode_axis_valid_466_20:mux_mode_axis_valid_148_36/g1/z (u)     data0->z F     unmapped_bmux2       1  9.2     0   208    1260    (-,-) 
  mode_axis_valid_466_20:mux_mode_axis_valid_146_35/g1/z (u)     data1->z F     unmapped_bmux2       1  9.2     0   208    1468    (-,-) 
  g352/z                                                 (u)     in_0->z  R     unmapped_not         1  9.0     0    59    1527    (-,-) 
  g353/z                                                 (u)     in_1->z  R     unmapped_or2         5 45.0     0   165    1692    (-,-) 
  mux_write_error_465_55/g1/z                            (u)     sel0->z  F     unmapped_bmux2       1  9.2     0   208    1901    (-,-) 
  mux_write_error_463_17/g1/z                            (u)     data0->z F     unmapped_mux16       1  9.2     0   436    2337    (-,-) 
  mux_write_error_462_22/g1/z                            (u)     data1->z F     unmapped_bmux2       1  9.2     0   208    2546    (-,-) 
  mux_write_error_459_13/g1/z                            (u)     data0->z F     unmapped_bmux2      10 92.0     0   353    2898    (-,-) 
  g122/z                                                 (u)     in_0->z  R     unmapped_not         2 18.0     0    78    2976    (-,-) 
  g713/z                                                 (u)     in_2->z  R     unmapped_and4        1  9.0     0   173    3149    (-,-) 
  g251/z                                                 (u)     in_0->z  R     unmapped_or2         1  9.0     0   100    3249    (-,-) 
  g252/z                                                 (u)     in_0->z  R     unmapped_and2        2 18.0     0   119    3368    (-,-) 
  g253/z                                                 (u)     in_0->z  R     unmapped_and2        1  9.0     0   100    3468    (-,-) 
  g254/z                                                 (u)     in_0->z  R     unmapped_or2         1  9.0     0   100    3568    (-,-) 
  g255/z                                                 (u)     in_0->z  R     unmapped_and2        1  9.0     0   100    3668    (-,-) 
  g257/z                                                 (u)     in_1->z  R     unmapped_or2         4 72.0     0   225    3894    (-,-) 
  csr_last_error_q_reg[3]/sena                           -       -        R     unmapped_d_flop      4    -     -     0    3894    (-,-) 
#----------------------------------------------------------------------------------------------------------------------------------------

(u) : Net has unmapped pin(s).



Path 2: MET (1850 ps) Setup Check with Pin csr_last_error_q_reg[2]/clk->sena
          Group: clk_sys
     Startpoint: (R) calib_axis_mask_o_reg[1]/clk
          Clock: (R) clk_sys
       Endpoint: (R) csr_last_error_q_reg[2]/sena
          Clock: (R) clk_sys

                     Capture       Launch     
        Clock Edge:+    6250            0     
       Src Latency:+       0            0     
       Net Latency:+       0 (I)        0 (I) 
           Arrival:=    6250            0     
                                              
             Setup:-     507                  
     Required Time:=    5743                  
      Launch Clock:-       0                  
         Data Path:-    3894                  
             Slack:=    1850                  

#----------------------------------------------------------------------------------------------------------------------------------------
#                     Timing Point                       Flags     Arc    Edge      Cell        Fanout Load Trans Delay Arrival Instance 
#                                                                                                      (fF)  (ps)  (ps)   (ps)  Location 
#----------------------------------------------------------------------------------------------------------------------------------------
  calib_axis_mask_o_reg[1]/clk                           -       -        R     (arrival)          309    -     0     0       0    (-,-) 
  calib_axis_mask_o_reg[1]/q                             (u)     clk->q   F     unmapped_d_flop      4 28.3     0   643     643    (-,-) 
  g659/z                                                 (u)     in_1->z  R     unmapped_nor2        1  9.0     0   100     743    (-,-) 
  g660/z                                                 (u)     in_0->z  F     unmapped_nand2       1  9.2     0   100     843    (-,-) 
  mode_axis_valid_466_20:mux_mode_axis_valid_147_20/g1/z (u)     data1->z F     unmapped_bmux2       1  9.2     0   208    1051    (-,-) 
  mode_axis_valid_466_20:mux_mode_axis_valid_148_36/g1/z (u)     data0->z F     unmapped_bmux2       1  9.2     0   208    1260    (-,-) 
  mode_axis_valid_466_20:mux_mode_axis_valid_146_35/g1/z (u)     data1->z F     unmapped_bmux2       1  9.2     0   208    1468    (-,-) 
  g352/z                                                 (u)     in_0->z  R     unmapped_not         1  9.0     0    59    1527    (-,-) 
  g353/z                                                 (u)     in_1->z  R     unmapped_or2         5 45.0     0   165    1692    (-,-) 
  mux_write_error_465_55/g1/z                            (u)     sel0->z  F     unmapped_bmux2       1  9.2     0   208    1901    (-,-) 
  mux_write_error_463_17/g1/z                            (u)     data0->z F     unmapped_mux16       1  9.2     0   436    2337    (-,-) 
  mux_write_error_462_22/g1/z                            (u)     data1->z F     unmapped_bmux2       1  9.2     0   208    2546    (-,-) 
  mux_write_error_459_13/g1/z                            (u)     data0->z F     unmapped_bmux2      10 92.0     0   353    2898    (-,-) 
  g122/z                                                 (u)     in_0->z  R     unmapped_not         2 18.0     0    78    2976    (-,-) 
  g713/z                                                 (u)     in_2->z  R     unmapped_and4        1  9.0     0   173    3149    (-,-) 
  g251/z                                                 (u)     in_0->z  R     unmapped_or2         1  9.0     0   100    3249    (-,-) 
  g252/z                                                 (u)     in_0->z  R     unmapped_and2        2 18.0     0   119    3368    (-,-) 
  g253/z                                                 (u)     in_0->z  R     unmapped_and2        1  9.0     0   100    3468    (-,-) 
  g254/z                                                 (u)     in_0->z  R     unmapped_or2         1  9.0     0   100    3568    (-,-) 
  g255/z                                                 (u)     in_0->z  R     unmapped_and2        1  9.0     0   100    3668    (-,-) 
  g257/z                                                 (u)     in_1->z  R     unmapped_or2         4 72.0     0   225    3894    (-,-) 
  csr_last_error_q_reg[2]/sena                           -       -        R     unmapped_d_flop      4    -     -     0    3894    (-,-) 
#----------------------------------------------------------------------------------------------------------------------------------------

(u) : Net has unmapped pin(s).



Path 3: MET (1850 ps) Setup Check with Pin csr_last_error_q_reg[1]/clk->sena
          Group: clk_sys
     Startpoint: (R) calib_axis_mask_o_reg[1]/clk
          Clock: (R) clk_sys
       Endpoint: (R) csr_last_error_q_reg[1]/sena
          Clock: (R) clk_sys

                     Capture       Launch     
        Clock Edge:+    6250            0     
       Src Latency:+       0            0     
       Net Latency:+       0 (I)        0 (I) 
           Arrival:=    6250            0     
                                              
             Setup:-     507                  
     Required Time:=    5743                  
      Launch Clock:-       0                  
         Data Path:-    3894                  
             Slack:=    1850                  

#----------------------------------------------------------------------------------------------------------------------------------------
#                     Timing Point                       Flags     Arc    Edge      Cell        Fanout Load Trans Delay Arrival Instance 
#                                                                                                      (fF)  (ps)  (ps)   (ps)  Location 
#----------------------------------------------------------------------------------------------------------------------------------------
  calib_axis_mask_o_reg[1]/clk                           -       -        R     (arrival)          309    -     0     0       0    (-,-) 
  calib_axis_mask_o_reg[1]/q                             (u)     clk->q   F     unmapped_d_flop      4 28.3     0   643     643    (-,-) 
  g659/z                                                 (u)     in_1->z  R     unmapped_nor2        1  9.0     0   100     743    (-,-) 
  g660/z                                                 (u)     in_0->z  F     unmapped_nand2       1  9.2     0   100     843    (-,-) 
  mode_axis_valid_466_20:mux_mode_axis_valid_147_20/g1/z (u)     data1->z F     unmapped_bmux2       1  9.2     0   208    1051    (-,-) 
  mode_axis_valid_466_20:mux_mode_axis_valid_148_36/g1/z (u)     data0->z F     unmapped_bmux2       1  9.2     0   208    1260    (-,-) 
  mode_axis_valid_466_20:mux_mode_axis_valid_146_35/g1/z (u)     data1->z F     unmapped_bmux2       1  9.2     0   208    1468    (-,-) 
  g352/z                                                 (u)     in_0->z  R     unmapped_not         1  9.0     0    59    1527    (-,-) 
  g353/z                                                 (u)     in_1->z  R     unmapped_or2         5 45.0     0   165    1692    (-,-) 
  mux_write_error_465_55/g1/z                            (u)     sel0->z  F     unmapped_bmux2       1  9.2     0   208    1901    (-,-) 
  mux_write_error_463_17/g1/z                            (u)     data0->z F     unmapped_mux16       1  9.2     0   436    2337    (-,-) 
  mux_write_error_462_22/g1/z                            (u)     data1->z F     unmapped_bmux2       1  9.2     0   208    2546    (-,-) 
  mux_write_error_459_13/g1/z                            (u)     data0->z F     unmapped_bmux2      10 92.0     0   353    2898    (-,-) 
  g122/z                                                 (u)     in_0->z  R     unmapped_not         2 18.0     0    78    2976    (-,-) 
  g713/z                                                 (u)     in_2->z  R     unmapped_and4        1  9.0     0   173    3149    (-,-) 
  g251/z                                                 (u)     in_0->z  R     unmapped_or2         1  9.0     0   100    3249    (-,-) 
  g252/z                                                 (u)     in_0->z  R     unmapped_and2        2 18.0     0   119    3368    (-,-) 
  g253/z                                                 (u)     in_0->z  R     unmapped_and2        1  9.0     0   100    3468    (-,-) 
  g254/z                                                 (u)     in_0->z  R     unmapped_or2         1  9.0     0   100    3568    (-,-) 
  g255/z                                                 (u)     in_0->z  R     unmapped_and2        1  9.0     0   100    3668    (-,-) 
  g257/z                                                 (u)     in_1->z  R     unmapped_or2         4 72.0     0   225    3894    (-,-) 
  csr_last_error_q_reg[1]/sena                           -       -        R     unmapped_d_flop      4    -     -     0    3894    (-,-) 
#----------------------------------------------------------------------------------------------------------------------------------------

(u) : Net has unmapped pin(s).



Path 4: MET (1850 ps) Setup Check with Pin csr_last_error_q_reg[0]/clk->sena
          Group: clk_sys
     Startpoint: (R) calib_axis_mask_o_reg[1]/clk
          Clock: (R) clk_sys
       Endpoint: (R) csr_last_error_q_reg[0]/sena
          Clock: (R) clk_sys

                     Capture       Launch     
        Clock Edge:+    6250            0     
       Src Latency:+       0            0     
       Net Latency:+       0 (I)        0 (I) 
           Arrival:=    6250            0     
                                              
             Setup:-     507                  
     Required Time:=    5743                  
      Launch Clock:-       0                  
         Data Path:-    3894                  
             Slack:=    1850                  

#----------------------------------------------------------------------------------------------------------------------------------------
#                     Timing Point                       Flags     Arc    Edge      Cell        Fanout Load Trans Delay Arrival Instance 
#                                                                                                      (fF)  (ps)  (ps)   (ps)  Location 
#----------------------------------------------------------------------------------------------------------------------------------------
  calib_axis_mask_o_reg[1]/clk                           -       -        R     (arrival)          309    -     0     0       0    (-,-) 
  calib_axis_mask_o_reg[1]/q                             (u)     clk->q   F     unmapped_d_flop      4 28.3     0   643     643    (-,-) 
  g659/z                                                 (u)     in_1->z  R     unmapped_nor2        1  9.0     0   100     743    (-,-) 
  g660/z                                                 (u)     in_0->z  F     unmapped_nand2       1  9.2     0   100     843    (-,-) 
  mode_axis_valid_466_20:mux_mode_axis_valid_147_20/g1/z (u)     data1->z F     unmapped_bmux2       1  9.2     0   208    1051    (-,-) 
  mode_axis_valid_466_20:mux_mode_axis_valid_148_36/g1/z (u)     data0->z F     unmapped_bmux2       1  9.2     0   208    1260    (-,-) 
  mode_axis_valid_466_20:mux_mode_axis_valid_146_35/g1/z (u)     data1->z F     unmapped_bmux2       1  9.2     0   208    1468    (-,-) 
  g352/z                                                 (u)     in_0->z  R     unmapped_not         1  9.0     0    59    1527    (-,-) 
  g353/z                                                 (u)     in_1->z  R     unmapped_or2         5 45.0     0   165    1692    (-,-) 
  mux_write_error_465_55/g1/z                            (u)     sel0->z  F     unmapped_bmux2       1  9.2     0   208    1901    (-,-) 
  mux_write_error_463_17/g1/z                            (u)     data0->z F     unmapped_mux16       1  9.2     0   436    2337    (-,-) 
  mux_write_error_462_22/g1/z                            (u)     data1->z F     unmapped_bmux2       1  9.2     0   208    2546    (-,-) 
  mux_write_error_459_13/g1/z                            (u)     data0->z F     unmapped_bmux2      10 92.0     0   353    2898    (-,-) 
  g122/z                                                 (u)     in_0->z  R     unmapped_not         2 18.0     0    78    2976    (-,-) 
  g713/z                                                 (u)     in_2->z  R     unmapped_and4        1  9.0     0   173    3149    (-,-) 
  g251/z                                                 (u)     in_0->z  R     unmapped_or2         1  9.0     0   100    3249    (-,-) 
  g252/z                                                 (u)     in_0->z  R     unmapped_and2        2 18.0     0   119    3368    (-,-) 
  g253/z                                                 (u)     in_0->z  R     unmapped_and2        1  9.0     0   100    3468    (-,-) 
  g254/z                                                 (u)     in_0->z  R     unmapped_or2         1  9.0     0   100    3568    (-,-) 
  g255/z                                                 (u)     in_0->z  R     unmapped_and2        1  9.0     0   100    3668    (-,-) 
  g257/z                                                 (u)     in_1->z  R     unmapped_or2         4 72.0     0   225    3894    (-,-) 
  csr_last_error_q_reg[0]/sena                           -       -        R     unmapped_d_flop      4    -     -     0    3894    (-,-) 
#----------------------------------------------------------------------------------------------------------------------------------------

(u) : Net has unmapped pin(s).



Path 5: MET (1868 ps) Setup Check with Pin csr_last_error_q_reg[3]/clk->d
          Group: clk_sys
     Startpoint: (R) calib_axis_mask_o_reg[1]/clk
          Clock: (R) clk_sys
       Endpoint: (R) csr_last_error_q_reg[3]/d
          Clock: (R) clk_sys
