# Excerpt from /sim/ksabra/SPADMIC_work/genus/genus_matrix_ooc_clean_20260630_1222/matrix_top_csr/reports/timing/report_timing_post_map.rpt
# First 220 lines
============================================================
  Generated by:           Genus(TM) Synthesis Solution 22.13-s093_1
  Generated on:           Jun 30 2026  12:44:22 pm
  Module:                 spadmic_matrix_top_csr
  Operating conditions:   typ_1_80V_25C 
  Interconnect mode:      global
  Area mode:              physical library
============================================================


Path 1: MET (1692 ps) Setup Check with Pin output_fifo_overflow_count_q_reg[15]/C->SD
          Group: clk_sys
     Startpoint: (R) output_fifo_overflow_count_q_reg[12]/C
          Clock: (R) clk_sys
       Endpoint: (F) output_fifo_overflow_count_q_reg[15]/SD
          Clock: (R) clk_sys

                     Capture       Launch     
        Clock Edge:+    6250            0     
       Src Latency:+       0            0     
       Net Latency:+       0 (I)        0 (I) 
           Arrival:=    6250            0     
                                              
             Setup:-    1047                  
     Required Time:=    5203                  
      Launch Clock:-       0                  
         Data Path:-    3511                  
             Slack:=    1692                  

#---------------------------------------------------------------------------------------------------------------------
#              Timing Point               Flags   Arc   Edge      Cell       Fanout Load Trans Delay Arrival Instance 
#                                                                                   (fF)  (ps)  (ps)   (ps)  Location 
#---------------------------------------------------------------------------------------------------------------------
  output_fifo_overflow_count_q_reg[12]/C  -       -     R     (arrival)         303    -     0     0       0    (-,-) 
  output_fifo_overflow_count_q_reg[12]/Q  -       C->Q  F     SDFRRQSSJIHDX1      5 28.9   166   561     561    (-,-) 
  g35859__5526/Q                          -       D->Q  R     NA4JIHDX0           1  6.8   195   234     794    (-,-) 
  g35841__7482/Q                          -       E->Q  F     NO5I4JIHDX1         1  4.8    72    95     890    (-,-) 
  g35828__8428/Q                          -       B->Q  R     NA6I1JIHDX1         1  7.3    74   266    1155    (-,-) 
  inc_ADD_UNS_OP1973_g452__3680/CO        -       A->CO R     HAJIHDX0            1  7.3   141   230    1386    (-,-) 
  inc_ADD_UNS_OP1973_g451__6783/CO        -       A->CO R     HAJIHDX0            2 11.6   200   300    1685    (-,-) 
  inc_ADD_UNS_OP1973_g450__5526/Q         -       A->Q  R     AND3JIHDX1          2 11.2   109   291    1976    (-,-) 
  inc_ADD_UNS_OP1973_g449__8428/Q         -       A->Q  R     AND5JIHDX1          3 15.3   248   314    2290    (-,-) 
  inc_ADD_UNS_OP1973_g448__4319/Q         -       CN->Q R     NO4I3JIHDX0         2 13.8   413   497    2788    (-,-) 
  inc_ADD_UNS_OP1973_g440__2346/CO        -       A->CO R     HAJIHDX0            2 13.4   226   367    3155    (-,-) 
  inc_ADD_UNS_OP1973_g437__9315/Q         -       A->Q  F     NA3JIHDX1           1  8.0   119   135    3291    (-,-) 
  inc_ADD_UNS_OP1973_g433__5115/Q         -       B->Q  F     EN2JIHDX0           1  4.0    90   220    3511    (-,-) 
  output_fifo_overflow_count_q_reg[15]/SD -       -     F     SDFRRQSSJIHDX1      1    -     -     0    3511    (-,-) 
#---------------------------------------------------------------------------------------------------------------------



Path 2: MET (1705 ps) Setup Check with Pin fault_count_q_reg[15]/C->SD
          Group: clk_sys
     Startpoint: (R) fault_count_q_reg[8]/C
          Clock: (R) clk_sys
       Endpoint: (F) fault_count_q_reg[15]/SD
          Clock: (R) clk_sys

                     Capture       Launch     
        Clock Edge:+    6250            0     
       Src Latency:+       0            0     
       Net Latency:+       0 (I)        0 (I) 
           Arrival:=    6250            0     
                                              
             Setup:-    1048                  
     Required Time:=    5202                  
      Launch Clock:-       0                  
         Data Path:-    3497                  
             Slack:=    1705                  

#----------------------------------------------------------------------------------------------------------
#        Timing Point          Flags   Arc   Edge      Cell       Fanout Load Trans Delay Arrival Instance 
#                                                                        (fF)  (ps)  (ps)   (ps)  Location 
#----------------------------------------------------------------------------------------------------------
  fault_count_q_reg[8]/C       -       -     R     (arrival)         303    -     0     0       0    (-,-) 
  fault_count_q_reg[8]/Q       -       C->Q  F     SDFRRQSSJIHDX1      5 25.9   158   551     551    (-,-) 
  g35877__2346/Q               -       D->Q  R     NA4JIHDX0           1  6.8   194   230     781    (-,-) 
  g35844__9315/Q               -       E->Q  F     NO5I4JIHDX1         1  4.8    72    95     876    (-,-) 
  g35834__1705/Q               -       B->Q  R     NA6I1JIHDX1         1  7.3    74   266    1142    (-,-) 
  inc_ADD_UNS_OP_g452__6260/CO -       A->CO R     HAJIHDX0            1  7.3   141   230    1372    (-,-) 
  inc_ADD_UNS_OP_g451__5107/CO -       A->CO R     HAJIHDX0            2 11.6   200   300    1672    (-,-) 
  inc_ADD_UNS_OP_g450__2398/Q  -       A->Q  R     AND3JIHDX1          2 11.2   109   291    1962    (-,-) 
  inc_ADD_UNS_OP_g449__5477/Q  -       A->Q  R     AND5JIHDX1          3 15.3   248   314    2277    (-,-) 
  inc_ADD_UNS_OP_g448__6417/Q  -       CN->Q R     NO4I3JIHDX0         2 13.8   413   497    2774    (-,-) 
  inc_ADD_UNS_OP_g440__4733/CO -       A->CO R     HAJIHDX0            2 13.4   226   367    3142    (-,-) 
  inc_ADD_UNS_OP_g437__1881/Q  -       A->Q  F     NA3JIHDX1           1  8.0   119   135    3277    (-,-) 
  inc_ADD_UNS_OP_g433__5122/Q  -       B->Q  F     EN2JIHDX0           1  4.0    92   220    3497    (-,-) 
  fault_count_q_reg[15]/SD     -       -     F     SDFRRQSSJIHDX1      1    -     -     0    3497    (-,-) 
#----------------------------------------------------------------------------------------------------------



Path 3: MET (1763 ps) Setup Check with Pin output_fifo_overflow_count_q_reg[13]/C->SD
          Group: clk_sys
     Startpoint: (R) output_fifo_overflow_count_q_reg[12]/C
          Clock: (R) clk_sys
       Endpoint: (F) output_fifo_overflow_count_q_reg[13]/SD
          Clock: (R) clk_sys

                     Capture       Launch     
        Clock Edge:+    6250            0     
       Src Latency:+       0            0     
       Net Latency:+       0 (I)        0 (I) 
           Arrival:=    6250            0     
                                              
             Setup:-    1056                  
     Required Time:=    5194                  
      Launch Clock:-       0                  
         Data Path:-    3432                  
             Slack:=    1763                  

#---------------------------------------------------------------------------------------------------------------------
#              Timing Point               Flags   Arc   Edge      Cell       Fanout Load Trans Delay Arrival Instance 
#                                                                                   (fF)  (ps)  (ps)   (ps)  Location 
#---------------------------------------------------------------------------------------------------------------------
  output_fifo_overflow_count_q_reg[12]/C  -       -     R     (arrival)         303    -     0     0       0    (-,-) 
  output_fifo_overflow_count_q_reg[12]/Q  -       C->Q  F     SDFRRQSSJIHDX1      5 28.9   166   561     561    (-,-) 
  g35859__5526/Q                          -       D->Q  R     NA4JIHDX0           1  6.8   195   234     794    (-,-) 
  g35841__7482/Q                          -       E->Q  F     NO5I4JIHDX1         1  4.8    72    95     890    (-,-) 
  g35828__8428/Q                          -       B->Q  R     NA6I1JIHDX1         1  7.3    74   266    1155    (-,-) 
  inc_ADD_UNS_OP1973_g452__3680/CO        -       A->CO R     HAJIHDX0            1  7.3   141   230    1386    (-,-) 
  inc_ADD_UNS_OP1973_g451__6783/CO        -       A->CO R     HAJIHDX0            2 11.6   200   300    1685    (-,-) 
  inc_ADD_UNS_OP1973_g450__5526/Q         -       A->Q  R     AND3JIHDX1          2 11.2   109   291    1976    (-,-) 
  inc_ADD_UNS_OP1973_g449__8428/Q         -       A->Q  R     AND5JIHDX1          3 15.3   248   314    2290    (-,-) 
  inc_ADD_UNS_OP1973_g448__4319/Q         -       CN->Q R     NO4I3JIHDX0         2 13.8   413   497    2788    (-,-) 
  inc_ADD_UNS_OP1973_g440__2346/CO        -       A->CO R     HAJIHDX0            2 13.4   226   367    3155    (-,-) 
  inc_ADD_UNS_OP1973_g434__7482/Q         -       B->Q  F     EO2JIHDX0           1  4.0   113   276    3432    (-,-) 
  output_fifo_overflow_count_q_reg[13]/SD -       -     F     SDFRRQSSJIHDX1      1    -     -     0    3432    (-,-) 
#---------------------------------------------------------------------------------------------------------------------



Path 4: MET (1775 ps) Setup Check with Pin fault_count_q_reg[13]/C->SD
          Group: clk_sys
     Startpoint: (R) fault_count_q_reg[8]/C
          Clock: (R) clk_sys
       Endpoint: (F) fault_count_q_reg[13]/SD
          Clock: (R) clk_sys

                     Capture       Launch     
        Clock Edge:+    6250            0     
       Src Latency:+       0            0     
       Net Latency:+       0 (I)        0 (I) 
           Arrival:=    6250            0     
                                              
             Setup:-    1057                  
     Required Time:=    5193                  
      Launch Clock:-       0                  
         Data Path:-    3418                  
             Slack:=    1775                  

#----------------------------------------------------------------------------------------------------------
#        Timing Point          Flags   Arc   Edge      Cell       Fanout Load Trans Delay Arrival Instance 
#                                                                        (fF)  (ps)  (ps)   (ps)  Location 
#----------------------------------------------------------------------------------------------------------
  fault_count_q_reg[8]/C       -       -     R     (arrival)         303    -     0     0       0    (-,-) 
  fault_count_q_reg[8]/Q       -       C->Q  F     SDFRRQSSJIHDX1      5 25.9   158   551     551    (-,-) 
  g35877__2346/Q               -       D->Q  R     NA4JIHDX0           1  6.8   194   230     781    (-,-) 
  g35844__9315/Q               -       E->Q  F     NO5I4JIHDX1         1  4.8    72    95     876    (-,-) 
  g35834__1705/Q               -       B->Q  R     NA6I1JIHDX1         1  7.3    74   266    1142    (-,-) 
  inc_ADD_UNS_OP_g452__6260/CO -       A->CO R     HAJIHDX0            1  7.3   141   230    1372    (-,-) 
  inc_ADD_UNS_OP_g451__5107/CO -       A->CO R     HAJIHDX0            2 11.6   200   300    1672    (-,-) 
  inc_ADD_UNS_OP_g450__2398/Q  -       A->Q  R     AND3JIHDX1          2 11.2   109   291    1962    (-,-) 
  inc_ADD_UNS_OP_g449__5477/Q  -       A->Q  R     AND5JIHDX1          3 15.3   248   314    2277    (-,-) 
  inc_ADD_UNS_OP_g448__6417/Q  -       CN->Q R     NO4I3JIHDX0         2 13.8   413   497    2774    (-,-) 
  inc_ADD_UNS_OP_g440__4733/CO -       A->CO R     HAJIHDX0            2 13.4   226   367    3142    (-,-) 
  inc_ADD_UNS_OP_g434__8246/Q  -       B->Q  F     EO2JIHDX0           1  4.0   115   276    3418    (-,-) 
  fault_count_q_reg[13]/SD     -       -     F     SDFRRQSSJIHDX1      1    -     -     0    3418    (-,-) 
#----------------------------------------------------------------------------------------------------------



Path 5: MET (2021 ps) Setup Check with Pin output_fifo_overflow_count_q_reg[14]/C->SD
          Group: clk_sys
     Startpoint: (R) output_fifo_overflow_count_q_reg[12]/C
          Clock: (R) clk_sys
       Endpoint: (F) output_fifo_overflow_count_q_reg[14]/SD
          Clock: (R) clk_sys

                     Capture       Launch     
        Clock Edge:+    6250            0     
       Src Latency:+       0            0     
       Net Latency:+       0 (I)        0 (I) 
           Arrival:=    6250            0     
                                              
             Setup:-    1049                  
     Required Time:=    5201                  
      Launch Clock:-       0                  
         Data Path:-    3180                  
             Slack:=    2021                  

#---------------------------------------------------------------------------------------------------------------------
#              Timing Point               Flags   Arc   Edge      Cell       Fanout Load Trans Delay Arrival Instance 
#                                                                                   (fF)  (ps)  (ps)   (ps)  Location 
#---------------------------------------------------------------------------------------------------------------------
  output_fifo_overflow_count_q_reg[12]/C  -       -     R     (arrival)         303    -     0     0       0    (-,-) 
  output_fifo_overflow_count_q_reg[12]/Q  -       C->Q  F     SDFRRQSSJIHDX1      5 28.9   166   561     561    (-,-) 
  g35859__5526/Q                          -       D->Q  R     NA4JIHDX0           1  6.8   195   234     794    (-,-) 
  g35841__7482/Q                          -       E->Q  F     NO5I4JIHDX1         1  4.8    72    95     890    (-,-) 
  g35828__8428/Q                          -       B->Q  R     NA6I1JIHDX1         1  7.3    74   266    1155    (-,-) 
  inc_ADD_UNS_OP1973_g452__3680/CO        -       A->CO R     HAJIHDX0            1  7.3   141   230    1386    (-,-) 
  inc_ADD_UNS_OP1973_g451__6783/CO        -       A->CO R     HAJIHDX0            2 11.6   200   300    1685    (-,-) 
  inc_ADD_UNS_OP1973_g450__5526/Q         -       A->Q  R     AND3JIHDX1          2 11.2   109   291    1976    (-,-) 
  inc_ADD_UNS_OP1973_g449__8428/Q         -       A->Q  R     AND5JIHDX1          3 15.3   248   314    2290    (-,-) 
  inc_ADD_UNS_OP1973_g448__4319/Q         -       CN->Q R     NO4I3JIHDX0         2 13.8   413   497    2788    (-,-) 
  inc_ADD_UNS_OP1973_g445__2398/Q         -       A->Q  F     NA3JIHDX1           1  8.0   146   160    2948    (-,-) 
  inc_ADD_UNS_OP1973_g441__1666/Q         -       B->Q  F     EN2JIHDX0           1  4.0    96   232    3180    (-,-) 
  output_fifo_overflow_count_q_reg[14]/SD -       -     F     SDFRRQSSJIHDX1      1    -     -     0    3180    (-,-) 
#---------------------------------------------------------------------------------------------------------------------



Path 6: MET (2035 ps) Setup Check with Pin fault_count_q_reg[14]/C->SD
          Group: clk_sys
     Startpoint: (R) fault_count_q_reg[8]/C
          Clock: (R) clk_sys
       Endpoint: (F) fault_count_q_reg[14]/SD
          Clock: (R) clk_sys

                     Capture       Launch     
