============================================================
  Generated by:           Genus(TM) Synthesis Solution 22.13-s093_1
  Generated on:           Jun 02 2026  11:07:15 am
  Module:                 mptdc_top_asic
  Operating conditions:   slow_1_62V_125C 
  Interconnect mode:      global
  Area mode:              physical library
============================================================


Path 1: VIOLATED (-1846 ps) Setup Check with Pin u_core_gen_pd_row[7].gen_pd_col[3].u_pd/nfast_hit_latched_reg[6]/clk->d
           View: wc_view
          Group: clk_osc_fast_tap3
     Startpoint: (R) u_core_gen_pd_row[7].gen_pd_col[3].u_pd/hit_latched_reg/clk
          Clock: (R) clk_osc_fast_tap3
       Endpoint: (R) u_core_gen_pd_row[7].gen_pd_col[3].u_pd/nfast_hit_latched_reg[6]/d
          Clock: (R) clk_osc_fast_tap3

                     Capture       Launch     
        Clock Edge:+    1861          294     
       Src Latency:+       0            0     
       Net Latency:+       0 (I)        0 (I) 
           Arrival:=    1861          294     
                                              
             Setup:-     687                  
       Uncertainty:-      50                  
     Required Time:=    1124                  
      Launch Clock:-     294                  
         Data Path:-    2676                  
             Slack:=   -1846                  

#------------------------------------------------------------------------------------------------------------------------------------------------------
#                           Timing Point                             Flags    Arc    Edge       Cell         Fanout  Load Trans Delay Arrival Instance 
#                                                                                                                    (fF)  (ps)  (ps)   (ps)  Location 
#------------------------------------------------------------------------------------------------------------------------------------------------------
  u_core_gen_pd_row[7].gen_pd_col[3].u_pd/hit_latched_reg/clk        -       -       R     (arrival)             87     -   150     0     294    (-,-) 
  u_core_gen_pd_row[7].gen_pd_col[3].u_pd/hit_latched_reg/q          (u)     clk->q  R     unmapped_d_flop        9 100.8     0  1570    1864    (-,-) 
  u_core_gen_pd_row[7].gen_pd_col[3].u_pd/g116/z                     (u)     in_0->z R     unmapped_complex2     14 156.8     0   644    2507    (-,-) 
  u_core_gen_pd_row[7].gen_pd_col[3].u_pd/g412/z                     (u)     in_1->z F     unmapped_nand2         1  11.2     0   231    2739    (-,-) 
  u_core_gen_pd_row[7].gen_pd_col[3].u_pd/g406/z                     (u)     in_1->z R     unmapped_nand2         1  11.2     0   231    2970    (-,-) 
  u_core_gen_pd_row[7].gen_pd_col[3].u_pd/nfast_hit_latched_reg[6]/d -       -       R     unmapped_d_flop        1     -     -     0    2970    (-,-) 
#------------------------------------------------------------------------------------------------------------------------------------------------------

(u) : Net has unmapped pin(s).



Path 2: VIOLATED (-1846 ps) Setup Check with Pin u_core_gen_pd_row[7].gen_pd_col[3].u_pd/nfast_hit_latched_reg[5]/clk->d
           View: wc_view
          Group: clk_osc_fast_tap3
     Startpoint: (R) u_core_gen_pd_row[7].gen_pd_col[3].u_pd/hit_latched_reg/clk
          Clock: (R) clk_osc_fast_tap3
       Endpoint: (R) u_core_gen_pd_row[7].gen_pd_col[3].u_pd/nfast_hit_latched_reg[5]/d
          Clock: (R) clk_osc_fast_tap3

                     Capture       Launch     
        Clock Edge:+    1861          294     
       Src Latency:+       0            0     
       Net Latency:+       0 (I)        0 (I) 
           Arrival:=    1861          294     
                                              
             Setup:-     687                  
       Uncertainty:-      50                  
     Required Time:=    1124                  
      Launch Clock:-     294                  
         Data Path:-    2676                  
             Slack:=   -1846                  

#------------------------------------------------------------------------------------------------------------------------------------------------------
#                           Timing Point                             Flags    Arc    Edge       Cell         Fanout  Load Trans Delay Arrival Instance 
#                                                                                                                    (fF)  (ps)  (ps)   (ps)  Location 
#------------------------------------------------------------------------------------------------------------------------------------------------------
  u_core_gen_pd_row[7].gen_pd_col[3].u_pd/hit_latched_reg/clk        -       -       R     (arrival)             87     -   150     0     294    (-,-) 
  u_core_gen_pd_row[7].gen_pd_col[3].u_pd/hit_latched_reg/q          (u)     clk->q  R     unmapped_d_flop        9 100.8     0  1570    1864    (-,-) 
  u_core_gen_pd_row[7].gen_pd_col[3].u_pd/g116/z                     (u)     in_0->z R     unmapped_complex2     14 156.8     0   644    2507    (-,-) 
  u_core_gen_pd_row[7].gen_pd_col[3].u_pd/g413/z                     (u)     in_1->z F     unmapped_nand2         1  11.2     0   231    2739    (-,-) 
  u_core_gen_pd_row[7].gen_pd_col[3].u_pd/g409/z                     (u)     in_1->z R     unmapped_nand2         1  11.2     0   231    2970    (-,-) 
  u_core_gen_pd_row[7].gen_pd_col[3].u_pd/nfast_hit_latched_reg[5]/d -       -       R     unmapped_d_flop        1     -     -     0    2970    (-,-) 
#------------------------------------------------------------------------------------------------------------------------------------------------------

(u) : Net has unmapped pin(s).



Path 3: VIOLATED (-1846 ps) Setup Check with Pin u_core_gen_pd_row[7].gen_pd_col[3].u_pd/nfast_hit_latched_reg[4]/clk->d
           View: wc_view
          Group: clk_osc_fast_tap3
     Startpoint: (R) u_core_gen_pd_row[7].gen_pd_col[3].u_pd/hit_latched_reg/clk
          Clock: (R) clk_osc_fast_tap3
       Endpoint: (R) u_core_gen_pd_row[7].gen_pd_col[3].u_pd/nfast_hit_latched_reg[4]/d
          Clock: (R) clk_osc_fast_tap3

                     Capture       Launch     
        Clock Edge:+    1861          294     
       Src Latency:+       0            0     
       Net Latency:+       0 (I)        0 (I) 
           Arrival:=    1861          294     
                                              
             Setup:-     687                  
       Uncertainty:-      50                  
     Required Time:=    1124                  
      Launch Clock:-     294                  
         Data Path:-    2676                  
             Slack:=   -1846                  

#------------------------------------------------------------------------------------------------------------------------------------------------------
#                           Timing Point                             Flags    Arc    Edge       Cell         Fanout  Load Trans Delay Arrival Instance 
#                                                                                                                    (fF)  (ps)  (ps)   (ps)  Location 
#------------------------------------------------------------------------------------------------------------------------------------------------------
  u_core_gen_pd_row[7].gen_pd_col[3].u_pd/hit_latched_reg/clk        -       -       R     (arrival)             87     -   150     0     294    (-,-) 
  u_core_gen_pd_row[7].gen_pd_col[3].u_pd/hit_latched_reg/q          (u)     clk->q  R     unmapped_d_flop        9 100.8     0  1570    1864    (-,-) 
  u_core_gen_pd_row[7].gen_pd_col[3].u_pd/g116/z                     (u)     in_0->z R     unmapped_complex2     14 156.8     0   644    2507    (-,-) 
  u_core_gen_pd_row[7].gen_pd_col[3].u_pd/g416/z                     (u)     in_1->z F     unmapped_nand2         1  11.2     0   231    2739    (-,-) 
  u_core_gen_pd_row[7].gen_pd_col[3].u_pd/g408/z                     (u)     in_1->z R     unmapped_nand2         1  11.2     0   231    2970    (-,-) 
  u_core_gen_pd_row[7].gen_pd_col[3].u_pd/nfast_hit_latched_reg[4]/d -       -       R     unmapped_d_flop        1     -     -     0    2970    (-,-) 
#------------------------------------------------------------------------------------------------------------------------------------------------------

(u) : Net has unmapped pin(s).



Path 4: VIOLATED (-1846 ps) Setup Check with Pin u_core_gen_pd_row[7].gen_pd_col[3].u_pd/nfast_hit_latched_reg[3]/clk->d
           View: wc_view
          Group: clk_osc_fast_tap3
     Startpoint: (R) u_core_gen_pd_row[7].gen_pd_col[3].u_pd/hit_latched_reg/clk
          Clock: (R) clk_osc_fast_tap3
       Endpoint: (R) u_core_gen_pd_row[7].gen_pd_col[3].u_pd/nfast_hit_latched_reg[3]/d
          Clock: (R) clk_osc_fast_tap3

                     Capture       Launch     
        Clock Edge:+    1861          294     
       Src Latency:+       0            0     
       Net Latency:+       0 (I)        0 (I) 
           Arrival:=    1861          294     
                                              
             Setup:-     687                  
       Uncertainty:-      50                  
     Required Time:=    1124                  
      Launch Clock:-     294                  
         Data Path:-    2676                  
             Slack:=   -1846                  

#------------------------------------------------------------------------------------------------------------------------------------------------------
#                           Timing Point                             Flags    Arc    Edge       Cell         Fanout  Load Trans Delay Arrival Instance 
#                                                                                                                    (fF)  (ps)  (ps)   (ps)  Location 
#------------------------------------------------------------------------------------------------------------------------------------------------------
  u_core_gen_pd_row[7].gen_pd_col[3].u_pd/hit_latched_reg/clk        -       -       R     (arrival)             87     -   150     0     294    (-,-) 
  u_core_gen_pd_row[7].gen_pd_col[3].u_pd/hit_latched_reg/q          (u)     clk->q  R     unmapped_d_flop        9 100.8     0  1570    1864    (-,-) 
  u_core_gen_pd_row[7].gen_pd_col[3].u_pd/g116/z                     (u)     in_0->z R     unmapped_complex2     14 156.8     0   644    2507    (-,-) 
  u_core_gen_pd_row[7].gen_pd_col[3].u_pd/g419/z                     (u)     in_1->z F     unmapped_nand2         1  11.2     0   231    2739    (-,-) 
  u_core_gen_pd_row[7].gen_pd_col[3].u_pd/g410/z                     (u)     in_1->z R     unmapped_nand2         1  11.2     0   231    2970    (-,-) 
  u_core_gen_pd_row[7].gen_pd_col[3].u_pd/nfast_hit_latched_reg[3]/d -       -       R     unmapped_d_flop        1     -     -     0    2970    (-,-) 
#------------------------------------------------------------------------------------------------------------------------------------------------------

(u) : Net has unmapped pin(s).



Path 5: VIOLATED (-1846 ps) Setup Check with Pin u_core_gen_pd_row[7].gen_pd_col[3].u_pd/nfast_hit_latched_reg[2]/clk->d
           View: wc_view
          Group: clk_osc_fast_tap3
     Startpoint: (R) u_core_gen_pd_row[7].gen_pd_col[3].u_pd/hit_latched_reg/clk
          Clock: (R) clk_osc_fast_tap3
       Endpoint: (R) u_core_gen_pd_row[7].gen_pd_col[3].u_pd/nfast_hit_latched_reg[2]/d
          Clock: (R) clk_osc_fast_tap3

                     Capture       Launch     
        Clock Edge:+    1861          294     
       Src Latency:+       0            0     
       Net Latency:+       0 (I)        0 (I) 
           Arrival:=    1861          294     
                                              
             Setup:-     687                  
       Uncertainty:-      50                  
     Required Time:=    1124                  
      Launch Clock:-     294                  
         Data Path:-    2676                  
             Slack:=   -1846                  

#------------------------------------------------------------------------------------------------------------------------------------------------------
#                           Timing Point                             Flags    Arc    Edge       Cell         Fanout  Load Trans Delay Arrival Instance 
#                                                                                                                    (fF)  (ps)  (ps)   (ps)  Location 
#------------------------------------------------------------------------------------------------------------------------------------------------------
  u_core_gen_pd_row[7].gen_pd_col[3].u_pd/hit_latched_reg/clk        -       -       R     (arrival)             87     -   150     0     294    (-,-) 
  u_core_gen_pd_row[7].gen_pd_col[3].u_pd/hit_latched_reg/q          (u)     clk->q  R     unmapped_d_flop        9 100.8     0  1570    1864    (-,-) 
  u_core_gen_pd_row[7].gen_pd_col[3].u_pd/g116/z                     (u)     in_0->z R     unmapped_complex2     14 156.8     0   644    2507    (-,-) 
  u_core_gen_pd_row[7].gen_pd_col[3].u_pd/g422/z                     (u)     in_1->z F     unmapped_nand2         1  11.2     0   231    2739    (-,-) 
  u_core_gen_pd_row[7].gen_pd_col[3].u_pd/g405/z                     (u)     in_1->z R     unmapped_nand2         1  11.2     0   231    2970    (-,-) 
  u_core_gen_pd_row[7].gen_pd_col[3].u_pd/nfast_hit_latched_reg[2]/d -       -       R     unmapped_d_flop        1     -     -     0    2970    (-,-) 
#------------------------------------------------------------------------------------------------------------------------------------------------------

(u) : Net has unmapped pin(s).



Path 6: VIOLATED (-1846 ps) Setup Check with Pin u_core_gen_pd_row[7].gen_pd_col[3].u_pd/nfast_hit_latched_reg[1]/clk->d
           View: wc_view
          Group: clk_osc_fast_tap3
     Startpoint: (R) u_core_gen_pd_row[7].gen_pd_col[3].u_pd/hit_latched_reg/clk
          Clock: (R) clk_osc_fast_tap3
       Endpoint: (R) u_core_gen_pd_row[7].gen_pd_col[3].u_pd/nfast_hit_latched_reg[1]/d
          Clock: (R) clk_osc_fast_tap3

                     Capture       Launch     
        Clock Edge:+    1861          294     
       Src Latency:+       0            0     
       Net Latency:+       0 (I)        0 (I) 
           Arrival:=    1861          294     
                                              
             Setup:-     687                  
       Uncertainty:-      50                  
     Required Time:=    1124                  
      Launch Clock:-     294                  
         Data Path:-    2676                  
             Slack:=   -1846                  

#------------------------------------------------------------------------------------------------------------------------------------------------------
#                           Timing Point                             Flags    Arc    Edge       Cell         Fanout  Load Trans Delay Arrival Instance 
#                                                                                                                    (fF)  (ps)  (ps)   (ps)  Location 
#------------------------------------------------------------------------------------------------------------------------------------------------------
  u_core_gen_pd_row[7].gen_pd_col[3].u_pd/hit_latched_reg/clk        -       -       R     (arrival)             87     -   150     0     294    (-,-) 
  u_core_gen_pd_row[7].gen_pd_col[3].u_pd/hit_latched_reg/q          (u)     clk->q  R     unmapped_d_flop        9 100.8     0  1570    1864    (-,-) 
  u_core_gen_pd_row[7].gen_pd_col[3].u_pd/g116/z                     (u)     in_0->z R     unmapped_complex2     14 156.8     0   644    2507    (-,-) 
  u_core_gen_pd_row[7].gen_pd_col[3].u_pd/g425/z                     (u)     in_1->z F     unmapped_nand2         1  11.2     0   231    2739    (-,-) 
  u_core_gen_pd_row[7].gen_pd_col[3].u_pd/g404/z                     (u)     in_1->z R     unmapped_nand2         1  11.2     0   231    2970    (-,-) 
  u_core_gen_pd_row[7].gen_pd_col[3].u_pd/nfast_hit_latched_reg[1]/d -       -       R     unmapped_d_flop        1     -     -     0    2970    (-,-) 
#------------------------------------------------------------------------------------------------------------------------------------------------------

(u) : Net has unmapped pin(s).



Path 7: VIOLATED (-1846 ps) Setup Check with Pin u_core_gen_pd_row[7].gen_pd_col[3].u_pd/nfast_hit_latched_reg[0]/clk->d
           View: wc_view
          Group: clk_osc_fast_tap3
     Startpoint: (R) u_core_gen_pd_row[7].gen_pd_col[3].u_pd/hit_latched_reg/clk
          Clock: (R) clk_osc_fast_tap3
       Endpoint: (R) u_core_gen_pd_row[7].gen_pd_col[3].u_pd/nfast_hit_latched_reg[0]/d
          Clock: (R) clk_osc_fast_tap3

                     Capture       Launch     
        Clock Edge:+    1861          294     
       Src Latency:+       0            0     
       Net Latency:+       0 (I)        0 (I) 
           Arrival:=    1861          294     
                                              
             Setup:-     687                  
       Uncertainty:-      50                  
     Required Time:=    1124                  
      Launch Clock:-     294                  
         Data Path:-    2676                  
             Slack:=   -1846                  

#------------------------------------------------------------------------------------------------------------------------------------------------------
#                           Timing Point                             Flags    Arc    Edge       Cell         Fanout  Load Trans Delay Arrival Instance 
#                                                                                                                    (fF)  (ps)  (ps)   (ps)  Location 
#------------------------------------------------------------------------------------------------------------------------------------------------------
  u_core_gen_pd_row[7].gen_pd_col[3].u_pd/hit_latched_reg/clk        -       -       R     (arrival)             87     -   150     0     294    (-,-) 
  u_core_gen_pd_row[7].gen_pd_col[3].u_pd/hit_latched_reg/q          (u)     clk->q  R     unmapped_d_flop        9 100.8     0  1570    1864    (-,-) 
  u_core_gen_pd_row[7].gen_pd_col[3].u_pd/g116/z                     (u)     in_0->z R     unmapped_complex2     14 156.8     0   644    2507    (-,-) 
  u_core_gen_pd_row[7].gen_pd_col[3].u_pd/g417/z                     (u)     in_1->z F     unmapped_nand2         1  11.2     0   231    2739    (-,-) 
  u_core_gen_pd_row[7].gen_pd_col[3].u_pd/g403/z                     (u)     in_1->z R     unmapped_nand2         1  11.2     0   231    2970    (-,-) 
  u_core_gen_pd_row[7].gen_pd_col[3].u_pd/nfast_hit_latched_reg[0]/d -       -       R     unmapped_d_flop        1     -     -     0    2970    (-,-) 
#------------------------------------------------------------------------------------------------------------------------------------------------------

(u) : Net has unmapped pin(s).



Path 8: VIOLATED (-1846 ps) Setup Check with Pin u_core_gen_pd_row[4].gen_pd_col[3].u_pd/nfast_hit_latched_reg[6]/clk->d
           View: wc_view
          Group: clk_osc_fast_tap3
     Startpoint: (R) u_core_gen_pd_row[4].gen_pd_col[3].u_pd/hit_latched_reg/clk
          Clock: (R) clk_osc_fast_tap3
       Endpoint: (R) u_core_gen_pd_row[4].gen_pd_col[3].u_pd/nfast_hit_latched_reg[6]/d
          Clock: (R) clk_osc_fast_tap3

                     Capture       Launch     
        Clock Edge:+    1861          294     
       Src Latency:+       0            0     
       Net Latency:+       0 (I)        0 (I) 
           Arrival:=    1861          294     
                                              
             Setup:-     687                  
       Uncertainty:-      50                  
     Required Time:=    1124                  
      Launch Clock:-     294                  
         Data Path:-    2676                  
             Slack:=   -1846                  

#------------------------------------------------------------------------------------------------------------------------------------------------------
#                           Timing Point                             Flags    Arc    Edge       Cell         Fanout  Load Trans Delay Arrival Instance 
#                                                                                                                    (fF)  (ps)  (ps)   (ps)  Location 
#------------------------------------------------------------------------------------------------------------------------------------------------------
  u_core_gen_pd_row[4].gen_pd_col[3].u_pd/hit_latched_reg/clk        -       -       R     (arrival)             87     -   150     0     294    (-,-) 
  u_core_gen_pd_row[4].gen_pd_col[3].u_pd/hit_latched_reg/q          (u)     clk->q  R     unmapped_d_flop        9 100.8     0  1570    1864    (-,-) 
  u_core_gen_pd_row[4].gen_pd_col[3].u_pd/g116/z                     (u)     in_0->z R     unmapped_complex2     14 156.8     0   644    2507    (-,-) 
  u_core_gen_pd_row[4].gen_pd_col[3].u_pd/g412/z                     (u)     in_1->z F     unmapped_nand2         1  11.2     0   231    2739    (-,-) 
  u_core_gen_pd_row[4].gen_pd_col[3].u_pd/g406/z                     (u)     in_1->z R     unmapped_nand2         1  11.2     0   231    2970    (-,-) 
  u_core_gen_pd_row[4].gen_pd_col[3].u_pd/nfast_hit_latched_reg[6]/d -       -       R     unmapped_d_flop        1     -     -     0    2970    (-,-) 
#------------------------------------------------------------------------------------------------------------------------------------------------------

(u) : Net has unmapped pin(s).



Path 9: VIOLATED (-1846 ps) Setup Check with Pin u_core_gen_pd_row[4].gen_pd_col[3].u_pd/nfast_hit_latched_reg[5]/clk->d
           View: wc_view
          Group: clk_osc_fast_tap3
     Startpoint: (R) u_core_gen_pd_row[4].gen_pd_col[3].u_pd/hit_latched_reg/clk
          Clock: (R) clk_osc_fast_tap3
       Endpoint: (R) u_core_gen_pd_row[4].gen_pd_col[3].u_pd/nfast_hit_latched_reg[5]/d
          Clock: (R) clk_osc_fast_tap3

                     Capture       Launch     
        Clock Edge:+    1861          294     
       Src Latency:+       0            0     
       Net Latency:+       0 (I)        0 (I) 
           Arrival:=    1861          294     
                                              
             Setup:-     687                  
       Uncertainty:-      50                  
     Required Time:=    1124                  
      Launch Clock:-     294                  
         Data Path:-    2676                  
             Slack:=   -1846                  

#------------------------------------------------------------------------------------------------------------------------------------------------------
#                           Timing Point                             Flags    Arc    Edge       Cell         Fanout  Load Trans Delay Arrival Instance 
#                                                                                                                    (fF)  (ps)  (ps)   (ps)  Location 
#------------------------------------------------------------------------------------------------------------------------------------------------------
  u_core_gen_pd_row[4].gen_pd_col[3].u_pd/hit_latched_reg/clk        -       -       R     (arrival)             87     -   150     0     294    (-,-) 
  u_core_gen_pd_row[4].gen_pd_col[3].u_pd/hit_latched_reg/q          (u)     clk->q  R     unmapped_d_flop        9 100.8     0  1570    1864    (-,-) 
  u_core_gen_pd_row[4].gen_pd_col[3].u_pd/g116/z                     (u)     in_0->z R     unmapped_complex2     14 156.8     0   644    2507    (-,-) 
  u_core_gen_pd_row[4].gen_pd_col[3].u_pd/g413/z                     (u)     in_1->z F     unmapped_nand2         1  11.2     0   231    2739    (-,-) 
  u_core_gen_pd_row[4].gen_pd_col[3].u_pd/g409/z                     (u)     in_1->z R     unmapped_nand2         1  11.2     0   231    2970    (-,-) 
  u_core_gen_pd_row[4].gen_pd_col[3].u_pd/nfast_hit_latched_reg[5]/d -       -       R     unmapped_d_flop        1     -     -     0    2970    (-,-) 
#------------------------------------------------------------------------------------------------------------------------------------------------------

(u) : Net has unmapped pin(s).



Path 10: VIOLATED (-1846 ps) Setup Check with Pin u_core_gen_pd_row[4].gen_pd_col[3].u_pd/nfast_hit_latched_reg[4]/clk->d
           View: wc_view
          Group: clk_osc_fast_tap3
     Startpoint: (R) u_core_gen_pd_row[4].gen_pd_col[3].u_pd/hit_latched_reg/clk
          Clock: (R) clk_osc_fast_tap3
       Endpoint: (R) u_core_gen_pd_row[4].gen_pd_col[3].u_pd/nfast_hit_latched_reg[4]/d
          Clock: (R) clk_osc_fast_tap3

                     Capture       Launch     
        Clock Edge:+    1861          294     
       Src Latency:+       0            0     
       Net Latency:+       0 (I)        0 (I) 
           Arrival:=    1861          294     
                                              
             Setup:-     687                  
       Uncertainty:-      50                  
     Required Time:=    1124                  
      Launch Clock:-     294                  
         Data Path:-    2676                  
             Slack:=   -1846                  

#------------------------------------------------------------------------------------------------------------------------------------------------------
#                           Timing Point                             Flags    Arc    Edge       Cell         Fanout  Load Trans Delay Arrival Instance 
#                                                                                                                    (fF)  (ps)  (ps)   (ps)  Location 
#------------------------------------------------------------------------------------------------------------------------------------------------------
  u_core_gen_pd_row[4].gen_pd_col[3].u_pd/hit_latched_reg/clk        -       -       R     (arrival)             87     -   150     0     294    (-,-) 
  u_core_gen_pd_row[4].gen_pd_col[3].u_pd/hit_latched_reg/q          (u)     clk->q  R     unmapped_d_flop        9 100.8     0  1570    1864    (-,-) 
  u_core_gen_pd_row[4].gen_pd_col[3].u_pd/g116/z                     (u)     in_0->z R     unmapped_complex2     14 156.8     0   644    2507    (-,-) 
  u_core_gen_pd_row[4].gen_pd_col[3].u_pd/g416/z                     (u)     in_1->z F     unmapped_nand2         1  11.2     0   231    2739    (-,-) 
  u_core_gen_pd_row[4].gen_pd_col[3].u_pd/g408/z                     (u)     in_1->z R     unmapped_nand2         1  11.2     0   231    2970    (-,-) 
  u_core_gen_pd_row[4].gen_pd_col[3].u_pd/nfast_hit_latched_reg[4]/d -       -       R     unmapped_d_flop        1     -     -     0    2970    (-,-) 
#------------------------------------------------------------------------------------------------------------------------------------------------------

(u) : Net has unmapped pin(s).



Path 11: VIOLATED (-1846 ps) Setup Check with Pin u_core_gen_pd_row[4].gen_pd_col[3].u_pd/nfast_hit_latched_reg[3]/clk->d
           View: wc_view
          Group: clk_osc_fast_tap3
     Startpoint: (R) u_core_gen_pd_row[4].gen_pd_col[3].u_pd/hit_latched_reg/clk
          Clock: (R) clk_osc_fast_tap3
       Endpoint: (R) u_core_gen_pd_row[4].gen_pd_col[3].u_pd/nfast_hit_latched_reg[3]/d
          Clock: (R) clk_osc_fast_tap3

                     Capture       Launch     
        Clock Edge:+    1861          294     
       Src Latency:+       0            0     
       Net Latency:+       0 (I)        0 (I) 
           Arrival:=    1861          294     
                                              
             Setup:-     687                  
       Uncertainty:-      50                  
     Required Time:=    1124                  
      Launch Clock:-     294                  
         Data Path:-    2676                  
             Slack:=   -1846                  

#------------------------------------------------------------------------------------------------------------------------------------------------------
#                           Timing Point                             Flags    Arc    Edge       Cell         Fanout  Load Trans Delay Arrival Instance 
#                                                                                                                    (fF)  (ps)  (ps)   (ps)  Location 
#------------------------------------------------------------------------------------------------------------------------------------------------------
  u_core_gen_pd_row[4].gen_pd_col[3].u_pd/hit_latched_reg/clk        -       -       R     (arrival)             87     -   150     0     294    (-,-) 
  u_core_gen_pd_row[4].gen_pd_col[3].u_pd/hit_latched_reg/q          (u)     clk->q  R     unmapped_d_flop        9 100.8     0  1570    1864    (-,-) 
  u_core_gen_pd_row[4].gen_pd_col[3].u_pd/g116/z                     (u)     in_0->z R     unmapped_complex2     14 156.8     0   644    2507    (-,-) 
  u_core_gen_pd_row[4].gen_pd_col[3].u_pd/g419/z                     (u)     in_1->z F     unmapped_nand2         1  11.2     0   231    2739    (-,-) 
  u_core_gen_pd_row[4].gen_pd_col[3].u_pd/g410/z                     (u)     in_1->z R     unmapped_nand2         1  11.2     0   231    2970    (-,-) 
  u_core_gen_pd_row[4].gen_pd_col[3].u_pd/nfast_hit_latched_reg[3]/d -       -       R     unmapped_d_flop        1     -     -     0    2970    (-,-) 
#------------------------------------------------------------------------------------------------------------------------------------------------------

(u) : Net has unmapped pin(s).



Path 12: VIOLATED (-1846 ps) Setup Check with Pin u_core_gen_pd_row[4].gen_pd_col[3].u_pd/nfast_hit_latched_reg[2]/clk->d
           View: wc_view
          Group: clk_osc_fast_tap3
     Startpoint: (R) u_core_gen_pd_row[4].gen_pd_col[3].u_pd/hit_latched_reg/clk
          Clock: (R) clk_osc_fast_tap3
       Endpoint: (R) u_core_gen_pd_row[4].gen_pd_col[3].u_pd/nfast_hit_latched_reg[2]/d
          Clock: (R) clk_osc_fast_tap3

                     Capture       Launch     
        Clock Edge:+    1861          294     
       Src Latency:+       0            0     
       Net Latency:+       0 (I)        0 (I) 
           Arrival:=    1861          294     
                                              
             Setup:-     687                  
       Uncertainty:-      50                  
     Required Time:=    1124                  
      Launch Clock:-     294                  
         Data Path:-    2676                  
             Slack:=   -1846                  

#------------------------------------------------------------------------------------------------------------------------------------------------------
#                           Timing Point                             Flags    Arc    Edge       Cell         Fanout  Load Trans Delay Arrival Instance 
#                                                                                                                    (fF)  (ps)  (ps)   (ps)  Location 
#------------------------------------------------------------------------------------------------------------------------------------------------------
  u_core_gen_pd_row[4].gen_pd_col[3].u_pd/hit_latched_reg/clk        -       -       R     (arrival)             87     -   150     0     294    (-,-) 
  u_core_gen_pd_row[4].gen_pd_col[3].u_pd/hit_latched_reg/q          (u)     clk->q  R     unmapped_d_flop        9 100.8     0  1570    1864    (-,-) 
  u_core_gen_pd_row[4].gen_pd_col[3].u_pd/g116/z                     (u)     in_0->z R     unmapped_complex2     14 156.8     0   644    2507    (-,-) 
  u_core_gen_pd_row[4].gen_pd_col[3].u_pd/g422/z                     (u)     in_1->z F     unmapped_nand2         1  11.2     0   231    2739    (-,-) 
  u_core_gen_pd_row[4].gen_pd_col[3].u_pd/g405/z                     (u)     in_1->z R     unmapped_nand2         1  11.2     0   231    2970    (-,-) 
  u_core_gen_pd_row[4].gen_pd_col[3].u_pd/nfast_hit_latched_reg[2]/d -       -       R     unmapped_d_flop        1     -     -     0    2970    (-,-) 
#------------------------------------------------------------------------------------------------------------------------------------------------------

(u) : Net has unmapped pin(s).



Path 13: VIOLATED (-1846 ps) Setup Check with Pin u_core_gen_pd_row[4].gen_pd_col[3].u_pd/nfast_hit_latched_reg[1]/clk->d
           View: wc_view
          Group: clk_osc_fast_tap3
     Startpoint: (R) u_core_gen_pd_row[4].gen_pd_col[3].u_pd/hit_latched_reg/clk
          Clock: (R) clk_osc_fast_tap3
       Endpoint: (R) u_core_gen_pd_row[4].gen_pd_col[3].u_pd/nfast_hit_latched_reg[1]/d
          Clock: (R) clk_osc_fast_tap3

                     Capture       Launch     
        Clock Edge:+    1861          294     
       Src Latency:+       0            0     
       Net Latency:+       0 (I)        0 (I) 
           Arrival:=    1861          294     
                                              
             Setup:-     687                  
       Uncertainty:-      50                  
     Required Time:=    1124                  
      Launch Clock:-     294                  
         Data Path:-    2676                  
             Slack:=   -1846                  

#------------------------------------------------------------------------------------------------------------------------------------------------------
#                           Timing Point                             Flags    Arc    Edge       Cell         Fanout  Load Trans Delay Arrival Instance 
#                                                                                                                    (fF)  (ps)  (ps)   (ps)  Location 
#------------------------------------------------------------------------------------------------------------------------------------------------------
  u_core_gen_pd_row[4].gen_pd_col[3].u_pd/hit_latched_reg/clk        -       -       R     (arrival)             87     -   150     0     294    (-,-) 
  u_core_gen_pd_row[4].gen_pd_col[3].u_pd/hit_latched_reg/q          (u)     clk->q  R     unmapped_d_flop        9 100.8     0  1570    1864    (-,-) 
  u_core_gen_pd_row[4].gen_pd_col[3].u_pd/g116/z                     (u)     in_0->z R     unmapped_complex2     14 156.8     0   644    2507    (-,-) 
  u_core_gen_pd_row[4].gen_pd_col[3].u_pd/g425/z                     (u)     in_1->z F     unmapped_nand2         1  11.2     0   231    2739    (-,-) 
  u_core_gen_pd_row[4].gen_pd_col[3].u_pd/g404/z                     (u)     in_1->z R     unmapped_nand2         1  11.2     0   231    2970    (-,-) 
  u_core_gen_pd_row[4].gen_pd_col[3].u_pd/nfast_hit_latched_reg[1]/d -       -       R     unmapped_d_flop        1     -     -     0    2970    (-,-) 
#------------------------------------------------------------------------------------------------------------------------------------------------------

(u) : Net has unmapped pin(s).



Path 14: VIOLATED (-1846 ps) Setup Check with Pin u_core_gen_pd_row[4].gen_pd_col[3].u_pd/nfast_hit_latched_reg[0]/clk->d
           View: wc_view
          Group: clk_osc_fast_tap3
     Startpoint: (R) u_core_gen_pd_row[4].gen_pd_col[3].u_pd/hit_latched_reg/clk
          Clock: (R) clk_osc_fast_tap3
       Endpoint: (R) u_core_gen_pd_row[4].gen_pd_col[3].u_pd/nfast_hit_latched_reg[0]/d
          Clock: (R) clk_osc_fast_tap3

                     Capture       Launch     
        Clock Edge:+    1861          294     
       Src Latency:+       0            0     
       Net Latency:+       0 (I)        0 (I) 
           Arrival:=    1861          294     
                                              
             Setup:-     687                  
       Uncertainty:-      50                  
     Required Time:=    1124                  
      Launch Clock:-     294                  
         Data Path:-    2676                  
             Slack:=   -1846                  

#------------------------------------------------------------------------------------------------------------------------------------------------------
#                           Timing Point                             Flags    Arc    Edge       Cell         Fanout  Load Trans Delay Arrival Instance 
#                                                                                                                    (fF)  (ps)  (ps)   (ps)  Location 
#------------------------------------------------------------------------------------------------------------------------------------------------------
  u_core_gen_pd_row[4].gen_pd_col[3].u_pd/hit_latched_reg/clk        -       -       R     (arrival)             87     -   150     0     294    (-,-) 
  u_core_gen_pd_row[4].gen_pd_col[3].u_pd/hit_latched_reg/q          (u)     clk->q  R     unmapped_d_flop        9 100.8     0  1570    1864    (-,-) 
  u_core_gen_pd_row[4].gen_pd_col[3].u_pd/g116/z                     (u)     in_0->z R     unmapped_complex2     14 156.8     0   644    2507    (-,-) 
  u_core_gen_pd_row[4].gen_pd_col[3].u_pd/g417/z                     (u)     in_1->z F     unmapped_nand2         1  11.2     0   231    2739    (-,-) 
  u_core_gen_pd_row[4].gen_pd_col[3].u_pd/g403/z                     (u)     in_1->z R     unmapped_nand2         1  11.2     0   231    2970    (-,-) 
  u_core_gen_pd_row[4].gen_pd_col[3].u_pd/nfast_hit_latched_reg[0]/d -       -       R     unmapped_d_flop        1     -     -     0    2970    (-,-) 
#------------------------------------------------------------------------------------------------------------------------------------------------------

(u) : Net has unmapped pin(s).



Path 15: VIOLATED (-1846 ps) Setup Check with Pin u_core_gen_pd_row[3].gen_pd_col[3].u_pd/nfast_hit_latched_reg[6]/clk->d
           View: wc_view
          Group: clk_osc_fast_tap3
     Startpoint: (R) u_core_gen_pd_row[3].gen_pd_col[3].u_pd/hit_latched_reg/clk
          Clock: (R) clk_osc_fast_tap3
       Endpoint: (R) u_core_gen_pd_row[3].gen_pd_col[3].u_pd/nfast_hit_latched_reg[6]/d
          Clock: (R) clk_osc_fast_tap3

                     Capture       Launch     
        Clock Edge:+    1861          294     
       Src Latency:+       0            0     
       Net Latency:+       0 (I)        0 (I) 
           Arrival:=    1861          294     
                                              
             Setup:-     687                  
       Uncertainty:-      50                  
     Required Time:=    1124                  
      Launch Clock:-     294                  
         Data Path:-    2676                  
             Slack:=   -1846                  

#------------------------------------------------------------------------------------------------------------------------------------------------------
#                           Timing Point                             Flags    Arc    Edge       Cell         Fanout  Load Trans Delay Arrival Instance 
#                                                                                                                    (fF)  (ps)  (ps)   (ps)  Location 
#------------------------------------------------------------------------------------------------------------------------------------------------------
  u_core_gen_pd_row[3].gen_pd_col[3].u_pd/hit_latched_reg/clk        -       -       R     (arrival)             87     -   150     0     294    (-,-) 
  u_core_gen_pd_row[3].gen_pd_col[3].u_pd/hit_latched_reg/q          (u)     clk->q  R     unmapped_d_flop        9 100.8     0  1570    1864    (-,-) 
  u_core_gen_pd_row[3].gen_pd_col[3].u_pd/g116/z                     (u)     in_0->z R     unmapped_complex2     14 156.8     0   644    2507    (-,-) 
  u_core_gen_pd_row[3].gen_pd_col[3].u_pd/g412/z                     (u)     in_1->z F     unmapped_nand2         1  11.2     0   231    2739    (-,-) 
  u_core_gen_pd_row[3].gen_pd_col[3].u_pd/g406/z                     (u)     in_1->z R     unmapped_nand2         1  11.2     0   231    2970    (-,-) 
  u_core_gen_pd_row[3].gen_pd_col[3].u_pd/nfast_hit_latched_reg[6]/d -       -       R     unmapped_d_flop        1     -     -     0    2970    (-,-) 
#------------------------------------------------------------------------------------------------------------------------------------------------------

(u) : Net has unmapped pin(s).



Path 16: VIOLATED (-1846 ps) Setup Check with Pin u_core_gen_pd_row[3].gen_pd_col[3].u_pd/nfast_hit_latched_reg[5]/clk->d
           View: wc_view
          Group: clk_osc_fast_tap3
     Startpoint: (R) u_core_gen_pd_row[3].gen_pd_col[3].u_pd/hit_latched_reg/clk
          Clock: (R) clk_osc_fast_tap3
       Endpoint: (R) u_core_gen_pd_row[3].gen_pd_col[3].u_pd/nfast_hit_latched_reg[5]/d
          Clock: (R) clk_osc_fast_tap3

                     Capture       Launch     
        Clock Edge:+    1861          294     
       Src Latency:+       0            0     
       Net Latency:+       0 (I)        0 (I) 
           Arrival:=    1861          294     
                                              
             Setup:-     687                  
       Uncertainty:-      50                  
     Required Time:=    1124                  
      Launch Clock:-     294                  
         Data Path:-    2676                  
             Slack:=   -1846                  

#------------------------------------------------------------------------------------------------------------------------------------------------------
#                           Timing Point                             Flags    Arc    Edge       Cell         Fanout  Load Trans Delay Arrival Instance 
#                                                                                                                    (fF)  (ps)  (ps)   (ps)  Location 
#------------------------------------------------------------------------------------------------------------------------------------------------------
  u_core_gen_pd_row[3].gen_pd_col[3].u_pd/hit_latched_reg/clk        -       -       R     (arrival)             87     -   150     0     294    (-,-) 
  u_core_gen_pd_row[3].gen_pd_col[3].u_pd/hit_latched_reg/q          (u)     clk->q  R     unmapped_d_flop        9 100.8     0  1570    1864    (-,-) 
  u_core_gen_pd_row[3].gen_pd_col[3].u_pd/g116/z                     (u)     in_0->z R     unmapped_complex2     14 156.8     0   644    2507    (-,-) 
  u_core_gen_pd_row[3].gen_pd_col[3].u_pd/g413/z                     (u)     in_1->z F     unmapped_nand2         1  11.2     0   231    2739    (-,-) 
  u_core_gen_pd_row[3].gen_pd_col[3].u_pd/g409/z                     (u)     in_1->z R     unmapped_nand2         1  11.2     0   231    2970    (-,-) 
  u_core_gen_pd_row[3].gen_pd_col[3].u_pd/nfast_hit_latched_reg[5]/d -       -       R     unmapped_d_flop        1     -     -     0    2970    (-,-) 
#------------------------------------------------------------------------------------------------------------------------------------------------------

(u) : Net has unmapped pin(s).



Path 17: VIOLATED (-1846 ps) Setup Check with Pin u_core_gen_pd_row[3].gen_pd_col[3].u_pd/nfast_hit_latched_reg[4]/clk->d
           View: wc_view
          Group: clk_osc_fast_tap3
     Startpoint: (R) u_core_gen_pd_row[3].gen_pd_col[3].u_pd/hit_latched_reg/clk
          Clock: (R) clk_osc_fast_tap3
       Endpoint: (R) u_core_gen_pd_row[3].gen_pd_col[3].u_pd/nfast_hit_latched_reg[4]/d
          Clock: (R) clk_osc_fast_tap3

                     Capture       Launch     
        Clock Edge:+    1861          294     
       Src Latency:+       0            0     
       Net Latency:+       0 (I)        0 (I) 
           Arrival:=    1861          294     
                                              
             Setup:-     687                  
       Uncertainty:-      50                  
     Required Time:=    1124                  
      Launch Clock:-     294                  
         Data Path:-    2676                  
             Slack:=   -1846                  

#------------------------------------------------------------------------------------------------------------------------------------------------------
#                           Timing Point                             Flags    Arc    Edge       Cell         Fanout  Load Trans Delay Arrival Instance 
#                                                                                                                    (fF)  (ps)  (ps)   (ps)  Location 
#------------------------------------------------------------------------------------------------------------------------------------------------------
  u_core_gen_pd_row[3].gen_pd_col[3].u_pd/hit_latched_reg/clk        -       -       R     (arrival)             87     -   150     0     294    (-,-) 
  u_core_gen_pd_row[3].gen_pd_col[3].u_pd/hit_latched_reg/q          (u)     clk->q  R     unmapped_d_flop        9 100.8     0  1570    1864    (-,-) 
  u_core_gen_pd_row[3].gen_pd_col[3].u_pd/g116/z                     (u)     in_0->z R     unmapped_complex2     14 156.8     0   644    2507    (-,-) 
  u_core_gen_pd_row[3].gen_pd_col[3].u_pd/g416/z                     (u)     in_1->z F     unmapped_nand2         1  11.2     0   231    2739    (-,-) 
  u_core_gen_pd_row[3].gen_pd_col[3].u_pd/g408/z                     (u)     in_1->z R     unmapped_nand2         1  11.2     0   231    2970    (-,-) 
  u_core_gen_pd_row[3].gen_pd_col[3].u_pd/nfast_hit_latched_reg[4]/d -       -       R     unmapped_d_flop        1     -     -     0    2970    (-,-) 
#------------------------------------------------------------------------------------------------------------------------------------------------------

(u) : Net has unmapped pin(s).



Path 18: VIOLATED (-1846 ps) Setup Check with Pin u_core_gen_pd_row[3].gen_pd_col[3].u_pd/nfast_hit_latched_reg[3]/clk->d
           View: wc_view
          Group: clk_osc_fast_tap3
     Startpoint: (R) u_core_gen_pd_row[3].gen_pd_col[3].u_pd/hit_latched_reg/clk
          Clock: (R) clk_osc_fast_tap3
       Endpoint: (R) u_core_gen_pd_row[3].gen_pd_col[3].u_pd/nfast_hit_latched_reg[3]/d
          Clock: (R) clk_osc_fast_tap3

                     Capture       Launch     
        Clock Edge:+    1861          294     
       Src Latency:+       0            0     
       Net Latency:+       0 (I)        0 (I) 
           Arrival:=    1861          294     
                                              
             Setup:-     687                  
       Uncertainty:-      50                  
     Required Time:=    1124                  
      Launch Clock:-     294                  
         Data Path:-    2676                  
             Slack:=   -1846                  

#------------------------------------------------------------------------------------------------------------------------------------------------------
#                           Timing Point                             Flags    Arc    Edge       Cell         Fanout  Load Trans Delay Arrival Instance 
#                                                                                                                    (fF)  (ps)  (ps)   (ps)  Location 
#------------------------------------------------------------------------------------------------------------------------------------------------------
  u_core_gen_pd_row[3].gen_pd_col[3].u_pd/hit_latched_reg/clk        -       -       R     (arrival)             87     -   150     0     294    (-,-) 
  u_core_gen_pd_row[3].gen_pd_col[3].u_pd/hit_latched_reg/q          (u)     clk->q  R     unmapped_d_flop        9 100.8     0  1570    1864    (-,-) 
  u_core_gen_pd_row[3].gen_pd_col[3].u_pd/g116/z                     (u)     in_0->z R     unmapped_complex2     14 156.8     0   644    2507    (-,-) 
  u_core_gen_pd_row[3].gen_pd_col[3].u_pd/g419/z                     (u)     in_1->z F     unmapped_nand2         1  11.2     0   231    2739    (-,-) 
  u_core_gen_pd_row[3].gen_pd_col[3].u_pd/g410/z                     (u)     in_1->z R     unmapped_nand2         1  11.2     0   231    2970    (-,-) 
  u_core_gen_pd_row[3].gen_pd_col[3].u_pd/nfast_hit_latched_reg[3]/d -       -       R     unmapped_d_flop        1     -     -     0    2970    (-,-) 
#------------------------------------------------------------------------------------------------------------------------------------------------------

(u) : Net has unmapped pin(s).



Path 19: VIOLATED (-1846 ps) Setup Check with Pin u_core_gen_pd_row[3].gen_pd_col[3].u_pd/nfast_hit_latched_reg[2]/clk->d
           View: wc_view
          Group: clk_osc_fast_tap3
     Startpoint: (R) u_core_gen_pd_row[3].gen_pd_col[3].u_pd/hit_latched_reg/clk
          Clock: (R) clk_osc_fast_tap3
       Endpoint: (R) u_core_gen_pd_row[3].gen_pd_col[3].u_pd/nfast_hit_latched_reg[2]/d
          Clock: (R) clk_osc_fast_tap3

                     Capture       Launch     
        Clock Edge:+    1861          294     
       Src Latency:+       0            0     
       Net Latency:+       0 (I)        0 (I) 
           Arrival:=    1861          294     
                                              
             Setup:-     687                  
       Uncertainty:-      50                  
     Required Time:=    1124                  
      Launch Clock:-     294                  
         Data Path:-    2676                  
             Slack:=   -1846                  

#------------------------------------------------------------------------------------------------------------------------------------------------------
#                           Timing Point                             Flags    Arc    Edge       Cell         Fanout  Load Trans Delay Arrival Instance 
#                                                                                                                    (fF)  (ps)  (ps)   (ps)  Location 
#------------------------------------------------------------------------------------------------------------------------------------------------------
  u_core_gen_pd_row[3].gen_pd_col[3].u_pd/hit_latched_reg/clk        -       -       R     (arrival)             87     -   150     0     294    (-,-) 
  u_core_gen_pd_row[3].gen_pd_col[3].u_pd/hit_latched_reg/q          (u)     clk->q  R     unmapped_d_flop        9 100.8     0  1570    1864    (-,-) 
  u_core_gen_pd_row[3].gen_pd_col[3].u_pd/g116/z                     (u)     in_0->z R     unmapped_complex2     14 156.8     0   644    2507    (-,-) 
  u_core_gen_pd_row[3].gen_pd_col[3].u_pd/g422/z                     (u)     in_1->z F     unmapped_nand2         1  11.2     0   231    2739    (-,-) 
  u_core_gen_pd_row[3].gen_pd_col[3].u_pd/g405/z                     (u)     in_1->z R     unmapped_nand2         1  11.2     0   231    2970    (-,-) 
  u_core_gen_pd_row[3].gen_pd_col[3].u_pd/nfast_hit_latched_reg[2]/d -       -       R     unmapped_d_flop        1     -     -     0    2970    (-,-) 
#------------------------------------------------------------------------------------------------------------------------------------------------------

(u) : Net has unmapped pin(s).



Path 20: VIOLATED (-1846 ps) Setup Check with Pin u_core_gen_pd_row[3].gen_pd_col[3].u_pd/nfast_hit_latched_reg[1]/clk->d
           View: wc_view
          Group: clk_osc_fast_tap3
     Startpoint: (R) u_core_gen_pd_row[3].gen_pd_col[3].u_pd/hit_latched_reg/clk
          Clock: (R) clk_osc_fast_tap3
       Endpoint: (R) u_core_gen_pd_row[3].gen_pd_col[3].u_pd/nfast_hit_latched_reg[1]/d
          Clock: (R) clk_osc_fast_tap3

                     Capture       Launch     
        Clock Edge:+    1861          294     
       Src Latency:+       0            0     
       Net Latency:+       0 (I)        0 (I) 
           Arrival:=    1861          294     
                                              
             Setup:-     687                  
       Uncertainty:-      50                  
     Required Time:=    1124                  
      Launch Clock:-     294                  
         Data Path:-    2676                  
             Slack:=   -1846                  

#------------------------------------------------------------------------------------------------------------------------------------------------------
#                           Timing Point                             Flags    Arc    Edge       Cell         Fanout  Load Trans Delay Arrival Instance 
#                                                                                                                    (fF)  (ps)  (ps)   (ps)  Location 
#------------------------------------------------------------------------------------------------------------------------------------------------------
  u_core_gen_pd_row[3].gen_pd_col[3].u_pd/hit_latched_reg/clk        -       -       R     (arrival)             87     -   150     0     294    (-,-) 
  u_core_gen_pd_row[3].gen_pd_col[3].u_pd/hit_latched_reg/q          (u)     clk->q  R     unmapped_d_flop        9 100.8     0  1570    1864    (-,-) 
  u_core_gen_pd_row[3].gen_pd_col[3].u_pd/g116/z                     (u)     in_0->z R     unmapped_complex2     14 156.8     0   644    2507    (-,-) 
  u_core_gen_pd_row[3].gen_pd_col[3].u_pd/g425/z                     (u)     in_1->z F     unmapped_nand2         1  11.2     0   231    2739    (-,-) 
  u_core_gen_pd_row[3].gen_pd_col[3].u_pd/g404/z                     (u)     in_1->z R     unmapped_nand2         1  11.2     0   231    2970    (-,-) 
  u_core_gen_pd_row[3].gen_pd_col[3].u_pd/nfast_hit_latched_reg[1]/d -       -       R     unmapped_d_flop        1     -     -     0    2970    (-,-) 
#------------------------------------------------------------------------------------------------------------------------------------------------------

(u) : Net has unmapped pin(s).


