MPTDC extra PD/reset audit
==========================
Generated: 2026-05-18 16:43:31 CEST

Pattern *gen_pd_row*gen_pd_col*u_pd* matched 64 cells
  u_core_gen_pd_row[0].gen_pd_col[0].u_pd
  u_core_gen_pd_row[0].gen_pd_col[1].u_pd
  u_core_gen_pd_row[0].gen_pd_col[2].u_pd
  u_core_gen_pd_row[0].gen_pd_col[3].u_pd
  u_core_gen_pd_row[0].gen_pd_col[4].u_pd
  u_core_gen_pd_row[0].gen_pd_col[5].u_pd
  u_core_gen_pd_row[0].gen_pd_col[6].u_pd
  u_core_gen_pd_row[0].gen_pd_col[7].u_pd
  u_core_gen_pd_row[1].gen_pd_col[0].u_pd
  u_core_gen_pd_row[1].gen_pd_col[1].u_pd
  u_core_gen_pd_row[1].gen_pd_col[2].u_pd
  u_core_gen_pd_row[1].gen_pd_col[3].u_pd
  u_core_gen_pd_row[1].gen_pd_col[4].u_pd
  u_core_gen_pd_row[1].gen_pd_col[5].u_pd
  u_core_gen_pd_row[1].gen_pd_col[6].u_pd
  u_core_gen_pd_row[1].gen_pd_col[7].u_pd
  u_core_gen_pd_row[2].gen_pd_col[0].u_pd
  u_core_gen_pd_row[2].gen_pd_col[1].u_pd
  u_core_gen_pd_row[2].gen_pd_col[2].u_pd
  u_core_gen_pd_row[2].gen_pd_col[3].u_pd
  u_core_gen_pd_row[2].gen_pd_col[4].u_pd
  u_core_gen_pd_row[2].gen_pd_col[5].u_pd
  u_core_gen_pd_row[2].gen_pd_col[6].u_pd
  u_core_gen_pd_row[2].gen_pd_col[7].u_pd
  u_core_gen_pd_row[3].gen_pd_col[0].u_pd
  u_core_gen_pd_row[3].gen_pd_col[1].u_pd
  u_core_gen_pd_row[3].gen_pd_col[2].u_pd
  u_core_gen_pd_row[3].gen_pd_col[3].u_pd
  u_core_gen_pd_row[3].gen_pd_col[4].u_pd
  u_core_gen_pd_row[3].gen_pd_col[5].u_pd
  u_core_gen_pd_row[3].gen_pd_col[6].u_pd
  u_core_gen_pd_row[3].gen_pd_col[7].u_pd
  u_core_gen_pd_row[4].gen_pd_col[0].u_pd
  u_core_gen_pd_row[4].gen_pd_col[1].u_pd
  u_core_gen_pd_row[4].gen_pd_col[2].u_pd
  u_core_gen_pd_row[4].gen_pd_col[3].u_pd
  u_core_gen_pd_row[4].gen_pd_col[4].u_pd
  u_core_gen_pd_row[4].gen_pd_col[5].u_pd
  u_core_gen_pd_row[4].gen_pd_col[6].u_pd
  u_core_gen_pd_row[4].gen_pd_col[7].u_pd
  u_core_gen_pd_row[5].gen_pd_col[0].u_pd
  u_core_gen_pd_row[5].gen_pd_col[1].u_pd
  u_core_gen_pd_row[5].gen_pd_col[2].u_pd
  u_core_gen_pd_row[5].gen_pd_col[3].u_pd
  u_core_gen_pd_row[5].gen_pd_col[4].u_pd
  u_core_gen_pd_row[5].gen_pd_col[5].u_pd
  u_core_gen_pd_row[5].gen_pd_col[6].u_pd
  u_core_gen_pd_row[5].gen_pd_col[7].u_pd
  u_core_gen_pd_row[6].gen_pd_col[0].u_pd
  u_core_gen_pd_row[6].gen_pd_col[1].u_pd
  u_core_gen_pd_row[6].gen_pd_col[2].u_pd
  u_core_gen_pd_row[6].gen_pd_col[3].u_pd
  u_core_gen_pd_row[6].gen_pd_col[4].u_pd
  u_core_gen_pd_row[6].gen_pd_col[5].u_pd
  u_core_gen_pd_row[6].gen_pd_col[6].u_pd
  u_core_gen_pd_row[6].gen_pd_col[7].u_pd
  u_core_gen_pd_row[7].gen_pd_col[0].u_pd
  u_core_gen_pd_row[7].gen_pd_col[1].u_pd
  u_core_gen_pd_row[7].gen_pd_col[2].u_pd
  u_core_gen_pd_row[7].gen_pd_col[3].u_pd
  u_core_gen_pd_row[7].gen_pd_col[4].u_pd
  u_core_gen_pd_row[7].gen_pd_col[5].u_pd
  u_core_gen_pd_row[7].gen_pd_col[6].u_pd
  u_core_gen_pd_row[7].gen_pd_col[7].u_pd

Pattern *mptdc_pd_cell* matched 0 cells

Pattern *u_pd* matched 64 cells
  u_core_gen_pd_row[0].gen_pd_col[0].u_pd
  u_core_gen_pd_row[0].gen_pd_col[1].u_pd
  u_core_gen_pd_row[0].gen_pd_col[2].u_pd
  u_core_gen_pd_row[0].gen_pd_col[3].u_pd
  u_core_gen_pd_row[0].gen_pd_col[4].u_pd
  u_core_gen_pd_row[0].gen_pd_col[5].u_pd
  u_core_gen_pd_row[0].gen_pd_col[6].u_pd
  u_core_gen_pd_row[0].gen_pd_col[7].u_pd
  u_core_gen_pd_row[1].gen_pd_col[0].u_pd
  u_core_gen_pd_row[1].gen_pd_col[1].u_pd
  u_core_gen_pd_row[1].gen_pd_col[2].u_pd
  u_core_gen_pd_row[1].gen_pd_col[3].u_pd
  u_core_gen_pd_row[1].gen_pd_col[4].u_pd
  u_core_gen_pd_row[1].gen_pd_col[5].u_pd
  u_core_gen_pd_row[1].gen_pd_col[6].u_pd
  u_core_gen_pd_row[1].gen_pd_col[7].u_pd
  u_core_gen_pd_row[2].gen_pd_col[0].u_pd
  u_core_gen_pd_row[2].gen_pd_col[1].u_pd
  u_core_gen_pd_row[2].gen_pd_col[2].u_pd
  u_core_gen_pd_row[2].gen_pd_col[3].u_pd
  u_core_gen_pd_row[2].gen_pd_col[4].u_pd
  u_core_gen_pd_row[2].gen_pd_col[5].u_pd
  u_core_gen_pd_row[2].gen_pd_col[6].u_pd
  u_core_gen_pd_row[2].gen_pd_col[7].u_pd
  u_core_gen_pd_row[3].gen_pd_col[0].u_pd
  u_core_gen_pd_row[3].gen_pd_col[1].u_pd
  u_core_gen_pd_row[3].gen_pd_col[2].u_pd
  u_core_gen_pd_row[3].gen_pd_col[3].u_pd
  u_core_gen_pd_row[3].gen_pd_col[4].u_pd
  u_core_gen_pd_row[3].gen_pd_col[5].u_pd
  u_core_gen_pd_row[3].gen_pd_col[6].u_pd
  u_core_gen_pd_row[3].gen_pd_col[7].u_pd
  u_core_gen_pd_row[4].gen_pd_col[0].u_pd
  u_core_gen_pd_row[4].gen_pd_col[1].u_pd
  u_core_gen_pd_row[4].gen_pd_col[2].u_pd
  u_core_gen_pd_row[4].gen_pd_col[3].u_pd
  u_core_gen_pd_row[4].gen_pd_col[4].u_pd
  u_core_gen_pd_row[4].gen_pd_col[5].u_pd
  u_core_gen_pd_row[4].gen_pd_col[6].u_pd
  u_core_gen_pd_row[4].gen_pd_col[7].u_pd
  u_core_gen_pd_row[5].gen_pd_col[0].u_pd
  u_core_gen_pd_row[5].gen_pd_col[1].u_pd
  u_core_gen_pd_row[5].gen_pd_col[2].u_pd
  u_core_gen_pd_row[5].gen_pd_col[3].u_pd
  u_core_gen_pd_row[5].gen_pd_col[4].u_pd
  u_core_gen_pd_row[5].gen_pd_col[5].u_pd
  u_core_gen_pd_row[5].gen_pd_col[6].u_pd
  u_core_gen_pd_row[5].gen_pd_col[7].u_pd
  u_core_gen_pd_row[6].gen_pd_col[0].u_pd
  u_core_gen_pd_row[6].gen_pd_col[1].u_pd
  u_core_gen_pd_row[6].gen_pd_col[2].u_pd
  u_core_gen_pd_row[6].gen_pd_col[3].u_pd
  u_core_gen_pd_row[6].gen_pd_col[4].u_pd
  u_core_gen_pd_row[6].gen_pd_col[5].u_pd
  u_core_gen_pd_row[6].gen_pd_col[6].u_pd
  u_core_gen_pd_row[6].gen_pd_col[7].u_pd
  u_core_gen_pd_row[7].gen_pd_col[0].u_pd
  u_core_gen_pd_row[7].gen_pd_col[1].u_pd
  u_core_gen_pd_row[7].gen_pd_col[2].u_pd
  u_core_gen_pd_row[7].gen_pd_col[3].u_pd
  u_core_gen_pd_row[7].gen_pd_col[4].u_pd
  u_core_gen_pd_row[7].gen_pd_col[5].u_pd
  u_core_gen_pd_row[7].gen_pd_col[6].u_pd
  u_core_gen_pd_row[7].gen_pd_col[7].u_pd

Reset sync cells matched 8
  u_core_u_rst_drain_sync
  u_core_u_rst_fast_sync
  u_core_u_rst_fifo_sync
  u_core_u_rst_status_sync
  u_core_u_rst_tx_sync
  u_core_u_rst_wdt_sync
  u_rst_core_sync
  u_rst_csr_sync
