============================================================
  Generated by:           Genus(TM) Synthesis Solution 22.13-s093_1
  Generated on:           Jun 02 2026  12:44:30 pm
  Module:                 mptdc_top_asic
  Operating conditions:   slow_1_62V_125C 
  Interconnect mode:      global
  Area mode:              physical library
============================================================

Timing
--------

Analysis view       Clock       Period 
---------------------------------------
wc_view       clk_osc_fast       900.0 
              clk_osc_fast_tap1  900.0 
              clk_osc_fast_tap2  900.0 
              clk_osc_fast_tap3  900.0 
              clk_osc_fast_tap4  900.0 
              clk_osc_fast_tap5  900.0 
              clk_osc_fast_tap6  900.0 
              clk_osc_fast_tap7  900.0 
              clk_osc_slow      1000.0 
              clk_osc_slow_tap1 1000.0 
              clk_osc_slow_tap2 1000.0 
              clk_osc_slow_tap3 1000.0 
              clk_osc_slow_tap4 1000.0 
              clk_osc_slow_tap5 1000.0 
              clk_osc_slow_tap6 1000.0 
              clk_osc_slow_tap7 1000.0 
              clk_sys           6250.0 


Analysis        Cost        Critical              Violating 
  View         Group       Path Slack     TNS       Paths   
------------------------------------------------------------
wc_view       clk_osc_fast    -2011.9  -151468.6         80 
         clk_osc_fast_tap1    -2011.9  -150267.7         79 
         clk_osc_fast_tap2    -2011.9  -150267.7         79 
         clk_osc_fast_tap3    -2022.6  -150866.9         79 
         clk_osc_fast_tap4    -2022.6  -150866.9         79 
         clk_osc_fast_tap5    -2022.6  -150866.9         79 
         clk_osc_fast_tap6    -2022.6  -150866.9         79 
         clk_osc_fast_tap7    -2011.9  -150267.7         79 
              clk_osc_slow    -1171.4   -65626.7         64 
         clk_osc_slow_tap1   No paths        0.0          0 
         clk_osc_slow_tap2   No paths        0.0          0 
         clk_osc_slow_tap3   No paths        0.0          0 
         clk_osc_slow_tap4   No paths        0.0          0 
         clk_osc_slow_tap5   No paths        0.0          0 
         clk_osc_slow_tap6   No paths        0.0          0 
         clk_osc_slow_tap7   No paths        0.0          0 
                   clk_sys    -1727.2   -98192.2         80 
                   default   No paths        0.0          0 
------------------------------------------------------------
Total                                 -1369558.2        777 
                                                            

Instance Count
--------------
Leaf Instance Count             28886 
Physical Instance count             0 
Sequential Instance Count        5697 
Combinational Instance Count    23189 
Hierarchical Instance Count        97 

Area
----
Cell Area                          609652.472
Physical Cell Area                 0.000
Total Cell Area (Cell+Physical)    609652.472
Net Area                           766.718
Total Area (Cell+Physical+Net)     610419.190

Power
-----
Leakage Power                      6107.957 nW
Dynamic Power                      86565264.426 nW
Total Power                        86571372.383 nW

Max Fanout                         4859 (clk_sys)
Min Fanout                         0 (local_async_rst_n)
Average Fanout                     2.1
Terms to net ratio                 3.9675
Terms to instance ratio            4.0609
Runtime                            190.283648 seconds
Elapsed Runtime                    188 seconds
Genus peak memory usage            2221.81 
Innovus peak memory usage          no_value 
Hostname                           lyoelectrosrv01.in2p3.fr
