STEP=ROUTE_GEOMETRY_PROBE
SOURCE_PNR_RUN_ID=20260824_154115_mptdc_bufftap0_pnrlef35_physical
SOURCE_CHECKPOINT=/sim/ksabra/SPADMIC_work/innovus/20260824_154115_mptdc_bufftap0_pnrlef35_physical/checkpoints/04_route_failed.enc.dat
PROBE_RC=0
PROBE_METHOD=READ_ONLY_TARGET_NET_PIN_WIRE_VIA_PG_GEOMETRY
COMMAND_1_STATUS=FAIL
INITIAL_DRC=3
INITIAL_SHORTS=1
INITIAL_REGULAR_CONNECTIVITY_BAD=0
INITIAL_SPECIAL_CONNECTIVITY_BAD=1
INITIAL_SPECIAL_CONNECTIVITY_RAW_BAD=1
INITIAL_SPECIAL_CONNECTIVITY_NON_RO_FAILURES=0
INITIAL_SPECIAL_DANGLING_COUNT=12
FINAL_DRC=3
FINAL_SHORTS=1
FINAL_REGULAR_CONNECTIVITY_BAD=0
FINAL_SPECIAL_CONNECTIVITY_BAD=1
FINAL_SPECIAL_CONNECTIVITY_RAW_BAD=1
FINAL_SPECIAL_CONNECTIVITY_NON_RO_FAILURES=0
FINAL_SPECIAL_DANGLING_COUNT=12
CHECKPOINT_REPAIR_STATUS=FAIL_COMMAND
FINAL_CHECKPOINT_DAT_EXISTS=1
PROBE_STATUS=FAIL
TARGET_NET_COUNT=3
TARGET_NET_WITH_INSTTERMS_COUNT=3
TARGET_NET_WITH_PIN_GEOMETRY_COUNT=0
TARGET_INSTTERM_COUNT=6
TARGET_INSTTERM_PIN_GEOMETRY_COUNT=0
TARGET_WIRE_COUNT=30
TARGET_VIA_COUNT=14
NEARBY_PG_SHAPE_COUNT=18
HELP_CAPTURE_STATUS=PASS
HELP_CAPTURE_PASS_COUNT=12
SCHEMA_CAPTURE_STATUS=PASS
SCHEMA_CAPTURE_PASS_COUNT=7
ro_slow_tap0_o_COUNT=1
ro_fast_tap0_o_COUNT=1
RO_TAP_OBSERVABILITY_PIN_COUNT=2
PROBE_GATE_MODE=FAIL
DECISION=FAIL_STOP
