============================================================
  Generated by:           Genus(TM) Synthesis Solution 22.13-s093_1
  Generated on:           Jul 06 2026  11:48:58 am
  Module:                 mptdc_axis_core
  Operating conditions:   typ_1_80V_25C 
  Interconnect mode:      global
  Area mode:              physical library
============================================================

Timing
--------

Analysis view         Clock         Period 
-------------------------------------------
tc_view       clk_osc_fast          1333.0 
              clk_osc_fast_buf_tap0 1333.0 
              clk_osc_fast_buf_tap1 1333.0 
              clk_osc_fast_buf_tap2 1333.0 
              clk_osc_fast_buf_tap3 1333.0 
              clk_osc_fast_buf_tap4 1333.0 
              clk_osc_fast_buf_tap5 1333.0 
              clk_osc_fast_buf_tap6 1333.0 
              clk_osc_fast_buf_tap7 1333.0 
              clk_osc_fast_tap1     1333.0 
              clk_osc_fast_tap2     1333.0 
              clk_osc_fast_tap3     1333.0 
              clk_osc_fast_tap4     1333.0 
              clk_osc_fast_tap5     1333.0 
              clk_osc_fast_tap6     1333.0 
              clk_osc_fast_tap7     1333.0 
              clk_osc_slow          1430.0 
              clk_osc_slow_buf_tap0 1430.0 
              clk_osc_slow_buf_tap1 1430.0 
              clk_osc_slow_buf_tap2 1430.0 
              clk_osc_slow_buf_tap3 1430.0 
              clk_osc_slow_buf_tap4 1430.0 
              clk_osc_slow_buf_tap5 1430.0 
              clk_osc_slow_buf_tap6 1430.0 
              clk_osc_slow_buf_tap7 1430.0 
              clk_osc_slow_tap1     1430.0 
              clk_osc_slow_tap2     1430.0 
              clk_osc_slow_tap3     1430.0 
              clk_osc_slow_tap4     1430.0 
              clk_osc_slow_tap5     1430.0 
              clk_osc_slow_tap6     1430.0 
              clk_osc_slow_tap7     1430.0 
              clk_sys               6250.0 


Analysis          Cost          Critical            Violating 
  View           Group         Path Slack    TNS      Paths   
--------------------------------------------------------------
tc_view           clk_osc_fast   No paths      0.0          0 
         clk_osc_fast_buf_tap0      -68.5  -3842.8         57 
         clk_osc_fast_buf_tap1      -68.5  -3765.8         57 
         clk_osc_fast_buf_tap2      -73.9  -4145.2         57 
         clk_osc_fast_buf_tap3      -73.9  -4145.2         57 
         clk_osc_fast_buf_tap4      -73.9  -4069.6         57 
         clk_osc_fast_buf_tap5      -73.9  -3992.6         57 
         clk_osc_fast_buf_tap6      -73.9  -4145.2         57 
         clk_osc_fast_buf_tap7      -73.9  -4145.2         57 
             clk_osc_fast_tap1   No paths      0.0          0 
             clk_osc_fast_tap2   No paths      0.0          0 
             clk_osc_fast_tap3   No paths      0.0          0 
             clk_osc_fast_tap4   No paths      0.0          0 
             clk_osc_fast_tap5   No paths      0.0          0 
             clk_osc_fast_tap6   No paths      0.0          0 
             clk_osc_fast_tap7   No paths      0.0          0 
                  clk_osc_slow   No paths      0.0          0 
         clk_osc_slow_buf_tap0      382.5      0.0          0 
         clk_osc_slow_buf_tap1   No paths      0.0          0 
         clk_osc_slow_buf_tap2   No paths      0.0          0 
         clk_osc_slow_buf_tap3   No paths      0.0          0 
         clk_osc_slow_buf_tap4   No paths      0.0          0 
         clk_osc_slow_buf_tap5   No paths      0.0          0 
         clk_osc_slow_buf_tap6   No paths      0.0          0 
         clk_osc_slow_buf_tap7   No paths      0.0          0 
             clk_osc_slow_tap1   No paths      0.0          0 
             clk_osc_slow_tap2   No paths      0.0          0 
             clk_osc_slow_tap3   No paths      0.0          0 
             clk_osc_slow_tap4   No paths      0.0          0 
             clk_osc_slow_tap5   No paths      0.0          0 
             clk_osc_slow_tap6   No paths      0.0          0 
             clk_osc_slow_tap7   No paths      0.0          0 
                       clk_sys     1301.5      0.0          0 
                       default   No paths      0.0          0 
--------------------------------------------------------------
Total                                     -32251.6        456 
                                                              

Instance Count
--------------
Leaf Instance Count             18100 
Physical Instance count             0 
Sequential Instance Count        4833 
Combinational Instance Count    13267 
Hierarchical Instance Count        87 

Area
----
Cell Area                          435553.126
Physical Cell Area                 0.000
Total Cell Area (Cell+Physical)    435553.126
Net Area                           578.951
Total Area (Cell+Physical+Net)     436132.077

Max Fanout                         3982 (clk_sys)
Min Fanout                         0 (local_async_rst_n)
Average Fanout                     2.3
Terms to net ratio                 4.1167
Terms to instance ratio            4.4256
Runtime                            190.82573200000002 seconds
Elapsed Runtime                    191 seconds
Genus peak memory usage            2061.46 
Innovus peak memory usage          no_value 
Hostname                           lyoelectrosrv01.in2p3.fr
