============================================================
  Generated by:           Genus(TM) Synthesis Solution 22.13-s093_1
  Generated on:           Jun 04 2026  12:06:24 pm
  Module:                 mptdc_top_asic
  Operating conditions:   typ_1_80V_25C 
  Interconnect mode:      global
  Area mode:              physical library
============================================================

Timing
--------

Analysis view       Clock       Period 
---------------------------------------
tc_view       clk_osc_fast       900.0 
              clk_osc_fast_tap1  900.0 
              clk_osc_fast_tap2  900.0 
              clk_osc_fast_tap3  900.0 
              clk_osc_fast_tap4  900.0 
              clk_osc_fast_tap5  900.0 
              clk_osc_fast_tap6  900.0 
              clk_osc_fast_tap7  900.0 
              clk_osc_slow      1000.0 
              clk_osc_slow_tap1 1000.0 
              clk_osc_slow_tap2 1000.0 
              clk_osc_slow_tap3 1000.0 
              clk_osc_slow_tap4 1000.0 
              clk_osc_slow_tap5 1000.0 
              clk_osc_slow_tap6 1000.0 
              clk_osc_slow_tap7 1000.0 
              clk_sys           6250.0 


Analysis        Cost        Critical             Violating 
  View         Group       Path Slack    TNS       Paths   
-----------------------------------------------------------
tc_view       clk_osc_fast     -416.5  -30860.6         87 
         clk_osc_fast_tap1     -390.8  -29486.3         87 
         clk_osc_fast_tap2     -390.8  -29486.1         87 
         clk_osc_fast_tap3     -390.9  -29385.9         87 
         clk_osc_fast_tap4     -390.9  -29384.9         87 
         clk_osc_fast_tap5     -390.9  -29386.7         87 
         clk_osc_fast_tap6     -394.5  -29715.8         87 
         clk_osc_fast_tap7     -390.8  -29487.5         87 
              clk_osc_slow       18.8       0.0          0 
         clk_osc_slow_tap1   No paths       0.0          0 
         clk_osc_slow_tap2   No paths       0.0          0 
         clk_osc_slow_tap3   No paths       0.0          0 
         clk_osc_slow_tap4   No paths       0.0          0 
         clk_osc_slow_tap5   No paths       0.0          0 
         clk_osc_slow_tap6   No paths       0.0          0 
         clk_osc_slow_tap7   No paths       0.0          0 
                   clk_sys        2.1       0.0          0 
                   default   No paths       0.0          0 
-----------------------------------------------------------
Total                                 -237193.8        696 
                                                           

Instance Count
--------------
Leaf Instance Count             18009 
Physical Instance count             0 
Sequential Instance Count        5697 
Combinational Instance Count    12312 
Hierarchical Instance Count        72 

Area
----
Cell Area                          500414.046
Physical Cell Area                 0.000
Total Cell Area (Cell+Physical)    500414.046
Net Area                           245612.587
Total Area (Cell+Physical+Net)     746026.633

Power
-----
Leakage Power                      101.204 nW
Dynamic Power                      193255147.310 nW
Total Power                        193255248.514 nW

Max Fanout                         4859 (clk_sys)
Min Fanout                         0 (local_async_rst_n)
Average Fanout                     2.8
Terms to net ratio                 3.8192
Terms to instance ratio            3.8693
Runtime                            744.7044040000058 seconds
Elapsed Runtime                    715 seconds
Genus peak memory usage            2292.14 
Innovus peak memory usage          no_value 
Hostname                           lyoelectrosrv01.in2p3.fr
