LABEL=SPADMIC_POSITION_PVS_LVS_EXECUTION
STATUS=FAIL
RESULT=PVS_EXACT_GDS_LVS_INFRASTRUCTURE_OR_RESULT_CLASSIFICATION_FAILED
SOURCE_DENSITY_DRC_ROOT=/sim/ksabra/SPADMIC_work/diagnostics/position_pvs_drc_density_execution_20260720_133314
SOURCE_DENSITY_DRC_STATUS_SHA256=8ec65bc2a36c6ea51bb163e3bce796d8288f4dee25a4b4c27670a3309ef66686
MANUAL_REVIEW_DECISION=AUTHORIZE_ONE_FOREGROUND_EXACT_GDS_PVS_LVS
CROSS_BLOCK_TEMPLATE_REUSE_SCOPE=CONTROL_SCAFFOLD_ONLY
TEMPLATE_BASELINE_ID=SERVER_OBSERVED_20260720_141229
TEMPLATE_CONTROL_SOURCE_MUTATION_AUTHORIZED=NO
TEMPLATE_IDENTITY_GATE_RC=0
TEMPLATE_SEMANTIC_GATE_RC=0
TEMPLATE_SCAFFOLD_AUDIT=/sim/ksabra/SPADMIC_work/diagnostics/position_pvs_lvs_execution_20260720_155406/template_scaffold_audit.rpt
TEMPLATE_LAYOUT_TOP=spadmic_tx_packet_core_HV
TEMPLATE_SOURCE_TOP=spadmic_tx_packet_core
TEMPLATE_GDS=/group/validmgr/PROJET/Prj_xh018/ebecheto/cds_V0/PvsLVS/spadmic_tx_packet_core_HV/spadmic_tx_packet_core_HV.gds
TEMPLATE_SOURCE=/sim/ksabra/SPADMIC_work/handoff/innovus/blocks/spadmic_tx_packet_core/tx_packet_pvs_waiver_20260716_130442/netlist/spadmic_tx_packet_core.lvs.pg.v
PACKAGE=/sim/ksabra/SPADMIC_work/handoff/innovus/blocks/spadmic_position_core/innovus_ooc_harden_position_core_gridfit_20260717_114810
PACKAGE_GDS=/sim/ksabra/SPADMIC_work/handoff/innovus/blocks/spadmic_position_core/innovus_ooc_harden_position_core_gridfit_20260717_114810/gds/spadmic_position_core.gds
PACKAGE_GDS_SHA256=ebba26a43c6fdf8257b60625ac7f823d7ce13a3c9b83607470393116b49f72e1
CANONICAL_LVS_SOURCE=/sim/ksabra/SPADMIC_work/handoff/innovus/blocks/spadmic_position_core/innovus_ooc_harden_position_core_gridfit_20260717_114810/netlist/spadmic_position_core.lvs.pg.v
CANONICAL_LVS_SOURCE_SHA256=a5e81c21e633ae1b55d8da5c8e971997f890d9cee42dff2f6cf9f9f43cad9ffb
STDCELL_CDL=/sim/ksabra/SPADMIC_work/handoff/innovus/blocks/spadmic_position_core/innovus_ooc_harden_position_core_gridfit_20260717_114810/pdk/xh018_D_CELLS_JIHD.cdl
STDCELL_CDL_SHA256=5ff10b0b31003da9bb6db59eba7d52c82435e3ab68b2ba0a1956e4d9fbaef8cf
LAYOUT_TOP=spadmic_position_core
SOURCE_TOP=spadmic_position_core
RUN_DIR=/sim/ksabra/SPADMIC_work/handoff/innovus/blocks/spadmic_position_core/innovus_ooc_harden_position_core_gridfit_20260717_114810/pvs/lvs/position_exact_gds_lvs_20260720_155406
OUTCOME_CLASS=NOT_CLASSIFIED
PVS_WRAPPER_RC=0
PVS_TOOL_RC=0
PVS_BASE_DRC_STATUS=PASS
PVS_DENSITY_DRC_STATUS=FAIL
PVS_DENSITY_DRC_PRIMARY_RESULTS=4
PVS_DENSITY_DRC_EXPANDED_RESULTS=4
DENSITY_DEBT_CLASS=OOC_WHOLE_EXTENT_MINIMUM_COVERAGE
DENSITY_DISPOSITION_STATUS=REVIEW_REQUIRED_FOR_ASSEMBLED_FILL_OR_FORMAL_WAIVER
PVS_LVS_STATUS=MATCH
LVS_NEGATIVE_MATCH_COUNT=0
LVS_POSITIVE_MATCH_COUNT=3
PVS_RESULT_EVIDENCE=/sim/ksabra/SPADMIC_work/handoff/innovus/blocks/spadmic_position_core/innovus_ooc_harden_position_core_gridfit_20260717_114810/pvs/lvs/position_exact_gds_lvs_20260720_155406/svdb/matched
REPLAY_CONTRACT_STATUS=PASS
OUTPUT_ISOLATION_STATUS=PASS
RUN_FILE_GATE_RC=0
RUN_AUDIT_GATE_RC=1
RUN_MANIFEST_RC=0
DIAGNOSTIC_COPY_GATE_RC=0
SOURCE_POST_RECHECK_RC=0
PACKAGE_POST_EXECUTION_SHA_MANIFEST_RC=0
PVS_BASE_DRC_EXECUTION_AUTHORIZED=NO
PVS_DENSITY_DRC_EXECUTION_AUTHORIZED=NO
PVS_LVS_EXECUTION_AUTHORIZED=YES
PVS_REPLAY_AUTHORIZED=YES
PVS_EXECUTED=YES
BLOCK_PROMOTION_AUTHORIZED=NO
SIGNOFF_READY=NO
NEXT_GATE=STOP_AND_REVIEW_EXACT_GDS_PVS_LVS_FAILURE
