STEP=MPTDC_FREE_PLACEMENT_ATTEMPT
RUN_ID=20260828_mptdc_free_pnr_roblockring_151008_u50
PNR_RUN_CLASS=DIAGNOSTIC_FREE_PLACEMENT_TC_ONLY
EXPECTED_HEAD=9ca8df9a55826d3d40ed1edd7b5029a4e9ed285e
CURRENT_HEAD=9ca8df9a55826d3d40ed1edd7b5029a4e9ed285e
GENUS_HANDOFF_DIR=/sim/ksabra/SPADMIC_work/handoff/genus_typical_pnrcompat/MPTDC_TC_BufferedROTap0Pins_Genus_20260709_155623
CORE_UTILIZATION=0.50
CORE_ASPECT_TARGET=4:3
PNR_RC=1
PROFILE_GATE=/sim/ksabra/SPADMIC_work/innovus/20260828_mptdc_free_pnr_roblockring_151008_u50/reports/operator_gate_mptdc_free_placement_trial.rpt
PROFILE_STATUS=MISSING
MPTDC_TC_PNR_CLOSURE=MISSING
TIE1_INSERTION_STATUS=MISSING
SOURCE_CHECKPOINT=/sim/ksabra/SPADMIC_work/innovus/20260828_mptdc_free_pnr_roblockring_151008_u50/checkpoints/04_route.enc.dat
SOURCE_CHECKPOINT_STATUS=FAIL
SOURCE_CHECKPOINT_SHA256=MISSING
FAILURE_CLASS=NON_RETRYABLE
MPTDC_FREE_PLACEMENT_ATTEMPT_STATUS=FAIL
SIGNOFF_ELIGIBLE=NO
DECISION=FAIL_STOP
NEXT_STAGE=STOP_AND_REVIEW
