        Initializing DRC engine.
============================================================
  Generated by:           Genus(TM) Synthesis Solution 22.13-s093_1
  Generated on:           May 12 2026  01:49:38 pm
  Module:                 mptdc_top_asic
  Operating conditions:   slow_1_62V_125C 
  Interconnect mode:      global
  Area mode:              physical library
============================================================

Max_transition design rule (violation total = 12170)
Pin                                                     Slew           Max     Violation
------------------------------------------------------------------------------------------
g33815__6131/A                                           853           500           353
  --> Other violations on net                                    1413
g33764__3680/A                                           853           500           353
  --> Other violations on net                                    1413
g33828__6417/A                                           853           500           353
  --> Other violations on net                                    1413
g34599__8246/AN                                          853           500           353
  --> Other violations on net                                    1413
g2/Q                                                     853           500           353
  --> Other violations on net                                    1413
g31043/A                                                 890           500           390
  --> Other violations on net                                    779
g30964__6161/A                                           890           500           390
  --> Other violations on net                                    779
g31061__5115/Q                                           890           500           390
  --> Other violations on net                                    779
g33807__3680/B                                           732           500           232
  --> Other violations on net                                    697
g33756__2398/A                                           732           500           232
  --> Other violations on net                                    697
g33808__1617/A                                           732           500           232
  --> Other violations on net                                    697
g33860/Q                                                 732           500           232
  --> Other violations on net                                    697
g33434__6161/A                                           871           500           371
  --> Other violations on net                                    371
g33482__2883/Q                                           871           500           371
  --> Other violations on net                                    371
g33402__6417/A                                           866           500           366
  --> Other violations on net                                    366
g33425__7098/Q                                           866           500           366
  --> Other violations on net                                    366
g33823__9945/A                                           845           500           345
  --> Other violations on net                                    345
g33875__8246/Q                                           845           500           345
  --> Other violations on net                                    345
g33756__2398/B                                           660           500           160
  --> Other violations on net                                    478
g33655__5107/A                                           660           500           160
  --> Other violations on net                                    478
g34145__8246/A                                           660           500           160
  --> Other violations on net                                    478
g34209__2398/Q                                           660           500           160
  --> Other violations on net                                    478
g34204__2346/A                                           651           500           151
  --> Other violations on net                                    453
g31018__3680/B                                           651           500           151
  --> Other violations on net                                    453
g34164__2398/B                                           651           500           151
  --> Other violations on net                                    453
fopt/Q                                                   651           500           151
  --> Other violations on net                                    453
g33394__6161/B                                           797           500           297
  --> Other violations on net                                    297
g33426__6131/Q                                           797           500           297
  --> Other violations on net                                    297
g34114__7482_1/B                                         642           500           142
  --> Other violations on net                                    425
g34114__34905/B                                          642           500           142
  --> Other violations on net                                    425
g34182/A                                                 642           500           142
  --> Other violations on net                                    425
g34207__6417/Q                                           642           500           142
  --> Other violations on net                                    425
g33651__7410/B                                           761           500           261
  --> Other violations on net                                    261
g33917__34900/Q                                          761           500           261
  --> Other violations on net                                    261
g33919__7410/A                                           634           500           134
  --> Other violations on net                                    268
g33833__4319/A                                           634           500           134
  --> Other violations on net                                    268
g33931/Q                                                 634           500           134
  --> Other violations on net                                    268
g30824__6260/A                                           668           500           168
  --> Other violations on net                                    168
g34831/Q                                                 668           500           168
  --> Other violations on net                                    168
g33875__8246/A                                           639           500           139
  --> Other violations on net                                    139
g34053__9315/Q                                           639           500           139
  --> Other violations on net                                    139
g33660__6783/A                                           639           500           139
  --> Other violations on net                                    139
g34600__34904/Q                                          639           500           139
  --> Other violations on net                                    139
g30989__6131/A                                           527           500            27
  --> Other violations on net                                    218
g30957__8246/C                                           527           500            27
  --> Other violations on net                                    218
g31008__7410/C                                           527           500            27
  --> Other violations on net                                    218
g31007__1666/C                                           527           500            27
  --> Other violations on net                                    218
g31009__6417/C                                           527           500            27
  --> Other violations on net                                    218
g30993__4733/A                                           527           500            27
  --> Other violations on net                                    218
g30990__1881/A                                           527           500            27
  --> Other violations on net                                    218
g30994__6161/A                                           527           500            27
  --> Other violations on net                                    218
g31068__2883/Q                                           527           500            27
  --> Other violations on net                                    218
g34832/C                                                 617           500           117
  --> Other violations on net                                    117
g31106__5477/Q                                           617           500           117
  --> Other violations on net                                    117
g33811__5122/B                                           617           500           117
  --> Other violations on net                                    117
g34204__2346/Q                                           617           500           117
  --> Other violations on net                                    117
g34832/A                                                 605           500           105
  --> Other violations on net                                    105
g31115__4319/Q                                           605           500           105
  --> Other violations on net                                    105
g33656__6260/C                                           590           500            90
  --> Other violations on net                                    90
g33815__6131/Q                                           590           500            90
  --> Other violations on net                                    90
g33892__2398/A                                           520           500            20
  --> Other violations on net                                    98
g33896__8428/A                                           520           500            20
  --> Other violations on net                                    98
g33895__4319/A                                           520           500            20
  --> Other violations on net                                    98
g33898__6783/A                                           520           500            20
  --> Other violations on net                                    98
g33932/A                                                 520           500            20
  --> Other violations on net                                    98
g33964__7410/Q                                           520           500            20
  --> Other violations on net                                    98
u_core_u_wdt_global_cnt_reg[10]/D                        535           500            35
  --> Other violations on net                                    35
g33354__6161/Q                                           535           500            35
  --> Other violations on net                                    35
u_core_u_wdt_global_cnt_reg[14]/D                        535           500            35
  --> Other violations on net                                    35
g33339__6131/Q                                           535           500            35
  --> Other violations on net                                    35
u_core_u_wdt_global_cnt_reg[11]/D                        535           500            35
  --> Other violations on net                                    35
g33336__8246/Q                                           535           500            35
  --> Other violations on net                                    35
g34600__34904/B                                          523           500            23
  --> Other violations on net                                    45
g33886__2883/A                                           523           500            23
  --> Other violations on net                                    45
g33959__9945/Q                                           523           500            23
  --> Other violations on net                                    45
g33367__4319/A                                           522           500            22
  --> Other violations on net                                    43
g31082__3680/AN                                          522           500            22
  --> Other violations on net                                    43
u_core_u_wdt_wdt_global_trip_cnt_o_reg[7]/Q              522           500            22
  --> Other violations on net                                    43
g34010__6783/B                                           531           500            31
  --> Other violations on net                                    31
g34082__6131/Q                                           531           500            31
  --> Other violations on net                                    31
drc_bufs34377/A                                          531           500            31
  --> Other violations on net                                    31
g33759__6260/Q                                           531           500            31
  --> Other violations on net                                    31
u_core_u_wdt_global_cnt_reg[8]/D                         525           500            25
  --> Other violations on net                                    25
g33394__6161/Q                                           525           500            25
  --> Other violations on net                                    25
g30987__8246/A                                           516           500            16
  --> Other violations on net                                    31
g33700__5107/C                                           516           500            16
  --> Other violations on net                                    31
u_core_u_fifo_mem_reg[8][0]/Q                            516           500            16
  --> Other violations on net                                    31
u_core_u_fifo_count_q_reg[2]/D                           515           500            15
  --> Other violations on net                                    15
g33470__1705/Q                                           515           500            15
  --> Other violations on net                                    15
g33340__1881/B                                           515           500            15
  --> Other violations on net                                    15
g33363__2398/Q                                           515           500            15
  --> Other violations on net                                    15
u_core_u_fifo_count_q_reg[4]/D                           513           500            13
  --> Other violations on net                                    13
g33474__6131/Q                                           513           500            13
  --> Other violations on net                                    13
g34040__1617/B                                           507           500             7
  --> Other violations on net                                    14
g33890__6417/B                                           507           500             7
  --> Other violations on net                                    14
g34114__7482_1/Q                                         507           500             7
  --> Other violations on net                                    14
g33830__2398/B                                           510           500            10
  --> Other violations on net                                    10
g34164__2398/Q                                           510           500            10
  --> Other violations on net                                    10
g34833/D                                                 505           500             5
  --> Other violations on net                                    5
g33764__3680/Q                                           505           500             5
  --> Other violations on net                                    5
g33433__4733/C                                           502           500             2
  --> Other violations on net                                    2
g33497__4319/Q                                           502           500             2
  --> Other violations on net                                    2


Max_capacitance design rule: no violations.


Max_fanout design rule: no violations.



