============================================================
  Generated by:           Genus(TM) Synthesis Solution 22.13-s093_1
  Generated on:           May 18 2026  11:17:39 am
  Module:                 mptdc_top_asic
  Operating conditions:   slow_1_62V_125C 
  Interconnect mode:      global
  Area mode:              physical library
============================================================


Path 1: VIOLATED (-6796 ps) Setup Check with Pin u_core_u_meas_ctrl_wdt_cnt_q_reg[15]/clk->d
           View: wc_view
          Group: clk_osc_fast
     Startpoint: (R) u_core_u_meas_ctrl_wdt_cnt_q_reg[0]/clk
          Clock: (R) clk_osc_fast
       Endpoint: (R) u_core_u_meas_ctrl_wdt_cnt_q_reg[15]/d
          Clock: (R) clk_osc_fast

                     Capture       Launch     
        Clock Edge:+     900            0     
       Src Latency:+       0            0     
       Net Latency:+       0 (I)        0 (I) 
           Arrival:=     900            0     
                                              
             Setup:-     687                  
       Uncertainty:-      50                  
     Required Time:=     163                  
      Launch Clock:-       0                  
         Data Path:-    6959                  
             Slack:=   -6796                  

#--------------------------------------------------------------------------------------------------------------------------
#              Timing Point               Flags    Arc    Edge       Cell         Fanout Load Trans Delay Arrival Instance 
#                                                                                        (fF)  (ps)  (ps)   (ps)  Location 
#--------------------------------------------------------------------------------------------------------------------------
  u_core_u_meas_ctrl_wdt_cnt_q_reg[0]/clk -       -       R     (arrival)           1862    -   150     0       0    (-,-) 
  u_core_u_meas_ctrl_wdt_cnt_q_reg[0]/q   (u)     clk->q  R     unmapped_d_flop        7 78.4     0  1509    1509    (-,-) 
  u_core_u_meas_ctrl_g12671/z             (u)     in_1->z F     unmapped_nand2         3 33.6     0   327    1836    (-,-) 
  u_core_u_meas_ctrl_g12481/z             (u)     in_0->z F     unmapped_complex2      3 33.6     0   327    2162    (-,-) 
  u_core_u_meas_ctrl_g4367/z              (u)     in_0->z F     unmapped_complex2      3 33.6     0   327    2489    (-,-) 
  u_core_u_meas_ctrl_g12148/z             (u)     in_0->z F     unmapped_complex2      3 33.6     0   327    2816    (-,-) 
  u_core_u_meas_ctrl_g12064/z             (u)     in_0->z F     unmapped_complex2      3 33.6     0   327    3142    (-,-) 
  u_core_u_meas_ctrl_g12036/z             (u)     in_0->z F     unmapped_complex2      3 33.6     0   327    3469    (-,-) 
  u_core_u_meas_ctrl_g11977/z             (u)     in_0->z F     unmapped_complex2      3 33.6     0   327    3796    (-,-) 
  u_core_u_meas_ctrl_g11942/z             (u)     in_0->z F     unmapped_complex2      3 33.6     0   327    4122    (-,-) 
  u_core_u_meas_ctrl_g4387/z              (u)     in_0->z F     unmapped_complex2      3 33.6     0   327    4449    (-,-) 
  u_core_u_meas_ctrl_g4360/z              (u)     in_0->z F     unmapped_complex2      3 33.6     0   327    4776    (-,-) 
  u_core_u_meas_ctrl_g4472/z              (u)     in_0->z F     unmapped_complex2      3 33.6     0   327    5102    (-,-) 
  u_core_u_meas_ctrl_g4362/z              (u)     in_0->z F     unmapped_complex2      3 33.6     0   327    5429    (-,-) 
  u_core_u_meas_ctrl_g4386/z              (u)     in_0->z F     unmapped_complex2      3 33.6     0   327    5756    (-,-) 
  u_core_u_meas_ctrl_g6447/z              (u)     in_0->z F     unmapped_complex2      2 22.4     0   278    6034    (-,-) 
  u_core_u_meas_ctrl_g11870/z             (u)     in_0->z F     unmapped_or2           1 11.2     0   231    6265    (-,-) 
  u_core_u_meas_ctrl_g11871/z             (u)     in_1->z R     unmapped_nand2         1 11.2     0   231    6496    (-,-) 
  u_core_u_meas_ctrl_g11868/z             (u)     in_0->z F     unmapped_complex2      1 11.2     0   231    6728    (-,-) 
  u_core_u_meas_ctrl_g11568/z             (u)     in_0->z R     unmapped_nand2         1 11.2     0   231    6959    (-,-) 
  u_core_u_meas_ctrl_wdt_cnt_q_reg[15]/d  -       -       R     unmapped_d_flop        1    -     -     0    6959    (-,-) 
#--------------------------------------------------------------------------------------------------------------------------

(u) : Net has unmapped pin(s).



Path 2: VIOLATED (-6597 ps) Setup Check with Pin u_core_u_meas_ctrl_wdt_cnt_q_reg[14]/clk->d
           View: wc_view
          Group: clk_osc_fast
     Startpoint: (R) u_core_u_meas_ctrl_wdt_cnt_q_reg[2]/clk
          Clock: (R) clk_osc_fast
       Endpoint: (R) u_core_u_meas_ctrl_wdt_cnt_q_reg[14]/d
          Clock: (R) clk_osc_fast

                     Capture       Launch     
        Clock Edge:+     900            0     
       Src Latency:+       0            0     
       Net Latency:+       0 (I)        0 (I) 
           Arrival:=     900            0     
                                              
             Setup:-     687                  
       Uncertainty:-      50                  
     Required Time:=     163                  
      Launch Clock:-       0                  
         Data Path:-    6760                  
             Slack:=   -6597                  

#--------------------------------------------------------------------------------------------------------------------------
#              Timing Point               Flags    Arc    Edge       Cell         Fanout Load Trans Delay Arrival Instance 
#                                                                                        (fF)  (ps)  (ps)   (ps)  Location 
#--------------------------------------------------------------------------------------------------------------------------
  u_core_u_meas_ctrl_wdt_cnt_q_reg[2]/clk -       -       R     (arrival)           1862    -   150     0       0    (-,-) 
  u_core_u_meas_ctrl_wdt_cnt_q_reg[2]/q   (u)     clk->q  R     unmapped_d_flop        7 78.4     0  1509    1509    (-,-) 
  u_core_u_meas_ctrl_g12682/z             (u)     in_1->z R     unmapped_complex2      1 11.2     0   231    1740    (-,-) 
  u_core_u_meas_ctrl_g12517/z             (u)     in_0->z F     unmapped_nand2         1 11.2     0   231    1971    (-,-) 
  u_core_u_meas_ctrl_g12228/z             (u)     in_0->z F     unmapped_complex2      1 11.2     0   231    2202    (-,-) 
  u_core_u_meas_ctrl_g12180/z             (u)     in_1->z F     unmapped_complex2      1 11.2     0   231    2434    (-,-) 
  u_core_u_meas_ctrl_g12080/z             (u)     in_0->z R     unmapped_nand2         1 11.2     0   231    2665    (-,-) 
  u_core_u_meas_ctrl_g12023/z             (u)     in_0->z F     unmapped_complex2      1 11.2     0   231    2896    (-,-) 
  u_core_u_meas_ctrl_g11985/z             (u)     in_0->z R     unmapped_complex2      1 11.2     0   231    3127    (-,-) 
  u_core_u_meas_ctrl_g11955/z             (u)     in_0->z F     unmapped_complex2      1 11.2     0   231    3358    (-,-) 
  u_core_u_meas_ctrl_g11918/z             (u)     in_0->z R     unmapped_complex2      1 11.2     0   231    3590    (-,-) 
  u_core_u_meas_ctrl_g11894/z             (u)     in_0->z F     unmapped_nand2         3 33.6     0   327    3916    (-,-) 
  u_core_u_meas_ctrl_g11889/z             (u)     in_0->z R     unmapped_complex2      1 11.2     0   231    4148    (-,-) 
  u_core_u_meas_ctrl_g7493/z              (u)     in_1->z F     unmapped_complex2      2 22.4     0   278    4426    (-,-) 
  u_core_u_meas_ctrl_g11867/z             (u)     in_0->z R     unmapped_complex2      1 11.2     0   231    4657    (-,-) 
  u_core_u_meas_ctrl_g11860/z             (u)     in_0->z F     unmapped_nand2         4 44.8     0   373    5030    (-,-) 
  u_core_u_meas_ctrl_g11854/z             (u)     in_0->z R     unmapped_complex2    123 56.0     0   751    5780    (-,-) 
  u_core_u_meas_ctrl_g11624/z             (u)     in_0->z F     unmapped_nand2        16 44.8     0   518    6298    (-,-) 
  u_core_u_meas_ctrl_g11594/z             (u)     in_0->z F     unmapped_complex2      1 11.2     0   231    6529    (-,-) 
  u_core_u_meas_ctrl_g11573/z             (u)     in_1->z R     unmapped_nand2         1 11.2     0   231    6760    (-,-) 
  u_core_u_meas_ctrl_wdt_cnt_q_reg[14]/d  -       -       R     unmapped_d_flop        1    -     -     0    6760    (-,-) 
#--------------------------------------------------------------------------------------------------------------------------

(u) : Net has unmapped pin(s).



Path 3: VIOLATED (-6597 ps) Setup Check with Pin u_core_u_meas_ctrl_wdt_cnt_q_reg[13]/clk->d
           View: wc_view
          Group: clk_osc_fast
     Startpoint: (R) u_core_u_meas_ctrl_wdt_cnt_q_reg[2]/clk
          Clock: (R) clk_osc_fast
       Endpoint: (R) u_core_u_meas_ctrl_wdt_cnt_q_reg[13]/d
          Clock: (R) clk_osc_fast

                     Capture       Launch     
        Clock Edge:+     900            0     
       Src Latency:+       0            0     
       Net Latency:+       0 (I)        0 (I) 
           Arrival:=     900            0     
                                              
             Setup:-     687                  
       Uncertainty:-      50                  
     Required Time:=     163                  
      Launch Clock:-       0                  
         Data Path:-    6760                  
             Slack:=   -6597                  

#--------------------------------------------------------------------------------------------------------------------------
#              Timing Point               Flags    Arc    Edge       Cell         Fanout Load Trans Delay Arrival Instance 
#                                                                                        (fF)  (ps)  (ps)   (ps)  Location 
#--------------------------------------------------------------------------------------------------------------------------
  u_core_u_meas_ctrl_wdt_cnt_q_reg[2]/clk -       -       R     (arrival)           1862    -   150     0       0    (-,-) 
  u_core_u_meas_ctrl_wdt_cnt_q_reg[2]/q   (u)     clk->q  R     unmapped_d_flop        7 78.4     0  1509    1509    (-,-) 
  u_core_u_meas_ctrl_g12682/z             (u)     in_1->z R     unmapped_complex2      1 11.2     0   231    1740    (-,-) 
  u_core_u_meas_ctrl_g12517/z             (u)     in_0->z F     unmapped_nand2         1 11.2     0   231    1971    (-,-) 
  u_core_u_meas_ctrl_g12228/z             (u)     in_0->z F     unmapped_complex2      1 11.2     0   231    2202    (-,-) 
  u_core_u_meas_ctrl_g12180/z             (u)     in_1->z F     unmapped_complex2      1 11.2     0   231    2434    (-,-) 
  u_core_u_meas_ctrl_g12080/z             (u)     in_0->z R     unmapped_nand2         1 11.2     0   231    2665    (-,-) 
  u_core_u_meas_ctrl_g12023/z             (u)     in_0->z F     unmapped_complex2      1 11.2     0   231    2896    (-,-) 
  u_core_u_meas_ctrl_g11985/z             (u)     in_0->z R     unmapped_complex2      1 11.2     0   231    3127    (-,-) 
  u_core_u_meas_ctrl_g11955/z             (u)     in_0->z F     unmapped_complex2      1 11.2     0   231    3358    (-,-) 
  u_core_u_meas_ctrl_g11918/z             (u)     in_0->z R     unmapped_complex2      1 11.2     0   231    3590    (-,-) 
  u_core_u_meas_ctrl_g11894/z             (u)     in_0->z F     unmapped_nand2         3 33.6     0   327    3916    (-,-) 
  u_core_u_meas_ctrl_g11889/z             (u)     in_0->z R     unmapped_complex2      1 11.2     0   231    4148    (-,-) 
  u_core_u_meas_ctrl_g7493/z              (u)     in_1->z F     unmapped_complex2      2 22.4     0   278    4426    (-,-) 
  u_core_u_meas_ctrl_g11867/z             (u)     in_0->z R     unmapped_complex2      1 11.2     0   231    4657    (-,-) 
  u_core_u_meas_ctrl_g11860/z             (u)     in_0->z F     unmapped_nand2         4 44.8     0   373    5030    (-,-) 
  u_core_u_meas_ctrl_g11854/z             (u)     in_0->z R     unmapped_complex2    123 56.0     0   751    5780    (-,-) 
  u_core_u_meas_ctrl_g11624/z             (u)     in_0->z F     unmapped_nand2        16 44.8     0   518    6298    (-,-) 
  u_core_u_meas_ctrl_g11588/z             (u)     in_0->z F     unmapped_complex2      1 11.2     0   231    6529    (-,-) 
  u_core_u_meas_ctrl_g11580/z             (u)     in_1->z R     unmapped_nand2         1 11.2     0   231    6760    (-,-) 
  u_core_u_meas_ctrl_wdt_cnt_q_reg[13]/d  -       -       R     unmapped_d_flop        1    -     -     0    6760    (-,-) 
#--------------------------------------------------------------------------------------------------------------------------

(u) : Net has unmapped pin(s).



Path 4: VIOLATED (-6597 ps) Setup Check with Pin u_core_u_meas_ctrl_wdt_cnt_q_reg[12]/clk->d
           View: wc_view
          Group: clk_osc_fast
     Startpoint: (R) u_core_u_meas_ctrl_wdt_cnt_q_reg[2]/clk
          Clock: (R) clk_osc_fast
       Endpoint: (R) u_core_u_meas_ctrl_wdt_cnt_q_reg[12]/d
          Clock: (R) clk_osc_fast

                     Capture       Launch     
        Clock Edge:+     900            0     
       Src Latency:+       0            0     
       Net Latency:+       0 (I)        0 (I) 
           Arrival:=     900            0     
                                              
             Setup:-     687                  
       Uncertainty:-      50                  
     Required Time:=     163                  
      Launch Clock:-       0                  
         Data Path:-    6760                  
             Slack:=   -6597                  

#--------------------------------------------------------------------------------------------------------------------------
#              Timing Point               Flags    Arc    Edge       Cell         Fanout Load Trans Delay Arrival Instance 
#                                                                                        (fF)  (ps)  (ps)   (ps)  Location 
#--------------------------------------------------------------------------------------------------------------------------
  u_core_u_meas_ctrl_wdt_cnt_q_reg[2]/clk -       -       R     (arrival)           1862    -   150     0       0    (-,-) 
  u_core_u_meas_ctrl_wdt_cnt_q_reg[2]/q   (u)     clk->q  R     unmapped_d_flop        7 78.4     0  1509    1509    (-,-) 
  u_core_u_meas_ctrl_g12682/z             (u)     in_1->z R     unmapped_complex2      1 11.2     0   231    1740    (-,-) 
  u_core_u_meas_ctrl_g12517/z             (u)     in_0->z F     unmapped_nand2         1 11.2     0   231    1971    (-,-) 
  u_core_u_meas_ctrl_g12228/z             (u)     in_0->z F     unmapped_complex2      1 11.2     0   231    2202    (-,-) 
  u_core_u_meas_ctrl_g12180/z             (u)     in_1->z F     unmapped_complex2      1 11.2     0   231    2434    (-,-) 
  u_core_u_meas_ctrl_g12080/z             (u)     in_0->z R     unmapped_nand2         1 11.2     0   231    2665    (-,-) 
  u_core_u_meas_ctrl_g12023/z             (u)     in_0->z F     unmapped_complex2      1 11.2     0   231    2896    (-,-) 
  u_core_u_meas_ctrl_g11985/z             (u)     in_0->z R     unmapped_complex2      1 11.2     0   231    3127    (-,-) 
  u_core_u_meas_ctrl_g11955/z             (u)     in_0->z F     unmapped_complex2      1 11.2     0   231    3358    (-,-) 
  u_core_u_meas_ctrl_g11918/z             (u)     in_0->z R     unmapped_complex2      1 11.2     0   231    3590    (-,-) 
  u_core_u_meas_ctrl_g11894/z             (u)     in_0->z F     unmapped_nand2         3 33.6     0   327    3916    (-,-) 
  u_core_u_meas_ctrl_g11889/z             (u)     in_0->z R     unmapped_complex2      1 11.2     0   231    4148    (-,-) 
  u_core_u_meas_ctrl_g7493/z              (u)     in_1->z F     unmapped_complex2      2 22.4     0   278    4426    (-,-) 
  u_core_u_meas_ctrl_g11867/z             (u)     in_0->z R     unmapped_complex2      1 11.2     0   231    4657    (-,-) 
  u_core_u_meas_ctrl_g11860/z             (u)     in_0->z F     unmapped_nand2         4 44.8     0   373    5030    (-,-) 
  u_core_u_meas_ctrl_g11854/z             (u)     in_0->z R     unmapped_complex2    123 56.0     0   751    5780    (-,-) 
  u_core_u_meas_ctrl_g11624/z             (u)     in_0->z F     unmapped_nand2        16 44.8     0   518    6298    (-,-) 
  u_core_u_meas_ctrl_g11593/z             (u)     in_0->z F     unmapped_complex2      1 11.2     0   231    6529    (-,-) 
  u_core_u_meas_ctrl_g11571/z             (u)     in_1->z R     unmapped_nand2         1 11.2     0   231    6760    (-,-) 
  u_core_u_meas_ctrl_wdt_cnt_q_reg[12]/d  -       -       R     unmapped_d_flop        1    -     -     0    6760    (-,-) 
#--------------------------------------------------------------------------------------------------------------------------

(u) : Net has unmapped pin(s).



Path 5: VIOLATED (-6597 ps) Setup Check with Pin u_core_u_meas_ctrl_wdt_cnt_q_reg[11]/clk->d
           View: wc_view
          Group: clk_osc_fast
     Startpoint: (R) u_core_u_meas_ctrl_wdt_cnt_q_reg[2]/clk
          Clock: (R) clk_osc_fast
       Endpoint: (R) u_core_u_meas_ctrl_wdt_cnt_q_reg[11]/d
          Clock: (R) clk_osc_fast

                     Capture       Launch     
        Clock Edge:+     900            0     
       Src Latency:+       0            0     
       Net Latency:+       0 (I)        0 (I) 
           Arrival:=     900            0     
                                              
             Setup:-     687                  
       Uncertainty:-      50                  
     Required Time:=     163                  
      Launch Clock:-       0                  
         Data Path:-    6760                  
             Slack:=   -6597                  

#--------------------------------------------------------------------------------------------------------------------------
#              Timing Point               Flags    Arc    Edge       Cell         Fanout Load Trans Delay Arrival Instance 
#                                                                                        (fF)  (ps)  (ps)   (ps)  Location 
#--------------------------------------------------------------------------------------------------------------------------
  u_core_u_meas_ctrl_wdt_cnt_q_reg[2]/clk -       -       R     (arrival)           1862    -   150     0       0    (-,-) 
  u_core_u_meas_ctrl_wdt_cnt_q_reg[2]/q   (u)     clk->q  R     unmapped_d_flop        7 78.4     0  1509    1509    (-,-) 
  u_core_u_meas_ctrl_g12682/z             (u)     in_1->z R     unmapped_complex2      1 11.2     0   231    1740    (-,-) 
  u_core_u_meas_ctrl_g12517/z             (u)     in_0->z F     unmapped_nand2         1 11.2     0   231    1971    (-,-) 
  u_core_u_meas_ctrl_g12228/z             (u)     in_0->z F     unmapped_complex2      1 11.2     0   231    2202    (-,-) 
  u_core_u_meas_ctrl_g12180/z             (u)     in_1->z F     unmapped_complex2      1 11.2     0   231    2434    (-,-) 
  u_core_u_meas_ctrl_g12080/z             (u)     in_0->z R     unmapped_nand2         1 11.2     0   231    2665    (-,-) 
  u_core_u_meas_ctrl_g12023/z             (u)     in_0->z F     unmapped_complex2      1 11.2     0   231    2896    (-,-) 
  u_core_u_meas_ctrl_g11985/z             (u)     in_0->z R     unmapped_complex2      1 11.2     0   231    3127    (-,-) 
  u_core_u_meas_ctrl_g11955/z             (u)     in_0->z F     unmapped_complex2      1 11.2     0   231    3358    (-,-) 
  u_core_u_meas_ctrl_g11918/z             (u)     in_0->z R     unmapped_complex2      1 11.2     0   231    3590    (-,-) 
  u_core_u_meas_ctrl_g11894/z             (u)     in_0->z F     unmapped_nand2         3 33.6     0   327    3916    (-,-) 
  u_core_u_meas_ctrl_g11889/z             (u)     in_0->z R     unmapped_complex2      1 11.2     0   231    4148    (-,-) 
  u_core_u_meas_ctrl_g7493/z              (u)     in_1->z F     unmapped_complex2      2 22.4     0   278    4426    (-,-) 
  u_core_u_meas_ctrl_g11867/z             (u)     in_0->z R     unmapped_complex2      1 11.2     0   231    4657    (-,-) 
  u_core_u_meas_ctrl_g11860/z             (u)     in_0->z F     unmapped_nand2         4 44.8     0   373    5030    (-,-) 
  u_core_u_meas_ctrl_g11854/z             (u)     in_0->z R     unmapped_complex2    123 56.0     0   751    5780    (-,-) 
  u_core_u_meas_ctrl_g11624/z             (u)     in_0->z F     unmapped_nand2        16 44.8     0   518    6298    (-,-) 
  u_core_u_meas_ctrl_g11591/z             (u)     in_0->z F     unmapped_complex2      1 11.2     0   231    6529    (-,-) 
  u_core_u_meas_ctrl_g11582/z             (u)     in_1->z R     unmapped_nand2         1 11.2     0   231    6760    (-,-) 
  u_core_u_meas_ctrl_wdt_cnt_q_reg[11]/d  -       -       R     unmapped_d_flop        1    -     -     0    6760    (-,-) 
#--------------------------------------------------------------------------------------------------------------------------

(u) : Net has unmapped pin(s).



Path 6: VIOLATED (-6597 ps) Setup Check with Pin u_core_u_meas_ctrl_wdt_cnt_q_reg[10]/clk->d
           View: wc_view
          Group: clk_osc_fast
     Startpoint: (R) u_core_u_meas_ctrl_wdt_cnt_q_reg[2]/clk
          Clock: (R) clk_osc_fast
       Endpoint: (R) u_core_u_meas_ctrl_wdt_cnt_q_reg[10]/d
          Clock: (R) clk_osc_fast

                     Capture       Launch     
        Clock Edge:+     900            0     
       Src Latency:+       0            0     
       Net Latency:+       0 (I)        0 (I) 
           Arrival:=     900            0     
                                              
             Setup:-     687                  
       Uncertainty:-      50                  
     Required Time:=     163                  
      Launch Clock:-       0                  
         Data Path:-    6760                  
             Slack:=   -6597                  

#--------------------------------------------------------------------------------------------------------------------------
#              Timing Point               Flags    Arc    Edge       Cell         Fanout Load Trans Delay Arrival Instance 
#                                                                                        (fF)  (ps)  (ps)   (ps)  Location 
#--------------------------------------------------------------------------------------------------------------------------
  u_core_u_meas_ctrl_wdt_cnt_q_reg[2]/clk -       -       R     (arrival)           1862    -   150     0       0    (-,-) 
  u_core_u_meas_ctrl_wdt_cnt_q_reg[2]/q   (u)     clk->q  R     unmapped_d_flop        7 78.4     0  1509    1509    (-,-) 
  u_core_u_meas_ctrl_g12682/z             (u)     in_1->z R     unmapped_complex2      1 11.2     0   231    1740    (-,-) 
  u_core_u_meas_ctrl_g12517/z             (u)     in_0->z F     unmapped_nand2         1 11.2     0   231    1971    (-,-) 
  u_core_u_meas_ctrl_g12228/z             (u)     in_0->z F     unmapped_complex2      1 11.2     0   231    2202    (-,-) 
  u_core_u_meas_ctrl_g12180/z             (u)     in_1->z F     unmapped_complex2      1 11.2     0   231    2434    (-,-) 
  u_core_u_meas_ctrl_g12080/z             (u)     in_0->z R     unmapped_nand2         1 11.2     0   231    2665    (-,-) 
  u_core_u_meas_ctrl_g12023/z             (u)     in_0->z F     unmapped_complex2      1 11.2     0   231    2896    (-,-) 
  u_core_u_meas_ctrl_g11985/z             (u)     in_0->z R     unmapped_complex2      1 11.2     0   231    3127    (-,-) 
  u_core_u_meas_ctrl_g11955/z             (u)     in_0->z F     unmapped_complex2      1 11.2     0   231    3358    (-,-) 
  u_core_u_meas_ctrl_g11918/z             (u)     in_0->z R     unmapped_complex2      1 11.2     0   231    3590    (-,-) 
  u_core_u_meas_ctrl_g11894/z             (u)     in_0->z F     unmapped_nand2         3 33.6     0   327    3916    (-,-) 
  u_core_u_meas_ctrl_g11889/z             (u)     in_0->z R     unmapped_complex2      1 11.2     0   231    4148    (-,-) 
  u_core_u_meas_ctrl_g7493/z              (u)     in_1->z F     unmapped_complex2      2 22.4     0   278    4426    (-,-) 
  u_core_u_meas_ctrl_g11867/z             (u)     in_0->z R     unmapped_complex2      1 11.2     0   231    4657    (-,-) 
  u_core_u_meas_ctrl_g11860/z             (u)     in_0->z F     unmapped_nand2         4 44.8     0   373    5030    (-,-) 
  u_core_u_meas_ctrl_g11854/z             (u)     in_0->z R     unmapped_complex2    123 56.0     0   751    5780    (-,-) 
  u_core_u_meas_ctrl_g11624/z             (u)     in_0->z F     unmapped_nand2        16 44.8     0   518    6298    (-,-) 
  u_core_u_meas_ctrl_g11596/z             (u)     in_0->z F     unmapped_complex2      1 11.2     0   231    6529    (-,-) 
  u_core_u_meas_ctrl_g11575/z             (u)     in_1->z R     unmapped_nand2         1 11.2     0   231    6760    (-,-) 
  u_core_u_meas_ctrl_wdt_cnt_q_reg[10]/d  -       -       R     unmapped_d_flop        1    -     -     0    6760    (-,-) 
#--------------------------------------------------------------------------------------------------------------------------

(u) : Net has unmapped pin(s).



Path 7: VIOLATED (-6597 ps) Setup Check with Pin u_core_u_meas_ctrl_wdt_cnt_q_reg[9]/clk->d
           View: wc_view
          Group: clk_osc_fast
     Startpoint: (R) u_core_u_meas_ctrl_wdt_cnt_q_reg[2]/clk
          Clock: (R) clk_osc_fast
       Endpoint: (R) u_core_u_meas_ctrl_wdt_cnt_q_reg[9]/d
          Clock: (R) clk_osc_fast

                     Capture       Launch     
        Clock Edge:+     900            0     
       Src Latency:+       0            0     
       Net Latency:+       0 (I)        0 (I) 
           Arrival:=     900            0     
                                              
             Setup:-     687                  
       Uncertainty:-      50                  
     Required Time:=     163                  
      Launch Clock:-       0                  
         Data Path:-    6760                  
             Slack:=   -6597                  

#--------------------------------------------------------------------------------------------------------------------------
#              Timing Point               Flags    Arc    Edge       Cell         Fanout Load Trans Delay Arrival Instance 
#                                                                                        (fF)  (ps)  (ps)   (ps)  Location 
#--------------------------------------------------------------------------------------------------------------------------
  u_core_u_meas_ctrl_wdt_cnt_q_reg[2]/clk -       -       R     (arrival)           1862    -   150     0       0    (-,-) 
  u_core_u_meas_ctrl_wdt_cnt_q_reg[2]/q   (u)     clk->q  R     unmapped_d_flop        7 78.4     0  1509    1509    (-,-) 
  u_core_u_meas_ctrl_g12682/z             (u)     in_1->z R     unmapped_complex2      1 11.2     0   231    1740    (-,-) 
  u_core_u_meas_ctrl_g12517/z             (u)     in_0->z F     unmapped_nand2         1 11.2     0   231    1971    (-,-) 
  u_core_u_meas_ctrl_g12228/z             (u)     in_0->z F     unmapped_complex2      1 11.2     0   231    2202    (-,-) 
  u_core_u_meas_ctrl_g12180/z             (u)     in_1->z F     unmapped_complex2      1 11.2     0   231    2434    (-,-) 
  u_core_u_meas_ctrl_g12080/z             (u)     in_0->z R     unmapped_nand2         1 11.2     0   231    2665    (-,-) 
  u_core_u_meas_ctrl_g12023/z             (u)     in_0->z F     unmapped_complex2      1 11.2     0   231    2896    (-,-) 
  u_core_u_meas_ctrl_g11985/z             (u)     in_0->z R     unmapped_complex2      1 11.2     0   231    3127    (-,-) 
  u_core_u_meas_ctrl_g11955/z             (u)     in_0->z F     unmapped_complex2      1 11.2     0   231    3358    (-,-) 
  u_core_u_meas_ctrl_g11918/z             (u)     in_0->z R     unmapped_complex2      1 11.2     0   231    3590    (-,-) 
  u_core_u_meas_ctrl_g11894/z             (u)     in_0->z F     unmapped_nand2         3 33.6     0   327    3916    (-,-) 
  u_core_u_meas_ctrl_g11889/z             (u)     in_0->z R     unmapped_complex2      1 11.2     0   231    4148    (-,-) 
  u_core_u_meas_ctrl_g7493/z              (u)     in_1->z F     unmapped_complex2      2 22.4     0   278    4426    (-,-) 
  u_core_u_meas_ctrl_g11867/z             (u)     in_0->z R     unmapped_complex2      1 11.2     0   231    4657    (-,-) 
  u_core_u_meas_ctrl_g11860/z             (u)     in_0->z F     unmapped_nand2         4 44.8     0   373    5030    (-,-) 
  u_core_u_meas_ctrl_g11854/z             (u)     in_0->z R     unmapped_complex2    123 56.0     0   751    5780    (-,-) 
  u_core_u_meas_ctrl_g11624/z             (u)     in_0->z F     unmapped_nand2        16 44.8     0   518    6298    (-,-) 
  u_core_u_meas_ctrl_g11599/z             (u)     in_0->z F     unmapped_complex2      1 11.2     0   231    6529    (-,-) 
  u_core_u_meas_ctrl_g11569/z             (u)     in_1->z R     unmapped_nand2         1 11.2     0   231    6760    (-,-) 
  u_core_u_meas_ctrl_wdt_cnt_q_reg[9]/d   -       -       R     unmapped_d_flop        1    -     -     0    6760    (-,-) 
#--------------------------------------------------------------------------------------------------------------------------

(u) : Net has unmapped pin(s).



Path 8: VIOLATED (-6597 ps) Setup Check with Pin u_core_u_meas_ctrl_wdt_cnt_q_reg[8]/clk->d
           View: wc_view
          Group: clk_osc_fast
     Startpoint: (R) u_core_u_meas_ctrl_wdt_cnt_q_reg[2]/clk
          Clock: (R) clk_osc_fast
       Endpoint: (R) u_core_u_meas_ctrl_wdt_cnt_q_reg[8]/d
          Clock: (R) clk_osc_fast

                     Capture       Launch     
        Clock Edge:+     900            0     
       Src Latency:+       0            0     
       Net Latency:+       0 (I)        0 (I) 
           Arrival:=     900            0     
                                              
             Setup:-     687                  
       Uncertainty:-      50                  
     Required Time:=     163                  
      Launch Clock:-       0                  
         Data Path:-    6760                  
             Slack:=   -6597                  

#--------------------------------------------------------------------------------------------------------------------------
#              Timing Point               Flags    Arc    Edge       Cell         Fanout Load Trans Delay Arrival Instance 
#                                                                                        (fF)  (ps)  (ps)   (ps)  Location 
#--------------------------------------------------------------------------------------------------------------------------
  u_core_u_meas_ctrl_wdt_cnt_q_reg[2]/clk -       -       R     (arrival)           1862    -   150     0       0    (-,-) 
  u_core_u_meas_ctrl_wdt_cnt_q_reg[2]/q   (u)     clk->q  R     unmapped_d_flop        7 78.4     0  1509    1509    (-,-) 
  u_core_u_meas_ctrl_g12682/z             (u)     in_1->z R     unmapped_complex2      1 11.2     0   231    1740    (-,-) 
  u_core_u_meas_ctrl_g12517/z             (u)     in_0->z F     unmapped_nand2         1 11.2     0   231    1971    (-,-) 
  u_core_u_meas_ctrl_g12228/z             (u)     in_0->z F     unmapped_complex2      1 11.2     0   231    2202    (-,-) 
  u_core_u_meas_ctrl_g12180/z             (u)     in_1->z F     unmapped_complex2      1 11.2     0   231    2434    (-,-) 
  u_core_u_meas_ctrl_g12080/z             (u)     in_0->z R     unmapped_nand2         1 11.2     0   231    2665    (-,-) 
  u_core_u_meas_ctrl_g12023/z             (u)     in_0->z F     unmapped_complex2      1 11.2     0   231    2896    (-,-) 
  u_core_u_meas_ctrl_g11985/z             (u)     in_0->z R     unmapped_complex2      1 11.2     0   231    3127    (-,-) 
  u_core_u_meas_ctrl_g11955/z             (u)     in_0->z F     unmapped_complex2      1 11.2     0   231    3358    (-,-) 
  u_core_u_meas_ctrl_g11918/z             (u)     in_0->z R     unmapped_complex2      1 11.2     0   231    3590    (-,-) 
  u_core_u_meas_ctrl_g11894/z             (u)     in_0->z F     unmapped_nand2         3 33.6     0   327    3916    (-,-) 
  u_core_u_meas_ctrl_g11889/z             (u)     in_0->z R     unmapped_complex2      1 11.2     0   231    4148    (-,-) 
  u_core_u_meas_ctrl_g7493/z              (u)     in_1->z F     unmapped_complex2      2 22.4     0   278    4426    (-,-) 
  u_core_u_meas_ctrl_g11867/z             (u)     in_0->z R     unmapped_complex2      1 11.2     0   231    4657    (-,-) 
  u_core_u_meas_ctrl_g11860/z             (u)     in_0->z F     unmapped_nand2         4 44.8     0   373    5030    (-,-) 
  u_core_u_meas_ctrl_g11854/z             (u)     in_0->z R     unmapped_complex2    123 56.0     0   751    5780    (-,-) 
  u_core_u_meas_ctrl_g11624/z             (u)     in_0->z F     unmapped_nand2        16 44.8     0   518    6298    (-,-) 
  u_core_u_meas_ctrl_g11590/z             (u)     in_0->z F     unmapped_complex2      1 11.2     0   231    6529    (-,-) 
  u_core_u_meas_ctrl_g11581/z             (u)     in_1->z R     unmapped_nand2         1 11.2     0   231    6760    (-,-) 
  u_core_u_meas_ctrl_wdt_cnt_q_reg[8]/d   -       -       R     unmapped_d_flop        1    -     -     0    6760    (-,-) 
#--------------------------------------------------------------------------------------------------------------------------

(u) : Net has unmapped pin(s).



Path 9: VIOLATED (-6597 ps) Setup Check with Pin u_core_u_meas_ctrl_wdt_cnt_q_reg[7]/clk->d
           View: wc_view
          Group: clk_osc_fast
     Startpoint: (R) u_core_u_meas_ctrl_wdt_cnt_q_reg[2]/clk
          Clock: (R) clk_osc_fast
       Endpoint: (R) u_core_u_meas_ctrl_wdt_cnt_q_reg[7]/d
          Clock: (R) clk_osc_fast

                     Capture       Launch     
        Clock Edge:+     900            0     
       Src Latency:+       0            0     
       Net Latency:+       0 (I)        0 (I) 
           Arrival:=     900            0     
                                              
             Setup:-     687                  
       Uncertainty:-      50                  
     Required Time:=     163                  
      Launch Clock:-       0                  
         Data Path:-    6760                  
             Slack:=   -6597                  

#--------------------------------------------------------------------------------------------------------------------------
#              Timing Point               Flags    Arc    Edge       Cell         Fanout Load Trans Delay Arrival Instance 
#                                                                                        (fF)  (ps)  (ps)   (ps)  Location 
#--------------------------------------------------------------------------------------------------------------------------
  u_core_u_meas_ctrl_wdt_cnt_q_reg[2]/clk -       -       R     (arrival)           1862    -   150     0       0    (-,-) 
  u_core_u_meas_ctrl_wdt_cnt_q_reg[2]/q   (u)     clk->q  R     unmapped_d_flop        7 78.4     0  1509    1509    (-,-) 
  u_core_u_meas_ctrl_g12682/z             (u)     in_1->z R     unmapped_complex2      1 11.2     0   231    1740    (-,-) 
  u_core_u_meas_ctrl_g12517/z             (u)     in_0->z F     unmapped_nand2         1 11.2     0   231    1971    (-,-) 
  u_core_u_meas_ctrl_g12228/z             (u)     in_0->z F     unmapped_complex2      1 11.2     0   231    2202    (-,-) 
  u_core_u_meas_ctrl_g12180/z             (u)     in_1->z F     unmapped_complex2      1 11.2     0   231    2434    (-,-) 
  u_core_u_meas_ctrl_g12080/z             (u)     in_0->z R     unmapped_nand2         1 11.2     0   231    2665    (-,-) 
  u_core_u_meas_ctrl_g12023/z             (u)     in_0->z F     unmapped_complex2      1 11.2     0   231    2896    (-,-) 
  u_core_u_meas_ctrl_g11985/z             (u)     in_0->z R     unmapped_complex2      1 11.2     0   231    3127    (-,-) 
  u_core_u_meas_ctrl_g11955/z             (u)     in_0->z F     unmapped_complex2      1 11.2     0   231    3358    (-,-) 
  u_core_u_meas_ctrl_g11918/z             (u)     in_0->z R     unmapped_complex2      1 11.2     0   231    3590    (-,-) 
  u_core_u_meas_ctrl_g11894/z             (u)     in_0->z F     unmapped_nand2         3 33.6     0   327    3916    (-,-) 
  u_core_u_meas_ctrl_g11889/z             (u)     in_0->z R     unmapped_complex2      1 11.2     0   231    4148    (-,-) 
  u_core_u_meas_ctrl_g7493/z              (u)     in_1->z F     unmapped_complex2      2 22.4     0   278    4426    (-,-) 
  u_core_u_meas_ctrl_g11867/z             (u)     in_0->z R     unmapped_complex2      1 11.2     0   231    4657    (-,-) 
  u_core_u_meas_ctrl_g11860/z             (u)     in_0->z F     unmapped_nand2         4 44.8     0   373    5030    (-,-) 
  u_core_u_meas_ctrl_g11854/z             (u)     in_0->z R     unmapped_complex2    123 56.0     0   751    5780    (-,-) 
  u_core_u_meas_ctrl_g11624/z             (u)     in_0->z F     unmapped_nand2        16 44.8     0   518    6298    (-,-) 
  u_core_u_meas_ctrl_g11587/z             (u)     in_0->z F     unmapped_complex2      1 11.2     0   231    6529    (-,-) 
  u_core_u_meas_ctrl_g11579/z             (u)     in_1->z R     unmapped_nand2         1 11.2     0   231    6760    (-,-) 
  u_core_u_meas_ctrl_wdt_cnt_q_reg[7]/d   -       -       R     unmapped_d_flop        1    -     -     0    6760    (-,-) 
#--------------------------------------------------------------------------------------------------------------------------

(u) : Net has unmapped pin(s).



Path 10: VIOLATED (-6597 ps) Setup Check with Pin u_core_u_meas_ctrl_wdt_cnt_q_reg[6]/clk->d
           View: wc_view
          Group: clk_osc_fast
     Startpoint: (R) u_core_u_meas_ctrl_wdt_cnt_q_reg[2]/clk
          Clock: (R) clk_osc_fast
       Endpoint: (R) u_core_u_meas_ctrl_wdt_cnt_q_reg[6]/d
          Clock: (R) clk_osc_fast

                     Capture       Launch     
        Clock Edge:+     900            0     
       Src Latency:+       0            0     
       Net Latency:+       0 (I)        0 (I) 
           Arrival:=     900            0     
                                              
             Setup:-     687                  
       Uncertainty:-      50                  
     Required Time:=     163                  
      Launch Clock:-       0                  
         Data Path:-    6760                  
             Slack:=   -6597                  

#--------------------------------------------------------------------------------------------------------------------------
#              Timing Point               Flags    Arc    Edge       Cell         Fanout Load Trans Delay Arrival Instance 
#                                                                                        (fF)  (ps)  (ps)   (ps)  Location 
#--------------------------------------------------------------------------------------------------------------------------
  u_core_u_meas_ctrl_wdt_cnt_q_reg[2]/clk -       -       R     (arrival)           1862    -   150     0       0    (-,-) 
  u_core_u_meas_ctrl_wdt_cnt_q_reg[2]/q   (u)     clk->q  R     unmapped_d_flop        7 78.4     0  1509    1509    (-,-) 
  u_core_u_meas_ctrl_g12682/z             (u)     in_1->z R     unmapped_complex2      1 11.2     0   231    1740    (-,-) 
  u_core_u_meas_ctrl_g12517/z             (u)     in_0->z F     unmapped_nand2         1 11.2     0   231    1971    (-,-) 
  u_core_u_meas_ctrl_g12228/z             (u)     in_0->z F     unmapped_complex2      1 11.2     0   231    2202    (-,-) 
  u_core_u_meas_ctrl_g12180/z             (u)     in_1->z F     unmapped_complex2      1 11.2     0   231    2434    (-,-) 
  u_core_u_meas_ctrl_g12080/z             (u)     in_0->z R     unmapped_nand2         1 11.2     0   231    2665    (-,-) 
  u_core_u_meas_ctrl_g12023/z             (u)     in_0->z F     unmapped_complex2      1 11.2     0   231    2896    (-,-) 
  u_core_u_meas_ctrl_g11985/z             (u)     in_0->z R     unmapped_complex2      1 11.2     0   231    3127    (-,-) 
  u_core_u_meas_ctrl_g11955/z             (u)     in_0->z F     unmapped_complex2      1 11.2     0   231    3358    (-,-) 
  u_core_u_meas_ctrl_g11918/z             (u)     in_0->z R     unmapped_complex2      1 11.2     0   231    3590    (-,-) 
  u_core_u_meas_ctrl_g11894/z             (u)     in_0->z F     unmapped_nand2         3 33.6     0   327    3916    (-,-) 
  u_core_u_meas_ctrl_g11889/z             (u)     in_0->z R     unmapped_complex2      1 11.2     0   231    4148    (-,-) 
  u_core_u_meas_ctrl_g7493/z              (u)     in_1->z F     unmapped_complex2      2 22.4     0   278    4426    (-,-) 
  u_core_u_meas_ctrl_g11867/z             (u)     in_0->z R     unmapped_complex2      1 11.2     0   231    4657    (-,-) 
  u_core_u_meas_ctrl_g11860/z             (u)     in_0->z F     unmapped_nand2         4 44.8     0   373    5030    (-,-) 
  u_core_u_meas_ctrl_g11854/z             (u)     in_0->z R     unmapped_complex2    123 56.0     0   751    5780    (-,-) 
  u_core_u_meas_ctrl_g11624/z             (u)     in_0->z F     unmapped_nand2        16 44.8     0   518    6298    (-,-) 
  u_core_u_meas_ctrl_g11585/z             (u)     in_0->z F     unmapped_complex2      1 11.2     0   231    6529    (-,-) 
  u_core_u_meas_ctrl_g11576/z             (u)     in_1->z R     unmapped_nand2         1 11.2     0   231    6760    (-,-) 
  u_core_u_meas_ctrl_wdt_cnt_q_reg[6]/d   -       -       R     unmapped_d_flop        1    -     -     0    6760    (-,-) 
#--------------------------------------------------------------------------------------------------------------------------

(u) : Net has unmapped pin(s).



Path 11: VIOLATED (-6597 ps) Setup Check with Pin u_core_u_meas_ctrl_wdt_cnt_q_reg[5]/clk->d
           View: wc_view
          Group: clk_osc_fast
     Startpoint: (R) u_core_u_meas_ctrl_wdt_cnt_q_reg[2]/clk
          Clock: (R) clk_osc_fast
       Endpoint: (R) u_core_u_meas_ctrl_wdt_cnt_q_reg[5]/d
          Clock: (R) clk_osc_fast

                     Capture       Launch     
        Clock Edge:+     900            0     
       Src Latency:+       0            0     
       Net Latency:+       0 (I)        0 (I) 
           Arrival:=     900            0     
                                              
             Setup:-     687                  
       Uncertainty:-      50                  
     Required Time:=     163                  
      Launch Clock:-       0                  
         Data Path:-    6760                  
             Slack:=   -6597                  

#--------------------------------------------------------------------------------------------------------------------------
#              Timing Point               Flags    Arc    Edge       Cell         Fanout Load Trans Delay Arrival Instance 
#                                                                                        (fF)  (ps)  (ps)   (ps)  Location 
#--------------------------------------------------------------------------------------------------------------------------
  u_core_u_meas_ctrl_wdt_cnt_q_reg[2]/clk -       -       R     (arrival)           1862    -   150     0       0    (-,-) 
  u_core_u_meas_ctrl_wdt_cnt_q_reg[2]/q   (u)     clk->q  R     unmapped_d_flop        7 78.4     0  1509    1509    (-,-) 
  u_core_u_meas_ctrl_g12682/z             (u)     in_1->z R     unmapped_complex2      1 11.2     0   231    1740    (-,-) 
  u_core_u_meas_ctrl_g12517/z             (u)     in_0->z F     unmapped_nand2         1 11.2     0   231    1971    (-,-) 
  u_core_u_meas_ctrl_g12228/z             (u)     in_0->z F     unmapped_complex2      1 11.2     0   231    2202    (-,-) 
  u_core_u_meas_ctrl_g12180/z             (u)     in_1->z F     unmapped_complex2      1 11.2     0   231    2434    (-,-) 
  u_core_u_meas_ctrl_g12080/z             (u)     in_0->z R     unmapped_nand2         1 11.2     0   231    2665    (-,-) 
  u_core_u_meas_ctrl_g12023/z             (u)     in_0->z F     unmapped_complex2      1 11.2     0   231    2896    (-,-) 
  u_core_u_meas_ctrl_g11985/z             (u)     in_0->z R     unmapped_complex2      1 11.2     0   231    3127    (-,-) 
  u_core_u_meas_ctrl_g11955/z             (u)     in_0->z F     unmapped_complex2      1 11.2     0   231    3358    (-,-) 
  u_core_u_meas_ctrl_g11918/z             (u)     in_0->z R     unmapped_complex2      1 11.2     0   231    3590    (-,-) 
  u_core_u_meas_ctrl_g11894/z             (u)     in_0->z F     unmapped_nand2         3 33.6     0   327    3916    (-,-) 
  u_core_u_meas_ctrl_g11889/z             (u)     in_0->z R     unmapped_complex2      1 11.2     0   231    4148    (-,-) 
  u_core_u_meas_ctrl_g7493/z              (u)     in_1->z F     unmapped_complex2      2 22.4     0   278    4426    (-,-) 
  u_core_u_meas_ctrl_g11867/z             (u)     in_0->z R     unmapped_complex2      1 11.2     0   231    4657    (-,-) 
  u_core_u_meas_ctrl_g11860/z             (u)     in_0->z F     unmapped_nand2         4 44.8     0   373    5030    (-,-) 
  u_core_u_meas_ctrl_g11854/z             (u)     in_0->z R     unmapped_complex2    123 56.0     0   751    5780    (-,-) 
  u_core_u_meas_ctrl_g11624/z             (u)     in_0->z F     unmapped_nand2        16 44.8     0   518    6298    (-,-) 
  u_core_u_meas_ctrl_g11595/z             (u)     in_0->z F     unmapped_complex2      1 11.2     0   231    6529    (-,-) 
  u_core_u_meas_ctrl_g11574/z             (u)     in_1->z R     unmapped_nand2         1 11.2     0   231    6760    (-,-) 
  u_core_u_meas_ctrl_wdt_cnt_q_reg[5]/d   -       -       R     unmapped_d_flop        1    -     -     0    6760    (-,-) 
#--------------------------------------------------------------------------------------------------------------------------

(u) : Net has unmapped pin(s).



Path 12: VIOLATED (-6597 ps) Setup Check with Pin u_core_u_meas_ctrl_wdt_cnt_q_reg[4]/clk->d
           View: wc_view
          Group: clk_osc_fast
     Startpoint: (R) u_core_u_meas_ctrl_wdt_cnt_q_reg[2]/clk
          Clock: (R) clk_osc_fast
       Endpoint: (R) u_core_u_meas_ctrl_wdt_cnt_q_reg[4]/d
          Clock: (R) clk_osc_fast

                     Capture       Launch     
        Clock Edge:+     900            0     
       Src Latency:+       0            0     
       Net Latency:+       0 (I)        0 (I) 
           Arrival:=     900            0     
                                              
             Setup:-     687                  
       Uncertainty:-      50                  
     Required Time:=     163                  
      Launch Clock:-       0                  
         Data Path:-    6760                  
             Slack:=   -6597                  

#--------------------------------------------------------------------------------------------------------------------------
#              Timing Point               Flags    Arc    Edge       Cell         Fanout Load Trans Delay Arrival Instance 
#                                                                                        (fF)  (ps)  (ps)   (ps)  Location 
#--------------------------------------------------------------------------------------------------------------------------
  u_core_u_meas_ctrl_wdt_cnt_q_reg[2]/clk -       -       R     (arrival)           1862    -   150     0       0    (-,-) 
  u_core_u_meas_ctrl_wdt_cnt_q_reg[2]/q   (u)     clk->q  R     unmapped_d_flop        7 78.4     0  1509    1509    (-,-) 
  u_core_u_meas_ctrl_g12682/z             (u)     in_1->z R     unmapped_complex2      1 11.2     0   231    1740    (-,-) 
  u_core_u_meas_ctrl_g12517/z             (u)     in_0->z F     unmapped_nand2         1 11.2     0   231    1971    (-,-) 
  u_core_u_meas_ctrl_g12228/z             (u)     in_0->z F     unmapped_complex2      1 11.2     0   231    2202    (-,-) 
  u_core_u_meas_ctrl_g12180/z             (u)     in_1->z F     unmapped_complex2      1 11.2     0   231    2434    (-,-) 
  u_core_u_meas_ctrl_g12080/z             (u)     in_0->z R     unmapped_nand2         1 11.2     0   231    2665    (-,-) 
  u_core_u_meas_ctrl_g12023/z             (u)     in_0->z F     unmapped_complex2      1 11.2     0   231    2896    (-,-) 
  u_core_u_meas_ctrl_g11985/z             (u)     in_0->z R     unmapped_complex2      1 11.2     0   231    3127    (-,-) 
  u_core_u_meas_ctrl_g11955/z             (u)     in_0->z F     unmapped_complex2      1 11.2     0   231    3358    (-,-) 
  u_core_u_meas_ctrl_g11918/z             (u)     in_0->z R     unmapped_complex2      1 11.2     0   231    3590    (-,-) 
  u_core_u_meas_ctrl_g11894/z             (u)     in_0->z F     unmapped_nand2         3 33.6     0   327    3916    (-,-) 
  u_core_u_meas_ctrl_g11889/z             (u)     in_0->z R     unmapped_complex2      1 11.2     0   231    4148    (-,-) 
  u_core_u_meas_ctrl_g7493/z              (u)     in_1->z F     unmapped_complex2      2 22.4     0   278    4426    (-,-) 
  u_core_u_meas_ctrl_g11867/z             (u)     in_0->z R     unmapped_complex2      1 11.2     0   231    4657    (-,-) 
  u_core_u_meas_ctrl_g11860/z             (u)     in_0->z F     unmapped_nand2         4 44.8     0   373    5030    (-,-) 
  u_core_u_meas_ctrl_g11854/z             (u)     in_0->z R     unmapped_complex2    123 56.0     0   751    5780    (-,-) 
  u_core_u_meas_ctrl_g11624/z             (u)     in_0->z F     unmapped_nand2        16 44.8     0   518    6298    (-,-) 
  u_core_u_meas_ctrl_g11584/z             (u)     in_0->z F     unmapped_complex2      1 11.2     0   231    6529    (-,-) 
  u_core_u_meas_ctrl_g11577/z             (u)     in_1->z R     unmapped_nand2         1 11.2     0   231    6760    (-,-) 
  u_core_u_meas_ctrl_wdt_cnt_q_reg[4]/d   -       -       R     unmapped_d_flop        1    -     -     0    6760    (-,-) 
#--------------------------------------------------------------------------------------------------------------------------

(u) : Net has unmapped pin(s).



Path 13: VIOLATED (-6597 ps) Setup Check with Pin u_core_u_meas_ctrl_wdt_cnt_q_reg[3]/clk->d
           View: wc_view
          Group: clk_osc_fast
     Startpoint: (R) u_core_u_meas_ctrl_wdt_cnt_q_reg[2]/clk
          Clock: (R) clk_osc_fast
       Endpoint: (R) u_core_u_meas_ctrl_wdt_cnt_q_reg[3]/d
          Clock: (R) clk_osc_fast

                     Capture       Launch     
        Clock Edge:+     900            0     
       Src Latency:+       0            0     
       Net Latency:+       0 (I)        0 (I) 
           Arrival:=     900            0     
                                              
             Setup:-     687                  
       Uncertainty:-      50                  
     Required Time:=     163                  
      Launch Clock:-       0                  
         Data Path:-    6760                  
             Slack:=   -6597                  

#--------------------------------------------------------------------------------------------------------------------------
#              Timing Point               Flags    Arc    Edge       Cell         Fanout Load Trans Delay Arrival Instance 
#                                                                                        (fF)  (ps)  (ps)   (ps)  Location 
#--------------------------------------------------------------------------------------------------------------------------
  u_core_u_meas_ctrl_wdt_cnt_q_reg[2]/clk -       -       R     (arrival)           1862    -   150     0       0    (-,-) 
  u_core_u_meas_ctrl_wdt_cnt_q_reg[2]/q   (u)     clk->q  R     unmapped_d_flop        7 78.4     0  1509    1509    (-,-) 
  u_core_u_meas_ctrl_g12682/z             (u)     in_1->z R     unmapped_complex2      1 11.2     0   231    1740    (-,-) 
  u_core_u_meas_ctrl_g12517/z             (u)     in_0->z F     unmapped_nand2         1 11.2     0   231    1971    (-,-) 
  u_core_u_meas_ctrl_g12228/z             (u)     in_0->z F     unmapped_complex2      1 11.2     0   231    2202    (-,-) 
  u_core_u_meas_ctrl_g12180/z             (u)     in_1->z F     unmapped_complex2      1 11.2     0   231    2434    (-,-) 
  u_core_u_meas_ctrl_g12080/z             (u)     in_0->z R     unmapped_nand2         1 11.2     0   231    2665    (-,-) 
  u_core_u_meas_ctrl_g12023/z             (u)     in_0->z F     unmapped_complex2      1 11.2     0   231    2896    (-,-) 
  u_core_u_meas_ctrl_g11985/z             (u)     in_0->z R     unmapped_complex2      1 11.2     0   231    3127    (-,-) 
  u_core_u_meas_ctrl_g11955/z             (u)     in_0->z F     unmapped_complex2      1 11.2     0   231    3358    (-,-) 
  u_core_u_meas_ctrl_g11918/z             (u)     in_0->z R     unmapped_complex2      1 11.2     0   231    3590    (-,-) 
  u_core_u_meas_ctrl_g11894/z             (u)     in_0->z F     unmapped_nand2         3 33.6     0   327    3916    (-,-) 
  u_core_u_meas_ctrl_g11889/z             (u)     in_0->z R     unmapped_complex2      1 11.2     0   231    4148    (-,-) 
  u_core_u_meas_ctrl_g7493/z              (u)     in_1->z F     unmapped_complex2      2 22.4     0   278    4426    (-,-) 
  u_core_u_meas_ctrl_g11867/z             (u)     in_0->z R     unmapped_complex2      1 11.2     0   231    4657    (-,-) 
  u_core_u_meas_ctrl_g11860/z             (u)     in_0->z F     unmapped_nand2         4 44.8     0   373    5030    (-,-) 
  u_core_u_meas_ctrl_g11854/z             (u)     in_0->z R     unmapped_complex2    123 56.0     0   751    5780    (-,-) 
  u_core_u_meas_ctrl_g11624/z             (u)     in_0->z F     unmapped_nand2        16 44.8     0   518    6298    (-,-) 
  u_core_u_meas_ctrl_g11586/z             (u)     in_0->z F     unmapped_complex2      1 11.2     0   231    6529    (-,-) 
  u_core_u_meas_ctrl_g11567/z             (u)     in_1->z R     unmapped_nand2         1 11.2     0   231    6760    (-,-) 
  u_core_u_meas_ctrl_wdt_cnt_q_reg[3]/d   -       -       R     unmapped_d_flop        1    -     -     0    6760    (-,-) 
#--------------------------------------------------------------------------------------------------------------------------

(u) : Net has unmapped pin(s).



Path 14: VIOLATED (-6597 ps) Setup Check with Pin u_core_u_meas_ctrl_wdt_cnt_q_reg[2]/clk->d
           View: wc_view
          Group: clk_osc_fast
     Startpoint: (R) u_core_u_meas_ctrl_wdt_cnt_q_reg[2]/clk
          Clock: (R) clk_osc_fast
       Endpoint: (R) u_core_u_meas_ctrl_wdt_cnt_q_reg[2]/d
          Clock: (R) clk_osc_fast

                     Capture       Launch     
        Clock Edge:+     900            0     
       Src Latency:+       0            0     
       Net Latency:+       0 (I)        0 (I) 
           Arrival:=     900            0     
                                              
             Setup:-     687                  
       Uncertainty:-      50                  
     Required Time:=     163                  
      Launch Clock:-       0                  
         Data Path:-    6760                  
             Slack:=   -6597                  

#--------------------------------------------------------------------------------------------------------------------------
#              Timing Point               Flags    Arc    Edge       Cell         Fanout Load Trans Delay Arrival Instance 
#                                                                                        (fF)  (ps)  (ps)   (ps)  Location 
#--------------------------------------------------------------------------------------------------------------------------
  u_core_u_meas_ctrl_wdt_cnt_q_reg[2]/clk -       -       R     (arrival)           1862    -   150     0       0    (-,-) 
  u_core_u_meas_ctrl_wdt_cnt_q_reg[2]/q   (u)     clk->q  R     unmapped_d_flop        7 78.4     0  1509    1509    (-,-) 
  u_core_u_meas_ctrl_g12682/z             (u)     in_1->z R     unmapped_complex2      1 11.2     0   231    1740    (-,-) 
  u_core_u_meas_ctrl_g12517/z             (u)     in_0->z F     unmapped_nand2         1 11.2     0   231    1971    (-,-) 
  u_core_u_meas_ctrl_g12228/z             (u)     in_0->z F     unmapped_complex2      1 11.2     0   231    2202    (-,-) 
  u_core_u_meas_ctrl_g12180/z             (u)     in_1->z F     unmapped_complex2      1 11.2     0   231    2434    (-,-) 
  u_core_u_meas_ctrl_g12080/z             (u)     in_0->z R     unmapped_nand2         1 11.2     0   231    2665    (-,-) 
  u_core_u_meas_ctrl_g12023/z             (u)     in_0->z F     unmapped_complex2      1 11.2     0   231    2896    (-,-) 
  u_core_u_meas_ctrl_g11985/z             (u)     in_0->z R     unmapped_complex2      1 11.2     0   231    3127    (-,-) 
  u_core_u_meas_ctrl_g11955/z             (u)     in_0->z F     unmapped_complex2      1 11.2     0   231    3358    (-,-) 
  u_core_u_meas_ctrl_g11918/z             (u)     in_0->z R     unmapped_complex2      1 11.2     0   231    3590    (-,-) 
  u_core_u_meas_ctrl_g11894/z             (u)     in_0->z F     unmapped_nand2         3 33.6     0   327    3916    (-,-) 
  u_core_u_meas_ctrl_g11889/z             (u)     in_0->z R     unmapped_complex2      1 11.2     0   231    4148    (-,-) 
  u_core_u_meas_ctrl_g7493/z              (u)     in_1->z F     unmapped_complex2      2 22.4     0   278    4426    (-,-) 
  u_core_u_meas_ctrl_g11867/z             (u)     in_0->z R     unmapped_complex2      1 11.2     0   231    4657    (-,-) 
  u_core_u_meas_ctrl_g11860/z             (u)     in_0->z F     unmapped_nand2         4 44.8     0   373    5030    (-,-) 
  u_core_u_meas_ctrl_g11854/z             (u)     in_0->z R     unmapped_complex2    123 56.0     0   751    5780    (-,-) 
  u_core_u_meas_ctrl_g11624/z             (u)     in_0->z F     unmapped_nand2        16 44.8     0   518    6298    (-,-) 
  u_core_u_meas_ctrl_g11602/z             (u)     in_0->z F     unmapped_complex2      1 11.2     0   231    6529    (-,-) 
  u_core_u_meas_ctrl_g11570/z             (u)     in_1->z R     unmapped_nand2         1 11.2     0   231    6760    (-,-) 
  u_core_u_meas_ctrl_wdt_cnt_q_reg[2]/d   -       -       R     unmapped_d_flop        1    -     -     0    6760    (-,-) 
#--------------------------------------------------------------------------------------------------------------------------

(u) : Net has unmapped pin(s).



Path 15: VIOLATED (-6597 ps) Setup Check with Pin u_core_u_meas_ctrl_wdt_cnt_q_reg[1]/clk->d
           View: wc_view
          Group: clk_osc_fast
     Startpoint: (R) u_core_u_meas_ctrl_wdt_cnt_q_reg[2]/clk
          Clock: (R) clk_osc_fast
       Endpoint: (R) u_core_u_meas_ctrl_wdt_cnt_q_reg[1]/d
          Clock: (R) clk_osc_fast

                     Capture       Launch     
        Clock Edge:+     900            0     
       Src Latency:+       0            0     
       Net Latency:+       0 (I)        0 (I) 
           Arrival:=     900            0     
                                              
             Setup:-     687                  
       Uncertainty:-      50                  
     Required Time:=     163                  
      Launch Clock:-       0                  
         Data Path:-    6760                  
             Slack:=   -6597                  

#--------------------------------------------------------------------------------------------------------------------------
#              Timing Point               Flags    Arc    Edge       Cell         Fanout Load Trans Delay Arrival Instance 
#                                                                                        (fF)  (ps)  (ps)   (ps)  Location 
#--------------------------------------------------------------------------------------------------------------------------
  u_core_u_meas_ctrl_wdt_cnt_q_reg[2]/clk -       -       R     (arrival)           1862    -   150     0       0    (-,-) 
  u_core_u_meas_ctrl_wdt_cnt_q_reg[2]/q   (u)     clk->q  R     unmapped_d_flop        7 78.4     0  1509    1509    (-,-) 
  u_core_u_meas_ctrl_g12682/z             (u)     in_1->z R     unmapped_complex2      1 11.2     0   231    1740    (-,-) 
  u_core_u_meas_ctrl_g12517/z             (u)     in_0->z F     unmapped_nand2         1 11.2     0   231    1971    (-,-) 
  u_core_u_meas_ctrl_g12228/z             (u)     in_0->z F     unmapped_complex2      1 11.2     0   231    2202    (-,-) 
  u_core_u_meas_ctrl_g12180/z             (u)     in_1->z F     unmapped_complex2      1 11.2     0   231    2434    (-,-) 
  u_core_u_meas_ctrl_g12080/z             (u)     in_0->z R     unmapped_nand2         1 11.2     0   231    2665    (-,-) 
  u_core_u_meas_ctrl_g12023/z             (u)     in_0->z F     unmapped_complex2      1 11.2     0   231    2896    (-,-) 
  u_core_u_meas_ctrl_g11985/z             (u)     in_0->z R     unmapped_complex2      1 11.2     0   231    3127    (-,-) 
  u_core_u_meas_ctrl_g11955/z             (u)     in_0->z F     unmapped_complex2      1 11.2     0   231    3358    (-,-) 
  u_core_u_meas_ctrl_g11918/z             (u)     in_0->z R     unmapped_complex2      1 11.2     0   231    3590    (-,-) 
  u_core_u_meas_ctrl_g11894/z             (u)     in_0->z F     unmapped_nand2         3 33.6     0   327    3916    (-,-) 
  u_core_u_meas_ctrl_g11889/z             (u)     in_0->z R     unmapped_complex2      1 11.2     0   231    4148    (-,-) 
  u_core_u_meas_ctrl_g7493/z              (u)     in_1->z F     unmapped_complex2      2 22.4     0   278    4426    (-,-) 
  u_core_u_meas_ctrl_g11867/z             (u)     in_0->z R     unmapped_complex2      1 11.2     0   231    4657    (-,-) 
  u_core_u_meas_ctrl_g11860/z             (u)     in_0->z F     unmapped_nand2         4 44.8     0   373    5030    (-,-) 
  u_core_u_meas_ctrl_g11854/z             (u)     in_0->z R     unmapped_complex2    123 56.0     0   751    5780    (-,-) 
  u_core_u_meas_ctrl_g11624/z             (u)     in_0->z F     unmapped_nand2        16 44.8     0   518    6298    (-,-) 
  u_core_u_meas_ctrl_g11598/z             (u)     in_0->z F     unmapped_complex2      1 11.2     0   231    6529    (-,-) 
  u_core_u_meas_ctrl_g11572/z             (u)     in_1->z R     unmapped_nand2         1 11.2     0   231    6760    (-,-) 
  u_core_u_meas_ctrl_wdt_cnt_q_reg[1]/d   -       -       R     unmapped_d_flop        1    -     -     0    6760    (-,-) 
#--------------------------------------------------------------------------------------------------------------------------

(u) : Net has unmapped pin(s).



Path 16: VIOLATED (-6597 ps) Setup Check with Pin u_core_u_meas_ctrl_wdt_cnt_q_reg[0]/clk->d
           View: wc_view
          Group: clk_osc_fast
     Startpoint: (R) u_core_u_meas_ctrl_wdt_cnt_q_reg[2]/clk
          Clock: (R) clk_osc_fast
       Endpoint: (R) u_core_u_meas_ctrl_wdt_cnt_q_reg[0]/d
          Clock: (R) clk_osc_fast

                     Capture       Launch     
        Clock Edge:+     900            0     
       Src Latency:+       0            0     
       Net Latency:+       0 (I)        0 (I) 
           Arrival:=     900            0     
                                              
             Setup:-     687                  
       Uncertainty:-      50                  
     Required Time:=     163                  
      Launch Clock:-       0                  
         Data Path:-    6760                  
             Slack:=   -6597                  

#--------------------------------------------------------------------------------------------------------------------------
#              Timing Point               Flags    Arc    Edge       Cell         Fanout Load Trans Delay Arrival Instance 
#                                                                                        (fF)  (ps)  (ps)   (ps)  Location 
#--------------------------------------------------------------------------------------------------------------------------
  u_core_u_meas_ctrl_wdt_cnt_q_reg[2]/clk -       -       R     (arrival)           1862    -   150     0       0    (-,-) 
  u_core_u_meas_ctrl_wdt_cnt_q_reg[2]/q   (u)     clk->q  R     unmapped_d_flop        7 78.4     0  1509    1509    (-,-) 
  u_core_u_meas_ctrl_g12682/z             (u)     in_1->z R     unmapped_complex2      1 11.2     0   231    1740    (-,-) 
  u_core_u_meas_ctrl_g12517/z             (u)     in_0->z F     unmapped_nand2         1 11.2     0   231    1971    (-,-) 
  u_core_u_meas_ctrl_g12228/z             (u)     in_0->z F     unmapped_complex2      1 11.2     0   231    2202    (-,-) 
  u_core_u_meas_ctrl_g12180/z             (u)     in_1->z F     unmapped_complex2      1 11.2     0   231    2434    (-,-) 
  u_core_u_meas_ctrl_g12080/z             (u)     in_0->z R     unmapped_nand2         1 11.2     0   231    2665    (-,-) 
  u_core_u_meas_ctrl_g12023/z             (u)     in_0->z F     unmapped_complex2      1 11.2     0   231    2896    (-,-) 
  u_core_u_meas_ctrl_g11985/z             (u)     in_0->z R     unmapped_complex2      1 11.2     0   231    3127    (-,-) 
  u_core_u_meas_ctrl_g11955/z             (u)     in_0->z F     unmapped_complex2      1 11.2     0   231    3358    (-,-) 
  u_core_u_meas_ctrl_g11918/z             (u)     in_0->z R     unmapped_complex2      1 11.2     0   231    3590    (-,-) 
  u_core_u_meas_ctrl_g11894/z             (u)     in_0->z F     unmapped_nand2         3 33.6     0   327    3916    (-,-) 
  u_core_u_meas_ctrl_g11889/z             (u)     in_0->z R     unmapped_complex2      1 11.2     0   231    4148    (-,-) 
  u_core_u_meas_ctrl_g7493/z              (u)     in_1->z F     unmapped_complex2      2 22.4     0   278    4426    (-,-) 
  u_core_u_meas_ctrl_g11867/z             (u)     in_0->z R     unmapped_complex2      1 11.2     0   231    4657    (-,-) 
  u_core_u_meas_ctrl_g11860/z             (u)     in_0->z F     unmapped_nand2         4 44.8     0   373    5030    (-,-) 
  u_core_u_meas_ctrl_g11854/z             (u)     in_0->z R     unmapped_complex2    123 56.0     0   751    5780    (-,-) 
  u_core_u_meas_ctrl_g11624/z             (u)     in_0->z F     unmapped_nand2        16 44.8     0   518    6298    (-,-) 
  u_core_u_meas_ctrl_g11597/z             (u)     in_0->z F     unmapped_complex2      1 11.2     0   231    6529    (-,-) 
  u_core_u_meas_ctrl_g11578/z             (u)     in_1->z R     unmapped_nand2         1 11.2     0   231    6760    (-,-) 
  u_core_u_meas_ctrl_wdt_cnt_q_reg[0]/d   -       -       R     unmapped_d_flop        1    -     -     0    6760    (-,-) 
#--------------------------------------------------------------------------------------------------------------------------

(u) : Net has unmapped pin(s).



Path 17: VIOLATED (-6358 ps) Setup Check with Pin u_core_u_meas_ctrl_flags_q_reg[closed_by_watchdog]/clk->d
           View: wc_view
          Group: clk_osc_fast
     Startpoint: (R) u_core_u_meas_ctrl_wdt_cnt_q_reg[2]/clk
          Clock: (R) clk_osc_fast
       Endpoint: (R) u_core_u_meas_ctrl_flags_q_reg[closed_by_watchdog]/d
          Clock: (R) clk_osc_fast

                     Capture       Launch     
        Clock Edge:+     900            0     
       Src Latency:+       0            0     
       Net Latency:+       0 (I)        0 (I) 
           Arrival:=     900            0     
                                              
             Setup:-     687                  
       Uncertainty:-      50                  
     Required Time:=     163                  
      Launch Clock:-       0                  
         Data Path:-    6521                  
             Slack:=   -6358                  

#---------------------------------------------------------------------------------------------------------------------------------------
#                    Timing Point                      Flags    Arc    Edge       Cell         Fanout Load Trans Delay Arrival Instance 
#                                                                                                     (fF)  (ps)  (ps)   (ps)  Location 
#---------------------------------------------------------------------------------------------------------------------------------------
  u_core_u_meas_ctrl_wdt_cnt_q_reg[2]/clk              -       -       R     (arrival)           1862    -   150     0       0    (-,-) 
  u_core_u_meas_ctrl_wdt_cnt_q_reg[2]/q                (u)     clk->q  R     unmapped_d_flop        7 78.4     0  1509    1509    (-,-) 
  u_core_u_meas_ctrl_g12682/z                          (u)     in_1->z R     unmapped_complex2      1 11.2     0   231    1740    (-,-) 
  u_core_u_meas_ctrl_g12517/z                          (u)     in_0->z F     unmapped_nand2         1 11.2     0   231    1971    (-,-) 
  u_core_u_meas_ctrl_g12228/z                          (u)     in_0->z F     unmapped_complex2      1 11.2     0   231    2202    (-,-) 
  u_core_u_meas_ctrl_g12180/z                          (u)     in_1->z F     unmapped_complex2      1 11.2     0   231    2434    (-,-) 
  u_core_u_meas_ctrl_g12080/z                          (u)     in_0->z R     unmapped_nand2         1 11.2     0   231    2665    (-,-) 
  u_core_u_meas_ctrl_g12023/z                          (u)     in_0->z F     unmapped_complex2      1 11.2     0   231    2896    (-,-) 
  u_core_u_meas_ctrl_g11985/z                          (u)     in_0->z R     unmapped_complex2      1 11.2     0   231    3127    (-,-) 
  u_core_u_meas_ctrl_g11955/z                          (u)     in_0->z F     unmapped_complex2      1 11.2     0   231    3358    (-,-) 
  u_core_u_meas_ctrl_g11918/z                          (u)     in_0->z R     unmapped_complex2      1 11.2     0   231    3590    (-,-) 
  u_core_u_meas_ctrl_g11894/z                          (u)     in_0->z F     unmapped_nand2         3 33.6     0   327    3916    (-,-) 
  u_core_u_meas_ctrl_g11889/z                          (u)     in_0->z R     unmapped_complex2      1 11.2     0   231    4148    (-,-) 
  u_core_u_meas_ctrl_g7493/z                           (u)     in_1->z F     unmapped_complex2      2 22.4     0   278    4426    (-,-) 
  u_core_u_meas_ctrl_g11867/z                          (u)     in_0->z R     unmapped_complex2      1 11.2     0   231    4657    (-,-) 
  u_core_u_meas_ctrl_g11860/z                          (u)     in_0->z F     unmapped_nand2         4 44.8     0   373    5030    (-,-) 
  u_core_u_meas_ctrl_g11854/z                          (u)     in_0->z R     unmapped_complex2    123 56.0     0   751    5780    (-,-) 
  u_core_u_meas_ctrl_g11686/z                          (u)     in_1->z F     unmapped_nand2         2 22.4     0   278    6058    (-,-) 
  u_core_u_meas_ctrl_g11604/z                          (u)     in_0->z F     unmapped_complex2      1 11.2     0   231    6290    (-,-) 
  u_core_u_meas_ctrl_g11583/z                          (u)     in_0->z R     unmapped_nand2         1 11.2     0   231    6521    (-,-) 
  u_core_u_meas_ctrl_flags_q_reg[closed_by_watchdog]/d -       -       R     unmapped_d_flop        1    -     -     0    6521    (-,-) 
#---------------------------------------------------------------------------------------------------------------------------------------

(u) : Net has unmapped pin(s).



Path 18: VIOLATED (-6358 ps) Setup Check with Pin u_core_u_meas_ctrl_flags_q_reg[closed_by_maxhits]/clk->d
           View: wc_view
          Group: clk_osc_fast
     Startpoint: (R) u_core_u_meas_ctrl_wdt_cnt_q_reg[2]/clk
          Clock: (R) clk_osc_fast
       Endpoint: (R) u_core_u_meas_ctrl_flags_q_reg[closed_by_maxhits]/d
          Clock: (R) clk_osc_fast

                     Capture       Launch     
        Clock Edge:+     900            0     
       Src Latency:+       0            0     
       Net Latency:+       0 (I)        0 (I) 
           Arrival:=     900            0     
                                              
             Setup:-     687                  
       Uncertainty:-      50                  
     Required Time:=     163                  
      Launch Clock:-       0                  
         Data Path:-    6521                  
             Slack:=   -6358                  

#--------------------------------------------------------------------------------------------------------------------------------------
#                    Timing Point                     Flags    Arc    Edge       Cell         Fanout Load Trans Delay Arrival Instance 
#                                                                                                    (fF)  (ps)  (ps)   (ps)  Location 
#--------------------------------------------------------------------------------------------------------------------------------------
  u_core_u_meas_ctrl_wdt_cnt_q_reg[2]/clk             -       -       R     (arrival)           1862    -   150     0       0    (-,-) 
  u_core_u_meas_ctrl_wdt_cnt_q_reg[2]/q               (u)     clk->q  R     unmapped_d_flop        7 78.4     0  1509    1509    (-,-) 
  u_core_u_meas_ctrl_g12682/z                         (u)     in_1->z R     unmapped_complex2      1 11.2     0   231    1740    (-,-) 
  u_core_u_meas_ctrl_g12517/z                         (u)     in_0->z F     unmapped_nand2         1 11.2     0   231    1971    (-,-) 
  u_core_u_meas_ctrl_g12228/z                         (u)     in_0->z F     unmapped_complex2      1 11.2     0   231    2202    (-,-) 
  u_core_u_meas_ctrl_g12180/z                         (u)     in_1->z F     unmapped_complex2      1 11.2     0   231    2434    (-,-) 
  u_core_u_meas_ctrl_g12080/z                         (u)     in_0->z R     unmapped_nand2         1 11.2     0   231    2665    (-,-) 
  u_core_u_meas_ctrl_g12023/z                         (u)     in_0->z F     unmapped_complex2      1 11.2     0   231    2896    (-,-) 
  u_core_u_meas_ctrl_g11985/z                         (u)     in_0->z R     unmapped_complex2      1 11.2     0   231    3127    (-,-) 
  u_core_u_meas_ctrl_g11955/z                         (u)     in_0->z F     unmapped_complex2      1 11.2     0   231    3358    (-,-) 
  u_core_u_meas_ctrl_g11918/z                         (u)     in_0->z R     unmapped_complex2      1 11.2     0   231    3590    (-,-) 
  u_core_u_meas_ctrl_g11894/z                         (u)     in_0->z F     unmapped_nand2         3 33.6     0   327    3916    (-,-) 
  u_core_u_meas_ctrl_g11889/z                         (u)     in_0->z R     unmapped_complex2      1 11.2     0   231    4148    (-,-) 
  u_core_u_meas_ctrl_g7493/z                          (u)     in_1->z F     unmapped_complex2      2 22.4     0   278    4426    (-,-) 
  u_core_u_meas_ctrl_g11867/z                         (u)     in_0->z R     unmapped_complex2      1 11.2     0   231    4657    (-,-) 
  u_core_u_meas_ctrl_g11860/z                         (u)     in_0->z F     unmapped_nand2         4 44.8     0   373    5030    (-,-) 
  u_core_u_meas_ctrl_g11854/z                         (u)     in_0->z R     unmapped_complex2    123 56.0     0   751    5780    (-,-) 
  u_core_u_meas_ctrl_g11686/z                         (u)     in_1->z F     unmapped_nand2         2 22.4     0   278    6058    (-,-) 
  u_core_u_meas_ctrl_g11605/z                         (u)     in_0->z F     unmapped_complex2      1 11.2     0   231    6290    (-,-) 
  u_core_u_meas_ctrl_g11603/z                         (u)     in_0->z R     unmapped_nand2         1 11.2     0   231    6521    (-,-) 
  u_core_u_meas_ctrl_flags_q_reg[closed_by_maxhits]/d -       -       R     unmapped_d_flop        1    -     -     0    6521    (-,-) 
#--------------------------------------------------------------------------------------------------------------------------------------

(u) : Net has unmapped pin(s).



Path 19: VIOLATED (-6127 ps) Setup Check with Pin u_core_u_meas_ctrl_hit_cnt_q_reg[3]/clk->d
           View: wc_view
          Group: clk_osc_fast
     Startpoint: (R) u_core_u_meas_ctrl_wdt_cnt_q_reg[2]/clk
          Clock: (R) clk_osc_fast
       Endpoint: (R) u_core_u_meas_ctrl_hit_cnt_q_reg[3]/d
          Clock: (R) clk_osc_fast

                     Capture       Launch     
        Clock Edge:+     900            0     
       Src Latency:+       0            0     
       Net Latency:+       0 (I)        0 (I) 
           Arrival:=     900            0     
                                              
             Setup:-     687                  
       Uncertainty:-      50                  
     Required Time:=     163                  
      Launch Clock:-       0                  
         Data Path:-    6290                  
             Slack:=   -6127                  

#--------------------------------------------------------------------------------------------------------------------------
#              Timing Point               Flags    Arc    Edge       Cell         Fanout Load Trans Delay Arrival Instance 
#                                                                                        (fF)  (ps)  (ps)   (ps)  Location 
#--------------------------------------------------------------------------------------------------------------------------
  u_core_u_meas_ctrl_wdt_cnt_q_reg[2]/clk -       -       R     (arrival)           1862    -   150     0       0    (-,-) 
  u_core_u_meas_ctrl_wdt_cnt_q_reg[2]/q   (u)     clk->q  R     unmapped_d_flop        7 78.4     0  1509    1509    (-,-) 
  u_core_u_meas_ctrl_g12682/z             (u)     in_1->z R     unmapped_complex2      1 11.2     0   231    1740    (-,-) 
  u_core_u_meas_ctrl_g12517/z             (u)     in_0->z F     unmapped_nand2         1 11.2     0   231    1971    (-,-) 
  u_core_u_meas_ctrl_g12228/z             (u)     in_0->z F     unmapped_complex2      1 11.2     0   231    2202    (-,-) 
  u_core_u_meas_ctrl_g12180/z             (u)     in_1->z F     unmapped_complex2      1 11.2     0   231    2434    (-,-) 
  u_core_u_meas_ctrl_g12080/z             (u)     in_0->z R     unmapped_nand2         1 11.2     0   231    2665    (-,-) 
  u_core_u_meas_ctrl_g12023/z             (u)     in_0->z F     unmapped_complex2      1 11.2     0   231    2896    (-,-) 
  u_core_u_meas_ctrl_g11985/z             (u)     in_0->z R     unmapped_complex2      1 11.2     0   231    3127    (-,-) 
  u_core_u_meas_ctrl_g11955/z             (u)     in_0->z F     unmapped_complex2      1 11.2     0   231    3358    (-,-) 
  u_core_u_meas_ctrl_g11918/z             (u)     in_0->z R     unmapped_complex2      1 11.2     0   231    3590    (-,-) 
  u_core_u_meas_ctrl_g11894/z             (u)     in_0->z F     unmapped_nand2         3 33.6     0   327    3916    (-,-) 
  u_core_u_meas_ctrl_g11889/z             (u)     in_0->z R     unmapped_complex2      1 11.2     0   231    4148    (-,-) 
  u_core_u_meas_ctrl_g7493/z              (u)     in_1->z F     unmapped_complex2      2 22.4     0   278    4426    (-,-) 
  u_core_u_meas_ctrl_g11867/z             (u)     in_0->z R     unmapped_complex2      1 11.2     0   231    4657    (-,-) 
  u_core_u_meas_ctrl_g11860/z             (u)     in_0->z F     unmapped_nand2         4 44.8     0   373    5030    (-,-) 
  u_core_u_meas_ctrl_g11854/z             (u)     in_0->z R     unmapped_complex2    123 56.0     0   751    5780    (-,-) 
  u_core_u_meas_ctrl_g11671/z             (u)     in_0->z F     unmapped_nand2         2 22.4     0   278    6058    (-,-) 
  u_core_u_meas_ctrl_g11592/z             (u)     in_0->z R     unmapped_nand2         1 11.2     0   231    6290    (-,-) 
  u_core_u_meas_ctrl_hit_cnt_q_reg[3]/d   -       -       R     unmapped_d_flop        1    -     -     0    6290    (-,-) 
#--------------------------------------------------------------------------------------------------------------------------

(u) : Net has unmapped pin(s).



Path 20: VIOLATED (-6127 ps) Setup Check with Pin u_core_u_meas_ctrl_hit_cnt_q_reg[1]/clk->d
           View: wc_view
          Group: clk_osc_fast
     Startpoint: (R) u_core_u_meas_ctrl_wdt_cnt_q_reg[2]/clk
          Clock: (R) clk_osc_fast
       Endpoint: (R) u_core_u_meas_ctrl_hit_cnt_q_reg[1]/d
          Clock: (R) clk_osc_fast

                     Capture       Launch     
        Clock Edge:+     900            0     
       Src Latency:+       0            0     
       Net Latency:+       0 (I)        0 (I) 
           Arrival:=     900            0     
                                              
             Setup:-     687                  
       Uncertainty:-      50                  
     Required Time:=     163                  
      Launch Clock:-       0                  
         Data Path:-    6290                  
             Slack:=   -6127                  

#--------------------------------------------------------------------------------------------------------------------------
#              Timing Point               Flags    Arc    Edge       Cell         Fanout Load Trans Delay Arrival Instance 
#                                                                                        (fF)  (ps)  (ps)   (ps)  Location 
#--------------------------------------------------------------------------------------------------------------------------
  u_core_u_meas_ctrl_wdt_cnt_q_reg[2]/clk -       -       R     (arrival)           1862    -   150     0       0    (-,-) 
  u_core_u_meas_ctrl_wdt_cnt_q_reg[2]/q   (u)     clk->q  R     unmapped_d_flop        7 78.4     0  1509    1509    (-,-) 
  u_core_u_meas_ctrl_g12682/z             (u)     in_1->z R     unmapped_complex2      1 11.2     0   231    1740    (-,-) 
  u_core_u_meas_ctrl_g12517/z             (u)     in_0->z F     unmapped_nand2         1 11.2     0   231    1971    (-,-) 
  u_core_u_meas_ctrl_g12228/z             (u)     in_0->z F     unmapped_complex2      1 11.2     0   231    2202    (-,-) 
  u_core_u_meas_ctrl_g12180/z             (u)     in_1->z F     unmapped_complex2      1 11.2     0   231    2434    (-,-) 
  u_core_u_meas_ctrl_g12080/z             (u)     in_0->z R     unmapped_nand2         1 11.2     0   231    2665    (-,-) 
  u_core_u_meas_ctrl_g12023/z             (u)     in_0->z F     unmapped_complex2      1 11.2     0   231    2896    (-,-) 
  u_core_u_meas_ctrl_g11985/z             (u)     in_0->z R     unmapped_complex2      1 11.2     0   231    3127    (-,-) 
  u_core_u_meas_ctrl_g11955/z             (u)     in_0->z F     unmapped_complex2      1 11.2     0   231    3358    (-,-) 
  u_core_u_meas_ctrl_g11918/z             (u)     in_0->z R     unmapped_complex2      1 11.2     0   231    3590    (-,-) 
  u_core_u_meas_ctrl_g11894/z             (u)     in_0->z F     unmapped_nand2         3 33.6     0   327    3916    (-,-) 
  u_core_u_meas_ctrl_g11889/z             (u)     in_0->z R     unmapped_complex2      1 11.2     0   231    4148    (-,-) 
  u_core_u_meas_ctrl_g7493/z              (u)     in_1->z F     unmapped_complex2      2 22.4     0   278    4426    (-,-) 
  u_core_u_meas_ctrl_g11867/z             (u)     in_0->z R     unmapped_complex2      1 11.2     0   231    4657    (-,-) 
  u_core_u_meas_ctrl_g11860/z             (u)     in_0->z F     unmapped_nand2         4 44.8     0   373    5030    (-,-) 
  u_core_u_meas_ctrl_g11854/z             (u)     in_0->z R     unmapped_complex2    123 56.0     0   751    5780    (-,-) 
  u_core_u_meas_ctrl_g11671/z             (u)     in_0->z F     unmapped_nand2         2 22.4     0   278    6058    (-,-) 
  u_core_u_meas_ctrl_g11589/z             (u)     in_1->z R     unmapped_nand2         1 11.2     0   231    6290    (-,-) 
  u_core_u_meas_ctrl_hit_cnt_q_reg[1]/d   -       -       R     unmapped_d_flop        1    -     -     0    6290    (-,-) 
#--------------------------------------------------------------------------------------------------------------------------

(u) : Net has unmapped pin(s).


