# MPTDC Final Typical Route Intent
xh018_stack=xx31
known_route_layers=MET1 MET2 MET3 METTP
signal_bottom_layer=MET1
signal_top_layer=MET3
effective_route_top_layer=MET3
effective_route_top_layer_index=3
effective_route_top_reason=requested_signal_top_preserved
promote_signal_top_to_effective_floor=0
allow_special_route_above_signal_top=1
router_command_top_layer=MET3
router_command_top_layer_index=3
router_command_top_reason=requested_signal_top_preserved
keep_router_top_at_effective_floor=0
top_metal_policy=reserve_top_metal_mainly_for_power
FAST_TAG_TO_PD_TS_TIMED=YES
FAST_TAG_TO_PD_TS_POSTROUTE_CLEAN=REVIEW_AFTER_ROUTE
route_length_report=reports/fast_tag_to_pd_route_lengths.csv
timing_report=reports/fast_tag_to_pd_timing_post_route.rpt
rules=do_not_false_path_fast_tag_to_pd_ts; do_not_multicycle_fast_tag_to_pd_ts; keep_fast_tag_bits_0_5_6_routes_short; avoid_wide_clk_sys_backend_routes_over_pd_island; do_not_buffer_raw_ro_nets; do_not_resize_or_replace_buhdx4_buhdx12_phase_root_drivers_without_review; use_MET1_through_MET3_for_signal_routing; reserve_top_metal_mainly_for_power
