# MPTDC Route Layer Audit
KNOWN_ROUTE_LAYERS=MET1 MET2 MET3 METTP
ORDINARY_SIGNAL_PREFERRED_TOP_LAYER=MET3
GLOBAL_ROUTE_TOP_LAYER=MET3
GLOBAL_ROUTE_TOP_LAYER_INDEX=3
GLOBAL_ROUTE_TOP_REASON=requested_signal_top_preserved
SIGNAL_TOP_PROMOTION_TO_EFFECTIVE_FLOOR=0
SPECIAL_ROUTE_ABOVE_SIGNAL_TOP_ALLOWED=1
LAYER_VALUE label={requested_signal_bottom_layer} value={MET1} status=PASS
LAYER_VALUE label={requested_signal_top_layer} value={MET3} status=PASS
LAYER_VALUE label={effective_global_top_layer} value={MET3} status=PASS
EXISTING_LAYER_QUERY_INCLUDE_SPECIAL=0
EXISTING_LAYER_QUERY_STATUS=PASS command={dbGet top.nets.wires.layer.name} values_seen=126069
EXISTING_LAYER_QUERY_STATUS=PASS command={dbGet top.nets.wires.layer.num} values_seen=126069
HIGHEST_EXISTING_ROUTE_LAYER=METTP
HIGHEST_EXISTING_ROUTE_LAYER_INDEX=4
EXISTING_ROUTE_ABOVE_GLOBAL_TOP_STATUS=PASS
EXISTING_ROUTE_ABOVE_GLOBAL_TOP_STATUS=ALLOWED_SPECIAL_TOP_METAL
EXISTING_ROUTE_ABOVE_GLOBAL_TOP_REASON=simple_pg_metTP_shapes_may_be_reported_by_top_nets_wires
OBJECT_AUDIT_STATUS=PASS object_type=nets object_count=16311
OBJECT_AUDIT_COUNT object_type=nets scanned=16311
OBJECT_AUDIT_STATUS=PASS object_type=timing_nets object_count=1
OBJECT_AUDIT_COUNT object_type=timing_nets scanned=1
OBJECT_AUDIT_STATUS=PASS object_type=route_types object_count=2
OBJECT_AUDIT_COUNT object_type=route_types scanned=2
ROUTE_LAYER_AUDIT_STATUS=PASS
INVALID_ROUTE_LAYER_ATTRIBUTE_COUNT=0
