# O13 abs5 PD Vernier Exception Check

PD_VERNIER_EXPECTED_ENDPOINTS=64
PD_VERNIER_FOUND_ENDPOINTS=64
PD_VERNIER_FOUND_SOURCES=8
PD_VERNIER_EXCEPTION_APPLIED=YES
PD_VERNIER_OVERMATCH=NO
PD_VERNIER_UNDERMATCH=NO
PD_VERNIER_EXCEPTION_FAILURES=0
PD_VERNIER_APPLIED_ENDPOINTS=64
PD_VERNIER_APPLICATION_STAGE=post_synthesis
PD_VERNIER_APPLICATION_METHOD=POST_ELAB_EXACT_PIN_OBJECTS
PD_VERNIER_CONSTRAINT_MODE_STATUS=OK
PD_VERNIER_CONSTRAINT_MODE_DETAIL=constraint_mode:mptdc_axis_core/functional_mode

PD_VERNIER_EXCEPTION_ENDPOINTS_FOUND=64
PD_VERNIER_EXCEPTION_EXPECTED=64
PD_VERNIER_SOURCE_CLOCKS_FOUND=8
PD_VERNIER_EXCEPTION_OVERMATCH=NO

## Per-row exception
| slow_tap | source_pin | endpoint_count | exception_status | detail |
|---:|---|---:|---|---|
| 0 | `u_core_u_phase_buf_slow/gen_phase_buf[0].u_drv/Q` | 8 | OK | applied to 8 q1 endpoints |
  - endpoint(0,0): `u_core_gen_pd_row[0].gen_pd_col[0].u_pd/q1_reg/D`
  - endpoint(0,1): `u_core_gen_pd_row[0].gen_pd_col[1].u_pd/q1_reg/D`
  - endpoint(0,2): `u_core_gen_pd_row[0].gen_pd_col[2].u_pd/q1_reg/D`
  - endpoint(0,3): `u_core_gen_pd_row[0].gen_pd_col[3].u_pd/q1_reg/D`
  - endpoint(0,4): `u_core_gen_pd_row[0].gen_pd_col[4].u_pd/q1_reg/D`
  - endpoint(0,5): `u_core_gen_pd_row[0].gen_pd_col[5].u_pd/q1_reg/D`
  - endpoint(0,6): `u_core_gen_pd_row[0].gen_pd_col[6].u_pd/q1_reg/D`
  - endpoint(0,7): `u_core_gen_pd_row[0].gen_pd_col[7].u_pd/q1_reg/D`
| 1 | `u_core_u_phase_buf_slow/gen_phase_buf[1].u_drv/Q` | 8 | OK | applied to 8 q1 endpoints |
  - endpoint(1,0): `u_core_gen_pd_row[1].gen_pd_col[0].u_pd/q1_reg/D`
  - endpoint(1,1): `u_core_gen_pd_row[1].gen_pd_col[1].u_pd/q1_reg/D`
  - endpoint(1,2): `u_core_gen_pd_row[1].gen_pd_col[2].u_pd/q1_reg/D`
  - endpoint(1,3): `u_core_gen_pd_row[1].gen_pd_col[3].u_pd/q1_reg/D`
  - endpoint(1,4): `u_core_gen_pd_row[1].gen_pd_col[4].u_pd/q1_reg/D`
  - endpoint(1,5): `u_core_gen_pd_row[1].gen_pd_col[5].u_pd/q1_reg/D`
  - endpoint(1,6): `u_core_gen_pd_row[1].gen_pd_col[6].u_pd/q1_reg/D`
  - endpoint(1,7): `u_core_gen_pd_row[1].gen_pd_col[7].u_pd/q1_reg/D`
| 2 | `u_core_u_phase_buf_slow/gen_phase_buf[2].u_drv/Q` | 8 | OK | applied to 8 q1 endpoints |
  - endpoint(2,0): `u_core_gen_pd_row[2].gen_pd_col[0].u_pd/q1_reg/D`
  - endpoint(2,1): `u_core_gen_pd_row[2].gen_pd_col[1].u_pd/q1_reg/D`
  - endpoint(2,2): `u_core_gen_pd_row[2].gen_pd_col[2].u_pd/q1_reg/D`
  - endpoint(2,3): `u_core_gen_pd_row[2].gen_pd_col[3].u_pd/q1_reg/D`
  - endpoint(2,4): `u_core_gen_pd_row[2].gen_pd_col[4].u_pd/q1_reg/D`
  - endpoint(2,5): `u_core_gen_pd_row[2].gen_pd_col[5].u_pd/q1_reg/D`
  - endpoint(2,6): `u_core_gen_pd_row[2].gen_pd_col[6].u_pd/q1_reg/D`
  - endpoint(2,7): `u_core_gen_pd_row[2].gen_pd_col[7].u_pd/q1_reg/D`
| 3 | `u_core_u_phase_buf_slow/gen_phase_buf[3].u_drv/Q` | 8 | OK | applied to 8 q1 endpoints |
  - endpoint(3,0): `u_core_gen_pd_row[3].gen_pd_col[0].u_pd/q1_reg/D`
  - endpoint(3,1): `u_core_gen_pd_row[3].gen_pd_col[1].u_pd/q1_reg/D`
  - endpoint(3,2): `u_core_gen_pd_row[3].gen_pd_col[2].u_pd/q1_reg/D`
  - endpoint(3,3): `u_core_gen_pd_row[3].gen_pd_col[3].u_pd/q1_reg/D`
  - endpoint(3,4): `u_core_gen_pd_row[3].gen_pd_col[4].u_pd/q1_reg/D`
  - endpoint(3,5): `u_core_gen_pd_row[3].gen_pd_col[5].u_pd/q1_reg/D`
  - endpoint(3,6): `u_core_gen_pd_row[3].gen_pd_col[6].u_pd/q1_reg/D`
  - endpoint(3,7): `u_core_gen_pd_row[3].gen_pd_col[7].u_pd/q1_reg/D`
| 4 | `u_core_u_phase_buf_slow/gen_phase_buf[4].u_drv/Q` | 8 | OK | applied to 8 q1 endpoints |
  - endpoint(4,0): `u_core_gen_pd_row[4].gen_pd_col[0].u_pd/q1_reg/D`
  - endpoint(4,1): `u_core_gen_pd_row[4].gen_pd_col[1].u_pd/q1_reg/D`
  - endpoint(4,2): `u_core_gen_pd_row[4].gen_pd_col[2].u_pd/q1_reg/D`
  - endpoint(4,3): `u_core_gen_pd_row[4].gen_pd_col[3].u_pd/q1_reg/D`
  - endpoint(4,4): `u_core_gen_pd_row[4].gen_pd_col[4].u_pd/q1_reg/D`
  - endpoint(4,5): `u_core_gen_pd_row[4].gen_pd_col[5].u_pd/q1_reg/D`
  - endpoint(4,6): `u_core_gen_pd_row[4].gen_pd_col[6].u_pd/q1_reg/D`
  - endpoint(4,7): `u_core_gen_pd_row[4].gen_pd_col[7].u_pd/q1_reg/D`
| 5 | `u_core_u_phase_buf_slow/gen_phase_buf[5].u_drv/Q` | 8 | OK | applied to 8 q1 endpoints |
  - endpoint(5,0): `u_core_gen_pd_row[5].gen_pd_col[0].u_pd/q1_reg/D`
  - endpoint(5,1): `u_core_gen_pd_row[5].gen_pd_col[1].u_pd/q1_reg/D`
  - endpoint(5,2): `u_core_gen_pd_row[5].gen_pd_col[2].u_pd/q1_reg/D`
  - endpoint(5,3): `u_core_gen_pd_row[5].gen_pd_col[3].u_pd/q1_reg/D`
  - endpoint(5,4): `u_core_gen_pd_row[5].gen_pd_col[4].u_pd/q1_reg/D`
  - endpoint(5,5): `u_core_gen_pd_row[5].gen_pd_col[5].u_pd/q1_reg/D`
  - endpoint(5,6): `u_core_gen_pd_row[5].gen_pd_col[6].u_pd/q1_reg/D`
  - endpoint(5,7): `u_core_gen_pd_row[5].gen_pd_col[7].u_pd/q1_reg/D`
| 6 | `u_core_u_phase_buf_slow/gen_phase_buf[6].u_drv/Q` | 8 | OK | applied to 8 q1 endpoints |
  - endpoint(6,0): `u_core_gen_pd_row[6].gen_pd_col[0].u_pd/q1_reg/D`
  - endpoint(6,1): `u_core_gen_pd_row[6].gen_pd_col[1].u_pd/q1_reg/D`
  - endpoint(6,2): `u_core_gen_pd_row[6].gen_pd_col[2].u_pd/q1_reg/D`
  - endpoint(6,3): `u_core_gen_pd_row[6].gen_pd_col[3].u_pd/q1_reg/D`
  - endpoint(6,4): `u_core_gen_pd_row[6].gen_pd_col[4].u_pd/q1_reg/D`
  - endpoint(6,5): `u_core_gen_pd_row[6].gen_pd_col[5].u_pd/q1_reg/D`
  - endpoint(6,6): `u_core_gen_pd_row[6].gen_pd_col[6].u_pd/q1_reg/D`
  - endpoint(6,7): `u_core_gen_pd_row[6].gen_pd_col[7].u_pd/q1_reg/D`
| 7 | `u_core_u_phase_buf_slow/gen_phase_buf[7].u_drv/Q` | 8 | OK | applied to 8 q1 endpoints |
  - endpoint(7,0): `u_core_gen_pd_row[7].gen_pd_col[0].u_pd/q1_reg/D`
  - endpoint(7,1): `u_core_gen_pd_row[7].gen_pd_col[1].u_pd/q1_reg/D`
  - endpoint(7,2): `u_core_gen_pd_row[7].gen_pd_col[2].u_pd/q1_reg/D`
  - endpoint(7,3): `u_core_gen_pd_row[7].gen_pd_col[3].u_pd/q1_reg/D`
  - endpoint(7,4): `u_core_gen_pd_row[7].gen_pd_col[4].u_pd/q1_reg/D`
  - endpoint(7,5): `u_core_gen_pd_row[7].gen_pd_col[5].u_pd/q1_reg/D`
  - endpoint(7,6): `u_core_gen_pd_row[7].gen_pd_col[6].u_pd/q1_reg/D`
  - endpoint(7,7): `u_core_gen_pd_row[7].gen_pd_col[7].u_pd/q1_reg/D`

## Scope
- Cuts only buffered slow phase final-driver output pins into same-row PD q1 sampler D pins.
- Does not cut q1->q2, q1/q2->hit_latched, nfast_tag->timestamp, slow Johnson, clk_sys, reset/recovery, or phase-buffer topology paths.
- This is a measurement classification exception, not final signoff.
