# O1 RO_tune4 Abstract Locator
date: 2026-05-28T14:46:21+02:00
hostname: lyoelectrosrv01.in2p3.fr
repo: /home/validmgr/ksabra/2026_SPAD/SPADMIC
branch: SPADMIC_TOP
head: f4d914cd03b40fa2325feaad9240f3a71b33ad7e

O1_RO_LIB_NAME=SPADMIC
O1_RO_CELL_NAME=RO_tune4
O1_RO_VIEW_NAME=abstract
O1_RO_LIB_ROOT=/group/validmgr/PROJET/Prj_xh018/spadmic/TOPLEVEL
O1_RO_ABSTRACT_DIR=/group/validmgr/PROJET/Prj_xh018/spadmic/TOPLEVEL/RO_tune4/abstract
O1_RO_ABSTRACT_LAYOUT_OA=/group/validmgr/PROJET/Prj_xh018/spadmic/TOPLEVEL/RO_tune4/abstract/layout.oa
O1_RO_SOURCE_LEF_PATH=/group/validmgr/PROJET/Prj_xh018/ksabra/lef/RO_tune4.lef
O1_RO_EXTRA_LEF_DIR=/group/validmgr/PROJET/Prj_xh018/ksabra/lef

LIB_ROOT_EXISTS=yes
ABSTRACT_DIR_EXISTS=yes
LAYOUT_OA_EXISTS=yes
MASTER_TAG_EXISTS=yes
ABSTRACT_DIR_READABLE=yes
ABSTRACT_DIR_SEARCHABLE=yes
SOURCE_LEF_EXISTS=yes
SOURCE_LEF_READABLE=yes
# O1 Real Abstract Locator Summary

- Run ID: `20260528_o1_locate_ro_tune4`
- Git HEAD: `f4d914cd03b40fa2325feaad9240f3a71b33ad7e`
- Abstract directory: `/group/validmgr/PROJET/Prj_xh018/spadmic/TOPLEVEL/RO_tune4/abstract`
- layout.oa: `/group/validmgr/PROJET/Prj_xh018/spadmic/TOPLEVEL/RO_tune4/abstract/layout.oa`
- Status file: `abstract_path_status.txt`
- Nearby file search: `nearby_lef_gds_lib_search.txt`

LOCATOR_STATUS=PASS
