STAGE=pre_generic
REPAIR4_EXACT_FAST_TAG_SOURCE_DRIVE=true
REPAIR5_EXACT_FAST_TAG_CLOSE=true
REPAIR6_LOCALTAG_PRESERVE_CLOSE=0
REPAIR7_POLARITY_AWARE_FAST_TAG_SOURCE_UPGRADE=0
REPAIR8_JIHD_EXACT_FAST_TAG_CLOSE=1
FAST_TAG_EXACT_SOURCES_EXPECTED=24
FAST_TAG_EXACT_SOURCES_FOUND=24
FAST_TAG_EXACT_SOURCE_CLOCK_PINS_FOUND=0
FAST_TAG_EXACT_ENDPOINTS_EXPECTED=192
FAST_TAG_EXACT_ENDPOINTS_FOUND=192
FAST_TAG_EXACT_PATH_PAIRS_EXPECTED=192
FAST_TAG_EXACT_PATH_PAIRS_FOUND=192
FAST_TAG_EXACT_REPAIR_APPLIED=NO
FAST_TAG_EXACT_REPAIR_STATUS=REVIEW_REQUIRED
FAST_TAG_EXACT_REVIEW_REASON=EXACT_COUNTS_MISMATCH
FAST_TAG_EXACT_GROUP_PATH_RESULT=SKIPPED
FAST_TAG_EXACT_Q_SET_MAX_FANOUT=SKIPPED
FAST_TAG_EXACT_Q_SET_MAX_TRANSITION=SKIPPED
FAST_TAG_EXACT_D_SET_MAX_TRANSITION=SKIPPED_ENDPOINT_TRANSITION_TIGHT_DISABLED
FAST_TAG_EXACT_C_TO_D_SET_MAX_DELAY_NS=1.333
FAST_TAG_EXACT_C_TO_D_SET_MAX_DELAY_RESULT=SKIPPED_EXACT_MAX_DELAY_DISABLED
FAST_TAG_EXACT_MAX_DELAY_CONSTRAINT_MODE=SKIPPED:SKIPPED
FAST_TAG_EXACT_SOURCE_CELL_TARGET=
FAST_TAG_EXACT_SOURCE_CELL_REQUESTED=NO
FAST_TAG_EXACT_SOURCE_CELL_LIB_CELLS_FOUND=0
FAST_TAG_EXACT_SOURCE_CELL_COUNT=0
FAST_TAG_EXACT_SOURCE_CELL_TARGET_COUNT=0
FAST_TAG_EXACT_SOURCE_CELL_METHOD=SKIPPED
FAST_TAG_EXACT_SOURCE_CELL_RESULT=SKIPPED_SOURCE_CELL_NOT_REQUESTED
FAST_TAG_EXACT_SOURCE_CELL_MODE=SINGLE_TARGET
FAST_TAG_EXACT_RESET0_SOURCE_COUNT=0
FAST_TAG_EXACT_SET1_SOURCE_COUNT=0
FAST_TAG_EXACT_SOURCE_UNSUPPORTED_POLARITY_COUNT=0
FAST_TAG_EXACT_SELECTED_RESET0_TARGET=NA
FAST_TAG_EXACT_SELECTED_SET1_TARGET=NA
FAST_TAG_EXACT_DFRRQHDX4_TARGET_COUNT=0
FAST_TAG_EXACT_DFRSQHDX4_TARGET_COUNT=0
FAST_TAG_EXACT_DFRSQHDX2_TARGET_COUNT=0
FAST_TAG_EXACT_DFRRQJIHDX4_TARGET_COUNT=0
FAST_TAG_EXACT_DFRSJIHDX4_TARGET_COUNT=0
FAST_TAG_EXACT_DFRSJIHDX2_TARGET_COUNT=0
FAST_TAG_EXACT_SOURCE_POLARITY_PRESERVED_COUNT=0
FAST_TAG_EXACT_SOURCE_POLARITY_FAILED_COUNT=0
FAST_TAG_EXACT_SOURCE_FREEZE_RESULT=SKIPPED
EXACT_FAST_TAG_SOURCES_EXPECTED=24
EXACT_FAST_TAG_SOURCES_FOUND=24
EXACT_FAST_TAG_ENDPOINTS_EXPECTED=192
EXACT_FAST_TAG_ENDPOINTS_FOUND=192
EXACT_FAST_TAG_DATAPATHS_EXPECTED=192
EXACT_FAST_TAG_DATAPATHS_FOUND=192
EXACT_FAST_TAG_REPAIR_APPLIED=NO
EXACT_FAST_TAG_REPAIR_STATUS=REVIEW_REQUIRED

STAGE=post_map_pre_opt
REPAIR4_EXACT_FAST_TAG_SOURCE_DRIVE=true
REPAIR5_EXACT_FAST_TAG_CLOSE=true
REPAIR6_LOCALTAG_PRESERVE_CLOSE=0
REPAIR7_POLARITY_AWARE_FAST_TAG_SOURCE_UPGRADE=0
REPAIR8_JIHD_EXACT_FAST_TAG_CLOSE=1
FAST_TAG_EXACT_SOURCES_EXPECTED=24
FAST_TAG_EXACT_SOURCES_FOUND=24
FAST_TAG_EXACT_SOURCE_CLOCK_PINS_FOUND=24
FAST_TAG_EXACT_ENDPOINTS_EXPECTED=192
FAST_TAG_EXACT_ENDPOINTS_FOUND=192
FAST_TAG_EXACT_PATH_PAIRS_EXPECTED=192
FAST_TAG_EXACT_PATH_PAIRS_FOUND=192
FAST_TAG_EXACT_REPAIR_APPLIED=YES
FAST_TAG_EXACT_REPAIR_STATUS=PASS
FAST_TAG_EXACT_REVIEW_REASON=NONE
FAST_TAG_EXACT_GROUP_PATH_RESULT=OK
FAST_TAG_EXACT_Q_SET_MAX_FANOUT=OK
FAST_TAG_EXACT_Q_SET_MAX_TRANSITION=OK
FAST_TAG_EXACT_D_SET_MAX_TRANSITION=SKIPPED_ENDPOINT_TRANSITION_TIGHT_DISABLED
FAST_TAG_EXACT_C_TO_D_SET_MAX_DELAY_NS=1.333
FAST_TAG_EXACT_C_TO_D_SET_MAX_DELAY_RESULT=OK
FAST_TAG_EXACT_MAX_DELAY_CONSTRAINT_MODE=OK:constraint_mode:mptdc_axis_core/functional_mode
FAST_TAG_EXACT_SOURCE_CELL_TARGET=
FAST_TAG_EXACT_SOURCE_CELL_REQUESTED=NO
FAST_TAG_EXACT_SOURCE_CELL_LIB_CELLS_FOUND=0
FAST_TAG_EXACT_SOURCE_CELL_COUNT=0
FAST_TAG_EXACT_SOURCE_CELL_TARGET_COUNT=0
FAST_TAG_EXACT_SOURCE_CELL_METHOD=SKIPPED
FAST_TAG_EXACT_SOURCE_CELL_RESULT=SKIPPED_SOURCE_CELL_NOT_REQUESTED
FAST_TAG_EXACT_SOURCE_CELL_MODE=SINGLE_TARGET
FAST_TAG_EXACT_RESET0_SOURCE_COUNT=0
FAST_TAG_EXACT_SET1_SOURCE_COUNT=0
FAST_TAG_EXACT_SOURCE_UNSUPPORTED_POLARITY_COUNT=0
FAST_TAG_EXACT_SELECTED_RESET0_TARGET=NA
FAST_TAG_EXACT_SELECTED_SET1_TARGET=NA
FAST_TAG_EXACT_DFRRQHDX4_TARGET_COUNT=0
FAST_TAG_EXACT_DFRSQHDX4_TARGET_COUNT=0
FAST_TAG_EXACT_DFRSQHDX2_TARGET_COUNT=0
FAST_TAG_EXACT_DFRRQJIHDX4_TARGET_COUNT=0
FAST_TAG_EXACT_DFRSJIHDX4_TARGET_COUNT=0
FAST_TAG_EXACT_DFRSJIHDX2_TARGET_COUNT=0
FAST_TAG_EXACT_SOURCE_POLARITY_PRESERVED_COUNT=0
FAST_TAG_EXACT_SOURCE_POLARITY_FAILED_COUNT=0
FAST_TAG_EXACT_SOURCE_FREEZE_RESULT=SKIPPED
EXACT_FAST_TAG_SOURCES_EXPECTED=24
EXACT_FAST_TAG_SOURCES_FOUND=24
EXACT_FAST_TAG_ENDPOINTS_EXPECTED=192
EXACT_FAST_TAG_ENDPOINTS_FOUND=192
EXACT_FAST_TAG_DATAPATHS_EXPECTED=192
EXACT_FAST_TAG_DATAPATHS_FOUND=192
EXACT_FAST_TAG_REPAIR_APPLIED=YES
EXACT_FAST_TAG_REPAIR_STATUS=PASS

