LABEL=SPADMIC_EVENT_PVS_LVS_EXECUTION
STATUS=PASS
RESULT=EVENT_PVS_EXACT_GDS_LVS_MATCH_RECORDED
EXPECTED_HEAD=624ae1e2967eb66a63e3b33139c66f483e14886f
ACTUAL_HEAD=624ae1e2967eb66a63e3b33139c66f483e14886f
TRACKED_DIFF_RC=0
STAGED_DIFF_RC=0
SOURCE_DENSITY_DRC_ROOT=/sim/ksabra/SPADMIC_work/diagnostics/event_pvs_drc_density_execution_20260721_112300
SOURCE_DENSITY_DRC_STATUS_SHA256=d7a65bd2b5bef0123120923a7f4104018d14cee6eaf5008d414769413f2759f8
SOURCE_DENSITY_DRC_HEAD=66ea5eb65de37387a023a77fc4239f1dfab6c6cf
DENSITY_FILE_GATE_RC=0
DENSITY_HASH_GATE_RC=0
DENSITY_MANIFEST_RC=0
DENSITY_STATUS_GATE_RC=0
DENSITY_SEMANTIC_GATE_RC=0
MANUAL_REVIEW_DECISION=AUTHORIZE_ONE_FOREGROUND_EXACT_GDS_PVS_LVS
CROSS_BLOCK_TEMPLATE_REUSE_SCOPE=CONTROL_SCAFFOLD_ONLY
TEMPLATE_BASELINE_ID=SERVER_OBSERVED_20260720_141229
TEMPLATE_CONTROL_SOURCE_MUTATION_AUTHORIZED=NO
TEMPLATE_IDENTITY_GATE_RC=0
TEMPLATE_SEMANTIC_GATE_RC=0
TEMPLATE_SCAFFOLD_AUDIT=/sim/ksabra/SPADMIC_work/diagnostics/event_pvs_lvs_execution_20260721_121034/template_scaffold_audit.rpt
TEMPLATE_LAYOUT_TOP=spadmic_tx_packet_core_HV
TEMPLATE_SOURCE_TOP=spadmic_tx_packet_core
TEMPLATE_GDS=/group/validmgr/PROJET/Prj_xh018/ebecheto/cds_V0/PvsLVS/spadmic_tx_packet_core_HV/spadmic_tx_packet_core_HV.gds
TEMPLATE_SOURCE=/sim/ksabra/SPADMIC_work/handoff/innovus/blocks/spadmic_tx_packet_core/tx_packet_pvs_waiver_20260716_130442/netlist/spadmic_tx_packet_core.lvs.pg.v
PACKAGE=/sim/ksabra/SPADMIC_work/handoff/innovus/blocks/spadmic_event_coordinator/innovus_ooc_harden_event_coordinator_20260720_173527
PACKAGE_GDS=/sim/ksabra/SPADMIC_work/handoff/innovus/blocks/spadmic_event_coordinator/innovus_ooc_harden_event_coordinator_20260720_173527/gds/spadmic_event_coordinator.gds
PACKAGE_GDS_SHA256=837538f219dacc9521f02bc58b3e2e5e587f859b4e70b69a1ca4a3e5fe7b6857
CANONICAL_LVS_SOURCE=/sim/ksabra/SPADMIC_work/handoff/innovus/blocks/spadmic_event_coordinator/innovus_ooc_harden_event_coordinator_20260720_173527/netlist/spadmic_event_coordinator.lvs.pg.v
CANONICAL_LVS_SOURCE_SHA256=f9ec957b23b1a229c7c2ff19309fb7463dfc5cac7e570ad1ca68ad8b08089b27
STDCELL_CDL=/sim/ksabra/SPADMIC_work/handoff/innovus/blocks/spadmic_event_coordinator/innovus_ooc_harden_event_coordinator_20260720_173527/pdk/xh018_D_CELLS_JIHD.cdl
STDCELL_CDL_SHA256=5ff10b0b31003da9bb6db59eba7d52c82435e3ab68b2ba0a1956e4d9fbaef8cf
LAYOUT_TOP=spadmic_event_coordinator
SOURCE_TOP=spadmic_event_coordinator
RUN_DIR=/sim/ksabra/SPADMIC_work/handoff/innovus/blocks/spadmic_event_coordinator/innovus_ooc_harden_event_coordinator_20260720_173527/pvs/lvs/event_exact_gds_lvs_20260721_121034
OUTCOME_CLASS=ATTRIBUTABLE_MATCH
PVS_WRAPPER_RC=0
PVS_TOOL_RC=0
PVS_BASE_DRC_STATUS=PASS
PVS_DENSITY_DRC_STATUS=FAIL
PVS_DENSITY_DRC_PRIMARY_RESULTS=4
PVS_DENSITY_DRC_EXPANDED_RESULTS=4
DENSITY_DEBT_CLASS=OOC_WHOLE_EXTENT_MINIMUM_COVERAGE
DENSITY_DISPOSITION_STATUS=REVIEW_REQUIRED_FOR_ASSEMBLED_FILL_OR_FORMAL_WAIVER
PVS_LVS_STATUS=MATCH
LVS_NEGATIVE_MATCH_COUNT=0
LVS_POSITIVE_MATCH_COUNT=3
PVS_RESULT_EVIDENCE=/sim/ksabra/SPADMIC_work/handoff/innovus/blocks/spadmic_event_coordinator/innovus_ooc_harden_event_coordinator_20260720_173527/pvs/lvs/event_exact_gds_lvs_20260721_121034/svdb/matched
REPLAY_CONTRACT_STATUS=PASS
OUTPUT_ISOLATION_STATUS=PASS
RUN_FILE_GATE_RC=0
RUN_CONTROL_AUDIT_RC=0
RUN_CONTROL_AUDIT=/sim/ksabra/SPADMIC_work/diagnostics/event_pvs_lvs_execution_20260721_121034/run_control_audit.rpt
RUN_AUDIT_GATE_RC=0
RUN_MANIFEST_RC=0
DIAGNOSTIC_COPY_GATE_RC=0
SOURCE_POST_RECHECK_RC=0
PACKAGE_POST_EXECUTION_SHA_MANIFEST_RC=0
PVS_BASE_DRC_EXECUTION_AUTHORIZED=NO
PVS_DENSITY_DRC_EXECUTION_AUTHORIZED=NO
PVS_LVS_EXECUTION_AUTHORIZED=YES
PVS_REPLAY_AUTHORIZED=YES
PVS_EXECUTED=YES
EVENT_PVS_BASE_DRC_STATUS=PASS
EVENT_PVS_DENSITY_DRC_STATUS=FAIL
EVENT_PVS_LVS_EXECUTION_STATUS=PASS
EVENT_PVS_LVS_STATUS=MATCH
ASSEMBLY_PHASE=p02_event_control
ASSEMBLY_INSERTION_AUTHORIZED=NO
ASSEMBLY_BLOCKED_BY=p00_tx,p01_position
FULL_TOP_PNR_AUTHORIZED=NO
BLOCK_PROMOTION_AUTHORIZED=NO
SIGNOFF_READY=NO
NEXT_GATE=REVIEW_EVENT_EXACT_GDS_LVS_MATCH_AND_DENSITY_DISPOSITION
