# Excerpt from /sim/ksabra/SPADMIC_work/genus/genus_matrix_ooc_staged_20260630_1516/spadmic_top_matrix_v1/reports/timing/report_timing_pre_synth.rpt
# First 220 lines
============================================================
  Generated by:           Genus(TM) Synthesis Solution 22.13-s093_1
  Generated on:           Jun 30 2026  03:40:55 pm
  Module:                 spadmic_top_matrix_v1
  Operating conditions:   typ_1_80V_25C 
  Interconnect mode:      global
  Area mode:              physical library
============================================================


Path 1: VIOLATED (-5569 ps) Setup Check with Pin u_pos_packetizer/u_b_cluster_scan/chunk_q_reg[0][clusters][cluster1][hi][2]/clk->d
          Group: clk_sys
     Startpoint: (R) u_pos_packetizer/u_b_cluster_scan/gap_threshold_q_reg[1]/clk
          Clock: (R) clk_sys
       Endpoint: (R) u_pos_packetizer/u_b_cluster_scan/chunk_q_reg[0][clusters][cluster1][hi][2]/d
          Clock: (R) clk_sys

                     Capture       Launch     
        Clock Edge:+    6250            0     
       Src Latency:+       0            0     
       Net Latency:+       0 (I)        0 (I) 
           Arrival:=    6250            0     
                                              
             Setup:-     507                  
     Required Time:=    5743                  
      Launch Clock:-       0                  
         Data Path:-   11312                  
             Slack:=   -5569                  

#--------------------------------------------------------------------------------------------------------------------------------------------------------------------------------------------------------------
#                                                        Timing Point                                                          Flags     Arc    Edge      Cell        Fanout Load Trans Delay Arrival Instance 
#                                                                                                                                                                            (fF)  (ps)  (ps)   (ps)  Location 
#--------------------------------------------------------------------------------------------------------------------------------------------------------------------------------------------------------------
  u_pos_packetizer/u_b_cluster_scan/gap_threshold_q_reg[1]/clk                                                                 -       -        R     (arrival)        29660    -     0     0       0    (-,-) 
  u_pos_packetizer/u_b_cluster_scan/gap_threshold_q_reg[1]/q                                                                   (u)     clk->q   F     unmapped_d_flop     97 46.0     0   798     798    (-,-) 
  u_pos_packetizer/u_b_cluster_scan/summarize_chunk_292_31_I1:scan_step_154_15_I2:gte_111_25/g8/z                              (u)     in_0->z  R     unmapped_not         2 18.0     0    78     876    (-,-) 
  u_pos_packetizer/u_b_cluster_scan/summarize_chunk_292_31_I1:scan_step_154_15_I2:gte_111_25/g14/z                             (u)     in_1->z  F     unmapped_nor2        1  9.2     0   100     976    (-,-) 
  u_pos_packetizer/u_b_cluster_scan/summarize_chunk_292_31_I1:scan_step_154_15_I2:gte_111_25/g26/z                             (u)     in_0->z  R     unmapped_not         1  9.0     0    59    1035    (-,-) 
  u_pos_packetizer/u_b_cluster_scan/summarize_chunk_292_31_I1:scan_step_154_15_I2:gte_111_25/g27/z                             (u)     in_1->z  F     unmapped_nand2       1  9.2     0   100    1135    (-,-) 
  u_pos_packetizer/u_b_cluster_scan/summarize_chunk_292_31_I1:scan_step_154_15_I2:gte_111_25/g28/z                             (u)     in_1->z  R     unmapped_nand2       1  9.0     0   100    1235    (-,-) 
  u_pos_packetizer/u_b_cluster_scan/summarize_chunk_292_31_I1:scan_step_154_15_I2:gte_111_25/g40/z                             (u)     in_1->z  F     unmapped_nand2       1  9.2     0   100    1335    (-,-) 
  u_pos_packetizer/u_b_cluster_scan/summarize_chunk_292_31_I1:scan_step_154_15_I2:gte_111_25/g41/z                             (u)     in_1->z  R     unmapped_nand2       1  9.0     0   100    1435    (-,-) 
  u_pos_packetizer/u_b_cluster_scan/summarize_chunk_292_31_I1:scan_step_154_15_I2:gte_111_25/g53/z                             (u)     in_0->z  F     unmapped_nand2       1  9.2     0   100    1535    (-,-) 
  u_pos_packetizer/u_b_cluster_scan/summarize_chunk_292_31_I1:scan_step_154_15_I2:gte_111_25/g54/z                             (u)     in_1->z  R     unmapped_nand2       1  9.0     0   100    1635    (-,-) 
  u_pos_packetizer/u_b_cluster_scan/summarize_chunk_292_31_I1:scan_step_154_15_I2:mux_state[in_cluster]_111_25/g1/z            (u)     sel0->z  R     unmapped_bmux2       8 72.0     0   334    1968    (-,-) 
  u_pos_packetizer/u_b_cluster_scan/summarize_chunk_292_31_I1:scan_step_154_15_I2:mux_state[in_cluster]_109_18/g1/z            (u)     data1->z R     unmapped_bmux2       1  9.0     0   208    2177    (-,-) 
  u_pos_packetizer/u_b_cluster_scan/summarize_chunk_292_31_I1:scan_step_154_15_I2:mux_state[in_cluster]_80_9/g1/z              (u)     data0->z R     unmapped_bmux2      10 90.0     0   353    2530    (-,-) 
  u_pos_packetizer/u_b_cluster_scan/summarize_chunk_292_31_I1:scan_step_154_15_I3:mux_state[gap_run]_109_18/g6/z               (u)     sel0->z  R     unmapped_bmux2       1  9.0     0   208    2738    (-,-) 
  u_pos_packetizer/u_b_cluster_scan/summarize_chunk_292_31_I1:scan_step_154_15_I3:mux_state[gap_run]_80_9/g6/z                 (u)     data0->z R     unmapped_bmux2       5 45.0     0   274    3012    (-,-) 
  u_pos_packetizer/u_b_cluster_scan/summarize_chunk_292_31_I1:scan_step_154_15_I4:gte_86_68/g14/z                              (u)     in_0->z  F     unmapped_nor2        1  9.2     0   100    3112    (-,-) 
  u_pos_packetizer/u_b_cluster_scan/summarize_chunk_292_31_I1:scan_step_154_15_I4:gte_86_68/g26/z                              (u)     in_0->z  R     unmapped_not         1  9.0     0    59    3171    (-,-) 
  u_pos_packetizer/u_b_cluster_scan/summarize_chunk_292_31_I1:scan_step_154_15_I4:gte_86_68/g27/z                              (u)     in_1->z  F     unmapped_nand2       1  9.2     0   100    3271    (-,-) 
  u_pos_packetizer/u_b_cluster_scan/summarize_chunk_292_31_I1:scan_step_154_15_I4:gte_86_68/g28/z                              (u)     in_1->z  R     unmapped_nand2       1  9.0     0   100    3371    (-,-) 
  u_pos_packetizer/u_b_cluster_scan/summarize_chunk_292_31_I1:scan_step_154_15_I4:gte_86_68/g40/z                              (u)     in_1->z  F     unmapped_nand2       1  9.2     0   100    3471    (-,-) 
  u_pos_packetizer/u_b_cluster_scan/summarize_chunk_292_31_I1:scan_step_154_15_I4:gte_86_68/g41/z                              (u)     in_1->z  R     unmapped_nand2       1  9.0     0   100    3571    (-,-) 
  u_pos_packetizer/u_b_cluster_scan/summarize_chunk_292_31_I1:scan_step_154_15_I4:gte_86_68/g53/z                              (u)     in_0->z  F     unmapped_nand2       1  9.2     0   100    3671    (-,-) 
  u_pos_packetizer/u_b_cluster_scan/summarize_chunk_292_31_I1:scan_step_154_15_I4:gte_86_68/g54/z                              (u)     in_1->z  R     unmapped_nand2       2 18.0     0   119    3790    (-,-) 
  u_pos_packetizer/u_b_cluster_scan/g5547/z                                                                                    (u)     in_1->z  R     unmapped_and2        6 54.0     0   185    3975    (-,-) 
  u_pos_packetizer/u_b_cluster_scan/summarize_chunk_292_31_I1:scan_step_154_15_I4:mux_state[cluster_idx]_86_50/g1/z            (u)     sel0->z  F     unmapped_bmux2       1  9.2     0   208    4183    (-,-) 
  u_pos_packetizer/u_b_cluster_scan/summarize_chunk_292_31_I1:scan_step_154_15_I4:mux_state[cluster_idx]_82_41/g1/z            (u)     data0->z F     unmapped_bmux2       1  9.2     0   208    4392    (-,-) 
  u_pos_packetizer/u_b_cluster_scan/summarize_chunk_292_31_I1:scan_step_154_15_I4:mux_state[cluster_idx]_81_11/g1/z            (u)     data1->z F     unmapped_bmux2       1  9.2     0   208    4600    (-,-) 
  u_pos_packetizer/u_b_cluster_scan/summarize_chunk_292_31_I1:scan_step_154_15_I4:mux_state[cluster_idx]_80_9/g1/z             (u)     data1->z F     unmapped_bmux2       7 64.4     0   314    4914    (-,-) 
  u_pos_packetizer/u_b_cluster_scan/g6714/z                                                                                    (u)     in_0->z  R     unmapped_not         1  9.0     0    59    4973    (-,-) 
  u_pos_packetizer/u_b_cluster_scan/g5578/z                                                                                    (u)     in_0->z  F     unmapped_nand2       1  9.2     0   100    5073    (-,-) 
  u_pos_packetizer/u_b_cluster_scan/g5579/z                                                                                    (u)     in_0->z  R     unmapped_not        10 90.0     0   203    5276    (-,-) 
  u_pos_packetizer/u_b_cluster_scan/g5567/z                                                                                    (u)     in_0->z  R     unmapped_and2        6 54.0     0   185    5461    (-,-) 
  u_pos_packetizer/u_b_cluster_scan/summarize_chunk_292_31_I1:scan_step_154_15_I5:mux_state[cluster_idx]_86_50/g1/z            (u)     sel0->z  F     unmapped_bmux2       1  9.2     0   208    5670    (-,-) 
  u_pos_packetizer/u_b_cluster_scan/summarize_chunk_292_31_I1:scan_step_154_15_I5:mux_state[cluster_idx]_82_41/g1/z            (u)     data0->z F     unmapped_bmux2       1  9.2     0   208    5878    (-,-) 
  u_pos_packetizer/u_b_cluster_scan/summarize_chunk_292_31_I1:scan_step_154_15_I5:mux_state[cluster_idx]_81_11/g1/z            (u)     data1->z F     unmapped_bmux2       1  9.2     0   208    6087    (-,-) 
  u_pos_packetizer/u_b_cluster_scan/summarize_chunk_292_31_I1:scan_step_154_15_I5:mux_state[cluster_idx]_80_9/g1/z             (u)     data1->z F     unmapped_bmux2       7 64.4     0   314    6401    (-,-) 
  u_pos_packetizer/u_b_cluster_scan/g6715/z                                                                                    (u)     in_0->z  R     unmapped_not         1  9.0     0    59    6460    (-,-) 
  u_pos_packetizer/u_b_cluster_scan/g5598/z                                                                                    (u)     in_0->z  F     unmapped_nand2       1  9.2     0   100    6560    (-,-) 
  u_pos_packetizer/u_b_cluster_scan/g5599/z                                                                                    (u)     in_0->z  R     unmapped_not        10 90.0     0   203    6763    (-,-) 
  u_pos_packetizer/u_b_cluster_scan/g5587/z                                                                                    (u)     in_0->z  R     unmapped_and2        6 54.0     0   185    6948    (-,-) 
  u_pos_packetizer/u_b_cluster_scan/summarize_chunk_292_31_I1:scan_step_154_15_I6:mux_state[cluster_idx]_86_50/g1/z            (u)     sel0->z  F     unmapped_bmux2       1  9.2     0   208    7156    (-,-) 
  u_pos_packetizer/u_b_cluster_scan/summarize_chunk_292_31_I1:scan_step_154_15_I6:mux_state[cluster_idx]_82_41/g1/z            (u)     data0->z F     unmapped_bmux2       1  9.2     0   208    7365    (-,-) 
  u_pos_packetizer/u_b_cluster_scan/summarize_chunk_292_31_I1:scan_step_154_15_I6:mux_state[cluster_idx]_81_11/g1/z            (u)     data1->z F     unmapped_bmux2       1  9.2     0   208    7573    (-,-) 
  u_pos_packetizer/u_b_cluster_scan/summarize_chunk_292_31_I1:scan_step_154_15_I6:mux_state[cluster_idx]_80_9/g1/z             (u)     data1->z F     unmapped_bmux2       7 64.4     0   314    7887    (-,-) 
  u_pos_packetizer/u_b_cluster_scan/g6716/z                                                                                    (u)     in_0->z  R     unmapped_not         1  9.0     0    59    7946    (-,-) 
  u_pos_packetizer/u_b_cluster_scan/g5618/z                                                                                    (u)     in_0->z  F     unmapped_nand2       1  9.2     0   100    8046    (-,-) 
  u_pos_packetizer/u_b_cluster_scan/g5619/z                                                                                    (u)     in_0->z  R     unmapped_not        10 90.0     0   203    8249    (-,-) 
  u_pos_packetizer/u_b_cluster_scan/g5607/z                                                                                    (u)     in_0->z  R     unmapped_and2        6 54.0     0   185    8434    (-,-) 
  u_pos_packetizer/u_b_cluster_scan/summarize_chunk_292_31_I1:scan_step_154_15_I7:mux_state[cluster_idx]_86_50/g1/z            (u)     sel0->z  R     unmapped_bmux2       1  9.0     0   208    8643    (-,-) 
  u_pos_packetizer/u_b_cluster_scan/summarize_chunk_292_31_I1:scan_step_154_15_I7:mux_state[cluster_idx]_82_41/g1/z            (u)     data0->z R     unmapped_bmux2       1  9.0     0   208    8851    (-,-) 
  u_pos_packetizer/u_b_cluster_scan/summarize_chunk_292_31_I1:scan_step_154_15_I7:mux_state[cluster_idx]_81_11/g1/z            (u)     data1->z R     unmapped_bmux2       1  9.0     0   208    9060    (-,-) 
  u_pos_packetizer/u_b_cluster_scan/summarize_chunk_292_31_I1:scan_step_154_15_I7:mux_state[cluster_idx]_80_9/g1/z             (u)     data1->z R     unmapped_bmux2       3 27.0     0   242    9302    (-,-) 
  u_pos_packetizer/u_b_cluster_scan/g6717/z                                                                                    (u)     in_0->z  F     unmapped_not         1  9.2     0    59    9360    (-,-) 
  u_pos_packetizer/u_b_cluster_scan/g5638/z                                                                                    (u)     in_0->z  R     unmapped_nand2       1  9.0     0   100    9460    (-,-) 
  u_pos_packetizer/u_b_cluster_scan/g5639/z                                                                                    (u)     in_0->z  F     unmapped_not        10 92.0     0   203    9664    (-,-) 
  u_pos_packetizer/u_b_cluster_scan/g5626/z                                                                                    (u)     in_0->z  F     unmapped_and2        9 27.6     0   179    9843    (-,-) 
  u_pos_packetizer/u_b_cluster_scan/ctl_82_2144/g13/z                                                                          (u)     in_1->z  F     unmapped_xnor2       6 55.2     0   294   10137    (-,-) 
  u_pos_packetizer/u_b_cluster_scan/ctl_82_2144/g1/z                                                                           (u)     in_1->z  F     unmapped_or2         2 18.4     0   119   10256    (-,-) 
  u_pos_packetizer/u_b_cluster_scan/ctl_82_2144/g4/z                                                                           (u)     in_1->z  F     unmapped_or2         1  9.2     0   100   10356    (-,-) 
  u_pos_packetizer/u_b_cluster_scan/ctl_82_2144/g9/z                                                                           (u)     in_0->z  R     unmapped_not         1  9.0     0    59   10414    (-,-) 
  u_pos_packetizer/u_b_cluster_scan/ctl_82_2144/g10/z                                                                          (u)     in_0->z  R     unmapped_and2        3 27.0     0   133   10548    (-,-) 
  u_pos_packetizer/u_b_cluster_scan/summarize_chunk_292_31_I1:scan_step_154_15_I8:mux_state[clusters][cluster1][hi]_82_41/g1/z (u)     sel3->z  R     unmapped_mux6        1  9.0     0   347   10895    (-,-) 
  u_pos_packetizer/u_b_cluster_scan/summarize_chunk_292_31_I1:scan_step_154_15_I8:mux_state[clusters][cluster1][hi]_81_11/g1/z (u)     data1->z R     unmapped_bmux2       1  9.0     0   208   11103    (-,-) 
  u_pos_packetizer/u_b_cluster_scan/summarize_chunk_292_31_I1:scan_step_154_15_I8:mux_state[clusters][cluster1][hi]_80_9/g1/z  (u)     data1->z R     unmapped_bmux2       1  9.0     0   208   11312    (-,-) 
  u_pos_packetizer/u_b_cluster_scan/chunk_q_reg[0][clusters][cluster1][hi][2]/d                                                -       -        R     unmapped_d_flop      1    -     -     0   11312    (-,-) 
#--------------------------------------------------------------------------------------------------------------------------------------------------------------------------------------------------------------

(u) : Net has unmapped pin(s).



Path 2: VIOLATED (-5569 ps) Setup Check with Pin u_pos_packetizer/u_b_cluster_scan/chunk_q_reg[0][clusters][cluster1][hi][1]/clk->d
          Group: clk_sys
     Startpoint: (R) u_pos_packetizer/u_b_cluster_scan/gap_threshold_q_reg[1]/clk
          Clock: (R) clk_sys
       Endpoint: (R) u_pos_packetizer/u_b_cluster_scan/chunk_q_reg[0][clusters][cluster1][hi][1]/d
          Clock: (R) clk_sys

                     Capture       Launch     
        Clock Edge:+    6250            0     
       Src Latency:+       0            0     
       Net Latency:+       0 (I)        0 (I) 
           Arrival:=    6250            0     
                                              
             Setup:-     507                  
     Required Time:=    5743                  
      Launch Clock:-       0                  
         Data Path:-   11312                  
             Slack:=   -5569                  

#--------------------------------------------------------------------------------------------------------------------------------------------------------------------------------------------------------------
#                                                        Timing Point                                                          Flags     Arc    Edge      Cell        Fanout Load Trans Delay Arrival Instance 
#                                                                                                                                                                            (fF)  (ps)  (ps)   (ps)  Location 
#--------------------------------------------------------------------------------------------------------------------------------------------------------------------------------------------------------------
  u_pos_packetizer/u_b_cluster_scan/gap_threshold_q_reg[1]/clk                                                                 -       -        R     (arrival)        29660    -     0     0       0    (-,-) 
  u_pos_packetizer/u_b_cluster_scan/gap_threshold_q_reg[1]/q                                                                   (u)     clk->q   F     unmapped_d_flop     97 46.0     0   798     798    (-,-) 
  u_pos_packetizer/u_b_cluster_scan/summarize_chunk_292_31_I1:scan_step_154_15_I2:gte_111_25/g8/z                              (u)     in_0->z  R     unmapped_not         2 18.0     0    78     876    (-,-) 
  u_pos_packetizer/u_b_cluster_scan/summarize_chunk_292_31_I1:scan_step_154_15_I2:gte_111_25/g14/z                             (u)     in_1->z  F     unmapped_nor2        1  9.2     0   100     976    (-,-) 
  u_pos_packetizer/u_b_cluster_scan/summarize_chunk_292_31_I1:scan_step_154_15_I2:gte_111_25/g26/z                             (u)     in_0->z  R     unmapped_not         1  9.0     0    59    1035    (-,-) 
  u_pos_packetizer/u_b_cluster_scan/summarize_chunk_292_31_I1:scan_step_154_15_I2:gte_111_25/g27/z                             (u)     in_1->z  F     unmapped_nand2       1  9.2     0   100    1135    (-,-) 
  u_pos_packetizer/u_b_cluster_scan/summarize_chunk_292_31_I1:scan_step_154_15_I2:gte_111_25/g28/z                             (u)     in_1->z  R     unmapped_nand2       1  9.0     0   100    1235    (-,-) 
  u_pos_packetizer/u_b_cluster_scan/summarize_chunk_292_31_I1:scan_step_154_15_I2:gte_111_25/g40/z                             (u)     in_1->z  F     unmapped_nand2       1  9.2     0   100    1335    (-,-) 
  u_pos_packetizer/u_b_cluster_scan/summarize_chunk_292_31_I1:scan_step_154_15_I2:gte_111_25/g41/z                             (u)     in_1->z  R     unmapped_nand2       1  9.0     0   100    1435    (-,-) 
  u_pos_packetizer/u_b_cluster_scan/summarize_chunk_292_31_I1:scan_step_154_15_I2:gte_111_25/g53/z                             (u)     in_0->z  F     unmapped_nand2       1  9.2     0   100    1535    (-,-) 
  u_pos_packetizer/u_b_cluster_scan/summarize_chunk_292_31_I1:scan_step_154_15_I2:gte_111_25/g54/z                             (u)     in_1->z  R     unmapped_nand2       1  9.0     0   100    1635    (-,-) 
  u_pos_packetizer/u_b_cluster_scan/summarize_chunk_292_31_I1:scan_step_154_15_I2:mux_state[in_cluster]_111_25/g1/z            (u)     sel0->z  R     unmapped_bmux2       8 72.0     0   334    1968    (-,-) 
  u_pos_packetizer/u_b_cluster_scan/summarize_chunk_292_31_I1:scan_step_154_15_I2:mux_state[in_cluster]_109_18/g1/z            (u)     data1->z R     unmapped_bmux2       1  9.0     0   208    2177    (-,-) 
  u_pos_packetizer/u_b_cluster_scan/summarize_chunk_292_31_I1:scan_step_154_15_I2:mux_state[in_cluster]_80_9/g1/z              (u)     data0->z R     unmapped_bmux2      10 90.0     0   353    2530    (-,-) 
  u_pos_packetizer/u_b_cluster_scan/summarize_chunk_292_31_I1:scan_step_154_15_I3:mux_state[gap_run]_109_18/g6/z               (u)     sel0->z  R     unmapped_bmux2       1  9.0     0   208    2738    (-,-) 
  u_pos_packetizer/u_b_cluster_scan/summarize_chunk_292_31_I1:scan_step_154_15_I3:mux_state[gap_run]_80_9/g6/z                 (u)     data0->z R     unmapped_bmux2       5 45.0     0   274    3012    (-,-) 
  u_pos_packetizer/u_b_cluster_scan/summarize_chunk_292_31_I1:scan_step_154_15_I4:gte_86_68/g14/z                              (u)     in_0->z  F     unmapped_nor2        1  9.2     0   100    3112    (-,-) 
  u_pos_packetizer/u_b_cluster_scan/summarize_chunk_292_31_I1:scan_step_154_15_I4:gte_86_68/g26/z                              (u)     in_0->z  R     unmapped_not         1  9.0     0    59    3171    (-,-) 
  u_pos_packetizer/u_b_cluster_scan/summarize_chunk_292_31_I1:scan_step_154_15_I4:gte_86_68/g27/z                              (u)     in_1->z  F     unmapped_nand2       1  9.2     0   100    3271    (-,-) 
  u_pos_packetizer/u_b_cluster_scan/summarize_chunk_292_31_I1:scan_step_154_15_I4:gte_86_68/g28/z                              (u)     in_1->z  R     unmapped_nand2       1  9.0     0   100    3371    (-,-) 
  u_pos_packetizer/u_b_cluster_scan/summarize_chunk_292_31_I1:scan_step_154_15_I4:gte_86_68/g40/z                              (u)     in_1->z  F     unmapped_nand2       1  9.2     0   100    3471    (-,-) 
  u_pos_packetizer/u_b_cluster_scan/summarize_chunk_292_31_I1:scan_step_154_15_I4:gte_86_68/g41/z                              (u)     in_1->z  R     unmapped_nand2       1  9.0     0   100    3571    (-,-) 
  u_pos_packetizer/u_b_cluster_scan/summarize_chunk_292_31_I1:scan_step_154_15_I4:gte_86_68/g53/z                              (u)     in_0->z  F     unmapped_nand2       1  9.2     0   100    3671    (-,-) 
  u_pos_packetizer/u_b_cluster_scan/summarize_chunk_292_31_I1:scan_step_154_15_I4:gte_86_68/g54/z                              (u)     in_1->z  R     unmapped_nand2       2 18.0     0   119    3790    (-,-) 
  u_pos_packetizer/u_b_cluster_scan/g5547/z                                                                                    (u)     in_1->z  R     unmapped_and2        6 54.0     0   185    3975    (-,-) 
  u_pos_packetizer/u_b_cluster_scan/summarize_chunk_292_31_I1:scan_step_154_15_I4:mux_state[cluster_idx]_86_50/g1/z            (u)     sel0->z  F     unmapped_bmux2       1  9.2     0   208    4183    (-,-) 
  u_pos_packetizer/u_b_cluster_scan/summarize_chunk_292_31_I1:scan_step_154_15_I4:mux_state[cluster_idx]_82_41/g1/z            (u)     data0->z F     unmapped_bmux2       1  9.2     0   208    4392    (-,-) 
  u_pos_packetizer/u_b_cluster_scan/summarize_chunk_292_31_I1:scan_step_154_15_I4:mux_state[cluster_idx]_81_11/g1/z            (u)     data1->z F     unmapped_bmux2       1  9.2     0   208    4600    (-,-) 
  u_pos_packetizer/u_b_cluster_scan/summarize_chunk_292_31_I1:scan_step_154_15_I4:mux_state[cluster_idx]_80_9/g1/z             (u)     data1->z F     unmapped_bmux2       7 64.4     0   314    4914    (-,-) 
  u_pos_packetizer/u_b_cluster_scan/g6714/z                                                                                    (u)     in_0->z  R     unmapped_not         1  9.0     0    59    4973    (-,-) 
  u_pos_packetizer/u_b_cluster_scan/g5578/z                                                                                    (u)     in_0->z  F     unmapped_nand2       1  9.2     0   100    5073    (-,-) 
  u_pos_packetizer/u_b_cluster_scan/g5579/z                                                                                    (u)     in_0->z  R     unmapped_not        10 90.0     0   203    5276    (-,-) 
  u_pos_packetizer/u_b_cluster_scan/g5567/z                                                                                    (u)     in_0->z  R     unmapped_and2        6 54.0     0   185    5461    (-,-) 
  u_pos_packetizer/u_b_cluster_scan/summarize_chunk_292_31_I1:scan_step_154_15_I5:mux_state[cluster_idx]_86_50/g1/z            (u)     sel0->z  F     unmapped_bmux2       1  9.2     0   208    5670    (-,-) 
  u_pos_packetizer/u_b_cluster_scan/summarize_chunk_292_31_I1:scan_step_154_15_I5:mux_state[cluster_idx]_82_41/g1/z            (u)     data0->z F     unmapped_bmux2       1  9.2     0   208    5878    (-,-) 
  u_pos_packetizer/u_b_cluster_scan/summarize_chunk_292_31_I1:scan_step_154_15_I5:mux_state[cluster_idx]_81_11/g1/z            (u)     data1->z F     unmapped_bmux2       1  9.2     0   208    6087    (-,-) 
  u_pos_packetizer/u_b_cluster_scan/summarize_chunk_292_31_I1:scan_step_154_15_I5:mux_state[cluster_idx]_80_9/g1/z             (u)     data1->z F     unmapped_bmux2       7 64.4     0   314    6401    (-,-) 
  u_pos_packetizer/u_b_cluster_scan/g6715/z                                                                                    (u)     in_0->z  R     unmapped_not         1  9.0     0    59    6460    (-,-) 
  u_pos_packetizer/u_b_cluster_scan/g5598/z                                                                                    (u)     in_0->z  F     unmapped_nand2       1  9.2     0   100    6560    (-,-) 
  u_pos_packetizer/u_b_cluster_scan/g5599/z                                                                                    (u)     in_0->z  R     unmapped_not        10 90.0     0   203    6763    (-,-) 
  u_pos_packetizer/u_b_cluster_scan/g5587/z                                                                                    (u)     in_0->z  R     unmapped_and2        6 54.0     0   185    6948    (-,-) 
  u_pos_packetizer/u_b_cluster_scan/summarize_chunk_292_31_I1:scan_step_154_15_I6:mux_state[cluster_idx]_86_50/g1/z            (u)     sel0->z  F     unmapped_bmux2       1  9.2     0   208    7156    (-,-) 
  u_pos_packetizer/u_b_cluster_scan/summarize_chunk_292_31_I1:scan_step_154_15_I6:mux_state[cluster_idx]_82_41/g1/z            (u)     data0->z F     unmapped_bmux2       1  9.2     0   208    7365    (-,-) 
  u_pos_packetizer/u_b_cluster_scan/summarize_chunk_292_31_I1:scan_step_154_15_I6:mux_state[cluster_idx]_81_11/g1/z            (u)     data1->z F     unmapped_bmux2       1  9.2     0   208    7573    (-,-) 
  u_pos_packetizer/u_b_cluster_scan/summarize_chunk_292_31_I1:scan_step_154_15_I6:mux_state[cluster_idx]_80_9/g1/z             (u)     data1->z F     unmapped_bmux2       7 64.4     0   314    7887    (-,-) 
  u_pos_packetizer/u_b_cluster_scan/g6716/z                                                                                    (u)     in_0->z  R     unmapped_not         1  9.0     0    59    7946    (-,-) 
  u_pos_packetizer/u_b_cluster_scan/g5618/z                                                                                    (u)     in_0->z  F     unmapped_nand2       1  9.2     0   100    8046    (-,-) 
  u_pos_packetizer/u_b_cluster_scan/g5619/z                                                                                    (u)     in_0->z  R     unmapped_not        10 90.0     0   203    8249    (-,-) 
  u_pos_packetizer/u_b_cluster_scan/g5607/z                                                                                    (u)     in_0->z  R     unmapped_and2        6 54.0     0   185    8434    (-,-) 
  u_pos_packetizer/u_b_cluster_scan/summarize_chunk_292_31_I1:scan_step_154_15_I7:mux_state[cluster_idx]_86_50/g1/z            (u)     sel0->z  R     unmapped_bmux2       1  9.0     0   208    8643    (-,-) 
  u_pos_packetizer/u_b_cluster_scan/summarize_chunk_292_31_I1:scan_step_154_15_I7:mux_state[cluster_idx]_82_41/g1/z            (u)     data0->z R     unmapped_bmux2       1  9.0     0   208    8851    (-,-) 
  u_pos_packetizer/u_b_cluster_scan/summarize_chunk_292_31_I1:scan_step_154_15_I7:mux_state[cluster_idx]_81_11/g1/z            (u)     data1->z R     unmapped_bmux2       1  9.0     0   208    9060    (-,-) 
  u_pos_packetizer/u_b_cluster_scan/summarize_chunk_292_31_I1:scan_step_154_15_I7:mux_state[cluster_idx]_80_9/g1/z             (u)     data1->z R     unmapped_bmux2       3 27.0     0   242    9302    (-,-) 
  u_pos_packetizer/u_b_cluster_scan/g6717/z                                                                                    (u)     in_0->z  F     unmapped_not         1  9.2     0    59    9360    (-,-) 
  u_pos_packetizer/u_b_cluster_scan/g5638/z                                                                                    (u)     in_0->z  R     unmapped_nand2       1  9.0     0   100    9460    (-,-) 
  u_pos_packetizer/u_b_cluster_scan/g5639/z                                                                                    (u)     in_0->z  F     unmapped_not        10 92.0     0   203    9664    (-,-) 
  u_pos_packetizer/u_b_cluster_scan/g5626/z                                                                                    (u)     in_0->z  F     unmapped_and2        9 27.6     0   179    9843    (-,-) 
  u_pos_packetizer/u_b_cluster_scan/ctl_82_2144/g13/z                                                                          (u)     in_1->z  F     unmapped_xnor2       6 55.2     0   294   10137    (-,-) 
  u_pos_packetizer/u_b_cluster_scan/ctl_82_2144/g1/z                                                                           (u)     in_1->z  F     unmapped_or2         2 18.4     0   119   10256    (-,-) 
  u_pos_packetizer/u_b_cluster_scan/ctl_82_2144/g4/z                                                                           (u)     in_1->z  F     unmapped_or2         1  9.2     0   100   10356    (-,-) 
  u_pos_packetizer/u_b_cluster_scan/ctl_82_2144/g9/z                                                                           (u)     in_0->z  R     unmapped_not         1  9.0     0    59   10414    (-,-) 
  u_pos_packetizer/u_b_cluster_scan/ctl_82_2144/g10/z                                                                          (u)     in_0->z  R     unmapped_and2        3 27.0     0   133   10548    (-,-) 
  u_pos_packetizer/u_b_cluster_scan/summarize_chunk_292_31_I1:scan_step_154_15_I8:mux_state[clusters][cluster1][hi]_82_41/g2/z (u)     sel3->z  R     unmapped_mux6        1  9.0     0   347   10895    (-,-) 
  u_pos_packetizer/u_b_cluster_scan/summarize_chunk_292_31_I1:scan_step_154_15_I8:mux_state[clusters][cluster1][hi]_81_11/g2/z (u)     data1->z R     unmapped_bmux2       1  9.0     0   208   11103    (-,-) 
  u_pos_packetizer/u_b_cluster_scan/summarize_chunk_292_31_I1:scan_step_154_15_I8:mux_state[clusters][cluster1][hi]_80_9/g2/z  (u)     data1->z R     unmapped_bmux2       1  9.0     0   208   11312    (-,-) 
  u_pos_packetizer/u_b_cluster_scan/chunk_q_reg[0][clusters][cluster1][hi][1]/d                                                -       -        R     unmapped_d_flop      1    -     -     0   11312    (-,-) 
#--------------------------------------------------------------------------------------------------------------------------------------------------------------------------------------------------------------

(u) : Net has unmapped pin(s).



Path 3: VIOLATED (-5569 ps) Setup Check with Pin u_pos_packetizer/u_b_cluster_scan/chunk_q_reg[0][clusters][cluster1][hi][0]/clk->d
          Group: clk_sys
     Startpoint: (R) u_pos_packetizer/u_b_cluster_scan/gap_threshold_q_reg[1]/clk
          Clock: (R) clk_sys
       Endpoint: (R) u_pos_packetizer/u_b_cluster_scan/chunk_q_reg[0][clusters][cluster1][hi][0]/d
          Clock: (R) clk_sys

                     Capture       Launch     
        Clock Edge:+    6250            0     
       Src Latency:+       0            0     
       Net Latency:+       0 (I)        0 (I) 
           Arrival:=    6250            0     
                                              
             Setup:-     507                  
     Required Time:=    5743                  
      Launch Clock:-       0                  
         Data Path:-   11312                  
             Slack:=   -5569                  

#--------------------------------------------------------------------------------------------------------------------------------------------------------------------------------------------------------------
