============================================================
  Generated by:           Genus(TM) Synthesis Solution 22.13-s093_1
  Generated on:           Jun 02 2026  01:32:17 pm
  Module:                 mptdc_top_asic
  Operating conditions:   slow_1_62V_125C 
  Interconnect mode:      global
  Area mode:              physical library
============================================================

Timing
--------

Analysis view       Clock       Period 
---------------------------------------
wc_view       clk_osc_fast       900.0 
              clk_osc_fast_tap1  900.0 
              clk_osc_fast_tap2  900.0 
              clk_osc_fast_tap3  900.0 
              clk_osc_fast_tap4  900.0 
              clk_osc_fast_tap5  900.0 
              clk_osc_fast_tap6  900.0 
              clk_osc_fast_tap7  900.0 
              clk_osc_slow      1000.0 
              clk_osc_slow_tap1 1000.0 
              clk_osc_slow_tap2 1000.0 
              clk_osc_slow_tap3 1000.0 
              clk_osc_slow_tap4 1000.0 
              clk_osc_slow_tap5 1000.0 
              clk_osc_slow_tap6 1000.0 
              clk_osc_slow_tap7 1000.0 
              clk_sys           6250.0 


Analysis                Cost                Critical              Violating 
  View                 Group               Path Slack     TNS       Paths   
----------------------------------------------------------------------------
wc_view       cg_enable_group_clk_osc_fast    -1991.5   -15932.0          8 
         cg_enable_group_clk_osc_fast_tap1    -1991.5   -15932.0          8 
         cg_enable_group_clk_osc_fast_tap2    -1991.5   -15932.0          8 
         cg_enable_group_clk_osc_fast_tap3    -2032.8   -16262.4          8 
         cg_enable_group_clk_osc_fast_tap4    -2032.8   -16262.4          8 
         cg_enable_group_clk_osc_fast_tap5    -2032.8   -16262.4          8 
         cg_enable_group_clk_osc_fast_tap6    -2032.8   -16262.4          8 
         cg_enable_group_clk_osc_fast_tap7    -1991.5   -15932.0          8 
                   cg_enable_group_clk_sys    -1395.1    -5306.9          5 
                              clk_osc_fast    -1922.4  -115233.4         80 
                         clk_osc_fast_tap1    -1905.8  -113022.1         79 
                         clk_osc_fast_tap2    -1905.8  -113022.1         79 
                         clk_osc_fast_tap3    -1905.8  -113022.1         79 
                         clk_osc_fast_tap4    -1905.8  -113022.1         79 
                         clk_osc_fast_tap5    -1905.8  -113022.1         79 
                         clk_osc_fast_tap6    -1905.8  -113022.1         79 
                         clk_osc_fast_tap7    -1905.8  -113022.1         79 
                              clk_osc_slow    -1171.4   -65626.7         64 
                         clk_osc_slow_tap1   No paths        0.0          0 
                         clk_osc_slow_tap2   No paths        0.0          0 
                         clk_osc_slow_tap3   No paths        0.0          0 
                         clk_osc_slow_tap4   No paths        0.0          0 
                         clk_osc_slow_tap5   No paths        0.0          0 
                         clk_osc_slow_tap6   No paths        0.0          0 
                         clk_osc_slow_tap7   No paths        0.0          0 
                                   clk_sys    -1670.0    -7238.8         12 
                                   default   No paths        0.0          0 
----------------------------------------------------------------------------
Total                                                 -1113338.1        778 
                                                                            

Instance Count
--------------
Leaf Instance Count             15426 
Physical Instance count             0 
Sequential Instance Count        5924 
Combinational Instance Count     9502 
Hierarchical Instance Count       311 

Area
----
Cell Area                          437412.581
Physical Cell Area                 0.000
Total Cell Area (Cell+Physical)    437412.581
Net Area                           2266.452
Total Area (Cell+Physical+Net)     439679.033

Power
-----
Leakage Power                      5445.407 nW
Dynamic Power                      61143191.056 nW
Total Power                        61148636.463 nW

Number of Clock Gating Logic       224
Max Fanout                         2362 (u_core_u_ctx_bank_n_1093)
Min Fanout                         0 (local_async_rst_n)
Average Fanout                     2.3
Terms to net ratio                 4.8900
Terms to instance ratio            5.0120
Runtime                            141.034932 seconds
Elapsed Runtime                    139 seconds
Genus peak memory usage            2262.53 
Innovus peak memory usage          no_value 
Hostname                           lyoelectrosrv01.in2p3.fr
