# MPTDC Route Checkpoint Repair
SOURCE_CHECKPOINT=/sim/ksabra/SPADMIC_work/innovus/20260824_154115_mptdc_bufftap0_pnrlef35_physical/checkpoints/04_route_failed.enc.dat
RESULT_DIR=/sim/ksabra/SPADMIC_work/innovus/20260824_163028_mptdc_bufftap0_route_geometry_repair_v2
TOP_CELL=mptdc_axis_core
COMMANDS_FILE=/sim/ksabra/SPADMIC_work/innovus/20260824_163028_mptdc_bufftap0_route_geometry_repair_v2/manifests/route_geometry_repair.commands.tcl
INITIAL_DRC=3
INITIAL_SHORTS=1
INITIAL_DRC_STATUS=FAIL
INITIAL_REGULAR_CONNECTIVITY_BAD=0
INITIAL_REGULAR_CONNECTIVITY_BAD_LINES=
INITIAL_SPECIAL_CONNECTIVITY_BAD=1
INITIAL_SPECIAL_CONNECTIVITY_BAD_LINES={Net VDD: dangling Wire.} {Net VSS: dangling Wire.} {12 Problem(s) (IMPVFC-94): The net has dangling wire(s).} {Verification Complete : 12 Viols.  0 Wrngs.}
INITIAL_SPECIAL_CONNECTIVITY_RAW_BAD=1
INITIAL_SPECIAL_CONNECTIVITY_FILTER_STATUS=DISABLED
INITIAL_SPECIAL_CONNECTIVITY_FILTERED_RO_TERMINALS=0
INITIAL_SPECIAL_CONNECTIVITY_NON_RO_FAILURES=0
INITIAL_SPECIAL_CONNECTIVITY_FILTER_REPORT=
INITIAL_UNROUTED_NETS=UNKNOWN
INITIAL_UNROUTED_NETS_SOURCE=report_route
INITIAL_ROUTE_GATE_PASS=0
INITIAL_DRC_REPORT=/sim/ksabra/SPADMIC_work/innovus/20260824_163028_mptdc_bufftap0_route_geometry_repair_v2/reports/00_initial_verify_drc.rpt
INITIAL_REGULAR_CONNECTIVITY_REPORT=/sim/ksabra/SPADMIC_work/innovus/20260824_163028_mptdc_bufftap0_route_geometry_repair_v2/reports/00_initial_verify_connectivity_regular.rpt
INITIAL_SPECIAL_CONNECTIVITY_REPORT=/sim/ksabra/SPADMIC_work/innovus/20260824_163028_mptdc_bufftap0_route_geometry_repair_v2/reports/00_initial_verify_connectivity_special.rpt
INITIAL_REPORT_ROUTE=/sim/ksabra/SPADMIC_work/innovus/20260824_163028_mptdc_bufftap0_route_geometry_repair_v2/reports/00_initial_report_route.rpt
INITIAL_MARKER_REPORT=/sim/ksabra/SPADMIC_work/innovus/20260824_163028_mptdc_bufftap0_route_geometry_repair_v2/reports/00_initial_verify_drc_markers.tsv

COMMAND_1=mptdc_ckpt_set_net_route_layers u_core_n_66687 MET3 MET3
COMMAND_1_REPORT=/sim/ksabra/SPADMIC_work/innovus/20260824_163028_mptdc_bufftap0_route_geometry_repair_v2/reports/01_command_mptdc_ckpt_set_net_route_layers_u_core_n_66687_MET3_MET3.rpt
COMMAND_1_STATUS=PASS
COMMAND_1_VERIFY_DRC=3
COMMAND_1_VERIFY_SHORTS=1
COMMAND_1_VERIFY_DRC_STATUS=FAIL
COMMAND_1_VERIFY_REGULAR_CONNECTIVITY_BAD=0
COMMAND_1_VERIFY_REGULAR_CONNECTIVITY_BAD_LINES=
COMMAND_1_VERIFY_SPECIAL_CONNECTIVITY_BAD=1
COMMAND_1_VERIFY_SPECIAL_CONNECTIVITY_BAD_LINES={Net VDD: dangling Wire.} {Net VSS: dangling Wire.} {12 Problem(s) (IMPVFC-94): The net has dangling wire(s).} {Verification Complete : 12 Viols.  0 Wrngs.}
COMMAND_1_VERIFY_SPECIAL_CONNECTIVITY_RAW_BAD=1
COMMAND_1_VERIFY_SPECIAL_CONNECTIVITY_FILTER_STATUS=DISABLED
COMMAND_1_VERIFY_SPECIAL_CONNECTIVITY_FILTERED_RO_TERMINALS=0
COMMAND_1_VERIFY_SPECIAL_CONNECTIVITY_NON_RO_FAILURES=0
COMMAND_1_VERIFY_SPECIAL_CONNECTIVITY_FILTER_REPORT=
COMMAND_1_VERIFY_UNROUTED_NETS=UNKNOWN
COMMAND_1_VERIFY_UNROUTED_NETS_SOURCE=report_route
COMMAND_1_VERIFY_ROUTE_GATE_PASS=0
COMMAND_1_VERIFY_DRC_REPORT=/sim/ksabra/SPADMIC_work/innovus/20260824_163028_mptdc_bufftap0_route_geometry_repair_v2/reports/01_after_command_verify_drc.rpt
COMMAND_1_VERIFY_REGULAR_CONNECTIVITY_REPORT=/sim/ksabra/SPADMIC_work/innovus/20260824_163028_mptdc_bufftap0_route_geometry_repair_v2/reports/01_after_command_verify_connectivity_regular.rpt
COMMAND_1_VERIFY_SPECIAL_CONNECTIVITY_REPORT=/sim/ksabra/SPADMIC_work/innovus/20260824_163028_mptdc_bufftap0_route_geometry_repair_v2/reports/01_after_command_verify_connectivity_special.rpt
COMMAND_1_VERIFY_REPORT_ROUTE=/sim/ksabra/SPADMIC_work/innovus/20260824_163028_mptdc_bufftap0_route_geometry_repair_v2/reports/01_after_command_report_route.rpt
COMMAND_1_VERIFY_MARKER_REPORT=/sim/ksabra/SPADMIC_work/innovus/20260824_163028_mptdc_bufftap0_route_geometry_repair_v2/reports/01_after_command_verify_drc_markers.tsv
COMMAND_1_DRC_REPORT=/sim/ksabra/SPADMIC_work/innovus/20260824_163028_mptdc_bufftap0_route_geometry_repair_v2/reports/01_after_command_verify_drc.rpt
COMMAND_1_MARKER_REPORT=/sim/ksabra/SPADMIC_work/innovus/20260824_163028_mptdc_bufftap0_route_geometry_repair_v2/reports/01_after_command_verify_drc_markers.tsv

COMMAND_2=mptdc_ckpt_delete_regular_drc_wires u_core_n_66687
COMMAND_2_REPORT=/sim/ksabra/SPADMIC_work/innovus/20260824_163028_mptdc_bufftap0_route_geometry_repair_v2/reports/02_command_mptdc_ckpt_delete_regular_drc_wires_u_core_n_66687.rpt
COMMAND_2_STATUS=PASS
COMMAND_2_VERIFY_DRC=2
COMMAND_2_VERIFY_SHORTS=0
COMMAND_2_VERIFY_DRC_STATUS=FAIL
COMMAND_2_VERIFY_REGULAR_CONNECTIVITY_BAD=1
COMMAND_2_VERIFY_REGULAR_CONNECTIVITY_BAD_LINES={Net u_core_n_66687: no routing.} {1 Problem(s) (IMPVFC-98): Net has no global routing and no special routing.} {Verification Complete : 1 Viols.  0 Wrngs.}
COMMAND_2_VERIFY_SPECIAL_CONNECTIVITY_BAD=1
COMMAND_2_VERIFY_SPECIAL_CONNECTIVITY_BAD_LINES={Net VDD: dangling Wire.} {Net VSS: dangling Wire.} {12 Problem(s) (IMPVFC-94): The net has dangling wire(s).} {Verification Complete : 12 Viols.  0 Wrngs.}
COMMAND_2_VERIFY_SPECIAL_CONNECTIVITY_RAW_BAD=1
COMMAND_2_VERIFY_SPECIAL_CONNECTIVITY_FILTER_STATUS=DISABLED
COMMAND_2_VERIFY_SPECIAL_CONNECTIVITY_FILTERED_RO_TERMINALS=0
COMMAND_2_VERIFY_SPECIAL_CONNECTIVITY_NON_RO_FAILURES=0
COMMAND_2_VERIFY_SPECIAL_CONNECTIVITY_FILTER_REPORT=
COMMAND_2_VERIFY_UNROUTED_NETS=UNKNOWN
COMMAND_2_VERIFY_UNROUTED_NETS_SOURCE=report_route
COMMAND_2_VERIFY_ROUTE_GATE_PASS=0
COMMAND_2_VERIFY_DRC_REPORT=/sim/ksabra/SPADMIC_work/innovus/20260824_163028_mptdc_bufftap0_route_geometry_repair_v2/reports/02_after_command_verify_drc.rpt
COMMAND_2_VERIFY_REGULAR_CONNECTIVITY_REPORT=/sim/ksabra/SPADMIC_work/innovus/20260824_163028_mptdc_bufftap0_route_geometry_repair_v2/reports/02_after_command_verify_connectivity_regular.rpt
COMMAND_2_VERIFY_SPECIAL_CONNECTIVITY_REPORT=/sim/ksabra/SPADMIC_work/innovus/20260824_163028_mptdc_bufftap0_route_geometry_repair_v2/reports/02_after_command_verify_connectivity_special.rpt
COMMAND_2_VERIFY_REPORT_ROUTE=/sim/ksabra/SPADMIC_work/innovus/20260824_163028_mptdc_bufftap0_route_geometry_repair_v2/reports/02_after_command_report_route.rpt
COMMAND_2_VERIFY_MARKER_REPORT=/sim/ksabra/SPADMIC_work/innovus/20260824_163028_mptdc_bufftap0_route_geometry_repair_v2/reports/02_after_command_verify_drc_markers.tsv
COMMAND_2_DRC_REPORT=/sim/ksabra/SPADMIC_work/innovus/20260824_163028_mptdc_bufftap0_route_geometry_repair_v2/reports/02_after_command_verify_drc.rpt
COMMAND_2_MARKER_REPORT=/sim/ksabra/SPADMIC_work/innovus/20260824_163028_mptdc_bufftap0_route_geometry_repair_v2/reports/02_after_command_verify_drc_markers.tsv

COMMAND_3=mptdc_ckpt_route_selected_nets_route_design {u_core_n_66687}
COMMAND_3_REPORT=/sim/ksabra/SPADMIC_work/innovus/20260824_163028_mptdc_bufftap0_route_geometry_repair_v2/reports/03_command_mptdc_ckpt_route_selected_nets_route_design_u_core_n_66687.rpt
COMMAND_3_STATUS=PASS
COMMAND_3_VERIFY_DRC=3
COMMAND_3_VERIFY_SHORTS=1
COMMAND_3_VERIFY_DRC_STATUS=FAIL
COMMAND_3_VERIFY_REGULAR_CONNECTIVITY_BAD=0
COMMAND_3_VERIFY_REGULAR_CONNECTIVITY_BAD_LINES=
COMMAND_3_VERIFY_SPECIAL_CONNECTIVITY_BAD=1
COMMAND_3_VERIFY_SPECIAL_CONNECTIVITY_BAD_LINES={Net VDD: dangling Wire.} {Net VSS: dangling Wire.} {12 Problem(s) (IMPVFC-94): The net has dangling wire(s).} {Verification Complete : 12 Viols.  0 Wrngs.}
COMMAND_3_VERIFY_SPECIAL_CONNECTIVITY_RAW_BAD=1
COMMAND_3_VERIFY_SPECIAL_CONNECTIVITY_FILTER_STATUS=DISABLED
COMMAND_3_VERIFY_SPECIAL_CONNECTIVITY_FILTERED_RO_TERMINALS=0
COMMAND_3_VERIFY_SPECIAL_CONNECTIVITY_NON_RO_FAILURES=0
COMMAND_3_VERIFY_SPECIAL_CONNECTIVITY_FILTER_REPORT=
COMMAND_3_VERIFY_UNROUTED_NETS=UNKNOWN
COMMAND_3_VERIFY_UNROUTED_NETS_SOURCE=report_route
COMMAND_3_VERIFY_ROUTE_GATE_PASS=0
COMMAND_3_VERIFY_DRC_REPORT=/sim/ksabra/SPADMIC_work/innovus/20260824_163028_mptdc_bufftap0_route_geometry_repair_v2/reports/03_after_command_verify_drc.rpt
COMMAND_3_VERIFY_REGULAR_CONNECTIVITY_REPORT=/sim/ksabra/SPADMIC_work/innovus/20260824_163028_mptdc_bufftap0_route_geometry_repair_v2/reports/03_after_command_verify_connectivity_regular.rpt
COMMAND_3_VERIFY_SPECIAL_CONNECTIVITY_REPORT=/sim/ksabra/SPADMIC_work/innovus/20260824_163028_mptdc_bufftap0_route_geometry_repair_v2/reports/03_after_command_verify_connectivity_special.rpt
COMMAND_3_VERIFY_REPORT_ROUTE=/sim/ksabra/SPADMIC_work/innovus/20260824_163028_mptdc_bufftap0_route_geometry_repair_v2/reports/03_after_command_report_route.rpt
COMMAND_3_VERIFY_MARKER_REPORT=/sim/ksabra/SPADMIC_work/innovus/20260824_163028_mptdc_bufftap0_route_geometry_repair_v2/reports/03_after_command_verify_drc_markers.tsv
COMMAND_3_DRC_REPORT=/sim/ksabra/SPADMIC_work/innovus/20260824_163028_mptdc_bufftap0_route_geometry_repair_v2/reports/03_after_command_verify_drc.rpt
COMMAND_3_MARKER_REPORT=/sim/ksabra/SPADMIC_work/innovus/20260824_163028_mptdc_bufftap0_route_geometry_repair_v2/reports/03_after_command_verify_drc_markers.tsv

COMMAND_4=mptdc_ckpt_set_net_route_layers u_core_n_67240 MET3 MET3
COMMAND_4_REPORT=/sim/ksabra/SPADMIC_work/innovus/20260824_163028_mptdc_bufftap0_route_geometry_repair_v2/reports/04_command_mptdc_ckpt_set_net_route_layers_u_core_n_67240_MET3_MET3.rpt
COMMAND_4_STATUS=PASS
COMMAND_4_VERIFY_DRC=3
COMMAND_4_VERIFY_SHORTS=1
COMMAND_4_VERIFY_DRC_STATUS=FAIL
COMMAND_4_VERIFY_REGULAR_CONNECTIVITY_BAD=0
COMMAND_4_VERIFY_REGULAR_CONNECTIVITY_BAD_LINES=
COMMAND_4_VERIFY_SPECIAL_CONNECTIVITY_BAD=1
COMMAND_4_VERIFY_SPECIAL_CONNECTIVITY_BAD_LINES={Net VDD: dangling Wire.} {Net VSS: dangling Wire.} {12 Problem(s) (IMPVFC-94): The net has dangling wire(s).} {Verification Complete : 12 Viols.  0 Wrngs.}
COMMAND_4_VERIFY_SPECIAL_CONNECTIVITY_RAW_BAD=1
COMMAND_4_VERIFY_SPECIAL_CONNECTIVITY_FILTER_STATUS=DISABLED
COMMAND_4_VERIFY_SPECIAL_CONNECTIVITY_FILTERED_RO_TERMINALS=0
COMMAND_4_VERIFY_SPECIAL_CONNECTIVITY_NON_RO_FAILURES=0
COMMAND_4_VERIFY_SPECIAL_CONNECTIVITY_FILTER_REPORT=
COMMAND_4_VERIFY_UNROUTED_NETS=UNKNOWN
COMMAND_4_VERIFY_UNROUTED_NETS_SOURCE=report_route
COMMAND_4_VERIFY_ROUTE_GATE_PASS=0
COMMAND_4_VERIFY_DRC_REPORT=/sim/ksabra/SPADMIC_work/innovus/20260824_163028_mptdc_bufftap0_route_geometry_repair_v2/reports/04_after_command_verify_drc.rpt
COMMAND_4_VERIFY_REGULAR_CONNECTIVITY_REPORT=/sim/ksabra/SPADMIC_work/innovus/20260824_163028_mptdc_bufftap0_route_geometry_repair_v2/reports/04_after_command_verify_connectivity_regular.rpt
COMMAND_4_VERIFY_SPECIAL_CONNECTIVITY_REPORT=/sim/ksabra/SPADMIC_work/innovus/20260824_163028_mptdc_bufftap0_route_geometry_repair_v2/reports/04_after_command_verify_connectivity_special.rpt
COMMAND_4_VERIFY_REPORT_ROUTE=/sim/ksabra/SPADMIC_work/innovus/20260824_163028_mptdc_bufftap0_route_geometry_repair_v2/reports/04_after_command_report_route.rpt
COMMAND_4_VERIFY_MARKER_REPORT=/sim/ksabra/SPADMIC_work/innovus/20260824_163028_mptdc_bufftap0_route_geometry_repair_v2/reports/04_after_command_verify_drc_markers.tsv
COMMAND_4_DRC_REPORT=/sim/ksabra/SPADMIC_work/innovus/20260824_163028_mptdc_bufftap0_route_geometry_repair_v2/reports/04_after_command_verify_drc.rpt
COMMAND_4_MARKER_REPORT=/sim/ksabra/SPADMIC_work/innovus/20260824_163028_mptdc_bufftap0_route_geometry_repair_v2/reports/04_after_command_verify_drc_markers.tsv

COMMAND_5=mptdc_ckpt_delete_regular_drc_wires u_core_n_67240
COMMAND_5_REPORT=/sim/ksabra/SPADMIC_work/innovus/20260824_163028_mptdc_bufftap0_route_geometry_repair_v2/reports/05_command_mptdc_ckpt_delete_regular_drc_wires_u_core_n_67240.rpt
COMMAND_5_STATUS=PASS
COMMAND_5_VERIFY_DRC=2
COMMAND_5_VERIFY_SHORTS=1
COMMAND_5_VERIFY_DRC_STATUS=FAIL
COMMAND_5_VERIFY_REGULAR_CONNECTIVITY_BAD=1
COMMAND_5_VERIFY_REGULAR_CONNECTIVITY_BAD_LINES={Net u_core_n_67240: no routing.} {1 Problem(s) (IMPVFC-98): Net has no global routing and no special routing.} {Verification Complete : 1 Viols.  0 Wrngs.}
COMMAND_5_VERIFY_SPECIAL_CONNECTIVITY_BAD=1
COMMAND_5_VERIFY_SPECIAL_CONNECTIVITY_BAD_LINES={Net VDD: dangling Wire.} {Net VSS: dangling Wire.} {12 Problem(s) (IMPVFC-94): The net has dangling wire(s).} {Verification Complete : 12 Viols.  0 Wrngs.}
COMMAND_5_VERIFY_SPECIAL_CONNECTIVITY_RAW_BAD=1
COMMAND_5_VERIFY_SPECIAL_CONNECTIVITY_FILTER_STATUS=DISABLED
COMMAND_5_VERIFY_SPECIAL_CONNECTIVITY_FILTERED_RO_TERMINALS=0
COMMAND_5_VERIFY_SPECIAL_CONNECTIVITY_NON_RO_FAILURES=0
COMMAND_5_VERIFY_SPECIAL_CONNECTIVITY_FILTER_REPORT=
COMMAND_5_VERIFY_UNROUTED_NETS=UNKNOWN
COMMAND_5_VERIFY_UNROUTED_NETS_SOURCE=report_route
COMMAND_5_VERIFY_ROUTE_GATE_PASS=0
COMMAND_5_VERIFY_DRC_REPORT=/sim/ksabra/SPADMIC_work/innovus/20260824_163028_mptdc_bufftap0_route_geometry_repair_v2/reports/05_after_command_verify_drc.rpt
COMMAND_5_VERIFY_REGULAR_CONNECTIVITY_REPORT=/sim/ksabra/SPADMIC_work/innovus/20260824_163028_mptdc_bufftap0_route_geometry_repair_v2/reports/05_after_command_verify_connectivity_regular.rpt
COMMAND_5_VERIFY_SPECIAL_CONNECTIVITY_REPORT=/sim/ksabra/SPADMIC_work/innovus/20260824_163028_mptdc_bufftap0_route_geometry_repair_v2/reports/05_after_command_verify_connectivity_special.rpt
COMMAND_5_VERIFY_REPORT_ROUTE=/sim/ksabra/SPADMIC_work/innovus/20260824_163028_mptdc_bufftap0_route_geometry_repair_v2/reports/05_after_command_report_route.rpt
COMMAND_5_VERIFY_MARKER_REPORT=/sim/ksabra/SPADMIC_work/innovus/20260824_163028_mptdc_bufftap0_route_geometry_repair_v2/reports/05_after_command_verify_drc_markers.tsv
COMMAND_5_DRC_REPORT=/sim/ksabra/SPADMIC_work/innovus/20260824_163028_mptdc_bufftap0_route_geometry_repair_v2/reports/05_after_command_verify_drc.rpt
COMMAND_5_MARKER_REPORT=/sim/ksabra/SPADMIC_work/innovus/20260824_163028_mptdc_bufftap0_route_geometry_repair_v2/reports/05_after_command_verify_drc_markers.tsv

COMMAND_6=mptdc_ckpt_route_selected_nets_route_design {u_core_n_67240}
COMMAND_6_REPORT=/sim/ksabra/SPADMIC_work/innovus/20260824_163028_mptdc_bufftap0_route_geometry_repair_v2/reports/06_command_mptdc_ckpt_route_selected_nets_route_design_u_core_n_67240.rpt
COMMAND_6_STATUS=PASS
COMMAND_6_VERIFY_DRC=4
COMMAND_6_VERIFY_SHORTS=1
COMMAND_6_VERIFY_DRC_STATUS=FAIL
COMMAND_6_VERIFY_REGULAR_CONNECTIVITY_BAD=0
COMMAND_6_VERIFY_REGULAR_CONNECTIVITY_BAD_LINES=
COMMAND_6_VERIFY_SPECIAL_CONNECTIVITY_BAD=1
COMMAND_6_VERIFY_SPECIAL_CONNECTIVITY_BAD_LINES={Net VDD: dangling Wire.} {Net VSS: dangling Wire.} {12 Problem(s) (IMPVFC-94): The net has dangling wire(s).} {Verification Complete : 12 Viols.  0 Wrngs.}
COMMAND_6_VERIFY_SPECIAL_CONNECTIVITY_RAW_BAD=1
COMMAND_6_VERIFY_SPECIAL_CONNECTIVITY_FILTER_STATUS=DISABLED
COMMAND_6_VERIFY_SPECIAL_CONNECTIVITY_FILTERED_RO_TERMINALS=0
COMMAND_6_VERIFY_SPECIAL_CONNECTIVITY_NON_RO_FAILURES=0
COMMAND_6_VERIFY_SPECIAL_CONNECTIVITY_FILTER_REPORT=
COMMAND_6_VERIFY_UNROUTED_NETS=UNKNOWN
COMMAND_6_VERIFY_UNROUTED_NETS_SOURCE=report_route
COMMAND_6_VERIFY_ROUTE_GATE_PASS=0
COMMAND_6_VERIFY_DRC_REPORT=/sim/ksabra/SPADMIC_work/innovus/20260824_163028_mptdc_bufftap0_route_geometry_repair_v2/reports/06_after_command_verify_drc.rpt
COMMAND_6_VERIFY_REGULAR_CONNECTIVITY_REPORT=/sim/ksabra/SPADMIC_work/innovus/20260824_163028_mptdc_bufftap0_route_geometry_repair_v2/reports/06_after_command_verify_connectivity_regular.rpt
COMMAND_6_VERIFY_SPECIAL_CONNECTIVITY_REPORT=/sim/ksabra/SPADMIC_work/innovus/20260824_163028_mptdc_bufftap0_route_geometry_repair_v2/reports/06_after_command_verify_connectivity_special.rpt
COMMAND_6_VERIFY_REPORT_ROUTE=/sim/ksabra/SPADMIC_work/innovus/20260824_163028_mptdc_bufftap0_route_geometry_repair_v2/reports/06_after_command_report_route.rpt
COMMAND_6_VERIFY_MARKER_REPORT=/sim/ksabra/SPADMIC_work/innovus/20260824_163028_mptdc_bufftap0_route_geometry_repair_v2/reports/06_after_command_verify_drc_markers.tsv
COMMAND_6_DRC_REPORT=/sim/ksabra/SPADMIC_work/innovus/20260824_163028_mptdc_bufftap0_route_geometry_repair_v2/reports/06_after_command_verify_drc.rpt
COMMAND_6_MARKER_REPORT=/sim/ksabra/SPADMIC_work/innovus/20260824_163028_mptdc_bufftap0_route_geometry_repair_v2/reports/06_after_command_verify_drc_markers.tsv

COMMAND_7=mptdc_ckpt_set_net_route_layers u_core_n_57563 MET2 MET3
COMMAND_7_REPORT=/sim/ksabra/SPADMIC_work/innovus/20260824_163028_mptdc_bufftap0_route_geometry_repair_v2/reports/07_command_mptdc_ckpt_set_net_route_layers_u_core_n_57563_MET2_MET3.rpt
COMMAND_7_STATUS=PASS
COMMAND_7_VERIFY_DRC=4
COMMAND_7_VERIFY_SHORTS=1
COMMAND_7_VERIFY_DRC_STATUS=FAIL
COMMAND_7_VERIFY_REGULAR_CONNECTIVITY_BAD=0
COMMAND_7_VERIFY_REGULAR_CONNECTIVITY_BAD_LINES=
COMMAND_7_VERIFY_SPECIAL_CONNECTIVITY_BAD=1
COMMAND_7_VERIFY_SPECIAL_CONNECTIVITY_BAD_LINES={Net VDD: dangling Wire.} {Net VSS: dangling Wire.} {12 Problem(s) (IMPVFC-94): The net has dangling wire(s).} {Verification Complete : 12 Viols.  0 Wrngs.}
COMMAND_7_VERIFY_SPECIAL_CONNECTIVITY_RAW_BAD=1
COMMAND_7_VERIFY_SPECIAL_CONNECTIVITY_FILTER_STATUS=DISABLED
COMMAND_7_VERIFY_SPECIAL_CONNECTIVITY_FILTERED_RO_TERMINALS=0
COMMAND_7_VERIFY_SPECIAL_CONNECTIVITY_NON_RO_FAILURES=0
COMMAND_7_VERIFY_SPECIAL_CONNECTIVITY_FILTER_REPORT=
COMMAND_7_VERIFY_UNROUTED_NETS=UNKNOWN
COMMAND_7_VERIFY_UNROUTED_NETS_SOURCE=report_route
COMMAND_7_VERIFY_ROUTE_GATE_PASS=0
COMMAND_7_VERIFY_DRC_REPORT=/sim/ksabra/SPADMIC_work/innovus/20260824_163028_mptdc_bufftap0_route_geometry_repair_v2/reports/07_after_command_verify_drc.rpt
COMMAND_7_VERIFY_REGULAR_CONNECTIVITY_REPORT=/sim/ksabra/SPADMIC_work/innovus/20260824_163028_mptdc_bufftap0_route_geometry_repair_v2/reports/07_after_command_verify_connectivity_regular.rpt
COMMAND_7_VERIFY_SPECIAL_CONNECTIVITY_REPORT=/sim/ksabra/SPADMIC_work/innovus/20260824_163028_mptdc_bufftap0_route_geometry_repair_v2/reports/07_after_command_verify_connectivity_special.rpt
COMMAND_7_VERIFY_REPORT_ROUTE=/sim/ksabra/SPADMIC_work/innovus/20260824_163028_mptdc_bufftap0_route_geometry_repair_v2/reports/07_after_command_report_route.rpt
COMMAND_7_VERIFY_MARKER_REPORT=/sim/ksabra/SPADMIC_work/innovus/20260824_163028_mptdc_bufftap0_route_geometry_repair_v2/reports/07_after_command_verify_drc_markers.tsv
COMMAND_7_DRC_REPORT=/sim/ksabra/SPADMIC_work/innovus/20260824_163028_mptdc_bufftap0_route_geometry_repair_v2/reports/07_after_command_verify_drc.rpt
COMMAND_7_MARKER_REPORT=/sim/ksabra/SPADMIC_work/innovus/20260824_163028_mptdc_bufftap0_route_geometry_repair_v2/reports/07_after_command_verify_drc_markers.tsv

COMMAND_8=mptdc_ckpt_delete_regular_drc_wires u_core_n_57563
COMMAND_8_REPORT=/sim/ksabra/SPADMIC_work/innovus/20260824_163028_mptdc_bufftap0_route_geometry_repair_v2/reports/08_command_mptdc_ckpt_delete_regular_drc_wires_u_core_n_57563.rpt
COMMAND_8_STATUS=PASS
COMMAND_8_VERIFY_DRC=3
COMMAND_8_VERIFY_SHORTS=1
COMMAND_8_VERIFY_DRC_STATUS=FAIL
COMMAND_8_VERIFY_REGULAR_CONNECTIVITY_BAD=1
COMMAND_8_VERIFY_REGULAR_CONNECTIVITY_BAD_LINES={Net u_core_n_57563: no routing.} {1 Problem(s) (IMPVFC-98): Net has no global routing and no special routing.} {Verification Complete : 1 Viols.  0 Wrngs.}
COMMAND_8_VERIFY_SPECIAL_CONNECTIVITY_BAD=1
COMMAND_8_VERIFY_SPECIAL_CONNECTIVITY_BAD_LINES={Net VDD: dangling Wire.} {Net VSS: dangling Wire.} {12 Problem(s) (IMPVFC-94): The net has dangling wire(s).} {Verification Complete : 12 Viols.  0 Wrngs.}
COMMAND_8_VERIFY_SPECIAL_CONNECTIVITY_RAW_BAD=1
COMMAND_8_VERIFY_SPECIAL_CONNECTIVITY_FILTER_STATUS=DISABLED
COMMAND_8_VERIFY_SPECIAL_CONNECTIVITY_FILTERED_RO_TERMINALS=0
COMMAND_8_VERIFY_SPECIAL_CONNECTIVITY_NON_RO_FAILURES=0
COMMAND_8_VERIFY_SPECIAL_CONNECTIVITY_FILTER_REPORT=
COMMAND_8_VERIFY_UNROUTED_NETS=UNKNOWN
COMMAND_8_VERIFY_UNROUTED_NETS_SOURCE=report_route
COMMAND_8_VERIFY_ROUTE_GATE_PASS=0
COMMAND_8_VERIFY_DRC_REPORT=/sim/ksabra/SPADMIC_work/innovus/20260824_163028_mptdc_bufftap0_route_geometry_repair_v2/reports/08_after_command_verify_drc.rpt
COMMAND_8_VERIFY_REGULAR_CONNECTIVITY_REPORT=/sim/ksabra/SPADMIC_work/innovus/20260824_163028_mptdc_bufftap0_route_geometry_repair_v2/reports/08_after_command_verify_connectivity_regular.rpt
COMMAND_8_VERIFY_SPECIAL_CONNECTIVITY_REPORT=/sim/ksabra/SPADMIC_work/innovus/20260824_163028_mptdc_bufftap0_route_geometry_repair_v2/reports/08_after_command_verify_connectivity_special.rpt
COMMAND_8_VERIFY_REPORT_ROUTE=/sim/ksabra/SPADMIC_work/innovus/20260824_163028_mptdc_bufftap0_route_geometry_repair_v2/reports/08_after_command_report_route.rpt
COMMAND_8_VERIFY_MARKER_REPORT=/sim/ksabra/SPADMIC_work/innovus/20260824_163028_mptdc_bufftap0_route_geometry_repair_v2/reports/08_after_command_verify_drc_markers.tsv
COMMAND_8_DRC_REPORT=/sim/ksabra/SPADMIC_work/innovus/20260824_163028_mptdc_bufftap0_route_geometry_repair_v2/reports/08_after_command_verify_drc.rpt
COMMAND_8_MARKER_REPORT=/sim/ksabra/SPADMIC_work/innovus/20260824_163028_mptdc_bufftap0_route_geometry_repair_v2/reports/08_after_command_verify_drc_markers.tsv

COMMAND_9=mptdc_ckpt_route_selected_nets_route_design {u_core_n_57563}
COMMAND_9_REPORT=/sim/ksabra/SPADMIC_work/innovus/20260824_163028_mptdc_bufftap0_route_geometry_repair_v2/reports/09_command_mptdc_ckpt_route_selected_nets_route_design_u_core_n_57563.rpt
COMMAND_9_STATUS=PASS
COMMAND_9_VERIFY_DRC=4
COMMAND_9_VERIFY_SHORTS=1
COMMAND_9_VERIFY_DRC_STATUS=FAIL
COMMAND_9_VERIFY_REGULAR_CONNECTIVITY_BAD=0
COMMAND_9_VERIFY_REGULAR_CONNECTIVITY_BAD_LINES=
COMMAND_9_VERIFY_SPECIAL_CONNECTIVITY_BAD=1
COMMAND_9_VERIFY_SPECIAL_CONNECTIVITY_BAD_LINES={Net VDD: dangling Wire.} {Net VSS: dangling Wire.} {12 Problem(s) (IMPVFC-94): The net has dangling wire(s).} {Verification Complete : 12 Viols.  0 Wrngs.}
COMMAND_9_VERIFY_SPECIAL_CONNECTIVITY_RAW_BAD=1
COMMAND_9_VERIFY_SPECIAL_CONNECTIVITY_FILTER_STATUS=DISABLED
COMMAND_9_VERIFY_SPECIAL_CONNECTIVITY_FILTERED_RO_TERMINALS=0
COMMAND_9_VERIFY_SPECIAL_CONNECTIVITY_NON_RO_FAILURES=0
COMMAND_9_VERIFY_SPECIAL_CONNECTIVITY_FILTER_REPORT=
COMMAND_9_VERIFY_UNROUTED_NETS=UNKNOWN
COMMAND_9_VERIFY_UNROUTED_NETS_SOURCE=report_route
COMMAND_9_VERIFY_ROUTE_GATE_PASS=0
COMMAND_9_VERIFY_DRC_REPORT=/sim/ksabra/SPADMIC_work/innovus/20260824_163028_mptdc_bufftap0_route_geometry_repair_v2/reports/09_after_command_verify_drc.rpt
COMMAND_9_VERIFY_REGULAR_CONNECTIVITY_REPORT=/sim/ksabra/SPADMIC_work/innovus/20260824_163028_mptdc_bufftap0_route_geometry_repair_v2/reports/09_after_command_verify_connectivity_regular.rpt
COMMAND_9_VERIFY_SPECIAL_CONNECTIVITY_REPORT=/sim/ksabra/SPADMIC_work/innovus/20260824_163028_mptdc_bufftap0_route_geometry_repair_v2/reports/09_after_command_verify_connectivity_special.rpt
COMMAND_9_VERIFY_REPORT_ROUTE=/sim/ksabra/SPADMIC_work/innovus/20260824_163028_mptdc_bufftap0_route_geometry_repair_v2/reports/09_after_command_report_route.rpt
COMMAND_9_VERIFY_MARKER_REPORT=/sim/ksabra/SPADMIC_work/innovus/20260824_163028_mptdc_bufftap0_route_geometry_repair_v2/reports/09_after_command_verify_drc_markers.tsv
COMMAND_9_DRC_REPORT=/sim/ksabra/SPADMIC_work/innovus/20260824_163028_mptdc_bufftap0_route_geometry_repair_v2/reports/09_after_command_verify_drc.rpt
COMMAND_9_MARKER_REPORT=/sim/ksabra/SPADMIC_work/innovus/20260824_163028_mptdc_bufftap0_route_geometry_repair_v2/reports/09_after_command_verify_drc_markers.tsv

COMMAND_10=mptdc_ckpt_assert_geometry_regular_clean
COMMAND_10_REPORT=/sim/ksabra/SPADMIC_work/innovus/20260824_163028_mptdc_bufftap0_route_geometry_repair_v2/reports/10_command_mptdc_ckpt_assert_geometry_regular_clean.rpt
COMMAND_10_STATUS=FAIL
COMMAND_10_ERROR=geometry/regular connectivity is not clean after checkpoint repair command: DRC=4 SHORTS=1 REGULAR_BAD=0 report=/sim/ksabra/SPADMIC_work/innovus/20260824_163028_mptdc_bufftap0_route_geometry_repair_v2/reports/inline_01_assert_geometry_regular_verify_drc.rpt
COMMAND_10_VERIFY_DRC=4
COMMAND_10_VERIFY_SHORTS=1
COMMAND_10_VERIFY_DRC_STATUS=FAIL
COMMAND_10_VERIFY_REGULAR_CONNECTIVITY_BAD=0
COMMAND_10_VERIFY_REGULAR_CONNECTIVITY_BAD_LINES=
COMMAND_10_VERIFY_SPECIAL_CONNECTIVITY_BAD=1
COMMAND_10_VERIFY_SPECIAL_CONNECTIVITY_BAD_LINES={Net VDD: dangling Wire.} {Net VSS: dangling Wire.} {12 Problem(s) (IMPVFC-94): The net has dangling wire(s).} {Verification Complete : 12 Viols.  0 Wrngs.}
COMMAND_10_VERIFY_SPECIAL_CONNECTIVITY_RAW_BAD=1
COMMAND_10_VERIFY_SPECIAL_CONNECTIVITY_FILTER_STATUS=DISABLED
COMMAND_10_VERIFY_SPECIAL_CONNECTIVITY_FILTERED_RO_TERMINALS=0
COMMAND_10_VERIFY_SPECIAL_CONNECTIVITY_NON_RO_FAILURES=0
COMMAND_10_VERIFY_SPECIAL_CONNECTIVITY_FILTER_REPORT=
COMMAND_10_VERIFY_UNROUTED_NETS=UNKNOWN
COMMAND_10_VERIFY_UNROUTED_NETS_SOURCE=report_route
COMMAND_10_VERIFY_ROUTE_GATE_PASS=0
COMMAND_10_VERIFY_DRC_REPORT=/sim/ksabra/SPADMIC_work/innovus/20260824_163028_mptdc_bufftap0_route_geometry_repair_v2/reports/10_after_command_verify_drc.rpt
COMMAND_10_VERIFY_REGULAR_CONNECTIVITY_REPORT=/sim/ksabra/SPADMIC_work/innovus/20260824_163028_mptdc_bufftap0_route_geometry_repair_v2/reports/10_after_command_verify_connectivity_regular.rpt
COMMAND_10_VERIFY_SPECIAL_CONNECTIVITY_REPORT=/sim/ksabra/SPADMIC_work/innovus/20260824_163028_mptdc_bufftap0_route_geometry_repair_v2/reports/10_after_command_verify_connectivity_special.rpt
COMMAND_10_VERIFY_REPORT_ROUTE=/sim/ksabra/SPADMIC_work/innovus/20260824_163028_mptdc_bufftap0_route_geometry_repair_v2/reports/10_after_command_report_route.rpt
COMMAND_10_VERIFY_MARKER_REPORT=/sim/ksabra/SPADMIC_work/innovus/20260824_163028_mptdc_bufftap0_route_geometry_repair_v2/reports/10_after_command_verify_drc_markers.tsv
COMMAND_10_DRC_REPORT=/sim/ksabra/SPADMIC_work/innovus/20260824_163028_mptdc_bufftap0_route_geometry_repair_v2/reports/10_after_command_verify_drc.rpt
COMMAND_10_MARKER_REPORT=/sim/ksabra/SPADMIC_work/innovus/20260824_163028_mptdc_bufftap0_route_geometry_repair_v2/reports/10_after_command_verify_drc_markers.tsv

FINAL_DRC=4
FINAL_SHORTS=1
FINAL_DRC_STATUS=FAIL
FINAL_REGULAR_CONNECTIVITY_BAD=0
FINAL_REGULAR_CONNECTIVITY_BAD_LINES=
FINAL_SPECIAL_CONNECTIVITY_BAD=1
FINAL_SPECIAL_CONNECTIVITY_BAD_LINES={Net VDD: dangling Wire.} {Net VSS: dangling Wire.} {12 Problem(s) (IMPVFC-94): The net has dangling wire(s).} {Verification Complete : 12 Viols.  0 Wrngs.}
FINAL_SPECIAL_CONNECTIVITY_RAW_BAD=1
FINAL_SPECIAL_CONNECTIVITY_FILTER_STATUS=DISABLED
FINAL_SPECIAL_CONNECTIVITY_FILTERED_RO_TERMINALS=0
FINAL_SPECIAL_CONNECTIVITY_NON_RO_FAILURES=0
FINAL_SPECIAL_CONNECTIVITY_FILTER_REPORT=
FINAL_UNROUTED_NETS=UNKNOWN
FINAL_UNROUTED_NETS_SOURCE=report_route
FINAL_ROUTE_GATE_PASS=0
FINAL_DRC_REPORT=/sim/ksabra/SPADMIC_work/innovus/20260824_163028_mptdc_bufftap0_route_geometry_repair_v2/reports/10_after_command_verify_drc.rpt
FINAL_DRC_MARKER_REPORT=/sim/ksabra/SPADMIC_work/innovus/20260824_163028_mptdc_bufftap0_route_geometry_repair_v2/reports/10_after_command_verify_drc_markers.tsv
FINAL_REGULAR_CONNECTIVITY_REPORT=/sim/ksabra/SPADMIC_work/innovus/20260824_163028_mptdc_bufftap0_route_geometry_repair_v2/reports/10_after_command_verify_connectivity_regular.rpt
FINAL_SPECIAL_CONNECTIVITY_REPORT=/sim/ksabra/SPADMIC_work/innovus/20260824_163028_mptdc_bufftap0_route_geometry_repair_v2/reports/10_after_command_verify_connectivity_special.rpt
FINAL_REPORT_ROUTE=/sim/ksabra/SPADMIC_work/innovus/20260824_163028_mptdc_bufftap0_route_geometry_repair_v2/reports/10_after_command_report_route.rpt
FINAL_DEF=/sim/ksabra/SPADMIC_work/innovus/20260824_163028_mptdc_bufftap0_route_geometry_repair_v2/def/repaired_route.def
FINAL_CHECKPOINT=/sim/ksabra/SPADMIC_work/innovus/20260824_163028_mptdc_bufftap0_route_geometry_repair_v2/checkpoints/repaired_route.enc
FINAL_CHECKPOINT_DAT=/sim/ksabra/SPADMIC_work/innovus/20260824_163028_mptdc_bufftap0_route_geometry_repair_v2/checkpoints/repaired_route.enc.dat
FINAL_CHECKPOINT_DAT_EXISTS=1
CHECKPOINT_REPAIR_STATUS=FAIL_COMMAND
CHECKPOINT_REPAIR_FAILED_COMMAND_INDEX=10
CHECKPOINT_REPAIR_FAILED_COMMAND_ERROR=geometry/regular connectivity is not clean after checkpoint repair command: DRC=4 SHORTS=1 REGULAR_BAD=0 report=/sim/ksabra/SPADMIC_work/innovus/20260824_163028_mptdc_bufftap0_route_geometry_repair_v2/reports/inline_01_assert_geometry_regular_verify_drc.rpt
CHECKPOINT_REPAIR_KEEP_GOING_ENV=MPTDC_CHECKPOINT_REPAIR_KEEP_GOING
