STEP=ROUTE_GEOMETRY_REPAIR
SOURCE_PNR_RUN_ID=20260824_154115_mptdc_bufftap0_pnrlef35_physical
SOURCE_CHECKPOINT=/sim/ksabra/SPADMIC_work/innovus/20260824_154115_mptdc_bufftap0_pnrlef35_physical/checkpoints/04_route_failed.enc.dat
REPAIR_RC=0
REPAIR_METHOD=PREFERRED_LAYER_CONSTRAINED_ROUTE_DESIGN_SELECTED_V2
REPAIR_LAYER_POLICY=u_core_n_66687:MET3-MET3,u_core_n_67240:MET3-MET3,u_core_n_57563:MET2-MET3
REPAIR_NETS=u_core_n_66687,u_core_n_67240,u_core_n_57563
INITIAL_DRC=3
INITIAL_SHORTS=1
INITIAL_REGULAR_CONNECTIVITY_BAD=0
INITIAL_SPECIAL_CONNECTIVITY_BAD=1
INITIAL_SPECIAL_CONNECTIVITY_RAW_BAD=1
INITIAL_SPECIAL_CONNECTIVITY_NON_RO_FAILURES=0
INITIAL_SPECIAL_DANGLING_COUNT=12
FINAL_DRC=4
FINAL_SHORTS=1
FINAL_REGULAR_CONNECTIVITY_BAD=0
FINAL_SPECIAL_CONNECTIVITY_BAD=1
FINAL_SPECIAL_CONNECTIVITY_RAW_BAD=1
FINAL_SPECIAL_CONNECTIVITY_NON_RO_FAILURES=0
FINAL_SPECIAL_DANGLING_COUNT=12
FINAL_UNROUTED_NETS=UNKNOWN
FINAL_ROUTE_GATE_PASS=0
CHECKPOINT_REPAIR_STATUS=FAIL_COMMAND
FINAL_CHECKPOINT_DAT_EXISTS=1
ro_slow_tap0_o_COUNT=1
ro_fast_tap0_o_COUNT=1
RO_TAP_OBSERVABILITY_PIN_COUNT=2
GEOMETRY_REPAIR_GATE_MODE=FAIL
DECISION=FAIL_STOP
