STEP=TIE1_MINAREA_ENDEXT_TRIAL
SOURCE_TIE1_RUN_ID=20260831_mptdc_tie1_filler_ecoroute_reconciled_131006
SOURCE_MINAREA_TRIAL_RUN_ID=NONE
SOURCE_CHECKPOINT=/sim/ksabra/SPADMIC_work/innovus/20260831_mptdc_tie1_filler_ecoroute_reconciled_131006/checkpoints/repaired_route.enc.dat
SOURCE_CHECKPOINT_SHA256=a8ed5b0b684c0543ddd4e0a6d7dac96b82203f3e7319c443a04d003075d2d1c8
TOOL_RC=0
COMMAND_1_STATUS=FAIL
MANUAL_ECO_STATUS=FAIL
REPAIR_REVISION=V10
MANUAL_ECO_MODE=CANONICAL_FIXED_MET1_FREE_END_REGULAR_TAIL_V10
ATTRIBUTE_EDIT_POLICY=NO_DB_ATTRIBUTE_EDITS
GEOMETRY_EDIT_POLICY=ONE_EXACT_TARGET_NET_REGULAR_FIXED_MET1_TAIL
ROUTE_OPTIMIZER_POLICY=NO_ECOROUTE_NO_ROUTEDESIGN_NO_GLOBAL_OPTIMIZER
FREE_END_TAIL_START=385.175 328.405
FREE_END_TAIL_FINISH=385.035 328.405
PRE_DRC_MARKER_RECONCILIATION_STATUS=PASS
PRE_DRC_MARKER_FRESH_DRC_TOTAL=1
PRE_DRC_MARKER_GEOMETRY_COUNT=2
PRE_DRC_MARKER_LIVE_COUNT=1
PRE_DRC_MARKER_STALE_COUNT=1
PRE_DRC_MARKER_UNMAPPED_COUNT=0
FIXED_WIRE_TAIL_STATUS=PASS
FIXED_WIRE_TAIL_EFFECT_STATUS=PASS
TARGET_WIRE_COUNT_DELTA=1
TARGET_NEW_WIRE_COUNT=1
TARGET_PREEXISTING_WIRE_STATUS=PRESERVED
TARGET_WIRE_HANDLE_STATUS=ONE_EXACT_ADDITION
TARGET_OTHER_ROUTE_OBJECT_STATUS=UNCHANGED
RESERVED_FILL_OBJECT_STATUS=UNCHANGED
N57556_LANDING_REPRESENTATION_STATUS=UNCHANGED
TARGET_VIA_FINGERPRINT_STATUS=UNCHANGED
POST_MINAREA_MARKER_COUNT=MISSING
FREE_END_TAIL_LENGTH_UM=0.14
INITIAL_DRC=1
FINAL_DRC=2
FINAL_SHORTS=0
FINAL_REGULAR_CONNECTIVITY_BAD=0
FINAL_SPECIAL_CONNECTIVITY_BAD=1
FINAL_SPECIAL_CONNECTIVITY_RAW_BAD=1
FINAL_SPECIAL_CONNECTIVITY_NON_RO_FAILURES=0
FINAL_SPECIAL_DANGLING_COUNT=15
FINAL_UNROUTED_NETS_RAW=UNKNOWN
FINAL_UNROUTED_NETS=0
FINAL_UNROUTED_NETS_SOURCE=tie1_closure_exact_special_debt_report_route_fallback
FINAL_REPORT_ROUTE_ZERO_STATUS=PASS
TIE_TARGET_COUNT=91
TIE_NET_COUNT=85
FILLER_COUNT=24856
PLACEMENT_SITE_OCCUPIED=907533
PLACEMENT_SITE_CAPACITY=907533
PLACEMENT_EDIT_POLICY=NO_INSTANCES_MOVED
ANTENNA_REPAIR_ATTEMPTED=NO
TIMING_STATUS=NOT_RUN_BY_DRC_LVS_SCOPE
CANDIDATE_CHECKPOINT=/sim/ksabra/SPADMIC_work/innovus/20260831_mptdc_tie1_minarea_freeend_v10_trial_163728/checkpoints/repaired_route.enc.dat
CANDIDATE_CHECKPOINT_SHA256=a1ece8821ae970b15fc3fbf4141c4958295367e6ff9847714dfddf0d1199dad5
CANDIDATE_CHECKPOINT_STATUS=FAIL
SIGNOFF_ELIGIBLE=NO
DECISION=FAIL_STOP
NEXT_STAGE=STOP_AND_REVIEW_PUBLISHED_EVIDENCE
