============================================================
  Generated by:           Genus(TM) Synthesis Solution 22.13-s093_1
  Generated on:           Jun 09 2026  03:33:34 pm
  Module:                 mptdc_top_asic
  Operating conditions:   typ_1_80V_25C 
  Interconnect mode:      global
  Area mode:              physical library
============================================================

Timing
--------

Analysis view         Clock         Period 
-------------------------------------------
tc_view       clk_osc_fast          1333.0 
              clk_osc_fast_buf_tap0 1333.0 
              clk_osc_fast_buf_tap1 1333.0 
              clk_osc_fast_buf_tap2 1333.0 
              clk_osc_fast_buf_tap3 1333.0 
              clk_osc_fast_buf_tap4 1333.0 
              clk_osc_fast_buf_tap5 1333.0 
              clk_osc_fast_buf_tap6 1333.0 
              clk_osc_fast_buf_tap7 1333.0 
              clk_osc_fast_tap1     1333.0 
              clk_osc_fast_tap2     1333.0 
              clk_osc_fast_tap3     1333.0 
              clk_osc_fast_tap4     1333.0 
              clk_osc_fast_tap5     1333.0 
              clk_osc_fast_tap6     1333.0 
              clk_osc_fast_tap7     1333.0 
              clk_osc_slow          1430.0 
              clk_osc_slow_buf_tap0 1430.0 
              clk_osc_slow_buf_tap1 1430.0 
              clk_osc_slow_buf_tap2 1430.0 
              clk_osc_slow_buf_tap3 1430.0 
              clk_osc_slow_buf_tap4 1430.0 
              clk_osc_slow_buf_tap5 1430.0 
              clk_osc_slow_buf_tap6 1430.0 
              clk_osc_slow_buf_tap7 1430.0 
              clk_osc_slow_tap1     1430.0 
              clk_osc_slow_tap2     1430.0 
              clk_osc_slow_tap3     1430.0 
              clk_osc_slow_tap4     1430.0 
              clk_osc_slow_tap5     1430.0 
              clk_osc_slow_tap6     1430.0 
              clk_osc_slow_tap7     1430.0 
              clk_sys               6250.0 


Analysis          Cost          Critical           Violating 
  View           Group         Path Slack   TNS      Paths   
-------------------------------------------------------------
tc_view           clk_osc_fast   No paths     0.0          0 
         clk_osc_fast_buf_tap0      -49.2  -510.2         14 
         clk_osc_fast_buf_tap1      -16.2  -276.2         57 
         clk_osc_fast_buf_tap2      -27.9  -390.9         17 
         clk_osc_fast_buf_tap3      -16.2  -269.6         56 
         clk_osc_fast_buf_tap4      -27.9  -390.6         17 
         clk_osc_fast_buf_tap5      -35.6   -66.8          9 
         clk_osc_fast_buf_tap6      -25.3  -471.6         27 
         clk_osc_fast_buf_tap7      -35.6   -66.8          9 
             clk_osc_fast_tap1   No paths     0.0          0 
             clk_osc_fast_tap2   No paths     0.0          0 
             clk_osc_fast_tap3   No paths     0.0          0 
             clk_osc_fast_tap4   No paths     0.0          0 
             clk_osc_fast_tap5   No paths     0.0          0 
             clk_osc_fast_tap6   No paths     0.0          0 
             clk_osc_fast_tap7   No paths     0.0          0 
                  clk_osc_slow   No paths     0.0          0 
         clk_osc_slow_buf_tap0      448.8     0.0          0 
         clk_osc_slow_buf_tap1   No paths     0.0          0 
         clk_osc_slow_buf_tap2   No paths     0.0          0 
         clk_osc_slow_buf_tap3   No paths     0.0          0 
         clk_osc_slow_buf_tap4   No paths     0.0          0 
         clk_osc_slow_buf_tap5   No paths     0.0          0 
         clk_osc_slow_buf_tap6   No paths     0.0          0 
         clk_osc_slow_buf_tap7   No paths     0.0          0 
             clk_osc_slow_tap1   No paths     0.0          0 
             clk_osc_slow_tap2   No paths     0.0          0 
             clk_osc_slow_tap3   No paths     0.0          0 
             clk_osc_slow_tap4   No paths     0.0          0 
             clk_osc_slow_tap5   No paths     0.0          0 
             clk_osc_slow_tap6   No paths     0.0          0 
             clk_osc_slow_tap7   No paths     0.0          0 
                       clk_sys      127.7     0.0          0 
                       default   No paths     0.0          0 
-------------------------------------------------------------
Total                                     -2442.7        206 
                                                             

Instance Count
--------------
Leaf Instance Count             17916 
Physical Instance count             0 
Sequential Instance Count        5697 
Combinational Instance Count    12219 
Hierarchical Instance Count        74 

Area
----
Cell Area                          501620.779
Physical Cell Area                 0.000
Total Cell Area (Cell+Physical)    501620.779
Net Area                           244914.074
Total Area (Cell+Physical+Net)     746534.853

Power
-----
Leakage Power                      102.039 nW
Dynamic Power                      163424836.805 nW
Total Power                        163424938.844 nW

Max Fanout                         4859 (clk_sys)
Min Fanout                         0 (local_async_rst_n)
Average Fanout                     2.8
Terms to net ratio                 3.8502
Terms to instance ratio            3.8955
Runtime                            342.1348039999999 seconds
Elapsed Runtime                    334 seconds
Genus peak memory usage            2307.12 
Innovus peak memory usage          no_value 
Hostname                           lyoelectrosrv01.in2p3.fr
