============================================================
  Generated by:           Genus(TM) Synthesis Solution 22.13-s093_1
  Generated on:           Jun 09 2026  03:33:34 pm
  Module:                 mptdc_top_asic
  Operating conditions:   typ_1_80V_25C 
  Interconnect mode:      global
  Area mode:              physical library
============================================================


Path 1: VIOLATED (-49 ps) Setup Check with Pin u_core_gen_pd_row[7].gen_pd_col[0].u_pd/nfast_hit_latched_reg[0]/C->D
           View: tc_view
          Group: clk_osc_fast_buf_tap0
     Startpoint: (R) u_core_gen_fast_tag_col[0].u_fast_tag_tag_o_reg[0]/C
          Clock: (R) clk_osc_fast_buf_tap0
       Endpoint: (F) u_core_gen_pd_row[7].gen_pd_col[0].u_pd/nfast_hit_latched_reg[0]/D
          Clock: (R) clk_osc_fast_buf_tap0

                     Capture       Launch     
        Clock Edge:+    1333            0     
       Src Latency:+       0            0     
       Net Latency:+       0 (I)        0 (I) 
           Arrival:=    1333            0     
                                              
             Setup:-     319                  
       Uncertainty:-      10                  
     Required Time:=    1004                  
      Launch Clock:-       0                  
         Data Path:-    1054                  
             Slack:=     -49                  

#--------------------------------------------------------------------------------------------------------------------------------------------
#                           Timing Point                             Flags   Arc   Edge   Cell     Fanout  Load Trans Delay Arrival Instance 
#                                                                                                          (fF)  (ps)  (ps)   (ps)  Location 
#--------------------------------------------------------------------------------------------------------------------------------------------
  u_core_gen_fast_tag_col[0].u_fast_tag_tag_o_reg[0]/C               -       -     R     (arrival)     89     -   150     0       0    (-,-) 
  u_core_gen_fast_tag_col[0].u_fast_tag_tag_o_reg[0]/Q               -       C->Q  F     DFRSHDX4      10 134.0   227   821     821    (-,-) 
  u_core_gen_pd_row[7].gen_pd_col[0].u_pd/g463/Q                     -       A->Q  R     INHDX2         1  12.7    81   109     930    (-,-) 
  u_core_gen_pd_row[7].gen_pd_col[0].u_pd/g446__1705/Q               -       B->Q  F     ON22HDX1       1   9.3   105   124    1054    (-,-) 
  u_core_gen_pd_row[7].gen_pd_col[0].u_pd/nfast_hit_latched_reg[0]/D -       -     F     DFRSQHDX1      1     -     -     0    1054    (-,-) 
#--------------------------------------------------------------------------------------------------------------------------------------------



Path 2: VIOLATED (-49 ps) Setup Check with Pin u_core_gen_pd_row[6].gen_pd_col[0].u_pd/nfast_hit_latched_reg[0]/C->D
           View: tc_view
          Group: clk_osc_fast_buf_tap0
     Startpoint: (R) u_core_gen_fast_tag_col[0].u_fast_tag_tag_o_reg[0]/C
          Clock: (R) clk_osc_fast_buf_tap0
       Endpoint: (F) u_core_gen_pd_row[6].gen_pd_col[0].u_pd/nfast_hit_latched_reg[0]/D
          Clock: (R) clk_osc_fast_buf_tap0

                     Capture       Launch     
        Clock Edge:+    1333            0     
       Src Latency:+       0            0     
       Net Latency:+       0 (I)        0 (I) 
           Arrival:=    1333            0     
                                              
             Setup:-     319                  
       Uncertainty:-      10                  
     Required Time:=    1004                  
      Launch Clock:-       0                  
         Data Path:-    1054                  
             Slack:=     -49                  

#--------------------------------------------------------------------------------------------------------------------------------------------
#                           Timing Point                             Flags   Arc   Edge   Cell     Fanout  Load Trans Delay Arrival Instance 
#                                                                                                          (fF)  (ps)  (ps)   (ps)  Location 
#--------------------------------------------------------------------------------------------------------------------------------------------
  u_core_gen_fast_tag_col[0].u_fast_tag_tag_o_reg[0]/C               -       -     R     (arrival)     89     -   150     0       0    (-,-) 
  u_core_gen_fast_tag_col[0].u_fast_tag_tag_o_reg[0]/Q               -       C->Q  F     DFRSHDX4      10 134.0   227   821     821    (-,-) 
  u_core_gen_pd_row[6].gen_pd_col[0].u_pd/g463/Q                     -       A->Q  R     INHDX2         1  12.7    81   109     930    (-,-) 
  u_core_gen_pd_row[6].gen_pd_col[0].u_pd/g446__4733/Q               -       B->Q  F     ON22HDX1       1   9.3   105   124    1054    (-,-) 
  u_core_gen_pd_row[6].gen_pd_col[0].u_pd/nfast_hit_latched_reg[0]/D -       -     F     DFRSQHDX1      1     -     -     0    1054    (-,-) 
#--------------------------------------------------------------------------------------------------------------------------------------------



Path 3: VIOLATED (-49 ps) Setup Check with Pin u_core_gen_pd_row[5].gen_pd_col[0].u_pd/nfast_hit_latched_reg[0]/C->D
           View: tc_view
          Group: clk_osc_fast_buf_tap0
     Startpoint: (R) u_core_gen_fast_tag_col[0].u_fast_tag_tag_o_reg[0]/C
          Clock: (R) clk_osc_fast_buf_tap0
       Endpoint: (F) u_core_gen_pd_row[5].gen_pd_col[0].u_pd/nfast_hit_latched_reg[0]/D
          Clock: (R) clk_osc_fast_buf_tap0

                     Capture       Launch     
        Clock Edge:+    1333            0     
       Src Latency:+       0            0     
       Net Latency:+       0 (I)        0 (I) 
           Arrival:=    1333            0     
                                              
             Setup:-     319                  
       Uncertainty:-      10                  
     Required Time:=    1004                  
      Launch Clock:-       0                  
         Data Path:-    1054                  
             Slack:=     -49                  

#--------------------------------------------------------------------------------------------------------------------------------------------
#                           Timing Point                             Flags   Arc   Edge   Cell     Fanout  Load Trans Delay Arrival Instance 
#                                                                                                          (fF)  (ps)  (ps)   (ps)  Location 
#--------------------------------------------------------------------------------------------------------------------------------------------
  u_core_gen_fast_tag_col[0].u_fast_tag_tag_o_reg[0]/C               -       -     R     (arrival)     89     -   150     0       0    (-,-) 
  u_core_gen_fast_tag_col[0].u_fast_tag_tag_o_reg[0]/Q               -       C->Q  F     DFRSHDX4      10 134.0   227   821     821    (-,-) 
  u_core_gen_pd_row[5].gen_pd_col[0].u_pd/g463/Q                     -       A->Q  R     INHDX2         1  12.7    81   109     930    (-,-) 
  u_core_gen_pd_row[5].gen_pd_col[0].u_pd/g446__6417/Q               -       B->Q  F     ON22HDX1       1   9.3   105   124    1054    (-,-) 
  u_core_gen_pd_row[5].gen_pd_col[0].u_pd/nfast_hit_latched_reg[0]/D -       -     F     DFRSQHDX1      1     -     -     0    1054    (-,-) 
#--------------------------------------------------------------------------------------------------------------------------------------------



Path 4: VIOLATED (-49 ps) Setup Check with Pin u_core_gen_pd_row[4].gen_pd_col[0].u_pd/nfast_hit_latched_reg[0]/C->D
           View: tc_view
          Group: clk_osc_fast_buf_tap0
     Startpoint: (R) u_core_gen_fast_tag_col[0].u_fast_tag_tag_o_reg[0]/C
          Clock: (R) clk_osc_fast_buf_tap0
       Endpoint: (F) u_core_gen_pd_row[4].gen_pd_col[0].u_pd/nfast_hit_latched_reg[0]/D
          Clock: (R) clk_osc_fast_buf_tap0

                     Capture       Launch     
        Clock Edge:+    1333            0     
       Src Latency:+       0            0     
       Net Latency:+       0 (I)        0 (I) 
           Arrival:=    1333            0     
                                              
             Setup:-     319                  
       Uncertainty:-      10                  
     Required Time:=    1004                  
      Launch Clock:-       0                  
         Data Path:-    1054                  
             Slack:=     -49                  

#--------------------------------------------------------------------------------------------------------------------------------------------
#                           Timing Point                             Flags   Arc   Edge   Cell     Fanout  Load Trans Delay Arrival Instance 
#                                                                                                          (fF)  (ps)  (ps)   (ps)  Location 
#--------------------------------------------------------------------------------------------------------------------------------------------
  u_core_gen_fast_tag_col[0].u_fast_tag_tag_o_reg[0]/C               -       -     R     (arrival)     89     -   150     0       0    (-,-) 
  u_core_gen_fast_tag_col[0].u_fast_tag_tag_o_reg[0]/Q               -       C->Q  F     DFRSHDX4      10 134.0   227   821     821    (-,-) 
  u_core_gen_pd_row[4].gen_pd_col[0].u_pd/g463/Q                     -       A->Q  R     INHDX2         1  12.7    81   109     930    (-,-) 
  u_core_gen_pd_row[4].gen_pd_col[0].u_pd/g446__6783/Q               -       B->Q  F     ON22HDX1       1   9.3   105   124    1054    (-,-) 
  u_core_gen_pd_row[4].gen_pd_col[0].u_pd/nfast_hit_latched_reg[0]/D -       -     F     DFRSQHDX1      1     -     -     0    1054    (-,-) 
#--------------------------------------------------------------------------------------------------------------------------------------------



Path 5: VIOLATED (-49 ps) Setup Check with Pin u_core_gen_pd_row[2].gen_pd_col[0].u_pd/nfast_hit_latched_reg[0]/C->D
           View: tc_view
          Group: clk_osc_fast_buf_tap0
     Startpoint: (R) u_core_gen_fast_tag_col[0].u_fast_tag_tag_o_reg[0]/C
          Clock: (R) clk_osc_fast_buf_tap0
       Endpoint: (F) u_core_gen_pd_row[2].gen_pd_col[0].u_pd/nfast_hit_latched_reg[0]/D
          Clock: (R) clk_osc_fast_buf_tap0

                     Capture       Launch     
        Clock Edge:+    1333            0     
       Src Latency:+       0            0     
       Net Latency:+       0 (I)        0 (I) 
           Arrival:=    1333            0     
                                              
             Setup:-     319                  
       Uncertainty:-      10                  
     Required Time:=    1004                  
      Launch Clock:-       0                  
         Data Path:-    1054                  
             Slack:=     -49                  

#--------------------------------------------------------------------------------------------------------------------------------------------
#                           Timing Point                             Flags   Arc   Edge   Cell     Fanout  Load Trans Delay Arrival Instance 
#                                                                                                          (fF)  (ps)  (ps)   (ps)  Location 
#--------------------------------------------------------------------------------------------------------------------------------------------
  u_core_gen_fast_tag_col[0].u_fast_tag_tag_o_reg[0]/C               -       -     R     (arrival)     89     -   150     0       0    (-,-) 
  u_core_gen_fast_tag_col[0].u_fast_tag_tag_o_reg[0]/Q               -       C->Q  F     DFRSHDX4      10 134.0   227   821     821    (-,-) 
  u_core_gen_pd_row[2].gen_pd_col[0].u_pd/g463/Q                     -       A->Q  R     INHDX2         1  12.7    81   109     930    (-,-) 
  u_core_gen_pd_row[2].gen_pd_col[0].u_pd/g446__2883/Q               -       B->Q  F     ON22HDX1       1   9.3   105   124    1054    (-,-) 
  u_core_gen_pd_row[2].gen_pd_col[0].u_pd/nfast_hit_latched_reg[0]/D -       -     F     DFRSQHDX1      1     -     -     0    1054    (-,-) 
#--------------------------------------------------------------------------------------------------------------------------------------------



Path 6: VIOLATED (-49 ps) Setup Check with Pin u_core_gen_pd_row[1].gen_pd_col[0].u_pd/nfast_hit_latched_reg[0]/C->D
           View: tc_view
          Group: clk_osc_fast_buf_tap0
     Startpoint: (R) u_core_gen_fast_tag_col[0].u_fast_tag_tag_o_reg[0]/C
          Clock: (R) clk_osc_fast_buf_tap0
       Endpoint: (F) u_core_gen_pd_row[1].gen_pd_col[0].u_pd/nfast_hit_latched_reg[0]/D
          Clock: (R) clk_osc_fast_buf_tap0

                     Capture       Launch     
        Clock Edge:+    1333            0     
       Src Latency:+       0            0     
       Net Latency:+       0 (I)        0 (I) 
           Arrival:=    1333            0     
                                              
             Setup:-     319                  
       Uncertainty:-      10                  
     Required Time:=    1004                  
      Launch Clock:-       0                  
         Data Path:-    1054                  
             Slack:=     -49                  

#--------------------------------------------------------------------------------------------------------------------------------------------
#                           Timing Point                             Flags   Arc   Edge   Cell     Fanout  Load Trans Delay Arrival Instance 
#                                                                                                          (fF)  (ps)  (ps)   (ps)  Location 
#--------------------------------------------------------------------------------------------------------------------------------------------
  u_core_gen_fast_tag_col[0].u_fast_tag_tag_o_reg[0]/C               -       -     R     (arrival)     89     -   150     0       0    (-,-) 
  u_core_gen_fast_tag_col[0].u_fast_tag_tag_o_reg[0]/Q               -       C->Q  F     DFRSHDX4      10 134.0   227   821     821    (-,-) 
  u_core_gen_pd_row[1].gen_pd_col[0].u_pd/g463/Q                     -       A->Q  R     INHDX2         1  12.7    81   109     930    (-,-) 
  u_core_gen_pd_row[1].gen_pd_col[0].u_pd/g446__6260/Q               -       B->Q  F     ON22HDX1       1   9.3   105   124    1054    (-,-) 
  u_core_gen_pd_row[1].gen_pd_col[0].u_pd/nfast_hit_latched_reg[0]/D -       -     F     DFRSQHDX1      1     -     -     0    1054    (-,-) 
#--------------------------------------------------------------------------------------------------------------------------------------------



Path 7: VIOLATED (-49 ps) Setup Check with Pin u_core_gen_pd_row[0].gen_pd_col[0].u_pd/nfast_hit_latched_reg[0]/C->D
           View: tc_view
          Group: clk_osc_fast_buf_tap0
     Startpoint: (R) u_core_gen_fast_tag_col[0].u_fast_tag_tag_o_reg[0]/C
          Clock: (R) clk_osc_fast_buf_tap0
       Endpoint: (F) u_core_gen_pd_row[0].gen_pd_col[0].u_pd/nfast_hit_latched_reg[0]/D
          Clock: (R) clk_osc_fast_buf_tap0

                     Capture       Launch     
        Clock Edge:+    1333            0     
       Src Latency:+       0            0     
       Net Latency:+       0 (I)        0 (I) 
           Arrival:=    1333            0     
                                              
             Setup:-     319                  
       Uncertainty:-      10                  
     Required Time:=    1004                  
      Launch Clock:-       0                  
         Data Path:-    1054                  
             Slack:=     -49                  

#--------------------------------------------------------------------------------------------------------------------------------------------
#                           Timing Point                             Flags   Arc   Edge   Cell     Fanout  Load Trans Delay Arrival Instance 
#                                                                                                          (fF)  (ps)  (ps)   (ps)  Location 
#--------------------------------------------------------------------------------------------------------------------------------------------
  u_core_gen_fast_tag_col[0].u_fast_tag_tag_o_reg[0]/C               -       -     R     (arrival)     89     -   150     0       0    (-,-) 
  u_core_gen_fast_tag_col[0].u_fast_tag_tag_o_reg[0]/Q               -       C->Q  F     DFRSHDX4      10 134.0   227   821     821    (-,-) 
  u_core_gen_pd_row[0].gen_pd_col[0].u_pd/g463/Q                     -       A->Q  R     INHDX2         1  12.7    81   109     930    (-,-) 
  u_core_gen_pd_row[0].gen_pd_col[0].u_pd/g446__1705/Q               -       B->Q  F     ON22HDX1       1   9.3   105   124    1054    (-,-) 
  u_core_gen_pd_row[0].gen_pd_col[0].u_pd/nfast_hit_latched_reg[0]/D -       -     F     DFRSQHDX1      1     -     -     0    1054    (-,-) 
#--------------------------------------------------------------------------------------------------------------------------------------------



Path 8: VIOLATED (-44 ps) Setup Check with Pin u_core_gen_fast_tag_col[0].u_fast_tag_tag_o_reg[0]/C->D
           View: tc_view
          Group: clk_osc_fast_buf_tap0
     Startpoint: (R) u_core_gen_fast_tag_col[0].u_fast_tag_tag_o_reg[6]/C
          Clock: (R) clk_osc_fast_buf_tap0
       Endpoint: (F) u_core_gen_fast_tag_col[0].u_fast_tag_tag_o_reg[0]/D
          Clock: (R) clk_osc_fast_buf_tap0

                     Capture       Launch     
        Clock Edge:+    1333            0     
       Src Latency:+       0            0     
       Net Latency:+       0 (I)        0 (I) 
           Arrival:=    1333            0     
                                              
             Setup:-     313                  
       Uncertainty:-      10                  
     Required Time:=    1010                  
      Launch Clock:-       0                  
         Data Path:-    1054                  
             Slack:=     -44                  

#-----------------------------------------------------------------------------------------------------------------------------
#                    Timing Point                      Flags   Arc   Edge   Cell     Fanout Load Trans Delay Arrival Instance 
#                                                                                           (fF)  (ps)  (ps)   (ps)  Location 
#-----------------------------------------------------------------------------------------------------------------------------
  u_core_gen_fast_tag_col[0].u_fast_tag_tag_o_reg[6]/C -       -     R     (arrival)     89    -   150     0       0    (-,-) 
  u_core_gen_fast_tag_col[0].u_fast_tag_tag_o_reg[6]/Q -       C->Q  F     DFRRQHDX1      1 19.3   134   542     542    (-,-) 
  g44756/Q                                             -       A->Q  F     BUHDX4        10 90.4   111   232     774    (-,-) 
  g83260/Q                                             -       B->Q  F     EO2HDX0        1  9.3   151   280    1054    (-,-) 
  u_core_gen_fast_tag_col[0].u_fast_tag_tag_o_reg[0]/D -       -     F     DFRSHDX4       1    -     -     0    1054    (-,-) 
#-----------------------------------------------------------------------------------------------------------------------------



Path 9: VIOLATED (-42 ps) Setup Check with Pin u_core_gen_pd_row[3].gen_pd_col[0].u_pd/nfast_hit_latched_reg[0]/C->D
           View: tc_view
          Group: clk_osc_fast_buf_tap0
     Startpoint: (R) u_core_gen_fast_tag_col[0].u_fast_tag_tag_o_reg[0]/C
          Clock: (R) clk_osc_fast_buf_tap0
       Endpoint: (F) u_core_gen_pd_row[3].gen_pd_col[0].u_pd/nfast_hit_latched_reg[0]/D
          Clock: (R) clk_osc_fast_buf_tap0

                     Capture       Launch     
        Clock Edge:+    1333            0     
       Src Latency:+       0            0     
       Net Latency:+       0 (I)        0 (I) 
           Arrival:=    1333            0     
                                              
             Setup:-     324                  
       Uncertainty:-      10                  
     Required Time:=     998                  
      Launch Clock:-       0                  
         Data Path:-    1041                  
             Slack:=     -42                  

#--------------------------------------------------------------------------------------------------------------------------------------------
#                           Timing Point                             Flags   Arc   Edge   Cell     Fanout  Load Trans Delay Arrival Instance 
#                                                                                                          (fF)  (ps)  (ps)   (ps)  Location 
#--------------------------------------------------------------------------------------------------------------------------------------------
  u_core_gen_fast_tag_col[0].u_fast_tag_tag_o_reg[0]/C               -       -     R     (arrival)     89     -   150     0       0    (-,-) 
  u_core_gen_fast_tag_col[0].u_fast_tag_tag_o_reg[0]/Q               -       C->Q  F     DFRSHDX4      10 134.0   227   821     821    (-,-) 
  u_core_gen_pd_row[3].gen_pd_col[0].u_pd/g459/Q                     -       A->Q  R     INHDX2         1  13.4    83   111     932    (-,-) 
  u_core_gen_pd_row[3].gen_pd_col[0].u_pd/g446__6131/Q               -       A->Q  F     ON22HDX1       1   9.3   127   109    1041    (-,-) 
  u_core_gen_pd_row[3].gen_pd_col[0].u_pd/nfast_hit_latched_reg[0]/D -       -     F     DFRSQHDX1      1     -     -     0    1041    (-,-) 
#--------------------------------------------------------------------------------------------------------------------------------------------



Path 10: VIOLATED (-36 ps) Setup Check with Pin u_core_gen_fast_tag_col[7].u_fast_tag_tag_o_reg[0]/C->D
           View: tc_view
          Group: clk_osc_fast_buf_tap7
     Startpoint: (R) u_core_gen_fast_tag_col[7].u_fast_tag_tag_o_reg[5]/C
          Clock: (R) clk_osc_fast_buf_tap7
       Endpoint: (F) u_core_gen_fast_tag_col[7].u_fast_tag_tag_o_reg[0]/D
          Clock: (R) clk_osc_fast_buf_tap7

                     Capture       Launch     
        Clock Edge:+    2110          777     
       Src Latency:+       0            0     
       Net Latency:+       0 (I)        0 (I) 
           Arrival:=    2110          777     
                                              
             Setup:-     324                  
       Uncertainty:-      10                  
     Required Time:=    1776                  
      Launch Clock:-     777                  
         Data Path:-    1035                  
             Slack:=     -36                  

#------------------------------------------------------------------------------------------------------------------------------
#                    Timing Point                      Flags   Arc   Edge   Cell     Fanout  Load Trans Delay Arrival Instance 
#                                                                                            (fF)  (ps)  (ps)   (ps)  Location 
#------------------------------------------------------------------------------------------------------------------------------
  u_core_gen_fast_tag_col[7].u_fast_tag_tag_o_reg[5]/C -       -     R     (arrival)     87     -   150     0     777    (-,-) 
  u_core_gen_fast_tag_col[7].u_fast_tag_tag_o_reg[5]/Q -       C->Q  F     DFRRQHDX2     11 100.6   239   772    1549    (-,-) 
  g81990/Q                                             -       A->Q  R     INHDX2         1   9.6    74   101    1650    (-,-) 
  g81451/Q                                             -       B->Q  F     ON22HDX0       1   9.3   162   162    1812    (-,-) 
  u_core_gen_fast_tag_col[7].u_fast_tag_tag_o_reg[0]/D -       -     F     DFRSQHDX2      1     -     -     0    1812    (-,-) 
#------------------------------------------------------------------------------------------------------------------------------



Path 11: VIOLATED (-36 ps) Setup Check with Pin u_core_gen_fast_tag_col[5].u_fast_tag_tag_o_reg[0]/C->D
           View: tc_view
          Group: clk_osc_fast_buf_tap5
     Startpoint: (R) u_core_gen_fast_tag_col[5].u_fast_tag_tag_o_reg[5]/C
          Clock: (R) clk_osc_fast_buf_tap5
       Endpoint: (F) u_core_gen_fast_tag_col[5].u_fast_tag_tag_o_reg[0]/D
          Clock: (R) clk_osc_fast_buf_tap5

                     Capture       Launch     
        Clock Edge:+    1888          555     
       Src Latency:+       0            0     
       Net Latency:+       0 (I)        0 (I) 
           Arrival:=    1888          555     
                                              
             Setup:-     324                  
       Uncertainty:-      10                  
     Required Time:=    1554                  
      Launch Clock:-     555                  
         Data Path:-    1035                  
             Slack:=     -36                  

#------------------------------------------------------------------------------------------------------------------------------
#                    Timing Point                      Flags   Arc   Edge   Cell     Fanout  Load Trans Delay Arrival Instance 
#                                                                                            (fF)  (ps)  (ps)   (ps)  Location 
#------------------------------------------------------------------------------------------------------------------------------
  u_core_gen_fast_tag_col[5].u_fast_tag_tag_o_reg[5]/C -       -     R     (arrival)     87     -   150     0     555    (-,-) 
  u_core_gen_fast_tag_col[5].u_fast_tag_tag_o_reg[5]/Q -       C->Q  F     DFRRQHDX2     11 100.6   239   772    1327    (-,-) 
  g81988/Q                                             -       A->Q  R     INHDX2         1   9.6    74   101    1428    (-,-) 
  g81452/Q                                             -       B->Q  F     ON22HDX0       1   9.3   162   162    1590    (-,-) 
  u_core_gen_fast_tag_col[5].u_fast_tag_tag_o_reg[0]/D -       -     F     DFRSQHDX2      1     -     -     0    1590    (-,-) 
#------------------------------------------------------------------------------------------------------------------------------



Path 12: VIOLATED (-28 ps) Setup Check with Pin u_core_gen_fast_tag_col[2].u_fast_tag_tag_o_reg[0]/C->D
           View: tc_view
          Group: clk_osc_fast_buf_tap2
     Startpoint: (R) u_core_gen_fast_tag_col[2].u_fast_tag_tag_o_reg[5]/C
          Clock: (R) clk_osc_fast_buf_tap2
       Endpoint: (F) u_core_gen_fast_tag_col[2].u_fast_tag_tag_o_reg[0]/D
          Clock: (R) clk_osc_fast_buf_tap2

                     Capture       Launch     
        Clock Edge:+    1555          222     
       Src Latency:+       0            0     
       Net Latency:+       0 (I)        0 (I) 
           Arrival:=    1555          222     
                                              
             Setup:-     316                  
       Uncertainty:-      10                  
     Required Time:=    1229                  
      Launch Clock:-     222                  
         Data Path:-    1035                  
             Slack:=     -28                  

#------------------------------------------------------------------------------------------------------------------------------
#                    Timing Point                      Flags   Arc   Edge   Cell     Fanout  Load Trans Delay Arrival Instance 
#                                                                                            (fF)  (ps)  (ps)   (ps)  Location 
#------------------------------------------------------------------------------------------------------------------------------
  u_core_gen_fast_tag_col[2].u_fast_tag_tag_o_reg[5]/C -       -     R     (arrival)     87     -   150     0     222    (-,-) 
  u_core_gen_fast_tag_col[2].u_fast_tag_tag_o_reg[5]/Q -       C->Q  F     DFRRQHDX2     11 100.6   239   772     994    (-,-) 
  g82001/Q                                             -       A->Q  R     INHDX2         1   9.6    74   101    1095    (-,-) 
  g81454/Q                                             -       B->Q  F     ON22HDX0       1   9.3   162   162    1257    (-,-) 
  u_core_gen_fast_tag_col[2].u_fast_tag_tag_o_reg[0]/D -       -     F     DFRSHDX4       1     -     -     0    1257    (-,-) 
#------------------------------------------------------------------------------------------------------------------------------



Path 13: VIOLATED (-28 ps) Setup Check with Pin u_core_gen_pd_row[7].gen_pd_col[4].u_pd/nfast_hit_latched_reg[5]/C->D
           View: tc_view
          Group: clk_osc_fast_buf_tap4
     Startpoint: (R) u_core_gen_fast_tag_col[4].u_fast_tag_tag_o_reg[5]/C
          Clock: (R) clk_osc_fast_buf_tap4
       Endpoint: (F) u_core_gen_pd_row[7].gen_pd_col[4].u_pd/nfast_hit_latched_reg[5]/D
          Clock: (R) clk_osc_fast_buf_tap4

                     Capture       Launch     
        Clock Edge:+    1777          444     
       Src Latency:+       0            0     
       Net Latency:+       0 (I)        0 (I) 
           Arrival:=    1777          444     
                                              
             Setup:-     278                  
       Uncertainty:-      10                  
     Required Time:=    1489                  
      Launch Clock:-     444                  
         Data Path:-    1073                  
             Slack:=     -28                  

#--------------------------------------------------------------------------------------------------------------------------------------------
#                           Timing Point                             Flags   Arc   Edge   Cell     Fanout  Load Trans Delay Arrival Instance 
#                                                                                                          (fF)  (ps)  (ps)   (ps)  Location 
#--------------------------------------------------------------------------------------------------------------------------------------------
  u_core_gen_fast_tag_col[4].u_fast_tag_tag_o_reg[5]/C               -       -     R     (arrival)     87     -   150     0     444    (-,-) 
  u_core_gen_fast_tag_col[4].u_fast_tag_tag_o_reg[5]/Q               -       C->Q  F     DFRRQHDX2     11 100.6   239   772    1216    (-,-) 
  u_core_gen_pd_row[7].gen_pd_col[4].u_pd/g450/Q                     -       A->Q  R     INHDX1         1  10.1   109   142    1358    (-,-) 
  u_core_gen_pd_row[7].gen_pd_col[4].u_pd/g442__6260/Q               -       A->Q  F     ON22HDX0       1   9.3   156   159    1517    (-,-) 
  u_core_gen_pd_row[7].gen_pd_col[4].u_pd/nfast_hit_latched_reg[5]/D -       -     F     DFRHDX2        1     -     -     0    1517    (-,-) 
#--------------------------------------------------------------------------------------------------------------------------------------------



Path 14: VIOLATED (-28 ps) Setup Check with Pin u_core_gen_pd_row[7].gen_pd_col[2].u_pd/nfast_hit_latched_reg[5]/C->D
           View: tc_view
          Group: clk_osc_fast_buf_tap2
     Startpoint: (R) u_core_gen_fast_tag_col[2].u_fast_tag_tag_o_reg[5]/C
          Clock: (R) clk_osc_fast_buf_tap2
       Endpoint: (F) u_core_gen_pd_row[7].gen_pd_col[2].u_pd/nfast_hit_latched_reg[5]/D
          Clock: (R) clk_osc_fast_buf_tap2

                     Capture       Launch     
        Clock Edge:+    1555          222     
       Src Latency:+       0            0     
       Net Latency:+       0 (I)        0 (I) 
           Arrival:=    1555          222     
                                              
             Setup:-     278                  
       Uncertainty:-      10                  
     Required Time:=    1267                  
      Launch Clock:-     222                  
         Data Path:-    1073                  
             Slack:=     -28                  

#--------------------------------------------------------------------------------------------------------------------------------------------
#                           Timing Point                             Flags   Arc   Edge   Cell     Fanout  Load Trans Delay Arrival Instance 
#                                                                                                          (fF)  (ps)  (ps)   (ps)  Location 
#--------------------------------------------------------------------------------------------------------------------------------------------
  u_core_gen_fast_tag_col[2].u_fast_tag_tag_o_reg[5]/C               -       -     R     (arrival)     87     -   150     0     222    (-,-) 
  u_core_gen_fast_tag_col[2].u_fast_tag_tag_o_reg[5]/Q               -       C->Q  F     DFRRQHDX2     11 100.6   239   772     994    (-,-) 
  u_core_gen_pd_row[7].gen_pd_col[2].u_pd/g450/Q                     -       A->Q  R     INHDX1         1  10.1   109   142    1136    (-,-) 
  u_core_gen_pd_row[7].gen_pd_col[2].u_pd/g442__8428/Q               -       A->Q  F     ON22HDX0       1   9.3   156   159    1295    (-,-) 
  u_core_gen_pd_row[7].gen_pd_col[2].u_pd/nfast_hit_latched_reg[5]/D -       -     F     DFRHDX2        1     -     -     0    1295    (-,-) 
#--------------------------------------------------------------------------------------------------------------------------------------------



Path 15: VIOLATED (-28 ps) Setup Check with Pin u_core_gen_pd_row[6].gen_pd_col[4].u_pd/nfast_hit_latched_reg[5]/C->D
           View: tc_view
          Group: clk_osc_fast_buf_tap4
     Startpoint: (R) u_core_gen_fast_tag_col[4].u_fast_tag_tag_o_reg[5]/C
          Clock: (R) clk_osc_fast_buf_tap4
       Endpoint: (F) u_core_gen_pd_row[6].gen_pd_col[4].u_pd/nfast_hit_latched_reg[5]/D
          Clock: (R) clk_osc_fast_buf_tap4

                     Capture       Launch     
        Clock Edge:+    1777          444     
       Src Latency:+       0            0     
       Net Latency:+       0 (I)        0 (I) 
           Arrival:=    1777          444     
                                              
             Setup:-     278                  
       Uncertainty:-      10                  
     Required Time:=    1489                  
      Launch Clock:-     444                  
         Data Path:-    1073                  
             Slack:=     -28                  

#--------------------------------------------------------------------------------------------------------------------------------------------
#                           Timing Point                             Flags   Arc   Edge   Cell     Fanout  Load Trans Delay Arrival Instance 
#                                                                                                          (fF)  (ps)  (ps)   (ps)  Location 
#--------------------------------------------------------------------------------------------------------------------------------------------
  u_core_gen_fast_tag_col[4].u_fast_tag_tag_o_reg[5]/C               -       -     R     (arrival)     87     -   150     0     444    (-,-) 
  u_core_gen_fast_tag_col[4].u_fast_tag_tag_o_reg[5]/Q               -       C->Q  F     DFRRQHDX2     11 100.6   239   772    1216    (-,-) 
  u_core_gen_pd_row[6].gen_pd_col[4].u_pd/g450/Q                     -       A->Q  R     INHDX1         1  10.1   109   142    1358    (-,-) 
  u_core_gen_pd_row[6].gen_pd_col[4].u_pd/g442__1705/Q               -       A->Q  F     ON22HDX0       1   9.3   156   159    1517    (-,-) 
  u_core_gen_pd_row[6].gen_pd_col[4].u_pd/nfast_hit_latched_reg[5]/D -       -     F     DFRHDX2        1     -     -     0    1517    (-,-) 
#--------------------------------------------------------------------------------------------------------------------------------------------



Path 16: VIOLATED (-28 ps) Setup Check with Pin u_core_gen_pd_row[6].gen_pd_col[2].u_pd/nfast_hit_latched_reg[5]/C->D
           View: tc_view
          Group: clk_osc_fast_buf_tap2
     Startpoint: (R) u_core_gen_fast_tag_col[2].u_fast_tag_tag_o_reg[5]/C
          Clock: (R) clk_osc_fast_buf_tap2
       Endpoint: (F) u_core_gen_pd_row[6].gen_pd_col[2].u_pd/nfast_hit_latched_reg[5]/D
          Clock: (R) clk_osc_fast_buf_tap2

                     Capture       Launch     
        Clock Edge:+    1555          222     
       Src Latency:+       0            0     
       Net Latency:+       0 (I)        0 (I) 
           Arrival:=    1555          222     
                                              
             Setup:-     278                  
       Uncertainty:-      10                  
     Required Time:=    1267                  
      Launch Clock:-     222                  
         Data Path:-    1073                  
             Slack:=     -28                  

#--------------------------------------------------------------------------------------------------------------------------------------------
#                           Timing Point                             Flags   Arc   Edge   Cell     Fanout  Load Trans Delay Arrival Instance 
#                                                                                                          (fF)  (ps)  (ps)   (ps)  Location 
#--------------------------------------------------------------------------------------------------------------------------------------------
  u_core_gen_fast_tag_col[2].u_fast_tag_tag_o_reg[5]/C               -       -     R     (arrival)     87     -   150     0     222    (-,-) 
  u_core_gen_fast_tag_col[2].u_fast_tag_tag_o_reg[5]/Q               -       C->Q  F     DFRRQHDX2     11 100.6   239   772     994    (-,-) 
  u_core_gen_pd_row[6].gen_pd_col[2].u_pd/g450/Q                     -       A->Q  R     INHDX1         1  10.1   109   142    1136    (-,-) 
  u_core_gen_pd_row[6].gen_pd_col[2].u_pd/g442__8246/Q               -       A->Q  F     ON22HDX0       1   9.3   156   159    1295    (-,-) 
  u_core_gen_pd_row[6].gen_pd_col[2].u_pd/nfast_hit_latched_reg[5]/D -       -     F     DFRHDX2        1     -     -     0    1295    (-,-) 
#--------------------------------------------------------------------------------------------------------------------------------------------



Path 17: VIOLATED (-28 ps) Setup Check with Pin u_core_gen_pd_row[5].gen_pd_col[4].u_pd/nfast_hit_latched_reg[5]/C->D
           View: tc_view
          Group: clk_osc_fast_buf_tap4
     Startpoint: (R) u_core_gen_fast_tag_col[4].u_fast_tag_tag_o_reg[5]/C
          Clock: (R) clk_osc_fast_buf_tap4
       Endpoint: (F) u_core_gen_pd_row[5].gen_pd_col[4].u_pd/nfast_hit_latched_reg[5]/D
          Clock: (R) clk_osc_fast_buf_tap4

                     Capture       Launch     
        Clock Edge:+    1777          444     
       Src Latency:+       0            0     
       Net Latency:+       0 (I)        0 (I) 
           Arrival:=    1777          444     
                                              
             Setup:-     278                  
       Uncertainty:-      10                  
     Required Time:=    1489                  
      Launch Clock:-     444                  
         Data Path:-    1073                  
             Slack:=     -28                  

#--------------------------------------------------------------------------------------------------------------------------------------------
#                           Timing Point                             Flags   Arc   Edge   Cell     Fanout  Load Trans Delay Arrival Instance 
#                                                                                                          (fF)  (ps)  (ps)   (ps)  Location 
#--------------------------------------------------------------------------------------------------------------------------------------------
  u_core_gen_fast_tag_col[4].u_fast_tag_tag_o_reg[5]/C               -       -     R     (arrival)     87     -   150     0     444    (-,-) 
  u_core_gen_fast_tag_col[4].u_fast_tag_tag_o_reg[5]/Q               -       C->Q  F     DFRRQHDX2     11 100.6   239   772    1216    (-,-) 
  u_core_gen_pd_row[5].gen_pd_col[4].u_pd/g450/Q                     -       A->Q  R     INHDX1         1  10.1   109   142    1358    (-,-) 
  u_core_gen_pd_row[5].gen_pd_col[4].u_pd/g442__4733/Q               -       A->Q  F     ON22HDX0       1   9.3   156   159    1517    (-,-) 
  u_core_gen_pd_row[5].gen_pd_col[4].u_pd/nfast_hit_latched_reg[5]/D -       -     F     DFRHDX2        1     -     -     0    1517    (-,-) 
#--------------------------------------------------------------------------------------------------------------------------------------------



Path 18: VIOLATED (-28 ps) Setup Check with Pin u_core_gen_pd_row[5].gen_pd_col[2].u_pd/nfast_hit_latched_reg[5]/C->D
           View: tc_view
          Group: clk_osc_fast_buf_tap2
     Startpoint: (R) u_core_gen_fast_tag_col[2].u_fast_tag_tag_o_reg[5]/C
          Clock: (R) clk_osc_fast_buf_tap2
       Endpoint: (F) u_core_gen_pd_row[5].gen_pd_col[2].u_pd/nfast_hit_latched_reg[5]/D
          Clock: (R) clk_osc_fast_buf_tap2

                     Capture       Launch     
        Clock Edge:+    1555          222     
       Src Latency:+       0            0     
       Net Latency:+       0 (I)        0 (I) 
           Arrival:=    1555          222     
                                              
             Setup:-     278                  
       Uncertainty:-      10                  
     Required Time:=    1267                  
      Launch Clock:-     222                  
         Data Path:-    1073                  
             Slack:=     -28                  

#--------------------------------------------------------------------------------------------------------------------------------------------
#                           Timing Point                             Flags   Arc   Edge   Cell     Fanout  Load Trans Delay Arrival Instance 
#                                                                                                          (fF)  (ps)  (ps)   (ps)  Location 
#--------------------------------------------------------------------------------------------------------------------------------------------
  u_core_gen_fast_tag_col[2].u_fast_tag_tag_o_reg[5]/C               -       -     R     (arrival)     87     -   150     0     222    (-,-) 
  u_core_gen_fast_tag_col[2].u_fast_tag_tag_o_reg[5]/Q               -       C->Q  F     DFRRQHDX2     11 100.6   239   772     994    (-,-) 
  u_core_gen_pd_row[5].gen_pd_col[2].u_pd/g450/Q                     -       A->Q  R     INHDX1         1  10.1   109   142    1136    (-,-) 
  u_core_gen_pd_row[5].gen_pd_col[2].u_pd/g442__9315/Q               -       A->Q  F     ON22HDX0       1   9.3   156   159    1295    (-,-) 
  u_core_gen_pd_row[5].gen_pd_col[2].u_pd/nfast_hit_latched_reg[5]/D -       -     F     DFRHDX2        1     -     -     0    1295    (-,-) 
#--------------------------------------------------------------------------------------------------------------------------------------------



Path 19: VIOLATED (-28 ps) Setup Check with Pin u_core_gen_pd_row[4].gen_pd_col[4].u_pd/nfast_hit_latched_reg[5]/C->D
           View: tc_view
          Group: clk_osc_fast_buf_tap4
     Startpoint: (R) u_core_gen_fast_tag_col[4].u_fast_tag_tag_o_reg[5]/C
          Clock: (R) clk_osc_fast_buf_tap4
       Endpoint: (F) u_core_gen_pd_row[4].gen_pd_col[4].u_pd/nfast_hit_latched_reg[5]/D
          Clock: (R) clk_osc_fast_buf_tap4

                     Capture       Launch     
        Clock Edge:+    1777          444     
       Src Latency:+       0            0     
       Net Latency:+       0 (I)        0 (I) 
           Arrival:=    1777          444     
                                              
             Setup:-     278                  
       Uncertainty:-      10                  
     Required Time:=    1489                  
      Launch Clock:-     444                  
         Data Path:-    1073                  
             Slack:=     -28                  

#--------------------------------------------------------------------------------------------------------------------------------------------
#                           Timing Point                             Flags   Arc   Edge   Cell     Fanout  Load Trans Delay Arrival Instance 
#                                                                                                          (fF)  (ps)  (ps)   (ps)  Location 
#--------------------------------------------------------------------------------------------------------------------------------------------
  u_core_gen_fast_tag_col[4].u_fast_tag_tag_o_reg[5]/C               -       -     R     (arrival)     87     -   150     0     444    (-,-) 
  u_core_gen_fast_tag_col[4].u_fast_tag_tag_o_reg[5]/Q               -       C->Q  F     DFRRQHDX2     11 100.6   239   772    1216    (-,-) 
  u_core_gen_pd_row[4].gen_pd_col[4].u_pd/g450/Q                     -       A->Q  R     INHDX1         1  10.1   109   142    1358    (-,-) 
  u_core_gen_pd_row[4].gen_pd_col[4].u_pd/g442__6417/Q               -       A->Q  F     ON22HDX0       1   9.3   156   159    1517    (-,-) 
  u_core_gen_pd_row[4].gen_pd_col[4].u_pd/nfast_hit_latched_reg[5]/D -       -     F     DFRHDX2        1     -     -     0    1517    (-,-) 
#--------------------------------------------------------------------------------------------------------------------------------------------



Path 20: VIOLATED (-28 ps) Setup Check with Pin u_core_gen_pd_row[4].gen_pd_col[2].u_pd/nfast_hit_latched_reg[5]/C->D
           View: tc_view
          Group: clk_osc_fast_buf_tap2
     Startpoint: (R) u_core_gen_fast_tag_col[2].u_fast_tag_tag_o_reg[5]/C
          Clock: (R) clk_osc_fast_buf_tap2
       Endpoint: (F) u_core_gen_pd_row[4].gen_pd_col[2].u_pd/nfast_hit_latched_reg[5]/D
          Clock: (R) clk_osc_fast_buf_tap2

                     Capture       Launch     
        Clock Edge:+    1555          222     
       Src Latency:+       0            0     
       Net Latency:+       0 (I)        0 (I) 
           Arrival:=    1555          222     
                                              
             Setup:-     278                  
       Uncertainty:-      10                  
     Required Time:=    1267                  
      Launch Clock:-     222                  
         Data Path:-    1073                  
             Slack:=     -28                  

#--------------------------------------------------------------------------------------------------------------------------------------------
#                           Timing Point                             Flags   Arc   Edge   Cell     Fanout  Load Trans Delay Arrival Instance 
#                                                                                                          (fF)  (ps)  (ps)   (ps)  Location 
#--------------------------------------------------------------------------------------------------------------------------------------------
  u_core_gen_fast_tag_col[2].u_fast_tag_tag_o_reg[5]/C               -       -     R     (arrival)     87     -   150     0     222    (-,-) 
  u_core_gen_fast_tag_col[2].u_fast_tag_tag_o_reg[5]/Q               -       C->Q  F     DFRRQHDX2     11 100.6   239   772     994    (-,-) 
  u_core_gen_pd_row[4].gen_pd_col[2].u_pd/g450/Q                     -       A->Q  R     INHDX1         1  10.1   109   142    1136    (-,-) 
  u_core_gen_pd_row[4].gen_pd_col[2].u_pd/g442__2398/Q               -       A->Q  F     ON22HDX0       1   9.3   156   159    1295    (-,-) 
  u_core_gen_pd_row[4].gen_pd_col[2].u_pd/nfast_hit_latched_reg[5]/D -       -     F     DFRHDX2        1     -     -     0    1295    (-,-) 
#--------------------------------------------------------------------------------------------------------------------------------------------


