STEP=ROUTE_MIN_AREA_PATCH_TRIAL
SOURCE_PNR_RUN_ID=20260825_mptdc_bufftap0_halo10_physical_130313
SOURCE_PATCH_TRIAL_RUN_ID=NONE
SOURCE_CHECKPOINT=/sim/ksabra/SPADMIC_work/innovus/20260825_mptdc_bufftap0_halo10_physical_130313/checkpoints/04_route_failed.enc.dat
REPAIR_RC=0
PATCH_STAGE_MODE=trial
REPAIR_METHOD=CALIBRATED_TWO_STUB_REGULAR_MET1_V6R
REPAIR_STUB_POLICY=u_core_n_57960:MET1:363.72,358.12->364.56,358.12;u_core_n_57556:MET1:385.56,328.44->384.30,328.44;width=0.28
TARGET_VIA_POLICY=u_core_n_57960:VIA1_o@363.72,358.12;u_core_n_57556:VIA1_o@385.56,328.44
VIA_EDIT_POLICY=NO_EXPLICIT_VIA_COMMANDS_TOOL_CANONICALIZATION_AUDITED
PG_EDIT_POLICY=NO_PG_SHAPES_MODIFIED
PLACEMENT_EDIT_POLICY=NO_INSTANCES_MOVED
COMMAND_1_STATUS=FAIL
COMMAND_2_STATUS=MISSING
MANUAL_ECO_STATUS=FAIL
MANUAL_ECO_REPORT=/sim/ksabra/SPADMIC_work/innovus/20260826_mptdc_bufftap0_route_minarea_patch_trial_v6r_180659/reports/min_area_landing_patch_v6r.rpt
MANUAL_PRE_DRC=2
MANUAL_PRE_SHORTS=0
CALIBRATION_SOURCE=V1_0.84UM_EXTENSION_GAINED_0.0713UM2
CALCULATED_EXTRA_LENGTH_UM=0.2863
SELECTED_EXTRA_LENGTH_UM=0.42
SELECTED_TOTAL_EXTENSION_UM=1.26
PREDICTED_AREA_UM2=0.21335
PREDICTED_AREA_MARGIN_UM2=0.01135
CALIBRATED_STUB_STATUS=MISSING
CALIBRATED_STUB_NET=MISSING
CALIBRATED_STUB_LAYER=MISSING
CALIBRATED_STUB_WIDTH=MISSING
CALIBRATED_STUB_START=MISSING
CALIBRATED_STUB_END=MISSING
CALIBRATED_STUB_POST_COVERAGE_STATUS=FAIL
TARGET_SPECIAL_OBJECT_STATUS=MISSING
TARGET_REGULAR_OBJECT_STATUS=MISSING
RESERVED_FILL_OBJECT_STATUS=MISSING
POST_MINAREA_MARKER_COUNT=MISSING
MANUAL_POST_DRC=MISSING
MANUAL_POST_SHORTS=MISSING
INITIAL_DRC=2
INITIAL_SHORTS=0
INITIAL_REGULAR_CONNECTIVITY_BAD=0
INITIAL_SPECIAL_CONNECTIVITY_BAD=1
INITIAL_SPECIAL_CONNECTIVITY_RAW_BAD=1
INITIAL_SPECIAL_CONNECTIVITY_NON_RO_FAILURES=0
INITIAL_SPECIAL_DANGLING_COUNT=15
FINAL_DRC=1
FINAL_SHORTS=0
FINAL_REGULAR_CONNECTIVITY_BAD=0
FINAL_SPECIAL_CONNECTIVITY_BAD=1
FINAL_SPECIAL_CONNECTIVITY_RAW_BAD=1
FINAL_SPECIAL_CONNECTIVITY_NON_RO_FAILURES=0
FINAL_SPECIAL_DANGLING_COUNT=15
FINAL_UNROUTED_NETS_RAW=UNKNOWN
FINAL_UNROUTED_NETS=0
FINAL_UNROUTED_NETS_SOURCE=connectivity_clean_exact_pg_fingerprint_report_route_fallback
FINAL_REPORT_ROUTE_ZERO_STATUS=PASS
FINAL_ROUTE_GATE_PASS=0
CHECKPOINT_REPAIR_STATUS=FAIL_COMMAND
FINAL_CHECKPOINT_DAT_EXISTS=1
SPECIAL_SIGNATURE_STATUS=PASS
SETUP_STATUS_TC=MISSING
TC_HOLD_STATUS=MISSING
DRV_STATUS=MISSING
POWER_REPORT_CAPTURE_STATUS=MISSING
TIMING_GATE_STATUS=NOT_RUN_PROOF_ONLY
ro_slow_tap0_o_COUNT=1
ro_fast_tap0_o_COUNT=1
RO_TAP_OBSERVABILITY_PIN_COUNT=2
PATCH_TRIAL_GATE_MODE=FAIL
DECISION=FAIL_STOP
