============================================================
  Generated by:           Genus(TM) Synthesis Solution 22.13-s093_1
  Generated on:           Jun 02 2026  11:02:27 am
  Module:                 mptdc_top_asic
  Operating conditions:   slow_1_62V_125C 
  Interconnect mode:      global
  Area mode:              physical library
============================================================

Timing
--------

Analysis view       Clock       Period 
---------------------------------------
wc_view       clk_osc_fast      1567.0 
              clk_osc_fast_tap1 1567.0 
              clk_osc_fast_tap2 1567.0 
              clk_osc_fast_tap3 1567.0 
              clk_osc_fast_tap4 1567.0 
              clk_osc_fast_tap5 1567.0 
              clk_osc_fast_tap6 1567.0 
              clk_osc_fast_tap7 1567.0 
              clk_osc_slow      1667.0 
              clk_osc_slow_tap1 1667.0 
              clk_osc_slow_tap2 1667.0 
              clk_osc_slow_tap3 1667.0 
              clk_osc_slow_tap4 1667.0 
              clk_osc_slow_tap5 1667.0 
              clk_osc_slow_tap6 1667.0 
              clk_osc_slow_tap7 1667.0 
              clk_sys           6250.0 


Analysis        Cost        Critical             Violating 
  View         Group       Path Slack    TNS       Paths   
-----------------------------------------------------------
wc_view       clk_osc_fast    -1330.4  -97891.8         88 
         clk_osc_fast_tap1    -1331.7  -98051.3         87 
         clk_osc_fast_tap2    -1331.7  -98051.2         87 
         clk_osc_fast_tap3    -1331.7  -98074.5         87 
         clk_osc_fast_tap4    -1331.7  -98040.9         87 
         clk_osc_fast_tap5    -1331.7  -98074.3         87 
         clk_osc_fast_tap6    -1331.7  -98041.2         87 
         clk_osc_fast_tap7    -1331.7  -97898.1         87 
              clk_osc_slow     -114.9   -4106.4         64 
         clk_osc_slow_tap1   No paths       0.0          0 
         clk_osc_slow_tap2   No paths       0.0          0 
         clk_osc_slow_tap3   No paths       0.0          0 
         clk_osc_slow_tap4   No paths       0.0          0 
         clk_osc_slow_tap5   No paths       0.0          0 
         clk_osc_slow_tap6   No paths       0.0          0 
         clk_osc_slow_tap7   No paths       0.0          0 
                   clk_sys    -1138.9  -67273.9        102 
                   default   No paths       0.0          0 
-----------------------------------------------------------
Total                                 -855503.6        863 
                                                           

Instance Count
--------------
Leaf Instance Count             18738 
Physical Instance count             0 
Sequential Instance Count        5697 
Combinational Instance Count    13041 
Hierarchical Instance Count        90 

Area
----
Cell Area                          586909.944
Physical Cell Area                 0.000
Total Cell Area (Cell+Physical)    586909.944
Net Area                           263146.196
Total Area (Cell+Physical+Net)     850056.140

Power
-----
Leakage Power                      9342.802 nW
Dynamic Power                      145024004.206 nW
Total Power                        145033347.009 nW

Max Fanout                         4859 (clk_sys)
Min Fanout                         0 (local_async_rst_n)
Average Fanout                     2.3
Terms to net ratio                 3.3339
Terms to instance ratio            3.9899
Runtime                            821.3303560000068 seconds
Elapsed Runtime                    755 seconds
Genus peak memory usage            2222.47 
Innovus peak memory usage          no_value 
Hostname                           lyoelectrosrv01.in2p3.fr
