============================================================
  Generated by:           Genus(TM) Synthesis Solution 22.13-s093_1
  Generated on:           Jun 09 2026  02:57:35 pm
  Module:                 mptdc_top_asic
  Operating conditions:   typ_1_80V_25C 
  Interconnect mode:      global
  Area mode:              physical library
============================================================

Timing
--------

Analysis view         Clock         Period 
-------------------------------------------
tc_view       clk_osc_fast          1333.0 
              clk_osc_fast_buf_tap0 1333.0 
              clk_osc_fast_buf_tap1 1333.0 
              clk_osc_fast_buf_tap2 1333.0 
              clk_osc_fast_buf_tap3 1333.0 
              clk_osc_fast_buf_tap4 1333.0 
              clk_osc_fast_buf_tap5 1333.0 
              clk_osc_fast_buf_tap6 1333.0 
              clk_osc_fast_buf_tap7 1333.0 
              clk_osc_fast_tap1     1333.0 
              clk_osc_fast_tap2     1333.0 
              clk_osc_fast_tap3     1333.0 
              clk_osc_fast_tap4     1333.0 
              clk_osc_fast_tap5     1333.0 
              clk_osc_fast_tap6     1333.0 
              clk_osc_fast_tap7     1333.0 
              clk_osc_slow          1430.0 
              clk_osc_slow_buf_tap0 1430.0 
              clk_osc_slow_buf_tap1 1430.0 
              clk_osc_slow_buf_tap2 1430.0 
              clk_osc_slow_buf_tap3 1430.0 
              clk_osc_slow_buf_tap4 1430.0 
              clk_osc_slow_buf_tap5 1430.0 
              clk_osc_slow_buf_tap6 1430.0 
              clk_osc_slow_buf_tap7 1430.0 
              clk_osc_slow_tap1     1430.0 
              clk_osc_slow_tap2     1430.0 
              clk_osc_slow_tap3     1430.0 
              clk_osc_slow_tap4     1430.0 
              clk_osc_slow_tap5     1430.0 
              clk_osc_slow_tap6     1430.0 
              clk_osc_slow_tap7     1430.0 
              clk_sys               6250.0 


Analysis          Cost          Critical            Violating 
  View           Group         Path Slack    TNS      Paths   
--------------------------------------------------------------
tc_view           clk_osc_fast   No paths      0.0          0 
         clk_osc_fast_buf_tap0     -547.8  -7703.4         65 
         clk_osc_fast_buf_tap1     -547.8  -7732.8         65 
         clk_osc_fast_buf_tap2     -547.8  -8040.8         65 
         clk_osc_fast_buf_tap3     -547.8  -8040.8         65 
         clk_osc_fast_buf_tap4     -547.8  -7964.5         65 
         clk_osc_fast_buf_tap5     -547.8  -7964.5         65 
         clk_osc_fast_buf_tap6     -547.8  -7964.5         65 
         clk_osc_fast_buf_tap7     -547.8  -8002.3         65 
             clk_osc_fast_tap1   No paths      0.0          0 
             clk_osc_fast_tap2   No paths      0.0          0 
             clk_osc_fast_tap3   No paths      0.0          0 
             clk_osc_fast_tap4   No paths      0.0          0 
             clk_osc_fast_tap5   No paths      0.0          0 
             clk_osc_fast_tap6   No paths      0.0          0 
             clk_osc_fast_tap7   No paths      0.0          0 
                  clk_osc_slow   No paths      0.0          0 
         clk_osc_slow_buf_tap0      387.4      0.0          0 
         clk_osc_slow_buf_tap1   No paths      0.0          0 
         clk_osc_slow_buf_tap2   No paths      0.0          0 
         clk_osc_slow_buf_tap3   No paths      0.0          0 
         clk_osc_slow_buf_tap4   No paths      0.0          0 
         clk_osc_slow_buf_tap5   No paths      0.0          0 
         clk_osc_slow_buf_tap6   No paths      0.0          0 
         clk_osc_slow_buf_tap7   No paths      0.0          0 
             clk_osc_slow_tap1   No paths      0.0          0 
             clk_osc_slow_tap2   No paths      0.0          0 
             clk_osc_slow_tap3   No paths      0.0          0 
             clk_osc_slow_tap4   No paths      0.0          0 
             clk_osc_slow_tap5   No paths      0.0          0 
             clk_osc_slow_tap6   No paths      0.0          0 
             clk_osc_slow_tap7   No paths      0.0          0 
                       clk_sys     2217.1      0.0          0 
                       default   No paths      0.0          0 
--------------------------------------------------------------
Total                                     -63413.6        520 
                                                              

Instance Count
--------------
Leaf Instance Count             20495 
Physical Instance count             0 
Sequential Instance Count        5697 
Combinational Instance Count    14798 
Hierarchical Instance Count        81 

Area
----
Cell Area                          499087.131
Physical Cell Area                 0.000
Total Cell Area (Cell+Physical)    499087.131
Net Area                           1017.075
Total Area (Cell+Physical+Net)     500104.206

Power
-----
Leakage Power                      81.487 nW
Dynamic Power                      72449087.914 nW
Total Power                        72449169.401 nW

Max Fanout                         4859 (clk_sys)
Min Fanout                         0 (local_async_rst_n)
Average Fanout                     2.4
Terms to net ratio                 4.3624
Terms to instance ratio            4.4935
Runtime                            153.39568 seconds
Elapsed Runtime                    151 seconds
Genus peak memory usage            2202.98 
Innovus peak memory usage          no_value 
Hostname                           lyoelectrosrv01.in2p3.fr
