============================================================
  Generated by:           Genus(TM) Synthesis Solution 22.13-s093_1
  Generated on:           Jun 09 2026  02:57:46 pm
  Module:                 mptdc_top_asic
  Operating conditions:   typ_1_80V_25C 
  Interconnect mode:      global
  Area mode:              physical library
============================================================


Path 1: MET (3015 ps) Setup Check with Pin u_core_u_hit_capture_bridge_snapshot_q_reg[nslow_snap][2]/clk->d
           View: tc_view
          Group: clk_sys
     Startpoint: (R) u_core_u_meas_ctrl_state_q_reg[2]/clk
          Clock: (R) clk_sys
       Endpoint: (R) u_core_u_hit_capture_bridge_snapshot_q_reg[nslow_snap][2]/d
          Clock: (R) clk_sys

                     Capture       Launch     
        Clock Edge:+    6250            0     
       Src Latency:+       0            0     
       Net Latency:+       0 (I)        0 (I) 
           Arrival:=    6250            0     
                                              
             Setup:-     325                  
       Uncertainty:-     300                  
     Required Time:=    5625                  
      Launch Clock:-       0                  
         Data Path:-    2610                  
             Slack:=    3015                  

Launch clock path:
#--------------------------------------------------------------------------------------------------------------------
#             Timing Point              Flags   Arc   Edge      Cell        Fanout Load Trans Delay Arrival Instance 
#                                                                                  (fF)  (ps)  (ps)   (ps)  Location 
#--------------------------------------------------------------------------------------------------------------------
  clk_sys                               (i,u)   -     R     (arrival)         4859  0.0     0     0       0    (-,-) 
  u_core_u_meas_ctrl_state_q_reg[2]/clk <<<     -     R     unmapped_d_flop   4859    -   150     0       0    (-,-) 
#--------------------------------------------------------------------------------------------------------------------

#----------------------------------------------------------------------------------------------------------------------------------------------
#                        Timing Point                         Flags    Arc    Edge       Cell         Fanout Load Trans Delay Arrival Instance 
#                                                                                                            (fF)  (ps)  (ps)   (ps)  Location 
#----------------------------------------------------------------------------------------------------------------------------------------------
  u_core_u_meas_ctrl_state_q_reg[2]/clk                       -       -       R     (arrival)           4859    -   150     0       0    (-,-) 
  u_core_u_meas_ctrl_state_q_reg[2]/q                         (u)     clk->q  F     unmapped_d_flop        7 65.1     0   746     746    (-,-) 
  u_core_u_meas_ctrl_g4206/z                                  (u)     in_0->z F     unmapped_or2           5 46.5     0   197     943    (-,-) 
  u_core_u_meas_ctrl_g5591/z                                  (u)     in_0->z F     unmapped_complex2      5 46.5     0   197    1140    (-,-) 
  g33082/z                                                    (u)     in_1->z F     unmapped_complex2     56 37.2     0   308    1448    (-,-) 
  u_core_u_hit_capture_bridge_g9874/z                         (u)     in_1->z F     unmapped_or2           2 18.6     0   131    1579    (-,-) 
  u_core_u_hit_capture_bridge_g9843/z                         (u)     in_1->z R     unmapped_nand2         2 18.6     0   131    1710    (-,-) 
  u_core_u_hit_capture_bridge_g9812/z                         (u)     in_1->z R     unmapped_or2           3 27.9     0   152    1862    (-,-) 
  u_core_u_hit_capture_bridge_g9437/z                         (u)     in_1->z R     unmapped_complex2      1  9.3     0   107    1969    (-,-) 
  u_core_u_hit_capture_bridge_g9418/z                         (u)     in_1->z R     unmapped_complex2      1  9.3     0   107    2076    (-,-) 
  u_core_u_hit_capture_bridge_g9924/z                         (u)     in_0->z R     unmapped_complex2      1  9.3     0   107    2183    (-,-) 
  u_core_u_hit_capture_bridge_g9403/z                         (u)     in_0->z R     unmapped_or2           1  9.3     0   107    2290    (-,-) 
  u_core_u_hit_capture_bridge_g9402/z                         (u)     in_1->z R     unmapped_or2           1  9.3     0   107    2396    (-,-) 
  u_core_u_hit_capture_bridge_g9394/z                         (u)     in_0->z R     unmapped_or2           1  9.3     0   107    2503    (-,-) 
  u_core_u_hit_capture_bridge_g9391/z                         (u)     in_1->z R     unmapped_or2           1  9.3     0   107    2610    (-,-) 
  u_core_u_hit_capture_bridge_snapshot_q_reg[nslow_snap][2]/d <<<     -       R     unmapped_d_flop        1    -     -     0    2610    (-,-) 
#----------------------------------------------------------------------------------------------------------------------------------------------

(u) : Net has unmapped pin(s).

Capture clock path:
#--------------------------------------------------------------------------------------------------------------------------------------------
#                         Timing Point                          Flags   Arc   Edge      Cell        Fanout Load Trans Delay Arrival Instance 
#                                                                                                          (fF)  (ps)  (ps)   (ps)  Location 
#--------------------------------------------------------------------------------------------------------------------------------------------
  clk_sys                                                       (i,u)   -     R     (arrival)         4859  0.0     0     0    6250    (-,-) 
  u_core_u_hit_capture_bridge_snapshot_q_reg[nslow_snap][2]/clk <<<     -     R     unmapped_d_flop   4859    -   150     0    6250    (-,-) 
#--------------------------------------------------------------------------------------------------------------------------------------------



Path 2: MET (3084 ps) Setup Check with Pin u_core_u_hit_capture_bridge_snapshot_q_reg[nslow_snap][1]/clk->d
           View: tc_view
          Group: clk_sys
     Startpoint: (R) u_core_u_meas_ctrl_state_q_reg[2]/clk
          Clock: (R) clk_sys
       Endpoint: (R) u_core_u_hit_capture_bridge_snapshot_q_reg[nslow_snap][1]/d
          Clock: (R) clk_sys

                     Capture       Launch     
        Clock Edge:+    6250            0     
       Src Latency:+       0            0     
       Net Latency:+       0 (I)        0 (I) 
           Arrival:=    6250            0     
                                              
             Setup:-     325                  
       Uncertainty:-     300                  
     Required Time:=    5625                  
      Launch Clock:-       0                  
         Data Path:-    2540                  
             Slack:=    3084                  

Launch clock path:
#--------------------------------------------------------------------------------------------------------------------
#             Timing Point              Flags   Arc   Edge      Cell        Fanout Load Trans Delay Arrival Instance 
#                                                                                  (fF)  (ps)  (ps)   (ps)  Location 
#--------------------------------------------------------------------------------------------------------------------
  clk_sys                               (i,u)   -     R     (arrival)         4859  0.0     0     0       0    (-,-) 
  u_core_u_meas_ctrl_state_q_reg[2]/clk <<<     -     R     unmapped_d_flop   4859    -   150     0       0    (-,-) 
#--------------------------------------------------------------------------------------------------------------------

#----------------------------------------------------------------------------------------------------------------------------------------------
#                        Timing Point                         Flags    Arc    Edge       Cell         Fanout Load Trans Delay Arrival Instance 
#                                                                                                            (fF)  (ps)  (ps)   (ps)  Location 
#----------------------------------------------------------------------------------------------------------------------------------------------
  u_core_u_meas_ctrl_state_q_reg[2]/clk                       -       -       R     (arrival)           4859    -   150     0       0    (-,-) 
  u_core_u_meas_ctrl_state_q_reg[2]/q                         (u)     clk->q  F     unmapped_d_flop        7 65.1     0   746     746    (-,-) 
  u_core_u_meas_ctrl_g4206/z                                  (u)     in_0->z F     unmapped_or2           5 46.5     0   197     943    (-,-) 
  u_core_u_meas_ctrl_g5591/z                                  (u)     in_0->z F     unmapped_complex2      5 46.5     0   197    1140    (-,-) 
  g33082/z                                                    (u)     in_1->z F     unmapped_complex2     56 37.2     0   308    1448    (-,-) 
  u_core_u_hit_capture_bridge_g9865/z                         (u)     in_1->z F     unmapped_or2           1  9.3     0   107    1555    (-,-) 
  u_core_u_hit_capture_bridge_g9441/z                         (u)     in_0->z F     unmapped_or2           2 18.6     0   131    1686    (-,-) 
  u_core_u_hit_capture_bridge_g9427/z                         (u)     in_1->z R     unmapped_nand2         1  9.3     0   107    1793    (-,-) 
  u_core_u_hit_capture_bridge_g9420/z                         (u)     in_1->z R     unmapped_or2           1  9.3     0   107    1900    (-,-) 
  u_core_u_hit_capture_bridge_g9410/z                         (u)     in_1->z R     unmapped_or2           1  9.3     0   107    2006    (-,-) 
  u_core_u_hit_capture_bridge_g9925/z                         (u)     in_0->z R     unmapped_complex2      1  9.3     0   107    2113    (-,-) 
  u_core_u_hit_capture_bridge_g9401/z                         (u)     in_0->z R     unmapped_or2           1  9.3     0   107    2220    (-,-) 
  u_core_u_hit_capture_bridge_g9926/z                         (u)     in_0->z R     unmapped_complex2      1  9.3     0   107    2327    (-,-) 
  u_core_u_hit_capture_bridge_g9392/z                         (u)     in_0->z R     unmapped_or2           1  9.3     0   107    2434    (-,-) 
  u_core_u_hit_capture_bridge_g9388/z                         (u)     in_1->z R     unmapped_or2           1  9.3     0   107    2540    (-,-) 
  u_core_u_hit_capture_bridge_snapshot_q_reg[nslow_snap][1]/d <<<     -       R     unmapped_d_flop        1    -     -     0    2540    (-,-) 
#----------------------------------------------------------------------------------------------------------------------------------------------

(u) : Net has unmapped pin(s).

Capture clock path:
#--------------------------------------------------------------------------------------------------------------------------------------------
#                         Timing Point                          Flags   Arc   Edge      Cell        Fanout Load Trans Delay Arrival Instance 
#                                                                                                          (fF)  (ps)  (ps)   (ps)  Location 
#--------------------------------------------------------------------------------------------------------------------------------------------
  clk_sys                                                       (i,u)   -     R     (arrival)         4859  0.0     0     0    6250    (-,-) 
  u_core_u_hit_capture_bridge_snapshot_q_reg[nslow_snap][1]/clk <<<     -     R     unmapped_d_flop   4859    -   150     0    6250    (-,-) 
#--------------------------------------------------------------------------------------------------------------------------------------------



Path 3: MET (3084 ps) Setup Check with Pin u_core_u_hit_capture_bridge_snapshot_q_reg[nslow_snap][0]/clk->d
           View: tc_view
          Group: clk_sys
     Startpoint: (R) u_core_u_meas_ctrl_state_q_reg[2]/clk
          Clock: (R) clk_sys
       Endpoint: (R) u_core_u_hit_capture_bridge_snapshot_q_reg[nslow_snap][0]/d
          Clock: (R) clk_sys

                     Capture       Launch     
        Clock Edge:+    6250            0     
       Src Latency:+       0            0     
       Net Latency:+       0 (I)        0 (I) 
           Arrival:=    6250            0     
                                              
             Setup:-     325                  
       Uncertainty:-     300                  
     Required Time:=    5625                  
      Launch Clock:-       0                  
         Data Path:-    2540                  
             Slack:=    3084                  

Launch clock path:
#--------------------------------------------------------------------------------------------------------------------
#             Timing Point              Flags   Arc   Edge      Cell        Fanout Load Trans Delay Arrival Instance 
#                                                                                  (fF)  (ps)  (ps)   (ps)  Location 
#--------------------------------------------------------------------------------------------------------------------
  clk_sys                               (i,u)   -     R     (arrival)         4859  0.0     0     0       0    (-,-) 
  u_core_u_meas_ctrl_state_q_reg[2]/clk <<<     -     R     unmapped_d_flop   4859    -   150     0       0    (-,-) 
#--------------------------------------------------------------------------------------------------------------------

#----------------------------------------------------------------------------------------------------------------------------------------------
#                        Timing Point                         Flags    Arc    Edge       Cell         Fanout Load Trans Delay Arrival Instance 
#                                                                                                            (fF)  (ps)  (ps)   (ps)  Location 
#----------------------------------------------------------------------------------------------------------------------------------------------
  u_core_u_meas_ctrl_state_q_reg[2]/clk                       -       -       R     (arrival)           4859    -   150     0       0    (-,-) 
  u_core_u_meas_ctrl_state_q_reg[2]/q                         (u)     clk->q  R     unmapped_d_flop        7 65.1     0   746     746    (-,-) 
  u_core_u_meas_ctrl_g4206/z                                  (u)     in_0->z R     unmapped_or2           5 46.5     0   197     943    (-,-) 
  u_core_u_meas_ctrl_g5591/z                                  (u)     in_0->z R     unmapped_complex2      5 46.5     0   197    1140    (-,-) 
  g33082/z                                                    (u)     in_1->z R     unmapped_complex2     56 37.2     0   308    1448    (-,-) 
  u_core_u_hit_capture_bridge_g9877/z                         (u)     in_1->z R     unmapped_or2           1  9.3     0   107    1555    (-,-) 
  u_core_u_hit_capture_bridge_g9803/z                         (u)     in_1->z R     unmapped_or2           2 18.6     0   131    1686    (-,-) 
  u_core_u_hit_capture_bridge_g9798/z                         (u)     in_1->z F     unmapped_nand2         1  9.3     0   107    1793    (-,-) 
  u_core_u_hit_capture_bridge_g9782/z                         (u)     in_1->z F     unmapped_or2           1  9.3     0   107    1900    (-,-) 
  u_core_u_hit_capture_bridge_g9430/z                         (u)     in_1->z F     unmapped_or2           1  9.3     0   107    2006    (-,-) 
  u_core_u_hit_capture_bridge_g9408/z                         (u)     in_1->z F     unmapped_or2           1  9.3     0   107    2113    (-,-) 
  u_core_u_hit_capture_bridge_g9398/z                         (u)     in_0->z F     unmapped_or2           1  9.3     0   107    2220    (-,-) 
  u_core_u_hit_capture_bridge_g9397/z                         (u)     in_1->z F     unmapped_or2           1  9.3     0   107    2327    (-,-) 
  u_core_u_hit_capture_bridge_g9393/z                         (u)     in_0->z F     unmapped_or2           1  9.3     0   107    2434    (-,-) 
  u_core_u_hit_capture_bridge_g9387/z                         (u)     in_1->z R     unmapped_complex2      1  9.3     0   107    2540    (-,-) 
  u_core_u_hit_capture_bridge_snapshot_q_reg[nslow_snap][0]/d <<<     -       R     unmapped_d_flop        1    -     -     0    2540    (-,-) 
#----------------------------------------------------------------------------------------------------------------------------------------------

(u) : Net has unmapped pin(s).

Capture clock path:
#--------------------------------------------------------------------------------------------------------------------------------------------
#                         Timing Point                          Flags   Arc   Edge      Cell        Fanout Load Trans Delay Arrival Instance 
#                                                                                                          (fF)  (ps)  (ps)   (ps)  Location 
#--------------------------------------------------------------------------------------------------------------------------------------------
  clk_sys                                                       (i,u)   -     R     (arrival)         4859  0.0     0     0    6250    (-,-) 
  u_core_u_hit_capture_bridge_snapshot_q_reg[nslow_snap][0]/clk <<<     -     R     unmapped_d_flop   4859    -   150     0    6250    (-,-) 
#--------------------------------------------------------------------------------------------------------------------------------------------



Path 4: MET (3098 ps) Setup Check with Pin u_core_u_hit_capture_bridge_snapshot_q_reg[nslow_snap][5]/clk->d
           View: tc_view
          Group: clk_sys
     Startpoint: (R) u_core_u_meas_ctrl_state_q_reg[2]/clk
          Clock: (R) clk_sys
       Endpoint: (R) u_core_u_hit_capture_bridge_snapshot_q_reg[nslow_snap][5]/d
          Clock: (R) clk_sys

                     Capture       Launch     
        Clock Edge:+    6250            0     
       Src Latency:+       0            0     
       Net Latency:+       0 (I)        0 (I) 
           Arrival:=    6250            0     
                                              
             Setup:-     325                  
       Uncertainty:-     300                  
     Required Time:=    5625                  
      Launch Clock:-       0                  
         Data Path:-    2527                  
             Slack:=    3098                  

Launch clock path:
#--------------------------------------------------------------------------------------------------------------------
#             Timing Point              Flags   Arc   Edge      Cell        Fanout Load Trans Delay Arrival Instance 
#                                                                                  (fF)  (ps)  (ps)   (ps)  Location 
#--------------------------------------------------------------------------------------------------------------------
  clk_sys                               (i,u)   -     R     (arrival)         4859  0.0     0     0       0    (-,-) 
  u_core_u_meas_ctrl_state_q_reg[2]/clk <<<     -     R     unmapped_d_flop   4859    -   150     0       0    (-,-) 
#--------------------------------------------------------------------------------------------------------------------

#----------------------------------------------------------------------------------------------------------------------------------------------
#                        Timing Point                         Flags    Arc    Edge       Cell         Fanout Load Trans Delay Arrival Instance 
#                                                                                                            (fF)  (ps)  (ps)   (ps)  Location 
#----------------------------------------------------------------------------------------------------------------------------------------------
  u_core_u_meas_ctrl_state_q_reg[2]/clk                       -       -       R     (arrival)           4859    -   150     0       0    (-,-) 
  u_core_u_meas_ctrl_state_q_reg[2]/q                         (u)     clk->q  F     unmapped_d_flop        7 65.1     0   746     746    (-,-) 
  u_core_u_meas_ctrl_g4206/z                                  (u)     in_0->z F     unmapped_or2           5 46.5     0   197     943    (-,-) 
  u_core_u_meas_ctrl_g5591/z                                  (u)     in_0->z F     unmapped_complex2      5 46.5     0   197    1140    (-,-) 
  g33082/z                                                    (u)     in_1->z F     unmapped_complex2     56 37.2     0   308    1448    (-,-) 
  u_core_u_hit_capture_bridge_g9874/z                         (u)     in_1->z F     unmapped_or2           2 18.6     0   131    1579    (-,-) 
  u_core_u_hit_capture_bridge_g9843/z                         (u)     in_1->z R     unmapped_nand2         2 18.6     0   131    1710    (-,-) 
  u_core_u_hit_capture_bridge_g9812/z                         (u)     in_1->z R     unmapped_or2           3 27.9     0   152    1862    (-,-) 
  u_core_u_hit_capture_bridge_g9732/z                         (u)     in_1->z R     unmapped_complex2      1  9.3     0   107    1969    (-,-) 
  u_core_u_hit_capture_bridge_g9901/z                         (u)     in_0->z R     unmapped_complex2      1  9.3     0   107    2076    (-,-) 
  u_core_u_hit_capture_bridge_g9717/z                         (u)     in_0->z R     unmapped_or2           1  9.3     0   107    2183    (-,-) 
  u_core_u_hit_capture_bridge_g9707/z                         (u)     in_0->z R     unmapped_or2           2 18.6     0   131    2314    (-,-) 
  u_core_u_hit_capture_bridge_g9609/z                         (u)     in_0->z R     unmapped_or2           1  9.3     0   107    2420    (-,-) 
  u_core_u_hit_capture_bridge_g9560/z                         (u)     in_1->z R     unmapped_or2           1  9.3     0   107    2527    (-,-) 
  u_core_u_hit_capture_bridge_snapshot_q_reg[nslow_snap][5]/d <<<     -       R     unmapped_d_flop        1    -     -     0    2527    (-,-) 
#----------------------------------------------------------------------------------------------------------------------------------------------

(u) : Net has unmapped pin(s).

Capture clock path:
#--------------------------------------------------------------------------------------------------------------------------------------------
#                         Timing Point                          Flags   Arc   Edge      Cell        Fanout Load Trans Delay Arrival Instance 
#                                                                                                          (fF)  (ps)  (ps)   (ps)  Location 
#--------------------------------------------------------------------------------------------------------------------------------------------
  clk_sys                                                       (i,u)   -     R     (arrival)         4859  0.0     0     0    6250    (-,-) 
  u_core_u_hit_capture_bridge_snapshot_q_reg[nslow_snap][5]/clk <<<     -     R     unmapped_d_flop   4859    -   150     0    6250    (-,-) 
#--------------------------------------------------------------------------------------------------------------------------------------------



Path 5: MET (3098 ps) Setup Check with Pin u_core_u_hit_capture_bridge_snapshot_q_reg[nslow_snap][4]/clk->d
           View: tc_view
          Group: clk_sys
     Startpoint: (R) u_core_u_meas_ctrl_state_q_reg[2]/clk
          Clock: (R) clk_sys
       Endpoint: (R) u_core_u_hit_capture_bridge_snapshot_q_reg[nslow_snap][4]/d
          Clock: (R) clk_sys

                     Capture       Launch     
        Clock Edge:+    6250            0     
       Src Latency:+       0            0     
       Net Latency:+       0 (I)        0 (I) 
           Arrival:=    6250            0     
                                              
             Setup:-     325                  
       Uncertainty:-     300                  
     Required Time:=    5625                  
      Launch Clock:-       0                  
         Data Path:-    2527                  
             Slack:=    3098                  

Launch clock path:
#--------------------------------------------------------------------------------------------------------------------
#             Timing Point              Flags   Arc   Edge      Cell        Fanout Load Trans Delay Arrival Instance 
#                                                                                  (fF)  (ps)  (ps)   (ps)  Location 
#--------------------------------------------------------------------------------------------------------------------
  clk_sys                               (i,u)   -     R     (arrival)         4859  0.0     0     0       0    (-,-) 
  u_core_u_meas_ctrl_state_q_reg[2]/clk <<<     -     R     unmapped_d_flop   4859    -   150     0       0    (-,-) 
#--------------------------------------------------------------------------------------------------------------------

#----------------------------------------------------------------------------------------------------------------------------------------------
#                        Timing Point                         Flags    Arc    Edge       Cell         Fanout Load Trans Delay Arrival Instance 
#                                                                                                            (fF)  (ps)  (ps)   (ps)  Location 
#----------------------------------------------------------------------------------------------------------------------------------------------
  u_core_u_meas_ctrl_state_q_reg[2]/clk                       -       -       R     (arrival)           4859    -   150     0       0    (-,-) 
  u_core_u_meas_ctrl_state_q_reg[2]/q                         (u)     clk->q  F     unmapped_d_flop        7 65.1     0   746     746    (-,-) 
  u_core_u_meas_ctrl_g4206/z                                  (u)     in_0->z F     unmapped_or2           5 46.5     0   197     943    (-,-) 
  u_core_u_meas_ctrl_g5591/z                                  (u)     in_0->z F     unmapped_complex2      5 46.5     0   197    1140    (-,-) 
  g33082/z                                                    (u)     in_1->z F     unmapped_complex2     56 37.2     0   308    1448    (-,-) 
  u_core_u_hit_capture_bridge_g9874/z                         (u)     in_1->z F     unmapped_or2           2 18.6     0   131    1579    (-,-) 
  u_core_u_hit_capture_bridge_g9843/z                         (u)     in_1->z R     unmapped_nand2         2 18.6     0   131    1710    (-,-) 
  u_core_u_hit_capture_bridge_g9812/z                         (u)     in_1->z R     unmapped_or2           3 27.9     0   152    1862    (-,-) 
  u_core_u_hit_capture_bridge_g9732/z                         (u)     in_1->z R     unmapped_complex2      1  9.3     0   107    1969    (-,-) 
  u_core_u_hit_capture_bridge_g9901/z                         (u)     in_0->z R     unmapped_complex2      1  9.3     0   107    2076    (-,-) 
  u_core_u_hit_capture_bridge_g9717/z                         (u)     in_0->z R     unmapped_or2           1  9.3     0   107    2183    (-,-) 
  u_core_u_hit_capture_bridge_g9707/z                         (u)     in_0->z R     unmapped_or2           2 18.6     0   131    2314    (-,-) 
  u_core_u_hit_capture_bridge_g9475/z                         (u)     in_0->z R     unmapped_or2           1  9.3     0   107    2420    (-,-) 
  u_core_u_hit_capture_bridge_g9467/z                         (u)     in_1->z R     unmapped_or2           1  9.3     0   107    2527    (-,-) 
  u_core_u_hit_capture_bridge_snapshot_q_reg[nslow_snap][4]/d <<<     -       R     unmapped_d_flop        1    -     -     0    2527    (-,-) 
#----------------------------------------------------------------------------------------------------------------------------------------------

(u) : Net has unmapped pin(s).

Capture clock path:
#--------------------------------------------------------------------------------------------------------------------------------------------
#                         Timing Point                          Flags   Arc   Edge      Cell        Fanout Load Trans Delay Arrival Instance 
#                                                                                                          (fF)  (ps)  (ps)   (ps)  Location 
#--------------------------------------------------------------------------------------------------------------------------------------------
  clk_sys                                                       (i,u)   -     R     (arrival)         4859  0.0     0     0    6250    (-,-) 
  u_core_u_hit_capture_bridge_snapshot_q_reg[nslow_snap][4]/clk <<<     -     R     unmapped_d_flop   4859    -   150     0    6250    (-,-) 
#--------------------------------------------------------------------------------------------------------------------------------------------



Path 6: MET (3122 ps) Setup Check with Pin u_core_u_hit_capture_bridge_snapshot_q_reg[nslow_snap][3]/clk->d
           View: tc_view
          Group: clk_sys
     Startpoint: (R) u_core_u_meas_ctrl_state_q_reg[2]/clk
          Clock: (R) clk_sys
       Endpoint: (R) u_core_u_hit_capture_bridge_snapshot_q_reg[nslow_snap][3]/d
          Clock: (R) clk_sys

                     Capture       Launch     
        Clock Edge:+    6250            0     
       Src Latency:+       0            0     
       Net Latency:+       0 (I)        0 (I) 
           Arrival:=    6250            0     
                                              
             Setup:-     325                  
       Uncertainty:-     300                  
     Required Time:=    5625                  
      Launch Clock:-       0                  
         Data Path:-    2503                  
             Slack:=    3122                  

Launch clock path:
#--------------------------------------------------------------------------------------------------------------------
#             Timing Point              Flags   Arc   Edge      Cell        Fanout Load Trans Delay Arrival Instance 
#                                                                                  (fF)  (ps)  (ps)   (ps)  Location 
#--------------------------------------------------------------------------------------------------------------------
  clk_sys                               (i,u)   -     R     (arrival)         4859  0.0     0     0       0    (-,-) 
  u_core_u_meas_ctrl_state_q_reg[2]/clk <<<     -     R     unmapped_d_flop   4859    -   150     0       0    (-,-) 
#--------------------------------------------------------------------------------------------------------------------

#----------------------------------------------------------------------------------------------------------------------------------------------
#                        Timing Point                         Flags    Arc    Edge       Cell         Fanout Load Trans Delay Arrival Instance 
#                                                                                                            (fF)  (ps)  (ps)   (ps)  Location 
#----------------------------------------------------------------------------------------------------------------------------------------------
  u_core_u_meas_ctrl_state_q_reg[2]/clk                       -       -       R     (arrival)           4859    -   150     0       0    (-,-) 
  u_core_u_meas_ctrl_state_q_reg[2]/q                         (u)     clk->q  F     unmapped_d_flop        7 65.1     0   746     746    (-,-) 
  u_core_u_meas_ctrl_g4206/z                                  (u)     in_0->z F     unmapped_or2           5 46.5     0   197     943    (-,-) 
  u_core_u_meas_ctrl_g5591/z                                  (u)     in_0->z F     unmapped_complex2      5 46.5     0   197    1140    (-,-) 
  g33082/z                                                    (u)     in_1->z F     unmapped_complex2     56 37.2     0   308    1448    (-,-) 
  u_core_u_hit_capture_bridge_g9874/z                         (u)     in_1->z F     unmapped_or2           2 18.6     0   131    1579    (-,-) 
  u_core_u_hit_capture_bridge_g9843/z                         (u)     in_1->z R     unmapped_nand2         2 18.6     0   131    1710    (-,-) 
  u_core_u_hit_capture_bridge_g9812/z                         (u)     in_1->z R     unmapped_or2           3 27.9     0   152    1862    (-,-) 
  u_core_u_hit_capture_bridge_g9918/z                         (u)     in_1->z R     unmapped_complex2      1  9.3     0   107    1969    (-,-) 
  u_core_u_hit_capture_bridge_g9438/z                         (u)     in_0->z R     unmapped_or2           1  9.3     0   107    2076    (-,-) 
  u_core_u_hit_capture_bridge_g9429/z                         (u)     in_1->z R     unmapped_or2           1  9.3     0   107    2183    (-,-) 
  u_core_u_hit_capture_bridge_g9421/z                         (u)     in_1->z R     unmapped_or2           1  9.3     0   107    2290    (-,-) 
  u_core_u_hit_capture_bridge_g9414/z                         (u)     in_1->z R     unmapped_or2           1  9.3     0   107    2396    (-,-) 
  u_core_u_hit_capture_bridge_g9406/z                         (u)     in_1->z R     unmapped_or2           1  9.3     0   107    2503    (-,-) 
  u_core_u_hit_capture_bridge_snapshot_q_reg[nslow_snap][3]/d <<<     -       R     unmapped_d_flop        1    -     -     0    2503    (-,-) 
#----------------------------------------------------------------------------------------------------------------------------------------------

(u) : Net has unmapped pin(s).

Capture clock path:
#--------------------------------------------------------------------------------------------------------------------------------------------
#                         Timing Point                          Flags   Arc   Edge      Cell        Fanout Load Trans Delay Arrival Instance 
#                                                                                                          (fF)  (ps)  (ps)   (ps)  Location 
#--------------------------------------------------------------------------------------------------------------------------------------------
  clk_sys                                                       (i,u)   -     R     (arrival)         4859  0.0     0     0    6250    (-,-) 
  u_core_u_hit_capture_bridge_snapshot_q_reg[nslow_snap][3]/clk <<<     -     R     unmapped_d_flop   4859    -   150     0    6250    (-,-) 
#--------------------------------------------------------------------------------------------------------------------------------------------



Path 7: MET (3820 ps) Setup Check with Pin u_core_u_hit_capture_bridge_snapshot_q_reg[nslow_snap][6]/clk->d
           View: tc_view
          Group: clk_sys
     Startpoint: (R) u_core_u_meas_ctrl_state_q_reg[2]/clk
          Clock: (R) clk_sys
       Endpoint: (R) u_core_u_hit_capture_bridge_snapshot_q_reg[nslow_snap][6]/d
          Clock: (R) clk_sys

                     Capture       Launch     
        Clock Edge:+    6250            0     
       Src Latency:+       0            0     
       Net Latency:+       0 (I)        0 (I) 
           Arrival:=    6250            0     
                                              
             Setup:-     325                  
       Uncertainty:-     300                  
     Required Time:=    5625                  
      Launch Clock:-       0                  
         Data Path:-    1804                  
             Slack:=    3820                  

Launch clock path:
#--------------------------------------------------------------------------------------------------------------------
#             Timing Point              Flags   Arc   Edge      Cell        Fanout Load Trans Delay Arrival Instance 
#                                                                                  (fF)  (ps)  (ps)   (ps)  Location 
#--------------------------------------------------------------------------------------------------------------------
  clk_sys                               (i,u)   -     R     (arrival)         4859  0.0     0     0       0    (-,-) 
  u_core_u_meas_ctrl_state_q_reg[2]/clk <<<     -     R     unmapped_d_flop   4859    -   150     0       0    (-,-) 
#--------------------------------------------------------------------------------------------------------------------

#----------------------------------------------------------------------------------------------------------------------------------------------
#                        Timing Point                         Flags    Arc    Edge       Cell         Fanout Load Trans Delay Arrival Instance 
#                                                                                                            (fF)  (ps)  (ps)   (ps)  Location 
#----------------------------------------------------------------------------------------------------------------------------------------------
  u_core_u_meas_ctrl_state_q_reg[2]/clk                       -       -       R     (arrival)           4859    -   150     0       0    (-,-) 
  u_core_u_meas_ctrl_state_q_reg[2]/q                         (u)     clk->q  F     unmapped_d_flop        7 65.1     0   746     746    (-,-) 
  u_core_u_meas_ctrl_g4206/z                                  (u)     in_0->z F     unmapped_or2           5 46.5     0   197     943    (-,-) 
  u_core_u_meas_ctrl_g5591/z                                  (u)     in_0->z F     unmapped_complex2      5 46.5     0   197    1140    (-,-) 
  g33082/z                                                    (u)     in_1->z F     unmapped_complex2     56 37.2     0   308    1448    (-,-) 
  u_core_u_hit_capture_bridge_g9881/z                         (u)     in_1->z F     unmapped_complex2      8 74.4     0   249    1698    (-,-) 
  u_core_u_hit_capture_bridge_g9834/z                         (u)     in_0->z R     unmapped_nand2         1  9.3     0   107    1804    (-,-) 
  u_core_u_hit_capture_bridge_snapshot_q_reg[nslow_snap][6]/d <<<     -       R     unmapped_d_flop        1    -     -     0    1804    (-,-) 
#----------------------------------------------------------------------------------------------------------------------------------------------

(u) : Net has unmapped pin(s).

Capture clock path:
#--------------------------------------------------------------------------------------------------------------------------------------------
#                         Timing Point                          Flags   Arc   Edge      Cell        Fanout Load Trans Delay Arrival Instance 
#                                                                                                          (fF)  (ps)  (ps)   (ps)  Location 
#--------------------------------------------------------------------------------------------------------------------------------------------
  clk_sys                                                       (i,u)   -     R     (arrival)         4859  0.0     0     0    6250    (-,-) 
  u_core_u_hit_capture_bridge_snapshot_q_reg[nslow_snap][6]/clk <<<     -     R     unmapped_d_flop   4859    -   150     0    6250    (-,-) 
#--------------------------------------------------------------------------------------------------------------------------------------------



Path 8: MET (5331 ps) Setup Check with Pin u_core_u_hit_capture_bridge_snapshot_q_reg[stop_slow_phase_disc][2]/clk->d
           View: tc_view
          Group: clk_sys
     Startpoint: (R) u_core_u_stop_capture_stop_slow_phase_disc_o_reg[2]/q
       Endpoint: (R) u_core_u_hit_capture_bridge_snapshot_q_reg[stop_slow_phase_disc][2]/d
          Clock: (R) clk_sys

                        Capture       Launch  
           Path Delay:+    6250            -  
          Src Latency:+       0               
          Net Latency:+       0 (I)           
        Capture Clock:+       0               
              Arrival:=    6250               
                                              
                Setup:-     619               
          Uncertainty:-     300               
        Required Time:=    5331               
            Data Path:-       0               
                Slack:=    5331               

Exceptions/Constraints:
  max_delay             6250            zipped_path_delay_0 

#----------------------------------------------------------------------------------------------------------------------------------------------------
#                             Timing Point                              Flags   Arc   Edge      Cell        Fanout Load Trans Delay Arrival Instance 
#                                                                                                                  (fF)  (ps)  (ps)   (ps)  Location 
#----------------------------------------------------------------------------------------------------------------------------------------------------
  u_core_u_stop_capture_stop_slow_phase_disc_o_reg[2]/q                 (b,u)   -     R     (arrival)            1  9.3     0     0       0    (-,-) 
  u_core_u_hit_capture_bridge_snapshot_q_reg[stop_slow_phase_disc][2]/d <<<     -     R     unmapped_d_flop      1    -     -     0       0    (-,-) 
#----------------------------------------------------------------------------------------------------------------------------------------------------

(u) : Net has unmapped pin(s).
(b) : Timing paths are broken.

Capture clock path:
#------------------------------------------------------------------------------------------------------------------------------------------------------
#                              Timing Point                               Flags   Arc   Edge      Cell        Fanout Load Trans Delay Arrival Instance 
#                                                                                                                    (fF)  (ps)  (ps)   (ps)  Location 
#------------------------------------------------------------------------------------------------------------------------------------------------------
  clk_sys                                                                 (i,u)   -     R     (arrival)         4859  0.0     0     0    6250    (-,-) 
  u_core_u_hit_capture_bridge_snapshot_q_reg[stop_slow_phase_disc][2]/clk <<<     -     R     unmapped_d_flop   4859    -   150     0    6250    (-,-) 
#------------------------------------------------------------------------------------------------------------------------------------------------------



Path 9: MET (5331 ps) Setup Check with Pin u_core_u_hit_capture_bridge_snapshot_q_reg[stop_slow_phase_disc][1]/clk->d
           View: tc_view
          Group: clk_sys
     Startpoint: (R) u_core_u_stop_capture_stop_slow_phase_disc_o_reg[1]/q
       Endpoint: (R) u_core_u_hit_capture_bridge_snapshot_q_reg[stop_slow_phase_disc][1]/d
          Clock: (R) clk_sys

                        Capture       Launch  
           Path Delay:+    6250            -  
          Src Latency:+       0               
          Net Latency:+       0 (I)           
        Capture Clock:+       0               
              Arrival:=    6250               
                                              
                Setup:-     619               
          Uncertainty:-     300               
        Required Time:=    5331               
            Data Path:-       0               
                Slack:=    5331               

Exceptions/Constraints:
  max_delay             6250            zipped_path_delay_0 

#----------------------------------------------------------------------------------------------------------------------------------------------------
#                             Timing Point                              Flags   Arc   Edge      Cell        Fanout Load Trans Delay Arrival Instance 
#                                                                                                                  (fF)  (ps)  (ps)   (ps)  Location 
#----------------------------------------------------------------------------------------------------------------------------------------------------
  u_core_u_stop_capture_stop_slow_phase_disc_o_reg[1]/q                 (b,u)   -     R     (arrival)            1  9.3     0     0       0    (-,-) 
  u_core_u_hit_capture_bridge_snapshot_q_reg[stop_slow_phase_disc][1]/d <<<     -     R     unmapped_d_flop      1    -     -     0       0    (-,-) 
#----------------------------------------------------------------------------------------------------------------------------------------------------

(u) : Net has unmapped pin(s).
(b) : Timing paths are broken.

Capture clock path:
#------------------------------------------------------------------------------------------------------------------------------------------------------
#                              Timing Point                               Flags   Arc   Edge      Cell        Fanout Load Trans Delay Arrival Instance 
#                                                                                                                    (fF)  (ps)  (ps)   (ps)  Location 
#------------------------------------------------------------------------------------------------------------------------------------------------------
  clk_sys                                                                 (i,u)   -     R     (arrival)         4859  0.0     0     0    6250    (-,-) 
  u_core_u_hit_capture_bridge_snapshot_q_reg[stop_slow_phase_disc][1]/clk <<<     -     R     unmapped_d_flop   4859    -   150     0    6250    (-,-) 
#------------------------------------------------------------------------------------------------------------------------------------------------------



Path 10: MET (5331 ps) Setup Check with Pin u_core_u_hit_capture_bridge_snapshot_q_reg[stop_slow_phase_disc][0]/clk->d
           View: tc_view
          Group: clk_sys
     Startpoint: (R) u_core_u_stop_capture_stop_slow_phase_disc_o_reg[0]/q
       Endpoint: (R) u_core_u_hit_capture_bridge_snapshot_q_reg[stop_slow_phase_disc][0]/d
          Clock: (R) clk_sys

                        Capture       Launch  
           Path Delay:+    6250            -  
          Src Latency:+       0               
          Net Latency:+       0 (I)           
        Capture Clock:+       0               
              Arrival:=    6250               
                                              
                Setup:-     619               
          Uncertainty:-     300               
        Required Time:=    5331               
            Data Path:-       0               
                Slack:=    5331               

Exceptions/Constraints:
  max_delay             6250            zipped_path_delay_0 

#----------------------------------------------------------------------------------------------------------------------------------------------------
#                             Timing Point                              Flags   Arc   Edge      Cell        Fanout Load Trans Delay Arrival Instance 
#                                                                                                                  (fF)  (ps)  (ps)   (ps)  Location 
#----------------------------------------------------------------------------------------------------------------------------------------------------
  u_core_u_stop_capture_stop_slow_phase_disc_o_reg[0]/q                 (b,u)   -     R     (arrival)            1  9.3     0     0       0    (-,-) 
  u_core_u_hit_capture_bridge_snapshot_q_reg[stop_slow_phase_disc][0]/d <<<     -     R     unmapped_d_flop      1    -     -     0       0    (-,-) 
#----------------------------------------------------------------------------------------------------------------------------------------------------

(u) : Net has unmapped pin(s).
(b) : Timing paths are broken.

Capture clock path:
#------------------------------------------------------------------------------------------------------------------------------------------------------
#                              Timing Point                               Flags   Arc   Edge      Cell        Fanout Load Trans Delay Arrival Instance 
#                                                                                                                    (fF)  (ps)  (ps)   (ps)  Location 
#------------------------------------------------------------------------------------------------------------------------------------------------------
  clk_sys                                                                 (i,u)   -     R     (arrival)         4859  0.0     0     0    6250    (-,-) 
  u_core_u_hit_capture_bridge_snapshot_q_reg[stop_slow_phase_disc][0]/clk <<<     -     R     unmapped_d_flop   4859    -   150     0    6250    (-,-) 
#------------------------------------------------------------------------------------------------------------------------------------------------------



Path 11: MET (5331 ps) Setup Check with Pin u_core_u_hit_capture_bridge_snapshot_q_reg[phase0_snap]/clk->d
           View: tc_view
          Group: clk_sys
     Startpoint: (R) u_core_u_stop_capture_phase0_snap_o_reg/q
       Endpoint: (R) u_core_u_hit_capture_bridge_snapshot_q_reg[phase0_snap]/d
          Clock: (R) clk_sys

                        Capture       Launch  
           Path Delay:+    6250            -  
          Src Latency:+       0               
          Net Latency:+       0 (I)           
        Capture Clock:+       0               
              Arrival:=    6250               
                                              
                Setup:-     619               
          Uncertainty:-     300               
        Required Time:=    5331               
            Data Path:-       0               
                Slack:=    5331               

Exceptions/Constraints:
  max_delay             6250            zipped_path_delay_0 

#----------------------------------------------------------------------------------------------------------------------------------------
#                       Timing Point                        Flags   Arc   Edge      Cell        Fanout Load Trans Delay Arrival Instance 
#                                                                                                      (fF)  (ps)  (ps)   (ps)  Location 
#----------------------------------------------------------------------------------------------------------------------------------------
  u_core_u_stop_capture_phase0_snap_o_reg/q                 (b,u)   -     R     (arrival)            1  9.3     0     0       0    (-,-) 
  u_core_u_hit_capture_bridge_snapshot_q_reg[phase0_snap]/d <<<     -     R     unmapped_d_flop      1    -     -     0       0    (-,-) 
#----------------------------------------------------------------------------------------------------------------------------------------

(u) : Net has unmapped pin(s).
(b) : Timing paths are broken.

Capture clock path:
#------------------------------------------------------------------------------------------------------------------------------------------
#                        Timing Point                         Flags   Arc   Edge      Cell        Fanout Load Trans Delay Arrival Instance 
#                                                                                                        (fF)  (ps)  (ps)   (ps)  Location 
#------------------------------------------------------------------------------------------------------------------------------------------
  clk_sys                                                     (i,u)   -     R     (arrival)         4859  0.0     0     0    6250    (-,-) 
  u_core_u_hit_capture_bridge_snapshot_q_reg[phase0_snap]/clk <<<     -     R     unmapped_d_flop   4859    -   150     0    6250    (-,-) 
#------------------------------------------------------------------------------------------------------------------------------------------

Some unconstrained paths have not been displayed.
Use -unconstrained or set the root attribute 'timing_report_unconstrained' to 'true' to see only these unconstrained paths.


