MPTDC manual CDC/signoff audit
==============================
Generated: 2026-05-18 12:26:02 CEST

Purpose
-------
First-cleanup evidence because no dedicated CDC signoff tool is assumed.
Review this alongside check_timing_intent and timing reports.

Reset synchronizers
-------------------
Contract: async assertion / sync deassertion per local clock domain
Required evidence: manual waiver if only the first stage sees async reset crossing
Pattern *u_rst*sync* matched 1 cells
  u_core_u_rst_drain_sync u_core_u_rst_fast_sync u_core_u_rst_fifo_sync u_core_u_rst_status_sync u_core_u_rst_tx_sync u_core_u_rst_wdt_sync u_rst_core_sync u_rst_csr_sync

Gray counter synchronizers
--------------------------
Contract: oscillator counter snapshot/continuous CDC
Required evidence: manual waiver plus bounded source-to-first-stage review
Pattern *gray*ff* matched 1 cells
  u_core_u_slow_cnt_gray_snap_ff1_async_reg[0] u_core_u_slow_cnt_gray_snap_ff1_async_reg[1] u_core_u_slow_cnt_gray_snap_ff1_async_reg[2] u_core_u_slow_cnt_gray_snap_ff1_async_reg[3] u_core_u_slow_cnt_gray_snap_ff1_async_reg[4] u_core_u_slow_cnt_gray_snap_ff1_async_reg[5] u_core_u_slow_cnt_gray_snap_ff1_async_reg[6] u_core_u_slow_cnt_gray_snap_ff2_async_reg[0] u_core_u_slow_cnt_gray_snap_ff2_async_reg[2] u_core_u_slow_cnt_gray_snap_ff2_async_reg[3] u_core_u_slow_cnt_gray_snap_ff2_async_reg[5] u_core_u_slow_cnt_gray_snap_ff2_async_reg[6] u_core_u_slow_cnt_gray_snap_ff2_async_reg[1] u_core_u_slow_cnt_gray_snap_ff2_async_reg[4]
Pattern *u_slow_cnt* matched 1 cells
  u_core_u_slow_cnt_dst_count_latched_reg[0] u_core_u_slow_cnt_dst_count_latched_reg[1] u_core_u_slow_cnt_dst_count_latched_reg[2] u_core_u_slow_cnt_dst_count_latched_reg[3] u_core_u_slow_cnt_dst_count_latched_reg[4] u_core_u_slow_cnt_dst_count_latched_reg[5] u_core_u_slow_cnt_gray_snap_ff1_async_reg[0] u_core_u_slow_cnt_gray_snap_ff1_async_reg[1] u_core_u_slow_cnt_gray_snap_ff1_async_reg[2] u_core_u_slow_cnt_gray_snap_ff1_async_reg[3] u_core_u_slow_cnt_gray_snap_ff1_async_reg[4] u_core_u_slow_cnt_gray_snap_ff1_async_reg[5] u_core_u_slow_cnt_gray_snap_ff1_async_reg[6] u_core_u_slow_cnt_gray_snap_ff2_async_reg[0] u_core_u_slow_cnt_gray_snap_ff2_async_reg[2] u_core_u_slow_cnt_gray_snap_ff2_async_reg[3] u_core_u_slow_cnt_gray_snap_ff2_async_reg[5] u_core_u_slow_cnt_gray_snap_ff2_async_reg[6] u_core_u_slow_cnt_gray_src_cont_q_reg[0] u_core_u_slow_cnt_gray_src_cont_q_reg[1] u_core_u_slow_cnt_gray_src_cont_q_reg[2] u_core_u_slow_cnt_gray_src_cont_q_reg[3] u_core_u_slow_cnt_gray_src_cont_q_reg[4] u_core_u_slow_cnt_gray_src_cont_q_reg[5] u_core_u_slow_cnt_gray_src_cont_q_reg[6] u_core_u_slow_cnt_gray_src_snap_async_q_reg[0] u_core_u_slow_cnt_gray_src_snap_async_q_reg[1] u_core_u_slow_cnt_gray_src_snap_async_q_reg[2] u_core_u_slow_cnt_gray_src_snap_async_q_reg[3] u_core_u_slow_cnt_gray_src_snap_async_q_reg[4] u_core_u_slow_cnt_gray_src_snap_async_q_reg[5] u_core_u_slow_cnt_gray_src_snap_async_q_reg[6] u_core_u_slow_cnt_src_en_q_reg u_core_u_slow_cnt_gray_snap_ff2_async_reg[1] u_core_u_slow_cnt_gray_snap_ff2_async_reg[4] u_core_u_slow_cnt_bin_q_reg[0] u_core_u_slow_cnt_bin_q_reg[1] u_core_u_slow_cnt_bin_q_reg[2] u_core_u_slow_cnt_bin_q_reg[3] u_core_u_slow_cnt_bin_q_reg[6] u_core_u_slow_cnt_bin_q_reg[4] u_core_u_slow_cnt_dst_count_latched_reg[6] u_core_u_slow_cnt_bin_q_reg[5]
Pattern *u_fast_cnt* matched 1 cells
  u_core_u_fast_cnt_src_en_q_reg u_core_u_fast_cnt_bin_q_reg[0] u_core_u_fast_cnt_bin_q_reg[1] u_core_u_fast_cnt_bin_q_reg[2] u_core_u_fast_cnt_bin_q_reg[3] u_core_u_fast_cnt_bin_q_reg[4] u_core_u_fast_cnt_bin_q_reg[5] u_core_u_fast_cnt_bin_q_reg[6]

Context drain synchronizers
---------------------------
Contract: async drain flag into clk_sys before static context-bus read
Required evidence: 2FF sync plus static-bus-after-handshake waiver
Pattern *ctx_drain_sync_ff* matched 1 cells
  u_core_ctx_drain_sync_ff1_reg[0] u_core_ctx_drain_sync_ff1_reg[1] u_core_ctx_drain_sync_ff2_reg[0] u_core_ctx_drain_sync_ff2_reg[1]

Async frontend latches
----------------------
Contract: START/STOP event ownership and context allocation
Required evidence: intentional latch waiver; no setup/hold relation to clk_sys
Pattern *u_frontend* matched 1 cells
  u_core_u_frontend_active_ctx_q_reg[0] u_core_u_frontend_ctx_drain_q_reg[0] u_core_u_frontend_ctx_drain_q_reg[1] u_core_u_frontend_start_accept_seen_q_reg u_core_u_frontend_start_latched_q_reg u_core_u_frontend_stop_latched_q_reg

STOP boundary capture
---------------------
Contract: STOP-edge measurement metadata capture
Required evidence: intentional event-boundary waiver; verify no accidental normal sync path
Pattern *u_stop_capture* matched 1 cells
  u_core_u_stop_capture_phase0_snap_o_reg u_core_u_stop_capture_slow_boundary_inc_o_reg

PD measurement fabric
---------------------
Contract: fast tap clocks sample slow tap signals for Vernier measurement
Required evidence: intentional clock-as-data structure; verify all taps are modeled
Pattern *gen_pd_row*gen_pd_col*u_pd* matched 1 cells
  u_core_gen_pd_row[0].gen_pd_col[0].u_pd u_core_gen_pd_row[0].gen_pd_col[1].u_pd u_core_gen_pd_row[0].gen_pd_col[2].u_pd u_core_gen_pd_row[0].gen_pd_col[3].u_pd u_core_gen_pd_row[0].gen_pd_col[4].u_pd u_core_gen_pd_row[0].gen_pd_col[5].u_pd u_core_gen_pd_row[0].gen_pd_col[6].u_pd u_core_gen_pd_row[0].gen_pd_col[7].u_pd u_core_gen_pd_row[1].gen_pd_col[0].u_pd u_core_gen_pd_row[1].gen_pd_col[1].u_pd u_core_gen_pd_row[1].gen_pd_col[2].u_pd u_core_gen_pd_row[1].gen_pd_col[3].u_pd u_core_gen_pd_row[1].gen_pd_col[4].u_pd u_core_gen_pd_row[1].gen_pd_col[5].u_pd u_core_gen_pd_row[1].gen_pd_col[6].u_pd u_core_gen_pd_row[1].gen_pd_col[7].u_pd u_core_gen_pd_row[2].gen_pd_col[0].u_pd u_core_gen_pd_row[2].gen_pd_col[1].u_pd u_core_gen_pd_row[2].gen_pd_col[2].u_pd u_core_gen_pd_row[2].gen_pd_col[3].u_pd u_core_gen_pd_row[2].gen_pd_col[4].u_pd u_core_gen_pd_row[2].gen_pd_col[5].u_pd u_core_gen_pd_row[2].gen_pd_col[6].u_pd u_core_gen_pd_row[2].gen_pd_col[7].u_pd u_core_gen_pd_row[3].gen_pd_col[0].u_pd u_core_gen_pd_row[3].gen_pd_col[1].u_pd u_core_gen_pd_row[3].gen_pd_col[2].u_pd u_core_gen_pd_row[3].gen_pd_col[3].u_pd u_core_gen_pd_row[3].gen_pd_col[4].u_pd u_core_gen_pd_row[3].gen_pd_col[5].u_pd u_core_gen_pd_row[3].gen_pd_col[6].u_pd u_core_gen_pd_row[3].gen_pd_col[7].u_pd u_core_gen_pd_row[4].gen_pd_col[0].u_pd u_core_gen_pd_row[4].gen_pd_col[1].u_pd u_core_gen_pd_row[4].gen_pd_col[2].u_pd u_core_gen_pd_row[4].gen_pd_col[3].u_pd u_core_gen_pd_row[4].gen_pd_col[4].u_pd u_core_gen_pd_row[4].gen_pd_col[5].u_pd u_core_gen_pd_row[4].gen_pd_col[6].u_pd u_core_gen_pd_row[4].gen_pd_col[7].u_pd u_core_gen_pd_row[5].gen_pd_col[0].u_pd u_core_gen_pd_row[5].gen_pd_col[1].u_pd u_core_gen_pd_row[5].gen_pd_col[2].u_pd u_core_gen_pd_row[5].gen_pd_col[3].u_pd u_core_gen_pd_row[5].gen_pd_col[4].u_pd u_core_gen_pd_row[5].gen_pd_col[5].u_pd u_core_gen_pd_row[5].gen_pd_col[6].u_pd u_core_gen_pd_row[5].gen_pd_col[7].u_pd u_core_gen_pd_row[6].gen_pd_col[0].u_pd u_core_gen_pd_row[6].gen_pd_col[1].u_pd u_core_gen_pd_row[6].gen_pd_col[2].u_pd u_core_gen_pd_row[6].gen_pd_col[3].u_pd u_core_gen_pd_row[6].gen_pd_col[4].u_pd u_core_gen_pd_row[6].gen_pd_col[5].u_pd u_core_gen_pd_row[6].gen_pd_col[6].u_pd u_core_gen_pd_row[6].gen_pd_col[7].u_pd u_core_gen_pd_row[7].gen_pd_col[0].u_pd u_core_gen_pd_row[7].gen_pd_col[1].u_pd u_core_gen_pd_row[7].gen_pd_col[2].u_pd u_core_gen_pd_row[7].gen_pd_col[3].u_pd u_core_gen_pd_row[7].gen_pd_col[4].u_pd u_core_gen_pd_row[7].gen_pd_col[5].u_pd u_core_gen_pd_row[7].gen_pd_col[6].u_pd u_core_gen_pd_row[7].gen_pd_col[7].u_pd

Reviewer checklist
------------------
   Every async-looking endpoint in check_timing_intent is in one class above.
   No ordinary clk_sys logic appears only because of a broad false path.
   Static context-bank bus is sampled only after ctx_drain synchronization.
   PD cell clock/data warnings are limited to intentional Vernier sampling.
