--- Compiling/running VIP test with xrun ---
TOOL:	xrun(64)	23.03-s007: Started on May 20, 2026 at 11:54:32 CEST
xrun(64): 23.03-s007: (c) Copyright 1995-2023 Cadence Design Systems, Inc.
Loading snapshot worklib.mptdc_vip_tb:sv .................... Done
SVSEED default: 1
xcelium> source /eda/cadence/2023-24/RHELx86/XCELIUM_23.03.007/tools/xcelium/files/xmsimrc
xcelium> run
[OSC_WRAPPER] MODE = MODEL (behavioural simulation with #delays)
[OSC_MODEL] NE=8 TS_STEP_PS=55 HALF_PERIOD=440
[OSC_MODEL] jitter_sigma_ps=0 jitter_bound_ps=0
[OSC_WRAPPER] MODE = MODEL (behavioural simulation with #delays)
[OSC_MODEL] NE=8 TS_STEP_PS=50 HALF_PERIOD=400
[OSC_MODEL] jitter_sigma_ps=0 jitter_bound_ps=0
[VIP][TB] Starting test=overflow_status seed=10122 stop_model=1 ref_phase_ps=3727 jitter_sigma_ps=0 jitter_bound_ps=0 num_conv=100
[VIP][DRV] RESET[reset] low=100000 settle=100000
[VIP][DRV] CFG[cfg_ovf] mode=0 input=0 out=2 max_hits=15 eff_max_hits=15 wdt_ctx=0 wdt_global=0
[VIP][DRV] BP[bp_ready] mode=always_ready seed=10122
[VIP][DRV] End-of-test transaction observed
[VIP][SB] Scoreboard done: 0 packets checked
xmsim: *E,ERRSEV (./tb/vip/pkg/mptdc_vip_pkg.sv,1167): (time 884375 PS).
mptdc_vip_pkg::mptdc_scoreboard.fail
[VIP][SB] overflow_status expected exactly one rejected START, got OVF_COUNT=0
xmsim: *F,FATSEV (./tb/vip/pkg/mptdc_vip_pkg.sv,1368): (time 1159375 PS).
mptdc_vip_pkg::mptdc_base_test.run
TEST overflow_status FAILED with 1 scoreboard errors
Simulation terminated via $fatal(1) at time 1159375 PS + 1
./tb/vip/pkg/mptdc_vip_pkg.sv:1368         $fatal(1, "TEST %s FAILED with %0d scoreboard errors", test_name, env.sb.error_count);
xcelium> exit
xmsim: *N,COVCGN: Coverage configuration file command "set_covergroup -new_instance_reporting" can be specified to improve the scoping and naming of covergroup instances. It may be noted that subsequent merging of a coverage database saved with this command and a coverage database saved without this command is not allowed.
xmsim: *W,CGDEFN: Default name "mptdc_vip_tb.test.mptdc_base_test::env.cov.stim_cg" will be generated for covergroup instance "stim_cg" as the name of the covergroup instance is not specified explicitly: ./tb/vip/pkg/mptdc_vip_pkg.sv, 644.
xmsim: *W,CGDEFN: Default name "mptdc_vip_tb.test.mptdc_base_test::env.cov.pkt_cg" will be generated for covergroup instance "pkt_cg" as the name of the covergroup instance is not specified explicitly: ./tb/vip/pkg/mptdc_vip_pkg.sv, 714.

coverage setup:
  workdir  :  /home/validmgr/ksabra/2026_SPAD/SPADMIC/MPTDC/results/vip_overnight/vip/cov_work
  dutinst  :  mptdc_vip_tb(mptdc_vip_tb)
  scope    :  scope
  testname :  overflow_status__seed_10122

coverage files:
  model(design data) :  /home/validmgr/ksabra/2026_SPAD/SPADMIC/MPTDC/results/vip_overnight/vip/cov_work/scope/icc_588a7ffa_24349ca5.ucm (reused)
  data               :  /home/validmgr/ksabra/2026_SPAD/SPADMIC/MPTDC/results/vip_overnight/vip/cov_work/scope/overflow_status__seed_10122/icc_588a7ffa_24349ca5.ucd
TOOL:	xrun(64)	23.03-s007: Exiting on May 20, 2026 at 11:54:48 CEST  (total: 00:00:16)
