# O13 abs3 CDC Async Review

Expected: report_timing from clk_sys to oscillator clocks and back should show no ordinary synchronous timing paths after clock grouping.

clk_sys clocks: 1
raw oscillator clocks: 16
buffer oscillator clocks: 16

## clk_sys_to_osc
============================================================
  Generated by:           Genus(TM) Synthesis Solution 22.13-s093_1
  Generated on:           Jul 06 2026  02:34:33 pm
  Module:                 mptdc_axis_core
  Operating conditions:   typ_1_80V_25C 
  Interconnect mode:      global
  Area mode:              physical library
============================================================

Some unconstrained paths have not been displayed.
Use -unconstrained or set the root attribute 'timing_report_unconstrained' to 'true' to see only these unconstrained paths.




## osc_to_clk_sys
============================================================
  Generated by:           Genus(TM) Synthesis Solution 22.13-s093_1
  Generated on:           Jul 06 2026  02:34:33 pm
  Module:                 mptdc_axis_core
  Operating conditions:   typ_1_80V_25C 
  Interconnect mode:      global
  Area mode:              physical library
============================================================

Some unconstrained paths have not been displayed.
Use -unconstrained or set the root attribute 'timing_report_unconstrained' to 'true' to see only these unconstrained paths.




