MPTDC high-fanout net audit
===========================
Generated: 2026-06-04 12:06:43 CEST
Threshold: fanout >= 20

Fanout     Net                                                                              Driver
--------------------------------------------------------------------------------------------------------------------------------------------
4859       clk_sys                                                                          clk_sys
160        n_249                                                                            g105167/Q
153        n_253                                                                            g105154/Q
132        u_core_u_stop_epoch_capture_n_392_BAR                                            g67831/Q
129        n_251                                                                            drc_bufs107408/Q
128        n_244                                                                            g105078/Q
128        n_245                                                                            g105171/Q
128        n_246                                                                            g105103/Q
128        n_247                                                                            g105083/Q
128        n_252                                                                            g105180/Q
128        n_254                                                                            g105120/Q
128        n_256                                                                            g105200/Q
128        n_257                                                                            g105150/Q
128        n_258                                                                            g105175/Q
128        n_259                                                                            g105147/Q
122        n_250                                                                            drc_bufs107407/Q
97         n_137                                                                            g106190/Q
97         n_139                                                                            g106199/Q
97         n_144                                                                            g106249/Q
97         n_1470                                                                           g106369/Q
92         rst_core_n                                                                       u_rst_core_sync/drc_bufs/Q
92         n_126                                                                            g106181/Q
89         u_core_fast_phase[0]                                                             u_core_u_osc_fast_u_ro_tune4/S[0]
89         n_1810                                                                           g105112/Q
89         n_1811                                                                           g105209/Q
87         u_core_fast_phase[1]                                                             u_core_u_osc_fast_u_ro_tune4/S[1]
87         u_core_fast_phase[2]                                                             u_core_u_osc_fast_u_ro_tune4/S[2]
87         u_core_fast_phase[3]                                                             u_core_u_osc_fast_u_ro_tune4/S[3]
87         u_core_fast_phase[4]                                                             u_core_u_osc_fast_u_ro_tune4/S[4]
87         u_core_fast_phase[5]                                                             u_core_u_osc_fast_u_ro_tune4/S[5]
87         u_core_fast_phase[6]                                                             u_core_u_osc_fast_u_ro_tune4/S[6]
87         u_core_fast_phase[7]                                                             u_core_u_osc_fast_u_ro_tune4/S[7]
86         n_171                                                                            g106390/Q
82         n_122                                                                            g106237/Q
73         u_core_slow_phase[0]                                                             u_core_u_osc_slow_u_ro_tune4/S[0]
69         n_7019                                                                           g67803/Q
67         n_143                                                                            g106217/Q
67         n_509                                                                            g106234/Q
64         u_core_meas_pd_clear                                                             drc_bufs68634/Q
64         n_136                                                                            g106221/Q
64         n_138                                                                            g106212/Q
64         n_140                                                                            g106214/Q
64         n_141                                                                            g106225/Q
64         n_142                                                                            g106232/Q
64         n_169                                                                            g106378/Q
64         n_170                                                                            g106372/Q
64         n_240                                                                            g106377/Q
64         n_243                                                                            g106380/Q
64         n_248                                                                            g105108/Q
64         n_255                                                                            g105205/Q
64         n_710                                                                            g106204/Q
64         n_1498                                                                           g106373/Q
64         n_6972                                                                           g54552/Q
64         n_6973                                                                           g54551/Q
64         n_6975                                                                           g54557/Q
64         n_6977                                                                           g54554/Q
56         n_6716                                                                           g67828/Q
53         n_10723                                                                          g501/Q
50         u_core_drain_fifo_wr_data[hit][event_seq][0]                                     u_core_u_drain_ctrl_pending_wr_data_q_reg[hit][event_seq][0]/Q
50         u_core_drain_fifo_wr_data[hit][event_seq][1]                                     u_core_u_drain_ctrl_pending_wr_data_q_reg[hit][event_seq][1]/Q
50         u_core_drain_fifo_wr_data[hit][event_seq][2]                                     u_core_u_drain_ctrl_pending_wr_data_q_reg[hit][event_seq][2]/Q
50         u_core_drain_fifo_wr_data[hit][event_seq][3]                                     u_core_u_drain_ctrl_pending_wr_data_q_reg[hit][event_seq][3]/Q
50         u_core_drain_fifo_wr_data[hit][nf][0]                                            u_core_u_drain_ctrl_pending_wr_data_q_reg[hit][nf][0]/Q
50         u_core_drain_fifo_wr_data[hit][nf][1]                                            u_core_u_drain_ctrl_pending_wr_data_q_reg[hit][nf][1]/Q
50         u_core_drain_fifo_wr_data[hit][nf][2]                                            u_core_u_drain_ctrl_pending_wr_data_q_reg[hit][nf][2]/Q
50         u_core_drain_fifo_wr_data[hit][nfast][0]                                         u_core_u_drain_ctrl_pending_wr_data_q_reg[hit][nfast][0]/Q
50         u_core_drain_fifo_wr_data[hit][nfast][1]                                         u_core_u_drain_ctrl_pending_wr_data_q_reg[hit][nfast][1]/Q
50         u_core_drain_fifo_wr_data[hit][nfast][2]                                         u_core_u_drain_ctrl_pending_wr_data_q_reg[hit][nfast][2]/Q
50         u_core_drain_fifo_wr_data[hit][nfast][3]                                         u_core_u_drain_ctrl_pending_wr_data_q_reg[hit][nfast][3]/Q
50         u_core_drain_fifo_wr_data[hit][nfast][4]                                         u_core_u_drain_ctrl_pending_wr_data_q_reg[hit][nfast][4]/Q
50         u_core_drain_fifo_wr_data[hit][nfast][5]                                         u_core_u_drain_ctrl_pending_wr_data_q_reg[hit][nfast][5]/Q
50         u_core_drain_fifo_wr_data[hit][nfast][6]                                         u_core_u_drain_ctrl_pending_wr_data_q_reg[hit][nfast][6]/Q
50         u_core_drain_fifo_wr_data[hit][ns][0]                                            u_core_u_drain_ctrl_pending_wr_data_q_reg[hit][ns][0]/Q
50         u_core_drain_fifo_wr_data[hit][ns][1]                                            u_core_u_drain_ctrl_pending_wr_data_q_reg[hit][ns][1]/Q
50         u_core_drain_fifo_wr_data[hit][ns][2]                                            u_core_u_drain_ctrl_pending_wr_data_q_reg[hit][ns][2]/Q
50         u_core_drain_fifo_wr_data[kind][0]                                               u_core_u_drain_ctrl_pending_wr_data_q_reg[kind][0]/Q
50         u_core_drain_fifo_wr_data[meta][ctx_id][0]                                       u_core_u_drain_ctrl_pending_wr_data_q_reg[meta][ctx_id][0]/Q
50         u_core_drain_fifo_wr_data[meta][flags][closed_by_fast_maxhit]                    u_core_u_drain_ctrl_pending_wr_data_q_reg[meta][flags][closed_by_fast_maxhit]/Q
50         u_core_drain_fifo_wr_data[meta][flags][closed_by_maxhits]                        u_core_u_drain_ctrl_pending_wr_data_q_reg[meta][flags][closed_by_maxhits]/Q
50         u_core_drain_fifo_wr_data[meta][flags][closed_by_watchdog]                       u_core_u_drain_ctrl_pending_wr_data_q_reg[meta][flags][closed_by_watchdog]/Q
50         u_core_drain_fifo_wr_data[meta][hit_count][0]                                    u_core_u_drain_ctrl_pending_wr_data_q_reg[meta][hit_count][0]/Q
50         u_core_drain_fifo_wr_data[meta][hit_count][1]                                    u_core_u_drain_ctrl_pending_wr_data_q_reg[meta][hit_count][1]/Q
50         u_core_drain_fifo_wr_data[meta][hit_count][2]                                    u_core_u_drain_ctrl_pending_wr_data_q_reg[meta][hit_count][2]/Q
50         u_core_drain_fifo_wr_data[meta][hit_count][3]                                    u_core_u_drain_ctrl_pending_wr_data_q_reg[meta][hit_count][3]/Q
50         u_core_drain_fifo_wr_data[meta][nfast][0]                                        u_core_u_drain_ctrl_pending_wr_data_q_reg[meta][nfast][0]/Q
50         u_core_drain_fifo_wr_data[meta][nfast][1]                                        u_core_u_drain_ctrl_pending_wr_data_q_reg[meta][nfast][1]/Q
50         u_core_drain_fifo_wr_data[meta][nfast][2]                                        u_core_u_drain_ctrl_pending_wr_data_q_reg[meta][nfast][2]/Q
50         u_core_drain_fifo_wr_data[meta][nfast][3]                                        u_core_u_drain_ctrl_pending_wr_data_q_reg[meta][nfast][3]/Q
50         u_core_drain_fifo_wr_data[meta][nfast][4]                                        u_core_u_drain_ctrl_pending_wr_data_q_reg[meta][nfast][4]/Q
50         u_core_drain_fifo_wr_data[meta][nfast][5]                                        u_core_u_drain_ctrl_pending_wr_data_q_reg[meta][nfast][5]/Q
50         u_core_drain_fifo_wr_data[meta][nfast][6]                                        u_core_u_drain_ctrl_pending_wr_data_q_reg[meta][nfast][6]/Q
50         u_core_drain_fifo_wr_data[meta][nslow][0]                                        u_core_u_drain_ctrl_pending_wr_data_q_reg[meta][nslow][0]/Q
50         u_core_drain_fifo_wr_data[meta][nslow][1]                                        u_core_u_drain_ctrl_pending_wr_data_q_reg[meta][nslow][1]/Q
50         u_core_drain_fifo_wr_data[meta][nslow][2]                                        u_core_u_drain_ctrl_pending_wr_data_q_reg[meta][nslow][2]/Q
50         u_core_drain_fifo_wr_data[meta][nslow][3]                                        u_core_u_drain_ctrl_pending_wr_data_q_reg[meta][nslow][3]/Q
50         u_core_drain_fifo_wr_data[meta][nslow][4]                                        u_core_u_drain_ctrl_pending_wr_data_q_reg[meta][nslow][4]/Q
50         u_core_drain_fifo_wr_data[meta][nslow][5]                                        u_core_u_drain_ctrl_pending_wr_data_q_reg[meta][nslow][5]/Q
50         u_core_drain_fifo_wr_data[meta][nslow][6]                                        u_core_u_drain_ctrl_pending_wr_data_q_reg[meta][nslow][6]/Q
50         u_core_drain_fifo_wr_data[meta][phase0_snap]                                     u_core_u_drain_ctrl_pending_wr_data_q_reg[meta][phase0_snap]/Q
50         u_core_drain_fifo_wr_data[meta][stop_slow_phase_disc][0]                         u_core_u_drain_ctrl_pending_wr_data_q_reg[meta][stop_slow_phase_disc][0]/Q
50         u_core_drain_fifo_wr_data[meta][stop_slow_phase_disc][1]                         u_core_u_drain_ctrl_pending_wr_data_q_reg[meta][stop_slow_phase_disc][1]/Q
50         u_core_drain_fifo_wr_data[meta][stop_slow_phase_disc][2]                         u_core_u_drain_ctrl_pending_wr_data_q_reg[meta][stop_slow_phase_disc][2]/Q
48         n_1947                                                                           g106363/Q
46         n_132                                                                            g106409/Q
45         n_760                                                                            g104736/Q
45         n_1604                                                                           g104379/Q
45         n_1607                                                                           g104380/Q
45         n_1610                                                                           g104377/Q
45         n_1613                                                                           g104378/Q
45         n_1616                                                                           g104381/Q
45         n_1619                                                                           g104382/Q
45         n_1622                                                                           g104405/Q
45         n_1625                                                                           g104374/Q
45         n_1628                                                                           g104394/Q
45         n_1631                                                                           g104399/Q
45         n_1634                                                                           g104400/Q
45         n_1637                                                                           g104401/Q
45         n_1640                                                                           g104402/Q
45         n_1643                                                                           g104403/Q
45         n_1646                                                                           g104391/Q
45         n_1649                                                                           g104392/Q
45         n_1652                                                                           g104404/Q
45         n_1655                                                                           g104393/Q
45         n_1658                                                                           g104395/Q
45         n_1661                                                                           g104396/Q
45         n_1664                                                                           g104397/Q
45         n_1667                                                                           g104398/Q
45         n_1670                                                                           g104383/Q
45         n_1673                                                                           g104384/Q
45         n_1676                                                                           g104385/Q
45         n_1679                                                                           g104390/Q
45         n_1682                                                                           g104386/Q
45         n_1685                                                                           g104387/Q
45         n_1688                                                                           g104388/Q
45         n_1691                                                                           g104389/Q
45         n_1694                                                                           g104375/Q
45         n_1697                                                                           g104376/Q
44         u_core_u_fifo_n_8287                                                             g969/Q
44         u_core_u_fifo_n_8288                                                             g996/Q
44         n_175                                                                            drc_bufs107221/Q
44         n_176                                                                            drc_bufs107182/Q
44         n_178                                                                            drc_bufs107000/Q
44         n_179                                                                            drc_bufs107091/Q
44         n_181                                                                            drc_bufs107078/Q
44         n_183                                                                            drc_bufs107065/Q
44         n_185                                                                            drc_bufs107052/Q
44         n_187                                                                            drc_bufs107039/Q
44         n_189                                                                            drc_bufs107364/Q
44         n_191                                                                            drc_bufs107299/Q
44         n_193                                                                            drc_bufs107377/Q
44         n_195                                                                            drc_bufs107286/Q
44         n_197                                                                            drc_bufs107338/Q
44         n_199                                                                            drc_bufs107273/Q
44         n_201                                                                            drc_bufs107026/Q
44         n_203                                                                            drc_bufs107013/Q
44         n_205                                                                            drc_bufs107351/Q
44         n_207                                                                            drc_bufs107260/Q
44         n_209                                                                            drc_bufs107390/Q
44         n_211                                                                            drc_bufs107312/Q
44         n_213                                                                            drc_bufs107403/Q
44         n_215                                                                            drc_bufs107325/Q
44         n_217                                                                            drc_bufs107117/Q
44         n_219                                                                            drc_bufs107104/Q
44         n_221                                                                            drc_bufs107247/Q
44         n_223                                                                            drc_bufs107208/Q
44         n_225                                                                            drc_bufs107156/Q
44         n_227                                                                            drc_bufs107143/Q
44         n_229                                                                            drc_bufs107169/Q
44         n_231                                                                            drc_bufs107130/Q
44         n_233                                                                            drc_bufs107234/Q
44         n_235                                                                            drc_bufs107195/Q
44         n_1606                                                                           g101096/Q
44         n_1609                                                                           g101181/Q
44         n_1612                                                                           g101101/Q
44         n_1615                                                                           g101186/Q
44         n_1618                                                                           g101106/Q
44         n_1621                                                                           g101191/Q
44         n_1624                                                                           g101111/Q
44         n_1627                                                                           g101196/Q
44         n_1630                                                                           g101116/Q
44         n_1633                                                                           g101201/Q
44         n_1636                                                                           g101121/Q
44         n_1639                                                                           g101206/Q
44         n_1642                                                                           g101126/Q
44         n_1645                                                                           g101211/Q
44         n_1648                                                                           g101131/Q
44         n_1651                                                                           g101216/Q
44         n_1654                                                                           g101136/Q
44         n_1657                                                                           g101141/Q
44         n_1660                                                                           g101221/Q
44         n_1663                                                                           g101146/Q
44         n_1666                                                                           g101066/Q
44         n_1669                                                                           g101151/Q
44         n_1672                                                                           g101071/Q
44         n_1675                                                                           g101156/Q
44         n_1678                                                                           g101076/Q
44         n_1681                                                                           g101161/Q
44         n_1684                                                                           g101081/Q
44         n_1687                                                                           g101166/Q
44         n_1690                                                                           g101086/Q

Reported 200 of 321 nets at or above threshold.
