# Excerpt from /sim/ksabra/SPADMIC_work/genus/genus_matrix_ooc_staged_20260630_1516/matrix_top_csr/reports/qor/report_qor.rpt
# First 220 lines
============================================================
  Generated by:           Genus(TM) Synthesis Solution 22.13-s093_1
  Generated on:           Jun 30 2026  03:38:53 pm
  Module:                 spadmic_matrix_top_csr
  Operating conditions:   typ_1_80V_25C 
  Interconnect mode:      global
  Area mode:              physical library
============================================================

Timing
--------

 Clock  Period 
---------------
clk_sys 6250.0 


  Cost    Critical         Violating 
 Group   Path Slack  TNS     Paths   
-------------------------------------
clk_sys      1692.4   0.0          0 
default    No paths   0.0            
-------------------------------------
Total                 0.0          0 

Instance Count
--------------
Leaf Instance Count             1030 
Physical Instance count            0 
Sequential Instance Count        303 
Combinational Instance Count     727 
Hierarchical Instance Count        0 

Area
----
Cell Area                          33336.934
Physical Cell Area                 0.000
Total Cell Area (Cell+Physical)    33336.934
Net Area                           19421.520
Total Area (Cell+Physical+Net)     52758.454

Max Fanout                         303 (clk_sys)
Min Fanout                         0 (rst_n)
Average Fanout                     2.6
Terms to net ratio                 3.4179
Terms to instance ratio            4.8913
Runtime                            71.093447 seconds
Elapsed Runtime                    70 seconds
Genus peak memory usage            1966.30 
Innovus peak memory usage          no_value 
Hostname                           lyoelectrosrv01.in2p3.fr
