============================================================
  Generated by:           Genus(TM) Synthesis Solution 22.13-s093_1
  Generated on:           May 12 2026  02:39:10 pm
  Module:                 mptdc_top_asic
  Operating conditions:   slow_1_62V_125C 
  Interconnect mode:      global
  Area mode:              physical library
============================================================

Timing
--------

Analysis view     Clock    Period 
----------------------------------
wc_view       clk_osc_fast  900.0 
              clk_osc_slow 1000.0 
              clk_sys      6250.0 


Analysis     Cost      Critical        Violating 
  View       Group    Path Slack  TNS    Paths   
-------------------------------------------------
wc_view  clk_osc_fast   No paths  0.0          0 
         clk_osc_slow   No paths  0.0          0 
              clk_sys        2.6  0.0          0 
              default   No paths  0.0          0 
-------------------------------------------------
Total                            -0.0          0 
                                                 

Instance Count
--------------
Leaf Instance Count             1411 
Physical Instance count            0 
Sequential Instance Count        296 
Combinational Instance Count    1115 
Hierarchical Instance Count        7 

Area
----
Cell Area                          31921.971
Physical Cell Area                 0.000
Total Cell Area (Cell+Physical)    31921.971
Net Area                           18104.738
Total Area (Cell+Physical+Net)     50026.709

Power
-----
Leakage Power                      461.059 nW
Dynamic Power                      5801880.809 nW
Total Power                        5802341.868 nW

Max Fanout                         292 (clk_sys)
Min Fanout                         0 (local_async_rst_n)
Average Fanout                     2.3
Terms to net ratio                 3.3232
Terms to instance ratio            3.5563
Runtime                            147.46505499999992 seconds
Elapsed Runtime                    133 seconds
Genus peak memory usage            2071.92 
Innovus peak memory usage          no_value 
Hostname                           lyoelectrosrv01.in2p3.fr
