        Initializing DRC engine.
============================================================
  Generated by:           Genus(TM) Synthesis Solution 22.13-s093_1
  Generated on:           May 12 2026  02:39:10 pm
  Module:                 mptdc_top_asic
  Operating conditions:   slow_1_62V_125C 
  Interconnect mode:      global
  Area mode:              physical library
============================================================

Max_transition design rule (violation total = 5204)
Pin                                                  Slew           Max     Violation
---------------------------------------------------------------------------------------
g28020__6417/A                                        873           500           373
  --> Other violations on net                                 373
g28028__4319/Q                                        873           500           373
  --> Other violations on net                                 373
g28130__8246/A                                        864           500           364
  --> Other violations on net                                 364
g28536__7410/Q                                        864           500           364
  --> Other violations on net                                 364
drc_bufs29286/A                                       637           500           137
  --> Other violations on net                                 410
g28090__1705/B                                        637           500           137
  --> Other violations on net                                 410
g28804__4733/B                                        637           500           137
  --> Other violations on net                                 410
drc_bufs29287/Q                                       637           500           137
  --> Other violations on net                                 410
g28738__1881/A                                        761           500           261
  --> Other violations on net                                 261
g29540/Q                                              761           500           261
  --> Other violations on net                                 261
g28036__1617/A                                        715           500           215
  --> Other violations on net                                 215
g28054__9315/Q                                        715           500           215
  --> Other violations on net                                 215
g25281__1666/B                                        714           500           214
  --> Other violations on net                                 214
g25320__8428/Q                                        714           500           214
  --> Other violations on net                                 214
g28011__9315/A                                        709           500           209
  --> Other violations on net                                 209
g28022__5477/Q                                        709           500           209
  --> Other violations on net                                 209
u_core_ovf_count_r_reg[7]/D                           650           500           150
  --> Other violations on net                                 150
g28036__1617/Q                                        650           500           150
  --> Other violations on net                                 150
u_core_ovf_count_r_reg[12]/D                          646           500           146
  --> Other violations on net                                 146
g28011__9315/Q                                        646           500           146
  --> Other violations on net                                 146
u_core_u_wdt_wdt_force_reset_o_reg/D                  582           500            82
  --> Other violations on net                                 82
g25172__4319/Q                                        582           500            82
  --> Other violations on net                                 82
inc_u_core_add_523_42_g488__5115/AN                   531           500            31
  --> Other violations on net                                 63
inc_u_core_add_523_42_g473__5526/A                    531           500            31
  --> Other violations on net                                 63
g29544/Q                                              531           500            31
  --> Other violations on net                                 63
inc_u_core_add_523_42_g480__1705/AN                   529           500            29
  --> Other violations on net                                 58
inc_u_core_add_523_42_g469__5107/A                    529           500            29
  --> Other violations on net                                 58
g29542/Q                                              529           500            29
  --> Other violations on net                                 58
inc_u_core_add_523_42_g472__8428/A                    536           500            36
  --> Other violations on net                                 36
inc_u_core_add_523_42_g507__8428/Q                    536           500            36
  --> Other violations on net                                 36
g28720__7410/B                                        534           500            34
  --> Other violations on net                                 34
inc_u_core_add_523_42_g467__5477/Q                    534           500            34
  --> Other violations on net                                 34
g28721__6417/B                                        530           500            30
  --> Other violations on net                                 30
inc_u_core_add_523_42_g489__7482/Q                    530           500            30
  --> Other violations on net                                 30
g28716__9945/B                                        530           500            30
  --> Other violations on net                                 30
inc_u_core_add_523_42_g469__5107/Q                    530           500            30
  --> Other violations on net                                 30
g28714__6161/B                                        530           500            30
  --> Other violations on net                                 30
inc_u_core_add_523_42_g472__8428/Q                    530           500            30
  --> Other violations on net                                 30
inc_u_core_add_523_42_g470__6260/B                    517           500            17
  --> Other violations on net                                 35
inc_u_core_add_523_42_g632__1705/C                    517           500            17
  --> Other violations on net                                 35
g29543/Q                                              517           500            17
  --> Other violations on net                                 35
g28726__4319/B                                        513           500            13
  --> Other violations on net                                 13
inc_u_core_add_523_42_g464__1666/Q                    513           500            13
  --> Other violations on net                                 13
u_core_u_narrow_tx_conv_count_q_reg[0]/D              513           500            13
  --> Other violations on net                                 13
g28570__7098/Q                                        513           500            13
  --> Other violations on net                                 13
g28100__6161/A                                        502           500             2
  --> Other violations on net                                 18
g28161__8428/A                                        502           500             2
  --> Other violations on net                                 18
g28099__4733/B                                        502           500             2
  --> Other violations on net                                 18
g28066__2346/B                                        502           500             2
  --> Other violations on net                                 18
g28346__5107/A                                        502           500             2
  --> Other violations on net                                 18
g28347__6260/B                                        502           500             2
  --> Other violations on net                                 18
g28490__4733/A                                        502           500             2
  --> Other violations on net                                 18
g28568__5122/B                                        502           500             2
  --> Other violations on net                                 18
g28583__2883/B                                        502           500             2
  --> Other violations on net                                 18
g28789__5526/B                                        502           500             2
  --> Other violations on net                                 18
g28821__2346/A                                        502           500             2
  --> Other violations on net                                 18
g28831__8428/A                                        502           500             2
  --> Other violations on net                                 18
g28893/Q                                              502           500             2
  --> Other violations on net                                 18
g25247__7410/B                                        501           500             1
  --> Other violations on net                                 1
g25293__3680/Q                                        501           500             1
  --> Other violations on net                                 1
g25245__2346/B                                        501           500             1
  --> Other violations on net                                 1
g25291__5526/Q                                        501           500             1
  --> Other violations on net                                 1


Max_capacitance design rule: no violations.


Max_fanout design rule: no violations.



