============================================================
  Generated by:           Genus(TM) Synthesis Solution 22.13-s093_1
  Generated on:           May 12 2026  02:39:10 pm
  Module:                 mptdc_top_asic
  Operating conditions:   slow_1_62V_125C 
  Interconnect mode:      global
  Area mode:              physical library
============================================================

                                                                    Library 
   Gate    Instances    Area                  Library                Domain 
----------------------------------------------------------------------------
AN21HDX0           2     25.088    D_CELLS_HD_LPMOS_slow_1_62V_125C wc_cond 
AN21HDX1          24    301.056    D_CELLS_HD_LPMOS_slow_1_62V_125C wc_cond 
AN21HDX2           2     45.158    D_CELLS_HD_LPMOS_slow_1_62V_125C wc_cond 
AN22HDX1          68   1023.590    D_CELLS_HD_LPMOS_slow_1_62V_125C wc_cond 
AN22HDX4           1     32.614    D_CELLS_HD_LPMOS_slow_1_62V_125C wc_cond 
AN31HDX1           2     30.106    D_CELLS_HD_LPMOS_slow_1_62V_125C wc_cond 
AN31HDX2           1     25.088    D_CELLS_HD_LPMOS_slow_1_62V_125C wc_cond 
AN32HDX1           3     52.685    D_CELLS_HD_LPMOS_slow_1_62V_125C wc_cond 
AND2HDX0          35    439.040    D_CELLS_HD_LPMOS_slow_1_62V_125C wc_cond 
AND2HDX1          24    301.056    D_CELLS_HD_LPMOS_slow_1_62V_125C wc_cond 
AND2HDX2          31    466.637    D_CELLS_HD_LPMOS_slow_1_62V_125C wc_cond 
AND2HDX4           7    140.493    D_CELLS_HD_LPMOS_slow_1_62V_125C wc_cond 
AND3HDX0           2     30.106    D_CELLS_HD_LPMOS_slow_1_62V_125C wc_cond 
AND3HDX1           1     15.053    D_CELLS_HD_LPMOS_slow_1_62V_125C wc_cond 
AND3HDX2           7    122.931    D_CELLS_HD_LPMOS_slow_1_62V_125C wc_cond 
AND3HDX4           5    112.896    D_CELLS_HD_LPMOS_slow_1_62V_125C wc_cond 
AND4HDX1           3     52.685    D_CELLS_HD_LPMOS_slow_1_62V_125C wc_cond 
AO211HDX0          2     35.123    D_CELLS_HD_LPMOS_slow_1_62V_125C wc_cond 
AO21HDX0           6    105.370    D_CELLS_HD_LPMOS_slow_1_62V_125C wc_cond 
AO21HDX1           1     17.562    D_CELLS_HD_LPMOS_slow_1_62V_125C wc_cond 
AO221HDX0          4     90.317    D_CELLS_HD_LPMOS_slow_1_62V_125C wc_cond 
AO22HDX0          58   1164.083    D_CELLS_HD_LPMOS_slow_1_62V_125C wc_cond 
AO22HDX2           1     22.579    D_CELLS_HD_LPMOS_slow_1_62V_125C wc_cond 
AO31HDX0           1     17.562    D_CELLS_HD_LPMOS_slow_1_62V_125C wc_cond 
AO32HDX0           4     80.282    D_CELLS_HD_LPMOS_slow_1_62V_125C wc_cond 
BUHDX0            41    411.443    D_CELLS_HD_LPMOS_slow_1_62V_125C wc_cond 
BUHDX1            19    190.669    D_CELLS_HD_LPMOS_slow_1_62V_125C wc_cond 
BUHDX2            15    188.160    D_CELLS_HD_LPMOS_slow_1_62V_125C wc_cond 
BUHDX3             3     52.685    D_CELLS_HD_LPMOS_slow_1_62V_125C wc_cond 
BUHDX4             1     20.070    D_CELLS_HD_LPMOS_slow_1_62V_125C wc_cond 
DFRHDX0            1     52.685    D_CELLS_HD_LPMOS_slow_1_62V_125C wc_cond 
DFRHDX1            6    316.109    D_CELLS_HD_LPMOS_slow_1_62V_125C wc_cond 
DFRQHDX0          47   2240.358    D_CELLS_HD_LPMOS_slow_1_62V_125C wc_cond 
DFRQHDX1         104   4957.389    D_CELLS_HD_LPMOS_slow_1_62V_125C wc_cond 
DFRQHDX2          15    752.640    D_CELLS_HD_LPMOS_slow_1_62V_125C wc_cond 
DFRRHDX1           4    250.880    D_CELLS_HD_LPMOS_slow_1_62V_125C wc_cond 
DFRRHDX2           4    270.950    D_CELLS_HD_LPMOS_slow_1_62V_125C wc_cond 
DFRRQHDX0         27   1557.965    D_CELLS_HD_LPMOS_slow_1_62V_125C wc_cond 
DFRRQHDX1         15    865.536    D_CELLS_HD_LPMOS_slow_1_62V_125C wc_cond 
DFRRQHDX2         12    722.534    D_CELLS_HD_LPMOS_slow_1_62V_125C wc_cond 
DFRRQHDX4          1     65.229    D_CELLS_HD_LPMOS_slow_1_62V_125C wc_cond 
DFRSHDX1          14    807.834    D_CELLS_HD_LPMOS_slow_1_62V_125C wc_cond 
DFRSHDX2           3    188.160    D_CELLS_HD_LPMOS_slow_1_62V_125C wc_cond 
DFRSQHDX1         26   1369.805    D_CELLS_HD_LPMOS_slow_1_62V_125C wc_cond 
DFRSQHDX2         13    717.517    D_CELLS_HD_LPMOS_slow_1_62V_125C wc_cond 
DLHQHDX0           1     30.106    D_CELLS_HD_LPMOS_slow_1_62V_125C wc_cond 
DLHQHDX1           1     30.106    D_CELLS_HD_LPMOS_slow_1_62V_125C wc_cond 
DLLQHDX1           2     60.211    D_CELLS_HD_LPMOS_slow_1_62V_125C wc_cond 
EN2HDX1           21    474.163    D_CELLS_HD_LPMOS_slow_1_62V_125C wc_cond 
EN2HDX2            2     65.229    D_CELLS_HD_LPMOS_slow_1_62V_125C wc_cond 
EO2HDX1           32    642.253    D_CELLS_HD_LPMOS_slow_1_62V_125C wc_cond 
HAHDX0             5    137.984    D_CELLS_HD_LPMOS_slow_1_62V_125C wc_cond 
HAHDX1             4    120.422    D_CELLS_HD_LPMOS_slow_1_62V_125C wc_cond 
HAHDX2             3    112.896    D_CELLS_HD_LPMOS_slow_1_62V_125C wc_cond 
INHDX0            63    474.163    D_CELLS_HD_LPMOS_slow_1_62V_125C wc_cond 
INHDX1            21    158.054    D_CELLS_HD_LPMOS_slow_1_62V_125C wc_cond 
INHDX12            1     35.123    D_CELLS_HD_LPMOS_slow_1_62V_125C wc_cond 
INHDX2            17    170.598    D_CELLS_HD_LPMOS_slow_1_62V_125C wc_cond 
INHDX3             6     75.264    D_CELLS_HD_LPMOS_slow_1_62V_125C wc_cond 
INHDX4             2     30.106    D_CELLS_HD_LPMOS_slow_1_62V_125C wc_cond 
INHDX6             2     40.141    D_CELLS_HD_LPMOS_slow_1_62V_125C wc_cond 
INHDX8             1     25.088    D_CELLS_HD_LPMOS_slow_1_62V_125C wc_cond 
MU2HDX0            3     60.211    D_CELLS_HD_LPMOS_slow_1_62V_125C wc_cond 
MU2IHDX1           1     17.562    D_CELLS_HD_LPMOS_slow_1_62V_125C wc_cond 
MU2IHDX2           2     70.246    D_CELLS_HD_LPMOS_slow_1_62V_125C wc_cond 
NA22HDX0          11    165.581    D_CELLS_HD_LPMOS_slow_1_62V_125C wc_cond 
NA22HDX1           5     75.264    D_CELLS_HD_LPMOS_slow_1_62V_125C wc_cond 
NA22HDX2           2     40.141    D_CELLS_HD_LPMOS_slow_1_62V_125C wc_cond 
NA2HDX0           63    632.218    D_CELLS_HD_LPMOS_slow_1_62V_125C wc_cond 
NA2HDX1           14    140.493    D_CELLS_HD_LPMOS_slow_1_62V_125C wc_cond 
NA2HDX2           12    180.634    D_CELLS_HD_LPMOS_slow_1_62V_125C wc_cond 
NA2HDX4            8    200.704    D_CELLS_HD_LPMOS_slow_1_62V_125C wc_cond 
NA2I1HDX0         17    213.248    D_CELLS_HD_LPMOS_slow_1_62V_125C wc_cond 
NA2I1HDX1          5     62.720    D_CELLS_HD_LPMOS_slow_1_62V_125C wc_cond 
NA2I1HDX2          3     52.685    D_CELLS_HD_LPMOS_slow_1_62V_125C wc_cond 
NA2I1HDX4          4    130.458    D_CELLS_HD_LPMOS_slow_1_62V_125C wc_cond 
NA3HDX0            4     50.176    D_CELLS_HD_LPMOS_slow_1_62V_125C wc_cond 
NA3HDX1            2     25.088    D_CELLS_HD_LPMOS_slow_1_62V_125C wc_cond 
NA3HDX2            1     20.070    D_CELLS_HD_LPMOS_slow_1_62V_125C wc_cond 
NA3I1HDX0          1     15.053    D_CELLS_HD_LPMOS_slow_1_62V_125C wc_cond 
NA3I1HDX1          4     60.211    D_CELLS_HD_LPMOS_slow_1_62V_125C wc_cond 
NA3I2HDX1          1     15.053    D_CELLS_HD_LPMOS_slow_1_62V_125C wc_cond 
NA3I2HDX2          3     60.211    D_CELLS_HD_LPMOS_slow_1_62V_125C wc_cond 
NA3I2HDX4          2     65.229    D_CELLS_HD_LPMOS_slow_1_62V_125C wc_cond 
NA4HDX1            7    105.370    D_CELLS_HD_LPMOS_slow_1_62V_125C wc_cond 
NA4HDX2            4    100.352    D_CELLS_HD_LPMOS_slow_1_62V_125C wc_cond 
NA4I2HDX0          4     70.246    D_CELLS_HD_LPMOS_slow_1_62V_125C wc_cond 
NA4I2HDX1          1     17.562    D_CELLS_HD_LPMOS_slow_1_62V_125C wc_cond 
NA4I3HDX1          2     35.123    D_CELLS_HD_LPMOS_slow_1_62V_125C wc_cond 
NA4I3HDX2          1     22.579    D_CELLS_HD_LPMOS_slow_1_62V_125C wc_cond 
NA4I3HDX4          1     35.123    D_CELLS_HD_LPMOS_slow_1_62V_125C wc_cond 
NA6I2HDX2          3    120.422    D_CELLS_HD_LPMOS_slow_1_62V_125C wc_cond 
NA6I3HDX1          1     32.614    D_CELLS_HD_LPMOS_slow_1_62V_125C wc_cond 
NO22HDX0           1     15.053    D_CELLS_HD_LPMOS_slow_1_62V_125C wc_cond 
NO22HDX1           3     52.685    D_CELLS_HD_LPMOS_slow_1_62V_125C wc_cond 
NO2HDX0            1     10.035    D_CELLS_HD_LPMOS_slow_1_62V_125C wc_cond 
NO2HDX1           46    461.619    D_CELLS_HD_LPMOS_slow_1_62V_125C wc_cond 
NO2HDX2            6    105.370    D_CELLS_HD_LPMOS_slow_1_62V_125C wc_cond 
NO2I1HDX0          2     25.088    D_CELLS_HD_LPMOS_slow_1_62V_125C wc_cond 
NO2I1HDX1         10    125.440    D_CELLS_HD_LPMOS_slow_1_62V_125C wc_cond 
NO2I1HDX2          3     60.211    D_CELLS_HD_LPMOS_slow_1_62V_125C wc_cond 
NO2I1HDX4          1     32.614    D_CELLS_HD_LPMOS_slow_1_62V_125C wc_cond 
NO3HDX2            1     22.579    D_CELLS_HD_LPMOS_slow_1_62V_125C wc_cond 
NO3HDX4            1     32.614    D_CELLS_HD_LPMOS_slow_1_62V_125C wc_cond 
NO3I2HDX1         10    150.528    D_CELLS_HD_LPMOS_slow_1_62V_125C wc_cond 
NO3I2HDX2          5    112.896    D_CELLS_HD_LPMOS_slow_1_62V_125C wc_cond 
NO3I2HDX4          2     70.246    D_CELLS_HD_LPMOS_slow_1_62V_125C wc_cond 
NO4HDX0            1     25.088    D_CELLS_HD_LPMOS_slow_1_62V_125C wc_cond 
NO4HDX1            3     75.264    D_CELLS_HD_LPMOS_slow_1_62V_125C wc_cond 
NO4I1HDX2          2     55.194    D_CELLS_HD_LPMOS_slow_1_62V_125C wc_cond 
NO4I3HDX1          2     40.141    D_CELLS_HD_LPMOS_slow_1_62V_125C wc_cond 
NO4I3HDX2          2     50.176    D_CELLS_HD_LPMOS_slow_1_62V_125C wc_cond 
NO5I1HDX2          1     32.614    D_CELLS_HD_LPMOS_slow_1_62V_125C wc_cond 
NO5I2HDX0          1     25.088    D_CELLS_HD_LPMOS_slow_1_62V_125C wc_cond 
OA211HDX0          7    122.931    D_CELLS_HD_LPMOS_slow_1_62V_125C wc_cond 
OA21HDX0           4     70.246    D_CELLS_HD_LPMOS_slow_1_62V_125C wc_cond 
OA21HDX1           3     52.685    D_CELLS_HD_LPMOS_slow_1_62V_125C wc_cond 
OA21HDX2           1     22.579    D_CELLS_HD_LPMOS_slow_1_62V_125C wc_cond 
OA21HDX4           1     27.597    D_CELLS_HD_LPMOS_slow_1_62V_125C wc_cond 
OA221HDX0          4    100.352    D_CELLS_HD_LPMOS_slow_1_62V_125C wc_cond 
OA221HDX1          2     50.176    D_CELLS_HD_LPMOS_slow_1_62V_125C wc_cond 
OA22HDX0           9    180.634    D_CELLS_HD_LPMOS_slow_1_62V_125C wc_cond 
OA32HDX0           4     90.317    D_CELLS_HD_LPMOS_slow_1_62V_125C wc_cond 
OA32HDX1           1     22.579    D_CELLS_HD_LPMOS_slow_1_62V_125C wc_cond 
ON211HDX0          4     60.211    D_CELLS_HD_LPMOS_slow_1_62V_125C wc_cond 
ON211HDX1         15    263.424    D_CELLS_HD_LPMOS_slow_1_62V_125C wc_cond 
ON21HDX1         166   2082.304    D_CELLS_HD_LPMOS_slow_1_62V_125C wc_cond 
ON21HDX2           1     25.088    D_CELLS_HD_LPMOS_slow_1_62V_125C wc_cond 
ON22HDX2          13    391.373    D_CELLS_HD_LPMOS_slow_1_62V_125C wc_cond 
ON31HDX1           1     17.562    D_CELLS_HD_LPMOS_slow_1_62V_125C wc_cond 
ON32HDX2           1     32.614    D_CELLS_HD_LPMOS_slow_1_62V_125C wc_cond 
OR2HDX0            5     62.720    D_CELLS_HD_LPMOS_slow_1_62V_125C wc_cond 
OR2HDX1            5     62.720    D_CELLS_HD_LPMOS_slow_1_62V_125C wc_cond 
OR2HDX2           16    240.845    D_CELLS_HD_LPMOS_slow_1_62V_125C wc_cond 
OR2HDX4            2     40.141    D_CELLS_HD_LPMOS_slow_1_62V_125C wc_cond 
----------------------------------------------------------------------------
total           1411  31921.971                                     


                                          
     Type      Instances    Area   Area % 
------------------------------------------
sequential           296 15256.013   47.8 
inverter             113  1008.538    3.2 
buffer                79   863.027    2.7 
logic                923 14794.394   46.3 
physical_cells         0     0.000    0.0 
------------------------------------------
total               1411 31921.971  100.0 

