STEP=TIE1_INSERTION_TRIAL_ACTION
TARGET_HIGH_MASTER=LOGIC1DJIHD
TARGET_LOW_MASTER=LOGIC0DJIHD
MAX_FANOUT=8
MAX_DISTANCE_UM=20
FILLER_RECYCLE_MODE=DELETE_INSERT_ROUTE_REFILL
FILLER_DELETE_SELECTION_MODE=EXACT_TRACKED_MASTER_LIST
FILLER_DELETE_MASTER_COUNT=8
FILLER_DELETE_MASTER_SET=FEED25JIHD FEED15JIHD FEED10JIHD FEED7JIHD FEED5JIHD FEED3JIHD FEED2JIHD FEED1JIHD
DELETE_FILLER_HELP_STATUS=PASS
DELETE_FILLER_MAN_STATUS=PASS
FILLER_DELETE_STATUS=PASS
FILLER_DELETE_ERROR=NONE
FILLER_DELETE_EFFECT_STATUS=PASS
FILLER_DELETE_EFFECT_REASON=NONE
FILLER_COUNT_POST_DELETE=0
POST_DELETE_NONFILLER_FINGERPRINT_STATUS=PASS
POST_DELETE_ROUTE_SIGNATURE_STATUS=PASS
ADD_TIE_SELECTION_MODE=EXACT_INSTANCE_PIN_FILE
INSTANCE_PIN_TARGET_FILE=/sim/ksabra/SPADMIC_work/innovus/20260828_mptdc_tie1_filler_targetreadback_trial_122734/manifests/tie1_instance_pin_targets.txt
INSTANCE_PIN_TARGET_FILE_STATUS=PASS
INSTANCE_PIN_TARGET_COUNT=91
INSTANCE_PIN_TARGET_UNIQUE_COUNT=91
INSTANCE_PIN_TARGET_INVALID_COUNT=0
INSTANCE_PIN_TARGET_MATCH_STATUS=PASS
TARGET_READBACK_MODE=BASELINE_INSTTERM_POINTER_LINEAGE
TARGET_POINTER_SOURCE=BASELINE_FLAGGED_HIGH_TERMS
ROUTE_METHOD=SELECT_NET_SET_NANOROUTE_SELECTED_ONLY_ROUTE_DESIGN_SELECTED
SET_TIE_MODE_HELP_STATUS=PASS
ADD_TIE_HELP_STATUS=PASS
ADD_TIE_MAN_STATUS=PASS
ADD_TIE_MAN_ERROR=NONE
SET_TIE_MODE_STATUS=PASS
SET_TIE_MODE_ERROR=NONE
ADD_TIE_STATUS=PASS
ADD_TIE_ERROR=NONE
ADD_TIE_EFFECT_STATUS=PASS
ADD_TIE_EFFECT_REASON=NONE
ADD_TIE_COMMAND_REPORT=/sim/ksabra/SPADMIC_work/innovus/20260828_mptdc_tie1_filler_targetreadback_trial_122734/reports/addTieHiLo_command.rpt
POST_ADD_TARGET_POINTER_COUNT=91
POST_ADD_TARGET_RESOLVED_COUNT=91
POST_ADD_TARGET_MISSING_COUNT=0
POST_ADD_TARGET_DUPLICATE_COUNT=0
POST_ADD_TARGET_UNEXPECTED_COUNT=0
POST_ADD_TARGET_SET_STATUS=PASS
POST_ADD_CONNECTED_HIGH_TERM_COUNT=91
POST_ADD_DISCONNECTED_HIGH_TERM_COUNT=0
POST_ADD_REMAINING_FLAGGED_HIGH_TERM_COUNT=0
POST_ADD_REMAINING_FLAGGED_LOW_TERM_COUNT=0
SELECTED_ROUTE_STATUS=PASS
SELECTED_ROUTE_ERROR=NONE
FILLER_MODE_HELP_STATUS=PASS
FILLER_MODE_STATUS=PASS
FILLER_MODE_ERROR=NONE
ADD_FILLER_HELP_STATUS=PASS
FILLER_REFILL_COMMAND_STATUS=PASS
FILLER_REFILL_COMMAND_ERROR=NONE
PG_CONNECTIVITY_REBIND_STATUS=FAIL
PG_CONNECTIVITY_REBIND_ERROR=can't_read_"mptdc_xh018_cells(stdcell_pg_power)":_no_such_variable
FILLER_REFILL_STATUS=FAIL
BASELINE_FLAGGED_HIGH_TERM_COUNT=91
FINAL_TARGET_POINTER_COUNT=91
FINAL_TARGET_RESOLVED_COUNT=91
FINAL_TARGET_MISSING_COUNT=0
FINAL_TARGET_DUPLICATE_COUNT=0
FINAL_TARGET_UNEXPECTED_COUNT=0
FINAL_TARGET_SET_STATUS=PASS
FINAL_FLAGGED_HIGH_TERM_COUNT=0
FINAL_CONNECTED_HIGH_TERM_COUNT=91
FINAL_DISCONNECTED_HIGH_TERM_COUNT=0
FINAL_FLAGGED_LOW_TERM_COUNT=0
FINAL_TIE_NET_COUNT=85
MAX_OBSERVED_TIE_FANOUT=3
TIE_FANOUT_STATUS=PASS
TIE_NET_SOURCE_CONTRACT_STATUS=PASS
TIE_NET_ROUTE_STATUS=PASS
TIE_HIGH_INSTANCE_DELTA=85
TARGET_HIGH_INSTANCE_DELTA=85
ALTERNATE_TIE_MASTER_DELTA=0
TIE_LOW_INSTANCE_DELTA=0
FILLER_COUNT_BEFORE=24797
FILLER_COUNT_AFTER=24856
FILLER_DELTA=59
FINAL_FILLER_MASTER_SET_STATUS=PASS
NONFILLER_FINGERPRINT_STATUS=PASS
FINAL_SITE_OCCUPANCY_STATUS=PASS
FINAL_PLACEMENT_SITE_OCCUPIED=907533
FINAL_PLACEMENT_SITE_CAPACITY=907533
TOTAL_INSTANCE_DELTA=144
UNEXPLAINED_INSTANCE_DELTA=0
CHECKPOINT_SAVE_STATUS=NOT_RUN
CHECKPOINT_SAVE_ERROR=NONE
TIE1_INSERTION_TRIAL_STATUS=FAIL
