VERIFY_CONNECTIVITY use new engine.

******** Start: VERIFY CONNECTIVITY ********
Start Time: Tue Aug 25 11:01:28 2026

Design Name: mptdc_axis_core
Database Units: 1000
Design Boundary: (0.0000, 0.0000) (1168.7200, 882.5600)
Error Limit = 1000; Warning Limit = 50
Check specified nets
**** 11:01:28 **** Processed 5000 nets.
**** 11:01:28 **** Processed 10000 nets.
Net u_core_n_66687: has regular routing with opens, dangling Wire.
**** 11:01:28 **** Processed 15000 nets.

Begin Summary 
    3 Problem(s) (IMPVFC-92): Pieces of the net are not connected together.
    2 Problem(s) (IMPVFC-94): The net has dangling wire(s).
    5 total info(s) created.
End Summary

End Time: Tue Aug 25 11:01:28 2026
Time Elapsed: 0:00:00.0

******** End: VERIFY CONNECTIVITY ********
  Verification Complete : 5 Viols.  0 Wrngs.
  (CPU Time: 0:00:00.6  MEM: 0.000M)

