Power Unit: W
PDB Frame : /stim#0/frame#0
---------------------------------------------------------------------------------------------------------------------------
Cells Pct_cells     Leakage    Internal   Switching       Total Lvl Instance                                               
---------------------------------------------------------------------------------------------------------------------------
19272   100.00% 7.72915e-06 1.51838e-01 3.96941e-02 1.91540e-01   0 /mptdc_top_asic                                        
   41     0.21% 1.81074e-08 1.25883e-03 2.12670e-04 1.47152e-03   1 /mptdc_top_asic/u_core_gen_pd_row[2].gen_pd_col[5].u_pd
   40     0.21% 1.81089e-08 1.25790e-03 2.12734e-04 1.47065e-03   1 /mptdc_top_asic/u_core_gen_pd_row[0].gen_pd_col[6].u_pd
   45     0.23% 1.73621e-08 1.24845e-03 2.21363e-04 1.46983e-03   1 /mptdc_top_asic/u_core_gen_pd_row[2].gen_pd_col[4].u_pd
   40     0.21% 1.81089e-08 1.25805e-03 2.11317e-04 1.46938e-03   1 /mptdc_top_asic/u_core_gen_pd_row[1].gen_pd_col[6].u_pd
   45     0.23% 1.73621e-08 1.24866e-03 2.17528e-04 1.46620e-03   1 /mptdc_top_asic/u_core_gen_pd_row[1].gen_pd_col[4].u_pd
   40     0.21% 1.80025e-08 1.25483e-03 2.11092e-04 1.46594e-03   1 /mptdc_top_asic/u_core_gen_pd_row[0].gen_pd_col[5].u_pd
   44     0.23% 1.72540e-08 1.24640e-03 2.19184e-04 1.46561e-03   1 /mptdc_top_asic/u_core_gen_pd_row[4].gen_pd_col[4].u_pd
   44     0.23% 1.72540e-08 1.24645e-03 2.19118e-04 1.46558e-03   1 /mptdc_top_asic/u_core_gen_pd_row[5].gen_pd_col[4].u_pd
   40     0.21% 1.80025e-08 1.25510e-03 2.08222e-04 1.46334e-03   1 /mptdc_top_asic/u_core_gen_pd_row[1].gen_pd_col[5].u_pd
   40     0.21% 1.80025e-08 1.25516e-03 2.07263e-04 1.46244e-03   1 /mptdc_top_asic/u_core_gen_pd_row[2].gen_pd_col[6].u_pd
   41     0.21% 1.76532e-08 1.24155e-03 2.14237e-04 1.45581e-03   1 /mptdc_top_asic/u_core_gen_pd_row[4].gen_pd_col[7].u_pd
   40     0.21% 1.76357e-08 1.24029e-03 2.12186e-04 1.45250e-03   1 /mptdc_top_asic/u_core_gen_pd_row[5].gen_pd_col[6].u_pd
   40     0.21% 1.77789e-08 1.24784e-03 2.03475e-04 1.45133e-03   1 /mptdc_top_asic/u_core_gen_pd_row[3].gen_pd_col[5].u_pd
   40     0.21% 1.75293e-08 1.23697e-03 2.13678e-04 1.45067e-03   1 /mptdc_top_asic/u_core_gen_pd_row[4].gen_pd_col[6].u_pd
   40     0.21% 1.75211e-08 1.23723e-03 2.12603e-04 1.44985e-03   1 /mptdc_top_asic/u_core_gen_pd_row[3].gen_pd_col[6].u_pd
   41     0.21% 1.75468e-08 1.23886e-03 2.10223e-04 1.44910e-03   1 /mptdc_top_asic/u_core_gen_pd_row[4].gen_pd_col[5].u_pd
   41     0.21% 1.73014e-08 1.24504e-03 2.03527e-04 1.44859e-03   1 /mptdc_top_asic/u_core_gen_pd_row[6].gen_pd_col[4].u_pd
   45     0.23% 1.69034e-08 1.22348e-03 2.24157e-04 1.44765e-03   1 /mptdc_top_asic/u_core_gen_pd_row[3].gen_pd_col[4].u_pd
   40     0.21% 1.75293e-08 1.23733e-03 2.09101e-04 1.44645e-03   1 /mptdc_top_asic/u_core_gen_pd_row[5].gen_pd_col[5].u_pd
   40     0.21% 1.74176e-08 1.23335e-03 2.09432e-04 1.44280e-03   1 /mptdc_top_asic/u_core_gen_pd_row[1].gen_pd_col[7].u_pd
   40     0.21% 1.73984e-08 1.22419e-03 2.16034e-04 1.44025e-03   1 /mptdc_top_asic/u_core_gen_pd_row[6].gen_pd_col[5].u_pd
   40     0.21% 1.62598e-08 1.23438e-03 2.01382e-04 1.43578e-03   1 /mptdc_top_asic/u_core_gen_pd_row[1].gen_pd_col[2].u_pd
   40     0.21% 1.72920e-08 1.22124e-03 2.13751e-04 1.43501e-03   1 /mptdc_top_asic/u_core_gen_pd_row[6].gen_pd_col[6].u_pd
   40     0.21% 1.73112e-08 1.23059e-03 2.03954e-04 1.43456e-03   1 /mptdc_top_asic/u_core_gen_pd_row[2].gen_pd_col[7].u_pd
   40     0.21% 1.73112e-08 1.23078e-03 2.02483e-04 1.43328e-03   1 /mptdc_top_asic/u_core_gen_pd_row[0].gen_pd_col[7].u_pd
   40     0.21% 1.62620e-08 1.23330e-03 1.99814e-04 1.43313e-03   1 /mptdc_top_asic/u_core_gen_pd_row[0].gen_pd_col[2].u_pd
   40     0.21% 1.63962e-08 1.23720e-03 1.95295e-04 1.43251e-03   1 /mptdc_top_asic/u_core_gen_pd_row[0].gen_pd_col[4].u_pd
   40     0.21% 1.72839e-08 1.22147e-03 2.10776e-04 1.43226e-03   1 /mptdc_top_asic/u_core_gen_pd_row[6].gen_pd_col[7].u_pd
   41     0.21% 1.67134e-08 1.22447e-03 2.02036e-04 1.42653e-03   1 /mptdc_top_asic/u_core_gen_pd_row[7].gen_pd_col[4].u_pd
   41     0.21% 1.69619e-08 1.21745e-03 2.07232e-04 1.42470e-03   1 /mptdc_top_asic/u_core_gen_pd_row[3].gen_pd_col[7].u_pd
   40     0.21% 1.69641e-08 1.21327e-03 2.00126e-04 1.41341e-03   1 /mptdc_top_asic/u_core_gen_pd_row[5].gen_pd_col[7].u_pd
   40     0.21% 1.67011e-08 1.18831e-03 1.91185e-04 1.37951e-03   1 /mptdc_top_asic/u_core_gen_pd_row[4].gen_pd_col[2].u_pd
   40     0.21% 1.67031e-08 1.18731e-03 1.90979e-04 1.37831e-03   1 /mptdc_top_asic/u_core_gen_pd_row[5].gen_pd_col[2].u_pd
   39     0.20% 1.64219e-08 1.18689e-03 1.88419e-04 1.37532e-03   1 /mptdc_top_asic/u_core_gen_pd_row[2].gen_pd_col[2].u_pd
   39     0.20% 1.64219e-08 1.18685e-03 1.88420e-04 1.37529e-03   1 /mptdc_top_asic/u_core_gen_pd_row[3].gen_pd_col[2].u_pd
   39     0.20% 1.64826e-08 1.18374e-03 1.88821e-04 1.37257e-03   1 /mptdc_top_asic/u_core_gen_pd_row[3].gen_pd_col[3].u_pd
   39     0.20% 1.64826e-08 1.18392e-03 1.86447e-04 1.37038e-03   1 /mptdc_top_asic/u_core_gen_pd_row[2].gen_pd_col[3].u_pd
   41     0.21% 1.45098e-08 1.17334e-03 1.96381e-04 1.36973e-03   1 /mptdc_top_asic/u_core_gen_pd_row[3].gen_pd_col[1].u_pd
   41     0.21% 1.62214e-08 1.16792e-03 1.99919e-04 1.36785e-03   1 /mptdc_top_asic/u_core_gen_pd_row[5].gen_pd_col[3].u_pd
   37     0.19% 1.60557e-08 1.16693e-03 1.98151e-04 1.36510e-03   1 /mptdc_top_asic/u_core_gen_pd_row[7].gen_pd_col[6].u_pd
   42     0.22% 1.64136e-08 1.16778e-03 1.96987e-04 1.36478e-03   1 /mptdc_top_asic/u_core_gen_pd_row[4].gen_pd_col[3].u_pd
   37     0.19% 1.60543e-08 1.16785e-03 1.95237e-04 1.36311e-03   1 /mptdc_top_asic/u_core_gen_pd_row[7].gen_pd_col[5].u_pd
   39     0.20% 1.60485e-08 1.17114e-03 1.89250e-04 1.36041e-03   1 /mptdc_top_asic/u_core_gen_pd_row[0].gen_pd_col[3].u_pd
   39     0.20% 1.59458e-08 1.16966e-03 1.89042e-04 1.35872e-03   1 /mptdc_top_asic/u_core_gen_pd_row[7].gen_pd_col[3].u_pd
   39     0.20% 1.60230e-08 1.16849e-03 1.88255e-04 1.35676e-03   1 /mptdc_top_asic/u_core_gen_pd_row[1].gen_pd_col[3].u_pd
   40     0.21% 1.59677e-08 1.16164e-03 1.88762e-04 1.35042e-03   1 /mptdc_top_asic/u_core_gen_pd_row[7].gen_pd_col[2].u_pd
   40     0.21% 1.59911e-08 1.15887e-03 1.91166e-04 1.35005e-03   1 /mptdc_top_asic/u_core_gen_pd_row[6].gen_pd_col[2].u_pd
   39     0.20% 1.56891e-08 1.15499e-03 1.85988e-04 1.34099e-03   1 /mptdc_top_asic/u_core_gen_pd_row[6].gen_pd_col[3].u_pd
   41     0.21% 1.40350e-08 1.13945e-03 1.94318e-04 1.33378e-03   1 /mptdc_top_asic/u_core_gen_pd_row[6].gen_pd_col[1].u_pd
   38     0.20% 1.51004e-08 1.15155e-03 1.64423e-04 1.31598e-03   1 /mptdc_top_asic/u_core_gen_pd_row[4].gen_pd_col[1].u_pd
   38     0.20% 1.50036e-08 1.15033e-03 1.64497e-04 1.31485e-03   1 /mptdc_top_asic/u_core_gen_pd_row[5].gen_pd_col[1].u_pd
   38     0.20% 1.49902e-08 1.14929e-03 1.64886e-04 1.31419e-03   1 /mptdc_top_asic/u_core_gen_pd_row[1].gen_pd_col[1].u_pd
   36     0.19% 1.45824e-08 1.13249e-03 1.57658e-04 1.29016e-03   1 /mptdc_top_asic/u_core_gen_pd_row[2].gen_pd_col[1].u_pd
   38     0.20% 1.43707e-08 1.12014e-03 1.68404e-04 1.28856e-03   1 /mptdc_top_asic/u_core_gen_pd_row[7].gen_pd_col[1].u_pd
   36     0.19% 1.44925e-08 1.13020e-03 1.55318e-04 1.28554e-03   1 /mptdc_top_asic/u_core_gen_pd_row[0].gen_pd_col[1].u_pd
   41     0.21% 1.45401e-08 1.09424e-03 1.82774e-04 1.27703e-03   1 /mptdc_top_asic/u_core_gen_pd_row[6].gen_pd_col[0].u_pd
   37     0.19% 1.36924e-08 1.09843e-03 1.77825e-04 1.27627e-03   1 /mptdc_top_asic/u_core_gen_pd_row[4].gen_pd_col[0].u_pd
   37     0.19% 1.43730e-08 1.07239e-03 1.94585e-04 1.26699e-03   1 /mptdc_top_asic/u_core_gen_pd_row[7].gen_pd_col[7].u_pd
   40     0.21% 1.34575e-08 1.06417e-03 1.83542e-04 1.24772e-03   1 /mptdc_top_asic/u_core_gen_pd_row[2].gen_pd_col[0].u_pd
   38     0.20% 1.31230e-08 1.07016e-03 1.72171e-04 1.24235e-03   1 /mptdc_top_asic/u_core_gen_pd_row[0].gen_pd_col[0].u_pd
   39     0.20% 1.37516e-08 1.06775e-03 1.68098e-04 1.23587e-03   1 /mptdc_top_asic/u_core_gen_pd_row[7].gen_pd_col[0].u_pd
   39     0.20% 1.35976e-08 1.04951e-03 1.82189e-04 1.23171e-03   1 /mptdc_top_asic/u_core_gen_pd_row[1].gen_pd_col[0].u_pd
   40     0.21% 1.26153e-08 1.01913e-03 1.71594e-04 1.19074e-03   1 /mptdc_top_asic/u_core_gen_pd_row[3].gen_pd_col[0].u_pd
   32     0.17% 1.34056e-08 1.03439e-03 1.42298e-04 1.17670e-03   1 /mptdc_top_asic/u_core_gen_pd_row[5].gen_pd_col[0].u_pd
    2     0.01% 1.55554e-09 1.66256e-04 0.00000e+00 1.66257e-04   1 /mptdc_top_asic/u_core_u_rst_fast_sync                 
    5     0.03% 4.56598e-09 5.35912e-05 2.20903e-05 7.56861e-05   1 /mptdc_top_asic/u_rst_core_sync                        
    6     0.03% 4.16818e-09 7.37945e-05 1.77116e-06 7.55698e-05   1 /mptdc_top_asic/u_core_u_rst_wdt_sync                  
    5     0.03% 3.48356e-09 6.07516e-05 9.54862e-07 6.17100e-05   1 /mptdc_top_asic/u_core_u_rst_tx_sync                   
    4     0.02% 3.11981e-09 4.97454e-05 2.70586e-06 5.24544e-05   1 /mptdc_top_asic/u_core_u_rst_drain_sync                
    3     0.02% 2.22018e-09 3.61902e-05 3.67836e-07 3.65602e-05   1 /mptdc_top_asic/u_core_u_rst_fifo_sync                 
    3     0.02% 2.08883e-09 3.60011e-05 3.30045e-07 3.63332e-05   1 /mptdc_top_asic/u_rst_csr_sync                         
    3     0.02% 2.15431e-09 2.35505e-05 0.00000e+00 2.35526e-05   1 /mptdc_top_asic/u_core_u_rst_status_sync               
---------------------------------------------------------------------------------------------------------------------------
