============================================================
  Generated by:           Genus(TM) Synthesis Solution 22.13-s093_1
  Generated on:           Jun 01 2026  10:42:09 am
  Module:                 mptdc_top_asic
  Operating conditions:   slow_1_62V_125C 
  Interconnect mode:      global
  Area mode:              physical library
============================================================


Path 1: VIOLATED (-3051 ps) Setup Check with Pin u_core_gen_pd_row[3].gen_pd_col[1].u_pd/nfast_hit_latched_reg[4]/C->D
           View: wc_view
          Group: clk_osc_fast_tap1
     Startpoint: (R) u_core_u_fast_cnt_bin_q_reg[4]/C
          Clock: (R) clk_osc_fast
       Endpoint: (F) u_core_gen_pd_row[3].gen_pd_col[1].u_pd/nfast_hit_latched_reg[4]/D
          Clock: (R) clk_osc_fast_tap1

                     Capture       Launch     
        Clock Edge:+      50            0     
       Src Latency:+       0            0     
       Net Latency:+       0 (I)        0 (I) 
           Arrival:=      50            0     
                                              
             Setup:-     640                  
       Uncertainty:-      50                  
     Required Time:=    -640                  
      Launch Clock:-       0                  
         Data Path:-    2411                  
             Slack:=   -3051                  

#--------------------------------------------------------------------------------------------------------------------------------------------
#                           Timing Point                             Flags   Arc   Edge   Cell     Fanout  Load Trans Delay Arrival Instance 
#                                                                                                          (fF)  (ps)  (ps)   (ps)  Location 
#--------------------------------------------------------------------------------------------------------------------------------------------
  u_core_u_fast_cnt_bin_q_reg[4]/C                                   -       -     R     (arrival)    111     -   150     0       0    (-,-) 
  u_core_u_fast_cnt_bin_q_reg[4]/Q                                   -       C->Q  F     DFRRQHDX1      2  71.0   469  1272    1272    (-,-) 
  g209281/Q                                                          -       A->Q  F     BUHDX12       57 537.9   341   631    1903    (-,-) 
  u_core_gen_pd_row[3].gen_pd_col[1].u_pd/g1144/Q                    -       A->Q  R     INHDX1         1  14.3   204   258    2161    (-,-) 
  u_core_gen_pd_row[3].gen_pd_col[1].u_pd/g1123__8246/Q              -       B->Q  F     ON21HDX1       1  12.2   209   250    2411    (-,-) 
  u_core_gen_pd_row[3].gen_pd_col[1].u_pd/nfast_hit_latched_reg[4]/D -       -     F     DFRRQHDX4      1     -     -     0    2411    (-,-) 
#--------------------------------------------------------------------------------------------------------------------------------------------



Path 2: VIOLATED (-3051 ps) Setup Check with Pin u_core_gen_pd_row[0].gen_pd_col[1].u_pd/nfast_hit_latched_reg[4]/C->D
           View: wc_view
          Group: clk_osc_fast_tap1
     Startpoint: (R) u_core_u_fast_cnt_bin_q_reg[4]/C
          Clock: (R) clk_osc_fast
       Endpoint: (F) u_core_gen_pd_row[0].gen_pd_col[1].u_pd/nfast_hit_latched_reg[4]/D
          Clock: (R) clk_osc_fast_tap1

                     Capture       Launch     
        Clock Edge:+      50            0     
       Src Latency:+       0            0     
       Net Latency:+       0 (I)        0 (I) 
           Arrival:=      50            0     
                                              
             Setup:-     640                  
       Uncertainty:-      50                  
     Required Time:=    -640                  
      Launch Clock:-       0                  
         Data Path:-    2411                  
             Slack:=   -3051                  

#--------------------------------------------------------------------------------------------------------------------------------------------
#                           Timing Point                             Flags   Arc   Edge   Cell     Fanout  Load Trans Delay Arrival Instance 
#                                                                                                          (fF)  (ps)  (ps)   (ps)  Location 
#--------------------------------------------------------------------------------------------------------------------------------------------
  u_core_u_fast_cnt_bin_q_reg[4]/C                                   -       -     R     (arrival)    111     -   150     0       0    (-,-) 
  u_core_u_fast_cnt_bin_q_reg[4]/Q                                   -       C->Q  F     DFRRQHDX1      2  71.0   469  1272    1272    (-,-) 
  g209281/Q                                                          -       A->Q  F     BUHDX12       57 537.9   341   631    1903    (-,-) 
  u_core_gen_pd_row[0].gen_pd_col[1].u_pd/g1144/Q                    -       A->Q  R     INHDX1         1  14.3   204   258    2161    (-,-) 
  u_core_gen_pd_row[0].gen_pd_col[1].u_pd/g1123__2883/Q              -       B->Q  F     ON21HDX1       1  12.2   209   250    2411    (-,-) 
  u_core_gen_pd_row[0].gen_pd_col[1].u_pd/nfast_hit_latched_reg[4]/D -       -     F     DFRRQHDX4      1     -     -     0    2411    (-,-) 
#--------------------------------------------------------------------------------------------------------------------------------------------



Path 3: VIOLATED (-3051 ps) Setup Check with Pin u_core_gen_pd_row[5].gen_pd_col[1].u_pd/nfast_hit_latched_reg[4]/C->D
           View: wc_view
          Group: clk_osc_fast_tap1
     Startpoint: (R) u_core_u_fast_cnt_bin_q_reg[4]/C
          Clock: (R) clk_osc_fast
       Endpoint: (F) u_core_gen_pd_row[5].gen_pd_col[1].u_pd/nfast_hit_latched_reg[4]/D
          Clock: (R) clk_osc_fast_tap1

                     Capture       Launch     
        Clock Edge:+      50            0     
       Src Latency:+       0            0     
       Net Latency:+       0 (I)        0 (I) 
           Arrival:=      50            0     
                                              
             Setup:-     640                  
       Uncertainty:-      50                  
     Required Time:=    -640                  
      Launch Clock:-       0                  
         Data Path:-    2411                  
             Slack:=   -3051                  

#--------------------------------------------------------------------------------------------------------------------------------------------
#                           Timing Point                             Flags   Arc   Edge   Cell     Fanout  Load Trans Delay Arrival Instance 
#                                                                                                          (fF)  (ps)  (ps)   (ps)  Location 
#--------------------------------------------------------------------------------------------------------------------------------------------
  u_core_u_fast_cnt_bin_q_reg[4]/C                                   -       -     R     (arrival)    111     -   150     0       0    (-,-) 
  u_core_u_fast_cnt_bin_q_reg[4]/Q                                   -       C->Q  F     DFRRQHDX1      2  71.0   469  1272    1272    (-,-) 
  g209281/Q                                                          -       A->Q  F     BUHDX12       57 537.9   341   631    1903    (-,-) 
  u_core_gen_pd_row[5].gen_pd_col[1].u_pd/g1144/Q                    -       A->Q  R     INHDX1         1  14.3   204   258    2161    (-,-) 
  u_core_gen_pd_row[5].gen_pd_col[1].u_pd/g1123__1666/Q              -       B->Q  F     ON21HDX1       1  12.2   209   250    2411    (-,-) 
  u_core_gen_pd_row[5].gen_pd_col[1].u_pd/nfast_hit_latched_reg[4]/D -       -     F     DFRRQHDX4      1     -     -     0    2411    (-,-) 
#--------------------------------------------------------------------------------------------------------------------------------------------



Path 4: VIOLATED (-3051 ps) Setup Check with Pin u_core_gen_pd_row[4].gen_pd_col[1].u_pd/nfast_hit_latched_reg[4]/C->D
           View: wc_view
          Group: clk_osc_fast_tap1
     Startpoint: (R) u_core_u_fast_cnt_bin_q_reg[4]/C
          Clock: (R) clk_osc_fast
       Endpoint: (F) u_core_gen_pd_row[4].gen_pd_col[1].u_pd/nfast_hit_latched_reg[4]/D
          Clock: (R) clk_osc_fast_tap1

                     Capture       Launch     
        Clock Edge:+      50            0     
       Src Latency:+       0            0     
       Net Latency:+       0 (I)        0 (I) 
           Arrival:=      50            0     
                                              
             Setup:-     640                  
       Uncertainty:-      50                  
     Required Time:=    -640                  
      Launch Clock:-       0                  
         Data Path:-    2411                  
             Slack:=   -3051                  

#--------------------------------------------------------------------------------------------------------------------------------------------
#                           Timing Point                             Flags   Arc   Edge   Cell     Fanout  Load Trans Delay Arrival Instance 
#                                                                                                          (fF)  (ps)  (ps)   (ps)  Location 
#--------------------------------------------------------------------------------------------------------------------------------------------
  u_core_u_fast_cnt_bin_q_reg[4]/C                                   -       -     R     (arrival)    111     -   150     0       0    (-,-) 
  u_core_u_fast_cnt_bin_q_reg[4]/Q                                   -       C->Q  F     DFRRQHDX1      2  71.0   469  1272    1272    (-,-) 
  g209281/Q                                                          -       A->Q  F     BUHDX12       57 537.9   341   631    1903    (-,-) 
  u_core_gen_pd_row[4].gen_pd_col[1].u_pd/g1144/Q                    -       A->Q  R     INHDX1         1  14.3   204   258    2161    (-,-) 
  u_core_gen_pd_row[4].gen_pd_col[1].u_pd/g1123__4733/Q              -       B->Q  F     ON21HDX1       1  12.2   209   250    2411    (-,-) 
  u_core_gen_pd_row[4].gen_pd_col[1].u_pd/nfast_hit_latched_reg[4]/D -       -     F     DFRRQHDX4      1     -     -     0    2411    (-,-) 
#--------------------------------------------------------------------------------------------------------------------------------------------



Path 5: VIOLATED (-3051 ps) Setup Check with Pin u_core_gen_pd_row[2].gen_pd_col[1].u_pd/nfast_hit_latched_reg[4]/C->D
           View: wc_view
          Group: clk_osc_fast_tap1
     Startpoint: (R) u_core_u_fast_cnt_bin_q_reg[4]/C
          Clock: (R) clk_osc_fast
       Endpoint: (F) u_core_gen_pd_row[2].gen_pd_col[1].u_pd/nfast_hit_latched_reg[4]/D
          Clock: (R) clk_osc_fast_tap1

                     Capture       Launch     
        Clock Edge:+      50            0     
       Src Latency:+       0            0     
       Net Latency:+       0 (I)        0 (I) 
           Arrival:=      50            0     
                                              
             Setup:-     640                  
       Uncertainty:-      50                  
     Required Time:=    -640                  
      Launch Clock:-       0                  
         Data Path:-    2411                  
             Slack:=   -3051                  

#--------------------------------------------------------------------------------------------------------------------------------------------
#                           Timing Point                             Flags   Arc   Edge   Cell     Fanout  Load Trans Delay Arrival Instance 
#                                                                                                          (fF)  (ps)  (ps)   (ps)  Location 
#--------------------------------------------------------------------------------------------------------------------------------------------
  u_core_u_fast_cnt_bin_q_reg[4]/C                                   -       -     R     (arrival)    111     -   150     0       0    (-,-) 
  u_core_u_fast_cnt_bin_q_reg[4]/Q                                   -       C->Q  F     DFRRQHDX1      2  71.0   469  1272    1272    (-,-) 
  g209281/Q                                                          -       A->Q  F     BUHDX12       57 537.9   341   631    1903    (-,-) 
  u_core_gen_pd_row[2].gen_pd_col[1].u_pd/g1144/Q                    -       A->Q  R     INHDX1         1  14.3   204   258    2161    (-,-) 
  u_core_gen_pd_row[2].gen_pd_col[1].u_pd/g1123__6783/Q              -       B->Q  F     ON21HDX1       1  12.2   209   250    2411    (-,-) 
  u_core_gen_pd_row[2].gen_pd_col[1].u_pd/nfast_hit_latched_reg[4]/D -       -     F     DFRRQHDX4      1     -     -     0    2411    (-,-) 
#--------------------------------------------------------------------------------------------------------------------------------------------



Path 6: VIOLATED (-3051 ps) Setup Check with Pin u_core_gen_pd_row[1].gen_pd_col[1].u_pd/nfast_hit_latched_reg[4]/C->D
           View: wc_view
          Group: clk_osc_fast_tap1
     Startpoint: (R) u_core_u_fast_cnt_bin_q_reg[4]/C
          Clock: (R) clk_osc_fast
       Endpoint: (F) u_core_gen_pd_row[1].gen_pd_col[1].u_pd/nfast_hit_latched_reg[4]/D
          Clock: (R) clk_osc_fast_tap1

                     Capture       Launch     
        Clock Edge:+      50            0     
       Src Latency:+       0            0     
       Net Latency:+       0 (I)        0 (I) 
           Arrival:=      50            0     
                                              
             Setup:-     640                  
       Uncertainty:-      50                  
     Required Time:=    -640                  
      Launch Clock:-       0                  
         Data Path:-    2411                  
             Slack:=   -3051                  

#--------------------------------------------------------------------------------------------------------------------------------------------
#                           Timing Point                             Flags   Arc   Edge   Cell     Fanout  Load Trans Delay Arrival Instance 
#                                                                                                          (fF)  (ps)  (ps)   (ps)  Location 
#--------------------------------------------------------------------------------------------------------------------------------------------
  u_core_u_fast_cnt_bin_q_reg[4]/C                                   -       -     R     (arrival)    111     -   150     0       0    (-,-) 
  u_core_u_fast_cnt_bin_q_reg[4]/Q                                   -       C->Q  F     DFRRQHDX1      2  71.0   469  1272    1272    (-,-) 
  g209281/Q                                                          -       A->Q  F     BUHDX12       57 537.9   341   631    1903    (-,-) 
  u_core_gen_pd_row[1].gen_pd_col[1].u_pd/g1144/Q                    -       A->Q  R     INHDX1         1  14.3   204   258    2161    (-,-) 
  u_core_gen_pd_row[1].gen_pd_col[1].u_pd/g1123__2398/Q              -       B->Q  F     ON21HDX1       1  12.2   209   250    2411    (-,-) 
  u_core_gen_pd_row[1].gen_pd_col[1].u_pd/nfast_hit_latched_reg[4]/D -       -     F     DFRRQHDX4      1     -     -     0    2411    (-,-) 
#--------------------------------------------------------------------------------------------------------------------------------------------



Path 7: VIOLATED (-3050 ps) Setup Check with Pin u_core_gen_pd_row[6].gen_pd_col[1].u_pd/nfast_hit_latched_reg[0]/C->D
           View: wc_view
          Group: clk_osc_fast_tap1
     Startpoint: (R) u_core_u_fast_cnt_bin_q_reg[0]/C
          Clock: (R) clk_osc_fast
       Endpoint: (F) u_core_gen_pd_row[6].gen_pd_col[1].u_pd/nfast_hit_latched_reg[0]/D
          Clock: (R) clk_osc_fast_tap1

                     Capture       Launch     
        Clock Edge:+      50            0     
       Src Latency:+       0            0     
       Net Latency:+       0 (I)        0 (I) 
           Arrival:=      50            0     
                                              
             Setup:-     642                  
       Uncertainty:-      50                  
     Required Time:=    -642                  
      Launch Clock:-       0                  
         Data Path:-    2407                  
             Slack:=   -3050                  

#--------------------------------------------------------------------------------------------------------------------------------------------
#                           Timing Point                             Flags   Arc   Edge   Cell     Fanout  Load Trans Delay Arrival Instance 
#                                                                                                          (fF)  (ps)  (ps)   (ps)  Location 
#--------------------------------------------------------------------------------------------------------------------------------------------
  u_core_u_fast_cnt_bin_q_reg[0]/C                                   -       -     R     (arrival)    111     -   150     0       0    (-,-) 
  u_core_u_fast_cnt_bin_q_reg[0]/Q                                   -       C->Q  F     DFRRQHDX1      1  32.3   316  1079    1079    (-,-) 
  g209290/Q                                                          -       A->Q  F     BUHDX6         5 143.3   204   466    1544    (-,-) 
  g191085_dup209291/Q                                                -       A->Q  F     BUHDX12       29 290.4   205   422    1966    (-,-) 
  u_core_gen_pd_row[6].gen_pd_col[1].u_pd/fopt1158/Q                 -       A->Q  R     INHDX1         1  15.7   196   221    2187    (-,-) 
  u_core_gen_pd_row[6].gen_pd_col[1].u_pd/g1178/Q                    -       A->Q  F     ON21HDX1       1  12.2   217   220    2407    (-,-) 
  u_core_gen_pd_row[6].gen_pd_col[1].u_pd/nfast_hit_latched_reg[0]/D -       -     F     DFRRQHDX4      1     -     -     0    2407    (-,-) 
#--------------------------------------------------------------------------------------------------------------------------------------------



Path 8: VIOLATED (-3048 ps) Setup Check with Pin u_core_gen_pd_row[7].gen_pd_col[1].u_pd/nfast_hit_latched_reg[4]/C->D
           View: wc_view
          Group: clk_osc_fast_tap1
     Startpoint: (R) u_core_u_fast_cnt_bin_q_reg[4]/C
          Clock: (R) clk_osc_fast
       Endpoint: (F) u_core_gen_pd_row[7].gen_pd_col[1].u_pd/nfast_hit_latched_reg[4]/D
          Clock: (R) clk_osc_fast_tap1

                     Capture       Launch     
        Clock Edge:+      50            0     
       Src Latency:+       0            0     
       Net Latency:+       0 (I)        0 (I) 
           Arrival:=      50            0     
                                              
             Setup:-     637                  
       Uncertainty:-      50                  
     Required Time:=    -637                  
      Launch Clock:-       0                  
         Data Path:-    2411                  
             Slack:=   -3048                  

#--------------------------------------------------------------------------------------------------------------------------------------------
#                           Timing Point                             Flags   Arc   Edge   Cell     Fanout  Load Trans Delay Arrival Instance 
#                                                                                                          (fF)  (ps)  (ps)   (ps)  Location 
#--------------------------------------------------------------------------------------------------------------------------------------------
  u_core_u_fast_cnt_bin_q_reg[4]/C                                   -       -     R     (arrival)    111     -   150     0       0    (-,-) 
  u_core_u_fast_cnt_bin_q_reg[4]/Q                                   -       C->Q  F     DFRRQHDX1      2  71.0   469  1272    1272    (-,-) 
  g209281/Q                                                          -       A->Q  F     BUHDX12       57 537.9   341   631    1903    (-,-) 
  u_core_gen_pd_row[7].gen_pd_col[1].u_pd/g1144/Q                    -       A->Q  R     INHDX1         1  14.3   204   258    2161    (-,-) 
  u_core_gen_pd_row[7].gen_pd_col[1].u_pd/g1123__1617/Q              -       B->Q  F     ON21HDX1       1  12.2   198   250    2411    (-,-) 
  u_core_gen_pd_row[7].gen_pd_col[1].u_pd/nfast_hit_latched_reg[4]/D -       -     F     DFRRQHDX4      1     -     -     0    2411    (-,-) 
#--------------------------------------------------------------------------------------------------------------------------------------------



Path 9: VIOLATED (-3048 ps) Setup Check with Pin u_core_gen_pd_row[3].gen_pd_col[1].u_pd/nfast_hit_latched_reg[0]/C->D
           View: wc_view
          Group: clk_osc_fast_tap1
     Startpoint: (R) u_core_u_fast_cnt_bin_q_reg[0]/C
          Clock: (R) clk_osc_fast
       Endpoint: (F) u_core_gen_pd_row[3].gen_pd_col[1].u_pd/nfast_hit_latched_reg[0]/D
          Clock: (R) clk_osc_fast_tap1

                     Capture       Launch     
        Clock Edge:+      50            0     
       Src Latency:+       0            0     
       Net Latency:+       0 (I)        0 (I) 
           Arrival:=      50            0     
                                              
             Setup:-     640                  
       Uncertainty:-      50                  
     Required Time:=    -640                  
      Launch Clock:-       0                  
         Data Path:-    2408                  
             Slack:=   -3048                  

#--------------------------------------------------------------------------------------------------------------------------------------------
#                           Timing Point                             Flags   Arc   Edge   Cell     Fanout  Load Trans Delay Arrival Instance 
#                                                                                                          (fF)  (ps)  (ps)   (ps)  Location 
#--------------------------------------------------------------------------------------------------------------------------------------------
  u_core_u_fast_cnt_bin_q_reg[0]/C                                   -       -     R     (arrival)    111     -   150     0       0    (-,-) 
  u_core_u_fast_cnt_bin_q_reg[0]/Q                                   -       C->Q  F     DFRRQHDX1      1  32.3   316  1079    1079    (-,-) 
  g209290/Q                                                          -       A->Q  F     BUHDX6         5 143.3   204   466    1544    (-,-) 
  g209289/Q                                                          -       A->Q  F     BUHDX12       31 290.8   205   422    1966    (-,-) 
  u_core_gen_pd_row[3].gen_pd_col[1].u_pd/fopt1160/Q                 -       A->Q  R     INHDX1         1  15.7   196   221    2188    (-,-) 
  u_core_gen_pd_row[3].gen_pd_col[1].u_pd/g18/Q                      -       A->Q  F     ON21HDX1       1  12.2   209   220    2407    (-,-) 
  u_core_gen_pd_row[3].gen_pd_col[1].u_pd/nfast_hit_latched_reg[0]/D -       -     F     DFRRQHDX4      1     -     -     0    2408    (-,-) 
#--------------------------------------------------------------------------------------------------------------------------------------------



Path 10: VIOLATED (-3043 ps) Setup Check with Pin u_core_gen_pd_row[3].gen_pd_col[1].u_pd/nfast_hit_latched_reg[5]/C->D
           View: wc_view
          Group: clk_osc_fast_tap1
     Startpoint: (R) u_core_u_fast_cnt_bin_q_reg[5]/C
          Clock: (R) clk_osc_fast
       Endpoint: (F) u_core_gen_pd_row[3].gen_pd_col[1].u_pd/nfast_hit_latched_reg[5]/D
          Clock: (R) clk_osc_fast_tap1

                     Capture       Launch     
        Clock Edge:+      50            0     
       Src Latency:+       0            0     
       Net Latency:+       0 (I)        0 (I) 
           Arrival:=      50            0     
                                              
             Setup:-     644                  
       Uncertainty:-      50                  
     Required Time:=    -644                  
      Launch Clock:-       0                  
         Data Path:-    2398                  
             Slack:=   -3043                  

#--------------------------------------------------------------------------------------------------------------------------------------------
#                           Timing Point                             Flags   Arc   Edge   Cell     Fanout  Load Trans Delay Arrival Instance 
#                                                                                                          (fF)  (ps)  (ps)   (ps)  Location 
#--------------------------------------------------------------------------------------------------------------------------------------------
  u_core_u_fast_cnt_bin_q_reg[5]/C                                   -       -     R     (arrival)    111     -   150     0       0    (-,-) 
  u_core_u_fast_cnt_bin_q_reg[5]/Q                                   -       C->Q  F     DFRRQHDX1      1  32.3   316  1079    1079    (-,-) 
  g211048/Q                                                          -       A->Q  F     BUHDX6         4 138.8   199   461    1540    (-,-) 
  g211050/Q                                                          -       A->Q  F     BUHDX12       29 272.1   195   410    1949    (-,-) 
  u_core_gen_pd_row[3].gen_pd_col[1].u_pd/g1141/Q                    -       A->Q  R     INHDX1         1  14.3   183   206    2156    (-,-) 
  u_core_gen_pd_row[3].gen_pd_col[1].u_pd/g1122__5122/Q              -       B->Q  F     ON21HDX1       1  12.2   224   243    2398    (-,-) 
  u_core_gen_pd_row[3].gen_pd_col[1].u_pd/nfast_hit_latched_reg[5]/D -       -     F     DFRRQHDX4      1     -     -     0    2398    (-,-) 
#--------------------------------------------------------------------------------------------------------------------------------------------



Path 11: VIOLATED (-3043 ps) Setup Check with Pin u_core_gen_pd_row[2].gen_pd_col[1].u_pd/nfast_hit_latched_reg[5]/C->D
           View: wc_view
          Group: clk_osc_fast_tap1
     Startpoint: (R) u_core_u_fast_cnt_bin_q_reg[5]/C
          Clock: (R) clk_osc_fast
       Endpoint: (F) u_core_gen_pd_row[2].gen_pd_col[1].u_pd/nfast_hit_latched_reg[5]/D
          Clock: (R) clk_osc_fast_tap1

                     Capture       Launch     
        Clock Edge:+      50            0     
       Src Latency:+       0            0     
       Net Latency:+       0 (I)        0 (I) 
           Arrival:=      50            0     
                                              
             Setup:-     644                  
       Uncertainty:-      50                  
     Required Time:=    -644                  
      Launch Clock:-       0                  
         Data Path:-    2398                  
             Slack:=   -3043                  

#--------------------------------------------------------------------------------------------------------------------------------------------
#                           Timing Point                             Flags   Arc   Edge   Cell     Fanout  Load Trans Delay Arrival Instance 
#                                                                                                          (fF)  (ps)  (ps)   (ps)  Location 
#--------------------------------------------------------------------------------------------------------------------------------------------
  u_core_u_fast_cnt_bin_q_reg[5]/C                                   -       -     R     (arrival)    111     -   150     0       0    (-,-) 
  u_core_u_fast_cnt_bin_q_reg[5]/Q                                   -       C->Q  F     DFRRQHDX1      1  32.3   316  1079    1079    (-,-) 
  g211048/Q                                                          -       A->Q  F     BUHDX6         4 138.8   199   461    1540    (-,-) 
  g211050/Q                                                          -       A->Q  F     BUHDX12       29 272.1   195   410    1949    (-,-) 
  u_core_gen_pd_row[2].gen_pd_col[1].u_pd/g1141/Q                    -       A->Q  R     INHDX1         1  14.3   183   206    2156    (-,-) 
  u_core_gen_pd_row[2].gen_pd_col[1].u_pd/g1122__5526/Q              -       B->Q  F     ON21HDX1       1  12.2   224   243    2398    (-,-) 
  u_core_gen_pd_row[2].gen_pd_col[1].u_pd/nfast_hit_latched_reg[5]/D -       -     F     DFRRQHDX4      1     -     -     0    2398    (-,-) 
#--------------------------------------------------------------------------------------------------------------------------------------------



Path 12: VIOLATED (-3043 ps) Setup Check with Pin u_core_gen_pd_row[0].gen_pd_col[1].u_pd/nfast_hit_latched_reg[5]/C->D
           View: wc_view
          Group: clk_osc_fast_tap1
     Startpoint: (R) u_core_u_fast_cnt_bin_q_reg[5]/C
          Clock: (R) clk_osc_fast
       Endpoint: (F) u_core_gen_pd_row[0].gen_pd_col[1].u_pd/nfast_hit_latched_reg[5]/D
          Clock: (R) clk_osc_fast_tap1

                     Capture       Launch     
        Clock Edge:+      50            0     
       Src Latency:+       0            0     
       Net Latency:+       0 (I)        0 (I) 
           Arrival:=      50            0     
                                              
             Setup:-     644                  
       Uncertainty:-      50                  
     Required Time:=    -644                  
      Launch Clock:-       0                  
         Data Path:-    2398                  
             Slack:=   -3043                  

#--------------------------------------------------------------------------------------------------------------------------------------------
#                           Timing Point                             Flags   Arc   Edge   Cell     Fanout  Load Trans Delay Arrival Instance 
#                                                                                                          (fF)  (ps)  (ps)   (ps)  Location 
#--------------------------------------------------------------------------------------------------------------------------------------------
  u_core_u_fast_cnt_bin_q_reg[5]/C                                   -       -     R     (arrival)    111     -   150     0       0    (-,-) 
  u_core_u_fast_cnt_bin_q_reg[5]/Q                                   -       C->Q  F     DFRRQHDX1      1  32.3   316  1079    1079    (-,-) 
  g211048/Q                                                          -       A->Q  F     BUHDX6         4 138.8   199   461    1540    (-,-) 
  g211050/Q                                                          -       A->Q  F     BUHDX12       29 272.1   195   410    1949    (-,-) 
  u_core_gen_pd_row[0].gen_pd_col[1].u_pd/g1141/Q                    -       A->Q  R     INHDX1         1  14.3   183   206    2156    (-,-) 
  u_core_gen_pd_row[0].gen_pd_col[1].u_pd/g1122__9945/Q              -       B->Q  F     ON21HDX1       1  12.2   224   243    2398    (-,-) 
  u_core_gen_pd_row[0].gen_pd_col[1].u_pd/nfast_hit_latched_reg[5]/D -       -     F     DFRRQHDX4      1     -     -     0    2398    (-,-) 
#--------------------------------------------------------------------------------------------------------------------------------------------



Path 13: VIOLATED (-3043 ps) Setup Check with Pin u_core_gen_pd_row[6].gen_pd_col[1].u_pd/nfast_hit_latched_reg[4]/C->D
           View: wc_view
          Group: clk_osc_fast_tap1
     Startpoint: (R) u_core_u_fast_cnt_bin_q_reg[4]/C
          Clock: (R) clk_osc_fast
       Endpoint: (F) u_core_gen_pd_row[6].gen_pd_col[1].u_pd/nfast_hit_latched_reg[4]/D
          Clock: (R) clk_osc_fast_tap1

                     Capture       Launch     
        Clock Edge:+      50            0     
       Src Latency:+       0            0     
       Net Latency:+       0 (I)        0 (I) 
           Arrival:=      50            0     
                                              
             Setup:-     642                  
       Uncertainty:-      50                  
     Required Time:=    -642                  
      Launch Clock:-       0                  
         Data Path:-    2400                  
             Slack:=   -3043                  

#--------------------------------------------------------------------------------------------------------------------------------------------
#                           Timing Point                             Flags   Arc   Edge   Cell     Fanout  Load Trans Delay Arrival Instance 
#                                                                                                          (fF)  (ps)  (ps)   (ps)  Location 
#--------------------------------------------------------------------------------------------------------------------------------------------
  u_core_u_fast_cnt_bin_q_reg[4]/C                                   -       -     R     (arrival)    111     -   150     0       0    (-,-) 
  u_core_u_fast_cnt_bin_q_reg[4]/Q                                   -       C->Q  F     DFRRQHDX1      2  71.0   469  1272    1272    (-,-) 
  g209281/Q                                                          -       A->Q  F     BUHDX12       57 537.9   341   631    1903    (-,-) 
  u_core_gen_pd_row[6].gen_pd_col[1].u_pd/g1144/Q                    -       A->Q  R     INHDX1         1  15.7   216   271    2174    (-,-) 
  u_core_gen_pd_row[6].gen_pd_col[1].u_pd/g1205/Q                    -       A->Q  F     ON21HDX1       1  12.2   217   226    2400    (-,-) 
  u_core_gen_pd_row[6].gen_pd_col[1].u_pd/nfast_hit_latched_reg[4]/D -       -     F     DFRRQHDX4      1     -     -     0    2400    (-,-) 
#--------------------------------------------------------------------------------------------------------------------------------------------



Path 14: VIOLATED (-3036 ps) Setup Check with Pin u_core_gen_pd_row[2].gen_pd_col[1].u_pd/nfast_hit_latched_reg[1]/C->D
           View: wc_view
          Group: clk_osc_fast_tap1
     Startpoint: (R) u_core_u_fast_cnt_bin_q_reg[1]/C
          Clock: (R) clk_osc_fast
       Endpoint: (F) u_core_gen_pd_row[2].gen_pd_col[1].u_pd/nfast_hit_latched_reg[1]/D
          Clock: (R) clk_osc_fast_tap1

                     Capture       Launch     
        Clock Edge:+      50            0     
       Src Latency:+       0            0     
       Net Latency:+       0 (I)        0 (I) 
           Arrival:=      50            0     
                                              
             Setup:-     644                  
       Uncertainty:-      50                  
     Required Time:=    -644                  
      Launch Clock:-       0                  
         Data Path:-    2392                  
             Slack:=   -3036                  

#--------------------------------------------------------------------------------------------------------------------------------------------
#                           Timing Point                             Flags   Arc   Edge   Cell     Fanout  Load Trans Delay Arrival Instance 
#                                                                                                          (fF)  (ps)  (ps)   (ps)  Location 
#--------------------------------------------------------------------------------------------------------------------------------------------
  u_core_u_fast_cnt_bin_q_reg[1]/C                                   -       -     R     (arrival)    111     -   150     0       0    (-,-) 
  u_core_u_fast_cnt_bin_q_reg[1]/Q                                   -       C->Q  F     DFRRQHDX1      1  32.3   316  1079    1079    (-,-) 
  drc200217/Q                                                        -       A->Q  F     BUHDX6         5 147.0   208   470    1548    (-,-) 
  g200216/Q                                                          -       A->Q  F     BUHDX12       28 262.8   190   409    1957    (-,-) 
  u_core_gen_pd_row[2].gen_pd_col[1].u_pd/g1143/Q                    -       A->Q  R     INHDX1         1  15.7   194   215    2172    (-,-) 
  u_core_gen_pd_row[2].gen_pd_col[1].u_pd/g18/Q                      -       A->Q  F     ON21HDX1       1  12.2   224   219    2391    (-,-) 
  u_core_gen_pd_row[2].gen_pd_col[1].u_pd/nfast_hit_latched_reg[1]/D -       -     F     DFRRQHDX4      1     -     -     0    2392    (-,-) 
#--------------------------------------------------------------------------------------------------------------------------------------------



Path 15: VIOLATED (-3036 ps) Setup Check with Pin u_core_gen_pd_row[0].gen_pd_col[1].u_pd/nfast_hit_latched_reg[1]/C->D
           View: wc_view
          Group: clk_osc_fast_tap1
     Startpoint: (R) u_core_u_fast_cnt_bin_q_reg[1]/C
          Clock: (R) clk_osc_fast
       Endpoint: (F) u_core_gen_pd_row[0].gen_pd_col[1].u_pd/nfast_hit_latched_reg[1]/D
          Clock: (R) clk_osc_fast_tap1

                     Capture       Launch     
        Clock Edge:+      50            0     
       Src Latency:+       0            0     
       Net Latency:+       0 (I)        0 (I) 
           Arrival:=      50            0     
                                              
             Setup:-     644                  
       Uncertainty:-      50                  
     Required Time:=    -644                  
      Launch Clock:-       0                  
         Data Path:-    2392                  
             Slack:=   -3036                  

#--------------------------------------------------------------------------------------------------------------------------------------------
#                           Timing Point                             Flags   Arc   Edge   Cell     Fanout  Load Trans Delay Arrival Instance 
#                                                                                                          (fF)  (ps)  (ps)   (ps)  Location 
#--------------------------------------------------------------------------------------------------------------------------------------------
  u_core_u_fast_cnt_bin_q_reg[1]/C                                   -       -     R     (arrival)    111     -   150     0       0    (-,-) 
  u_core_u_fast_cnt_bin_q_reg[1]/Q                                   -       C->Q  F     DFRRQHDX1      1  32.3   316  1079    1079    (-,-) 
  drc200217/Q                                                        -       A->Q  F     BUHDX6         5 147.0   208   470    1548    (-,-) 
  g200216/Q                                                          -       A->Q  F     BUHDX12       28 262.8   190   409    1957    (-,-) 
  u_core_gen_pd_row[0].gen_pd_col[1].u_pd/g1143/Q                    -       A->Q  R     INHDX1         1  15.7   194   215    2172    (-,-) 
  u_core_gen_pd_row[0].gen_pd_col[1].u_pd/g18/Q                      -       A->Q  F     ON21HDX1       1  12.2   224   219    2391    (-,-) 
  u_core_gen_pd_row[0].gen_pd_col[1].u_pd/nfast_hit_latched_reg[1]/D -       -     F     DFRRQHDX4      1     -     -     0    2392    (-,-) 
#--------------------------------------------------------------------------------------------------------------------------------------------



Path 16: VIOLATED (-3035 ps) Setup Check with Pin u_core_gen_pd_row[7].gen_pd_col[1].u_pd/nfast_hit_latched_reg[3]/C->D
           View: wc_view
          Group: clk_osc_fast_tap1
     Startpoint: (R) u_core_u_fast_cnt_bin_q_reg[3]/C
          Clock: (R) clk_osc_fast
       Endpoint: (F) u_core_gen_pd_row[7].gen_pd_col[1].u_pd/nfast_hit_latched_reg[3]/D
          Clock: (R) clk_osc_fast_tap1

                     Capture       Launch     
        Clock Edge:+      50            0     
       Src Latency:+       0            0     
       Net Latency:+       0 (I)        0 (I) 
           Arrival:=      50            0     
                                              
             Setup:-     679                  
       Uncertainty:-      50                  
     Required Time:=    -679                  
      Launch Clock:-       0                  
         Data Path:-    2356                  
             Slack:=   -3035                  

#--------------------------------------------------------------------------------------------------------------------------------------------
#                           Timing Point                             Flags   Arc   Edge   Cell     Fanout  Load Trans Delay Arrival Instance 
#                                                                                                          (fF)  (ps)  (ps)   (ps)  Location 
#--------------------------------------------------------------------------------------------------------------------------------------------
  u_core_u_fast_cnt_bin_q_reg[3]/C                                   -       -     R     (arrival)    111     -   150     0       0    (-,-) 
  u_core_u_fast_cnt_bin_q_reg[3]/Q                                   -       C->Q  F     DFRRQHDX1      1  32.3   316  1079    1079    (-,-) 
  drc200225/Q                                                        -       A->Q  F     BUHDX6         5 142.4   203   465    1544    (-,-) 
  g200218/Q                                                          -       A->Q  F     BUHDX8        15 142.5   160   378    1922    (-,-) 
  u_core_gen_pd_row[7].gen_pd_col[1].u_pd/g1146/Q                    -       A->Q  R     INHDX1         1  14.3   178   192    2114    (-,-) 
  u_core_gen_pd_row[7].gen_pd_col[1].u_pd/g1120__5526/Q              -       B->Q  F     ON21HDX1       1  12.3   224   242    2356    (-,-) 
  u_core_gen_pd_row[7].gen_pd_col[1].u_pd/nfast_hit_latched_reg[3]/D -       -     F     DFRRQHDX1      1     -     -     0    2356    (-,-) 
#--------------------------------------------------------------------------------------------------------------------------------------------



Path 17: VIOLATED (-3035 ps) Setup Check with Pin u_core_gen_pd_row[6].gen_pd_col[1].u_pd/nfast_hit_latched_reg[3]/C->D
           View: wc_view
          Group: clk_osc_fast_tap1
     Startpoint: (R) u_core_u_fast_cnt_bin_q_reg[3]/C
          Clock: (R) clk_osc_fast
       Endpoint: (F) u_core_gen_pd_row[6].gen_pd_col[1].u_pd/nfast_hit_latched_reg[3]/D
          Clock: (R) clk_osc_fast_tap1

                     Capture       Launch     
        Clock Edge:+      50            0     
       Src Latency:+       0            0     
       Net Latency:+       0 (I)        0 (I) 
           Arrival:=      50            0     
                                              
             Setup:-     679                  
       Uncertainty:-      50                  
     Required Time:=    -679                  
      Launch Clock:-       0                  
         Data Path:-    2356                  
             Slack:=   -3035                  

#--------------------------------------------------------------------------------------------------------------------------------------------
#                           Timing Point                             Flags   Arc   Edge   Cell     Fanout  Load Trans Delay Arrival Instance 
#                                                                                                          (fF)  (ps)  (ps)   (ps)  Location 
#--------------------------------------------------------------------------------------------------------------------------------------------
  u_core_u_fast_cnt_bin_q_reg[3]/C                                   -       -     R     (arrival)    111     -   150     0       0    (-,-) 
  u_core_u_fast_cnt_bin_q_reg[3]/Q                                   -       C->Q  F     DFRRQHDX1      1  32.3   316  1079    1079    (-,-) 
  drc200225/Q                                                        -       A->Q  F     BUHDX6         5 142.4   203   465    1544    (-,-) 
  g200218/Q                                                          -       A->Q  F     BUHDX8        15 142.5   160   378    1922    (-,-) 
  u_core_gen_pd_row[6].gen_pd_col[1].u_pd/g1146/Q                    -       A->Q  R     INHDX1         1  14.3   178   192    2114    (-,-) 
  u_core_gen_pd_row[6].gen_pd_col[1].u_pd/g1120__5477/Q              -       B->Q  F     ON21HDX1       1  12.3   225   242    2356    (-,-) 
  u_core_gen_pd_row[6].gen_pd_col[1].u_pd/nfast_hit_latched_reg[3]/D -       -     F     DFRRQHDX1      1     -     -     0    2356    (-,-) 
#--------------------------------------------------------------------------------------------------------------------------------------------



Path 18: VIOLATED (-3034 ps) Setup Check with Pin u_core_gen_pd_row[7].gen_pd_col[1].u_pd/nfast_hit_latched_reg[5]/C->D
           View: wc_view
          Group: clk_osc_fast_tap1
     Startpoint: (R) u_core_u_fast_cnt_bin_q_reg[5]/C
          Clock: (R) clk_osc_fast
       Endpoint: (F) u_core_gen_pd_row[7].gen_pd_col[1].u_pd/nfast_hit_latched_reg[5]/D
          Clock: (R) clk_osc_fast_tap1

                     Capture       Launch     
        Clock Edge:+      50            0     
       Src Latency:+       0            0     
       Net Latency:+       0 (I)        0 (I) 
           Arrival:=      50            0     
                                              
             Setup:-     644                  
       Uncertainty:-      50                  
     Required Time:=    -644                  
      Launch Clock:-       0                  
         Data Path:-    2390                  
             Slack:=   -3034                  

#--------------------------------------------------------------------------------------------------------------------------------------------
#                           Timing Point                             Flags   Arc   Edge   Cell     Fanout  Load Trans Delay Arrival Instance 
#                                                                                                          (fF)  (ps)  (ps)   (ps)  Location 
#--------------------------------------------------------------------------------------------------------------------------------------------
  u_core_u_fast_cnt_bin_q_reg[5]/C                                   -       -     R     (arrival)    111     -   150     0       0    (-,-) 
  u_core_u_fast_cnt_bin_q_reg[5]/Q                                   -       C->Q  F     DFRRQHDX1      1  32.3   316  1079    1079    (-,-) 
  g211048/Q                                                          -       A->Q  F     BUHDX6         4 138.8   199   461    1540    (-,-) 
  g92615_dup211052/Q                                                 -       A->Q  F     BUHDX12       28 276.9   197   412    1952    (-,-) 
  u_core_gen_pd_row[7].gen_pd_col[1].u_pd/g1141/Q                    -       A->Q  R     INHDX1         1  15.7   195   218    2170    (-,-) 
  u_core_gen_pd_row[7].gen_pd_col[1].u_pd/g1122__3680/Q              -       A->Q  F     ON21HDX1       1  12.2   224   220    2390    (-,-) 
  u_core_gen_pd_row[7].gen_pd_col[1].u_pd/nfast_hit_latched_reg[5]/D -       -     F     DFRRQHDX4      1     -     -     0    2390    (-,-) 
#--------------------------------------------------------------------------------------------------------------------------------------------



Path 19: VIOLATED (-3034 ps) Setup Check with Pin u_core_gen_pd_row[5].gen_pd_col[1].u_pd/nfast_hit_latched_reg[5]/C->D
           View: wc_view
          Group: clk_osc_fast_tap1
     Startpoint: (R) u_core_u_fast_cnt_bin_q_reg[5]/C
          Clock: (R) clk_osc_fast
       Endpoint: (F) u_core_gen_pd_row[5].gen_pd_col[1].u_pd/nfast_hit_latched_reg[5]/D
          Clock: (R) clk_osc_fast_tap1

                     Capture       Launch     
        Clock Edge:+      50            0     
       Src Latency:+       0            0     
       Net Latency:+       0 (I)        0 (I) 
           Arrival:=      50            0     
                                              
             Setup:-     644                  
       Uncertainty:-      50                  
     Required Time:=    -644                  
      Launch Clock:-       0                  
         Data Path:-    2390                  
             Slack:=   -3034                  

#--------------------------------------------------------------------------------------------------------------------------------------------
#                           Timing Point                             Flags   Arc   Edge   Cell     Fanout  Load Trans Delay Arrival Instance 
#                                                                                                          (fF)  (ps)  (ps)   (ps)  Location 
#--------------------------------------------------------------------------------------------------------------------------------------------
  u_core_u_fast_cnt_bin_q_reg[5]/C                                   -       -     R     (arrival)    111     -   150     0       0    (-,-) 
  u_core_u_fast_cnt_bin_q_reg[5]/Q                                   -       C->Q  F     DFRRQHDX1      1  32.3   316  1079    1079    (-,-) 
  g211048/Q                                                          -       A->Q  F     BUHDX6         4 138.8   199   461    1540    (-,-) 
  g92615_dup211052/Q                                                 -       A->Q  F     BUHDX12       28 276.9   197   412    1952    (-,-) 
  u_core_gen_pd_row[5].gen_pd_col[1].u_pd/g1141/Q                    -       A->Q  R     INHDX1         1  15.7   195   218    2170    (-,-) 
  u_core_gen_pd_row[5].gen_pd_col[1].u_pd/g1122__2346/Q              -       A->Q  F     ON21HDX1       1  12.2   224   220    2390    (-,-) 
  u_core_gen_pd_row[5].gen_pd_col[1].u_pd/nfast_hit_latched_reg[5]/D -       -     F     DFRRQHDX4      1     -     -     0    2390    (-,-) 
#--------------------------------------------------------------------------------------------------------------------------------------------



Path 20: VIOLATED (-3034 ps) Setup Check with Pin u_core_gen_pd_row[2].gen_pd_col[1].u_pd/nfast_hit_latched_reg[0]/C->D
           View: wc_view
          Group: clk_osc_fast_tap1
     Startpoint: (R) u_core_u_fast_cnt_bin_q_reg[0]/C
          Clock: (R) clk_osc_fast
       Endpoint: (F) u_core_gen_pd_row[2].gen_pd_col[1].u_pd/nfast_hit_latched_reg[0]/D
          Clock: (R) clk_osc_fast_tap1

                     Capture       Launch     
        Clock Edge:+      50            0     
       Src Latency:+       0            0     
       Net Latency:+       0 (I)        0 (I) 
           Arrival:=      50            0     
                                              
             Setup:-     614                  
       Uncertainty:-      50                  
     Required Time:=    -614                  
      Launch Clock:-       0                  
         Data Path:-    2420                  
             Slack:=   -3034                  

#--------------------------------------------------------------------------------------------------------------------------------------------
#                           Timing Point                             Flags   Arc   Edge   Cell     Fanout  Load Trans Delay Arrival Instance 
#                                                                                                          (fF)  (ps)  (ps)   (ps)  Location 
#--------------------------------------------------------------------------------------------------------------------------------------------
  u_core_u_fast_cnt_bin_q_reg[0]/C                                   -       -     R     (arrival)    111     -   150     0       0    (-,-) 
  u_core_u_fast_cnt_bin_q_reg[0]/Q                                   -       C->Q  F     DFRRQHDX1      1  32.3   316  1079    1079    (-,-) 
  g209290/Q                                                          -       A->Q  F     BUHDX6         5 143.3   204   466    1544    (-,-) 
  g209289/Q                                                          -       A->Q  F     BUHDX12       31 290.8   205   422    1966    (-,-) 
  u_core_gen_pd_row[2].gen_pd_col[1].u_pd/g1142/Q                    -       A->Q  R     INHDX1         1  14.3   184   210    2176    (-,-) 
  u_core_gen_pd_row[2].gen_pd_col[1].u_pd/g1121__1175/Q              -       B->Q  F     ON21HDX1       1  12.3   227   244    2420    (-,-) 
  u_core_gen_pd_row[2].gen_pd_col[1].u_pd/nfast_hit_latched_reg[0]/D -       -     F     DFRRHDX4       1     -     -     0    2420    (-,-) 
#--------------------------------------------------------------------------------------------------------------------------------------------


