============================================================
  Generated by:           Genus(TM) Synthesis Solution 22.13-s093_1
  Generated on:           May 18 2026  07:04:23 pm
  Module:                 mptdc_top_asic
  Operating conditions:   slow_1_62V_125C 
  Interconnect mode:      global
  Area mode:              physical library
============================================================

Timing
--------

Analysis view       Clock       Period 
---------------------------------------
wc_view       clk_osc_fast       900.0 
              clk_osc_fast_tap1  900.0 
              clk_osc_fast_tap2  900.0 
              clk_osc_fast_tap3  900.0 
              clk_osc_fast_tap4  900.0 
              clk_osc_fast_tap5  900.0 
              clk_osc_fast_tap6  900.0 
              clk_osc_fast_tap7  900.0 
              clk_osc_slow      1000.0 
              clk_osc_slow_tap1 1000.0 
              clk_osc_slow_tap2 1000.0 
              clk_osc_slow_tap3 1000.0 
              clk_osc_slow_tap4 1000.0 
              clk_osc_slow_tap5 1000.0 
              clk_osc_slow_tap6 1000.0 
              clk_osc_slow_tap7 1000.0 
              clk_sys           6250.0 


Analysis        Cost        Critical               Violating 
  View         Group       Path Slack     TNS        Paths   
-------------------------------------------------------------
wc_view       clk_osc_fast    -4730.5   -458633.0        220 
         clk_osc_fast_tap1    -3130.7   -331632.8        128 
         clk_osc_fast_tap2    -3080.7   -328832.8        128 
         clk_osc_fast_tap3    -3030.7   -326032.8        128 
         clk_osc_fast_tap4    -2980.7   -323232.8        128 
         clk_osc_fast_tap5    -2930.7   -320432.8        128 
         clk_osc_fast_tap6    -2880.7   -317632.8        128 
         clk_osc_fast_tap7    -2830.7   -314832.8        128 
              clk_osc_slow    -4016.1   -101575.2         38 
         clk_osc_slow_tap1   No paths         0.0          0 
         clk_osc_slow_tap2   No paths         0.0          0 
         clk_osc_slow_tap3   No paths         0.0          0 
         clk_osc_slow_tap4   No paths         0.0          0 
         clk_osc_slow_tap5   No paths         0.0          0 
         clk_osc_slow_tap6   No paths         0.0          0 
         clk_osc_slow_tap7   No paths         0.0          0 
                   clk_sys   -13539.5 -12883809.5       3455 
                   default   No paths         0.0          0 
-------------------------------------------------------------
Total                                 -15706647.3       4609 
                                                             

Instance Count
--------------
Leaf Instance Count             12098 
Physical Instance count             0 
Sequential Instance Count        6000 
Combinational Instance Count     6099 
Hierarchical Instance Count       341 

Area
----
Cell Area                          420717.516
Physical Cell Area                 0.000
Total Cell Area (Cell+Physical)    420717.516
Net Area                           798.013
Total Area (Cell+Physical+Net)     421515.529

Power
-----
Leakage Power                      6270.662 nW
Dynamic Power                      68599616.008 nW
Total Power                        68605886.670 nW

Max Fanout                         5204 (clk_sys)
Min Fanout                         0 (n_7)
Average Fanout                     1.8
Terms to net ratio                 2.8888
Terms to instance ratio            5.8990
Runtime                            31.112516 seconds
Elapsed Runtime                    35 seconds
Genus peak memory usage            1332.14 
Innovus peak memory usage          no_value 
Hostname                           lyoelectrosrv01.in2p3.fr
