STEP=TIE1_CHECKPOINT_PROBE
BOUNDARY_PVS_RUN_ID=20260828_mptdc_bufftap0_ro6_boundary_fillernorm_controlfix_090320
SOURCE_PVS_RUN_ID=20260827_mptdc_bufftap0_physical_source_fillernorm_154339
SOURCE_CHECKPOINT=/sim/ksabra/SPADMIC_work/innovus/20260826_mptdc_bufftap0_route_minarea_patch_trial_v6r_180659/checkpoints/repaired_route.enc.dat
SAFE_CHECKPOINT=/sim/ksabra/SPADMIC_work/innovus/20260828_mptdc_tie1_checkpoint_probe_envfix_093807/source_checkpoint_safe/repaired_route.enc.dat
SAFE_COPY_RC=0
CADENCE_ENV_RC=0
CADENCE_ENV_STATUS=PASS
INNOVUS_RC=0
PROBE_STATUS=PASS
RESTORE_STATUS=PASS
CORE_QUERY_STATUS=PASS
CORE_QUERY_ERROR_COUNT=0
QUERY_ERROR_COUNT=0
FLAGGED_DETAIL_QUERY_ERROR_COUNT=0
TIE1_SOURCE_TOKEN_COUNT=0
TIE_MASTER_SOURCE_TOKEN_COUNT=0
TIE1_NET_COUNT=0
TIE1_INST_TERM_COUNT=0
TIE1_REGULAR_WIRE_COUNT=0
TIE1_SPECIAL_WIRE_COUNT=0
TIE1_VIA_COUNT=0
TIE_AVAILABLE_MASTER_COUNT=4
PHYSICAL_TIE_MASTER_COUNT=0
PHYSICAL_TIE_INSTANCE_COUNT=0
FLAGGED_TIE_HIGH_TERM_COUNT=91
FLAGGED_TIE_LOW_TERM_COUNT=0
SOURCE_CHECKPOINT_HASH_STATUS=PASS
SAFE_COPY_MATCH_STATUS=PASS
SAFE_CHECKPOINT_HASH_STATUS=PASS
BOUNDARY_EVIDENCE_HASH_STATUS=PASS
PHYSICAL_SOURCE_HASH_STATUS=PASS
RESTORE_COMMAND_COUNT=1
MUTATION_COMMAND_COUNT=0
DESIGN_OBJECT_COUNT_STATUS=PASS
DESIGN_MUTATION_COUNT=0
READ_ONLY_STATUS=PASS
SIGNOFF_ELIGIBLE=NO
DECISION=PASS_REVIEW_TIE1_EVIDENCE
NEXT_STAGE=REVIEW_TIE1_EVIDENCE_BEFORE_HASH_GUARDED_TRIAL
