============================================================
  Generated by:           Genus(TM) Synthesis Solution 22.13-s093_1
  Generated on:           May 27 2026  03:01:24 pm
  Module:                 mptdc_top_asic
  Operating conditions:   slow_1_62V_125C 
  Interconnect mode:      global
  Area mode:              physical library
============================================================

                 Instance                                       Module                        Cell Count  Cell Area   Net Area   Total Area 
--------------------------------------------------------------------------------------------------------------------------------------------
mptdc_top_asic                                                                                     19549 509988.864 256722.376   766711.240 
  u_core_gen_pd_row[0].gen_pd_col[0].u_pd mptdc_pd_cell_SAMPLE_DEPTH2                                 34    958.362    271.822     1230.183 
  u_core_gen_pd_row[0].gen_pd_col[1].u_pd mptdc_pd_cell_SAMPLE_DEPTH2_1315                            36    963.379    284.059     1247.438 
  u_core_gen_pd_row[0].gen_pd_col[2].u_pd mptdc_pd_cell_SAMPLE_DEPTH2_1314                            40    963.379    315.353     1278.733 
  u_core_gen_pd_row[0].gen_pd_col[3].u_pd mptdc_pd_cell_SAMPLE_DEPTH2_1313                            40   1028.608    326.788     1355.396 
  u_core_gen_pd_row[0].gen_pd_col[4].u_pd mptdc_pd_cell_SAMPLE_DEPTH2_1312                            39   1038.643    311.341     1349.985 
  u_core_gen_pd_row[0].gen_pd_col[5].u_pd mptdc_pd_cell_SAMPLE_DEPTH2_1311                            41    995.994    318.964     1314.958 
  u_core_gen_pd_row[0].gen_pd_col[6].u_pd mptdc_pd_cell_SAMPLE_DEPTH2_1310                            39    923.238    303.317     1226.555 
  u_core_gen_pd_row[0].gen_pd_col[7].u_pd mptdc_pd_cell_SAMPLE_DEPTH2_1309                            41   1021.082    330.600     1351.681 
  u_core_gen_pd_row[1].gen_pd_col[0].u_pd mptdc_pd_cell_SAMPLE_DEPTH2_1308                            35    958.362    272.022     1230.384 
  u_core_gen_pd_row[1].gen_pd_col[1].u_pd mptdc_pd_cell_SAMPLE_DEPTH2_1307                            36    993.485    284.059     1277.544 
  u_core_gen_pd_row[1].gen_pd_col[2].u_pd mptdc_pd_cell_SAMPLE_DEPTH2_1306                            40   1026.099    315.353     1341.453 
  u_core_gen_pd_row[1].gen_pd_col[3].u_pd mptdc_pd_cell_SAMPLE_DEPTH2_1305                            40   1013.555    318.764     1332.319 
  u_core_gen_pd_row[1].gen_pd_col[4].u_pd mptdc_pd_cell_SAMPLE_DEPTH2_1304                            39   1038.643    311.341     1349.985 
  u_core_gen_pd_row[1].gen_pd_col[5].u_pd mptdc_pd_cell_SAMPLE_DEPTH2_1303                            39    990.976    303.317     1294.293 
  u_core_gen_pd_row[1].gen_pd_col[6].u_pd mptdc_pd_cell_SAMPLE_DEPTH2_1302                            41    938.291    318.964     1257.256 
  u_core_gen_pd_row[1].gen_pd_col[7].u_pd mptdc_pd_cell_SAMPLE_DEPTH2_1301                            41   1021.082    330.600     1351.681 
  u_core_gen_pd_row[2].gen_pd_col[0].u_pd mptdc_pd_cell_SAMPLE_DEPTH2_1300                            37    955.853    287.670     1243.523 
  u_core_gen_pd_row[2].gen_pd_col[1].u_pd mptdc_pd_cell_SAMPLE_DEPTH2_1299                            35   1001.011    276.235     1277.246 
  u_core_gen_pd_row[2].gen_pd_col[2].u_pd mptdc_pd_cell_SAMPLE_DEPTH2_1298                            37    963.379    291.882     1255.262 
  u_core_gen_pd_row[2].gen_pd_col[3].u_pd mptdc_pd_cell_SAMPLE_DEPTH2_1297                            40   1028.608    326.788     1355.396 
  u_core_gen_pd_row[2].gen_pd_col[4].u_pd mptdc_pd_cell_SAMPLE_DEPTH2_1296                            40    938.291    311.141     1249.432 
  u_core_gen_pd_row[2].gen_pd_col[5].u_pd mptdc_pd_cell_SAMPLE_DEPTH2_1295                            41   1021.082    318.964     1340.046 
  u_core_gen_pd_row[2].gen_pd_col[6].u_pd mptdc_pd_cell_SAMPLE_DEPTH2_1294                            41    938.291    318.964     1257.256 
  u_core_gen_pd_row[2].gen_pd_col[7].u_pd mptdc_pd_cell_SAMPLE_DEPTH2_1293                            41   1021.082    330.600     1351.681 
  u_core_gen_pd_row[3].gen_pd_col[0].u_pd mptdc_pd_cell_SAMPLE_DEPTH2_1292                            39    973.414    303.317     1276.731 
  u_core_gen_pd_row[3].gen_pd_col[1].u_pd mptdc_pd_cell_SAMPLE_DEPTH2_1291                            36    948.326    284.059     1232.385 
  u_core_gen_pd_row[3].gen_pd_col[2].u_pd mptdc_pd_cell_SAMPLE_DEPTH2_1290                            40    980.941    315.353     1296.294 
  u_core_gen_pd_row[3].gen_pd_col[3].u_pd mptdc_pd_cell_SAMPLE_DEPTH2_1289                            40    970.906    322.776     1293.681 
  u_core_gen_pd_row[3].gen_pd_col[4].u_pd mptdc_pd_cell_SAMPLE_DEPTH2_1288                            40    938.291    311.141     1249.432 
  u_core_gen_pd_row[3].gen_pd_col[5].u_pd mptdc_pd_cell_SAMPLE_DEPTH2_1287                            39   1041.152    307.329     1348.481 
  u_core_gen_pd_row[3].gen_pd_col[6].u_pd mptdc_pd_cell_SAMPLE_DEPTH2_1286                            41    985.958    318.964     1304.923 
  u_core_gen_pd_row[3].gen_pd_col[7].u_pd mptdc_pd_cell_SAMPLE_DEPTH2_1285                            45   1021.082    357.882     1378.964 
  u_core_gen_pd_row[4].gen_pd_col[0].u_pd mptdc_pd_cell_SAMPLE_DEPTH2_1284                            37    940.800    287.670     1228.470 
  u_core_gen_pd_row[4].gen_pd_col[1].u_pd mptdc_pd_cell_SAMPLE_DEPTH2_1283                            35   1001.011    276.235     1277.246 
  u_core_gen_pd_row[4].gen_pd_col[2].u_pd mptdc_pd_cell_SAMPLE_DEPTH2_1282                            36    950.835    284.059     1234.894 
  u_core_gen_pd_row[4].gen_pd_col[3].u_pd mptdc_pd_cell_SAMPLE_DEPTH2_1281                            40   1013.555    318.764     1332.319 
  u_core_gen_pd_row[4].gen_pd_col[4].u_pd mptdc_pd_cell_SAMPLE_DEPTH2_1280                            41    923.238    318.964     1242.203 
  u_core_gen_pd_row[4].gen_pd_col[5].u_pd mptdc_pd_cell_SAMPLE_DEPTH2_1279                            39   1041.152    307.329     1348.481 
  u_core_gen_pd_row[4].gen_pd_col[6].u_pd mptdc_pd_cell_SAMPLE_DEPTH2_1278                            42    943.309    326.788     1270.097 
  u_core_gen_pd_row[4].gen_pd_col[7].u_pd mptdc_pd_cell_SAMPLE_DEPTH2_1277                            41   1021.082    330.600     1351.681 
  u_core_gen_pd_row[5].gen_pd_col[0].u_pd mptdc_pd_cell_SAMPLE_DEPTH2_1276                            37    955.853    287.670     1243.523 
  u_core_gen_pd_row[5].gen_pd_col[1].u_pd mptdc_pd_cell_SAMPLE_DEPTH2_1275                            40   1006.029    303.518     1309.546 
  u_core_gen_pd_row[5].gen_pd_col[2].u_pd mptdc_pd_cell_SAMPLE_DEPTH2_1274                            36    983.450    284.059     1267.508 
  u_core_gen_pd_row[5].gen_pd_col[3].u_pd mptdc_pd_cell_SAMPLE_DEPTH2_1273                            40   1013.555    318.764     1332.319 
  u_core_gen_pd_row[5].gen_pd_col[4].u_pd mptdc_pd_cell_SAMPLE_DEPTH2_1272                            40    938.291    311.141     1249.432 
  u_core_gen_pd_row[5].gen_pd_col[5].u_pd mptdc_pd_cell_SAMPLE_DEPTH2_1271                            41   1008.538    318.964     1327.502 
  u_core_gen_pd_row[5].gen_pd_col[6].u_pd mptdc_pd_cell_SAMPLE_DEPTH2_1270                            40    928.256    311.141     1239.397 
  u_core_gen_pd_row[5].gen_pd_col[7].u_pd mptdc_pd_cell_SAMPLE_DEPTH2_1269                            45   1018.573    357.882     1376.455 
  u_core_gen_pd_row[6].gen_pd_col[0].u_pd mptdc_pd_cell_SAMPLE_DEPTH2_1268                            34    928.256    264.199     1192.455 
  u_core_gen_pd_row[6].gen_pd_col[1].u_pd mptdc_pd_cell_SAMPLE_DEPTH2_1267                            37    965.888    287.870     1253.758 
  u_core_gen_pd_row[6].gen_pd_col[2].u_pd mptdc_pd_cell_SAMPLE_DEPTH2_1266                            37    985.958    291.882     1277.841 
  u_core_gen_pd_row[6].gen_pd_col[3].u_pd mptdc_pd_cell_SAMPLE_DEPTH2_1265                            40   1013.555    318.764     1332.319 
  u_core_gen_pd_row[6].gen_pd_col[4].u_pd mptdc_pd_cell_SAMPLE_DEPTH2_1264                            39   1038.643    311.341     1349.985 
  u_core_gen_pd_row[6].gen_pd_col[5].u_pd mptdc_pd_cell_SAMPLE_DEPTH2_1263                            39    993.485    307.329     1300.814 
  u_core_gen_pd_row[6].gen_pd_col[6].u_pd mptdc_pd_cell_SAMPLE_DEPTH2_1262                            42    975.923    326.788     1302.711 
  u_core_gen_pd_row[6].gen_pd_col[7].u_pd mptdc_pd_cell_SAMPLE_DEPTH2_1261                            45   1018.573    357.882     1376.455 
  u_core_gen_pd_row[7].gen_pd_col[0].u_pd mptdc_pd_cell_SAMPLE_DEPTH2_1260                            33    970.906    295.694     1266.600 
  u_core_gen_pd_row[7].gen_pd_col[1].u_pd mptdc_pd_cell_SAMPLE_DEPTH2_1259                            36    993.485    284.059     1277.544 
  u_core_gen_pd_row[7].gen_pd_col[2].u_pd mptdc_pd_cell_SAMPLE_DEPTH2_1258                            36    983.450    284.059     1267.508 
  u_core_gen_pd_row[7].gen_pd_col[3].u_pd mptdc_pd_cell_SAMPLE_DEPTH2_1257                            39   1018.573    318.964     1337.537 
  u_core_gen_pd_row[7].gen_pd_col[4].u_pd mptdc_pd_cell_SAMPLE_DEPTH2_1256                            40   1038.643    315.153     1353.796 
  u_core_gen_pd_row[7].gen_pd_col[5].u_pd mptdc_pd_cell_SAMPLE_DEPTH2_1255                            39   1018.573    311.341     1329.914 
  u_core_gen_pd_row[7].gen_pd_col[6].u_pd mptdc_pd_cell_SAMPLE_DEPTH2_1254                            42    975.923    326.788     1302.711 
  u_core_gen_pd_row[7].gen_pd_col[7].u_pd mptdc_pd_cell_SAMPLE_DEPTH2_1253                            47   1036.134    373.529     1409.664 
  u_core_u_fast_cnt                       mptdc_gray_cnt_sync_W7_USE_ASYNC_SNAPSHOT0                  50    998.502    469.620     1468.122 
  u_core_u_hit_capture_bridge             mptdc_hit_capture_bridge                                  2182  45793.126  18977.376    64770.503 
  u_core_u_osc_fast_u_stub                mptdc_osc_stub_NE8_1252                                      4     37.632      0.000       37.632 
  u_core_u_osc_slow_u_stub                mptdc_osc_stub_NE8                                           5     50.176      7.824       58.000 
  u_core_u_rst_drain_sync                 mptdc_reset_sync_STAGES4                                     5    258.406     31.295      289.701 
  u_core_u_rst_fast_sync                  mptdc_reset_sync_STAGES2_1316                                2    115.405      7.824      123.228 
  u_core_u_rst_fifo_sync                  mptdc_reset_sync_STAGES3                                     3    173.107     15.647      188.755 
  u_core_u_rst_status_sync                mptdc_reset_sync_STAGES2                                     3    132.966     15.647      148.614 
  u_core_u_rst_tx_sync                    mptdc_reset_sync_STAGES5                                     5    288.512     31.295      319.807 
  u_core_u_rst_wdt_sync                   mptdc_reset_sync_STAGES6                                     6    346.214     39.118      385.333 
  u_core_u_slow_cnt                       mptdc_gray_cnt_sync_W7_USE_ASYNC_SNAPSHOT1_CLEAR_O          97   3406.950    932.620     4339.570 
  u_rst_core_sync                         mptdc_reset_sync_STAGES4_1318                                5    283.494     31.295      314.789 
  u_rst_csr_sync                          mptdc_reset_sync_STAGES3_1317                                3    175.616     15.647      191.263 
