============================================================
  Generated by:           Genus(TM) Synthesis Solution 22.13-s093_1
  Generated on:           May 27 2026  03:01:25 pm
  Module:                 mptdc_top_asic
  Operating conditions:   slow_1_62V_125C 
  Interconnect mode:      global
  Area mode:              physical library
============================================================

                                                                     Library 
   Gate    Instances     Area                  Library                Domain 
-----------------------------------------------------------------------------
AN21HDX1          66     827.904    D_CELLS_HD_LPMOS_slow_1_62V_125C wc_cond 
AN21HDX2           3      67.738    D_CELLS_HD_LPMOS_slow_1_62V_125C wc_cond 
AN22HDX0          46     692.429    D_CELLS_HD_LPMOS_slow_1_62V_125C wc_cond 
AN22HDX1        2092   31490.458    D_CELLS_HD_LPMOS_slow_1_62V_125C wc_cond 
AN22HDX2         181    4540.928    D_CELLS_HD_LPMOS_slow_1_62V_125C wc_cond 
AN22HDX4           7     228.301    D_CELLS_HD_LPMOS_slow_1_62V_125C wc_cond 
AN31HDX1           5      75.264    D_CELLS_HD_LPMOS_slow_1_62V_125C wc_cond 
AN321HDX2          1      32.614    D_CELLS_HD_LPMOS_slow_1_62V_125C wc_cond 
AN32HDX1           2      35.123    D_CELLS_HD_LPMOS_slow_1_62V_125C wc_cond 
AND2HDX0         130    1630.720    D_CELLS_HD_LPMOS_slow_1_62V_125C wc_cond 
AND2HDX1         368    4616.192    D_CELLS_HD_LPMOS_slow_1_62V_125C wc_cond 
AND2HDX2         115    1731.072    D_CELLS_HD_LPMOS_slow_1_62V_125C wc_cond 
AND2HDX4          22     441.549    D_CELLS_HD_LPMOS_slow_1_62V_125C wc_cond 
AND3HDX0           6      90.317    D_CELLS_HD_LPMOS_slow_1_62V_125C wc_cond 
AND3HDX1           7     105.370    D_CELLS_HD_LPMOS_slow_1_62V_125C wc_cond 
AND3HDX2          29     509.286    D_CELLS_HD_LPMOS_slow_1_62V_125C wc_cond 
AND3HDX4          10     225.792    D_CELLS_HD_LPMOS_slow_1_62V_125C wc_cond 
AND4HDX0           1      17.562    D_CELLS_HD_LPMOS_slow_1_62V_125C wc_cond 
AND4HDX1          34     597.094    D_CELLS_HD_LPMOS_slow_1_62V_125C wc_cond 
AND4HDX2           3      60.211    D_CELLS_HD_LPMOS_slow_1_62V_125C wc_cond 
AND5HDX2           8     240.845    D_CELLS_HD_LPMOS_slow_1_62V_125C wc_cond 
AND6HDX1           2      55.194    D_CELLS_HD_LPMOS_slow_1_62V_125C wc_cond 
AND6HDX2         142    4631.245    D_CELLS_HD_LPMOS_slow_1_62V_125C wc_cond 
AO211HDX0          1      17.562    D_CELLS_HD_LPMOS_slow_1_62V_125C wc_cond 
AO211HDX2          1      22.579    D_CELLS_HD_LPMOS_slow_1_62V_125C wc_cond 
AO21HDX0           3      52.685    D_CELLS_HD_LPMOS_slow_1_62V_125C wc_cond 
AO21HDX1           6     105.370    D_CELLS_HD_LPMOS_slow_1_62V_125C wc_cond 
AO221HDX0          6     135.475    D_CELLS_HD_LPMOS_slow_1_62V_125C wc_cond 
AO221HDX1          2      45.158    D_CELLS_HD_LPMOS_slow_1_62V_125C wc_cond 
AO222HDX0         17     426.496    D_CELLS_HD_LPMOS_slow_1_62V_125C wc_cond 
AO22HDX0        4373   87767.859    D_CELLS_HD_LPMOS_slow_1_62V_125C wc_cond 
AO22HDX1           1      20.070    D_CELLS_HD_LPMOS_slow_1_62V_125C wc_cond 
AO22HDX2           5     112.896    D_CELLS_HD_LPMOS_slow_1_62V_125C wc_cond 
AO31HDX0           1      17.562    D_CELLS_HD_LPMOS_slow_1_62V_125C wc_cond 
AO31HDX1           2      35.123    D_CELLS_HD_LPMOS_slow_1_62V_125C wc_cond 
AO32HDX0          10     200.704    D_CELLS_HD_LPMOS_slow_1_62V_125C wc_cond 
AO32HDX1           1      20.070    D_CELLS_HD_LPMOS_slow_1_62V_125C wc_cond 
BUHDX0           384    3853.517    D_CELLS_HD_LPMOS_slow_1_62V_125C wc_cond 
BUHDX1           727    7295.590    D_CELLS_HD_LPMOS_slow_1_62V_125C wc_cond 
BUHDX12           29    1455.104    D_CELLS_HD_LPMOS_slow_1_62V_125C wc_cond 
BUHDX2           121    1517.824    D_CELLS_HD_LPMOS_slow_1_62V_125C wc_cond 
BUHDX3            22     386.355    D_CELLS_HD_LPMOS_slow_1_62V_125C wc_cond 
BUHDX4            20     401.408    D_CELLS_HD_LPMOS_slow_1_62V_125C wc_cond 
BUHDX6            41    1131.469    D_CELLS_HD_LPMOS_slow_1_62V_125C wc_cond 
BUHDX8            75    2634.240    D_CELLS_HD_LPMOS_slow_1_62V_125C wc_cond 
CAGHDX0            1      22.579    D_CELLS_HD_LPMOS_slow_1_62V_125C wc_cond 
CAGHDX1            4      90.317    D_CELLS_HD_LPMOS_slow_1_62V_125C wc_cond 
CAGHDX2            8     200.704    D_CELLS_HD_LPMOS_slow_1_62V_125C wc_cond 
DFRHDX0           47    2476.186    D_CELLS_HD_LPMOS_slow_1_62V_125C wc_cond 
DFRHDX1            3     158.054    D_CELLS_HD_LPMOS_slow_1_62V_125C wc_cond 
DFRHDX2            1      57.702    D_CELLS_HD_LPMOS_slow_1_62V_125C wc_cond 
DFRHDX4            2     135.475    D_CELLS_HD_LPMOS_slow_1_62V_125C wc_cond 
DFRQHDX0        2411  114925.619    D_CELLS_HD_LPMOS_slow_1_62V_125C wc_cond 
DFRQHDX1        2185  104152.832    D_CELLS_HD_LPMOS_slow_1_62V_125C wc_cond 
DFRQHDX2          47    2358.272    D_CELLS_HD_LPMOS_slow_1_62V_125C wc_cond 
DFRQHDX4          41    2262.938    D_CELLS_HD_LPMOS_slow_1_62V_125C wc_cond 
DFRRHDX0          17    1066.240    D_CELLS_HD_LPMOS_slow_1_62V_125C wc_cond 
DFRRHDX1          40    2508.800    D_CELLS_HD_LPMOS_slow_1_62V_125C wc_cond 
DFRRHDX2           1      67.738    D_CELLS_HD_LPMOS_slow_1_62V_125C wc_cond 
DFRRHDX4         161   12925.338    D_CELLS_HD_LPMOS_slow_1_62V_125C wc_cond 
DFRRQHDX0         43    2481.203    D_CELLS_HD_LPMOS_slow_1_62V_125C wc_cond 
DFRRQHDX1        341   19676.518    D_CELLS_HD_LPMOS_slow_1_62V_125C wc_cond 
DFRRQHDX2          9     541.901    D_CELLS_HD_LPMOS_slow_1_62V_125C wc_cond 
DFRRQHDX4        195   12719.616    D_CELLS_HD_LPMOS_slow_1_62V_125C wc_cond 
DFRSHDX1           5     288.512    D_CELLS_HD_LPMOS_slow_1_62V_125C wc_cond 
DFRSHDX2           9     564.480    D_CELLS_HD_LPMOS_slow_1_62V_125C wc_cond 
DFRSQHDX1         54    2844.979    D_CELLS_HD_LPMOS_slow_1_62V_125C wc_cond 
DFRSQHDX2          3     165.581    D_CELLS_HD_LPMOS_slow_1_62V_125C wc_cond 
DLHQHDX0           1      30.106    D_CELLS_HD_LPMOS_slow_1_62V_125C wc_cond 
DLHQHDX1           2      60.211    D_CELLS_HD_LPMOS_slow_1_62V_125C wc_cond 
DLHQHDX2           1      32.614    D_CELLS_HD_LPMOS_slow_1_62V_125C wc_cond 
DLLQHDX0           1      30.106    D_CELLS_HD_LPMOS_slow_1_62V_125C wc_cond 
DLLQHDX1           1      30.106    D_CELLS_HD_LPMOS_slow_1_62V_125C wc_cond 
DLLQHDX4           1      40.141    D_CELLS_HD_LPMOS_slow_1_62V_125C wc_cond 
EN2HDX0            2      40.141    D_CELLS_HD_LPMOS_slow_1_62V_125C wc_cond 
EN2HDX1           21     474.163    D_CELLS_HD_LPMOS_slow_1_62V_125C wc_cond 
EN2HDX2            1      32.614    D_CELLS_HD_LPMOS_slow_1_62V_125C wc_cond 
EN3HDX0            1      37.632    D_CELLS_HD_LPMOS_slow_1_62V_125C wc_cond 
EN3HDX1            6     240.845    D_CELLS_HD_LPMOS_slow_1_62V_125C wc_cond 
EN3HDX2            4     200.704    D_CELLS_HD_LPMOS_slow_1_62V_125C wc_cond 
EN3HDX4            3     165.581    D_CELLS_HD_LPMOS_slow_1_62V_125C wc_cond 
EO2HDX0            3      60.211    D_CELLS_HD_LPMOS_slow_1_62V_125C wc_cond 
EO2HDX1           54    1083.802    D_CELLS_HD_LPMOS_slow_1_62V_125C wc_cond 
EO3HDX0            1      40.141    D_CELLS_HD_LPMOS_slow_1_62V_125C wc_cond 
EO3HDX1            1      40.141    D_CELLS_HD_LPMOS_slow_1_62V_125C wc_cond 
FAHDX0            25    1254.400    D_CELLS_HD_LPMOS_slow_1_62V_125C wc_cond 
FAHDX1            12     662.323    D_CELLS_HD_LPMOS_slow_1_62V_125C wc_cond 
FAHDX2             2     120.422    D_CELLS_HD_LPMOS_slow_1_62V_125C wc_cond 
HAHDX0            14     386.355    D_CELLS_HD_LPMOS_slow_1_62V_125C wc_cond 
HAHDX1            20     602.112    D_CELLS_HD_LPMOS_slow_1_62V_125C wc_cond 
HAHDX2             4     150.528    D_CELLS_HD_LPMOS_slow_1_62V_125C wc_cond 
INHDX0           257    1934.285    D_CELLS_HD_LPMOS_slow_1_62V_125C wc_cond 
INHDX1           647    4869.581    D_CELLS_HD_LPMOS_slow_1_62V_125C wc_cond 
INHDX12          160    5619.712    D_CELLS_HD_LPMOS_slow_1_62V_125C wc_cond 
INHDX2           164    1645.773    D_CELLS_HD_LPMOS_slow_1_62V_125C wc_cond 
INHDX3           136    1705.984    D_CELLS_HD_LPMOS_slow_1_62V_125C wc_cond 
INHDX4            43     647.270    D_CELLS_HD_LPMOS_slow_1_62V_125C wc_cond 
INHDX6            54    1083.802    D_CELLS_HD_LPMOS_slow_1_62V_125C wc_cond 
INHDX8            97    2433.536    D_CELLS_HD_LPMOS_slow_1_62V_125C wc_cond 
MU2HDX0           24     481.690    D_CELLS_HD_LPMOS_slow_1_62V_125C wc_cond 
MU2HDX1            2      45.158    D_CELLS_HD_LPMOS_slow_1_62V_125C wc_cond 
MU2IHDX1           1      17.562    D_CELLS_HD_LPMOS_slow_1_62V_125C wc_cond 
MU2IHDX2           2      70.246    D_CELLS_HD_LPMOS_slow_1_62V_125C wc_cond 
NA22HDX0          13     195.686    D_CELLS_HD_LPMOS_slow_1_62V_125C wc_cond 
NA22HDX1         101    1520.333    D_CELLS_HD_LPMOS_slow_1_62V_125C wc_cond 
NA22HDX2          14     280.986    D_CELLS_HD_LPMOS_slow_1_62V_125C wc_cond 
NA22HDX4           6     225.792    D_CELLS_HD_LPMOS_slow_1_62V_125C wc_cond 
NA2HDX0          366    3672.883    D_CELLS_HD_LPMOS_slow_1_62V_125C wc_cond 
NA2HDX1          308    3090.842    D_CELLS_HD_LPMOS_slow_1_62V_125C wc_cond 
NA2HDX2           45     677.376    D_CELLS_HD_LPMOS_slow_1_62V_125C wc_cond 
NA2HDX4           19     476.672    D_CELLS_HD_LPMOS_slow_1_62V_125C wc_cond 
NA2I1HDX0          5      62.720    D_CELLS_HD_LPMOS_slow_1_62V_125C wc_cond 
NA2I1HDX1         61     765.184    D_CELLS_HD_LPMOS_slow_1_62V_125C wc_cond 
NA2I1HDX2         37     649.779    D_CELLS_HD_LPMOS_slow_1_62V_125C wc_cond 
NA2I1HDX4          8     260.915    D_CELLS_HD_LPMOS_slow_1_62V_125C wc_cond 
NA3HDX0            9     112.896    D_CELLS_HD_LPMOS_slow_1_62V_125C wc_cond 
NA3HDX1           18     225.792    D_CELLS_HD_LPMOS_slow_1_62V_125C wc_cond 
NA3HDX2           27     541.901    D_CELLS_HD_LPMOS_slow_1_62V_125C wc_cond 
NA3HDX4           23     865.536    D_CELLS_HD_LPMOS_slow_1_62V_125C wc_cond 
NA3I1HDX0          2      30.106    D_CELLS_HD_LPMOS_slow_1_62V_125C wc_cond 
NA3I1HDX1          5      75.264    D_CELLS_HD_LPMOS_slow_1_62V_125C wc_cond 
NA3I1HDX2          7     158.054    D_CELLS_HD_LPMOS_slow_1_62V_125C wc_cond 
NA3I1HDX4          5     213.248    D_CELLS_HD_LPMOS_slow_1_62V_125C wc_cond 
NA3I2HDX0          4      60.211    D_CELLS_HD_LPMOS_slow_1_62V_125C wc_cond 
NA3I2HDX1         11     165.581    D_CELLS_HD_LPMOS_slow_1_62V_125C wc_cond 
NA3I2HDX2         17     341.197    D_CELLS_HD_LPMOS_slow_1_62V_125C wc_cond 
NA3I2HDX4          8     260.915    D_CELLS_HD_LPMOS_slow_1_62V_125C wc_cond 
NA4HDX0            2      30.106    D_CELLS_HD_LPMOS_slow_1_62V_125C wc_cond 
NA4HDX1           87    1309.594    D_CELLS_HD_LPMOS_slow_1_62V_125C wc_cond 
NA4HDX2           42    1053.696    D_CELLS_HD_LPMOS_slow_1_62V_125C wc_cond 
NA4I1HDX1          2      40.141    D_CELLS_HD_LPMOS_slow_1_62V_125C wc_cond 
NA4I1HDX2          1      32.614    D_CELLS_HD_LPMOS_slow_1_62V_125C wc_cond 
NA4I2HDX1          1      17.562    D_CELLS_HD_LPMOS_slow_1_62V_125C wc_cond 
NA4I3HDX1          2      35.123    D_CELLS_HD_LPMOS_slow_1_62V_125C wc_cond 
NA4I3HDX2          1      22.579    D_CELLS_HD_LPMOS_slow_1_62V_125C wc_cond 
NA5I2HDX0          1      25.088    D_CELLS_HD_LPMOS_slow_1_62V_125C wc_cond 
NA5I3HDX1          3      60.211    D_CELLS_HD_LPMOS_slow_1_62V_125C wc_cond 
NA6I2HDX2          1      40.141    D_CELLS_HD_LPMOS_slow_1_62V_125C wc_cond 
NO22HDX1           1      17.562    D_CELLS_HD_LPMOS_slow_1_62V_125C wc_cond 
NO22HDX4           1      37.632    D_CELLS_HD_LPMOS_slow_1_62V_125C wc_cond 
NO2HDX0           19     190.669    D_CELLS_HD_LPMOS_slow_1_62V_125C wc_cond 
NO2HDX1          704    7064.781    D_CELLS_HD_LPMOS_slow_1_62V_125C wc_cond 
NO2HDX2            8     140.493    D_CELLS_HD_LPMOS_slow_1_62V_125C wc_cond 
NO2HDX4            2      55.194    D_CELLS_HD_LPMOS_slow_1_62V_125C wc_cond 
NO2I1HDX0         72     903.168    D_CELLS_HD_LPMOS_slow_1_62V_125C wc_cond 
NO2I1HDX1          7      87.808    D_CELLS_HD_LPMOS_slow_1_62V_125C wc_cond 
NO2I1HDX2          9     180.634    D_CELLS_HD_LPMOS_slow_1_62V_125C wc_cond 
NO2I1HDX4          5     163.072    D_CELLS_HD_LPMOS_slow_1_62V_125C wc_cond 
NO3HDX0            1      12.544    D_CELLS_HD_LPMOS_slow_1_62V_125C wc_cond 
NO3HDX2            3      67.738    D_CELLS_HD_LPMOS_slow_1_62V_125C wc_cond 
NO3I1HDX4          2      60.211    D_CELLS_HD_LPMOS_slow_1_62V_125C wc_cond 
NO3I2HDX0          1      15.053    D_CELLS_HD_LPMOS_slow_1_62V_125C wc_cond 
NO3I2HDX1          8     120.422    D_CELLS_HD_LPMOS_slow_1_62V_125C wc_cond 
NO3I2HDX2          5     112.896    D_CELLS_HD_LPMOS_slow_1_62V_125C wc_cond 
NO4I1HDX0          1      22.579    D_CELLS_HD_LPMOS_slow_1_62V_125C wc_cond 
NO4I1HDX1          1      22.579    D_CELLS_HD_LPMOS_slow_1_62V_125C wc_cond 
NO4I2HDX4          6     195.686    D_CELLS_HD_LPMOS_slow_1_62V_125C wc_cond 
NO4I3HDX1          3      60.211    D_CELLS_HD_LPMOS_slow_1_62V_125C wc_cond 
NO4I3HDX2          3      75.264    D_CELLS_HD_LPMOS_slow_1_62V_125C wc_cond 
NO5HDX0            2      55.194    D_CELLS_HD_LPMOS_slow_1_62V_125C wc_cond 
NO5I2HDX1          1      25.088    D_CELLS_HD_LPMOS_slow_1_62V_125C wc_cond 
NO5I2HDX2          1      25.088    D_CELLS_HD_LPMOS_slow_1_62V_125C wc_cond 
NO5I4HDX4          5     213.248    D_CELLS_HD_LPMOS_slow_1_62V_125C wc_cond 
NO6I3HDX2          1      40.141    D_CELLS_HD_LPMOS_slow_1_62V_125C wc_cond 
NO6I4HDX4          1      47.667    D_CELLS_HD_LPMOS_slow_1_62V_125C wc_cond 
NO6I5HDX4          5     225.792    D_CELLS_HD_LPMOS_slow_1_62V_125C wc_cond 
OA211HDX0          3      52.685    D_CELLS_HD_LPMOS_slow_1_62V_125C wc_cond 
OA211HDX1          1      20.070    D_CELLS_HD_LPMOS_slow_1_62V_125C wc_cond 
OA21HDX0           1      17.562    D_CELLS_HD_LPMOS_slow_1_62V_125C wc_cond 
OA21HDX1           4      70.246    D_CELLS_HD_LPMOS_slow_1_62V_125C wc_cond 
OA21HDX2           4      90.317    D_CELLS_HD_LPMOS_slow_1_62V_125C wc_cond 
OA221HDX0          3      75.264    D_CELLS_HD_LPMOS_slow_1_62V_125C wc_cond 
OA221HDX1          1      25.088    D_CELLS_HD_LPMOS_slow_1_62V_125C wc_cond 
OA222HDX0          1      27.597    D_CELLS_HD_LPMOS_slow_1_62V_125C wc_cond 
OA22HDX0          31     622.182    D_CELLS_HD_LPMOS_slow_1_62V_125C wc_cond 
OA31HDX0           1      20.070    D_CELLS_HD_LPMOS_slow_1_62V_125C wc_cond 
OA31HDX1           1      20.070    D_CELLS_HD_LPMOS_slow_1_62V_125C wc_cond 
OA321HDX1          1      25.088    D_CELLS_HD_LPMOS_slow_1_62V_125C wc_cond 
OA32HDX0           3      67.738    D_CELLS_HD_LPMOS_slow_1_62V_125C wc_cond 
OA32HDX1           1      22.579    D_CELLS_HD_LPMOS_slow_1_62V_125C wc_cond 
ON211HDX0         17     255.898    D_CELLS_HD_LPMOS_slow_1_62V_125C wc_cond 
ON211HDX1         12     210.739    D_CELLS_HD_LPMOS_slow_1_62V_125C wc_cond 
ON21HDX0           6      75.264    D_CELLS_HD_LPMOS_slow_1_62V_125C wc_cond 
ON21HDX1         640    8028.160    D_CELLS_HD_LPMOS_slow_1_62V_125C wc_cond 
ON21HDX4           2      60.211    D_CELLS_HD_LPMOS_slow_1_62V_125C wc_cond 
ON221HDX1          1      22.579    D_CELLS_HD_LPMOS_slow_1_62V_125C wc_cond 
ON222HDX2          2      75.264    D_CELLS_HD_LPMOS_slow_1_62V_125C wc_cond 
ON22HDX1          31     544.410    D_CELLS_HD_LPMOS_slow_1_62V_125C wc_cond 
ON22HDX2           2      60.211    D_CELLS_HD_LPMOS_slow_1_62V_125C wc_cond 
ON31HDX1           1      17.562    D_CELLS_HD_LPMOS_slow_1_62V_125C wc_cond 
OR2HDX0            2      25.088    D_CELLS_HD_LPMOS_slow_1_62V_125C wc_cond 
OR2HDX1           23     288.512    D_CELLS_HD_LPMOS_slow_1_62V_125C wc_cond 
OR2HDX2           34     511.795    D_CELLS_HD_LPMOS_slow_1_62V_125C wc_cond 
OR2HDX4           45     903.168    D_CELLS_HD_LPMOS_slow_1_62V_125C wc_cond 
OR3HDX0            1      15.053    D_CELLS_HD_LPMOS_slow_1_62V_125C wc_cond 
OR3HDX2            1      20.070    D_CELLS_HD_LPMOS_slow_1_62V_125C wc_cond 
OR3HDX4            1      22.579    D_CELLS_HD_LPMOS_slow_1_62V_125C wc_cond 
OR4HDX0            4      90.317    D_CELLS_HD_LPMOS_slow_1_62V_125C wc_cond 
OR4HDX1            1      22.579    D_CELLS_HD_LPMOS_slow_1_62V_125C wc_cond 
OR4HDX2            1      27.597    D_CELLS_HD_LPMOS_slow_1_62V_125C wc_cond 
OR5HDX2            2      60.211    D_CELLS_HD_LPMOS_slow_1_62V_125C wc_cond 
-----------------------------------------------------------------------------
total          19549  509988.864                                     


                                           
     Type      Instances    Area    Area % 
-------------------------------------------
sequential          5622 282601.267   55.4 
inverter            1558  19939.942    3.9 
buffer              1419  18675.507    3.7 
logic              10950 188772.147   37.0 
physical_cells         0      0.000    0.0 
-------------------------------------------
total              19549 509988.864  100.0 

