LABEL=SPADMIC_POSITION_PVS_DRC_CONDITIONAL_FAMILY_SUMMARY
DRC_RULE=/data/pdk/xfab/xh018/cadence/v10_1/pvs/v10_1_1/PVS/xh018_DRC.rul
DRC_RULE_SHA256=0b1ce563da515dd50d17a5e16baa2a2addc10354aa06ab5e1a111b01ed039cb6
DUMMY_FILL_IFDEF_START_LINE=654
DUMMY_FILL_IFDEF_END_LINE=865
DUMMY_FILL_IFNDEF_START_LINE=868
DUMMY_FILL_IFNDEF_END_LINE=888
DUMMY_FILL_CONDITIONAL_BLOCK_COUNT=2
PIMIDE_IFDEF_START_LINE=11783
PIMIDE_IFDEF_END_LINE=11787
PIMIDE_CONDITIONAL_BLOCK_COUNT=1
POPPING_IFDEF_START_LINE=13539
POPPING_IFDEF_END_LINE=13684
POPPING_RULE_COUNT=6
POPPING_CONDITIONAL_BLOCK_COUNT=1
DENSITY_IFDEF_START_LINE=14480
DENSITY_IFDEF_END_LINE=14800
DENSITY_RULE_COUNT=34
DENSITY_CONDITIONAL_BLOCK_COUNT=1
VAR_ANT_RATIO_FIRST_IFDEF_LINE=14964
VAR_ANT_RATIO_LAST_IFDEF_LINE=18957
VAR_ANT_RATIO_CONDITIONAL_BLOCK_COUNT=78
UNMATCHED_CONDITIONAL_COUNT=0
DIRECTIVE_CONDITIONAL_BLOCK_GATE_STATUS=PASS
