============================================================
  Generated by:           Genus(TM) Synthesis Solution 22.13-s093_1
  Generated on:           Apr 21 2026  11:15:46 am
  Module:                 mptdc_top_asic
  Operating conditions:   slow_1_62V_125C 
  Interconnect mode:      global
  Area mode:              physical library
============================================================

Timing
--------

Analysis view     Clock    Period 
----------------------------------
wc_view       clk_osc_fast  900.0 
              clk_osc_slow 1000.0 
              clk_sys      6250.0 


Analysis     Cost      Critical            Violating 
  View       Group    Path Slack    TNS      Paths   
-----------------------------------------------------
wc_view  clk_osc_fast   No paths      0.0          0 
         clk_osc_slow   No paths      0.0          0 
              clk_sys     -889.6 -14620.6         78 
              default   No paths      0.0          0 
-----------------------------------------------------
Total                            -14620.6         78 
                                                     

Instance Count
--------------
Leaf Instance Count             1371 
Physical Instance count            0 
Sequential Instance Count        271 
Combinational Instance Count    1100 
Hierarchical Instance Count        5 

Area
----
Cell Area                          32509.030
Physical Cell Area                 0.000
Total Cell Area (Cell+Physical)    32509.030
Net Area                           17497.502
Total Area (Cell+Physical+Net)     50006.532

Power
-----
Leakage Power                      477.773 nW
Dynamic Power                      6675280.473 nW
Total Power                        6675758.246 nW

Max Fanout                         267 (clk_sys)
Min Fanout                         0 (local_async_rst_n)
Average Fanout                     2.3
Terms to net ratio                 3.2971
Terms to instance ratio            3.6098
Runtime                            141.12270299999992 seconds
Elapsed Runtime                    129 seconds
Genus peak memory usage            1770.29 
Innovus peak memory usage          no_value 
Hostname                           lyoelectrosrv01.in2p3.fr
