============================================================
  Generated by:           Genus(TM) Synthesis Solution 22.13-s093_1
  Generated on:           May 13 2026  11:03:01 am
  Module:                 mptdc_top_asic
  Operating conditions:   slow_1_62V_125C 
  Interconnect mode:      global
  Area mode:              physical library
============================================================


Path 1: VIOLATED (-4977 ps) Setup Check with Pin u_core_u_meas_ctrl_row_cnt_q_reg[3][2]/C->D
           View: wc_view
          Group: clk_osc_fast
     Startpoint: (R) u_core_u_meas_ctrl_state_q_reg[0]/C
          Clock: (R) clk_osc_fast
       Endpoint: (F) u_core_u_meas_ctrl_row_cnt_q_reg[3][2]/D
          Clock: (R) clk_osc_fast

                     Capture       Launch     
        Clock Edge:+     900            0     
       Src Latency:+       0            0     
       Net Latency:+       0 (I)        0 (I) 
           Arrival:=     900            0     
                                              
             Setup:-     640                  
       Uncertainty:-      50                  
     Required Time:=     210                  
      Launch Clock:-       0                  
         Data Path:-    5187                  
             Slack:=   -4977                  

#------------------------------------------------------------------------------------------------------------------
#              Timing Point                Flags   Arc   Edge   Cell     Fanout  Load Trans Delay Arrival Instance 
#                                                                                (fF)  (ps)  (ps)   (ps)  Location 
#------------------------------------------------------------------------------------------------------------------
  u_core_u_meas_ctrl_state_q_reg[0]/C      -       -     R     (arrival)   1324     -     0     0       0    (-,-) 
  u_core_u_meas_ctrl_state_q_reg[0]/Q      -       C->Q  F     DFRRQHDX1      2  60.9   429  1166    1166    (-,-) 
  fopt270413/Q                             -       A->Q  F     BUHDX6        19 228.1   297   582    1748    (-,-) 
  g166660/Q                                -       A->Q  F     AND2HDX1       2  34.1   206   520    2268    (-,-) 
  u_core_u_meas_ctrl_g209113/S             -       A->S  R     FAHDX1         4  49.6   506  1357    3625    (-,-) 
  g166752/Q                                -       B->Q  F     NA2HDX2        1  22.5   187   246    3871    (-,-) 
  g166777/Q                                -       A->Q  F     NA22HDX4       4  70.4   243   513    4384    (-,-) 
  g166773/Q                                -       C->Q  R     NA22HDX2       2  23.3   203   260    4644    (-,-) 
  g166765/Q                                -       A->Q  R     AND2HDX2       1  15.7   133   342    4986    (-,-) 
  g166764/Q                                -       A->Q  F     ON21HDX1       1  12.3   195   201    5187    (-,-) 
  u_core_u_meas_ctrl_row_cnt_q_reg[3][2]/D -       -     F     DFRRHDX4       1     -     -     0    5187    (-,-) 
#------------------------------------------------------------------------------------------------------------------



Path 2: VIOLATED (-4977 ps) Setup Check with Pin u_core_u_meas_ctrl_row_cnt_q_reg[0][1]/C->D
           View: wc_view
          Group: clk_osc_fast
     Startpoint: (R) u_core_u_meas_ctrl_state_q_reg[0]/C
          Clock: (R) clk_osc_fast
       Endpoint: (F) u_core_u_meas_ctrl_row_cnt_q_reg[0][1]/D
          Clock: (R) clk_osc_fast

                     Capture       Launch     
        Clock Edge:+     900            0     
       Src Latency:+       0            0     
       Net Latency:+       0 (I)        0 (I) 
           Arrival:=     900            0     
                                              
             Setup:-     698                  
       Uncertainty:-      50                  
     Required Time:=     152                  
      Launch Clock:-       0                  
         Data Path:-    5128                  
             Slack:=   -4977                  

#------------------------------------------------------------------------------------------------------------------
#              Timing Point                Flags   Arc   Edge   Cell     Fanout  Load Trans Delay Arrival Instance 
#                                                                                (fF)  (ps)  (ps)   (ps)  Location 
#------------------------------------------------------------------------------------------------------------------
  u_core_u_meas_ctrl_state_q_reg[0]/C      -       -     R     (arrival)   1324     -     0     0       0    (-,-) 
  u_core_u_meas_ctrl_state_q_reg[0]/Q      -       C->Q  F     DFRRQHDX1      2  60.9   429  1166    1166    (-,-) 
  fopt270413/Q                             -       A->Q  F     BUHDX6        19 228.1   297   582    1748    (-,-) 
  fopt205010/Q                             -       A->Q  F     BUHDX12       13 252.1   185   440    2188    (-,-) 
  g205014/Q                                -       C->Q  F     OA21HDX2       2  29.7   165   378    2566    (-,-) 
  g166458/CO                               -       A->CO F     HAHDX2         3  37.1   194   477    3043    (-,-) 
  g205442/Q                                -       A->Q  F     OR2HDX2        1  24.9   139   474    3516    (-,-) 
  g205441/Q                                -       C->Q  R     NA22HDX2       3  37.4   250   264    3781    (-,-) 
  g166382/Q                                -       C->Q  R     EO3HDX1        1  15.7   423  1073    4854    (-,-) 
  g166381/Q                                -       A->Q  F     ON21HDX1       1  12.3   225   275    5128    (-,-) 
  u_core_u_meas_ctrl_row_cnt_q_reg[0][1]/D -       -     F     DFRRHDX1       1     -     -     0    5128    (-,-) 
#------------------------------------------------------------------------------------------------------------------



Path 3: VIOLATED (-4976 ps) Setup Check with Pin u_core_u_meas_ctrl_row_cnt_q_reg[4][2]/C->D
           View: wc_view
          Group: clk_osc_fast
     Startpoint: (R) u_core_u_meas_ctrl_state_q_reg[0]/C
          Clock: (R) clk_osc_fast
       Endpoint: (F) u_core_u_meas_ctrl_row_cnt_q_reg[4][2]/D
          Clock: (R) clk_osc_fast

                     Capture       Launch     
        Clock Edge:+     900            0     
       Src Latency:+       0            0     
       Net Latency:+       0 (I)        0 (I) 
           Arrival:=     900            0     
                                              
             Setup:-     639                  
       Uncertainty:-      50                  
     Required Time:=     211                  
      Launch Clock:-       0                  
         Data Path:-    5187                  
             Slack:=   -4976                  

#------------------------------------------------------------------------------------------------------------------
#              Timing Point                Flags   Arc   Edge   Cell     Fanout  Load Trans Delay Arrival Instance 
#                                                                                (fF)  (ps)  (ps)   (ps)  Location 
#------------------------------------------------------------------------------------------------------------------
  u_core_u_meas_ctrl_state_q_reg[0]/C      -       -     R     (arrival)   1324     -     0     0       0    (-,-) 
  u_core_u_meas_ctrl_state_q_reg[0]/Q      -       C->Q  F     DFRRQHDX1      2  60.9   429  1166    1166    (-,-) 
  fopt121/Q                                -       A->Q  F     BUHDX6         4 107.5   168   466    1632    (-,-) 
  fopt216570/Q                             -       A->Q  F     BUHDX4         5  62.3   146   349    1981    (-,-) 
  g166313/Q                                -       C->Q  F     OA21HDX2       2  32.9   172   369    2351    (-,-) 
  fopt166312/Q                             -       A->Q  F     BUHDX3         2  28.8   110   315    2666    (-,-) 
  g166708/CO                               -       B->CO F     CAGHDX2        3  44.0   223   761    3427    (-,-) 
  g199094/Q                                -       AN->Q F     NA2I1HDX4      1  24.9   126   358    3785    (-,-) 
  g199093/Q                                -       C->Q  R     NA22HDX2       2  30.0   217   232    4017    (-,-) 
  g166260/Q                                -       A->Q  F     INHDX2         3  44.7   204   246    4263    (-,-) 
  g166503/Q                                -       B->Q  F     NA22HDX2       2  33.8   217   492    4754    (-,-) 
  g166389/Q                                -       A->Q  R     NA2HDX2        1  14.1   205   234    4988    (-,-) 
  g166388/Q                                -       A->Q  F     NA2HDX1        1  12.3   191   199    5187    (-,-) 
  u_core_u_meas_ctrl_row_cnt_q_reg[4][2]/D -       -     F     DFRRHDX4       1     -     -     0    5187    (-,-) 
#------------------------------------------------------------------------------------------------------------------



Path 4: VIOLATED (-4976 ps) Setup Check with Pin u_core_u_meas_ctrl_row_cnt_q_reg[7][1]/C->D
           View: wc_view
          Group: clk_osc_fast
     Startpoint: (R) u_core_u_meas_ctrl_state_q_reg[0]/C
          Clock: (R) clk_osc_fast
       Endpoint: (F) u_core_u_meas_ctrl_row_cnt_q_reg[7][1]/D
          Clock: (R) clk_osc_fast

                     Capture       Launch     
        Clock Edge:+     900            0     
       Src Latency:+       0            0     
       Net Latency:+       0 (I)        0 (I) 
           Arrival:=     900            0     
                                              
             Setup:-     690                  
       Uncertainty:-      50                  
     Required Time:=     160                  
      Launch Clock:-       0                  
         Data Path:-    5136                  
             Slack:=   -4976                  

#------------------------------------------------------------------------------------------------------------------
#              Timing Point                Flags   Arc   Edge   Cell     Fanout  Load Trans Delay Arrival Instance 
#                                                                                (fF)  (ps)  (ps)   (ps)  Location 
#------------------------------------------------------------------------------------------------------------------
  u_core_u_meas_ctrl_state_q_reg[0]/C      -       -     R     (arrival)   1324     -     0     0       0    (-,-) 
  u_core_u_meas_ctrl_state_q_reg[0]/Q      -       C->Q  F     DFRRQHDX1      2  60.9   429  1166    1166    (-,-) 
  fopt121/Q                                -       A->Q  F     BUHDX6         4 107.5   168   466    1632    (-,-) 
  fopt216570/Q                             -       A->Q  F     BUHDX4         5  62.3   146   349    1981    (-,-) 
  fopt236311/Q                             -       A->Q  F     BUHDX3         2  46.1   146   340    2321    (-,-) 
  u_core_u_meas_ctrl_g25392/Q              -       C->Q  R     NA22HDX2       4  43.5   276   289    2610    (-,-) 
  g205660/Q                                -       AN->Q R     NA2I1HDX2      1  25.2   296   385    2996    (-,-) 
  g205659/Q                                -       C->Q  F     NA22HDX2       3  51.0   288   333    3328    (-,-) 
  u_core_u_meas_ctrl_g24919/Q              -       A->Q  R     NA2HDX2        2  21.4   263   307    3636    (-,-) 
  fopt166244/Q                             -       A->Q  R     BUHDX1         1  21.5   231   363    3999    (-,-) 
  g166242/Q                                -       B->Q  R     NA22HDX4       5  54.9   236   429    4428    (-,-) 
  g123/Q                                   -       AN->Q R     NA2I1HDX2      1  14.1   207   316    4744    (-,-) 
  g166760/Q                                -       C->Q  F     NA4HDX1        1  12.3   372   393    5136    (-,-) 
  u_core_u_meas_ctrl_row_cnt_q_reg[7][1]/D -       -     F     DFRRHDX4       1     -     -     0    5136    (-,-) 
#------------------------------------------------------------------------------------------------------------------



Path 5: VIOLATED (-4976 ps) Setup Check with Pin u_core_u_meas_ctrl_row_cnt_q_reg[6][1]/C->D
           View: wc_view
          Group: clk_osc_fast
     Startpoint: (R) u_core_u_meas_ctrl_state_q_reg[0]/C
          Clock: (R) clk_osc_fast
       Endpoint: (F) u_core_u_meas_ctrl_row_cnt_q_reg[6][1]/D
          Clock: (R) clk_osc_fast

                     Capture       Launch     
        Clock Edge:+     900            0     
       Src Latency:+       0            0     
       Net Latency:+       0 (I)        0 (I) 
           Arrival:=     900            0     
                                              
             Setup:-     733                  
       Uncertainty:-      50                  
     Required Time:=     117                  
      Launch Clock:-       0                  
         Data Path:-    5093                  
             Slack:=   -4976                  

#-------------------------------------------------------------------------------------------------------------------
#              Timing Point                Flags    Arc   Edge   Cell     Fanout  Load Trans Delay Arrival Instance 
#                                                                                 (fF)  (ps)  (ps)   (ps)  Location 
#-------------------------------------------------------------------------------------------------------------------
  u_core_u_meas_ctrl_state_q_reg[0]/C      -       -      R     (arrival)   1324     -     0     0       0    (-,-) 
  u_core_u_meas_ctrl_state_q_reg[0]/Q      -       C->Q   F     DFRRQHDX1      2  60.9   429  1166    1166    (-,-) 
  fopt270413/Q                             -       A->Q   F     BUHDX6        19 228.1   297   582    1748    (-,-) 
  fopt205010/Q                             -       A->Q   F     BUHDX12       13 252.1   185   440    2188    (-,-) 
  fopt205018/Q                             -       A->Q   R     INHDX1         2  22.7   252   267    2455    (-,-) 
  g230849/Q                                -       AN->Q  R     NA2I1HDX2      3  43.1   382   464    2919    (-,-) 
  g205066/Q                                -       A->Q   R     EN3HDX2        3  29.7   182   910    3829    (-,-) 
  g456/CO                                  -       CI->CO R     CAGHDX1        2  21.6   254   508    4337    (-,-) 
  g232220/Q                                -       A->Q   R     OR2HDX1        1  15.2   184   342    4679    (-,-) 
  g232219/Q                                -       C->Q   F     ON221HDX1      1  12.3   350   414    5093    (-,-) 
  u_core_u_meas_ctrl_row_cnt_q_reg[6][1]/D -       -      F     DFRRHDX1       1     -     -     0    5093    (-,-) 
#-------------------------------------------------------------------------------------------------------------------



Path 6: VIOLATED (-4972 ps) Setup Check with Pin u_core_u_meas_ctrl_row_cnt_q_reg[1][1]/C->D
           View: wc_view
          Group: clk_osc_fast
     Startpoint: (R) u_core_u_meas_ctrl_state_q_reg[0]/C
          Clock: (R) clk_osc_fast
       Endpoint: (R) u_core_u_meas_ctrl_row_cnt_q_reg[1][1]/D
          Clock: (R) clk_osc_fast

                     Capture       Launch     
        Clock Edge:+     900            0     
       Src Latency:+       0            0     
       Net Latency:+       0 (I)        0 (I) 
           Arrival:=     900            0     
                                              
             Setup:-     342                  
       Uncertainty:-      50                  
     Required Time:=     508                  
      Launch Clock:-       0                  
         Data Path:-    5479                  
             Slack:=   -4972                  

#------------------------------------------------------------------------------------------------------------------
#              Timing Point                Flags   Arc   Edge   Cell     Fanout  Load Trans Delay Arrival Instance 
#                                                                                (fF)  (ps)  (ps)   (ps)  Location 
#------------------------------------------------------------------------------------------------------------------
  u_core_u_meas_ctrl_state_q_reg[0]/C      -       -     R     (arrival)   1324     -     0     0       0    (-,-) 
  u_core_u_meas_ctrl_state_q_reg[0]/Q      -       C->Q  R     DFRRQHDX1      2  59.1   584  1129    1129    (-,-) 
  fopt270413/Q                             -       A->Q  R     BUHDX6        19 223.8   363   529    1658    (-,-) 
  u_core_u_meas_ctrl_g163451/Q             -       C->Q  R     OA21HDX1       3  36.9   383   678    2337    (-,-) 
  g309/Q                                   -       C->Q  R     EN3HDX2        2  34.7   202  1423    3759    (-,-) 
  g205643/CO                               -       A->CO R     CAGHDX2        3  39.2   248   572    4331    (-,-) 
  g166830/Q                                -       A->Q  F     EO3HDX1        1  14.0   322   646    4977    (-,-) 
  u_core_u_meas_ctrl_g166829/Q             -       B->Q  R     ON21HDX1       1  12.3   420   502    5479    (-,-) 
  u_core_u_meas_ctrl_row_cnt_q_reg[1][1]/D -       -     R     DFRRQHDX4      1     -     -     0    5479    (-,-) 
#------------------------------------------------------------------------------------------------------------------



Path 7: VIOLATED (-4972 ps) Setup Check with Pin u_core_u_meas_ctrl_row_cnt_q_reg[6][2]/C->D
           View: wc_view
          Group: clk_osc_fast
     Startpoint: (R) u_core_u_meas_ctrl_state_q_reg[0]/C
          Clock: (R) clk_osc_fast
       Endpoint: (F) u_core_u_meas_ctrl_row_cnt_q_reg[6][2]/D
          Clock: (R) clk_osc_fast

                     Capture       Launch     
        Clock Edge:+     900            0     
       Src Latency:+       0            0     
       Net Latency:+       0 (I)        0 (I) 
           Arrival:=     900            0     
                                              
             Setup:-     685                  
       Uncertainty:-      50                  
     Required Time:=     165                  
      Launch Clock:-       0                  
         Data Path:-    5136                  
             Slack:=   -4972                  

#-------------------------------------------------------------------------------------------------------------------
#              Timing Point                Flags    Arc   Edge   Cell     Fanout  Load Trans Delay Arrival Instance 
#                                                                                 (fF)  (ps)  (ps)   (ps)  Location 
#-------------------------------------------------------------------------------------------------------------------
  u_core_u_meas_ctrl_state_q_reg[0]/C      -       -      R     (arrival)   1324     -     0     0       0    (-,-) 
  u_core_u_meas_ctrl_state_q_reg[0]/Q      -       C->Q   F     DFRRQHDX1      2  60.9   429  1166    1166    (-,-) 
  fopt270413/Q                             -       A->Q   F     BUHDX6        19 228.1   297   582    1748    (-,-) 
  fopt205010/Q                             -       A->Q   F     BUHDX12       13 252.1   185   440    2188    (-,-) 
  fopt205018/Q                             -       A->Q   R     INHDX1         2  22.7   252   267    2455    (-,-) 
  g230849/Q                                -       AN->Q  R     NA2I1HDX2      3  43.1   382   464    2919    (-,-) 
  g205066/Q                                -       A->Q   R     EN3HDX2        3  29.7   182   910    3829    (-,-) 
  g196785_dup/CO                           -       CI->CO R     CAGHDX2        1  25.2   190   502    4330    (-,-) 
  g205069/Q                                -       C->Q   F     NA22HDX2       3  39.6   240   262    4593    (-,-) 
  g232226/Q                                -       B->Q   R     NA2I1HDX2      1  20.7   248   307    4900    (-,-) 
  g232223/Q                                -       C->Q   F     NA3HDX2        1  12.3   178   236    5136    (-,-) 
  u_core_u_meas_ctrl_row_cnt_q_reg[6][2]/D -       -      F     DFRRHDX1       1     -     -     0    5136    (-,-) 
#-------------------------------------------------------------------------------------------------------------------



Path 8: VIOLATED (-4968 ps) Setup Check with Pin u_core_u_meas_ctrl_row_cnt_q_reg[5][1]/C->D
           View: wc_view
          Group: clk_osc_fast
     Startpoint: (R) u_core_u_meas_ctrl_state_q_reg[0]/C
          Clock: (R) clk_osc_fast
       Endpoint: (F) u_core_u_meas_ctrl_row_cnt_q_reg[5][1]/D
          Clock: (R) clk_osc_fast

                     Capture       Launch     
        Clock Edge:+     900            0     
       Src Latency:+       0            0     
       Net Latency:+       0 (I)        0 (I) 
           Arrival:=     900            0     
                                              
             Setup:-     727                  
       Uncertainty:-      50                  
     Required Time:=     123                  
      Launch Clock:-       0                  
         Data Path:-    5091                  
             Slack:=   -4968                  

#------------------------------------------------------------------------------------------------------------------
#              Timing Point                Flags   Arc   Edge   Cell     Fanout  Load Trans Delay Arrival Instance 
#                                                                                (fF)  (ps)  (ps)   (ps)  Location 
#------------------------------------------------------------------------------------------------------------------
  u_core_u_meas_ctrl_state_q_reg[0]/C      -       -     R     (arrival)   1324     -     0     0       0    (-,-) 
  u_core_u_meas_ctrl_state_q_reg[0]/Q      -       C->Q  F     DFRRQHDX1      2  60.9   429  1166    1166    (-,-) 
  fopt270413/Q                             -       A->Q  F     BUHDX6        19 228.1   297   582    1748    (-,-) 
  g230854/Q                                -       C->Q  R     NA22HDX1       3  35.9   411   457    2205    (-,-) 
  g277080/Q                                -       B->Q  R     EN3HDX4        2  58.3   190  1487    3692    (-,-) 
  g277079/Q                                -       C->Q  F     NA22HDX4       4  43.6   180   200    3892    (-,-) 
  g279344/Q                                -       A->Q  R     NA3HDX1        2  26.2   501   422    4314    (-,-) 
  g197149/Q                                -       A->Q  F     ON21HDX1       1  11.1   216   279    4593    (-,-) 
  g197148/Q                                -       AN->Q F     NA3I1HDX1      1  12.3   269   498    5091    (-,-) 
  u_core_u_meas_ctrl_row_cnt_q_reg[5][1]/D -       -     F     DFRRQHDX1      1     -     -     0    5091    (-,-) 
#------------------------------------------------------------------------------------------------------------------



Path 9: VIOLATED (-4966 ps) Setup Check with Pin u_core_u_meas_ctrl_row_cnt_q_reg[4][3]/C->D
           View: wc_view
          Group: clk_osc_fast
     Startpoint: (R) u_core_u_meas_ctrl_state_q_reg[0]/C
          Clock: (R) clk_osc_fast
       Endpoint: (F) u_core_u_meas_ctrl_row_cnt_q_reg[4][3]/D
          Clock: (R) clk_osc_fast

                     Capture       Launch     
        Clock Edge:+     900            0     
       Src Latency:+       0            0     
       Net Latency:+       0 (I)        0 (I) 
           Arrival:=     900            0     
                                              
             Setup:-     690                  
       Uncertainty:-      50                  
     Required Time:=     160                  
      Launch Clock:-       0                  
         Data Path:-    5126                  
             Slack:=   -4966                  

#------------------------------------------------------------------------------------------------------------------
#              Timing Point                Flags   Arc   Edge   Cell     Fanout  Load Trans Delay Arrival Instance 
#                                                                                (fF)  (ps)  (ps)   (ps)  Location 
#------------------------------------------------------------------------------------------------------------------
  u_core_u_meas_ctrl_state_q_reg[0]/C      -       -     R     (arrival)   1324     -     0     0       0    (-,-) 
  u_core_u_meas_ctrl_state_q_reg[0]/Q      -       C->Q  F     DFRRQHDX1      2  60.9   429  1166    1166    (-,-) 
  fopt121/Q                                -       A->Q  F     BUHDX6         4 107.5   168   466    1632    (-,-) 
  fopt216570/Q                             -       A->Q  F     BUHDX4         5  62.3   146   349    1981    (-,-) 
  g166313/Q                                -       C->Q  F     OA21HDX2       2  32.9   172   369    2351    (-,-) 
  fopt166312/Q                             -       A->Q  F     BUHDX3         2  28.8   110   315    2666    (-,-) 
  g166708/CO                               -       B->CO F     CAGHDX2        3  44.0   223   761    3427    (-,-) 
  g199094/Q                                -       AN->Q F     NA2I1HDX4      1  24.9   126   358    3785    (-,-) 
  g199093/Q                                -       C->Q  R     NA22HDX2       2  30.0   217   232    4017    (-,-) 
  g166260/Q                                -       A->Q  F     INHDX2         3  44.7   204   246    4263    (-,-) 
  g166503/Q                                -       B->Q  F     NA22HDX2       2  33.8   217   492    4754    (-,-) 
  g217367/Q                                -       A->Q  F     NA22HDX1       1  12.3   196   371    5125    (-,-) 
  u_core_u_meas_ctrl_row_cnt_q_reg[4][3]/D -       -     F     DFRRHDX1       1     -     -     0    5126    (-,-) 
#------------------------------------------------------------------------------------------------------------------



Path 10: VIOLATED (-4964 ps) Setup Check with Pin u_core_u_meas_ctrl_row_cnt_q_reg[1][2]/C->D
           View: wc_view
          Group: clk_osc_fast
     Startpoint: (R) u_core_u_meas_ctrl_state_q_reg[0]/C
          Clock: (R) clk_osc_fast
       Endpoint: (F) u_core_u_meas_ctrl_row_cnt_q_reg[1][2]/D
          Clock: (R) clk_osc_fast

                     Capture       Launch     
        Clock Edge:+     900            0     
       Src Latency:+       0            0     
       Net Latency:+       0 (I)        0 (I) 
           Arrival:=     900            0     
                                              
             Setup:-     635                  
       Uncertainty:-      50                  
     Required Time:=     215                  
      Launch Clock:-       0                  
         Data Path:-    5179                  
             Slack:=   -4964                  

#------------------------------------------------------------------------------------------------------------------
#              Timing Point                Flags   Arc   Edge   Cell     Fanout  Load Trans Delay Arrival Instance 
#                                                                                (fF)  (ps)  (ps)   (ps)  Location 
#------------------------------------------------------------------------------------------------------------------
  u_core_u_meas_ctrl_state_q_reg[0]/C      -       -     R     (arrival)   1324     -     0     0       0    (-,-) 
  u_core_u_meas_ctrl_state_q_reg[0]/Q      -       C->Q  R     DFRRQHDX1      2  59.1   584  1129    1129    (-,-) 
  fopt270413/Q                             -       A->Q  R     BUHDX6        19 223.8   363   529    1658    (-,-) 
  u_core_u_meas_ctrl_g163451/Q             -       C->Q  R     OA21HDX1       3  36.9   383   678    2337    (-,-) 
  g309/Q                                   -       C->Q  R     EN3HDX2        2  34.7   202  1423    3759    (-,-) 
  g205643/CO                               -       A->CO R     CAGHDX2        3  39.2   248   572    4331    (-,-) 
  g276956/Q                                -       C->Q  R     AO32HDX1       1  15.8   247   626    4957    (-,-) 
  g217298/Q                                -       C->Q  F     NA22HDX1       1  12.3   177   221    5179    (-,-) 
  u_core_u_meas_ctrl_row_cnt_q_reg[1][2]/D -       -     F     DFRRHDX4       1     -     -     0    5179    (-,-) 
#------------------------------------------------------------------------------------------------------------------



Path 11: VIOLATED (-4963 ps) Setup Check with Pin u_core_u_meas_ctrl_row_cnt_q_reg[7][2]/C->D
           View: wc_view
          Group: clk_osc_fast
     Startpoint: (R) u_core_u_meas_ctrl_state_q_reg[0]/C
          Clock: (R) clk_osc_fast
       Endpoint: (F) u_core_u_meas_ctrl_row_cnt_q_reg[7][2]/D
          Clock: (R) clk_osc_fast

                     Capture       Launch     
        Clock Edge:+     900            0     
       Src Latency:+       0            0     
       Net Latency:+       0 (I)        0 (I) 
           Arrival:=     900            0     
                                              
             Setup:-     711                  
       Uncertainty:-      50                  
     Required Time:=     139                  
      Launch Clock:-       0                  
         Data Path:-    5102                  
             Slack:=   -4963                  

#------------------------------------------------------------------------------------------------------------------
#              Timing Point                Flags   Arc   Edge   Cell     Fanout  Load Trans Delay Arrival Instance 
#                                                                                (fF)  (ps)  (ps)   (ps)  Location 
#------------------------------------------------------------------------------------------------------------------
  u_core_u_meas_ctrl_state_q_reg[0]/C      -       -     R     (arrival)   1324     -     0     0       0    (-,-) 
  u_core_u_meas_ctrl_state_q_reg[0]/Q      -       C->Q  R     DFRRQHDX1      2  59.1   584  1129    1129    (-,-) 
  fopt270413/Q                             -       A->Q  R     BUHDX6        19 223.8   363   529    1658    (-,-) 
  g163442/Q                                -       A->Q  R     AND2HDX1       2  36.8   381   627    2285    (-,-) 
  u_core_u_meas_ctrl_g216571/S             -       A->S  R     FAHDX1         3  53.8   542  1387    3673    (-,-) 
  g232102/Q                                -       C->Q  F     NA22HDX2       2  40.5   276   345    4018    (-,-) 
  g216479/Q                                -       A->Q  F     NA22HDX4       3  31.9   156   482    4500    (-,-) 
  g98/Q                                    -       A->Q  R     NA3HDX1        1  13.5   325   285    4785    (-,-) 
  g241069/Q                                -       C->Q  F     NA3HDX1        1  12.3   272   317    5101    (-,-) 
  u_core_u_meas_ctrl_row_cnt_q_reg[7][2]/D -       -     F     DFRRHDX1       1     -     -     0    5102    (-,-) 
#------------------------------------------------------------------------------------------------------------------



Path 12: VIOLATED (-4956 ps) Setup Check with Pin u_core_u_meas_ctrl_row_cnt_q_reg[6][3]/C->D
           View: wc_view
          Group: clk_osc_fast
     Startpoint: (R) u_core_u_meas_ctrl_state_q_reg[0]/C
          Clock: (R) clk_osc_fast
       Endpoint: (F) u_core_u_meas_ctrl_row_cnt_q_reg[6][3]/D
          Clock: (R) clk_osc_fast

                     Capture       Launch     
        Clock Edge:+     900            0     
       Src Latency:+       0            0     
       Net Latency:+       0 (I)        0 (I) 
           Arrival:=     900            0     
                                              
             Setup:-     649                  
       Uncertainty:-      50                  
     Required Time:=     201                  
      Launch Clock:-       0                  
         Data Path:-    5157                  
             Slack:=   -4956                  

#-------------------------------------------------------------------------------------------------------------------
#              Timing Point                Flags    Arc   Edge   Cell     Fanout  Load Trans Delay Arrival Instance 
#                                                                                 (fF)  (ps)  (ps)   (ps)  Location 
#-------------------------------------------------------------------------------------------------------------------
  u_core_u_meas_ctrl_state_q_reg[0]/C      -       -      R     (arrival)   1324     -     0     0       0    (-,-) 
  u_core_u_meas_ctrl_state_q_reg[0]/Q      -       C->Q   F     DFRRQHDX1      2  60.9   429  1166    1166    (-,-) 
  fopt121/Q                                -       A->Q   F     BUHDX6         4 107.5   168   466    1632    (-,-) 
  fopt239533/Q                             -       A->Q   F     BUHDX2         4  68.9   248   445    2077    (-,-) 
  g166271/Q                                -       C->Q   R     NA22HDX1       2  24.9   313   361    2438    (-,-) 
  g205066/Q                                -       C->Q   F     EN3HDX2        3  30.2   120  1122    3560    (-,-) 
  g196785_dup/CO                           -       CI->CO F     CAGHDX2        1  24.9   174   637    4196    (-,-) 
  g205069/Q                                -       C->Q   R     NA22HDX2       3  39.0   260   287    4483    (-,-) 
  g166620/Q                                -       A->Q   R     AND2HDX1       1  15.7   203   451    4934    (-,-) 
  g166563/Q                                -       A->Q   F     ON21HDX1       1  12.3   227   223    5157    (-,-) 
  u_core_u_meas_ctrl_row_cnt_q_reg[6][3]/D -       -      F     DFRRHDX4       1     -     -     0    5157    (-,-) 
#-------------------------------------------------------------------------------------------------------------------



Path 13: VIOLATED (-4955 ps) Setup Check with Pin u_core_u_meas_ctrl_row_cnt_q_reg[3][1]/C->D
           View: wc_view
          Group: clk_osc_fast
     Startpoint: (R) u_core_u_meas_ctrl_hit_seen_q_reg[27]/C
          Clock: (R) clk_osc_fast
       Endpoint: (F) u_core_u_meas_ctrl_row_cnt_q_reg[3][1]/D
          Clock: (R) clk_osc_fast

                     Capture       Launch     
        Clock Edge:+     900            0     
       Src Latency:+       0            0     
       Net Latency:+       0 (I)        0 (I) 
           Arrival:=     900            0     
                                              
             Setup:-     752                  
       Uncertainty:-      50                  
     Required Time:=      98                  
      Launch Clock:-       0                  
         Data Path:-    5053                  
             Slack:=   -4955                  

#-----------------------------------------------------------------------------------------------------------------
#              Timing Point                Flags   Arc   Edge   Cell     Fanout Load Trans Delay Arrival Instance 
#                                                                               (fF)  (ps)  (ps)   (ps)  Location 
#-----------------------------------------------------------------------------------------------------------------
  u_core_u_meas_ctrl_hit_seen_q_reg[27]/C  -       -     R     (arrival)   1324    -     0     0       0    (-,-) 
  u_core_u_meas_ctrl_hit_seen_q_reg[27]/Q  -       C->Q  F     DFRRHDX1       2 22.0   300  1091    1091    (-,-) 
  g163320/Q                                -       A->Q  R     NO4HDX1        2 20.1   246   853    1944    (-,-) 
  g166592/Q                                -       AN->Q R     NA3I1HDX2      2 26.9   339   476    2420    (-,-) 
  g166593/Q                                -       AN->Q R     NA2I1HDX2      1 25.2   272   399    2819    (-,-) 
  g166591/Q                                -       C->Q  F     NA22HDX2       3 46.7   268   313    3132    (-,-) 
  u_core_u_meas_ctrl_g24936/Q              -       A->Q  R     INHDX2         1 35.6   218   266    3398    (-,-) 
  u_core_u_meas_ctrl_g276945/Q             -       B->Q  F     NA2I1HDX4      3 44.2   159   198    3596    (-,-) 
  g166752/Q                                -       A->Q  R     NA2HDX2        1 22.2   287   257    3854    (-,-) 
  g166777/Q                                -       A->Q  R     NA22HDX4       4 70.5   269   482    4336    (-,-) 
  g166918/Q                                -       A->Q  R     AND2HDX2       1 15.8   133   367    4703    (-,-) 
  g166810/Q                                -       D->Q  F     ON221HDX1      1 12.3   360   350    5053    (-,-) 
  u_core_u_meas_ctrl_row_cnt_q_reg[3][1]/D -       -     F     DFRRQHDX1      1    -     -     0    5053    (-,-) 
#-----------------------------------------------------------------------------------------------------------------



Path 14: VIOLATED (-4952 ps) Setup Check with Pin u_core_u_meas_ctrl_row_cnt_q_reg[1][3]/C->D
           View: wc_view
          Group: clk_osc_fast
     Startpoint: (R) u_core_u_meas_ctrl_state_q_reg[0]/C
          Clock: (R) clk_osc_fast
       Endpoint: (F) u_core_u_meas_ctrl_row_cnt_q_reg[1][3]/D
          Clock: (R) clk_osc_fast

                     Capture       Launch     
        Clock Edge:+     900            0     
       Src Latency:+       0            0     
       Net Latency:+       0 (I)        0 (I) 
           Arrival:=     900            0     
                                              
             Setup:-     641                  
       Uncertainty:-      50                  
     Required Time:=     209                  
      Launch Clock:-       0                  
         Data Path:-    5161                  
             Slack:=   -4952                  

#-------------------------------------------------------------------------------------------------------------------
#              Timing Point                Flags    Arc   Edge   Cell     Fanout  Load Trans Delay Arrival Instance 
#                                                                                 (fF)  (ps)  (ps)   (ps)  Location 
#-------------------------------------------------------------------------------------------------------------------
  u_core_u_meas_ctrl_state_q_reg[0]/C      -       -      R     (arrival)   1324     -     0     0       0    (-,-) 
  u_core_u_meas_ctrl_state_q_reg[0]/Q      -       C->Q   F     DFRRQHDX1      2  60.9   429  1166    1166    (-,-) 
  fopt121/Q                                -       A->Q   F     BUHDX6         4 107.5   168   466    1632    (-,-) 
  fopt199422/Q                             -       A->Q   F     BUHDX12       15 266.3   191   393    2025    (-,-) 
  g166520/Q                                -       C->Q   R     NA22HDX1       3  43.4   464   454    2479    (-,-) 
  g166519/Q                                -       AN->Q  R     NA2I1HDX2      2  30.5   317   453    2932    (-,-) 
  g277101/Q                                -       B->Q   F     NA2HDX2        3  32.9   226   255    3188    (-,-) 
  g216168/Q                                -       B->Q   F     NA22HDX1       1  13.9   203   414    3602    (-,-) 
  g205643/CO                               -       CI->CO F     CAGHDX2        3  39.4   212   724    4326    (-,-) 
  g205646/Q                                -       B->Q   F     NA22HDX2       2  27.9   194   474    4800    (-,-) 
  g205645/Q                                -       A->Q   F     NA22HDX1       1  12.3   198   361    5161    (-,-) 
  u_core_u_meas_ctrl_row_cnt_q_reg[1][3]/D -       -      F     DFRRHDX4       1     -     -     0    5161    (-,-) 
#-------------------------------------------------------------------------------------------------------------------



Path 15: VIOLATED (-4943 ps) Setup Check with Pin u_core_u_meas_ctrl_row_cnt_q_reg[5][2]/C->D
           View: wc_view
          Group: clk_osc_fast
     Startpoint: (R) u_core_u_meas_ctrl_state_q_reg[0]/C
          Clock: (R) clk_osc_fast
       Endpoint: (F) u_core_u_meas_ctrl_row_cnt_q_reg[5][2]/D
          Clock: (R) clk_osc_fast

                     Capture       Launch     
        Clock Edge:+     900            0     
       Src Latency:+       0            0     
       Net Latency:+       0 (I)        0 (I) 
           Arrival:=     900            0     
                                              
             Setup:-     728                  
       Uncertainty:-      50                  
     Required Time:=     122                  
      Launch Clock:-       0                  
         Data Path:-    5066                  
             Slack:=   -4943                  

#------------------------------------------------------------------------------------------------------------------
#              Timing Point                Flags   Arc   Edge   Cell     Fanout  Load Trans Delay Arrival Instance 
#                                                                                (fF)  (ps)  (ps)   (ps)  Location 
#------------------------------------------------------------------------------------------------------------------
  u_core_u_meas_ctrl_state_q_reg[0]/C      -       -     R     (arrival)   1324     -     0     0       0    (-,-) 
  u_core_u_meas_ctrl_state_q_reg[0]/Q      -       C->Q  F     DFRRQHDX1      2  60.9   429  1166    1166    (-,-) 
  fopt270413/Q                             -       A->Q  F     BUHDX6        19 228.1   297   582    1748    (-,-) 
  g230854/Q                                -       C->Q  R     NA22HDX1       3  35.9   411   457    2205    (-,-) 
  g277080/Q                                -       B->Q  R     EN3HDX4        2  58.3   190  1487    3692    (-,-) 
  g277079/Q                                -       C->Q  F     NA22HDX4       4  43.6   180   200    3892    (-,-) 
  g1901/Q                                  -       A->Q  R     NA3HDX1        1  15.5   368   317    4209    (-,-) 
  g1897/Q                                  -       A->Q  R     NA22HDX1       2  28.2   338   512    4721    (-,-) 
  g1893/Q                                  -       A->Q  F     ON211HDX1      1  12.3   331   344    5065    (-,-) 
  u_core_u_meas_ctrl_row_cnt_q_reg[5][2]/D -       -     F     DFRRHDX1       1     -     -     0    5066    (-,-) 
#------------------------------------------------------------------------------------------------------------------



Path 16: VIOLATED (-4941 ps) Setup Check with Pin u_core_u_meas_ctrl_row_cnt_q_reg[3][3]/C->D
           View: wc_view
          Group: clk_osc_fast
     Startpoint: (R) u_core_u_meas_ctrl_hit_seen_q_reg[27]/C
          Clock: (R) clk_osc_fast
       Endpoint: (F) u_core_u_meas_ctrl_row_cnt_q_reg[3][3]/D
          Clock: (R) clk_osc_fast

                     Capture       Launch     
        Clock Edge:+     900            0     
       Src Latency:+       0            0     
       Net Latency:+       0 (I)        0 (I) 
           Arrival:=     900            0     
                                              
             Setup:-     699                  
       Uncertainty:-      50                  
     Required Time:=     151                  
      Launch Clock:-       0                  
         Data Path:-    5092                  
             Slack:=   -4941                  

#-----------------------------------------------------------------------------------------------------------------
#              Timing Point                Flags   Arc   Edge   Cell     Fanout Load Trans Delay Arrival Instance 
#                                                                               (fF)  (ps)  (ps)   (ps)  Location 
#-----------------------------------------------------------------------------------------------------------------
  u_core_u_meas_ctrl_hit_seen_q_reg[27]/C  -       -     R     (arrival)   1324    -     0     0       0    (-,-) 
  u_core_u_meas_ctrl_hit_seen_q_reg[27]/Q  -       C->Q  F     DFRRHDX1       2 22.0   300  1091    1091    (-,-) 
  g163320/Q                                -       A->Q  R     NO4HDX1        2 20.1   246   853    1944    (-,-) 
  g166592/Q                                -       AN->Q R     NA3I1HDX2      2 26.9   339   476    2420    (-,-) 
  g166593/Q                                -       AN->Q R     NA2I1HDX2      1 25.2   272   399    2819    (-,-) 
  g166591/Q                                -       C->Q  F     NA22HDX2       3 46.7   268   313    3132    (-,-) 
  g216438/Q                                -       C->Q  R     NA22HDX1       2 21.4   286   344    3476    (-,-) 
  g166775/Q                                -       A->Q  R     AND2HDX2       2 37.5   223   453    3930    (-,-) 
  g166774/Q                                -       C->Q  F     NA22HDX2       3 43.4   256   285    4215    (-,-) 
  g166773/Q                                -       A->Q  F     NA22HDX2       2 23.0   174   449    4664    (-,-) 
  g166770/Q                                -       A->Q  R     INHDX1         1 15.7   192   209    4873    (-,-) 
  g166769/Q                                -       A->Q  F     ON21HDX1       1 12.3   227   219    5092    (-,-) 
  u_core_u_meas_ctrl_row_cnt_q_reg[3][3]/D -       -     F     DFRRHDX1       1    -     -     0    5092    (-,-) 
#-----------------------------------------------------------------------------------------------------------------



Path 17: VIOLATED (-4933 ps) Setup Check with Pin u_core_u_meas_ctrl_row_cnt_q_reg[4][1]/C->D
           View: wc_view
          Group: clk_osc_fast
     Startpoint: (R) u_core_u_meas_ctrl_state_q_reg[0]/C
          Clock: (R) clk_osc_fast
       Endpoint: (R) u_core_u_meas_ctrl_row_cnt_q_reg[4][1]/D
          Clock: (R) clk_osc_fast

                     Capture       Launch     
        Clock Edge:+     900            0     
       Src Latency:+       0            0     
       Net Latency:+       0 (I)        0 (I) 
           Arrival:=     900            0     
                                              
             Setup:-     315                  
       Uncertainty:-      50                  
     Required Time:=     535                  
      Launch Clock:-       0                  
         Data Path:-    5467                  
             Slack:=   -4933                  

#------------------------------------------------------------------------------------------------------------------
#              Timing Point                Flags   Arc   Edge   Cell     Fanout  Load Trans Delay Arrival Instance 
#                                                                                (fF)  (ps)  (ps)   (ps)  Location 
#------------------------------------------------------------------------------------------------------------------
  u_core_u_meas_ctrl_state_q_reg[0]/C      -       -     R     (arrival)   1324     -     0     0       0    (-,-) 
  u_core_u_meas_ctrl_state_q_reg[0]/Q      -       C->Q  F     DFRRQHDX1      2  60.9   429  1166    1166    (-,-) 
  fopt121/Q                                -       A->Q  F     BUHDX6         4 107.5   168   466    1632    (-,-) 
  fopt216570/Q                             -       A->Q  F     BUHDX4         5  62.3   146   349    1981    (-,-) 
  g166313/Q                                -       C->Q  F     OA21HDX2       2  32.9   172   369    2351    (-,-) 
  fopt166312/Q                             -       A->Q  F     BUHDX3         2  28.8   110   315    2666    (-,-) 
  g166708/CO                               -       B->CO F     CAGHDX2        3  44.0   223   761    3427    (-,-) 
  g199093/Q                                -       A->Q  F     NA22HDX2       2  29.5   200   458    3885    (-,-) 
  g198938/Q                                -       A->Q  F     OA21HDX0       1  12.2   204   619    4504    (-,-) 
  g453/Q                                   -       D->Q  F     AO31HDX1       1  14.0   168   700    5204    (-,-) 
  g166496/Q                                -       A->Q  R     NA2HDX1        1  12.4   281   264    5467    (-,-) 
  u_core_u_meas_ctrl_row_cnt_q_reg[4][1]/D -       -     R     DFRRHDX1       1     -     -     0    5467    (-,-) 
#------------------------------------------------------------------------------------------------------------------



Path 18: VIOLATED (-4932 ps) Setup Check with Pin u_core_u_meas_ctrl_row_cnt_q_reg[7][3]/C->D
           View: wc_view
          Group: clk_osc_fast
     Startpoint: (R) u_core_u_meas_ctrl_state_q_reg[0]/C
          Clock: (R) clk_osc_fast
       Endpoint: (F) u_core_u_meas_ctrl_row_cnt_q_reg[7][3]/D
          Clock: (R) clk_osc_fast

                     Capture       Launch     
        Clock Edge:+     900            0     
       Src Latency:+       0            0     
       Net Latency:+       0 (I)        0 (I) 
           Arrival:=     900            0     
                                              
             Setup:-     786                  
       Uncertainty:-      50                  
     Required Time:=      64                  
      Launch Clock:-       0                  
         Data Path:-    4997                  
             Slack:=   -4932                  

#------------------------------------------------------------------------------------------------------------------
#              Timing Point                Flags   Arc   Edge   Cell     Fanout  Load Trans Delay Arrival Instance 
#                                                                                (fF)  (ps)  (ps)   (ps)  Location 
#------------------------------------------------------------------------------------------------------------------
  u_core_u_meas_ctrl_state_q_reg[0]/C      -       -     R     (arrival)   1324     -     0     0       0    (-,-) 
  u_core_u_meas_ctrl_state_q_reg[0]/Q      -       C->Q  F     DFRRQHDX1      2  60.9   429  1166    1166    (-,-) 
  fopt121/Q                                -       A->Q  F     BUHDX6         4 107.5   168   466    1632    (-,-) 
  fopt216570/Q                             -       A->Q  F     BUHDX4         5  62.3   146   349    1981    (-,-) 
  fopt236311/Q                             -       A->Q  F     BUHDX3         2  46.1   146   340    2321    (-,-) 
  u_core_u_meas_ctrl_g25392/Q              -       C->Q  R     NA22HDX2       4  43.5   276   289    2610    (-,-) 
  g205660/Q                                -       AN->Q R     NA2I1HDX2      1  25.2   296   385    2996    (-,-) 
  g205659/Q                                -       C->Q  F     NA22HDX2       3  51.0   288   333    3328    (-,-) 
  u_core_u_meas_ctrl_g24919/Q              -       A->Q  R     NA2HDX2        2  21.4   263   307    3636    (-,-) 
  g157/Q                                   -       A->Q  R     AND2HDX2       2  37.8   224   447    4083    (-,-) 
  g216479/Q                                -       B->Q  R     NA22HDX4       3  31.7   168   384    4467    (-,-) 
  g204357/Q                                -       B->Q  F     ON221HDX0      1  12.3   538   530    4996    (-,-) 
  u_core_u_meas_ctrl_row_cnt_q_reg[7][3]/D -       -     F     DFRRHDX1       1     -     -     0    4997    (-,-) 
#------------------------------------------------------------------------------------------------------------------



Path 19: VIOLATED (-4930 ps) Setup Check with Pin u_core_u_meas_ctrl_row_cnt_q_reg[2][1]/C->D
           View: wc_view
          Group: clk_osc_fast
     Startpoint: (R) u_core_u_meas_ctrl_state_q_reg[0]/C
          Clock: (R) clk_osc_fast
       Endpoint: (F) u_core_u_meas_ctrl_row_cnt_q_reg[2][1]/D
          Clock: (R) clk_osc_fast

                     Capture       Launch     
        Clock Edge:+     900            0     
       Src Latency:+       0            0     
       Net Latency:+       0 (I)        0 (I) 
           Arrival:=     900            0     
                                              
             Setup:-     698                  
       Uncertainty:-      50                  
     Required Time:=     152                  
      Launch Clock:-       0                  
         Data Path:-    5082                  
             Slack:=   -4930                  

#------------------------------------------------------------------------------------------------------------------
#              Timing Point                Flags   Arc   Edge   Cell     Fanout  Load Trans Delay Arrival Instance 
#                                                                                (fF)  (ps)  (ps)   (ps)  Location 
#------------------------------------------------------------------------------------------------------------------
  u_core_u_meas_ctrl_state_q_reg[0]/C      -       -     R     (arrival)   1324     -     0     0       0    (-,-) 
  u_core_u_meas_ctrl_state_q_reg[0]/Q      -       C->Q  R     DFRRQHDX1      2  59.1   584  1129    1129    (-,-) 
  fopt121/Q                                -       A->Q  R     BUHDX6         4 104.5   196   398    1527    (-,-) 
  fopt166302/Q                             -       A->Q  R     BUHDX3         6 120.9   387   458    1984    (-,-) 
  g151/Q                                   -       C->Q  F     NA22HDX1       3  29.0   324   374    2358    (-,-) 
  g166573/Q                                -       AN->Q F     NA3I1HDX4      3  49.6   303   634    2992    (-,-) 
  g166576/Q                                -       A->Q  R     NA2HDX1        1  25.2   430   456    3448    (-,-) 
  g166575/Q                                -       C->Q  F     NA22HDX2       3  33.2   233   292    3740    (-,-) 
  g166417/Q                                -       C->Q  R     EO3HDX1        1  15.7   424  1066    4807    (-,-) 
  u_core_u_meas_ctrl_g24638/Q              -       A->Q  F     ON21HDX1       1  12.3   225   275    5082    (-,-) 
  u_core_u_meas_ctrl_row_cnt_q_reg[2][1]/D -       -     F     DFRRHDX1       1     -     -     0    5082    (-,-) 
#------------------------------------------------------------------------------------------------------------------



Path 20: VIOLATED (-4917 ps) Setup Check with Pin u_core_u_meas_ctrl_row_cnt_q_reg[1][0]/C->D
           View: wc_view
          Group: clk_osc_fast
     Startpoint: (R) u_core_u_meas_ctrl_state_q_reg[0]/C
          Clock: (R) clk_osc_fast
       Endpoint: (F) u_core_u_meas_ctrl_row_cnt_q_reg[1][0]/D
          Clock: (R) clk_osc_fast

                     Capture       Launch     
        Clock Edge:+     900            0     
       Src Latency:+       0            0     
       Net Latency:+       0 (I)        0 (I) 
           Arrival:=     900            0     
                                              
             Setup:-     744                  
       Uncertainty:-      50                  
     Required Time:=     106                  
      Launch Clock:-       0                  
         Data Path:-    5023                  
             Slack:=   -4917                  

#------------------------------------------------------------------------------------------------------------------
#              Timing Point                Flags   Arc   Edge   Cell     Fanout  Load Trans Delay Arrival Instance 
#                                                                                (fF)  (ps)  (ps)   (ps)  Location 
#------------------------------------------------------------------------------------------------------------------
  u_core_u_meas_ctrl_state_q_reg[0]/C      -       -     R     (arrival)   1324     -     0     0       0    (-,-) 
  u_core_u_meas_ctrl_state_q_reg[0]/Q      -       C->Q  F     DFRRQHDX1      2  60.9   429  1166    1166    (-,-) 
  fopt270413/Q                             -       A->Q  F     BUHDX6        19 228.1   297   582    1748    (-,-) 
  fopt205010/Q                             -       A->Q  F     BUHDX12       13 252.1   185   440    2188    (-,-) 
  g205015/Q                                -       C->Q  F     OA21HDX1       5  58.5   362   595    2782    (-,-) 
  g216463/Q                                -       AN->Q F     NA2I1HDX2      1  24.9   168   451    3234    (-,-) 
  g236312/Q                                -       C->Q  R     NA22HDX2       2  28.8   217   247    3481    (-,-) 
  g346/Q                                   -       A->Q  F     INHDX1         1  21.6   201   238    3720    (-,-) 
  g344/Q                                   -       A->Q  F     EN2HDX2        2  24.7   103   640    4360    (-,-) 
  g288906/Q                                -       A->Q  R     NA3HDX1        1  13.2   327   258    4617    (-,-) 
  g218050/Q                                -       D->Q  F     ON211HDX1      1  12.3   330   405    5023    (-,-) 
  u_core_u_meas_ctrl_row_cnt_q_reg[1][0]/D -       -     F     DFRRQHDX1      1     -     -     0    5023    (-,-) 
#------------------------------------------------------------------------------------------------------------------


