# Excerpt from /sim/ksabra/SPADMIC_work/genus/genus_matrix_ooc_rerun_20260630_1009/matrix_top_csr/reports/timing/check_timing_intent.rpt
# First 220 lines
============================================================
  Generated by:           Genus(TM) Synthesis Solution 22.13-s093_1
  Generated on:           Jun 30 2026  10:29:52 am
  Module:                 spadmic_matrix_top_csr
  Technology libraries:   D_CELLS_JIHD_LPMOS_typ_1_80V_25C 6.0.0
                          mptdc_osc_blackbox 
  Operating conditions:   typ_1_80V_25C 
  Interconnect mode:      global
  Area mode:              physical library
============================================================

-------------------------------------------------------------------------------
Inputs without clocked external delays

The following primary inputs have no clocked external delays.  As a result the  
timing paths leading from the ports have no timing constraints derived from     
clock waveforms.  The'external_delay' command is used to create new external    
delays.                                                                         

port:spadmic_matrix_top_csr/bundle_missing_source_i
port:spadmic_matrix_top_csr/completed_packet_mask_i[0]
port:spadmic_matrix_top_csr/completed_packet_mask_i[1]
port:spadmic_matrix_top_csr/completed_packet_mask_i[2]
port:spadmic_matrix_top_csr/completed_packet_mask_i[3]
port:spadmic_matrix_top_csr/csr_addr_i[0]
port:spadmic_matrix_top_csr/csr_addr_i[10]
port:spadmic_matrix_top_csr/csr_addr_i[11]
port:spadmic_matrix_top_csr/csr_addr_i[12]
port:spadmic_matrix_top_csr/csr_addr_i[13]
port:spadmic_matrix_top_csr/csr_addr_i[14]
port:spadmic_matrix_top_csr/csr_addr_i[15]
port:spadmic_matrix_top_csr/csr_addr_i[1]
port:spadmic_matrix_top_csr/csr_addr_i[2]
port:spadmic_matrix_top_csr/csr_addr_i[3]
port:spadmic_matrix_top_csr/csr_addr_i[4]
port:spadmic_matrix_top_csr/csr_addr_i[5]
port:spadmic_matrix_top_csr/csr_addr_i[6]
port:spadmic_matrix_top_csr/csr_addr_i[7]
port:spadmic_matrix_top_csr/csr_addr_i[8]
port:spadmic_matrix_top_csr/csr_addr_i[9]
port:spadmic_matrix_top_csr/csr_valid_i
port:spadmic_matrix_top_csr/csr_wdata_i[0]
port:spadmic_matrix_top_csr/csr_wdata_i[10]
port:spadmic_matrix_top_csr/csr_wdata_i[11]
port:spadmic_matrix_top_csr/csr_wdata_i[12]
port:spadmic_matrix_top_csr/csr_wdata_i[13]
port:spadmic_matrix_top_csr/csr_wdata_i[14]
port:spadmic_matrix_top_csr/csr_wdata_i[15]
port:spadmic_matrix_top_csr/csr_wdata_i[16]
port:spadmic_matrix_top_csr/csr_wdata_i[17]
port:spadmic_matrix_top_csr/csr_wdata_i[18]
port:spadmic_matrix_top_csr/csr_wdata_i[19]
port:spadmic_matrix_top_csr/csr_wdata_i[1]
port:spadmic_matrix_top_csr/csr_wdata_i[20]
port:spadmic_matrix_top_csr/csr_wdata_i[21]
port:spadmic_matrix_top_csr/csr_wdata_i[22]
port:spadmic_matrix_top_csr/csr_wdata_i[23]
port:spadmic_matrix_top_csr/csr_wdata_i[24]
port:spadmic_matrix_top_csr/csr_wdata_i[25]
port:spadmic_matrix_top_csr/csr_wdata_i[26]
port:spadmic_matrix_top_csr/csr_wdata_i[27]
port:spadmic_matrix_top_csr/csr_wdata_i[28]
port:spadmic_matrix_top_csr/csr_wdata_i[29]
port:spadmic_matrix_top_csr/csr_wdata_i[2]
port:spadmic_matrix_top_csr/csr_wdata_i[30]
port:spadmic_matrix_top_csr/csr_wdata_i[31]
port:spadmic_matrix_top_csr/csr_wdata_i[3]
port:spadmic_matrix_top_csr/csr_wdata_i[4]
port:spadmic_matrix_top_csr/csr_wdata_i[5]
port:spadmic_matrix_top_csr/csr_wdata_i[6]
port:spadmic_matrix_top_csr/csr_wdata_i[7]
port:spadmic_matrix_top_csr/csr_wdata_i[8]
port:spadmic_matrix_top_csr/csr_wdata_i[9]
port:spadmic_matrix_top_csr/csr_write_i
port:spadmic_matrix_top_csr/ddr_busy_i
port:spadmic_matrix_top_csr/ddr_empty_i
port:spadmic_matrix_top_csr/ddr_padded_i
port:spadmic_matrix_top_csr/ddr_pair_valid_i
port:spadmic_matrix_top_csr/event_busy_i
port:spadmic_matrix_top_csr/event_id_i[0]
port:spadmic_matrix_top_csr/event_id_i[10]
port:spadmic_matrix_top_csr/event_id_i[11]
port:spadmic_matrix_top_csr/event_id_i[12]
port:spadmic_matrix_top_csr/event_id_i[13]
port:spadmic_matrix_top_csr/event_id_i[1]
port:spadmic_matrix_top_csr/event_id_i[2]
port:spadmic_matrix_top_csr/event_id_i[3]
port:spadmic_matrix_top_csr/event_id_i[4]
port:spadmic_matrix_top_csr/event_id_i[5]
port:spadmic_matrix_top_csr/event_id_i[6]
port:spadmic_matrix_top_csr/event_id_i[7]
port:spadmic_matrix_top_csr/event_id_i[8]
port:spadmic_matrix_top_csr/event_id_i[9]
port:spadmic_matrix_top_csr/event_rejected_not_ready_i
port:spadmic_matrix_top_csr/matrix_cfg_busy_i
port:spadmic_matrix_top_csr/matrix_cfg_done_i
port:spadmic_matrix_top_csr/matrix_cfg_error_i
port:spadmic_matrix_top_csr/matrix_cfg_last_error_i[0]
port:spadmic_matrix_top_csr/matrix_cfg_last_error_i[1]
port:spadmic_matrix_top_csr/matrix_cfg_last_error_i[2]
port:spadmic_matrix_top_csr/matrix_cfg_last_error_i[3]
port:spadmic_matrix_top_csr/matrix_cfg_rdata_i[0]
port:spadmic_matrix_top_csr/matrix_cfg_rdata_i[10]
port:spadmic_matrix_top_csr/matrix_cfg_rdata_i[11]
port:spadmic_matrix_top_csr/matrix_cfg_rdata_i[12]
port:spadmic_matrix_top_csr/matrix_cfg_rdata_i[13]
port:spadmic_matrix_top_csr/matrix_cfg_rdata_i[14]
port:spadmic_matrix_top_csr/matrix_cfg_rdata_i[15]
port:spadmic_matrix_top_csr/matrix_cfg_rdata_i[16]
port:spadmic_matrix_top_csr/matrix_cfg_rdata_i[17]
port:spadmic_matrix_top_csr/matrix_cfg_rdata_i[18]
port:spadmic_matrix_top_csr/matrix_cfg_rdata_i[19]
port:spadmic_matrix_top_csr/matrix_cfg_rdata_i[1]
port:spadmic_matrix_top_csr/matrix_cfg_rdata_i[20]
port:spadmic_matrix_top_csr/matrix_cfg_rdata_i[21]
port:spadmic_matrix_top_csr/matrix_cfg_rdata_i[22]
port:spadmic_matrix_top_csr/matrix_cfg_rdata_i[23]
port:spadmic_matrix_top_csr/matrix_cfg_rdata_i[24]
port:spadmic_matrix_top_csr/matrix_cfg_rdata_i[25]
port:spadmic_matrix_top_csr/matrix_cfg_rdata_i[26]
port:spadmic_matrix_top_csr/matrix_cfg_rdata_i[27]
port:spadmic_matrix_top_csr/matrix_cfg_rdata_i[28]
port:spadmic_matrix_top_csr/matrix_cfg_rdata_i[29]
port:spadmic_matrix_top_csr/matrix_cfg_rdata_i[2]
port:spadmic_matrix_top_csr/matrix_cfg_rdata_i[30]
port:spadmic_matrix_top_csr/matrix_cfg_rdata_i[31]
port:spadmic_matrix_top_csr/matrix_cfg_rdata_i[32]
port:spadmic_matrix_top_csr/matrix_cfg_rdata_i[33]
port:spadmic_matrix_top_csr/matrix_cfg_rdata_i[34]
port:spadmic_matrix_top_csr/matrix_cfg_rdata_i[35]
port:spadmic_matrix_top_csr/matrix_cfg_rdata_i[36]
port:spadmic_matrix_top_csr/matrix_cfg_rdata_i[37]
port:spadmic_matrix_top_csr/matrix_cfg_rdata_i[38]
port:spadmic_matrix_top_csr/matrix_cfg_rdata_i[39]
port:spadmic_matrix_top_csr/matrix_cfg_rdata_i[3]
port:spadmic_matrix_top_csr/matrix_cfg_rdata_i[40]
port:spadmic_matrix_top_csr/matrix_cfg_rdata_i[41]
port:spadmic_matrix_top_csr/matrix_cfg_rdata_i[42]
port:spadmic_matrix_top_csr/matrix_cfg_rdata_i[43]
port:spadmic_matrix_top_csr/matrix_cfg_rdata_i[44]
port:spadmic_matrix_top_csr/matrix_cfg_rdata_i[45]
port:spadmic_matrix_top_csr/matrix_cfg_rdata_i[46]
port:spadmic_matrix_top_csr/matrix_cfg_rdata_i[47]
port:spadmic_matrix_top_csr/matrix_cfg_rdata_i[48]
port:spadmic_matrix_top_csr/matrix_cfg_rdata_i[49]
port:spadmic_matrix_top_csr/matrix_cfg_rdata_i[4]
port:spadmic_matrix_top_csr/matrix_cfg_rdata_i[50]
port:spadmic_matrix_top_csr/matrix_cfg_rdata_i[51]
port:spadmic_matrix_top_csr/matrix_cfg_rdata_i[52]
port:spadmic_matrix_top_csr/matrix_cfg_rdata_i[53]
port:spadmic_matrix_top_csr/matrix_cfg_rdata_i[54]
port:spadmic_matrix_top_csr/matrix_cfg_rdata_i[55]
port:spadmic_matrix_top_csr/matrix_cfg_rdata_i[56]
port:spadmic_matrix_top_csr/matrix_cfg_rdata_i[57]
port:spadmic_matrix_top_csr/matrix_cfg_rdata_i[58]
port:spadmic_matrix_top_csr/matrix_cfg_rdata_i[59]
port:spadmic_matrix_top_csr/matrix_cfg_rdata_i[5]
port:spadmic_matrix_top_csr/matrix_cfg_rdata_i[60]
port:spadmic_matrix_top_csr/matrix_cfg_rdata_i[61]
port:spadmic_matrix_top_csr/matrix_cfg_rdata_i[62]
port:spadmic_matrix_top_csr/matrix_cfg_rdata_i[63]
port:spadmic_matrix_top_csr/matrix_cfg_rdata_i[6]
port:spadmic_matrix_top_csr/matrix_cfg_rdata_i[7]
port:spadmic_matrix_top_csr/matrix_cfg_rdata_i[8]
port:spadmic_matrix_top_csr/matrix_cfg_rdata_i[9]
port:spadmic_matrix_top_csr/matrix_cfg_readback_valid_i
port:spadmic_matrix_top_csr/matrix_cfg_valid_i
port:spadmic_matrix_top_csr/observed_reset_ack_mask_i[0]
port:spadmic_matrix_top_csr/observed_reset_ack_mask_i[1]
port:spadmic_matrix_top_csr/observed_reset_ack_mask_i[2]
port:spadmic_matrix_top_csr/observed_reset_ack_mask_i[3]
port:spadmic_matrix_top_csr/output_fifo_almost_full_i
port:spadmic_matrix_top_csr/output_fifo_empty_i
port:spadmic_matrix_top_csr/output_fifo_free_words_i[0]
port:spadmic_matrix_top_csr/output_fifo_free_words_i[1]
port:spadmic_matrix_top_csr/output_fifo_free_words_i[2]
port:spadmic_matrix_top_csr/output_fifo_free_words_i[3]
port:spadmic_matrix_top_csr/output_fifo_free_words_i[4]
port:spadmic_matrix_top_csr/output_fifo_free_words_i[5]
port:spadmic_matrix_top_csr/output_fifo_free_words_i[6]
port:spadmic_matrix_top_csr/output_fifo_free_words_i[7]
port:spadmic_matrix_top_csr/output_fifo_free_words_i[8]
port:spadmic_matrix_top_csr/output_fifo_free_words_i[9]
port:spadmic_matrix_top_csr/output_fifo_full_i
port:spadmic_matrix_top_csr/output_fifo_level_i[0]
port:spadmic_matrix_top_csr/output_fifo_level_i[1]
port:spadmic_matrix_top_csr/output_fifo_level_i[2]
port:spadmic_matrix_top_csr/output_fifo_level_i[3]
port:spadmic_matrix_top_csr/output_fifo_level_i[4]
port:spadmic_matrix_top_csr/output_fifo_level_i[5]
port:spadmic_matrix_top_csr/output_fifo_level_i[6]
port:spadmic_matrix_top_csr/output_fifo_level_i[7]
port:spadmic_matrix_top_csr/output_fifo_level_i[8]
port:spadmic_matrix_top_csr/output_fifo_level_i[9]
port:spadmic_matrix_top_csr/output_fifo_overflow_i
port:spadmic_matrix_top_csr/position_packet_drop_i
port:spadmic_matrix_top_csr/required_packet_mask_i[0]
port:spadmic_matrix_top_csr/required_packet_mask_i[1]
port:spadmic_matrix_top_csr/required_packet_mask_i[2]
port:spadmic_matrix_top_csr/required_packet_mask_i[3]
port:spadmic_matrix_top_csr/required_reset_ack_mask_i[0]
port:spadmic_matrix_top_csr/required_reset_ack_mask_i[1]
port:spadmic_matrix_top_csr/required_reset_ack_mask_i[2]
port:spadmic_matrix_top_csr/required_reset_ack_mask_i[3]
port:spadmic_matrix_top_csr/reset_busy_i
port:spadmic_matrix_top_csr/reset_disabled_i
port:spadmic_matrix_top_csr/reset_done_i
port:spadmic_matrix_top_csr/rst_n
port:spadmic_matrix_top_csr/safe_idle_i
port:spadmic_matrix_top_csr/snapshot_B_i[0]
port:spadmic_matrix_top_csr/snapshot_B_i[10]
port:spadmic_matrix_top_csr/snapshot_B_i[11]
port:spadmic_matrix_top_csr/snapshot_B_i[12]
port:spadmic_matrix_top_csr/snapshot_B_i[13]
port:spadmic_matrix_top_csr/snapshot_B_i[14]
port:spadmic_matrix_top_csr/snapshot_B_i[15]
port:spadmic_matrix_top_csr/snapshot_B_i[16]
port:spadmic_matrix_top_csr/snapshot_B_i[17]
port:spadmic_matrix_top_csr/snapshot_B_i[18]
port:spadmic_matrix_top_csr/snapshot_B_i[19]
