============================================================
  Generated by:           Genus(TM) Synthesis Solution 22.13-s093_1
  Generated on:           Jun 02 2026  01:32:17 pm
  Module:                 mptdc_top_asic
  Operating conditions:   slow_1_62V_125C 
  Interconnect mode:      global
  Area mode:              physical library
============================================================


Path 1: VIOLATED (-2033 ps) Clock Gating Setup Check at cgic pin u_core_gen_pd_row[3].gen_pd_col[3].u_pd/RC_CG_HIER_INST26/RC_CGIC_INST/E
           View: wc_view
          Group: cg_enable_group_clk_osc_fast_tap3
     Startpoint: (R) u_core_gen_pd_row[3].gen_pd_col[3].u_pd/hit_latched_reg/clk
          Clock: (R) clk_osc_fast_tap3
       Endpoint: (R) u_core_gen_pd_row[3].gen_pd_col[3].u_pd/RC_CG_HIER_INST26/RC_CGIC_INST/E
          Clock: (R) clk_osc_fast_tap3

                     Capture       Launch     
        Clock Edge:+    1050          150     
       Src Latency:+       0            0     
       Net Latency:+       0 (I)        0 (I) 
           Arrival:=    1050          150     
                                              
  Gate Check Setup:-    1354                  
       Uncertainty:-      50                  
     Required Time:=    -354                  
      Launch Clock:-     150                  
         Data Path:-    1529                  
             Slack:=   -2033                  

#---------------------------------------------------------------------------------------------------------------------------------------------------------
#                              Timing Point                                Flags    Arc    Edge      Cell        Fanout Load Trans Delay Arrival Instance 
#                                                                                                                       (fF)  (ps)  (ps)   (ps)  Location 
#---------------------------------------------------------------------------------------------------------------------------------------------------------
  u_core_gen_pd_row[3].gen_pd_col[3].u_pd/hit_latched_reg/clk              -       -       R     (arrival)            8    -   150     0     150    (-,-) 
  u_core_gen_pd_row[3].gen_pd_col[3].u_pd/hit_latched_reg/q                (u)     clk->q  F     unmapped_d_flop      6 67.2     0  1466    1616    (-,-) 
  u_core_gen_pd_row[3].gen_pd_col[3].u_pd/g1/z                             (u)     in_0->z R     unmapped_not         1 10.9     0    63    1679    (-,-) 
  u_core_gen_pd_row[3].gen_pd_col[3].u_pd/RC_CG_HIER_INST26/RC_CGIC_INST/E -       -       R     LSGCPHDX0            1    -     -     0    1679    (-,-) 
#---------------------------------------------------------------------------------------------------------------------------------------------------------

(u) : Net has unmapped pin(s).



Path 2: VIOLATED (-2033 ps) Clock Gating Setup Check at cgic pin u_core_gen_pd_row[3].gen_pd_col[4].u_pd/RC_CG_HIER_INST26/RC_CGIC_INST/E
           View: wc_view
          Group: cg_enable_group_clk_osc_fast_tap4
     Startpoint: (R) u_core_gen_pd_row[3].gen_pd_col[4].u_pd/hit_latched_reg/clk
          Clock: (R) clk_osc_fast_tap4
       Endpoint: (R) u_core_gen_pd_row[3].gen_pd_col[4].u_pd/RC_CG_HIER_INST26/RC_CGIC_INST/E
          Clock: (R) clk_osc_fast_tap4

                     Capture       Launch     
        Clock Edge:+    1100          200     
       Src Latency:+       0            0     
       Net Latency:+       0 (I)        0 (I) 
           Arrival:=    1100          200     
                                              
  Gate Check Setup:-    1354                  
       Uncertainty:-      50                  
     Required Time:=    -304                  
      Launch Clock:-     200                  
         Data Path:-    1529                  
             Slack:=   -2033                  

#---------------------------------------------------------------------------------------------------------------------------------------------------------
#                              Timing Point                                Flags    Arc    Edge      Cell        Fanout Load Trans Delay Arrival Instance 
#                                                                                                                       (fF)  (ps)  (ps)   (ps)  Location 
#---------------------------------------------------------------------------------------------------------------------------------------------------------
  u_core_gen_pd_row[3].gen_pd_col[4].u_pd/hit_latched_reg/clk              -       -       R     (arrival)            8    -   150     0     200    (-,-) 
  u_core_gen_pd_row[3].gen_pd_col[4].u_pd/hit_latched_reg/q                (u)     clk->q  F     unmapped_d_flop      6 67.2     0  1466    1666    (-,-) 
  u_core_gen_pd_row[3].gen_pd_col[4].u_pd/g1/z                             (u)     in_0->z R     unmapped_not         1 10.9     0    63    1729    (-,-) 
  u_core_gen_pd_row[3].gen_pd_col[4].u_pd/RC_CG_HIER_INST26/RC_CGIC_INST/E -       -       R     LSGCPHDX0            1    -     -     0    1729    (-,-) 
#---------------------------------------------------------------------------------------------------------------------------------------------------------

(u) : Net has unmapped pin(s).



Path 3: VIOLATED (-2033 ps) Clock Gating Setup Check at cgic pin u_core_gen_pd_row[3].gen_pd_col[5].u_pd/RC_CG_HIER_INST26/RC_CGIC_INST/E
           View: wc_view
          Group: cg_enable_group_clk_osc_fast_tap5
     Startpoint: (R) u_core_gen_pd_row[3].gen_pd_col[5].u_pd/hit_latched_reg/clk
          Clock: (R) clk_osc_fast_tap5
       Endpoint: (R) u_core_gen_pd_row[3].gen_pd_col[5].u_pd/RC_CG_HIER_INST26/RC_CGIC_INST/E
          Clock: (R) clk_osc_fast_tap5

                     Capture       Launch     
        Clock Edge:+    1150          250     
       Src Latency:+       0            0     
       Net Latency:+       0 (I)        0 (I) 
           Arrival:=    1150          250     
                                              
  Gate Check Setup:-    1354                  
       Uncertainty:-      50                  
     Required Time:=    -254                  
      Launch Clock:-     250                  
         Data Path:-    1529                  
             Slack:=   -2033                  

#---------------------------------------------------------------------------------------------------------------------------------------------------------
#                              Timing Point                                Flags    Arc    Edge      Cell        Fanout Load Trans Delay Arrival Instance 
#                                                                                                                       (fF)  (ps)  (ps)   (ps)  Location 
#---------------------------------------------------------------------------------------------------------------------------------------------------------
  u_core_gen_pd_row[3].gen_pd_col[5].u_pd/hit_latched_reg/clk              -       -       R     (arrival)            8    -   150     0     250    (-,-) 
  u_core_gen_pd_row[3].gen_pd_col[5].u_pd/hit_latched_reg/q                (u)     clk->q  F     unmapped_d_flop      6 67.2     0  1466    1716    (-,-) 
  u_core_gen_pd_row[3].gen_pd_col[5].u_pd/g1/z                             (u)     in_0->z R     unmapped_not         1 10.9     0    63    1779    (-,-) 
  u_core_gen_pd_row[3].gen_pd_col[5].u_pd/RC_CG_HIER_INST26/RC_CGIC_INST/E -       -       R     LSGCPHDX0            1    -     -     0    1779    (-,-) 
#---------------------------------------------------------------------------------------------------------------------------------------------------------

(u) : Net has unmapped pin(s).



Path 4: VIOLATED (-2033 ps) Clock Gating Setup Check at cgic pin u_core_gen_pd_row[3].gen_pd_col[6].u_pd/RC_CG_HIER_INST26/RC_CGIC_INST/E
           View: wc_view
          Group: cg_enable_group_clk_osc_fast_tap6
     Startpoint: (R) u_core_gen_pd_row[3].gen_pd_col[6].u_pd/hit_latched_reg/clk
          Clock: (R) clk_osc_fast_tap6
       Endpoint: (R) u_core_gen_pd_row[3].gen_pd_col[6].u_pd/RC_CG_HIER_INST26/RC_CGIC_INST/E
          Clock: (R) clk_osc_fast_tap6

                     Capture       Launch     
        Clock Edge:+    1200          300     
       Src Latency:+       0            0     
       Net Latency:+       0 (I)        0 (I) 
           Arrival:=    1200          300     
                                              
  Gate Check Setup:-    1354                  
       Uncertainty:-      50                  
     Required Time:=    -204                  
      Launch Clock:-     300                  
         Data Path:-    1529                  
             Slack:=   -2033                  

#---------------------------------------------------------------------------------------------------------------------------------------------------------
#                              Timing Point                                Flags    Arc    Edge      Cell        Fanout Load Trans Delay Arrival Instance 
#                                                                                                                       (fF)  (ps)  (ps)   (ps)  Location 
#---------------------------------------------------------------------------------------------------------------------------------------------------------
  u_core_gen_pd_row[3].gen_pd_col[6].u_pd/hit_latched_reg/clk              -       -       R     (arrival)            8    -   150     0     300    (-,-) 
  u_core_gen_pd_row[3].gen_pd_col[6].u_pd/hit_latched_reg/q                (u)     clk->q  F     unmapped_d_flop      6 67.2     0  1466    1766    (-,-) 
  u_core_gen_pd_row[3].gen_pd_col[6].u_pd/g1/z                             (u)     in_0->z R     unmapped_not         1 10.9     0    63    1829    (-,-) 
  u_core_gen_pd_row[3].gen_pd_col[6].u_pd/RC_CG_HIER_INST26/RC_CGIC_INST/E -       -       R     LSGCPHDX0            1    -     -     0    1829    (-,-) 
#---------------------------------------------------------------------------------------------------------------------------------------------------------

(u) : Net has unmapped pin(s).



Path 5: VIOLATED (-2033 ps) Clock Gating Setup Check at cgic pin u_core_gen_pd_row[4].gen_pd_col[3].u_pd/RC_CG_HIER_INST26/RC_CGIC_INST/E
           View: wc_view
          Group: cg_enable_group_clk_osc_fast_tap3
     Startpoint: (R) u_core_gen_pd_row[4].gen_pd_col[3].u_pd/hit_latched_reg/clk
          Clock: (R) clk_osc_fast_tap3
       Endpoint: (R) u_core_gen_pd_row[4].gen_pd_col[3].u_pd/RC_CG_HIER_INST26/RC_CGIC_INST/E
          Clock: (R) clk_osc_fast_tap3

                     Capture       Launch     
        Clock Edge:+    1050          150     
       Src Latency:+       0            0     
       Net Latency:+       0 (I)        0 (I) 
           Arrival:=    1050          150     
                                              
  Gate Check Setup:-    1354                  
       Uncertainty:-      50                  
     Required Time:=    -354                  
      Launch Clock:-     150                  
         Data Path:-    1529                  
             Slack:=   -2033                  

#---------------------------------------------------------------------------------------------------------------------------------------------------------
#                              Timing Point                                Flags    Arc    Edge      Cell        Fanout Load Trans Delay Arrival Instance 
#                                                                                                                       (fF)  (ps)  (ps)   (ps)  Location 
#---------------------------------------------------------------------------------------------------------------------------------------------------------
  u_core_gen_pd_row[4].gen_pd_col[3].u_pd/hit_latched_reg/clk              -       -       R     (arrival)            8    -   150     0     150    (-,-) 
  u_core_gen_pd_row[4].gen_pd_col[3].u_pd/hit_latched_reg/q                (u)     clk->q  F     unmapped_d_flop      6 67.2     0  1466    1616    (-,-) 
  u_core_gen_pd_row[4].gen_pd_col[3].u_pd/g1/z                             (u)     in_0->z R     unmapped_not         1 10.9     0    63    1679    (-,-) 
  u_core_gen_pd_row[4].gen_pd_col[3].u_pd/RC_CG_HIER_INST26/RC_CGIC_INST/E -       -       R     LSGCPHDX0            1    -     -     0    1679    (-,-) 
#---------------------------------------------------------------------------------------------------------------------------------------------------------

(u) : Net has unmapped pin(s).



Path 6: VIOLATED (-2033 ps) Clock Gating Setup Check at cgic pin u_core_gen_pd_row[4].gen_pd_col[4].u_pd/RC_CG_HIER_INST26/RC_CGIC_INST/E
           View: wc_view
          Group: cg_enable_group_clk_osc_fast_tap4
     Startpoint: (R) u_core_gen_pd_row[4].gen_pd_col[4].u_pd/hit_latched_reg/clk
          Clock: (R) clk_osc_fast_tap4
       Endpoint: (R) u_core_gen_pd_row[4].gen_pd_col[4].u_pd/RC_CG_HIER_INST26/RC_CGIC_INST/E
          Clock: (R) clk_osc_fast_tap4

                     Capture       Launch     
        Clock Edge:+    1100          200     
       Src Latency:+       0            0     
       Net Latency:+       0 (I)        0 (I) 
           Arrival:=    1100          200     
                                              
  Gate Check Setup:-    1354                  
       Uncertainty:-      50                  
     Required Time:=    -304                  
      Launch Clock:-     200                  
         Data Path:-    1529                  
             Slack:=   -2033                  

#---------------------------------------------------------------------------------------------------------------------------------------------------------
#                              Timing Point                                Flags    Arc    Edge      Cell        Fanout Load Trans Delay Arrival Instance 
#                                                                                                                       (fF)  (ps)  (ps)   (ps)  Location 
#---------------------------------------------------------------------------------------------------------------------------------------------------------
  u_core_gen_pd_row[4].gen_pd_col[4].u_pd/hit_latched_reg/clk              -       -       R     (arrival)            8    -   150     0     200    (-,-) 
  u_core_gen_pd_row[4].gen_pd_col[4].u_pd/hit_latched_reg/q                (u)     clk->q  F     unmapped_d_flop      6 67.2     0  1466    1666    (-,-) 
  u_core_gen_pd_row[4].gen_pd_col[4].u_pd/g1/z                             (u)     in_0->z R     unmapped_not         1 10.9     0    63    1729    (-,-) 
  u_core_gen_pd_row[4].gen_pd_col[4].u_pd/RC_CG_HIER_INST26/RC_CGIC_INST/E -       -       R     LSGCPHDX0            1    -     -     0    1729    (-,-) 
#---------------------------------------------------------------------------------------------------------------------------------------------------------

(u) : Net has unmapped pin(s).



Path 7: VIOLATED (-2033 ps) Clock Gating Setup Check at cgic pin u_core_gen_pd_row[4].gen_pd_col[5].u_pd/RC_CG_HIER_INST26/RC_CGIC_INST/E
           View: wc_view
          Group: cg_enable_group_clk_osc_fast_tap5
     Startpoint: (R) u_core_gen_pd_row[4].gen_pd_col[5].u_pd/hit_latched_reg/clk
          Clock: (R) clk_osc_fast_tap5
       Endpoint: (R) u_core_gen_pd_row[4].gen_pd_col[5].u_pd/RC_CG_HIER_INST26/RC_CGIC_INST/E
          Clock: (R) clk_osc_fast_tap5

                     Capture       Launch     
        Clock Edge:+    1150          250     
       Src Latency:+       0            0     
       Net Latency:+       0 (I)        0 (I) 
           Arrival:=    1150          250     
                                              
  Gate Check Setup:-    1354                  
       Uncertainty:-      50                  
     Required Time:=    -254                  
      Launch Clock:-     250                  
         Data Path:-    1529                  
             Slack:=   -2033                  

#---------------------------------------------------------------------------------------------------------------------------------------------------------
#                              Timing Point                                Flags    Arc    Edge      Cell        Fanout Load Trans Delay Arrival Instance 
#                                                                                                                       (fF)  (ps)  (ps)   (ps)  Location 
#---------------------------------------------------------------------------------------------------------------------------------------------------------
  u_core_gen_pd_row[4].gen_pd_col[5].u_pd/hit_latched_reg/clk              -       -       R     (arrival)            8    -   150     0     250    (-,-) 
  u_core_gen_pd_row[4].gen_pd_col[5].u_pd/hit_latched_reg/q                (u)     clk->q  F     unmapped_d_flop      6 67.2     0  1466    1716    (-,-) 
  u_core_gen_pd_row[4].gen_pd_col[5].u_pd/g1/z                             (u)     in_0->z R     unmapped_not         1 10.9     0    63    1779    (-,-) 
  u_core_gen_pd_row[4].gen_pd_col[5].u_pd/RC_CG_HIER_INST26/RC_CGIC_INST/E -       -       R     LSGCPHDX0            1    -     -     0    1779    (-,-) 
#---------------------------------------------------------------------------------------------------------------------------------------------------------

(u) : Net has unmapped pin(s).



Path 8: VIOLATED (-2033 ps) Clock Gating Setup Check at cgic pin u_core_gen_pd_row[4].gen_pd_col[6].u_pd/RC_CG_HIER_INST26/RC_CGIC_INST/E
           View: wc_view
          Group: cg_enable_group_clk_osc_fast_tap6
     Startpoint: (R) u_core_gen_pd_row[4].gen_pd_col[6].u_pd/hit_latched_reg/clk
          Clock: (R) clk_osc_fast_tap6
       Endpoint: (R) u_core_gen_pd_row[4].gen_pd_col[6].u_pd/RC_CG_HIER_INST26/RC_CGIC_INST/E
          Clock: (R) clk_osc_fast_tap6

                     Capture       Launch     
        Clock Edge:+    1200          300     
       Src Latency:+       0            0     
       Net Latency:+       0 (I)        0 (I) 
           Arrival:=    1200          300     
                                              
  Gate Check Setup:-    1354                  
       Uncertainty:-      50                  
     Required Time:=    -204                  
      Launch Clock:-     300                  
         Data Path:-    1529                  
             Slack:=   -2033                  

#---------------------------------------------------------------------------------------------------------------------------------------------------------
#                              Timing Point                                Flags    Arc    Edge      Cell        Fanout Load Trans Delay Arrival Instance 
#                                                                                                                       (fF)  (ps)  (ps)   (ps)  Location 
#---------------------------------------------------------------------------------------------------------------------------------------------------------
  u_core_gen_pd_row[4].gen_pd_col[6].u_pd/hit_latched_reg/clk              -       -       R     (arrival)            8    -   150     0     300    (-,-) 
  u_core_gen_pd_row[4].gen_pd_col[6].u_pd/hit_latched_reg/q                (u)     clk->q  F     unmapped_d_flop      6 67.2     0  1466    1766    (-,-) 
  u_core_gen_pd_row[4].gen_pd_col[6].u_pd/g1/z                             (u)     in_0->z R     unmapped_not         1 10.9     0    63    1829    (-,-) 
  u_core_gen_pd_row[4].gen_pd_col[6].u_pd/RC_CG_HIER_INST26/RC_CGIC_INST/E -       -       R     LSGCPHDX0            1    -     -     0    1829    (-,-) 
#---------------------------------------------------------------------------------------------------------------------------------------------------------

(u) : Net has unmapped pin(s).



Path 9: VIOLATED (-2033 ps) Clock Gating Setup Check at cgic pin u_core_gen_pd_row[5].gen_pd_col[3].u_pd/RC_CG_HIER_INST26/RC_CGIC_INST/E
           View: wc_view
          Group: cg_enable_group_clk_osc_fast_tap3
     Startpoint: (R) u_core_gen_pd_row[5].gen_pd_col[3].u_pd/hit_latched_reg/clk
          Clock: (R) clk_osc_fast_tap3
       Endpoint: (R) u_core_gen_pd_row[5].gen_pd_col[3].u_pd/RC_CG_HIER_INST26/RC_CGIC_INST/E
          Clock: (R) clk_osc_fast_tap3

                     Capture       Launch     
        Clock Edge:+    1050          150     
       Src Latency:+       0            0     
       Net Latency:+       0 (I)        0 (I) 
           Arrival:=    1050          150     
                                              
  Gate Check Setup:-    1354                  
       Uncertainty:-      50                  
     Required Time:=    -354                  
      Launch Clock:-     150                  
         Data Path:-    1529                  
             Slack:=   -2033                  

#---------------------------------------------------------------------------------------------------------------------------------------------------------
#                              Timing Point                                Flags    Arc    Edge      Cell        Fanout Load Trans Delay Arrival Instance 
#                                                                                                                       (fF)  (ps)  (ps)   (ps)  Location 
#---------------------------------------------------------------------------------------------------------------------------------------------------------
  u_core_gen_pd_row[5].gen_pd_col[3].u_pd/hit_latched_reg/clk              -       -       R     (arrival)            8    -   150     0     150    (-,-) 
  u_core_gen_pd_row[5].gen_pd_col[3].u_pd/hit_latched_reg/q                (u)     clk->q  F     unmapped_d_flop      6 67.2     0  1466    1616    (-,-) 
  u_core_gen_pd_row[5].gen_pd_col[3].u_pd/g1/z                             (u)     in_0->z R     unmapped_not         1 10.9     0    63    1679    (-,-) 
  u_core_gen_pd_row[5].gen_pd_col[3].u_pd/RC_CG_HIER_INST26/RC_CGIC_INST/E -       -       R     LSGCPHDX0            1    -     -     0    1679    (-,-) 
#---------------------------------------------------------------------------------------------------------------------------------------------------------

(u) : Net has unmapped pin(s).



Path 10: VIOLATED (-2033 ps) Clock Gating Setup Check at cgic pin u_core_gen_pd_row[5].gen_pd_col[4].u_pd/RC_CG_HIER_INST26/RC_CGIC_INST/E
           View: wc_view
          Group: cg_enable_group_clk_osc_fast_tap4
     Startpoint: (R) u_core_gen_pd_row[5].gen_pd_col[4].u_pd/hit_latched_reg/clk
          Clock: (R) clk_osc_fast_tap4
       Endpoint: (R) u_core_gen_pd_row[5].gen_pd_col[4].u_pd/RC_CG_HIER_INST26/RC_CGIC_INST/E
          Clock: (R) clk_osc_fast_tap4

                     Capture       Launch     
        Clock Edge:+    1100          200     
       Src Latency:+       0            0     
       Net Latency:+       0 (I)        0 (I) 
           Arrival:=    1100          200     
                                              
  Gate Check Setup:-    1354                  
       Uncertainty:-      50                  
     Required Time:=    -304                  
      Launch Clock:-     200                  
         Data Path:-    1529                  
             Slack:=   -2033                  

#---------------------------------------------------------------------------------------------------------------------------------------------------------
#                              Timing Point                                Flags    Arc    Edge      Cell        Fanout Load Trans Delay Arrival Instance 
#                                                                                                                       (fF)  (ps)  (ps)   (ps)  Location 
#---------------------------------------------------------------------------------------------------------------------------------------------------------
  u_core_gen_pd_row[5].gen_pd_col[4].u_pd/hit_latched_reg/clk              -       -       R     (arrival)            8    -   150     0     200    (-,-) 
  u_core_gen_pd_row[5].gen_pd_col[4].u_pd/hit_latched_reg/q                (u)     clk->q  F     unmapped_d_flop      6 67.2     0  1466    1666    (-,-) 
  u_core_gen_pd_row[5].gen_pd_col[4].u_pd/g1/z                             (u)     in_0->z R     unmapped_not         1 10.9     0    63    1729    (-,-) 
  u_core_gen_pd_row[5].gen_pd_col[4].u_pd/RC_CG_HIER_INST26/RC_CGIC_INST/E -       -       R     LSGCPHDX0            1    -     -     0    1729    (-,-) 
#---------------------------------------------------------------------------------------------------------------------------------------------------------

(u) : Net has unmapped pin(s).



Path 11: VIOLATED (-2033 ps) Clock Gating Setup Check at cgic pin u_core_gen_pd_row[5].gen_pd_col[5].u_pd/RC_CG_HIER_INST26/RC_CGIC_INST/E
           View: wc_view
          Group: cg_enable_group_clk_osc_fast_tap5
     Startpoint: (R) u_core_gen_pd_row[5].gen_pd_col[5].u_pd/hit_latched_reg/clk
          Clock: (R) clk_osc_fast_tap5
       Endpoint: (R) u_core_gen_pd_row[5].gen_pd_col[5].u_pd/RC_CG_HIER_INST26/RC_CGIC_INST/E
          Clock: (R) clk_osc_fast_tap5

                     Capture       Launch     
        Clock Edge:+    1150          250     
       Src Latency:+       0            0     
       Net Latency:+       0 (I)        0 (I) 
           Arrival:=    1150          250     
                                              
  Gate Check Setup:-    1354                  
       Uncertainty:-      50                  
     Required Time:=    -254                  
      Launch Clock:-     250                  
         Data Path:-    1529                  
             Slack:=   -2033                  

#---------------------------------------------------------------------------------------------------------------------------------------------------------
#                              Timing Point                                Flags    Arc    Edge      Cell        Fanout Load Trans Delay Arrival Instance 
#                                                                                                                       (fF)  (ps)  (ps)   (ps)  Location 
#---------------------------------------------------------------------------------------------------------------------------------------------------------
  u_core_gen_pd_row[5].gen_pd_col[5].u_pd/hit_latched_reg/clk              -       -       R     (arrival)            8    -   150     0     250    (-,-) 
  u_core_gen_pd_row[5].gen_pd_col[5].u_pd/hit_latched_reg/q                (u)     clk->q  F     unmapped_d_flop      6 67.2     0  1466    1716    (-,-) 
  u_core_gen_pd_row[5].gen_pd_col[5].u_pd/g1/z                             (u)     in_0->z R     unmapped_not         1 10.9     0    63    1779    (-,-) 
  u_core_gen_pd_row[5].gen_pd_col[5].u_pd/RC_CG_HIER_INST26/RC_CGIC_INST/E -       -       R     LSGCPHDX0            1    -     -     0    1779    (-,-) 
#---------------------------------------------------------------------------------------------------------------------------------------------------------

(u) : Net has unmapped pin(s).



Path 12: VIOLATED (-2033 ps) Clock Gating Setup Check at cgic pin u_core_gen_pd_row[5].gen_pd_col[6].u_pd/RC_CG_HIER_INST26/RC_CGIC_INST/E
           View: wc_view
          Group: cg_enable_group_clk_osc_fast_tap6
     Startpoint: (R) u_core_gen_pd_row[5].gen_pd_col[6].u_pd/hit_latched_reg/clk
          Clock: (R) clk_osc_fast_tap6
       Endpoint: (R) u_core_gen_pd_row[5].gen_pd_col[6].u_pd/RC_CG_HIER_INST26/RC_CGIC_INST/E
          Clock: (R) clk_osc_fast_tap6

                     Capture       Launch     
        Clock Edge:+    1200          300     
       Src Latency:+       0            0     
       Net Latency:+       0 (I)        0 (I) 
           Arrival:=    1200          300     
                                              
  Gate Check Setup:-    1354                  
       Uncertainty:-      50                  
     Required Time:=    -204                  
      Launch Clock:-     300                  
         Data Path:-    1529                  
             Slack:=   -2033                  

#---------------------------------------------------------------------------------------------------------------------------------------------------------
#                              Timing Point                                Flags    Arc    Edge      Cell        Fanout Load Trans Delay Arrival Instance 
#                                                                                                                       (fF)  (ps)  (ps)   (ps)  Location 
#---------------------------------------------------------------------------------------------------------------------------------------------------------
  u_core_gen_pd_row[5].gen_pd_col[6].u_pd/hit_latched_reg/clk              -       -       R     (arrival)            8    -   150     0     300    (-,-) 
  u_core_gen_pd_row[5].gen_pd_col[6].u_pd/hit_latched_reg/q                (u)     clk->q  F     unmapped_d_flop      6 67.2     0  1466    1766    (-,-) 
  u_core_gen_pd_row[5].gen_pd_col[6].u_pd/g1/z                             (u)     in_0->z R     unmapped_not         1 10.9     0    63    1829    (-,-) 
  u_core_gen_pd_row[5].gen_pd_col[6].u_pd/RC_CG_HIER_INST26/RC_CGIC_INST/E -       -       R     LSGCPHDX0            1    -     -     0    1829    (-,-) 
#---------------------------------------------------------------------------------------------------------------------------------------------------------

(u) : Net has unmapped pin(s).



Path 13: VIOLATED (-2033 ps) Clock Gating Setup Check at cgic pin u_core_gen_pd_row[6].gen_pd_col[3].u_pd/RC_CG_HIER_INST26/RC_CGIC_INST/E
           View: wc_view
          Group: cg_enable_group_clk_osc_fast_tap3
     Startpoint: (R) u_core_gen_pd_row[6].gen_pd_col[3].u_pd/hit_latched_reg/clk
          Clock: (R) clk_osc_fast_tap3
       Endpoint: (R) u_core_gen_pd_row[6].gen_pd_col[3].u_pd/RC_CG_HIER_INST26/RC_CGIC_INST/E
          Clock: (R) clk_osc_fast_tap3

                     Capture       Launch     
        Clock Edge:+    1050          150     
       Src Latency:+       0            0     
       Net Latency:+       0 (I)        0 (I) 
           Arrival:=    1050          150     
                                              
  Gate Check Setup:-    1354                  
       Uncertainty:-      50                  
     Required Time:=    -354                  
      Launch Clock:-     150                  
         Data Path:-    1529                  
             Slack:=   -2033                  

#---------------------------------------------------------------------------------------------------------------------------------------------------------
#                              Timing Point                                Flags    Arc    Edge      Cell        Fanout Load Trans Delay Arrival Instance 
#                                                                                                                       (fF)  (ps)  (ps)   (ps)  Location 
#---------------------------------------------------------------------------------------------------------------------------------------------------------
  u_core_gen_pd_row[6].gen_pd_col[3].u_pd/hit_latched_reg/clk              -       -       R     (arrival)            8    -   150     0     150    (-,-) 
  u_core_gen_pd_row[6].gen_pd_col[3].u_pd/hit_latched_reg/q                (u)     clk->q  F     unmapped_d_flop      6 67.2     0  1466    1616    (-,-) 
  u_core_gen_pd_row[6].gen_pd_col[3].u_pd/g1/z                             (u)     in_0->z R     unmapped_not         1 10.9     0    63    1679    (-,-) 
  u_core_gen_pd_row[6].gen_pd_col[3].u_pd/RC_CG_HIER_INST26/RC_CGIC_INST/E -       -       R     LSGCPHDX0            1    -     -     0    1679    (-,-) 
#---------------------------------------------------------------------------------------------------------------------------------------------------------

(u) : Net has unmapped pin(s).



Path 14: VIOLATED (-2033 ps) Clock Gating Setup Check at cgic pin u_core_gen_pd_row[6].gen_pd_col[4].u_pd/RC_CG_HIER_INST26/RC_CGIC_INST/E
           View: wc_view
          Group: cg_enable_group_clk_osc_fast_tap4
     Startpoint: (R) u_core_gen_pd_row[6].gen_pd_col[4].u_pd/hit_latched_reg/clk
          Clock: (R) clk_osc_fast_tap4
       Endpoint: (R) u_core_gen_pd_row[6].gen_pd_col[4].u_pd/RC_CG_HIER_INST26/RC_CGIC_INST/E
          Clock: (R) clk_osc_fast_tap4

                     Capture       Launch     
        Clock Edge:+    1100          200     
       Src Latency:+       0            0     
       Net Latency:+       0 (I)        0 (I) 
           Arrival:=    1100          200     
                                              
  Gate Check Setup:-    1354                  
       Uncertainty:-      50                  
     Required Time:=    -304                  
      Launch Clock:-     200                  
         Data Path:-    1529                  
             Slack:=   -2033                  

#---------------------------------------------------------------------------------------------------------------------------------------------------------
#                              Timing Point                                Flags    Arc    Edge      Cell        Fanout Load Trans Delay Arrival Instance 
#                                                                                                                       (fF)  (ps)  (ps)   (ps)  Location 
#---------------------------------------------------------------------------------------------------------------------------------------------------------
  u_core_gen_pd_row[6].gen_pd_col[4].u_pd/hit_latched_reg/clk              -       -       R     (arrival)            8    -   150     0     200    (-,-) 
  u_core_gen_pd_row[6].gen_pd_col[4].u_pd/hit_latched_reg/q                (u)     clk->q  F     unmapped_d_flop      6 67.2     0  1466    1666    (-,-) 
  u_core_gen_pd_row[6].gen_pd_col[4].u_pd/g1/z                             (u)     in_0->z R     unmapped_not         1 10.9     0    63    1729    (-,-) 
  u_core_gen_pd_row[6].gen_pd_col[4].u_pd/RC_CG_HIER_INST26/RC_CGIC_INST/E -       -       R     LSGCPHDX0            1    -     -     0    1729    (-,-) 
#---------------------------------------------------------------------------------------------------------------------------------------------------------

(u) : Net has unmapped pin(s).



Path 15: VIOLATED (-2033 ps) Clock Gating Setup Check at cgic pin u_core_gen_pd_row[6].gen_pd_col[5].u_pd/RC_CG_HIER_INST26/RC_CGIC_INST/E
           View: wc_view
          Group: cg_enable_group_clk_osc_fast_tap5
     Startpoint: (R) u_core_gen_pd_row[6].gen_pd_col[5].u_pd/hit_latched_reg/clk
          Clock: (R) clk_osc_fast_tap5
       Endpoint: (R) u_core_gen_pd_row[6].gen_pd_col[5].u_pd/RC_CG_HIER_INST26/RC_CGIC_INST/E
          Clock: (R) clk_osc_fast_tap5

                     Capture       Launch     
        Clock Edge:+    1150          250     
       Src Latency:+       0            0     
       Net Latency:+       0 (I)        0 (I) 
           Arrival:=    1150          250     
                                              
  Gate Check Setup:-    1354                  
       Uncertainty:-      50                  
     Required Time:=    -254                  
      Launch Clock:-     250                  
         Data Path:-    1529                  
             Slack:=   -2033                  

#---------------------------------------------------------------------------------------------------------------------------------------------------------
#                              Timing Point                                Flags    Arc    Edge      Cell        Fanout Load Trans Delay Arrival Instance 
#                                                                                                                       (fF)  (ps)  (ps)   (ps)  Location 
#---------------------------------------------------------------------------------------------------------------------------------------------------------
  u_core_gen_pd_row[6].gen_pd_col[5].u_pd/hit_latched_reg/clk              -       -       R     (arrival)            8    -   150     0     250    (-,-) 
  u_core_gen_pd_row[6].gen_pd_col[5].u_pd/hit_latched_reg/q                (u)     clk->q  F     unmapped_d_flop      6 67.2     0  1466    1716    (-,-) 
  u_core_gen_pd_row[6].gen_pd_col[5].u_pd/g1/z                             (u)     in_0->z R     unmapped_not         1 10.9     0    63    1779    (-,-) 
  u_core_gen_pd_row[6].gen_pd_col[5].u_pd/RC_CG_HIER_INST26/RC_CGIC_INST/E -       -       R     LSGCPHDX0            1    -     -     0    1779    (-,-) 
#---------------------------------------------------------------------------------------------------------------------------------------------------------

(u) : Net has unmapped pin(s).



Path 16: VIOLATED (-2033 ps) Clock Gating Setup Check at cgic pin u_core_gen_pd_row[6].gen_pd_col[6].u_pd/RC_CG_HIER_INST26/RC_CGIC_INST/E
           View: wc_view
          Group: cg_enable_group_clk_osc_fast_tap6
     Startpoint: (R) u_core_gen_pd_row[6].gen_pd_col[6].u_pd/hit_latched_reg/clk
          Clock: (R) clk_osc_fast_tap6
       Endpoint: (R) u_core_gen_pd_row[6].gen_pd_col[6].u_pd/RC_CG_HIER_INST26/RC_CGIC_INST/E
          Clock: (R) clk_osc_fast_tap6

                     Capture       Launch     
        Clock Edge:+    1200          300     
       Src Latency:+       0            0     
       Net Latency:+       0 (I)        0 (I) 
           Arrival:=    1200          300     
                                              
  Gate Check Setup:-    1354                  
       Uncertainty:-      50                  
     Required Time:=    -204                  
      Launch Clock:-     300                  
         Data Path:-    1529                  
             Slack:=   -2033                  

#---------------------------------------------------------------------------------------------------------------------------------------------------------
#                              Timing Point                                Flags    Arc    Edge      Cell        Fanout Load Trans Delay Arrival Instance 
#                                                                                                                       (fF)  (ps)  (ps)   (ps)  Location 
#---------------------------------------------------------------------------------------------------------------------------------------------------------
  u_core_gen_pd_row[6].gen_pd_col[6].u_pd/hit_latched_reg/clk              -       -       R     (arrival)            8    -   150     0     300    (-,-) 
  u_core_gen_pd_row[6].gen_pd_col[6].u_pd/hit_latched_reg/q                (u)     clk->q  F     unmapped_d_flop      6 67.2     0  1466    1766    (-,-) 
  u_core_gen_pd_row[6].gen_pd_col[6].u_pd/g1/z                             (u)     in_0->z R     unmapped_not         1 10.9     0    63    1829    (-,-) 
  u_core_gen_pd_row[6].gen_pd_col[6].u_pd/RC_CG_HIER_INST26/RC_CGIC_INST/E -       -       R     LSGCPHDX0            1    -     -     0    1829    (-,-) 
#---------------------------------------------------------------------------------------------------------------------------------------------------------

(u) : Net has unmapped pin(s).



Path 17: VIOLATED (-2033 ps) Clock Gating Setup Check at cgic pin u_core_gen_pd_row[7].gen_pd_col[3].u_pd/RC_CG_HIER_INST26/RC_CGIC_INST/E
           View: wc_view
          Group: cg_enable_group_clk_osc_fast_tap3
     Startpoint: (R) u_core_gen_pd_row[7].gen_pd_col[3].u_pd/hit_latched_reg/clk
          Clock: (R) clk_osc_fast_tap3
       Endpoint: (R) u_core_gen_pd_row[7].gen_pd_col[3].u_pd/RC_CG_HIER_INST26/RC_CGIC_INST/E
          Clock: (R) clk_osc_fast_tap3

                     Capture       Launch     
        Clock Edge:+    1050          150     
       Src Latency:+       0            0     
       Net Latency:+       0 (I)        0 (I) 
           Arrival:=    1050          150     
                                              
  Gate Check Setup:-    1354                  
       Uncertainty:-      50                  
     Required Time:=    -354                  
      Launch Clock:-     150                  
         Data Path:-    1529                  
             Slack:=   -2033                  

#---------------------------------------------------------------------------------------------------------------------------------------------------------
#                              Timing Point                                Flags    Arc    Edge      Cell        Fanout Load Trans Delay Arrival Instance 
#                                                                                                                       (fF)  (ps)  (ps)   (ps)  Location 
#---------------------------------------------------------------------------------------------------------------------------------------------------------
  u_core_gen_pd_row[7].gen_pd_col[3].u_pd/hit_latched_reg/clk              -       -       R     (arrival)            8    -   150     0     150    (-,-) 
  u_core_gen_pd_row[7].gen_pd_col[3].u_pd/hit_latched_reg/q                (u)     clk->q  F     unmapped_d_flop      6 67.2     0  1466    1616    (-,-) 
  u_core_gen_pd_row[7].gen_pd_col[3].u_pd/g1/z                             (u)     in_0->z R     unmapped_not         1 10.9     0    63    1679    (-,-) 
  u_core_gen_pd_row[7].gen_pd_col[3].u_pd/RC_CG_HIER_INST26/RC_CGIC_INST/E -       -       R     LSGCPHDX0            1    -     -     0    1679    (-,-) 
#---------------------------------------------------------------------------------------------------------------------------------------------------------

(u) : Net has unmapped pin(s).



Path 18: VIOLATED (-2033 ps) Clock Gating Setup Check at cgic pin u_core_gen_pd_row[7].gen_pd_col[4].u_pd/RC_CG_HIER_INST26/RC_CGIC_INST/E
           View: wc_view
          Group: cg_enable_group_clk_osc_fast_tap4
     Startpoint: (R) u_core_gen_pd_row[7].gen_pd_col[4].u_pd/hit_latched_reg/clk
          Clock: (R) clk_osc_fast_tap4
       Endpoint: (R) u_core_gen_pd_row[7].gen_pd_col[4].u_pd/RC_CG_HIER_INST26/RC_CGIC_INST/E
          Clock: (R) clk_osc_fast_tap4

                     Capture       Launch     
        Clock Edge:+    1100          200     
       Src Latency:+       0            0     
       Net Latency:+       0 (I)        0 (I) 
           Arrival:=    1100          200     
                                              
  Gate Check Setup:-    1354                  
       Uncertainty:-      50                  
     Required Time:=    -304                  
      Launch Clock:-     200                  
         Data Path:-    1529                  
             Slack:=   -2033                  

#---------------------------------------------------------------------------------------------------------------------------------------------------------
#                              Timing Point                                Flags    Arc    Edge      Cell        Fanout Load Trans Delay Arrival Instance 
#                                                                                                                       (fF)  (ps)  (ps)   (ps)  Location 
#---------------------------------------------------------------------------------------------------------------------------------------------------------
  u_core_gen_pd_row[7].gen_pd_col[4].u_pd/hit_latched_reg/clk              -       -       R     (arrival)            8    -   150     0     200    (-,-) 
  u_core_gen_pd_row[7].gen_pd_col[4].u_pd/hit_latched_reg/q                (u)     clk->q  F     unmapped_d_flop      6 67.2     0  1466    1666    (-,-) 
  u_core_gen_pd_row[7].gen_pd_col[4].u_pd/g1/z                             (u)     in_0->z R     unmapped_not         1 10.9     0    63    1729    (-,-) 
  u_core_gen_pd_row[7].gen_pd_col[4].u_pd/RC_CG_HIER_INST26/RC_CGIC_INST/E -       -       R     LSGCPHDX0            1    -     -     0    1729    (-,-) 
#---------------------------------------------------------------------------------------------------------------------------------------------------------

(u) : Net has unmapped pin(s).



Path 19: VIOLATED (-2033 ps) Clock Gating Setup Check at cgic pin u_core_gen_pd_row[7].gen_pd_col[5].u_pd/RC_CG_HIER_INST26/RC_CGIC_INST/E
           View: wc_view
          Group: cg_enable_group_clk_osc_fast_tap5
     Startpoint: (R) u_core_gen_pd_row[7].gen_pd_col[5].u_pd/hit_latched_reg/clk
          Clock: (R) clk_osc_fast_tap5
       Endpoint: (R) u_core_gen_pd_row[7].gen_pd_col[5].u_pd/RC_CG_HIER_INST26/RC_CGIC_INST/E
          Clock: (R) clk_osc_fast_tap5

                     Capture       Launch     
        Clock Edge:+    1150          250     
       Src Latency:+       0            0     
       Net Latency:+       0 (I)        0 (I) 
           Arrival:=    1150          250     
                                              
  Gate Check Setup:-    1354                  
       Uncertainty:-      50                  
     Required Time:=    -254                  
      Launch Clock:-     250                  
         Data Path:-    1529                  
             Slack:=   -2033                  

#---------------------------------------------------------------------------------------------------------------------------------------------------------
#                              Timing Point                                Flags    Arc    Edge      Cell        Fanout Load Trans Delay Arrival Instance 
#                                                                                                                       (fF)  (ps)  (ps)   (ps)  Location 
#---------------------------------------------------------------------------------------------------------------------------------------------------------
  u_core_gen_pd_row[7].gen_pd_col[5].u_pd/hit_latched_reg/clk              -       -       R     (arrival)            8    -   150     0     250    (-,-) 
  u_core_gen_pd_row[7].gen_pd_col[5].u_pd/hit_latched_reg/q                (u)     clk->q  F     unmapped_d_flop      6 67.2     0  1466    1716    (-,-) 
  u_core_gen_pd_row[7].gen_pd_col[5].u_pd/g1/z                             (u)     in_0->z R     unmapped_not         1 10.9     0    63    1779    (-,-) 
  u_core_gen_pd_row[7].gen_pd_col[5].u_pd/RC_CG_HIER_INST26/RC_CGIC_INST/E -       -       R     LSGCPHDX0            1    -     -     0    1779    (-,-) 
#---------------------------------------------------------------------------------------------------------------------------------------------------------

(u) : Net has unmapped pin(s).



Path 20: VIOLATED (-2033 ps) Clock Gating Setup Check at cgic pin u_core_gen_pd_row[7].gen_pd_col[6].u_pd/RC_CG_HIER_INST26/RC_CGIC_INST/E
           View: wc_view
          Group: cg_enable_group_clk_osc_fast_tap6
     Startpoint: (R) u_core_gen_pd_row[7].gen_pd_col[6].u_pd/hit_latched_reg/clk
          Clock: (R) clk_osc_fast_tap6
       Endpoint: (R) u_core_gen_pd_row[7].gen_pd_col[6].u_pd/RC_CG_HIER_INST26/RC_CGIC_INST/E
          Clock: (R) clk_osc_fast_tap6

                     Capture       Launch     
        Clock Edge:+    1200          300     
       Src Latency:+       0            0     
       Net Latency:+       0 (I)        0 (I) 
           Arrival:=    1200          300     
                                              
  Gate Check Setup:-    1354                  
       Uncertainty:-      50                  
     Required Time:=    -204                  
      Launch Clock:-     300                  
         Data Path:-    1529                  
             Slack:=   -2033                  

#---------------------------------------------------------------------------------------------------------------------------------------------------------
#                              Timing Point                                Flags    Arc    Edge      Cell        Fanout Load Trans Delay Arrival Instance 
#                                                                                                                       (fF)  (ps)  (ps)   (ps)  Location 
#---------------------------------------------------------------------------------------------------------------------------------------------------------
  u_core_gen_pd_row[7].gen_pd_col[6].u_pd/hit_latched_reg/clk              -       -       R     (arrival)            8    -   150     0     300    (-,-) 
  u_core_gen_pd_row[7].gen_pd_col[6].u_pd/hit_latched_reg/q                (u)     clk->q  F     unmapped_d_flop      6 67.2     0  1466    1766    (-,-) 
  u_core_gen_pd_row[7].gen_pd_col[6].u_pd/g1/z                             (u)     in_0->z R     unmapped_not         1 10.9     0    63    1829    (-,-) 
  u_core_gen_pd_row[7].gen_pd_col[6].u_pd/RC_CG_HIER_INST26/RC_CGIC_INST/E -       -       R     LSGCPHDX0            1    -     -     0    1829    (-,-) 
#---------------------------------------------------------------------------------------------------------------------------------------------------------

(u) : Net has unmapped pin(s).


