============================================================
  Generated by:           Genus(TM) Synthesis Solution 22.13-s093_1
  Generated on:           Jun 02 2026  01:34:49 pm
  Module:                 mptdc_top_asic
  Operating conditions:   slow_1_62V_125C 
  Interconnect mode:      global
  Area mode:              physical library
============================================================

Timing
--------

Analysis view       Clock       Period 
---------------------------------------
wc_view       clk_osc_fast       900.0 
              clk_osc_fast_tap1  900.0 
              clk_osc_fast_tap2  900.0 
              clk_osc_fast_tap3  900.0 
              clk_osc_fast_tap4  900.0 
              clk_osc_fast_tap5  900.0 
              clk_osc_fast_tap6  900.0 
              clk_osc_fast_tap7  900.0 
              clk_osc_slow      1000.0 
              clk_osc_slow_tap1 1000.0 
              clk_osc_slow_tap2 1000.0 
              clk_osc_slow_tap3 1000.0 
              clk_osc_slow_tap4 1000.0 
              clk_osc_slow_tap5 1000.0 
              clk_osc_slow_tap6 1000.0 
              clk_osc_slow_tap7 1000.0 
              clk_sys           6250.0 


Analysis                Cost                Critical             Violating 
  View                 Group               Path Slack    TNS       Paths   
---------------------------------------------------------------------------
wc_view       cg_enable_group_clk_osc_fast    -1807.6  -14460.8          8 
         cg_enable_group_clk_osc_fast_tap1    -1807.6  -14460.8          8 
         cg_enable_group_clk_osc_fast_tap2    -1807.6  -14460.8          8 
         cg_enable_group_clk_osc_fast_tap3    -1807.6  -14460.8          8 
         cg_enable_group_clk_osc_fast_tap4    -1807.6  -14460.8          8 
         cg_enable_group_clk_osc_fast_tap5    -1807.6  -14457.2          8 
         cg_enable_group_clk_osc_fast_tap6    -1807.6  -14460.8          8 
         cg_enable_group_clk_osc_fast_tap7    -1807.6  -14460.8          8 
                   cg_enable_group_clk_sys     -792.1   -3350.8          5 
                              clk_osc_fast    -1465.8  -95456.1         80 
                         clk_osc_fast_tap1    -1449.4  -92235.7         79 
                         clk_osc_fast_tap2    -1484.5  -93055.8         79 
                         clk_osc_fast_tap3    -1449.4  -92235.7         79 
                         clk_osc_fast_tap4    -1449.4  -92235.7         79 
                         clk_osc_fast_tap5    -1485.8  -94829.2         79 
                         clk_osc_fast_tap6    -1449.4  -92235.7         79 
                         clk_osc_fast_tap7    -1449.4  -92235.7         79 
                              clk_osc_slow     -781.9  -46324.1         64 
                         clk_osc_slow_tap1   No paths       0.0          0 
                         clk_osc_slow_tap2   No paths       0.0          0 
                         clk_osc_slow_tap3   No paths       0.0          0 
                         clk_osc_slow_tap4   No paths       0.0          0 
                         clk_osc_slow_tap5   No paths       0.0          0 
                         clk_osc_slow_tap6   No paths       0.0          0 
                         clk_osc_slow_tap7   No paths       0.0          0 
                                   clk_sys    -1066.7  -27463.7        107 
                                   default   No paths       0.0          0 
---------------------------------------------------------------------------
Total                                                 -937341.0        873 
                                                                           

Instance Count
--------------
Leaf Instance Count             14007 
Physical Instance count             0 
Sequential Instance Count        5924 
Combinational Instance Count     8083 
Hierarchical Instance Count       304 

Area
----
Cell Area                          441625.335
Physical Cell Area                 0.000
Total Cell Area (Cell+Physical)    441625.335
Net Area                           155016.277
Total Area (Cell+Physical+Net)     596641.612

Power
-----
Leakage Power                      6400.162 nW
Dynamic Power                      103556896.556 nW
Total Power                        103563296.718 nW

Number of Clock Gating Logic       224
Max Fanout                         537 (u_core_u_ctx_bank_rc_gclk)
Min Fanout                         0 (local_async_rst_n)
Average Fanout                     2.3
Terms to net ratio                 3.3751
Terms to instance ratio            3.4409
Runtime                            297.6801989999996 seconds
Elapsed Runtime                    290 seconds
Genus peak memory usage            2262.53 
Innovus peak memory usage          no_value 
Hostname                           lyoelectrosrv01.in2p3.fr
