        Initializing DRC engine.
============================================================
  Generated by:           Genus(TM) Synthesis Solution 22.13-s093_1
  Generated on:           Jun 04 2026  01:45:51 pm
  Module:                 mptdc_top_asic
  Operating conditions:   typ_1_80V_25C 
  Interconnect mode:      global
  Area mode:              physical library
============================================================

Max_transition design rule (violation total = 1120)
Pin                                                               Slew           Max     Violation
----------------------------------------------------------------------------------------------------
g33110/Q                                                           511           500            11
  --> Other violations on net                                              1003
u_core_gen_pd_row[0].gen_pd_col[5].u_pd/drc_bufs472/A              511           500            11
  --> Other violations on net                                              1003
u_core_gen_pd_row[0].gen_pd_col[0].u_pd/g2/B                       511           500            11
  --> Other violations on net                                              1003
u_core_gen_pd_row[0].gen_pd_col[0].u_pd/g447__5122/A               511           500            11
  --> Other violations on net                                              1003
u_core_gen_pd_row[0].gen_pd_col[0].u_pd/g437__5107/S               511           500            11
  --> Other violations on net                                              1003
u_core_gen_pd_row[0].gen_pd_col[0].u_pd/g438__6260/A               511           500            11
  --> Other violations on net                                              1003
u_core_gen_pd_row[1].gen_pd_col[0].u_pd/drc_bufs472/A              511           500            11
  --> Other violations on net                                              1003
u_core_gen_pd_row[1].gen_pd_col[0].u_pd/g447__4319/A               511           500            11
  --> Other violations on net                                              1003
u_core_gen_pd_row[1].gen_pd_col[0].u_pd/g437__9945/S               511           500            11
  --> Other violations on net                                              1003
u_core_gen_pd_row[1].gen_pd_col[0].u_pd/g438__2883/A               511           500            11
  --> Other violations on net                                              1003
u_core_gen_pd_row[2].gen_pd_col[1].u_pd/drc_bufs472/A              511           500            11
  --> Other violations on net                                              1003
u_core_gen_pd_row[2].gen_pd_col[3].u_pd/drc_bufs472/A              511           500            11
  --> Other violations on net                                              1003
u_core_gen_pd_row[2].gen_pd_col[5].u_pd/drc_bufs472/A              511           500            11
  --> Other violations on net                                              1003
u_core_gen_pd_row[2].gen_pd_col[6].u_pd/drc_bufs472/A              511           500            11
  --> Other violations on net                                              1003
u_core_gen_pd_row[2].gen_pd_col[7].u_pd/drc_bufs472/A              511           500            11
  --> Other violations on net                                              1003
u_core_gen_pd_row[3].gen_pd_col[6].u_pd/drc_bufs468/A              511           500            11
  --> Other violations on net                                              1003
u_core_gen_pd_row[4].gen_pd_col[0].u_pd/g2/B                       511           500            11
  --> Other violations on net                                              1003
u_core_gen_pd_row[4].gen_pd_col[0].u_pd/g447__3680/A               511           500            11
  --> Other violations on net                                              1003
u_core_gen_pd_row[4].gen_pd_col[0].u_pd/g437__7410/S               511           500            11
  --> Other violations on net                                              1003
u_core_gen_pd_row[4].gen_pd_col[0].u_pd/g438__6417/A               511           500            11
  --> Other violations on net                                              1003
u_core_gen_pd_row[5].gen_pd_col[3].u_pd/drc_bufs472/A              511           500            11
  --> Other violations on net                                              1003
u_core_gen_pd_row[5].gen_pd_col[4].u_pd/drc_bufs472/A              511           500            11
  --> Other violations on net                                              1003
u_core_gen_pd_row[6].gen_pd_col[4].u_pd/drc_bufs472/A              511           500            11
  --> Other violations on net                                              1003
u_core_gen_pd_row[7].gen_pd_col[2].u_pd/drc_bufs472/A              511           500            11
  --> Other violations on net                                              1003
u_core_gen_pd_row[7].gen_pd_col[3].u_pd/drc_bufs472/A              511           500            11
  --> Other violations on net                                              1003
u_core_gen_pd_row[7].gen_pd_col[6].u_pd/drc_bufs472/A              511           500            11
  --> Other violations on net                                              1003
u_core_gen_pd_row[7].gen_pd_col[7].u_pd/drc_bufs472/A              511           500            11
  --> Other violations on net                                              1003
u_core_gen_pd_row[7].gen_pd_col[0].u_pd/drc_bufs472/A              511           500            11
  --> Other violations on net                                              1003
u_core_gen_pd_row[7].gen_pd_col[0].u_pd/g447__5122/A               511           500            11
  --> Other violations on net                                              1003
u_core_gen_pd_row[7].gen_pd_col[0].u_pd/g437__5107/S               511           500            11
  --> Other violations on net                                              1003
u_core_gen_pd_row[7].gen_pd_col[0].u_pd/g438__6260/A               511           500            11
  --> Other violations on net                                              1003
u_core_gen_pd_row[6].gen_pd_col[2].u_pd/drc_bufs472/A              511           500            11
  --> Other violations on net                                              1003
u_core_gen_pd_row[6].gen_pd_col[1].u_pd/drc_bufs472/A              511           500            11
  --> Other violations on net                                              1003
u_core_gen_pd_row[6].gen_pd_col[0].u_pd/g2/B                       511           500            11
  --> Other violations on net                                              1003
u_core_gen_pd_row[6].gen_pd_col[0].u_pd/g447__6161/A               511           500            11
  --> Other violations on net                                              1003
u_core_gen_pd_row[6].gen_pd_col[0].u_pd/g437__2802/S               511           500            11
  --> Other violations on net                                              1003
u_core_gen_pd_row[6].gen_pd_col[0].u_pd/g438__1705/A               511           500            11
  --> Other violations on net                                              1003
u_core_gen_pd_row[4].gen_pd_col[4].u_pd/drc_bufs472/A              511           500            11
  --> Other violations on net                                              1003
u_core_gen_pd_row[4].gen_pd_col[3].u_pd/drc_bufs472/A              511           500            11
  --> Other violations on net                                              1003
u_core_gen_pd_row[4].gen_pd_col[2].u_pd/drc_bufs472/A              511           500            11
  --> Other violations on net                                              1003
u_core_gen_pd_row[4].gen_pd_col[1].u_pd/drc_bufs472/A              511           500            11
  --> Other violations on net                                              1003
u_core_gen_pd_row[3].gen_pd_col[2].u_pd/drc_bufs472/A              511           500            11
  --> Other violations on net                                              1003
u_core_gen_pd_row[3].gen_pd_col[1].u_pd/drc_bufs472/A              511           500            11
  --> Other violations on net                                              1003
u_core_gen_pd_row[2].gen_pd_col[0].u_pd/drc_bufs472/A              511           500            11
  --> Other violations on net                                              1003
u_core_gen_pd_row[2].gen_pd_col[0].u_pd/g447__2346/A               511           500            11
  --> Other violations on net                                              1003
u_core_gen_pd_row[2].gen_pd_col[0].u_pd/g437__7098/S               511           500            11
  --> Other violations on net                                              1003
u_core_gen_pd_row[2].gen_pd_col[0].u_pd/g438__6131/A               511           500            11
  --> Other violations on net                                              1003
u_core_gen_pd_row[1].gen_pd_col[7].u_pd/drc_bufs472/A              511           500            11
  --> Other violations on net                                              1003
u_core_gen_pd_row[0].gen_pd_col[4].u_pd/drc_bufs472/A              511           500            11
  --> Other violations on net                                              1003
u_core_gen_pd_row[0].gen_pd_col[1].u_pd/drc_bufs472/A              511           500            11
  --> Other violations on net                                              1003
u_core_gen_pd_row[0].gen_pd_col[3].u_pd/drc_bufs472/A              511           500            11
  --> Other violations on net                                              1003
u_core_gen_pd_row[0].gen_pd_col[7].u_pd/drc_bufs472/A              511           500            11
  --> Other violations on net                                              1003
u_core_gen_pd_row[0].gen_pd_col[2].u_pd/drc_bufs472/A              511           500            11
  --> Other violations on net                                              1003
u_core_gen_pd_row[1].gen_pd_col[1].u_pd/drc_bufs472/A              511           500            11
  --> Other violations on net                                              1003
u_core_gen_pd_row[1].gen_pd_col[3].u_pd/drc_bufs472/A              511           500            11
  --> Other violations on net                                              1003
u_core_gen_pd_row[1].gen_pd_col[6].u_pd/drc_bufs472/A              511           500            11
  --> Other violations on net                                              1003
u_core_gen_pd_row[3].gen_pd_col[5].u_pd/drc_bufs472/A              511           500            11
  --> Other violations on net                                              1003
u_core_gen_pd_row[4].gen_pd_col[5].u_pd/drc_bufs472/A              511           500            11
  --> Other violations on net                                              1003
u_core_gen_pd_row[4].gen_pd_col[7].u_pd/drc_bufs472/A              511           500            11
  --> Other violations on net                                              1003
u_core_gen_pd_row[5].gen_pd_col[0].u_pd/g2/B                       511           500            11
  --> Other violations on net                                              1003
u_core_gen_pd_row[5].gen_pd_col[0].u_pd/g447__5477/A               511           500            11
  --> Other violations on net                                              1003
u_core_gen_pd_row[5].gen_pd_col[0].u_pd/g437__7482/S               511           500            11
  --> Other violations on net                                              1003
u_core_gen_pd_row[5].gen_pd_col[0].u_pd/g438__4733/A               511           500            11
  --> Other violations on net                                              1003
u_core_gen_pd_row[5].gen_pd_col[1].u_pd/drc_bufs472/A              511           500            11
  --> Other violations on net                                              1003
u_core_gen_pd_row[5].gen_pd_col[5].u_pd/drc_bufs472/A              511           500            11
  --> Other violations on net                                              1003
u_core_gen_pd_row[5].gen_pd_col[6].u_pd/drc_bufs472/A              511           500            11
  --> Other violations on net                                              1003
u_core_gen_pd_row[5].gen_pd_col[7].u_pd/drc_bufs472/A              511           500            11
  --> Other violations on net                                              1003
u_core_gen_pd_row[7].gen_pd_col[1].u_pd/drc_bufs472/A              511           500            11
  --> Other violations on net                                              1003
u_core_gen_pd_row[7].gen_pd_col[4].u_pd/drc_bufs472/A              511           500            11
  --> Other violations on net                                              1003
u_core_gen_pd_row[7].gen_pd_col[5].u_pd/drc_bufs472/A              511           500            11
  --> Other violations on net                                              1003
u_core_gen_pd_row[6].gen_pd_col[7].u_pd/drc_bufs472/A              511           500            11
  --> Other violations on net                                              1003
u_core_gen_pd_row[6].gen_pd_col[6].u_pd/drc_bufs472/A              511           500            11
  --> Other violations on net                                              1003
u_core_gen_pd_row[6].gen_pd_col[5].u_pd/drc_bufs472/A              511           500            11
  --> Other violations on net                                              1003
u_core_gen_pd_row[6].gen_pd_col[3].u_pd/drc_bufs472/A              511           500            11
  --> Other violations on net                                              1003
u_core_gen_pd_row[5].gen_pd_col[2].u_pd/drc_bufs472/A              511           500            11
  --> Other violations on net                                              1003
u_core_gen_pd_row[4].gen_pd_col[6].u_pd/drc_bufs472/A              511           500            11
  --> Other violations on net                                              1003
u_core_gen_pd_row[3].gen_pd_col[7].u_pd/drc_bufs472/A              511           500            11
  --> Other violations on net                                              1003
u_core_gen_pd_row[3].gen_pd_col[4].u_pd/drc_bufs472/A              511           500            11
  --> Other violations on net                                              1003
u_core_gen_pd_row[3].gen_pd_col[3].u_pd/drc_bufs472/A              511           500            11
  --> Other violations on net                                              1003
u_core_gen_pd_row[3].gen_pd_col[0].u_pd/g2/B                       511           500            11
  --> Other violations on net                                              1003
u_core_gen_pd_row[3].gen_pd_col[0].u_pd/g447__1881/A               511           500            11
  --> Other violations on net                                              1003
u_core_gen_pd_row[3].gen_pd_col[0].u_pd/g437__5526/S               511           500            11
  --> Other violations on net                                              1003
u_core_gen_pd_row[3].gen_pd_col[0].u_pd/g438__6783/A               511           500            11
  --> Other violations on net                                              1003
u_core_gen_pd_row[2].gen_pd_col[4].u_pd/drc_bufs472/A              511           500            11
  --> Other violations on net                                              1003
u_core_gen_pd_row[2].gen_pd_col[2].u_pd/drc_bufs472/A              511           500            11
  --> Other violations on net                                              1003
u_core_gen_pd_row[1].gen_pd_col[5].u_pd/drc_bufs472/A              511           500            11
  --> Other violations on net                                              1003
u_core_gen_pd_row[1].gen_pd_col[4].u_pd/drc_bufs472/A              511           500            11
  --> Other violations on net                                              1003
u_core_gen_pd_row[0].gen_pd_col[6].u_pd/drc_bufs472/A              511           500            11
  --> Other violations on net                                              1003
u_core_gen_pd_row[1].gen_pd_col[2].u_pd/drc_bufs472/A              511           500            11
  --> Other violations on net                                              1003
drc_bufs45818/Q                                                    501           500             1
  --> Other violations on net                                              83
u_core_gen_pd_row[0].gen_pd_col[1].u_pd/g448__7410/B               501           500             1
  --> Other violations on net                                              83
u_core_gen_pd_row[0].gen_pd_col[0].u_pd/g448__8246/B               501           500             1
  --> Other violations on net                                              83
u_core_gen_pd_row[0].gen_pd_col[2].u_pd/g448__1705/B               501           500             1
  --> Other violations on net                                              83
u_core_gen_pd_row[0].gen_pd_col[3].u_pd/g448__2346/B               501           500             1
  --> Other violations on net                                              83
u_core_gen_pd_row[0].gen_pd_col[4].u_pd/g448__1617/B               501           500             1
  --> Other violations on net                                              83
u_core_gen_pd_row[0].gen_pd_col[5].u_pd/g448__9945/B               501           500             1
  --> Other violations on net                                              83
u_core_gen_pd_row[0].gen_pd_col[6].u_pd/g448__6783/B               501           500             1
  --> Other violations on net                                              83
u_core_gen_pd_row[0].gen_pd_col[7].u_pd/g448__6161/B               501           500             1
  --> Other violations on net                                              83
u_core_gen_pd_row[1].gen_pd_col[0].u_pd/g448__8428/B               501           500             1
  --> Other violations on net                                              83
u_core_gen_pd_row[1].gen_pd_col[1].u_pd/g448__7482/B               501           500             1
  --> Other violations on net                                              83
u_core_gen_pd_row[1].gen_pd_col[2].u_pd/g448__6260/B               501           500             1
  --> Other violations on net                                              83
u_core_gen_pd_row[1].gen_pd_col[3].u_pd/g448__1881/B               501           500             1
  --> Other violations on net                                              83
u_core_gen_pd_row[1].gen_pd_col[4].u_pd/g448__2398/B               501           500             1
  --> Other violations on net                                              83
u_core_gen_pd_row[1].gen_pd_col[5].u_pd/g448__7098/B               501           500             1
  --> Other violations on net                                              83
u_core_gen_pd_row[1].gen_pd_col[6].u_pd/g448__6417/B               501           500             1
  --> Other violations on net                                              83
u_core_gen_pd_row[1].gen_pd_col[7].u_pd/g448__5122/B               501           500             1
  --> Other violations on net                                              83
u_core_gen_pd_row[2].gen_pd_col[0].u_pd/g448__1666/B               501           500             1
  --> Other violations on net                                              83
u_core_gen_pd_row[2].gen_pd_col[1].u_pd/g448__2802/B               501           500             1
  --> Other violations on net                                              83
u_core_gen_pd_row[2].gen_pd_col[2].u_pd/g448__2883/B               501           500             1
  --> Other violations on net                                              83
u_core_gen_pd_row[2].gen_pd_col[3].u_pd/g448__3680/B               501           500             1
  --> Other violations on net                                              83
u_core_gen_pd_row[2].gen_pd_col[4].u_pd/g448__9315/B               501           500             1
  --> Other violations on net                                              83
u_core_gen_pd_row[2].gen_pd_col[5].u_pd/g448__5526/B               501           500             1
  --> Other violations on net                                              83
u_core_gen_pd_row[2].gen_pd_col[6].u_pd/g448__4733/B               501           500             1
  --> Other violations on net                                              83
u_core_gen_pd_row[2].gen_pd_col[7].u_pd/g448__4319/B               501           500             1
  --> Other violations on net                                              83
u_core_gen_pd_row[3].gen_pd_col[0].u_pd/g448__5115/B               501           500             1
  --> Other violations on net                                              83
u_core_gen_pd_row[3].gen_pd_col[1].u_pd/g448__5107/B               501           500             1
  --> Other violations on net                                              83
u_core_gen_pd_row[3].gen_pd_col[2].u_pd/g448__6131/B               501           500             1
  --> Other violations on net                                              83
u_core_gen_pd_row[3].gen_pd_col[3].u_pd/g448__5477/B               501           500             1
  --> Other violations on net                                              83
u_core_gen_pd_row[3].gen_pd_col[4].u_pd/g448__8246/B               501           500             1
  --> Other violations on net                                              83
u_core_gen_pd_row[3].gen_pd_col[5].u_pd/g448__7410/B               501           500             1
  --> Other violations on net                                              83
u_core_gen_pd_row[3].gen_pd_col[6].u_pd/g448__1705/B               501           500             1
  --> Other violations on net                                              83
u_core_gen_pd_row[3].gen_pd_col[7].u_pd/g448__2346/B               501           500             1
  --> Other violations on net                                              83
u_core_gen_pd_row[4].gen_pd_col[0].u_pd/g448__1617/B               501           500             1
  --> Other violations on net                                              83
u_core_gen_pd_row[4].gen_pd_col[1].u_pd/g448__9945/B               501           500             1
  --> Other violations on net                                              83
u_core_gen_pd_row[4].gen_pd_col[2].u_pd/g448__6783/B               501           500             1
  --> Other violations on net                                              83
u_core_gen_pd_row[4].gen_pd_col[3].u_pd/g448__6161/B               501           500             1
  --> Other violations on net                                              83
u_core_gen_pd_row[4].gen_pd_col[4].u_pd/g448__8428/B               501           500             1
  --> Other violations on net                                              83
u_core_gen_pd_row[4].gen_pd_col[5].u_pd/g448__7482/B               501           500             1
  --> Other violations on net                                              83
u_core_gen_pd_row[4].gen_pd_col[6].u_pd/g448__6260/B               501           500             1
  --> Other violations on net                                              83
u_core_gen_pd_row[4].gen_pd_col[7].u_pd/g448__1881/B               501           500             1
  --> Other violations on net                                              83
u_core_gen_pd_row[5].gen_pd_col[0].u_pd/g448__2398/B               501           500             1
  --> Other violations on net                                              83
u_core_gen_pd_row[5].gen_pd_col[1].u_pd/g448__7098/B               501           500             1
  --> Other violations on net                                              83
u_core_gen_pd_row[5].gen_pd_col[2].u_pd/g448__6417/B               501           500             1
  --> Other violations on net                                              83
u_core_gen_pd_row[5].gen_pd_col[3].u_pd/g448__5122/B               501           500             1
  --> Other violations on net                                              83
u_core_gen_pd_row[5].gen_pd_col[4].u_pd/g448__1666/B               501           500             1
  --> Other violations on net                                              83
u_core_gen_pd_row[5].gen_pd_col[5].u_pd/g448__2802/B               501           500             1
  --> Other violations on net                                              83
u_core_gen_pd_row[5].gen_pd_col[6].u_pd/g448__2883/B               501           500             1
  --> Other violations on net                                              83
u_core_gen_pd_row[5].gen_pd_col[7].u_pd/g448__3680/B               501           500             1
  --> Other violations on net                                              83
u_core_gen_pd_row[6].gen_pd_col[0].u_pd/g448__9315/B               501           500             1
  --> Other violations on net                                              83
u_core_gen_pd_row[6].gen_pd_col[1].u_pd/g448__5526/B               501           500             1
  --> Other violations on net                                              83
u_core_gen_pd_row[6].gen_pd_col[2].u_pd/g448__4733/B               501           500             1
  --> Other violations on net                                              83
u_core_gen_pd_row[6].gen_pd_col[3].u_pd/g448__4319/B               501           500             1
  --> Other violations on net                                              83
u_core_gen_pd_row[6].gen_pd_col[4].u_pd/g448__5115/B               501           500             1
  --> Other violations on net                                              83
u_core_gen_pd_row[6].gen_pd_col[5].u_pd/g448__5107/B               501           500             1
  --> Other violations on net                                              83
u_core_gen_pd_row[6].gen_pd_col[6].u_pd/g448__6131/B               501           500             1
  --> Other violations on net                                              83
u_core_gen_pd_row[6].gen_pd_col[7].u_pd/g448__5477/B               501           500             1
  --> Other violations on net                                              83
u_core_gen_pd_row[7].gen_pd_col[0].u_pd/g448__8246/B               501           500             1
  --> Other violations on net                                              83
u_core_gen_pd_row[7].gen_pd_col[1].u_pd/g448__7410/B               501           500             1
  --> Other violations on net                                              83
u_core_gen_pd_row[7].gen_pd_col[2].u_pd/g448__1705/B               501           500             1
  --> Other violations on net                                              83
u_core_gen_pd_row[7].gen_pd_col[3].u_pd/g448__2346/B               501           500             1
  --> Other violations on net                                              83
u_core_gen_pd_row[7].gen_pd_col[4].u_pd/g448__1617/B               501           500             1
  --> Other violations on net                                              83
u_core_gen_pd_row[7].gen_pd_col[5].u_pd/g448__9945/B               501           500             1
  --> Other violations on net                                              83
u_core_gen_pd_row[7].gen_pd_col[6].u_pd/g448__6783/B               501           500             1
  --> Other violations on net                                              83
u_core_gen_pd_row[7].gen_pd_col[7].u_pd/g448__6161/B               501           500             1
  --> Other violations on net                                              83
u_core_gen_fast_tag_col[6].u_fast_tag_tag_o_reg[1]/D               502           500             2
  --> Other violations on net                                              19
u_core_gen_fast_tag_col[6].u_fast_tag_tag_o_reg[0]/Q               502           500             2
  --> Other violations on net                                              19
u_core_gen_pd_row[5].gen_pd_col[6].u_pd/fopt483/A                  502           500             2
  --> Other violations on net                                              19
u_core_gen_pd_row[2].gen_pd_col[6].u_pd/fopt483/A                  502           500             2
  --> Other violations on net                                              19
u_core_gen_pd_row[1].gen_pd_col[6].u_pd/fopt483/A                  502           500             2
  --> Other violations on net                                              19
u_core_gen_pd_row[4].gen_pd_col[6].u_pd/fopt483/A                  502           500             2
  --> Other violations on net                                              19
u_core_gen_pd_row[7].gen_pd_col[6].u_pd/fopt483/A                  502           500             2
  --> Other violations on net                                              19
u_core_gen_pd_row[3].gen_pd_col[6].u_pd/g26/B                      502           500             2
  --> Other violations on net                                              19
u_core_gen_pd_row[0].gen_pd_col[6].u_pd/fopt483/A                  502           500             2
  --> Other violations on net                                              19
u_core_gen_pd_row[6].gen_pd_col[6].u_pd/fopt483/A                  502           500             2
  --> Other violations on net                                              19


Max_capacitance design rule: no violations.


Max_fanout design rule: no violations.



