Power Unit: W
PDB Frame : /stim#0/frame#0
---------------------------------------------------------------------------------------------------------------------------
Cells Pct_cells     Leakage    Internal   Switching       Total Lvl Instance                                               
---------------------------------------------------------------------------------------------------------------------------
17216   100.00% 9.99453e-08 1.25395e-01 2.90503e-02 1.54445e-01   0 /mptdc_top_asic                                        
   36     0.21% 2.06439e-10 7.84778e-04 1.31223e-04 9.16001e-04   1 /mptdc_top_asic/u_core_gen_pd_row[3].gen_pd_col[6].u_pd
   33     0.19% 1.98820e-10 7.81922e-04 1.32235e-04 9.14157e-04   1 /mptdc_top_asic/u_core_gen_pd_row[1].gen_pd_col[0].u_pd
   33     0.19% 1.98820e-10 7.81922e-04 1.32235e-04 9.14157e-04   1 /mptdc_top_asic/u_core_gen_pd_row[2].gen_pd_col[0].u_pd
   33     0.19% 1.99181e-10 7.81759e-04 1.32235e-04 9.13994e-04   1 /mptdc_top_asic/u_core_gen_pd_row[7].gen_pd_col[0].u_pd
   32     0.19% 1.96700e-10 7.81161e-04 1.31803e-04 9.12964e-04   1 /mptdc_top_asic/u_core_gen_pd_row[0].gen_pd_col[0].u_pd
   32     0.19% 1.96700e-10 7.81024e-04 1.31803e-04 9.12827e-04   1 /mptdc_top_asic/u_core_gen_pd_row[4].gen_pd_col[0].u_pd
   32     0.19% 1.97061e-10 7.80861e-04 1.31803e-04 9.12664e-04   1 /mptdc_top_asic/u_core_gen_pd_row[5].gen_pd_col[0].u_pd
   32     0.19% 1.97061e-10 7.80826e-04 1.31803e-04 9.12629e-04   1 /mptdc_top_asic/u_core_gen_pd_row[6].gen_pd_col[0].u_pd
   34     0.20% 1.83403e-10 7.60068e-04 1.37785e-04 8.97853e-04   1 /mptdc_top_asic/u_core_gen_pd_row[7].gen_pd_col[4].u_pd
   34     0.20% 1.83403e-10 7.60067e-04 1.37173e-04 8.97240e-04   1 /mptdc_top_asic/u_core_gen_pd_row[7].gen_pd_col[2].u_pd
   34     0.20% 1.85734e-10 7.55790e-04 1.38680e-04 8.94470e-04   1 /mptdc_top_asic/u_core_gen_pd_row[2].gen_pd_col[7].u_pd
   34     0.20% 1.85734e-10 7.55790e-04 1.38680e-04 8.94470e-04   1 /mptdc_top_asic/u_core_gen_pd_row[7].gen_pd_col[7].u_pd
   34     0.20% 1.86095e-10 7.55664e-04 1.38680e-04 8.94343e-04   1 /mptdc_top_asic/u_core_gen_pd_row[4].gen_pd_col[7].u_pd
   34     0.20% 1.86095e-10 7.55664e-04 1.38680e-04 8.94343e-04   1 /mptdc_top_asic/u_core_gen_pd_row[5].gen_pd_col[7].u_pd
   34     0.20% 1.86095e-10 7.55638e-04 1.38680e-04 8.94318e-04   1 /mptdc_top_asic/u_core_gen_pd_row[6].gen_pd_col[7].u_pd
   34     0.20% 1.85717e-10 7.56174e-04 1.37841e-04 8.94016e-04   1 /mptdc_top_asic/u_core_gen_pd_row[3].gen_pd_col[7].u_pd
   34     0.20% 1.85852e-10 7.56044e-04 1.37901e-04 8.93946e-04   1 /mptdc_top_asic/u_core_gen_pd_row[3].gen_pd_col[1].u_pd
   34     0.20% 1.85733e-10 7.55799e-04 1.38036e-04 8.93835e-04   1 /mptdc_top_asic/u_core_gen_pd_row[2].gen_pd_col[3].u_pd
   34     0.20% 1.86213e-10 7.55846e-04 1.37901e-04 8.93747e-04   1 /mptdc_top_asic/u_core_gen_pd_row[6].gen_pd_col[1].u_pd
   34     0.20% 1.86094e-10 7.55672e-04 1.38036e-04 8.93709e-04   1 /mptdc_top_asic/u_core_gen_pd_row[4].gen_pd_col[3].u_pd
   34     0.20% 1.86094e-10 7.55672e-04 1.38036e-04 8.93709e-04   1 /mptdc_top_asic/u_core_gen_pd_row[5].gen_pd_col[3].u_pd
   34     0.20% 1.86094e-10 7.55636e-04 1.38036e-04 8.93673e-04   1 /mptdc_top_asic/u_core_gen_pd_row[7].gen_pd_col[3].u_pd
   34     0.20% 1.84035e-10 7.55431e-04 1.38036e-04 8.93467e-04   1 /mptdc_top_asic/u_core_gen_pd_row[3].gen_pd_col[3].u_pd
   34     0.20% 1.84035e-10 7.55431e-04 1.38036e-04 8.93467e-04   1 /mptdc_top_asic/u_core_gen_pd_row[3].gen_pd_col[5].u_pd
   34     0.20% 1.84396e-10 7.55233e-04 1.38036e-04 8.93269e-04   1 /mptdc_top_asic/u_core_gen_pd_row[6].gen_pd_col[3].u_pd
   34     0.20% 1.84396e-10 7.55233e-04 1.38036e-04 8.93269e-04   1 /mptdc_top_asic/u_core_gen_pd_row[6].gen_pd_col[5].u_pd
   34     0.20% 1.86072e-10 7.58524e-04 1.34506e-04 8.93030e-04   1 /mptdc_top_asic/u_core_gen_pd_row[0].gen_pd_col[6].u_pd
   34     0.20% 1.80295e-10 7.56204e-04 1.36753e-04 8.92958e-04   1 /mptdc_top_asic/u_core_gen_pd_row[0].gen_pd_col[4].u_pd
   34     0.20% 1.84411e-10 7.53207e-04 1.39738e-04 8.92946e-04   1 /mptdc_top_asic/u_core_gen_pd_row[2].gen_pd_col[5].u_pd
   34     0.20% 1.84411e-10 7.53207e-04 1.39738e-04 8.92946e-04   1 /mptdc_top_asic/u_core_gen_pd_row[7].gen_pd_col[5].u_pd
   34     0.20% 1.84528e-10 7.53433e-04 1.39461e-04 8.92894e-04   1 /mptdc_top_asic/u_core_gen_pd_row[4].gen_pd_col[1].u_pd
   34     0.20% 1.86072e-10 7.58353e-04 1.34506e-04 8.92859e-04   1 /mptdc_top_asic/u_core_gen_pd_row[1].gen_pd_col[6].u_pd
   34     0.20% 1.86072e-10 7.58353e-04 1.34506e-04 8.92859e-04   1 /mptdc_top_asic/u_core_gen_pd_row[2].gen_pd_col[6].u_pd
   34     0.20% 1.86072e-10 7.58353e-04 1.34506e-04 8.92859e-04   1 /mptdc_top_asic/u_core_gen_pd_row[7].gen_pd_col[6].u_pd
   34     0.20% 1.84528e-10 7.53397e-04 1.39461e-04 8.92858e-04   1 /mptdc_top_asic/u_core_gen_pd_row[2].gen_pd_col[1].u_pd
   34     0.20% 1.84772e-10 7.53081e-04 1.39738e-04 8.92819e-04   1 /mptdc_top_asic/u_core_gen_pd_row[4].gen_pd_col[5].u_pd
   34     0.20% 1.84772e-10 7.53081e-04 1.39738e-04 8.92819e-04   1 /mptdc_top_asic/u_core_gen_pd_row[5].gen_pd_col[5].u_pd
   34     0.20% 1.80295e-10 7.56030e-04 1.36769e-04 8.92799e-04   1 /mptdc_top_asic/u_core_gen_pd_row[2].gen_pd_col[4].u_pd
   34     0.20% 1.80295e-10 7.56030e-04 1.36753e-04 8.92784e-04   1 /mptdc_top_asic/u_core_gen_pd_row[1].gen_pd_col[4].u_pd
   34     0.20% 1.80275e-10 7.55907e-04 1.36863e-04 8.92770e-04   1 /mptdc_top_asic/u_core_gen_pd_row[0].gen_pd_col[5].u_pd
   34     0.20% 1.80275e-10 7.55891e-04 1.36863e-04 8.92754e-04   1 /mptdc_top_asic/u_core_gen_pd_row[0].gen_pd_col[7].u_pd
   34     0.20% 1.86433e-10 7.58226e-04 1.34506e-04 8.92732e-04   1 /mptdc_top_asic/u_core_gen_pd_row[4].gen_pd_col[6].u_pd
   34     0.20% 1.86433e-10 7.58226e-04 1.34506e-04 8.92732e-04   1 /mptdc_top_asic/u_core_gen_pd_row[5].gen_pd_col[6].u_pd
   34     0.20% 1.84889e-10 7.53271e-04 1.39461e-04 8.92732e-04   1 /mptdc_top_asic/u_core_gen_pd_row[5].gen_pd_col[1].u_pd
   34     0.20% 1.86433e-10 7.58190e-04 1.34506e-04 8.92696e-04   1 /mptdc_top_asic/u_core_gen_pd_row[6].gen_pd_col[6].u_pd
   34     0.20% 1.84889e-10 7.53235e-04 1.39461e-04 8.92696e-04   1 /mptdc_top_asic/u_core_gen_pd_row[7].gen_pd_col[1].u_pd
   34     0.20% 1.80656e-10 7.55904e-04 1.36769e-04 8.92673e-04   1 /mptdc_top_asic/u_core_gen_pd_row[4].gen_pd_col[4].u_pd
   34     0.20% 1.80656e-10 7.55904e-04 1.36769e-04 8.92673e-04   1 /mptdc_top_asic/u_core_gen_pd_row[5].gen_pd_col[4].u_pd
   34     0.20% 1.80275e-10 7.55711e-04 1.36863e-04 8.92574e-04   1 /mptdc_top_asic/u_core_gen_pd_row[1].gen_pd_col[5].u_pd
   34     0.20% 1.80275e-10 7.55711e-04 1.36863e-04 8.92574e-04   1 /mptdc_top_asic/u_core_gen_pd_row[1].gen_pd_col[7].u_pd
   34     0.20% 1.80395e-10 7.55799e-04 1.36719e-04 8.92518e-04   1 /mptdc_top_asic/u_core_gen_pd_row[0].gen_pd_col[1].u_pd
   34     0.20% 1.80295e-10 7.56209e-04 1.36141e-04 8.92350e-04   1 /mptdc_top_asic/u_core_gen_pd_row[0].gen_pd_col[2].u_pd
   34     0.20% 1.80395e-10 7.55618e-04 1.36719e-04 8.92338e-04   1 /mptdc_top_asic/u_core_gen_pd_row[1].gen_pd_col[1].u_pd
   34     0.20% 1.80295e-10 7.56074e-04 1.36141e-04 8.92215e-04   1 /mptdc_top_asic/u_core_gen_pd_row[3].gen_pd_col[2].u_pd
   34     0.20% 1.80295e-10 7.56074e-04 1.36141e-04 8.92215e-04   1 /mptdc_top_asic/u_core_gen_pd_row[3].gen_pd_col[4].u_pd
   34     0.20% 1.80295e-10 7.56035e-04 1.36141e-04 8.92176e-04   1 /mptdc_top_asic/u_core_gen_pd_row[1].gen_pd_col[2].u_pd
   34     0.20% 1.80295e-10 7.56035e-04 1.36141e-04 8.92176e-04   1 /mptdc_top_asic/u_core_gen_pd_row[2].gen_pd_col[2].u_pd
   34     0.20% 1.80275e-10 7.55912e-04 1.36204e-04 8.92116e-04   1 /mptdc_top_asic/u_core_gen_pd_row[0].gen_pd_col[3].u_pd
   34     0.20% 1.80656e-10 7.55908e-04 1.36141e-04 8.92049e-04   1 /mptdc_top_asic/u_core_gen_pd_row[4].gen_pd_col[2].u_pd
   34     0.20% 1.80656e-10 7.55908e-04 1.36141e-04 8.92049e-04   1 /mptdc_top_asic/u_core_gen_pd_row[5].gen_pd_col[2].u_pd
   34     0.20% 1.80656e-10 7.55876e-04 1.36141e-04 8.92017e-04   1 /mptdc_top_asic/u_core_gen_pd_row[6].gen_pd_col[2].u_pd
   34     0.20% 1.80656e-10 7.55876e-04 1.36141e-04 8.92017e-04   1 /mptdc_top_asic/u_core_gen_pd_row[6].gen_pd_col[4].u_pd
   34     0.20% 1.80275e-10 7.55716e-04 1.36204e-04 8.91920e-04   1 /mptdc_top_asic/u_core_gen_pd_row[1].gen_pd_col[3].u_pd
   39     0.23% 1.92509e-10 7.41792e-04 1.37483e-04 8.79275e-04   1 /mptdc_top_asic/u_core_gen_pd_row[3].gen_pd_col[0].u_pd
    2     0.01% 2.26280e-11 1.08985e-04 0.00000e+00 1.08985e-04   1 /mptdc_top_asic/u_core_u_rst_fast_sync                 
    6     0.03% 6.02120e-11 7.39519e-05 1.50543e-06 7.54574e-05   1 /mptdc_top_asic/u_core_u_rst_wdt_sync                  
    5     0.03% 5.08280e-11 5.09521e-05 2.14275e-05 7.23797e-05   1 /mptdc_top_asic/u_rst_core_sync                        
    5     0.03% 5.11580e-11 6.17440e-05 1.93778e-06 6.36818e-05   1 /mptdc_top_asic/u_core_u_rst_tx_sync                   
    4     0.02% 4.17860e-11 4.85946e-05 9.85997e-07 4.95806e-05   1 /mptdc_top_asic/u_core_u_rst_drain_sync                
    3     0.02% 3.20330e-11 3.69315e-05 2.96421e-06 3.98957e-05   1 /mptdc_top_asic/u_rst_csr_sync                         
    3     0.02% 3.25730e-11 3.59142e-05 3.91910e-07 3.63062e-05   1 /mptdc_top_asic/u_core_u_rst_fifo_sync                 
    2     0.01% 2.24830e-11 2.35953e-05 0.00000e+00 2.35953e-05   1 /mptdc_top_asic/u_core_u_rst_status_sync               
---------------------------------------------------------------------------------------------------------------------------
