###############################################################
#  Generated by:      Cadence Innovus 22.33-s094_1
#  OS:                Linux x86_64(Host ID lyoelectrosrv01.in2p3.fr)
#  Generated on:      Thu Jun  4 17:14:21 2026
#  Design:            mptdc_top_asic
#  Command:           report_constraint -max_transition -all_violators > /home/validmgr/ksabra/2026_SPAD/SPADMIC/results/innovus/20260604_o10_2_pnr_repair/reports/drv_max_transition.rpt
###############################################################
# format : frame 1 : split 1

Check type : max_transition
---------------------------
     +--------------------------------------------------------------------+ 
     | Pin Name                    | Required | Actual | Slack  | View    | 
     |-----------------------------+----------+--------+--------+---------| 
     | acq_valid_o                 | 0.500    | 4.949  | -4.449 | tc_view | 
     | g33106/Q                    | 0.500    | 4.947  | -4.447 | tc_view | 
     | csr_rvalid_o                | 0.500    | 3.815  | -3.315 | tc_view | 
     | u_csr_csr_rvalid_o_reg/Q    | 0.500    | 3.814  | -3.314 | tc_view | 
     | csr_rdata_o[1]              | 0.500    | 3.657  | -3.157 | tc_view | 
     | u_csr_csr_rdata_o_reg[1]/Q  | 0.500    | 3.656  | -3.156 | tc_view | 
     | csr_rdata_o[5]              | 0.500    | 3.588  | -3.088 | tc_view | 
     | u_csr_csr_rdata_o_reg[5]/Q  | 0.500    | 3.586  | -3.086 | tc_view | 
     | csr_rdata_o[0]              | 0.500    | 3.581  | -3.081 | tc_view | 
     | u_csr_csr_rdata_o_reg[0]/Q  | 0.500    | 3.580  | -3.080 | tc_view | 
     | narrow_data_o[15]           | 0.500    | 3.559  | -3.059 | tc_view | 
     | g83771/Q                    | 0.500    | 3.557  | -3.057 | tc_view | 
     | csr_rdata_o[2]              | 0.500    | 3.545  | -3.045 | tc_view | 
     | u_csr_csr_rdata_o_reg[2]/Q  | 0.500    | 3.544  | -3.044 | tc_view | 
     | csr_rdata_o[3]              | 0.500    | 3.527  | -3.027 | tc_view | 
     | u_csr_csr_rdata_o_reg[3]/Q  | 0.500    | 3.526  | -3.026 | tc_view | 
     | narrow_data_o[9]            | 0.500    | 3.489  | -2.989 | tc_view | 
     | g44921/Q                    | 0.500    | 3.486  | -2.986 | tc_view | 
     | narrow_data_o[7]            | 0.500    | 3.471  | -2.971 | tc_view | 
     | g44923/Q                    | 0.500    | 3.468  | -2.968 | tc_view | 
     | narrow_data_o[8]            | 0.500    | 3.466  | -2.966 | tc_view | 
     | narrow_data_o[12]           | 0.500    | 3.464  | -2.964 | tc_view | 
     | narrow_data_o[11]           | 0.500    | 3.464  | -2.964 | tc_view | 
     | g44922/Q                    | 0.500    | 3.464  | -2.964 | tc_view | 
     | g44915/Q                    | 0.500    | 3.462  | -2.962 | tc_view | 
     | g44913/Q                    | 0.500    | 3.461  | -2.961 | tc_view | 
     | csr_rdata_o[4]              | 0.500    | 3.459  | -2.959 | tc_view | 
     | csr_rdata_o[7]              | 0.500    | 3.458  | -2.958 | tc_view | 
     | u_csr_csr_rdata_o_reg[4]/Q  | 0.500    | 3.458  | -2.958 | tc_view | 
     | u_csr_csr_rdata_o_reg[7]/Q  | 0.500    | 3.457  | -2.957 | tc_view | 
     | csr_rdata_o[11]             | 0.500    | 3.413  | -2.913 | tc_view | 
     | u_csr_csr_rdata_o_reg[11]/Q | 0.500    | 3.412  | -2.912 | tc_view | 
     | csr_rdata_o[6]              | 0.500    | 3.390  | -2.890 | tc_view | 
     | u_csr_csr_rdata_o_reg[6]/Q  | 0.500    | 3.389  | -2.889 | tc_view | 
     | csr_rdata_o[10]             | 0.500    | 3.386  | -2.886 | tc_view | 
     | u_csr_csr_rdata_o_reg[10]/Q | 0.500    | 3.385  | -2.885 | tc_view | 
     | csr_rdata_o[13]             | 0.500    | 3.379  | -2.879 | tc_view | 
     | u_csr_csr_rdata_o_reg[13]/Q | 0.500    | 3.378  | -2.878 | tc_view | 
     | csr_rdata_o[9]              | 0.500    | 3.363  | -2.863 | tc_view | 
     | u_csr_csr_rdata_o_reg[9]/Q  | 0.500    | 3.362  | -2.862 | tc_view | 
     | csr_rdata_o[8]              | 0.500    | 3.348  | -2.848 | tc_view | 
     | u_csr_csr_rdata_o_reg[8]/Q  | 0.500    | 3.347  | -2.847 | tc_view | 
     | acq_data_o[26]              | 0.500    | 3.340  | -2.840 | tc_view | 
     | g10159/Q                    | 0.500    | 3.338  | -2.838 | tc_view | 
     | csr_rdata_o[15]             | 0.500    | 3.332  | -2.832 | tc_view | 
     | u_csr_csr_rdata_o_reg[15]/Q | 0.500    | 3.331  | -2.831 | tc_view | 
     | acq_data_o[22]              | 0.500    | 3.329  | -2.829 | tc_view | 
     | csr_rdata_o[12]             | 0.500    | 3.328  | -2.828 | tc_view | 
     | u_csr_csr_rdata_o_reg[12]/Q | 0.500    | 3.327  | -2.827 | tc_view | 
     | g10166/Q                    | 0.500    | 3.326  | -2.826 | tc_view | 
     | acq_data_o[27]              | 0.500    | 3.322  | -2.822 | tc_view | 
     | g10157/Q                    | 0.500    | 3.320  | -2.820 | tc_view | 
     | csr_rdata_o[14]             | 0.500    | 3.290  | -2.790 | tc_view | 
     | u_csr_csr_rdata_o_reg[14]/Q | 0.500    | 3.289  | -2.789 | tc_view | 
     | acq_data_o[35]              | 0.500    | 3.275  | -2.775 | tc_view | 
     | g10174/Q                    | 0.500    | 3.273  | -2.773 | tc_view | 
     | acq_data_o[24]              | 0.500    | 3.254  | -2.754 | tc_view | 
     | g10163/Q                    | 0.500    | 3.251  | -2.751 | tc_view | 
     | acq_data_o[36]              | 0.500    | 3.235  | -2.735 | tc_view | 
     | g10171/Q                    | 0.500    | 3.233  | -2.733 | tc_view | 
     | csr_rdata_o[19]             | 0.500    | 3.214  | -2.714 | tc_view | 
     | u_csr_csr_rdata_o_reg[19]/Q | 0.500    | 3.214  | -2.714 | tc_view | 
     | csr_rdata_o[21]             | 0.500    | 3.213  | -2.713 | tc_view | 
     | u_csr_csr_rdata_o_reg[21]/Q | 0.500    | 3.213  | -2.713 | tc_view | 
     | acq_data_o[25]              | 0.500    | 3.212  | -2.712 | tc_view | 
     | acq_data_o[23]              | 0.500    | 3.210  | -2.710 | tc_view | 
     | g10162/Q                    | 0.500    | 3.210  | -2.710 | tc_view | 
     | g10164/Q                    | 0.500    | 3.208  | -2.708 | tc_view | 
     | csr_rdata_o[20]             | 0.500    | 3.185  | -2.685 | tc_view | 
     | u_csr_csr_rdata_o_reg[20]/Q | 0.500    | 3.184  | -2.684 | tc_view | 
     | csr_rdata_o[31]             | 0.500    | 3.171  | -2.671 | tc_view | 
     | u_csr_csr_rdata_o_reg[31]/Q | 0.500    | 3.170  | -2.670 | tc_view | 
     | u_csr_csr_rdata_o_reg[18]/Q | 0.500    | 3.135  | -2.635 | tc_view | 
     | csr_rdata_o[18]             | 0.500    | 3.135  | -2.635 | tc_view | 
     | acq_data_o[21]              | 0.500    | 3.118  | -2.618 | tc_view | 
     | g10167/Q                    | 0.500    | 3.117  | -2.617 | tc_view | 
     | u_csr_csr_rdata_o_reg[17]/Q | 0.500    | 3.116  | -2.616 | tc_view | 
     | csr_rdata_o[17]             | 0.500    | 3.116  | -2.616 | tc_view | 
     | acq_data_o[37]              | 0.500    | 3.115  | -2.615 | tc_view | 
     | g10165/Q                    | 0.500    | 3.114  | -2.614 | tc_view | 
     | u_csr_csr_rdata_o_reg[16]/Q | 0.500    | 3.101  | -2.601 | tc_view | 
     | csr_rdata_o[16]             | 0.500    | 3.101  | -2.601 | tc_view | 
     | acq_data_o[38]              | 0.500    | 3.094  | -2.594 | tc_view | 
     | g10161/Q                    | 0.500    | 3.093  | -2.593 | tc_view | 
     | u_csr_csr_rdata_o_reg[22]/Q | 0.500    | 3.071  | -2.571 | tc_view | 
     | csr_rdata_o[22]             | 0.500    | 3.071  | -2.571 | tc_view | 
     | u_csr_csr_rdata_o_reg[29]/Q | 0.500    | 3.065  | -2.565 | tc_view | 
     | csr_rdata_o[29]             | 0.500    | 3.065  | -2.565 | tc_view | 
     | u_csr_csr_rdata_o_reg[30]/Q | 0.500    | 3.047  | -2.547 | tc_view | 
     | csr_rdata_o[30]             | 0.500    | 3.047  | -2.547 | tc_view | 
     | u_csr_csr_rdata_o_reg[23]/Q | 0.500    | 3.037  | -2.537 | tc_view | 
     | csr_rdata_o[23]             | 0.500    | 3.037  | -2.537 | tc_view | 
     | u_csr_csr_rdata_o_reg[28]/Q | 0.500    | 3.009  | -2.509 | tc_view | 
     | csr_rdata_o[28]             | 0.500    | 3.009  | -2.509 | tc_view | 
     | u_csr_csr_rdata_o_reg[24]/Q | 0.500    | 2.995  | -2.495 | tc_view | 
     | csr_rdata_o[24]             | 0.500    | 2.995  | -2.495 | tc_view | 
     | u_csr_csr_rdata_o_reg[26]/Q | 0.500    | 2.984  | -2.484 | tc_view | 
     | csr_rdata_o[26]             | 0.500    | 2.983  | -2.483 | tc_view | 
     | u_csr_csr_rdata_o_reg[25]/Q | 0.500    | 2.924  | -2.424 | tc_view | 
     | csr_rdata_o[25]             | 0.500    | 2.924  | -2.424 | tc_view | 
     | u_csr_csr_rdata_o_reg[27]/Q | 0.500    | 2.912  | -2.412 | tc_view | 
     | csr_rdata_o[27]             | 0.500    | 2.911  | -2.411 | tc_view | 
     | narrow_data_o[13]           | 0.500    | 2.436  | -1.936 | tc_view | 
     | narrow_data_o[6]            | 0.500    | 2.435  | -1.935 | tc_view | 
     | narrow_data_o[14]           | 0.500    | 2.435  | -1.935 | tc_view | 
     | g44942/Q                    | 0.500    | 2.431  | -1.931 | tc_view | 
     | g44960/Q                    | 0.500    | 2.430  | -1.930 | tc_view | 
     | g527/Q                      | 0.500    | 2.430  | -1.930 | tc_view | 
     | narrow_data_o[0]            | 0.500    | 2.424  | -1.924 | tc_view | 
     | narrow_data_o[10]           | 0.500    | 2.423  | -1.923 | tc_view | 
     | g44983/Q                    | 0.500    | 2.420  | -1.920 | tc_view | 
     | narrow_data_o[2]            | 0.500    | 2.419  | -1.919 | tc_view | 
     | g44918/Q                    | 0.500    | 2.417  | -1.917 | tc_view | 
     | g44914/Q                    | 0.500    | 2.414  | -1.914 | tc_view | 
     | narrow_data_o[1]            | 0.500    | 2.408  | -1.908 | tc_view | 
     | g44920/Q                    | 0.500    | 2.403  | -1.903 | tc_view | 
     | narrow_data_o[3]            | 0.500    | 2.396  | -1.896 | tc_view | 
     | g44917/Q                    | 0.500    | 2.390  | -1.890 | tc_view | 
     | narrow_data_o[4]            | 0.500    | 2.385  | -1.885 | tc_view | 
     | g44916/Q                    | 0.500    | 2.380  | -1.880 | tc_view | 
     | narrow_data_o[5]            | 0.500    | 2.373  | -1.873 | tc_view | 
     | g44919/Q                    | 0.500    | 2.367  | -1.867 | tc_view | 
     | g10330/Q                    | 0.500    | 0.655  | -0.155 | tc_view | 
     | g10195/C                    | 0.500    | 0.655  | -0.155 | tc_view | 
     | g10201/B                    | 0.500    | 0.610  | -0.110 | tc_view | 
     | g10291/Q                    | 0.500    | 0.610  | -0.110 | tc_view | 
     | g70705/C                    | 0.500    | 0.558  | -0.058 | tc_view | 
     | g70817/D                    | 0.500    | 0.558  | -0.058 | tc_view | 
     | g70660/A                    | 0.500    | 0.558  | -0.058 | tc_view | 
     | g77475/Q                    | 0.500    | 0.558  | -0.058 | tc_view | 
     | g10195/A                    | 0.500    | 0.546  | -0.046 | tc_view | 
     | FE_OFC1091_n_9510/Q         | 0.500    | 0.546  | -0.046 | tc_view | 
     | g10227/A                    | 0.500    | 0.533  | -0.033 | tc_view | 
     | g10278/Q                    | 0.500    | 0.532  | -0.032 | tc_view | 
     | g10211/A                    | 0.500    | 0.526  | -0.026 | tc_view | 
     | g10268/Q                    | 0.500    | 0.526  | -0.026 | tc_view | 
     | g10197/A                    | 0.500    | 0.521  | -0.021 | tc_view | 
     | FE_OFC1090_n_9509/Q         | 0.500    | 0.520  | -0.020 | tc_view | 
     | g10223/A                    | 0.500    | 0.509  | -0.009 | tc_view | 
     | FE_OFC1075_n_9494/Q         | 0.500    | 0.509  | -0.009 | tc_view | 
     | g10230/A                    | 0.500    | 0.508  | -0.008 | tc_view | 
     | FE_OFC1057_n_9475/Q         | 0.500    | 0.508  | -0.008 | tc_view | 
     | g10196/A                    | 0.500    | 0.504  | -0.004 | tc_view | 
     | FE_OFC1095_n_9515/Q         | 0.500    | 0.504  | -0.004 | tc_view | 
     +--------------------------------------------------------------------+ 
