###############################################################
#  Generated by:      Cadence Innovus 22.33-s094_1
#  OS:                Linux x86_64(Host ID lyoelectrosrv01.in2p3.fr)
#  Generated on:      Tue Sep  1 12:25:31 2026
#  Design:            mptdc_axis_core
#  Command:           verifyConnectivity -type special -nets {VDD VSS} -report /sim/ksabra/SPADMIC_work/innovus/20260901_122444_mptdc_tie1_pg_ro_ring_probe_v2/reports/pg_ro_final_verify_special_detailed.rpt > /sim/ksabra/SPADMIC_work/innovus/20260901_122444_mptdc_tie1_pg_ro_ring_probe_v2/reports/pg_ro_final_verify_special_detailed.console.rpt
###############################################################
Verify Connectivity Report is created on Tue Sep  1 12:25:31 2026



Net VDD: dangling Wire at (47.400, 691.315) (47.400, 691.315) on layer: METTP
Net VDD: dangling Wire at (47.400, 694.185) (47.400, 694.185) on layer: METTP
Net VDD: dangling Wire at (47.400, 187.755) (47.400, 187.755) on layer: METTP
Net VDD: dangling Wire at (47.400, 190.625) (47.400, 190.625) on layer: METTP
Net VSS: dangling Wire at (221.750, 685.160) (221.750, 685.160) on layer: MET3
Net VSS: dangling Wire at (221.750, 205.160) (221.750, 205.160) on layer: MET3
Net VSS: dangling Wire at (48.000, 685.160) (48.000, 685.160) on layer: MET3
Net VSS: dangling Wire at (48.000, 205.160) (48.000, 205.160) on layer: MET3
Net VSS: dangling Wire at (125.160, 233.620) (125.160, 233.620) on layer: METTP
Net VSS: dangling Wire at (125.160, 648.320) (125.160, 648.320) on layer: METTP
Net VSS: dangling Wire at (125.160, 721.750) (125.160, 721.750) on layer: METTP
Net VSS: dangling Wire at (205.160, 158.320) (205.160, 158.320) on layer: METTP
Net VSS: dangling Wire at (125.160, 158.320) (125.160, 158.320) on layer: METTP

Begin Summary
    13 Problem(s) (IMPVFC-94): The net has dangling wire(s).
    13 total info(s) created.
End Summary
