# MPTDC V13 RO Ring / Long-Prune PG Repair
PG_RO_REPAIR_MODE=ring_probe
PROCESS_ISOLATION=ONE_INNOVUS_PROCESS_PER_CANDIDATE
SOURCE_CONTRACT=V13_DRC0_SPECIAL15_EXACT13_LONG_HANDLES
SOURCE_MARKER_FINGERPRINT_POLICY=EXACT_V13_PG15
MATCH_EPS_UM=0.002
EXPECTED_MIN_SOURCE_LENGTH_UM=10.0
RING_MAX_TAIL_UM=20.0
VIA_AREA_HALF_UM=0.400
RO_BLOCK_RING_WIDTH_UM=2.0
RO_BLOCK_RING_SPACING_UM=1.0
RO_BLOCK_RING_OFFSET_UM=2.0
ANTENNA_REPAIR_ATTEMPTED=NO
ROUTE_OPTIMIZER_POLICY=NO_ECOROUTE_NO_ROUTEDESIGN_NO_GLOBAL_OPTIMIZER
PLACEMENT_EDIT_POLICY=NO_INSTANCES_MOVED
PG_MUTATION_SCOPE=TWO_RO_BLOCK_RINGS_EXACT_SOURCE_ENDPOINTS_BOUNDED_VIAS
INITIAL_VERIFY_SPECIAL_REPORT=/sim/ksabra/SPADMIC_work/innovus/20260901_122444_mptdc_tie1_pg_ro_ring_probe_v2/reports/pg_ro_initial_verify_special_detailed.rpt
INITIAL_DANGLING_MARKER_COUNT=15
SOURCE_UNIQUE_HANDLE_COUNT=13
SOURCE_SHARED_HANDLE_COUNT=2
SOURCE_VDD_MARKER_COUNT=6
SOURCE_VSS_MARKER_COUNT=9
SOURCE_MET3_MARKER_COUNT=8
SOURCE_METTP_MARKER_COUNT=7
SOURCE_VDD_NET_HANDLE_COUNT=1
SOURCE_VSS_NET_HANDLE_COUNT=1
SOURCE_VDD_SWIRE_INVENTORY_COUNT=450
SOURCE_VSS_SWIRE_INVENTORY_COUNT=419
SOURCE_VDD_WRAPPED_NESTED_TWO_POINT_COUNT=450
SOURCE_VSS_WRAPPED_NESTED_TWO_POINT_COUNT=419
SOURCE_TOPOLOGY_STATUS=PASS
SOURCE_TOPOLOGY_FAILURES=
SOURCE_MARKER_1_EXACT_COUNT=1
SOURCE_MARKER_1_NEARBY_COUNT=0
SOURCE_MARKER_1_SWIRE_INVENTORY_COUNT=450
SOURCE_MARKER_1_NET_HANDLE_COUNT=1
SOURCE_MARKER_2_EXACT_COUNT=1
SOURCE_MARKER_2_NEARBY_COUNT=0
SOURCE_MARKER_2_SWIRE_INVENTORY_COUNT=450
SOURCE_MARKER_2_NET_HANDLE_COUNT=1
SOURCE_MARKER_3_EXACT_COUNT=1
SOURCE_MARKER_3_NEARBY_COUNT=0
SOURCE_MARKER_3_SWIRE_INVENTORY_COUNT=450
SOURCE_MARKER_3_NET_HANDLE_COUNT=1
SOURCE_MARKER_4_EXACT_COUNT=1
SOURCE_MARKER_4_NEARBY_COUNT=0
SOURCE_MARKER_4_SWIRE_INVENTORY_COUNT=450
SOURCE_MARKER_4_NET_HANDLE_COUNT=1
SOURCE_MARKER_5_EXACT_COUNT=1
SOURCE_MARKER_5_NEARBY_COUNT=0
SOURCE_MARKER_5_SWIRE_INVENTORY_COUNT=450
SOURCE_MARKER_5_NET_HANDLE_COUNT=1
SOURCE_MARKER_6_EXACT_COUNT=1
SOURCE_MARKER_6_NEARBY_COUNT=0
SOURCE_MARKER_6_SWIRE_INVENTORY_COUNT=450
SOURCE_MARKER_6_NET_HANDLE_COUNT=1
SOURCE_MARKER_7_EXACT_COUNT=1
SOURCE_MARKER_7_NEARBY_COUNT=0
SOURCE_MARKER_7_SWIRE_INVENTORY_COUNT=419
SOURCE_MARKER_7_NET_HANDLE_COUNT=1
SOURCE_MARKER_8_EXACT_COUNT=1
SOURCE_MARKER_8_NEARBY_COUNT=0
SOURCE_MARKER_8_SWIRE_INVENTORY_COUNT=419
SOURCE_MARKER_8_NET_HANDLE_COUNT=1
SOURCE_MARKER_9_EXACT_COUNT=1
SOURCE_MARKER_9_NEARBY_COUNT=0
SOURCE_MARKER_9_SWIRE_INVENTORY_COUNT=419
SOURCE_MARKER_9_NET_HANDLE_COUNT=1
SOURCE_MARKER_10_EXACT_COUNT=1
SOURCE_MARKER_10_NEARBY_COUNT=0
SOURCE_MARKER_10_SWIRE_INVENTORY_COUNT=419
SOURCE_MARKER_10_NET_HANDLE_COUNT=1
SOURCE_MARKER_11_EXACT_COUNT=1
SOURCE_MARKER_11_NEARBY_COUNT=0
SOURCE_MARKER_11_SWIRE_INVENTORY_COUNT=419
SOURCE_MARKER_11_NET_HANDLE_COUNT=1
SOURCE_MARKER_12_EXACT_COUNT=1
SOURCE_MARKER_12_NEARBY_COUNT=0
SOURCE_MARKER_12_SWIRE_INVENTORY_COUNT=419
SOURCE_MARKER_12_NET_HANDLE_COUNT=1
SOURCE_MARKER_13_EXACT_COUNT=1
SOURCE_MARKER_13_NEARBY_COUNT=0
SOURCE_MARKER_13_SWIRE_INVENTORY_COUNT=419
SOURCE_MARKER_13_NET_HANDLE_COUNT=1
SOURCE_MARKER_14_EXACT_COUNT=1
SOURCE_MARKER_14_NEARBY_COUNT=0
SOURCE_MARKER_14_SWIRE_INVENTORY_COUNT=419
SOURCE_MARKER_14_NET_HANDLE_COUNT=1
SOURCE_MARKER_15_EXACT_COUNT=1
SOURCE_MARKER_15_NEARBY_COUNT=0
SOURCE_MARKER_15_SWIRE_INVENTORY_COUNT=419
SOURCE_MARKER_15_NET_HANDLE_COUNT=1
SOURCE_HANDLE_1_HANDLE=0x7f5c1e75caa0
SOURCE_HANDLE_1_NET=VDD
SOURCE_HANDLE_1_LAYER=MET3
SOURCE_HANDLE_1_WIDTH=2.0
SOURCE_HANDLE_1_POINTS={16.16 201.16} {48.0 201.16}
SOURCE_HANDLE_1_POINT_ENCODING=WRAPPED_NESTED_TWO_POINT
SOURCE_HANDLE_1_LENGTH_UM=31.84
SOURCE_HANDLE_1_MARKER_REFERENCE_COUNT=1
SOURCE_HANDLE_2_HANDLE=0x7f5c1e75cad0
SOURCE_HANDLE_2_NET=VDD
SOURCE_HANDLE_2_LAYER=MET3
SOURCE_HANDLE_2_WIDTH=2.0
SOURCE_HANDLE_2_POINTS={16.16 681.16} {48.0 681.16}
SOURCE_HANDLE_2_POINT_ENCODING=WRAPPED_NESTED_TWO_POINT
SOURCE_HANDLE_2_LENGTH_UM=31.84
SOURCE_HANDLE_2_MARKER_REFERENCE_COUNT=1
SOURCE_HANDLE_3_HANDLE=0x7f5c1e75cb00
SOURCE_HANDLE_3_NET=VDD
SOURCE_HANDLE_3_LAYER=MET3
SOURCE_HANDLE_3_WIDTH=2.0
SOURCE_HANDLE_3_POINTS={221.75 201.16} {1152.56 201.16}
SOURCE_HANDLE_3_POINT_ENCODING=WRAPPED_NESTED_TWO_POINT
SOURCE_HANDLE_3_LENGTH_UM=930.81
SOURCE_HANDLE_3_MARKER_REFERENCE_COUNT=1
SOURCE_HANDLE_4_HANDLE=0x7f5c1e75cb30
SOURCE_HANDLE_4_NET=VDD
SOURCE_HANDLE_4_LAYER=MET3
SOURCE_HANDLE_4_WIDTH=2.0
SOURCE_HANDLE_4_POINTS={221.75 681.16} {1152.56 681.16}
SOURCE_HANDLE_4_POINT_ENCODING=WRAPPED_NESTED_TWO_POINT
SOURCE_HANDLE_4_LENGTH_UM=930.81
SOURCE_HANDLE_4_MARKER_REFERENCE_COUNT=1
SOURCE_HANDLE_5_HANDLE=0x7f5c1e75ddf0
SOURCE_HANDLE_5_NET=VDD
SOURCE_HANDLE_5_LAYER=METTP
SOURCE_HANDLE_5_WIDTH=2.0
SOURCE_HANDLE_5_POINTS={121.16 233.62} {121.16 648.32}
SOURCE_HANDLE_5_POINT_ENCODING=WRAPPED_NESTED_TWO_POINT
SOURCE_HANDLE_5_LENGTH_UM=414.7
SOURCE_HANDLE_5_MARKER_REFERENCE_COUNT=2
SOURCE_HANDLE_6_HANDLE=0x7f5c03043160
SOURCE_HANDLE_6_NET=VSS
SOURCE_HANDLE_6_LAYER=MET3
SOURCE_HANDLE_6_WIDTH=2.0
SOURCE_HANDLE_6_POINTS={13.16 205.16} {48.0 205.16}
SOURCE_HANDLE_6_POINT_ENCODING=WRAPPED_NESTED_TWO_POINT
SOURCE_HANDLE_6_LENGTH_UM=34.84
SOURCE_HANDLE_6_MARKER_REFERENCE_COUNT=1
SOURCE_HANDLE_7_HANDLE=0x7f5c03043190
SOURCE_HANDLE_7_NET=VSS
SOURCE_HANDLE_7_LAYER=MET3
SOURCE_HANDLE_7_WIDTH=2.0
SOURCE_HANDLE_7_POINTS={13.16 685.16} {48.0 685.16}
SOURCE_HANDLE_7_POINT_ENCODING=WRAPPED_NESTED_TWO_POINT
SOURCE_HANDLE_7_LENGTH_UM=34.84
SOURCE_HANDLE_7_MARKER_REFERENCE_COUNT=1
SOURCE_HANDLE_8_HANDLE=0x7f5c030431c0
SOURCE_HANDLE_8_NET=VSS
SOURCE_HANDLE_8_LAYER=MET3
SOURCE_HANDLE_8_WIDTH=2.0
SOURCE_HANDLE_8_POINTS={221.75 205.16} {1155.56 205.16}
SOURCE_HANDLE_8_POINT_ENCODING=WRAPPED_NESTED_TWO_POINT
SOURCE_HANDLE_8_LENGTH_UM=933.81
SOURCE_HANDLE_8_MARKER_REFERENCE_COUNT=1
SOURCE_HANDLE_9_HANDLE=0x7f5c030431f0
SOURCE_HANDLE_9_NET=VSS
SOURCE_HANDLE_9_LAYER=MET3
SOURCE_HANDLE_9_WIDTH=2.0
SOURCE_HANDLE_9_POINTS={221.75 685.16} {1155.56 685.16}
SOURCE_HANDLE_9_POINT_ENCODING=WRAPPED_NESTED_TWO_POINT
SOURCE_HANDLE_9_LENGTH_UM=933.81
SOURCE_HANDLE_9_MARKER_REFERENCE_COUNT=1
SOURCE_HANDLE_10_HANDLE=0x7f5c03043dc0
SOURCE_HANDLE_10_NET=VSS
SOURCE_HANDLE_10_LAYER=METTP
SOURCE_HANDLE_10_WIDTH=2.0
SOURCE_HANDLE_10_POINTS={125.16 13.16} {125.16 158.32}
SOURCE_HANDLE_10_POINT_ENCODING=WRAPPED_NESTED_TWO_POINT
SOURCE_HANDLE_10_LENGTH_UM=145.16
SOURCE_HANDLE_10_MARKER_REFERENCE_COUNT=1
SOURCE_HANDLE_11_HANDLE=0x7f5c03043e80
SOURCE_HANDLE_11_NET=VSS
SOURCE_HANDLE_11_LAYER=METTP
SOURCE_HANDLE_11_WIDTH=2.0
SOURCE_HANDLE_11_POINTS={125.16 233.62} {125.16 648.32}
SOURCE_HANDLE_11_POINT_ENCODING=WRAPPED_NESTED_TWO_POINT
SOURCE_HANDLE_11_LENGTH_UM=414.7
SOURCE_HANDLE_11_MARKER_REFERENCE_COUNT=2
SOURCE_HANDLE_12_HANDLE=0x7f5c03043e50
SOURCE_HANDLE_12_NET=VSS
SOURCE_HANDLE_12_LAYER=METTP
SOURCE_HANDLE_12_WIDTH=2.0
SOURCE_HANDLE_12_POINTS={125.16 721.75} {125.16 869.4}
SOURCE_HANDLE_12_POINT_ENCODING=WRAPPED_NESTED_TWO_POINT
SOURCE_HANDLE_12_LENGTH_UM=147.65
SOURCE_HANDLE_12_MARKER_REFERENCE_COUNT=1
SOURCE_HANDLE_13_HANDLE=0x7f5c03043df0
SOURCE_HANDLE_13_NET=VSS
SOURCE_HANDLE_13_LAYER=METTP
SOURCE_HANDLE_13_WIDTH=2.0
SOURCE_HANDLE_13_POINTS={205.16 13.16} {205.16 158.32}
SOURCE_HANDLE_13_POINT_ENCODING=WRAPPED_NESTED_TWO_POINT
SOURCE_HANDLE_13_LENGTH_UM=145.16
SOURCE_HANDLE_13_MARKER_REFERENCE_COUNT=1
RO_INSTANCE_COUNT=2
RO_INSTANCE_SET=u_core_u_osc_fast_u_ro_tune4,u_core_u_osc_slow_u_ro_tune4
RO_BLOCK_RING_REPORT=/sim/ksabra/SPADMIC_work/innovus/20260901_122444_mptdc_tie1_pg_ro_ring_probe_v2/reports/ro_block_ring_status.rpt
RO_RING_CREATED_COUNT=2
RO_RING_NEW_SWIRE_COUNT=18
RO_RING_SWIRE_DELTA_VDD=10
RO_RING_SWIRE_DELTA_VSS=8
RO_RING_SHAPE_FAILURE_COUNT=0
RO_RING_GEOMETRY_FAILURE_COUNT=0
RING_GEOMETRY_STATUS=FAIL
MAPPED_MARKER_COUNT=0
MARKER_RING_MAPPING_STATUS=NOT_RUN
REPLACEMENT_ATTEMPTS=0
REPLACEMENT_SUCCESSES=0
VIA_ATTEMPTS=0
VIA_SUCCESSES=0
PRUNE_ATTEMPTS=0
PRUNE_SUCCESSES=0
FINAL_VERIFY_SPECIAL_REPORT=/sim/ksabra/SPADMIC_work/innovus/20260901_122444_mptdc_tie1_pg_ro_ring_probe_v2/reports/pg_ro_final_verify_special_detailed.rpt
FINAL_DANGLING_MARKER_COUNT=13
PG_RO_REPAIR_STATUS=REVIEW_RING_CREATION_BLOCKED
