# O13 abs5 PD Vernier Exception Check

PD_VERNIER_EXPECTED_ENDPOINTS=64
PD_VERNIER_FOUND_ENDPOINTS=0
PD_VERNIER_FOUND_SOURCES=8
PD_VERNIER_EXCEPTION_APPLIED=NO
PD_VERNIER_OVERMATCH=NO
PD_VERNIER_UNDERMATCH=YES
PD_VERNIER_EXCEPTION_FAILURES=0
PD_VERNIER_APPLIED_ENDPOINTS=0

PD_VERNIER_EXCEPTION_ENDPOINTS_FOUND=0
PD_VERNIER_EXCEPTION_EXPECTED=64
PD_VERNIER_SOURCE_CLOCKS_FOUND=8
PD_VERNIER_EXCEPTION_OVERMATCH=NO

## Per-row exception
| slow_tap | source_pin | endpoint_count | exception_status | detail |
|---:|---|---:|---|---|
# O13 abs5 PD Vernier Exception Check

PD_VERNIER_EXPECTED_ENDPOINTS=64
PD_VERNIER_FOUND_ENDPOINTS=0
PD_VERNIER_FOUND_SOURCES=8
PD_VERNIER_EXCEPTION_APPLIED=NO
PD_VERNIER_OVERMATCH=NO
PD_VERNIER_UNDERMATCH=YES
PD_VERNIER_EXCEPTION_FAILURES=0
PD_VERNIER_APPLIED_ENDPOINTS=0

PD_VERNIER_EXCEPTION_ENDPOINTS_FOUND=0
PD_VERNIER_EXCEPTION_EXPECTED=64
PD_VERNIER_SOURCE_CLOCKS_FOUND=8
PD_VERNIER_EXCEPTION_OVERMATCH=NO

## Per-row exception
| slow_tap | source_pin | endpoint_count | exception_status | detail |
|---:|---|---:|---|---|
# O13 abs5 PD Vernier Exception Check

PD_VERNIER_EXPECTED_ENDPOINTS=64
PD_VERNIER_FOUND_ENDPOINTS=0
PD_VERNIER_FOUND_SOURCES=8
PD_VERNIER_EXCEPTION_APPLIED=NO
PD_VERNIER_OVERMATCH=NO
PD_VERNIER_UNDERMATCH=YES
PD_VERNIER_EXCEPTION_FAILURES=0
PD_VERNIER_APPLIED_ENDPOINTS=0

PD_VERNIER_EXCEPTION_ENDPOINTS_FOUND=0
PD_VERNIER_EXCEPTION_EXPECTED=64
PD_VERNIER_SOURCE_CLOCKS_FOUND=8
PD_VERNIER_EXCEPTION_OVERMATCH=NO

## Per-row exception
| slow_tap | source_pin | endpoint_count | exception_status | detail |
|---:|---|---:|---|---|
# O13 abs5 PD Vernier Exception Check

PD_VERNIER_EXPECTED_ENDPOINTS=64
PD_VERNIER_FOUND_ENDPOINTS=0
PD_VERNIER_FOUND_SOURCES=8
PD_VERNIER_EXCEPTION_APPLIED=NO
PD_VERNIER_OVERMATCH=NO
PD_VERNIER_UNDERMATCH=YES
PD_VERNIER_EXCEPTION_FAILURES=0
PD_VERNIER_APPLIED_ENDPOINTS=0

PD_VERNIER_EXCEPTION_ENDPOINTS_FOUND=0
PD_VERNIER_EXCEPTION_EXPECTED=64
PD_VERNIER_SOURCE_CLOCKS_FOUND=8
PD_VERNIER_EXCEPTION_OVERMATCH=NO

## Per-row exception
| slow_tap | source_pin | endpoint_count | exception_status | detail |
|---:|---|---:|---|---|
# O13 abs5 PD Vernier Exception Check

PD_VERNIER_EXPECTED_ENDPOINTS=64
PD_VERNIER_FOUND_ENDPOINTS=0
PD_VERNIER_FOUND_SOURCES=8
PD_VERNIER_EXCEPTION_APPLIED=NO
PD_VERNIER_OVERMATCH=NO
PD_VERNIER_UNDERMATCH=YES
PD_VERNIER_EXCEPTION_FAILURES=0
PD_VERNIER_APPLIED_ENDPOINTS=0

PD_VERNIER_EXCEPTION_ENDPOINTS_FOUND=0
PD_VERNIER_EXCEPTION_EXPECTED=64
PD_VERNIER_SOURCE_CLOCKS_FOUND=8
PD_VERNIER_EXCEPTION_OVERMATCH=NO

## Per-row exception
| slow_tap | source_pin | endpoint_count | exception_status | detail |
|---:|---|---:|---|---|
# O13 abs5 PD Vernier Exception Check

PD_VERNIER_EXPECTED_ENDPOINTS=64
PD_VERNIER_FOUND_ENDPOINTS=0
PD_VERNIER_FOUND_SOURCES=8
PD_VERNIER_EXCEPTION_APPLIED=NO
PD_VERNIER_OVERMATCH=NO
PD_VERNIER_UNDERMATCH=YES
PD_VERNIER_EXCEPTION_FAILURES=0
PD_VERNIER_APPLIED_ENDPOINTS=0

PD_VERNIER_EXCEPTION_ENDPOINTS_FOUND=0
PD_VERNIER_EXCEPTION_EXPECTED=64
PD_VERNIER_SOURCE_CLOCKS_FOUND=8
PD_VERNIER_EXCEPTION_OVERMATCH=NO

## Per-row exception
| slow_tap | source_pin | endpoint_count | exception_status | detail |
|---:|---|---:|---|---|
# O13 abs5 PD Vernier Exception Check

PD_VERNIER_EXPECTED_ENDPOINTS=64
PD_VERNIER_FOUND_ENDPOINTS=0
PD_VERNIER_FOUND_SOURCES=8
PD_VERNIER_EXCEPTION_APPLIED=NO
PD_VERNIER_OVERMATCH=NO
PD_VERNIER_UNDERMATCH=YES
PD_VERNIER_EXCEPTION_FAILURES=0
PD_VERNIER_APPLIED_ENDPOINTS=0

PD_VERNIER_EXCEPTION_ENDPOINTS_FOUND=0
PD_VERNIER_EXCEPTION_EXPECTED=64
PD_VERNIER_SOURCE_CLOCKS_FOUND=8
PD_VERNIER_EXCEPTION_OVERMATCH=NO

## Per-row exception
| slow_tap | source_pin | endpoint_count | exception_status | detail |
|---:|---|---:|---|---|
# O13 abs5 PD Vernier Exception Check

PD_VERNIER_EXPECTED_ENDPOINTS=64
PD_VERNIER_FOUND_ENDPOINTS=0
PD_VERNIER_FOUND_SOURCES=8
PD_VERNIER_EXCEPTION_APPLIED=NO
PD_VERNIER_OVERMATCH=NO
PD_VERNIER_UNDERMATCH=YES
PD_VERNIER_EXCEPTION_FAILURES=0
PD_VERNIER_APPLIED_ENDPOINTS=0

PD_VERNIER_EXCEPTION_ENDPOINTS_FOUND=0
PD_VERNIER_EXCEPTION_EXPECTED=64
PD_VERNIER_SOURCE_CLOCKS_FOUND=8
PD_VERNIER_EXCEPTION_OVERMATCH=NO

## Per-row exception
| slow_tap | source_pin | endpoint_count | exception_status | detail |
|---:|---|---:|---|---|
# O13 abs5 PD Vernier Exception Check

PD_VERNIER_EXPECTED_ENDPOINTS=64
PD_VERNIER_FOUND_ENDPOINTS=0
PD_VERNIER_FOUND_SOURCES=8
PD_VERNIER_EXCEPTION_APPLIED=NO
PD_VERNIER_OVERMATCH=NO
PD_VERNIER_UNDERMATCH=YES
PD_VERNIER_EXCEPTION_FAILURES=0
PD_VERNIER_APPLIED_ENDPOINTS=0

PD_VERNIER_EXCEPTION_ENDPOINTS_FOUND=0
PD_VERNIER_EXCEPTION_EXPECTED=64
PD_VERNIER_SOURCE_CLOCKS_FOUND=8
PD_VERNIER_EXCEPTION_OVERMATCH=NO

## Per-row exception
| slow_tap | source_pin | endpoint_count | exception_status | detail |
|---:|---|---:|---|---|
# O13 abs5 PD Vernier Exception Check

PD_VERNIER_EXPECTED_ENDPOINTS=64
PD_VERNIER_FOUND_ENDPOINTS=0
PD_VERNIER_FOUND_SOURCES=8
PD_VERNIER_EXCEPTION_APPLIED=NO
PD_VERNIER_OVERMATCH=NO
PD_VERNIER_UNDERMATCH=YES
PD_VERNIER_EXCEPTION_FAILURES=0
PD_VERNIER_APPLIED_ENDPOINTS=0

PD_VERNIER_EXCEPTION_ENDPOINTS_FOUND=0
PD_VERNIER_EXCEPTION_EXPECTED=64
PD_VERNIER_SOURCE_CLOCKS_FOUND=8
PD_VERNIER_EXCEPTION_OVERMATCH=NO

## Per-row exception
| slow_tap | source_pin | endpoint_count | exception_status | detail |
|---:|---|---:|---|---|
# O13 abs5 PD Vernier Exception Check

PD_VERNIER_EXPECTED_ENDPOINTS=64
PD_VERNIER_FOUND_ENDPOINTS=0
PD_VERNIER_FOUND_SOURCES=8
PD_VERNIER_EXCEPTION_APPLIED=NO
PD_VERNIER_OVERMATCH=NO
PD_VERNIER_UNDERMATCH=YES
PD_VERNIER_EXCEPTION_FAILURES=0
PD_VERNIER_APPLIED_ENDPOINTS=0

PD_VERNIER_EXCEPTION_ENDPOINTS_FOUND=0
PD_VERNIER_EXCEPTION_EXPECTED=64
PD_VERNIER_SOURCE_CLOCKS_FOUND=8
PD_VERNIER_EXCEPTION_OVERMATCH=NO

## Per-row exception
| slow_tap | source_pin | endpoint_count | exception_status | detail |
|---:|---|---:|---|---|
# O13 abs5 PD Vernier Exception Check

PD_VERNIER_EXPECTED_ENDPOINTS=64
PD_VERNIER_FOUND_ENDPOINTS=0
PD_VERNIER_FOUND_SOURCES=8
PD_VERNIER_EXCEPTION_APPLIED=NO
PD_VERNIER_OVERMATCH=NO
PD_VERNIER_UNDERMATCH=YES
PD_VERNIER_EXCEPTION_FAILURES=0
PD_VERNIER_APPLIED_ENDPOINTS=0

PD_VERNIER_EXCEPTION_ENDPOINTS_FOUND=0
PD_VERNIER_EXCEPTION_EXPECTED=64
PD_VERNIER_SOURCE_CLOCKS_FOUND=8
PD_VERNIER_EXCEPTION_OVERMATCH=NO

## Per-row exception
| slow_tap | source_pin | endpoint_count | exception_status | detail |
|---:|---|---:|---|---|
# O13 abs5 PD Vernier Exception Check

PD_VERNIER_EXPECTED_ENDPOINTS=64
PD_VERNIER_FOUND_ENDPOINTS=0
PD_VERNIER_FOUND_SOURCES=8
PD_VERNIER_EXCEPTION_APPLIED=NO
PD_VERNIER_OVERMATCH=NO
PD_VERNIER_UNDERMATCH=YES
PD_VERNIER_EXCEPTION_FAILURES=0
PD_VERNIER_APPLIED_ENDPOINTS=0

PD_VERNIER_EXCEPTION_ENDPOINTS_FOUND=0
PD_VERNIER_EXCEPTION_EXPECTED=64
PD_VERNIER_SOURCE_CLOCKS_FOUND=8
PD_VERNIER_EXCEPTION_OVERMATCH=NO

## Per-row exception
| slow_tap | source_pin | endpoint_count | exception_status | detail |
|---:|---|---:|---|---|
# O13 abs5 PD Vernier Exception Check

PD_VERNIER_EXPECTED_ENDPOINTS=64
PD_VERNIER_FOUND_ENDPOINTS=0
PD_VERNIER_FOUND_SOURCES=8
PD_VERNIER_EXCEPTION_APPLIED=NO
PD_VERNIER_OVERMATCH=NO
PD_VERNIER_UNDERMATCH=YES
PD_VERNIER_EXCEPTION_FAILURES=0
PD_VERNIER_APPLIED_ENDPOINTS=0

PD_VERNIER_EXCEPTION_ENDPOINTS_FOUND=0
PD_VERNIER_EXCEPTION_EXPECTED=64
PD_VERNIER_SOURCE_CLOCKS_FOUND=8
PD_VERNIER_EXCEPTION_OVERMATCH=NO

## Per-row exception
| slow_tap | source_pin | endpoint_count | exception_status | detail |
|---:|---|---:|---|---|
