LABEL=MPTDC_PVS_DRC_GATE
STATUS=FAIL
PVS_DRC_STATUS=FAIL
PVS_DRC_VARIANT=BASE
PVS_RC=0
LAYOUT_TOP=mptdc_axis_core
DRC_TOTAL_PRIMARY=136
DRC_TOTAL_EXPANDED=136
NONZERO_RULE_COUNT=4
NONZERO_RULE_REPORT=/sim/ksabra/SPADMIC_work/innovus/20260831_mptdc_tie1_lvs_density_131326/reports/pvs_drc_base_nonzero_rules.tsv
NONZERO_RULE_REPORT_SHA256=e53cc0ebc7959dd702a354abcd75111f5231976cf56e3f5e6ebb6c8e8d23ffa6
LAYOUT_INPUT=/sim/ksabra/SPADMIC_work/innovus/20260831_mptdc_tie1_lvs_density_131326/outputs/mptdc_axis_core_merged_stdcell_ro6.gds
LAYOUT_INPUT_SHA256=b8ab412346de1c22b0ce37f4ea550c5a18c2b0899a6b7591f6e8b6305f8fe965
HASH_MANIFEST=/sim/ksabra/SPADMIC_work/innovus/20260831_mptdc_tie1_lvs_density_131326/manifests/pvs_input_hashes.rpt
HASH_MANIFEST_SHA256=d44527857e949815989ab58e25bf42039685355a2a8d9c6f7b3cc9d5ba31761b
SUMMARY=/sim/ksabra/SPADMIC_work/innovus/20260831_mptdc_tie1_lvs_density_131326/pvs_drc/mptdc_axis_core_merged_base_script/mptdc_axis_core_drc.sum
SUMMARY_SHA256=f406ffff289dcfa4a0efd9eea4aa4d2773f6bfdbdc146d28dc179deac5f8d438
RUN_CONTROL=/sim/ksabra/SPADMIC_work/innovus/20260831_mptdc_tie1_lvs_density_131326/pvs_drc/mptdc_axis_core_merged_base_script/run.pvs
RUN_CONTROL_SHA256=3044d27fbaf99e13baa5d05d479748b42fdbdbea8a1d2b1fed06500a643f0d3a
DRC_CONTROL=/sim/ksabra/SPADMIC_work/innovus/20260831_mptdc_tie1_lvs_density_131326/pvs_drc/mptdc_axis_core_merged_base_script/pvsdrcctl
DRC_CONTROL_SHA256=f43a74dfd403d37a12f08b7d142a5f3dbb95d3b5276d1f6f39005f00d4d1f360
FINAL_PHYSICAL_SIGNOFF_READY=NO
