=== MPTDC v2.7 TB Runner ===
  Testbench: tb_drain_ctrl_unit
  Simulator: xcelium
  Build dir: /home/validmgr/ksabra/2026_SPAD/SPADMIC/MPTDC/build/tb_drain_ctrl_unit

--- Compiling with Xcelium ---
TOOL:	xrun(64)	23.03-s007: Started on May 27, 2026 at 12:34:20 CEST
xrun(64): 23.03-s007: (c) Copyright 1995-2023 Cadence Design Systems, Inc.
Loading snapshot worklib.tb_drain_ctrl_unit:sv .................... Done
xcelium> source /eda/cadence/2023-24/RHELx86/XCELIUM_23.03.007/tools/xcelium/files/xmsimrc
xcelium> run
[PASS] reset leaves drain in IDLE
[PASS] ctx0 selected
[PASS] no FIFO write while full
[PASS] no FIFO write while full
[PASS] no FIFO write while full
[INFO] captured write META after 0 cycles
[PASS] first record is META
[PASS] META nslow matches snapshot
[PASS] META hit_count matches snapshot
[PASS] META flags match snapshot
[PASS] META phase0 matches snapshot
[PASS] META stop phase discriminator matches
[PASS] META slow boundary increment matches
[INFO] captured write HIT0 after 0 cycles
[PASS] second record is HIT
[PASS] HIT0 ns
[PASS] HIT0 nf
[PASS] HIT0 nfast
[PASS] HIT0 event_seq
[INFO] captured write HIT5 after 4 cycles
[PASS] third record is HIT
[PASS] HIT5 ns
[PASS] HIT5 nf
[PASS] HIT5 nfast
[PASS] HIT5 event_seq
[INFO] captured write HIT63 after 57 cycles
[PASS] fourth record is HIT
[PASS] HIT63 ns
[PASS] HIT63 nf
[PASS] HIT63 nfast
[PASS] HIT63 event_seq
[PASS] ctx0 release: conv_done with release
[PASS] drain returns to IDLE
[PASS] no extra FIFO write after release
===================================
  Results: 30 PASS, 0 FAIL
===================================
TEST PASSED
Simulation complete via $finish(1) at time 490626 PS + 0
/home/validmgr/ksabra/2026_SPAD/SPADMIC/MPTDC/tb/unit/tb_drain_ctrl_unit.sv:179     $finish;
xcelium> exit
TOOL:	xrun(64)	23.03-s007: Exiting on May 27, 2026 at 12:34:21 CEST  (total: 00:00:01)
