============================================================
  Generated by:           Genus(TM) Synthesis Solution 22.13-s093_1
  Generated on:           Apr 21 2026  10:55:23 am
  Module:                 mptdc_top_asic
  Operating conditions:   typ_1_80V_25C (balanced_tree)
  Wireload mode:          enclosed
  Area mode:              timing library
============================================================


Path 1: MET (169 ps) Setup Check with Pin u_core/conv_count_r_reg[31]/C->D
           View: tc_view
          Group: clk_sys
     Startpoint: (R) u_core/conv_count_r_reg[0]/C
          Clock: (R) clk_sys
       Endpoint: (F) u_core/conv_count_r_reg[31]/D
          Clock: (R) clk_sys

                     Capture       Launch     
        Clock Edge:+    6250            0     
       Src Latency:+       0            0     
       Net Latency:+       0 (I)        0 (I) 
           Arrival:=    6250            0     
                                              
             Setup:-     317                  
       Uncertainty:-     300                  
     Required Time:=    5633                  
      Launch Clock:-       0                  
         Data Path:-    5464                  
             Slack:=     169                  

#-----------------------------------------------------------------------------------------------------------
#           Timing Point             Flags   Arc   Edge   Cell     Fanout Load Trans Delay Arrival Instance 
#                                                                         (fF)  (ps)  (ps)   (ps)  Location 
#-----------------------------------------------------------------------------------------------------------
  u_core/conv_count_r_reg[0]/C       -       -     R     (arrival)    267    -   150     0       0    (-,-) 
  u_core/conv_count_r_reg[0]/Q       -       C->Q  R     DFRRQHDX0      4 25.8   349   654     654    (-,-) 
  u_core/g199/Q                      -       B->Q  R     AND2HDX0       4 21.4   296   367    1021    (-,-) 
  u_core/g197/Q                      -       A->Q  F     NA3HDX1        3 17.6   191   215    1236    (-,-) 
  u_core/g196/Q                      -       A->Q  R     INHDX0         3 16.2   241   262    1498    (-,-) 
  u_core/inc_add_478_42_g540__9315/Q -       AN->Q R     NO4I3HDX0      2 14.2   424   515    2013    (-,-) 
  u_core/inc_add_478_42_g537__7482/Q -       A->Q  R     AND5HDX1       4 18.0   279   397    2410    (-,-) 
  u_core/inc_add_478_42_g531__5122/Q -       AN->Q R     NO4I3HDX0      2 14.2   424   523    2933    (-,-) 
  u_core/inc_add_478_42_g526__6783/Q -       A->Q  R     AND5HDX0       4 16.4   480   516    3448    (-,-) 
  u_core/inc_add_478_42_g519__5477/Q -       AN->Q R     NO4I3HDX1      4 18.0   284   488    3937    (-,-) 
  u_core/inc_add_478_42_g513__9945/Q -       AN->Q R     NO4I3HDX0      3 14.0   418   520    4457    (-,-) 
  u_core/inc_add_478_42_g506__6131/Q -       A->Q  R     AND3HDX0       2 10.1   164   340    4797    (-,-) 
  u_core/inc_add_478_42_g498__6783/Q -       A->Q  F     NA2HDX1        3 17.7   124   143    4940    (-,-) 
  u_core/inc_add_478_42_g480__5115/Q -       A->Q  R     NA2HDX1        1  6.5   123   124    5064    (-,-) 
  u_core/inc_add_478_42_g478__6131/Q -       C->Q  F     ON21HDX1       1  4.6    79    92    5156    (-,-) 
  u_core/g777__3680/Q                -       C->Q  F     AO22HDX1       1  4.8    69   308    5464    (-,-) 
  u_core/conv_count_r_reg[31]/D      -       -     F     DFRRQHDX0      1    -     -     0    5464    (-,-) 
#-----------------------------------------------------------------------------------------------------------



Path 2: MET (199 ps) Setup Check with Pin u_core/conv_count_r_reg[30]/C->D
           View: tc_view
          Group: clk_sys
     Startpoint: (R) u_core/conv_count_r_reg[0]/C
          Clock: (R) clk_sys
       Endpoint: (F) u_core/conv_count_r_reg[30]/D
          Clock: (R) clk_sys

                     Capture       Launch     
        Clock Edge:+    6250            0     
       Src Latency:+       0            0     
       Net Latency:+       0 (I)        0 (I) 
           Arrival:=    6250            0     
                                              
             Setup:-     317                  
       Uncertainty:-     300                  
     Required Time:=    5633                  
      Launch Clock:-       0                  
         Data Path:-    5434                  
             Slack:=     199                  

#-----------------------------------------------------------------------------------------------------------
#           Timing Point             Flags   Arc   Edge   Cell     Fanout Load Trans Delay Arrival Instance 
#                                                                         (fF)  (ps)  (ps)   (ps)  Location 
#-----------------------------------------------------------------------------------------------------------
  u_core/conv_count_r_reg[0]/C       -       -     R     (arrival)    267    -   150     0       0    (-,-) 
  u_core/conv_count_r_reg[0]/Q       -       C->Q  R     DFRRQHDX0      4 25.8   349   654     654    (-,-) 
  u_core/g199/Q                      -       B->Q  R     AND2HDX0       4 21.4   296   367    1021    (-,-) 
  u_core/g197/Q                      -       A->Q  F     NA3HDX1        3 17.6   191   215    1236    (-,-) 
  u_core/g196/Q                      -       A->Q  R     INHDX0         3 16.2   241   262    1498    (-,-) 
  u_core/inc_add_478_42_g540__9315/Q -       AN->Q R     NO4I3HDX0      2 14.2   424   515    2013    (-,-) 
  u_core/inc_add_478_42_g537__7482/Q -       A->Q  R     AND5HDX1       4 18.0   279   397    2410    (-,-) 
  u_core/inc_add_478_42_g531__5122/Q -       AN->Q R     NO4I3HDX0      2 14.2   424   523    2933    (-,-) 
  u_core/inc_add_478_42_g526__6783/Q -       A->Q  R     AND5HDX0       4 16.4   480   516    3448    (-,-) 
  u_core/inc_add_478_42_g519__5477/Q -       AN->Q R     NO4I3HDX1      4 18.0   284   488    3937    (-,-) 
  u_core/inc_add_478_42_g513__9945/Q -       AN->Q R     NO4I3HDX0      3 14.0   418   520    4457    (-,-) 
  u_core/inc_add_478_42_g506__6131/Q -       A->Q  R     AND3HDX0       2 10.1   164   340    4797    (-,-) 
  u_core/inc_add_478_42_g498__6783/Q -       A->Q  F     NA2HDX1        3 17.7   124   143    4940    (-,-) 
  u_core/inc_add_478_42_g491__5477/Q -       C->Q  F     OA21HDX1       1  4.6    64   192    5132    (-,-) 
  u_core/g782__8246/Q                -       C->Q  F     AO22HDX1       1  4.8    69   302    5434    (-,-) 
  u_core/conv_count_r_reg[30]/D      -       -     F     DFRRQHDX0      1    -     -     0    5434    (-,-) 
#-----------------------------------------------------------------------------------------------------------



Path 3: MET (442 ps) Setup Check with Pin u_core/conv_count_r_reg[29]/C->D
           View: tc_view
          Group: clk_sys
     Startpoint: (R) u_core/conv_count_r_reg[0]/C
          Clock: (R) clk_sys
       Endpoint: (F) u_core/conv_count_r_reg[29]/D
          Clock: (R) clk_sys

                     Capture       Launch     
        Clock Edge:+    6250            0     
       Src Latency:+       0            0     
       Net Latency:+       0 (I)        0 (I) 
           Arrival:=    6250            0     
                                              
             Setup:-     317                  
       Uncertainty:-     300                  
     Required Time:=    5633                  
      Launch Clock:-       0                  
         Data Path:-    5191                  
             Slack:=     442                  

#-----------------------------------------------------------------------------------------------------------
#           Timing Point             Flags   Arc   Edge   Cell     Fanout Load Trans Delay Arrival Instance 
#                                                                         (fF)  (ps)  (ps)   (ps)  Location 
#-----------------------------------------------------------------------------------------------------------
  u_core/conv_count_r_reg[0]/C       -       -     R     (arrival)    267    -   150     0       0    (-,-) 
  u_core/conv_count_r_reg[0]/Q       -       C->Q  R     DFRRQHDX0      4 25.8   349   654     654    (-,-) 
  u_core/g199/Q                      -       B->Q  R     AND2HDX0       4 21.4   296   367    1021    (-,-) 
  u_core/g197/Q                      -       A->Q  F     NA3HDX1        3 17.6   191   215    1236    (-,-) 
  u_core/g196/Q                      -       A->Q  R     INHDX0         3 16.2   241   262    1498    (-,-) 
  u_core/inc_add_478_42_g540__9315/Q -       AN->Q R     NO4I3HDX0      2 14.2   424   515    2013    (-,-) 
  u_core/inc_add_478_42_g537__7482/Q -       A->Q  R     AND5HDX1       4 18.0   279   397    2410    (-,-) 
  u_core/inc_add_478_42_g531__5122/Q -       AN->Q R     NO4I3HDX0      2 14.2   424   523    2933    (-,-) 
  u_core/inc_add_478_42_g526__6783/Q -       A->Q  R     AND5HDX0       4 16.4   480   516    3448    (-,-) 
  u_core/inc_add_478_42_g519__5477/Q -       AN->Q R     NO4I3HDX1      4 18.0   284   488    3937    (-,-) 
  u_core/inc_add_478_42_g513__9945/Q -       AN->Q R     NO4I3HDX0      3 14.0   418   520    4457    (-,-) 
  u_core/inc_add_478_42_g505__7098/Q -       A->Q  F     NA2HDX1        3 17.7   168   190    4647    (-,-) 
  u_core/inc_add_478_42_g486__2883/Q -       A->Q  R     NA2HDX1        1  6.5   126   140    4787    (-,-) 
  u_core/inc_add_478_42_g482__4733/Q -       C->Q  F     ON21HDX1       1  4.6    85    93    4880    (-,-) 
  u_core/g780__1705/Q                -       C->Q  F     AO22HDX1       1  4.8    69   310    5191    (-,-) 
  u_core/conv_count_r_reg[29]/D      -       -     F     DFRRQHDX0      1    -     -     0    5191    (-,-) 
#-----------------------------------------------------------------------------------------------------------



Path 4: MET (473 ps) Setup Check with Pin u_core/conv_count_r_reg[28]/C->D
           View: tc_view
          Group: clk_sys
     Startpoint: (R) u_core/conv_count_r_reg[0]/C
          Clock: (R) clk_sys
       Endpoint: (F) u_core/conv_count_r_reg[28]/D
          Clock: (R) clk_sys

                     Capture       Launch     
        Clock Edge:+    6250            0     
       Src Latency:+       0            0     
       Net Latency:+       0 (I)        0 (I) 
           Arrival:=    6250            0     
                                              
             Setup:-     317                  
       Uncertainty:-     300                  
     Required Time:=    5633                  
      Launch Clock:-       0                  
         Data Path:-    5160                  
             Slack:=     473                  

#-----------------------------------------------------------------------------------------------------------
#           Timing Point             Flags   Arc   Edge   Cell     Fanout Load Trans Delay Arrival Instance 
#                                                                         (fF)  (ps)  (ps)   (ps)  Location 
#-----------------------------------------------------------------------------------------------------------
  u_core/conv_count_r_reg[0]/C       -       -     R     (arrival)    267    -   150     0       0    (-,-) 
  u_core/conv_count_r_reg[0]/Q       -       C->Q  R     DFRRQHDX0      4 25.8   349   654     654    (-,-) 
  u_core/g199/Q                      -       B->Q  R     AND2HDX0       4 21.4   296   367    1021    (-,-) 
  u_core/g197/Q                      -       A->Q  F     NA3HDX1        3 17.6   191   215    1236    (-,-) 
  u_core/g196/Q                      -       A->Q  R     INHDX0         3 16.2   241   262    1498    (-,-) 
  u_core/inc_add_478_42_g540__9315/Q -       AN->Q R     NO4I3HDX0      2 14.2   424   515    2013    (-,-) 
  u_core/inc_add_478_42_g537__7482/Q -       A->Q  R     AND5HDX1       4 18.0   279   397    2410    (-,-) 
  u_core/inc_add_478_42_g531__5122/Q -       AN->Q R     NO4I3HDX0      2 14.2   424   523    2933    (-,-) 
  u_core/inc_add_478_42_g526__6783/Q -       A->Q  R     AND5HDX0       4 16.4   480   516    3448    (-,-) 
  u_core/inc_add_478_42_g519__5477/Q -       AN->Q R     NO4I3HDX1      4 18.0   284   488    3937    (-,-) 
  u_core/inc_add_478_42_g513__9945/Q -       AN->Q R     NO4I3HDX0      3 14.0   418   520    4457    (-,-) 
  u_core/inc_add_478_42_g505__7098/Q -       A->Q  F     NA2HDX1        3 17.7   168   190    4647    (-,-) 
  u_core/inc_add_478_42_g497__5526/Q -       C->Q  F     OA21HDX1       1  4.6    64   211    4858    (-,-) 
  u_core/g791__9945/Q                -       C->Q  F     AO22HDX1       1  4.8    69   302    5160    (-,-) 
  u_core/conv_count_r_reg[28]/D      -       -     F     DFRRQHDX0      1    -     -     0    5160    (-,-) 
#-----------------------------------------------------------------------------------------------------------



Path 5: MET (761 ps) Setup Check with Pin u_core/conv_count_r_reg[27]/C->D
           View: tc_view
          Group: clk_sys
     Startpoint: (R) u_core/conv_count_r_reg[0]/C
          Clock: (R) clk_sys
       Endpoint: (F) u_core/conv_count_r_reg[27]/D
          Clock: (R) clk_sys

                     Capture       Launch     
        Clock Edge:+    6250            0     
       Src Latency:+       0            0     
       Net Latency:+       0 (I)        0 (I) 
           Arrival:=    6250            0     
                                              
             Setup:-     317                  
       Uncertainty:-     300                  
     Required Time:=    5633                  
      Launch Clock:-       0                  
         Data Path:-    4872                  
             Slack:=     761                  

#-----------------------------------------------------------------------------------------------------------
#           Timing Point             Flags   Arc   Edge   Cell     Fanout Load Trans Delay Arrival Instance 
#                                                                         (fF)  (ps)  (ps)   (ps)  Location 
#-----------------------------------------------------------------------------------------------------------
  u_core/conv_count_r_reg[0]/C       -       -     R     (arrival)    267    -   150     0       0    (-,-) 
  u_core/conv_count_r_reg[0]/Q       -       C->Q  R     DFRRQHDX0      4 25.8   349   654     654    (-,-) 
  u_core/g199/Q                      -       B->Q  R     AND2HDX0       4 21.4   296   367    1021    (-,-) 
  u_core/g197/Q                      -       A->Q  F     NA3HDX1        3 17.6   191   215    1236    (-,-) 
  u_core/g196/Q                      -       A->Q  R     INHDX0         3 16.2   241   262    1498    (-,-) 
  u_core/inc_add_478_42_g540__9315/Q -       AN->Q R     NO4I3HDX0      2 14.2   424   515    2013    (-,-) 
  u_core/inc_add_478_42_g537__7482/Q -       A->Q  R     AND5HDX1       4 18.0   279   397    2410    (-,-) 
  u_core/inc_add_478_42_g531__5122/Q -       AN->Q R     NO4I3HDX0      2 14.2   424   523    2933    (-,-) 
  u_core/inc_add_478_42_g526__6783/Q -       A->Q  R     AND5HDX0       4 16.4   480   516    3448    (-,-) 
  u_core/inc_add_478_42_g519__5477/Q -       AN->Q R     NO4I3HDX1      4 18.0   284   488    3937    (-,-) 
  u_core/inc_add_478_42_g512__9315/Q -       AN->Q R     NO2I1HDX1      2 10.1   185   258    4195    (-,-) 
  u_core/inc_add_478_42_g507__1881/Q -       A->Q  F     NA2HDX1        3 17.7   131   148    4343    (-,-) 
  u_core/inc_add_478_42_g485__9945/Q -       A->Q  R     NA2HDX1        1  6.5   126   126    4469    (-,-) 
  u_core/inc_add_478_42_g481__7482/Q -       C->Q  F     ON21HDX1       1  4.6    85    93    4562    (-,-) 
  u_core/g785__1881/Q                -       C->Q  F     AO22HDX1       1  4.8    69   310    4872    (-,-) 
  u_core/conv_count_r_reg[27]/D      -       -     F     DFRRQHDX0      1    -     -     0    4872    (-,-) 
#-----------------------------------------------------------------------------------------------------------



Path 6: MET (793 ps) Setup Check with Pin u_core/conv_count_r_reg[26]/C->D
           View: tc_view
          Group: clk_sys
     Startpoint: (R) u_core/conv_count_r_reg[0]/C
          Clock: (R) clk_sys
       Endpoint: (F) u_core/conv_count_r_reg[26]/D
          Clock: (R) clk_sys

                     Capture       Launch     
        Clock Edge:+    6250            0     
       Src Latency:+       0            0     
       Net Latency:+       0 (I)        0 (I) 
           Arrival:=    6250            0     
                                              
             Setup:-     317                  
       Uncertainty:-     300                  
     Required Time:=    5633                  
      Launch Clock:-       0                  
         Data Path:-    4840                  
             Slack:=     793                  

#-----------------------------------------------------------------------------------------------------------
#           Timing Point             Flags   Arc   Edge   Cell     Fanout Load Trans Delay Arrival Instance 
#                                                                         (fF)  (ps)  (ps)   (ps)  Location 
#-----------------------------------------------------------------------------------------------------------
  u_core/conv_count_r_reg[0]/C       -       -     R     (arrival)    267    -   150     0       0    (-,-) 
  u_core/conv_count_r_reg[0]/Q       -       C->Q  R     DFRRQHDX0      4 25.8   349   654     654    (-,-) 
  u_core/g199/Q                      -       B->Q  R     AND2HDX0       4 21.4   296   367    1021    (-,-) 
  u_core/g197/Q                      -       A->Q  F     NA3HDX1        3 17.6   191   215    1236    (-,-) 
  u_core/g196/Q                      -       A->Q  R     INHDX0         3 16.2   241   262    1498    (-,-) 
  u_core/inc_add_478_42_g540__9315/Q -       AN->Q R     NO4I3HDX0      2 14.2   424   515    2013    (-,-) 
  u_core/inc_add_478_42_g537__7482/Q -       A->Q  R     AND5HDX1       4 18.0   279   397    2410    (-,-) 
  u_core/inc_add_478_42_g531__5122/Q -       AN->Q R     NO4I3HDX0      2 14.2   424   523    2933    (-,-) 
  u_core/inc_add_478_42_g526__6783/Q -       A->Q  R     AND5HDX0       4 16.4   480   516    3448    (-,-) 
  u_core/inc_add_478_42_g519__5477/Q -       AN->Q R     NO4I3HDX1      4 18.0   284   488    3937    (-,-) 
  u_core/inc_add_478_42_g512__9315/Q -       AN->Q R     NO2I1HDX1      2 10.1   185   258    4195    (-,-) 
  u_core/inc_add_478_42_g507__1881/Q -       A->Q  F     NA2HDX1        3 17.7   131   148    4343    (-,-) 
  u_core/inc_add_478_42_g496__8428/Q -       C->Q  F     OA21HDX1       1  4.6    64   195    4538    (-,-) 
  u_core/g792__2883/Q                -       C->Q  F     AO22HDX1       1  4.8    69   302    4840    (-,-) 
  u_core/conv_count_r_reg[26]/D      -       -     F     DFRRQHDX0      1    -     -     0    4840    (-,-) 
#-----------------------------------------------------------------------------------------------------------



Path 7: MET (859 ps) Setup Check with Pin u_core/u_fifo/count_q_reg[6]/C->D
           View: tc_view
          Group: clk_sys
     Startpoint: (R) shared_readout_en_i
          Clock: (R) clk_sys
       Endpoint: (F) u_core/u_fifo/count_q_reg[6]/D
          Clock: (R) clk_sys

                     Capture       Launch     
        Clock Edge:+    6250            0     
        Drv Adjust:+       0            0     
       Src Latency:+       0            0     
       Net Latency:+       0 (I)        0 (I) 
           Arrival:=    6250            0     
                                              
             Setup:-     331                  
       Uncertainty:-     300                  
     Required Time:=    5619                  
      Launch Clock:-       0                  
       Input Delay:-    2000                  
         Data Path:-    2761                  
             Slack:=     859                  

Exceptions/Constraints:
  input_delay             2000            mptdc.sdc_line_133_51_1 

#--------------------------------------------------------------------------------------------------------
#         Timing Point           Flags    Arc   Edge   Cell     Fanout Load Trans Delay Arrival Instance 
#                                                                      (fF)  (ps)  (ps)   (ps)  Location 
#--------------------------------------------------------------------------------------------------------
  shared_readout_en_i            -       -      R     (arrival)      3 14.6   100     0    2000    (-,-) 
  u_core/g459__5122/Q            -       B->Q   F     NO2I1HDX1      1  6.1    51    66    2066    (-,-) 
  u_core/u_narrow_tx/g19/Q       -       A->Q   R     NA2HDX1        5 20.8   228   188    2254    (-,-) 
  u_core/u_narrow_tx/g1263/Q     -       A->Q   F     INHDX0         4 16.0   138   165    2419    (-,-) 
  u_core/g536__6131/Q            -       C->Q   F     AO22HDX1       1  6.1    72   336    2756    (-,-) 
  u_core/u_fifo/g572/Q           -       A->Q   R     NA2HDX1       11 46.9   444   357    3113    (-,-) 
  u_core/u_fifo/g567/Q           -       A->Q   F     NA2HDX0        3 14.6   234   262    3375    (-,-) 
  u_core/u_fifo/g562/Q           -       A->Q   R     NO2HDX0        3 13.9   424   414    3789    (-,-) 
  u_core/u_fifo/g559/Q           -       A->Q   F     NA3HDX1        3 23.3   247   274    4063    (-,-) 
  u_core/u_fifo/g549/Q           -       A->Q   R     AN21HDX1       2 10.5   216   250    4313    (-,-) 
  u_core/u_fifo/g543/Q           -       C->Q   F     ON21HDX1       1  6.6    90   123    4437    (-,-) 
  u_core/u_fifo/g540/Q           -       A->Q   R     AN22HDX1       1  4.7   186   206    4642    (-,-) 
  u_core/u_fifo/g539/Q           -       IN1->Q F     MU2IHDX1       1  4.7   123   118    4761    (-,-) 
  u_core/u_fifo/count_q_reg[6]/D -       -      F     DFRRQHDX0      1    -     -     0    4761    (-,-) 
#--------------------------------------------------------------------------------------------------------



Path 8: MET (890 ps) Setup Check with Pin u_core/u_fifo/count_q_reg[5]/C->D
           View: tc_view
          Group: clk_sys
     Startpoint: (R) shared_readout_en_i
          Clock: (R) clk_sys
       Endpoint: (F) u_core/u_fifo/count_q_reg[5]/D
          Clock: (R) clk_sys

                     Capture       Launch     
        Clock Edge:+    6250            0     
        Drv Adjust:+       0            0     
       Src Latency:+       0            0     
       Net Latency:+       0 (I)        0 (I) 
           Arrival:=    6250            0     
                                              
             Setup:-     314                  
       Uncertainty:-     300                  
     Required Time:=    5636                  
      Launch Clock:-       0                  
       Input Delay:-    2000                  
         Data Path:-    2746                  
             Slack:=     890                  

Exceptions/Constraints:
  input_delay             2000            mptdc.sdc_line_133_51_1 

#-------------------------------------------------------------------------------------------------------
#         Timing Point           Flags   Arc   Edge   Cell     Fanout Load Trans Delay Arrival Instance 
#                                                                     (fF)  (ps)  (ps)   (ps)  Location 
#-------------------------------------------------------------------------------------------------------
  shared_readout_en_i            -       -     R     (arrival)      3 14.6   100     0    2000    (-,-) 
  u_core/g459__5122/Q            -       B->Q  F     NO2I1HDX1      1  6.1    51    66    2066    (-,-) 
  u_core/u_narrow_tx/g19/Q       -       A->Q  R     NA2HDX1        5 20.8   228   188    2254    (-,-) 
  u_core/u_narrow_tx/g1263/Q     -       A->Q  F     INHDX0         4 16.0   138   165    2419    (-,-) 
  u_core/g536__6131/Q            -       C->Q  F     AO22HDX1       1  6.1    72   336    2756    (-,-) 
  u_core/u_fifo/g572/Q           -       A->Q  R     NA2HDX1       11 46.9   444   357    3113    (-,-) 
  u_core/u_fifo/g567/Q           -       A->Q  F     NA2HDX0        3 14.6   234   262    3375    (-,-) 
  u_core/u_fifo/g562/Q           -       A->Q  R     NO2HDX0        3 13.9   424   414    3789    (-,-) 
  u_core/u_fifo/g559/Q           -       A->Q  F     NA3HDX1        3 23.3   247   274    4063    (-,-) 
  u_core/u_fifo/g549/Q           -       A->Q  R     AN21HDX1       2 10.5   216   250    4313    (-,-) 
  u_core/u_fifo/g12902__5122/Q   -       B->Q  F     ON22HDX0       1  4.5   124   167    4480    (-,-) 
  u_core/u_fifo/g12857__1881/Q   -       A->Q  F     AO21HDX1       1  4.7    57   266    4746    (-,-) 
  u_core/u_fifo/count_q_reg[5]/D -       -     F     DFRRQHDX0      1    -     -     0    4746    (-,-) 
#-------------------------------------------------------------------------------------------------------



Path 9: MET (944 ps) Setup Check with Pin u_core/u_fifo/mem_reg[40][0]/C->D
           View: tc_view
          Group: clk_sys
     Startpoint: (R) u_core/u_fifo/count_q_reg[0]/C
          Clock: (R) clk_sys
       Endpoint: (F) u_core/u_fifo/mem_reg[40][0]/D
          Clock: (R) clk_sys

                     Capture       Launch     
        Clock Edge:+    6250            0     
       Src Latency:+       0            0     
       Net Latency:+       0 (I)        0 (I) 
           Arrival:=    6250            0     
                                              
             Setup:-     279                  
       Uncertainty:-     300                  
     Required Time:=    5671                  
      Launch Clock:-       0                  
         Data Path:-    4727                  
             Slack:=     944                  

#----------------------------------------------------------------------------------------------------------
#           Timing Point            Flags   Arc   Edge   Cell     Fanout Load Trans Delay Arrival Instance 
#                                                                        (fF)  (ps)  (ps)   (ps)  Location 
#----------------------------------------------------------------------------------------------------------
  u_core/u_fifo/count_q_reg[0]/C    -       -     R     (arrival)    267    -   150     0       0    (-,-) 
  u_core/u_fifo/count_q_reg[0]/Q    -       C->Q  R     DFRRQHDX0      7 29.8   398   690     690    (-,-) 
  u_core/u_fifo/g577/Q              -       A->Q  F     INHDX0         3 13.8   159   182     872    (-,-) 
  u_core/u_fifo/g570/Q              -       D->Q  R     NA4I3HDX1      4 16.1   199   228    1099    (-,-) 
  u_core/u_fifo/g569/Q              -       A->Q  F     INHDX0         2  8.6    91   110    1210    (-,-) 
  u_core/u_fifo/g566/Q              -       AN->Q F     NO4I1HDX1      5 68.4   215   331    1541    (-,-) 
  u_core/u_drain_ctrl/g1075__4319/Q -       AN->Q F     NA3I2HDX1      3 15.8   148   366    1907    (-,-) 
  u_core/u_drain_ctrl/g1041/Q       -       A->Q  R     INHDX0         1  5.7   112   137    2043    (-,-) 
  u_core/u_fifo/g64/Q               -       B->Q  F     NA2I1HDX1      8 49.8   257   240    2283    (-,-) 
  u_core/u_fifo/g63/Q               -       A->Q  R     INHDX1         7 41.1   281   313    2596    (-,-) 
  u_core/u_fifo/g62/Q               -       A->Q  F     NA2HDX1        7 36.3   223   252    2848    (-,-) 
  u_core/u_fifo/g61/Q               -       B->Q  R     NO2I1HDX0      4 16.8   489   460    3308    (-,-) 
  u_core/u_fifo/g60/Q               -       A->Q  R     AND3HDX1      13 76.5   475   640    3948    (-,-) 
  u_core/u_fifo/g13220__4319/Q      -       A->Q  R     AND2HDX0       4 24.4   333   416    4364    (-,-) 
  u_core/u_fifo/g13140__1617/Q      -       A->Q  F     NA2HDX1        2 13.2   132   151    4514    (-,-) 
  u_core/u_fifo/g13065__6131/Q      -       A->Q  R     NA2HDX1        1  6.4   118   126    4641    (-,-) 
  u_core/u_fifo/g12895__8428/Q      -       C->Q  F     ON21HDX1       1  3.7    90    86    4727    (-,-) 
  u_core/u_fifo/mem_reg[40][0]/D    -       -     F     DFRQHDX0       1    -     -     0    4727    (-,-) 
#----------------------------------------------------------------------------------------------------------



Path 10: MET (944 ps) Setup Check with Pin u_core/u_fifo/mem_reg[24][0]/C->D
           View: tc_view
          Group: clk_sys
     Startpoint: (R) u_core/u_fifo/count_q_reg[0]/C
          Clock: (R) clk_sys
       Endpoint: (F) u_core/u_fifo/mem_reg[24][0]/D
          Clock: (R) clk_sys

                     Capture       Launch     
        Clock Edge:+    6250            0     
       Src Latency:+       0            0     
       Net Latency:+       0 (I)        0 (I) 
           Arrival:=    6250            0     
                                              
             Setup:-     279                  
       Uncertainty:-     300                  
     Required Time:=    5671                  
      Launch Clock:-       0                  
         Data Path:-    4727                  
             Slack:=     944                  

#----------------------------------------------------------------------------------------------------------
#           Timing Point            Flags   Arc   Edge   Cell     Fanout Load Trans Delay Arrival Instance 
#                                                                        (fF)  (ps)  (ps)   (ps)  Location 
#----------------------------------------------------------------------------------------------------------
  u_core/u_fifo/count_q_reg[0]/C    -       -     R     (arrival)    267    -   150     0       0    (-,-) 
  u_core/u_fifo/count_q_reg[0]/Q    -       C->Q  R     DFRRQHDX0      7 29.8   398   690     690    (-,-) 
  u_core/u_fifo/g577/Q              -       A->Q  F     INHDX0         3 13.8   159   182     872    (-,-) 
  u_core/u_fifo/g570/Q              -       D->Q  R     NA4I3HDX1      4 16.1   199   228    1099    (-,-) 
  u_core/u_fifo/g569/Q              -       A->Q  F     INHDX0         2  8.6    91   110    1210    (-,-) 
  u_core/u_fifo/g566/Q              -       AN->Q F     NO4I1HDX1      5 68.4   215   331    1541    (-,-) 
  u_core/u_drain_ctrl/g1075__4319/Q -       AN->Q F     NA3I2HDX1      3 15.8   148   366    1907    (-,-) 
  u_core/u_drain_ctrl/g1041/Q       -       A->Q  R     INHDX0         1  5.7   112   137    2043    (-,-) 
  u_core/u_fifo/g64/Q               -       B->Q  F     NA2I1HDX1      8 49.8   257   240    2283    (-,-) 
  u_core/u_fifo/g63/Q               -       A->Q  R     INHDX1         7 41.1   281   313    2596    (-,-) 
  u_core/u_fifo/g62/Q               -       A->Q  F     NA2HDX1        7 36.3   223   252    2848    (-,-) 
  u_core/u_fifo/g61/Q               -       B->Q  R     NO2I1HDX0      4 16.8   489   460    3308    (-,-) 
  u_core/u_fifo/g57/Q               -       A->Q  R     AND3HDX1      13 76.5   475   640    3948    (-,-) 
  u_core/u_fifo/g13219__6260/Q      -       A->Q  R     AND2HDX0       4 24.4   333   416    4364    (-,-) 
  u_core/u_fifo/g13146__6131/Q      -       A->Q  F     NA2HDX1        2 13.2   132   151    4514    (-,-) 
  u_core/u_fifo/g13009__8246/Q      -       A->Q  R     NA2HDX1        1  6.4   118   126    4641    (-,-) 
  u_core/u_fifo/g12890__5477/Q      -       C->Q  F     ON21HDX1       1  3.7    90    86    4727    (-,-) 
  u_core/u_fifo/mem_reg[24][0]/D    -       -     F     DFRQHDX0       1    -     -     0    4727    (-,-) 
#----------------------------------------------------------------------------------------------------------



Path 11: MET (944 ps) Setup Check with Pin u_core/u_fifo/mem_reg[16][0]/C->D
           View: tc_view
          Group: clk_sys
     Startpoint: (R) u_core/u_fifo/count_q_reg[0]/C
          Clock: (R) clk_sys
       Endpoint: (F) u_core/u_fifo/mem_reg[16][0]/D
          Clock: (R) clk_sys

                     Capture       Launch     
        Clock Edge:+    6250            0     
       Src Latency:+       0            0     
       Net Latency:+       0 (I)        0 (I) 
           Arrival:=    6250            0     
                                              
             Setup:-     279                  
       Uncertainty:-     300                  
     Required Time:=    5671                  
      Launch Clock:-       0                  
         Data Path:-    4727                  
             Slack:=     944                  

#----------------------------------------------------------------------------------------------------------
#           Timing Point            Flags   Arc   Edge   Cell     Fanout Load Trans Delay Arrival Instance 
#                                                                        (fF)  (ps)  (ps)   (ps)  Location 
#----------------------------------------------------------------------------------------------------------
  u_core/u_fifo/count_q_reg[0]/C    -       -     R     (arrival)    267    -   150     0       0    (-,-) 
  u_core/u_fifo/count_q_reg[0]/Q    -       C->Q  R     DFRRQHDX0      7 29.8   398   690     690    (-,-) 
  u_core/u_fifo/g577/Q              -       A->Q  F     INHDX0         3 13.8   159   182     872    (-,-) 
  u_core/u_fifo/g570/Q              -       D->Q  R     NA4I3HDX1      4 16.1   199   228    1099    (-,-) 
  u_core/u_fifo/g569/Q              -       A->Q  F     INHDX0         2  8.6    91   110    1210    (-,-) 
  u_core/u_fifo/g566/Q              -       AN->Q F     NO4I1HDX1      5 68.4   215   331    1541    (-,-) 
  u_core/u_drain_ctrl/g1075__4319/Q -       AN->Q F     NA3I2HDX1      3 15.8   148   366    1907    (-,-) 
  u_core/u_drain_ctrl/g1041/Q       -       A->Q  R     INHDX0         1  5.7   112   137    2043    (-,-) 
  u_core/u_fifo/g64/Q               -       B->Q  F     NA2I1HDX1      8 49.8   257   240    2283    (-,-) 
  u_core/u_fifo/g63/Q               -       A->Q  R     INHDX1         7 41.1   281   313    2596    (-,-) 
  u_core/u_fifo/g62/Q               -       A->Q  F     NA2HDX1        7 36.3   223   252    2848    (-,-) 
  u_core/u_fifo/g61/Q               -       B->Q  R     NO2I1HDX0      4 16.8   489   460    3308    (-,-) 
  u_core/u_fifo/g57/Q               -       A->Q  R     AND3HDX1      13 76.5   475   640    3948    (-,-) 
  u_core/u_fifo/g13219__6260/Q      -       A->Q  R     AND2HDX0       4 24.4   333   416    4364    (-,-) 
  u_core/u_fifo/g13148__5115/Q      -       A->Q  F     NA2HDX1        2 13.2   132   151    4514    (-,-) 
  u_core/u_fifo/g13014__7482/Q      -       A->Q  R     NA2HDX1        1  6.4   118   126    4641    (-,-) 
  u_core/u_fifo/g12888__7410/Q      -       C->Q  F     ON21HDX1       1  3.7    90    86    4727    (-,-) 
  u_core/u_fifo/mem_reg[16][0]/D    -       -     F     DFRQHDX0       1    -     -     0    4727    (-,-) 
#----------------------------------------------------------------------------------------------------------



Path 12: MET (945 ps) Setup Check with Pin u_core/u_fifo/mem_reg[32][0]/C->D
           View: tc_view
          Group: clk_sys
     Startpoint: (R) u_core/u_fifo/count_q_reg[0]/C
          Clock: (R) clk_sys
       Endpoint: (F) u_core/u_fifo/mem_reg[32][0]/D
          Clock: (R) clk_sys

                     Capture       Launch     
        Clock Edge:+    6250            0     
       Src Latency:+       0            0     
       Net Latency:+       0 (I)        0 (I) 
           Arrival:=    6250            0     
                                              
             Setup:-     279                  
       Uncertainty:-     300                  
     Required Time:=    5671                  
      Launch Clock:-       0                  
         Data Path:-    4727                  
             Slack:=     945                  

#----------------------------------------------------------------------------------------------------------
#           Timing Point            Flags   Arc   Edge   Cell     Fanout Load Trans Delay Arrival Instance 
#                                                                        (fF)  (ps)  (ps)   (ps)  Location 
#----------------------------------------------------------------------------------------------------------
  u_core/u_fifo/count_q_reg[0]/C    -       -     R     (arrival)    267    -   150     0       0    (-,-) 
  u_core/u_fifo/count_q_reg[0]/Q    -       C->Q  R     DFRRQHDX0      7 29.8   398   690     690    (-,-) 
  u_core/u_fifo/g577/Q              -       A->Q  F     INHDX0         3 13.8   159   182     872    (-,-) 
  u_core/u_fifo/g570/Q              -       D->Q  R     NA4I3HDX1      4 16.1   199   228    1099    (-,-) 
  u_core/u_fifo/g569/Q              -       A->Q  F     INHDX0         2  8.6    91   110    1210    (-,-) 
  u_core/u_fifo/g566/Q              -       AN->Q F     NO4I1HDX1      5 68.4   215   331    1541    (-,-) 
  u_core/u_drain_ctrl/g1075__4319/Q -       AN->Q F     NA3I2HDX1      3 15.8   148   366    1907    (-,-) 
  u_core/u_drain_ctrl/g1041/Q       -       A->Q  R     INHDX0         1  5.7   112   137    2043    (-,-) 
  u_core/u_fifo/g64/Q               -       B->Q  F     NA2I1HDX1      8 49.8   257   240    2283    (-,-) 
  u_core/u_fifo/g63/Q               -       A->Q  R     INHDX1         7 41.1   281   313    2596    (-,-) 
  u_core/u_fifo/g62/Q               -       A->Q  F     NA2HDX1        7 36.3   223   252    2848    (-,-) 
  u_core/u_fifo/g61/Q               -       B->Q  R     NO2I1HDX0      4 16.8   489   460    3308    (-,-) 
  u_core/u_fifo/g60/Q               -       A->Q  R     AND3HDX1      13 76.5   475   640    3948    (-,-) 
  u_core/u_fifo/g13220__4319/Q      -       A->Q  R     AND2HDX0       4 24.4   333   416    4364    (-,-) 
  u_core/u_fifo/g13138__6783/Q      -       A->Q  F     NA2HDX1        2 13.2   132   151    4514    (-,-) 
  u_core/u_fifo/g13068__9315/Q      -       A->Q  R     NA2HDX1        1  6.4   118   126    4641    (-,-) 
  u_core/u_fifo/g12892__5107/Q      -       C->Q  F     ON21HDX1       1  3.7    90    86    4727    (-,-) 
  u_core/u_fifo/mem_reg[32][0]/D    -       -     F     DFRQHDX0       1    -     -     0    4727    (-,-) 
#----------------------------------------------------------------------------------------------------------



Path 13: MET (945 ps) Setup Check with Pin u_core/u_fifo/mem_reg[8][0]/C->D
           View: tc_view
          Group: clk_sys
     Startpoint: (R) u_core/u_fifo/count_q_reg[0]/C
          Clock: (R) clk_sys
       Endpoint: (F) u_core/u_fifo/mem_reg[8][0]/D
          Clock: (R) clk_sys

                     Capture       Launch     
        Clock Edge:+    6250            0     
       Src Latency:+       0            0     
       Net Latency:+       0 (I)        0 (I) 
           Arrival:=    6250            0     
                                              
             Setup:-     279                  
       Uncertainty:-     300                  
     Required Time:=    5671                  
      Launch Clock:-       0                  
         Data Path:-    4727                  
             Slack:=     945                  

#----------------------------------------------------------------------------------------------------------
#           Timing Point            Flags   Arc   Edge   Cell     Fanout Load Trans Delay Arrival Instance 
#                                                                        (fF)  (ps)  (ps)   (ps)  Location 
#----------------------------------------------------------------------------------------------------------
  u_core/u_fifo/count_q_reg[0]/C    -       -     R     (arrival)    267    -   150     0       0    (-,-) 
  u_core/u_fifo/count_q_reg[0]/Q    -       C->Q  R     DFRRQHDX0      7 29.8   398   690     690    (-,-) 
  u_core/u_fifo/g577/Q              -       A->Q  F     INHDX0         3 13.8   159   182     872    (-,-) 
  u_core/u_fifo/g570/Q              -       D->Q  R     NA4I3HDX1      4 16.1   199   228    1099    (-,-) 
  u_core/u_fifo/g569/Q              -       A->Q  F     INHDX0         2  8.6    91   110    1210    (-,-) 
  u_core/u_fifo/g566/Q              -       AN->Q F     NO4I1HDX1      5 68.4   215   331    1541    (-,-) 
  u_core/u_drain_ctrl/g1075__4319/Q -       AN->Q F     NA3I2HDX1      3 15.8   148   366    1907    (-,-) 
  u_core/u_drain_ctrl/g1041/Q       -       A->Q  R     INHDX0         1  5.7   112   137    2043    (-,-) 
  u_core/u_fifo/g64/Q               -       B->Q  F     NA2I1HDX1      8 49.8   257   240    2283    (-,-) 
  u_core/u_fifo/g63/Q               -       A->Q  R     INHDX1         7 41.1   281   313    2596    (-,-) 
  u_core/u_fifo/g62/Q               -       A->Q  F     NA2HDX1        7 36.3   223   252    2848    (-,-) 
  u_core/u_fifo/g61/Q               -       B->Q  R     NO2I1HDX0      4 16.8   489   460    3308    (-,-) 
  u_core/u_fifo/g57/Q               -       A->Q  R     AND3HDX1      13 76.5   475   640    3948    (-,-) 
  u_core/u_fifo/g13219__6260/Q      -       A->Q  R     AND2HDX0       4 24.4   333   416    4364    (-,-) 
  u_core/u_fifo/g13145__7098/Q      -       A->Q  F     NA2HDX1        2 13.2   132   151    4514    (-,-) 
  u_core/u_fifo/g13013__5115/Q      -       A->Q  R     NA2HDX1        1  6.4   117   126    4641    (-,-) 
  u_core/u_fifo/g12899__1617/Q      -       C->Q  F     ON21HDX1       1  3.7    90    86    4727    (-,-) 
  u_core/u_fifo/mem_reg[8][0]/D     -       -     F     DFRQHDX0       1    -     -     0    4727    (-,-) 
#----------------------------------------------------------------------------------------------------------



Path 14: MET (945 ps) Setup Check with Pin u_core/u_fifo/mem_reg[0][0]/C->D
           View: tc_view
          Group: clk_sys
     Startpoint: (R) u_core/u_fifo/count_q_reg[0]/C
          Clock: (R) clk_sys
       Endpoint: (F) u_core/u_fifo/mem_reg[0][0]/D
          Clock: (R) clk_sys

                     Capture       Launch     
        Clock Edge:+    6250            0     
       Src Latency:+       0            0     
       Net Latency:+       0 (I)        0 (I) 
           Arrival:=    6250            0     
                                              
             Setup:-     279                  
       Uncertainty:-     300                  
     Required Time:=    5671                  
      Launch Clock:-       0                  
         Data Path:-    4727                  
             Slack:=     945                  

#----------------------------------------------------------------------------------------------------------
#           Timing Point            Flags   Arc   Edge   Cell     Fanout Load Trans Delay Arrival Instance 
#                                                                        (fF)  (ps)  (ps)   (ps)  Location 
#----------------------------------------------------------------------------------------------------------
  u_core/u_fifo/count_q_reg[0]/C    -       -     R     (arrival)    267    -   150     0       0    (-,-) 
  u_core/u_fifo/count_q_reg[0]/Q    -       C->Q  R     DFRRQHDX0      7 29.8   398   690     690    (-,-) 
  u_core/u_fifo/g577/Q              -       A->Q  F     INHDX0         3 13.8   159   182     872    (-,-) 
  u_core/u_fifo/g570/Q              -       D->Q  R     NA4I3HDX1      4 16.1   199   228    1099    (-,-) 
  u_core/u_fifo/g569/Q              -       A->Q  F     INHDX0         2  8.6    91   110    1210    (-,-) 
  u_core/u_fifo/g566/Q              -       AN->Q F     NO4I1HDX1      5 68.4   215   331    1541    (-,-) 
  u_core/u_drain_ctrl/g1075__4319/Q -       AN->Q F     NA3I2HDX1      3 15.8   148   366    1907    (-,-) 
  u_core/u_drain_ctrl/g1041/Q       -       A->Q  R     INHDX0         1  5.7   112   137    2043    (-,-) 
  u_core/u_fifo/g64/Q               -       B->Q  F     NA2I1HDX1      8 49.8   257   240    2283    (-,-) 
  u_core/u_fifo/g63/Q               -       A->Q  R     INHDX1         7 41.1   281   313    2596    (-,-) 
  u_core/u_fifo/g62/Q               -       A->Q  F     NA2HDX1        7 36.3   223   252    2848    (-,-) 
  u_core/u_fifo/g61/Q               -       B->Q  R     NO2I1HDX0      4 16.8   489   460    3308    (-,-) 
  u_core/u_fifo/g57/Q               -       A->Q  R     AND3HDX1      13 76.5   475   640    3948    (-,-) 
  u_core/u_fifo/g13219__6260/Q      -       A->Q  R     AND2HDX0       4 24.4   333   416    4364    (-,-) 
  u_core/u_fifo/g13137__5526/Q      -       A->Q  F     NA2HDX1        2 13.2   132   151    4514    (-,-) 
  u_core/u_fifo/g13067__6161/Q      -       A->Q  R     NA2HDX1        1  6.4   117   126    4641    (-,-) 
  u_core/u_fifo/g12893__6260/Q      -       C->Q  F     ON21HDX1       1  3.7    90    86    4727    (-,-) 
  u_core/u_fifo/mem_reg[0][0]/D     -       -     F     DFRQHDX0       1    -     -     0    4727    (-,-) 
#----------------------------------------------------------------------------------------------------------



Path 15: MET (945 ps) Setup Check with Pin u_core/u_fifo/mem_reg[56][0]/C->D
           View: tc_view
          Group: clk_sys
     Startpoint: (R) u_core/u_fifo/count_q_reg[0]/C
          Clock: (R) clk_sys
       Endpoint: (F) u_core/u_fifo/mem_reg[56][0]/D
          Clock: (R) clk_sys

                     Capture       Launch     
        Clock Edge:+    6250            0     
       Src Latency:+       0            0     
       Net Latency:+       0 (I)        0 (I) 
           Arrival:=    6250            0     
                                              
             Setup:-     279                  
       Uncertainty:-     300                  
     Required Time:=    5671                  
      Launch Clock:-       0                  
         Data Path:-    4726                  
             Slack:=     945                  

#----------------------------------------------------------------------------------------------------------
#           Timing Point            Flags   Arc   Edge   Cell     Fanout Load Trans Delay Arrival Instance 
#                                                                        (fF)  (ps)  (ps)   (ps)  Location 
#----------------------------------------------------------------------------------------------------------
  u_core/u_fifo/count_q_reg[0]/C    -       -     R     (arrival)    267    -   150     0       0    (-,-) 
  u_core/u_fifo/count_q_reg[0]/Q    -       C->Q  R     DFRRQHDX0      7 29.8   398   690     690    (-,-) 
  u_core/u_fifo/g577/Q              -       A->Q  F     INHDX0         3 13.8   159   182     872    (-,-) 
  u_core/u_fifo/g570/Q              -       D->Q  R     NA4I3HDX1      4 16.1   199   228    1099    (-,-) 
  u_core/u_fifo/g569/Q              -       A->Q  F     INHDX0         2  8.6    91   110    1210    (-,-) 
  u_core/u_fifo/g566/Q              -       AN->Q F     NO4I1HDX1      5 68.4   215   331    1541    (-,-) 
  u_core/u_drain_ctrl/g1075__4319/Q -       AN->Q F     NA3I2HDX1      3 15.8   148   366    1907    (-,-) 
  u_core/u_drain_ctrl/g1041/Q       -       A->Q  R     INHDX0         1  5.7   112   137    2043    (-,-) 
  u_core/u_fifo/g64/Q               -       B->Q  F     NA2I1HDX1      8 49.8   257   240    2283    (-,-) 
  u_core/u_fifo/g63/Q               -       A->Q  R     INHDX1         7 41.1   281   313    2596    (-,-) 
  u_core/u_fifo/g62/Q               -       A->Q  F     NA2HDX1        7 36.3   223   252    2848    (-,-) 
  u_core/u_fifo/g61/Q               -       B->Q  R     NO2I1HDX0      4 16.8   489   460    3308    (-,-) 
  u_core/u_fifo/g60/Q               -       A->Q  R     AND3HDX1      13 76.5   475   640    3948    (-,-) 
  u_core/u_fifo/g13220__4319/Q      -       A->Q  R     AND2HDX0       4 24.4   333   416    4364    (-,-) 
  u_core/u_fifo/g13150__4733/Q      -       A->Q  F     NA2HDX1        2 13.2   132   151    4514    (-,-) 
  u_core/u_fifo/g13062__2802/Q      -       A->Q  R     NA2HDX1        1  6.4   116   126    4641    (-,-) 
  u_core/u_fifo/g12901__1705/Q      -       C->Q  F     ON21HDX1       1  3.7    90    86    4726    (-,-) 
  u_core/u_fifo/mem_reg[56][0]/D    -       -     F     DFRQHDX0       1    -     -     0    4726    (-,-) 
#----------------------------------------------------------------------------------------------------------



Path 16: MET (945 ps) Setup Check with Pin u_core/u_fifo/mem_reg[60][0]/C->D
           View: tc_view
          Group: clk_sys
     Startpoint: (R) u_core/u_fifo/count_q_reg[0]/C
          Clock: (R) clk_sys
       Endpoint: (F) u_core/u_fifo/mem_reg[60][0]/D
          Clock: (R) clk_sys

                     Capture       Launch     
        Clock Edge:+    6250            0     
       Src Latency:+       0            0     
       Net Latency:+       0 (I)        0 (I) 
           Arrival:=    6250            0     
                                              
             Setup:-     279                  
       Uncertainty:-     300                  
     Required Time:=    5671                  
      Launch Clock:-       0                  
         Data Path:-    4726                  
             Slack:=     945                  

#----------------------------------------------------------------------------------------------------------
#           Timing Point            Flags   Arc   Edge   Cell     Fanout Load Trans Delay Arrival Instance 
#                                                                        (fF)  (ps)  (ps)   (ps)  Location 
#----------------------------------------------------------------------------------------------------------
  u_core/u_fifo/count_q_reg[0]/C    -       -     R     (arrival)    267    -   150     0       0    (-,-) 
  u_core/u_fifo/count_q_reg[0]/Q    -       C->Q  R     DFRRQHDX0      7 29.8   398   690     690    (-,-) 
  u_core/u_fifo/g577/Q              -       A->Q  F     INHDX0         3 13.8   159   182     872    (-,-) 
  u_core/u_fifo/g570/Q              -       D->Q  R     NA4I3HDX1      4 16.1   199   228    1099    (-,-) 
  u_core/u_fifo/g569/Q              -       A->Q  F     INHDX0         2  8.6    91   110    1210    (-,-) 
  u_core/u_fifo/g566/Q              -       AN->Q F     NO4I1HDX1      5 68.4   215   331    1541    (-,-) 
  u_core/u_drain_ctrl/g1075__4319/Q -       AN->Q F     NA3I2HDX1      3 15.8   148   366    1907    (-,-) 
  u_core/u_drain_ctrl/g1041/Q       -       A->Q  R     INHDX0         1  5.7   112   137    2043    (-,-) 
  u_core/u_fifo/g64/Q               -       B->Q  F     NA2I1HDX1      8 49.8   257   240    2283    (-,-) 
  u_core/u_fifo/g63/Q               -       A->Q  R     INHDX1         7 41.1   281   313    2596    (-,-) 
  u_core/u_fifo/g62/Q               -       A->Q  F     NA2HDX1        7 36.3   223   252    2848    (-,-) 
  u_core/u_fifo/g61/Q               -       B->Q  R     NO2I1HDX0      4 16.8   489   460    3308    (-,-) 
  u_core/u_fifo/g58/Q               -       A->Q  R     AND3HDX1      13 76.5   475   640    3948    (-,-) 
  u_core/u_fifo/g13218__5107/Q      -       A->Q  R     AND2HDX0       4 24.4   333   416    4364    (-,-) 
  u_core/u_fifo/g13135__4319/Q      -       A->Q  F     NA2HDX1        2 13.2   132   151    4514    (-,-) 
  u_core/u_fifo/g13063__1705/Q      -       A->Q  R     NA2HDX1        1  6.4   116   126    4641    (-,-) 
  u_core/u_fifo/g12886__2346/Q      -       C->Q  F     ON21HDX1       1  3.7    90    86    4726    (-,-) 
  u_core/u_fifo/mem_reg[60][0]/D    -       -     F     DFRQHDX0       1    -     -     0    4726    (-,-) 
#----------------------------------------------------------------------------------------------------------



Path 17: MET (945 ps) Setup Check with Pin u_core/u_fifo/mem_reg[44][0]/C->D
           View: tc_view
          Group: clk_sys
     Startpoint: (R) u_core/u_fifo/count_q_reg[0]/C
          Clock: (R) clk_sys
       Endpoint: (F) u_core/u_fifo/mem_reg[44][0]/D
          Clock: (R) clk_sys

                     Capture       Launch     
        Clock Edge:+    6250            0     
       Src Latency:+       0            0     
       Net Latency:+       0 (I)        0 (I) 
           Arrival:=    6250            0     
                                              
             Setup:-     279                  
       Uncertainty:-     300                  
     Required Time:=    5671                  
      Launch Clock:-       0                  
         Data Path:-    4726                  
             Slack:=     945                  

#----------------------------------------------------------------------------------------------------------
#           Timing Point            Flags   Arc   Edge   Cell     Fanout Load Trans Delay Arrival Instance 
#                                                                        (fF)  (ps)  (ps)   (ps)  Location 
#----------------------------------------------------------------------------------------------------------
  u_core/u_fifo/count_q_reg[0]/C    -       -     R     (arrival)    267    -   150     0       0    (-,-) 
  u_core/u_fifo/count_q_reg[0]/Q    -       C->Q  R     DFRRQHDX0      7 29.8   398   690     690    (-,-) 
  u_core/u_fifo/g577/Q              -       A->Q  F     INHDX0         3 13.8   159   182     872    (-,-) 
  u_core/u_fifo/g570/Q              -       D->Q  R     NA4I3HDX1      4 16.1   199   228    1099    (-,-) 
  u_core/u_fifo/g569/Q              -       A->Q  F     INHDX0         2  8.6    91   110    1210    (-,-) 
  u_core/u_fifo/g566/Q              -       AN->Q F     NO4I1HDX1      5 68.4   215   331    1541    (-,-) 
  u_core/u_drain_ctrl/g1075__4319/Q -       AN->Q F     NA3I2HDX1      3 15.8   148   366    1907    (-,-) 
  u_core/u_drain_ctrl/g1041/Q       -       A->Q  R     INHDX0         1  5.7   112   137    2043    (-,-) 
  u_core/u_fifo/g64/Q               -       B->Q  F     NA2I1HDX1      8 49.8   257   240    2283    (-,-) 
  u_core/u_fifo/g63/Q               -       A->Q  R     INHDX1         7 41.1   281   313    2596    (-,-) 
  u_core/u_fifo/g62/Q               -       A->Q  F     NA2HDX1        7 36.3   223   252    2848    (-,-) 
  u_core/u_fifo/g61/Q               -       B->Q  R     NO2I1HDX0      4 16.8   489   460    3308    (-,-) 
  u_core/u_fifo/g58/Q               -       A->Q  R     AND3HDX1      13 76.5   475   640    3948    (-,-) 
  u_core/u_fifo/g13218__5107/Q      -       A->Q  R     AND2HDX0       4 24.4   333   416    4364    (-,-) 
  u_core/u_fifo/g13142__1705/Q      -       A->Q  F     NA2HDX1        2 13.2   132   151    4514    (-,-) 
  u_core/u_fifo/g13012__1881/Q      -       A->Q  R     NA2HDX1        1  6.4   116   126    4641    (-,-) 
  u_core/u_fifo/g12897__6783/Q      -       C->Q  F     ON21HDX1       1  3.7    90    86    4726    (-,-) 
  u_core/u_fifo/mem_reg[44][0]/D    -       -     F     DFRQHDX0       1    -     -     0    4726    (-,-) 
#----------------------------------------------------------------------------------------------------------



Path 18: MET (945 ps) Setup Check with Pin u_core/u_fifo/mem_reg[28][0]/C->D
           View: tc_view
          Group: clk_sys
     Startpoint: (R) u_core/u_fifo/count_q_reg[0]/C
          Clock: (R) clk_sys
       Endpoint: (F) u_core/u_fifo/mem_reg[28][0]/D
          Clock: (R) clk_sys

                     Capture       Launch     
        Clock Edge:+    6250            0     
       Src Latency:+       0            0     
       Net Latency:+       0 (I)        0 (I) 
           Arrival:=    6250            0     
                                              
             Setup:-     279                  
       Uncertainty:-     300                  
     Required Time:=    5671                  
      Launch Clock:-       0                  
         Data Path:-    4726                  
             Slack:=     945                  

#----------------------------------------------------------------------------------------------------------
#           Timing Point            Flags   Arc   Edge   Cell     Fanout Load Trans Delay Arrival Instance 
#                                                                        (fF)  (ps)  (ps)   (ps)  Location 
#----------------------------------------------------------------------------------------------------------
  u_core/u_fifo/count_q_reg[0]/C    -       -     R     (arrival)    267    -   150     0       0    (-,-) 
  u_core/u_fifo/count_q_reg[0]/Q    -       C->Q  R     DFRRQHDX0      7 29.8   398   690     690    (-,-) 
  u_core/u_fifo/g577/Q              -       A->Q  F     INHDX0         3 13.8   159   182     872    (-,-) 
  u_core/u_fifo/g570/Q              -       D->Q  R     NA4I3HDX1      4 16.1   199   228    1099    (-,-) 
  u_core/u_fifo/g569/Q              -       A->Q  F     INHDX0         2  8.6    91   110    1210    (-,-) 
  u_core/u_fifo/g566/Q              -       AN->Q F     NO4I1HDX1      5 68.4   215   331    1541    (-,-) 
  u_core/u_drain_ctrl/g1075__4319/Q -       AN->Q F     NA3I2HDX1      3 15.8   148   366    1907    (-,-) 
  u_core/u_drain_ctrl/g1041/Q       -       A->Q  R     INHDX0         1  5.7   112   137    2043    (-,-) 
  u_core/u_fifo/g64/Q               -       B->Q  F     NA2I1HDX1      8 49.8   257   240    2283    (-,-) 
  u_core/u_fifo/g63/Q               -       A->Q  R     INHDX1         7 41.1   281   313    2596    (-,-) 
  u_core/u_fifo/g62/Q               -       A->Q  F     NA2HDX1        7 36.3   223   252    2848    (-,-) 
  u_core/u_fifo/g61/Q               -       B->Q  R     NO2I1HDX0      4 16.8   489   460    3308    (-,-) 
  u_core/u_fifo/g59/Q               -       A->Q  R     AND3HDX1      13 76.5   475   640    3948    (-,-) 
  u_core/u_fifo/g13217__2398/Q      -       A->Q  R     AND2HDX0       4 24.4   333   416    4364    (-,-) 
  u_core/u_fifo/g13136__8428/Q      -       A->Q  F     NA2HDX1        2 13.2   132   151    4514    (-,-) 
  u_core/u_fifo/g13064__7098/Q      -       A->Q  R     NA2HDX1        1  6.4   116   126    4641    (-,-) 
  u_core/u_fifo/g12891__2398/Q      -       C->Q  F     ON21HDX1       1  3.7    90    86    4726    (-,-) 
  u_core/u_fifo/mem_reg[28][0]/D    -       -     F     DFRQHDX0       1    -     -     0    4726    (-,-) 
#----------------------------------------------------------------------------------------------------------



Path 19: MET (945 ps) Setup Check with Pin u_core/u_fifo/mem_reg[12][0]/C->D
           View: tc_view
          Group: clk_sys
     Startpoint: (R) u_core/u_fifo/count_q_reg[0]/C
          Clock: (R) clk_sys
       Endpoint: (F) u_core/u_fifo/mem_reg[12][0]/D
          Clock: (R) clk_sys

                     Capture       Launch     
        Clock Edge:+    6250            0     
       Src Latency:+       0            0     
       Net Latency:+       0 (I)        0 (I) 
           Arrival:=    6250            0     
                                              
             Setup:-     279                  
       Uncertainty:-     300                  
     Required Time:=    5671                  
      Launch Clock:-       0                  
         Data Path:-    4726                  
             Slack:=     945                  

#----------------------------------------------------------------------------------------------------------
#           Timing Point            Flags   Arc   Edge   Cell     Fanout Load Trans Delay Arrival Instance 
#                                                                        (fF)  (ps)  (ps)   (ps)  Location 
#----------------------------------------------------------------------------------------------------------
  u_core/u_fifo/count_q_reg[0]/C    -       -     R     (arrival)    267    -   150     0       0    (-,-) 
  u_core/u_fifo/count_q_reg[0]/Q    -       C->Q  R     DFRRQHDX0      7 29.8   398   690     690    (-,-) 
  u_core/u_fifo/g577/Q              -       A->Q  F     INHDX0         3 13.8   159   182     872    (-,-) 
  u_core/u_fifo/g570/Q              -       D->Q  R     NA4I3HDX1      4 16.1   199   228    1099    (-,-) 
  u_core/u_fifo/g569/Q              -       A->Q  F     INHDX0         2  8.6    91   110    1210    (-,-) 
  u_core/u_fifo/g566/Q              -       AN->Q F     NO4I1HDX1      5 68.4   215   331    1541    (-,-) 
  u_core/u_drain_ctrl/g1075__4319/Q -       AN->Q F     NA3I2HDX1      3 15.8   148   366    1907    (-,-) 
  u_core/u_drain_ctrl/g1041/Q       -       A->Q  R     INHDX0         1  5.7   112   137    2043    (-,-) 
  u_core/u_fifo/g64/Q               -       B->Q  F     NA2I1HDX1      8 49.8   257   240    2283    (-,-) 
  u_core/u_fifo/g63/Q               -       A->Q  R     INHDX1         7 41.1   281   313    2596    (-,-) 
  u_core/u_fifo/g62/Q               -       A->Q  F     NA2HDX1        7 36.3   223   252    2848    (-,-) 
  u_core/u_fifo/g61/Q               -       B->Q  R     NO2I1HDX0      4 16.8   489   460    3308    (-,-) 
  u_core/u_fifo/g59/Q               -       A->Q  R     AND3HDX1      13 76.5   475   640    3948    (-,-) 
  u_core/u_fifo/g13217__2398/Q      -       A->Q  R     AND2HDX0       4 24.4   333   416    4364    (-,-) 
  u_core/u_fifo/g13149__7482/Q      -       A->Q  F     NA2HDX1        2 13.2   132   151    4514    (-,-) 
  u_core/u_fifo/g13008__5122/Q      -       A->Q  R     NA2HDX1        1  6.4   116   126    4641    (-,-) 
  u_core/u_fifo/g12887__1666/Q      -       C->Q  F     ON21HDX1       1  3.7    90    86    4726    (-,-) 
  u_core/u_fifo/mem_reg[12][0]/D    -       -     F     DFRQHDX0       1    -     -     0    4726    (-,-) 
#----------------------------------------------------------------------------------------------------------



Path 20: MET (945 ps) Setup Check with Pin u_core/u_fifo/mem_reg[48][0]/C->D
           View: tc_view
          Group: clk_sys
     Startpoint: (R) u_core/u_fifo/count_q_reg[0]/C
          Clock: (R) clk_sys
       Endpoint: (F) u_core/u_fifo/mem_reg[48][0]/D
          Clock: (R) clk_sys

                     Capture       Launch     
        Clock Edge:+    6250            0     
       Src Latency:+       0            0     
       Net Latency:+       0 (I)        0 (I) 
           Arrival:=    6250            0     
                                              
             Setup:-     279                  
       Uncertainty:-     300                  
     Required Time:=    5671                  
      Launch Clock:-       0                  
         Data Path:-    4726                  
             Slack:=     945                  

#----------------------------------------------------------------------------------------------------------
#           Timing Point            Flags   Arc   Edge   Cell     Fanout Load Trans Delay Arrival Instance 
#                                                                        (fF)  (ps)  (ps)   (ps)  Location 
#----------------------------------------------------------------------------------------------------------
  u_core/u_fifo/count_q_reg[0]/C    -       -     R     (arrival)    267    -   150     0       0    (-,-) 
  u_core/u_fifo/count_q_reg[0]/Q    -       C->Q  R     DFRRQHDX0      7 29.8   398   690     690    (-,-) 
  u_core/u_fifo/g577/Q              -       A->Q  F     INHDX0         3 13.8   159   182     872    (-,-) 
  u_core/u_fifo/g570/Q              -       D->Q  R     NA4I3HDX1      4 16.1   199   228    1099    (-,-) 
  u_core/u_fifo/g569/Q              -       A->Q  F     INHDX0         2  8.6    91   110    1210    (-,-) 
  u_core/u_fifo/g566/Q              -       AN->Q F     NO4I1HDX1      5 68.4   215   331    1541    (-,-) 
  u_core/u_drain_ctrl/g1075__4319/Q -       AN->Q F     NA3I2HDX1      3 15.8   148   366    1907    (-,-) 
  u_core/u_drain_ctrl/g1041/Q       -       A->Q  R     INHDX0         1  5.7   112   137    2043    (-,-) 
  u_core/u_fifo/g64/Q               -       B->Q  F     NA2I1HDX1      8 49.8   257   240    2283    (-,-) 
  u_core/u_fifo/g63/Q               -       A->Q  R     INHDX1         7 41.1   281   313    2596    (-,-) 
  u_core/u_fifo/g62/Q               -       A->Q  F     NA2HDX1        7 36.3   223   252    2848    (-,-) 
  u_core/u_fifo/g61/Q               -       B->Q  R     NO2I1HDX0      4 16.8   489   460    3308    (-,-) 
  u_core/u_fifo/g60/Q               -       A->Q  R     AND3HDX1      13 76.5   475   640    3948    (-,-) 
  u_core/u_fifo/g13220__4319/Q      -       A->Q  R     AND2HDX0       4 24.4   333   416    4364    (-,-) 
  u_core/u_fifo/g13144__8246/Q      -       A->Q  F     NA2HDX1        2 13.2   132   151    4514    (-,-) 
  u_core/u_fifo/g13071__2346/Q      -       A->Q  R     NA2HDX1        1  6.4   115   126    4641    (-,-) 
  u_core/u_fifo/g12898__3680/Q      -       C->Q  F     ON21HDX1       1  3.7    90    85    4726    (-,-) 
  u_core/u_fifo/mem_reg[48][0]/D    -       -     F     DFRQHDX0       1    -     -     0    4726    (-,-) 
#----------------------------------------------------------------------------------------------------------


