LABEL=SPADMIC_PVS_DRC_RULE_ANALYSIS
STATUS=PASS
RESULT=PVS_DRC_RULE_DEBT_CLASSIFIED
RUN_DIR=/sim/ksabra/SPADMIC_work/handoff/innovus/blocks/spadmic_position_core/innovus_ooc_harden_position_core_gridfit_20260717_114810/pvs/drc/position_density_drc_20260720_133314
OUTPUT_DIR=/sim/ksabra/SPADMIC_work/diagnostics/position_pvs_drc_density_execution_20260720_133314/rule_analysis
SOURCE_RUN_MUTATION_AUTHORIZED=NO
OUTPUT_LOCATION_STATUS=OUTSIDE_IMMUTABLE_SOURCE_RUN
REPLAY_CONTRACT_STATUS=PASS
OUTPUT_ISOLATION_STATUS=PASS
PVS_RC=0
PVS_DRC_STATUS=FAIL
PVS_DRC_VARIANT=DENSITY
LAYOUT_TOP=spadmic_position_core
DBU_PER_UM=1000
DECLARED_RULECHECK_COUNT=1300
NONZERO_RULE_COUNT=4
DRC_TOTAL_PRIMARY=4
DRC_TOTAL_EXPANDED=4
RESULT_COUNT_RECONCILIATION=PASS
ASCII_ERROR_GEOMETRY_RECONCILIATION=PASS
ANTENNA_CLASSIFICATION_POLICY=EXPLICIT_TERM_OR_CONDUCTOR_AREA_TO_CONNECTED_GATE_AREA_RATIO
AMBIGUOUS_RULE_POLICY=RETAIN_AS_NON_ANTENNA_REVIEW
VAR_ANT_RATIO_STATE=DEFINED
VAR_ANT_RATIO_SCOPE=ADDITIONAL_OPTIONAL_RULE_FAMILY_ONLY
DENSITY_STATE=DEFINED
ANTENNA_RULE_COUNT=0
ANTENNA_PRIMARY_RESULT_COUNT=0
ANTENNA_EXPANDED_RESULT_COUNT=0
ANTENNA_EXPLICIT_TERM_RULE_COUNT=0
ANTENNA_GATE_AREA_RATIO_RULE_COUNT=0
ANTENNA_RESULT_STATUS=ZERO
NON_ANTENNA_RULE_COUNT=4
NON_ANTENNA_PRIMARY_RESULT_COUNT=4
NON_ANTENNA_EXPANDED_RESULT_COUNT=4
NON_ANTENNA_RESULT_STATUS=NONZERO
INNOVUS_WAIVER_MARKER_COUNT=0
INNOVUS_WAIVER_MARKERS_WITH_PVS_HITS=0
PVS_RESULTS_OVERLAPPING_WAIVER_BOXES=0
CORRELATION_MARGIN_UM=0.350000
SPATIAL_BIN_UM=10.000000
SUMMARY=/sim/ksabra/SPADMIC_work/handoff/innovus/blocks/spadmic_position_core/innovus_ooc_harden_position_core_gridfit_20260717_114810/pvs/drc/position_density_drc_20260720_133314/spadmic_position_core_drc.sum
SUMMARY_SHA256=3795e9d3fb75b09a32c8900fc1df6bfdd39ced53c5c58a859f041f4b77ced315
ASCII_ERROR_DATABASE=/sim/ksabra/SPADMIC_work/handoff/innovus/blocks/spadmic_position_core/innovus_ooc_harden_position_core_gridfit_20260717_114810/pvs/drc/position_density_drc_20260720_133314/spadmic_position_core_drc.err
ASCII_ERROR_DATABASE_SHA256=6d88253be12597b5c9c421a4075dd4e811a8ebff63839d76906dc3a08a0319d8
CONTROL=/sim/ksabra/SPADMIC_work/handoff/innovus/blocks/spadmic_position_core/innovus_ooc_harden_position_core_gridfit_20260717_114810/pvs/drc/position_density_drc_20260720_133314/pvsdrcctl
CONTROL_SHA256=31828613e4a909e33714265ac6eed2d3271f40248583cfecac4e1cac93ac1e33
RULE_INVENTORY=/sim/ksabra/SPADMIC_work/diagnostics/position_pvs_drc_density_execution_20260720_133314/rule_analysis/pvs_drc_rule_inventory.tsv
NON_ANTENNA_RULES=/sim/ksabra/SPADMIC_work/diagnostics/position_pvs_drc_density_execution_20260720_133314/rule_analysis/pvs_drc_non_antenna_rules.tsv
ANTENNA_RULES=/sim/ksabra/SPADMIC_work/diagnostics/position_pvs_drc_density_execution_20260720_133314/rule_analysis/pvs_drc_antenna_rules.tsv
MARKER_GEOMETRY=/sim/ksabra/SPADMIC_work/diagnostics/position_pvs_drc_density_execution_20260720_133314/rule_analysis/pvs_drc_marker_geometry.tsv
SPATIAL_BINS=/sim/ksabra/SPADMIC_work/diagnostics/position_pvs_drc_density_execution_20260720_133314/rule_analysis/pvs_drc_spatial_bins.tsv
INNOVUS_CORRELATION=/sim/ksabra/SPADMIC_work/diagnostics/position_pvs_drc_density_execution_20260720_133314/rule_analysis/pvs_innovus_marker_correlation.tsv
MARKDOWN_REPORT=/sim/ksabra/SPADMIC_work/diagnostics/position_pvs_drc_density_execution_20260720_133314/rule_analysis/pvs_drc_non_antenna_analysis.md
RULE_DECK_TITLE=" XH018 PVS DRC/LVS File v10.1.1 : MET3 / METMID "
LAYOUT_SYSTEM=GDSII
LAYOUT_DEPTH=ALL
TEXT_DEPTH=0
LVS_MATCH_STATUS=UNCHANGED_SEPARATE_GATE
PVS_BASE_DRC_STATUS=UNCHANGED_SEPARATE_GATE
PVS_DENSITY_DRC_STATUS=FAIL
FINAL_SIGNOFF_READY=NO
BLOCK_PROMOTION_AUTHORIZED=NO
