# Excerpt from /sim/ksabra/SPADMIC_work/genus/genus_matrix_ooc_clean_20260630_1222/matrix_cfg_ctrl/reports/timing/report_timing_post_opt.rpt
# First 220 lines
============================================================
  Generated by:           Genus(TM) Synthesis Solution 22.13-s093_1
  Generated on:           Jun 30 2026  12:42:14 pm
  Module:                 spadmic_matrix_cfg_ctrl
  Operating conditions:   typ_1_80V_25C 
  Interconnect mode:      global
  Area mode:              physical library
============================================================


Path 1: MET (3490 ps) Setup Check with Pin cmd_req_tgl_sys_reg/C->SD
          Group: clk_sys
     Startpoint: (R) busy_o_reg/C
          Clock: (R) clk_sys
       Endpoint: (F) cmd_req_tgl_sys_reg/SD
          Clock: (R) clk_sys

                     Capture       Launch     
        Clock Edge:+    6250            0     
       Src Latency:+       0            0     
       Net Latency:+       0 (I)        0 (I) 
           Arrival:=    6250            0     
                                              
             Setup:-    1170                  
     Required Time:=    5080                  
      Launch Clock:-       0                  
         Data Path:-    1590                  
             Slack:=    3490                  

#-----------------------------------------------------------------------------------------------------
#     Timing Point       Flags   Arc   Edge      Cell       Fanout  Load Trans Delay Arrival Instance 
#                                                                   (fF)  (ps)  (ps)   (ps)  Location 
#-----------------------------------------------------------------------------------------------------
  busy_o_reg/C           -       -     R     (arrival)         150     -     0     0       0    (-,-) 
  busy_o_reg/Q           -       C->Q  F     DFRRJIHDX1          5  19.3   142   542     542    (-,-) 
  g22829__6260/Q         -       A->Q  F     OR2JIHDX1           3  39.5   156   389     931    (-,-) 
  g35649/Q               -       A->Q  F     OA21JIHDX2         74 278.1   409   659    1590    (-,-) 
  cmd_req_tgl_sys_reg/SD -       -     F     SDFRRQSSJIHDX1     74     -     -     0    1590    (-,-) 
#-----------------------------------------------------------------------------------------------------



Path 2: MET (3547 ps) Setup Check with Pin error_o_reg/C->D
          Group: clk_sys
     Startpoint: (R) busy_o_reg/C
          Clock: (R) clk_sys
       Endpoint: (F) error_o_reg/D
          Clock: (R) clk_sys

                     Capture       Launch     
        Clock Edge:+    6250            0     
       Src Latency:+       0            0     
       Net Latency:+       0 (I)        0 (I) 
           Arrival:=    6250            0     
                                              
             Setup:-     342                  
     Required Time:=    5908                  
      Launch Clock:-       0                  
         Data Path:-    2361                  
             Slack:=    3547                  

#------------------------------------------------------------------------------------------
# Timing Point   Flags   Arc   Edge    Cell      Fanout  Load Trans Delay Arrival Instance 
#                                                        (fF)  (ps)  (ps)   (ps)  Location 
#------------------------------------------------------------------------------------------
  busy_o_reg/C   -       -     R     (arrival)      150     -     0     0       0    (-,-) 
  busy_o_reg/Q   -       C->Q  F     DFRRJIHDX1       5  19.3   142   542     542    (-,-) 
  g22829__6260/Q -       A->Q  F     OR2JIHDX1        3  39.5   156   389     931    (-,-) 
  g35736/Q       -       A->Q  R     NO2JIHDX4       76 316.5  1075   873    1804    (-,-) 
  g35484/Q       -       C->Q  F     AN21JIHDX0       1   5.0   209   125    1929    (-,-) 
  g35308__1617/Q -       D->Q  F     AO211JIHDX0      1   5.1    96   432    2361    (-,-) 
  error_o_reg/D  -       -     F     DFRRQJIHDX1      1     -     -     0    2361    (-,-) 
#------------------------------------------------------------------------------------------



Path 3: MET (3636 ps) Setup Check with Pin done_o_reg/C->D
          Group: clk_sys
     Startpoint: (R) cmd_done_sync_sys_reg/C
          Clock: (R) clk_sys
       Endpoint: (F) done_o_reg/D
          Clock: (R) clk_sys

                     Capture       Launch     
        Clock Edge:+    6250            0     
       Src Latency:+       0            0     
       Net Latency:+       0 (I)        0 (I) 
           Arrival:=    6250            0     
                                              
             Setup:-     350                  
     Required Time:=    5900                  
      Launch Clock:-       0                  
         Data Path:-    2264                  
             Slack:=    3636                  

#---------------------------------------------------------------------------------------------------
#      Timing Point       Flags   Arc   Edge    Cell      Fanout  Load Trans Delay Arrival Instance 
#                                                                 (fF)  (ps)  (ps)   (ps)  Location 
#---------------------------------------------------------------------------------------------------
  cmd_done_sync_sys_reg/C -       -     R     (arrival)      150     -     0     0       0    (-,-) 
  cmd_done_sync_sys_reg/Q -       C->Q  F     DFRRQJIHDX1      2  14.4   116   466     466    (-,-) 
  g22882__2883/Q          -       A->Q  F     EO2JIHDX1        3  14.4   155   323     788    (-,-) 
  g22852__9945/Q          -       A->Q  R     NA2JIHDX1        4  30.1   308   295    1084    (-,-) 
  g22788__5107/Q          -       B->Q  F     NA3JIHDX1        2  10.5   142   164    1248    (-,-) 
  g22787__2398/Q          -       C->Q  R     ON21JIHDX2      65 273.0   809   906    2154    (-,-) 
  g22786/Q                -       A->Q  F     INJIHDX1         1   5.1   127   110    2264    (-,-) 
  done_o_reg/D            -       -     F     DFRRQJIHDX1      1     -     -     0    2264    (-,-) 
#---------------------------------------------------------------------------------------------------



Path 4: MET (3679 ps) Setup Check with Pin rdata_o_reg[63]/C->D
          Group: clk_sys
     Startpoint: (R) cmd_done_sync_sys_reg/C
          Clock: (R) clk_sys
       Endpoint: (R) rdata_o_reg[63]/D
          Clock: (R) clk_sys

                     Capture       Launch     
        Clock Edge:+    6250            0     
       Src Latency:+       0            0     
       Net Latency:+       0 (I)        0 (I) 
           Arrival:=    6250            0     
                                              
             Setup:-     132                  
     Required Time:=    6118                  
      Launch Clock:-       0                  
         Data Path:-    2439                  
             Slack:=    3679                  

#---------------------------------------------------------------------------------------------------
#      Timing Point       Flags   Arc   Edge    Cell      Fanout  Load Trans Delay Arrival Instance 
#                                                                 (fF)  (ps)  (ps)   (ps)  Location 
#---------------------------------------------------------------------------------------------------
  cmd_done_sync_sys_reg/C -       -     R     (arrival)      150     -     0     0       0    (-,-) 
  cmd_done_sync_sys_reg/Q -       C->Q  F     DFRRQJIHDX1      2  14.4   116   466     466    (-,-) 
  g22882__2883/Q          -       A->Q  F     EO2JIHDX1        3  14.4   155   323     788    (-,-) 
  g22852__9945/Q          -       A->Q  R     NA2JIHDX1        4  30.1   308   295    1084    (-,-) 
  g22788__5107/Q          -       B->Q  F     NA3JIHDX1        2  10.5   142   164    1248    (-,-) 
  g22787__2398/Q          -       C->Q  R     ON21JIHDX2      65 273.0   809   906    2154    (-,-) 
  g35663/Q                -       C->Q  R     AO22JIHDX0       1   5.2   111   285    2439    (-,-) 
  rdata_o_reg[63]/D       -       -     R     DFRRQJIHDX1      1     -     -     0    2439    (-,-) 
#---------------------------------------------------------------------------------------------------



Path 5: MET (3679 ps) Setup Check with Pin rdata_o_reg[62]/C->D
          Group: clk_sys
     Startpoint: (R) cmd_done_sync_sys_reg/C
          Clock: (R) clk_sys
       Endpoint: (R) rdata_o_reg[62]/D
          Clock: (R) clk_sys

                     Capture       Launch     
        Clock Edge:+    6250            0     
       Src Latency:+       0            0     
       Net Latency:+       0 (I)        0 (I) 
           Arrival:=    6250            0     
                                              
             Setup:-     132                  
     Required Time:=    6118                  
      Launch Clock:-       0                  
         Data Path:-    2439                  
             Slack:=    3679                  

#---------------------------------------------------------------------------------------------------
#      Timing Point       Flags   Arc   Edge    Cell      Fanout  Load Trans Delay Arrival Instance 
#                                                                 (fF)  (ps)  (ps)   (ps)  Location 
#---------------------------------------------------------------------------------------------------
  cmd_done_sync_sys_reg/C -       -     R     (arrival)      150     -     0     0       0    (-,-) 
  cmd_done_sync_sys_reg/Q -       C->Q  F     DFRRQJIHDX1      2  14.4   116   466     466    (-,-) 
  g22882__2883/Q          -       A->Q  F     EO2JIHDX1        3  14.4   155   323     788    (-,-) 
  g22852__9945/Q          -       A->Q  R     NA2JIHDX1        4  30.1   308   295    1084    (-,-) 
  g22788__5107/Q          -       B->Q  F     NA3JIHDX1        2  10.5   142   164    1248    (-,-) 
  g22787__2398/Q          -       C->Q  R     ON21JIHDX2      65 273.0   809   906    2154    (-,-) 
  g35671/Q                -       C->Q  R     AO22JIHDX0       1   5.2   111   285    2439    (-,-) 
  rdata_o_reg[62]/D       -       -     R     DFRRQJIHDX1      1     -     -     0    2439    (-,-) 
#---------------------------------------------------------------------------------------------------



Path 6: MET (3679 ps) Setup Check with Pin rdata_o_reg[61]/C->D
          Group: clk_sys
     Startpoint: (R) cmd_done_sync_sys_reg/C
          Clock: (R) clk_sys
       Endpoint: (R) rdata_o_reg[61]/D
          Clock: (R) clk_sys

                     Capture       Launch     
        Clock Edge:+    6250            0     
       Src Latency:+       0            0     
       Net Latency:+       0 (I)        0 (I) 
           Arrival:=    6250            0     
                                              
             Setup:-     132                  
     Required Time:=    6118                  
      Launch Clock:-       0                  
         Data Path:-    2439                  
             Slack:=    3679                  

#---------------------------------------------------------------------------------------------------
#      Timing Point       Flags   Arc   Edge    Cell      Fanout  Load Trans Delay Arrival Instance 
#                                                                 (fF)  (ps)  (ps)   (ps)  Location 
#---------------------------------------------------------------------------------------------------
  cmd_done_sync_sys_reg/C -       -     R     (arrival)      150     -     0     0       0    (-,-) 
  cmd_done_sync_sys_reg/Q -       C->Q  F     DFRRQJIHDX1      2  14.4   116   466     466    (-,-) 
  g22882__2883/Q          -       A->Q  F     EO2JIHDX1        3  14.4   155   323     788    (-,-) 
  g22852__9945/Q          -       A->Q  R     NA2JIHDX1        4  30.1   308   295    1084    (-,-) 
  g22788__5107/Q          -       B->Q  F     NA3JIHDX1        2  10.5   142   164    1248    (-,-) 
  g22787__2398/Q          -       C->Q  R     ON21JIHDX2      65 273.0   809   906    2154    (-,-) 
  g35613/Q                -       C->Q  R     AO22JIHDX0       1   5.2   111   285    2439    (-,-) 
  rdata_o_reg[61]/D       -       -     R     DFRRQJIHDX1      1     -     -     0    2439    (-,-) 
#---------------------------------------------------------------------------------------------------



Path 7: MET (3679 ps) Setup Check with Pin rdata_o_reg[60]/C->D
          Group: clk_sys
     Startpoint: (R) cmd_done_sync_sys_reg/C
          Clock: (R) clk_sys
