*** timeDesign #4 [begin] : totSession cpu/real = 0:12:15.4/0:13:46.0 (0.9), mem = 2758.3M
Start to check current routing status for nets...
All nets are already routed correctly.
End to check current routing status for nets (mem=2744.8M)
OPTC: user 20.0
Starting delay calculation for Hold views
AAE_INFO: opIsDesignInPostRouteState() is 0
#################################################################################
# Design Stage: PreRoute
# Design Name: mptdc_axis_core
# Design Mode: 180nm
# Analysis Mode: MMMC Non-OCV 
# Parasitics Mode: No SPEF/RCDB 
# Signoff Settings: SI Off 
#################################################################################
Calculate delays in Single mode...
Start delay calculation (fullDC) (1 T). (MEM=2765.33)
Total number of fetched objects 14979
AAE_INFO: Total number of nets for which stage creation was skipped for all views 0
End delay calculation. (MEM=2799.03 CPU=0:00:02.5 REAL=0:00:02.0)
End delay calculation (fullDC). (MEM=2799.03 CPU=0:00:03.0 REAL=0:00:03.0)
*** Done Building Timing Graph (cpu=0:00:03.8 real=0:00:04.0 totSessionCpu=0:12:20 mem=2799.0M)

------------------------------------------------------------------
          timeDesign Summary
------------------------------------------------------------------

Hold views included:
 TC_NOMINAL 

+--------------------+---------+---------+---------+
|     Hold mode      |   all   | reg2reg | default |
+--------------------+---------+---------+---------+
|           WNS (ns):| -0.111  |  0.139  | -0.111  |
|           TNS (ns):| -1.035  |  0.000  | -1.035  |
|    Violating Paths:|   22    |    0    |   22    |
|          All Paths:|  4886   |  4862   |  2188   |
+--------------------+---------+---------+---------+

Density: 53.419%
Routing Overflow: 1.10% H and 0.02% V
------------------------------------------------------------------
Reported timing to dir ./timingReports
Total CPU time: 5.09 sec
Total Real time: 5.0 sec
Total Memory Usage: 2721.511719 Mbytes
