RO_TUNE6_INSTANCE_COUNT=2
RO_TUNE6_INSTANCE=u_core_u_osc_fast_u_ro_tune4
RO_TUNE6_INSTANCE=u_core_u_osc_slow_u_ro_tune4
COMMAND=globalNetConnect VDD -type pgpin -pin vddi -inst *
STATUS=PASS
COMMAND=globalNetConnect VSS -type pgpin -pin gndi -inst *
STATUS=PASS
COMMAND=globalNetConnect VDD -type pgpin -pin VDD -inst u_core_u_osc_fast_u_ro_tune4
STATUS=PASS
COMMAND=globalNetConnect VDD -type pgpin -pin vdd! -inst u_core_u_osc_fast_u_ro_tune4
STATUS=PASS
COMMAND=globalNetConnect VSS -type pgpin -pin VSS -inst u_core_u_osc_fast_u_ro_tune4
STATUS=PASS
COMMAND=globalNetConnect VDD -type pgpin -pin VDD -inst u_core_u_osc_slow_u_ro_tune4
STATUS=PASS
COMMAND=globalNetConnect VDD -type pgpin -pin vdd! -inst u_core_u_osc_slow_u_ro_tune4
STATUS=PASS
COMMAND=globalNetConnect VSS -type pgpin -pin VSS -inst u_core_u_osc_slow_u_ro_tune4
STATUS=PASS
IMPDB-1221=0
PG_CONNECTIVITY_STAGE=PRE_PLACEMENT_GLOBAL_NET_CONNECT
UNCONNECTED_STDCELL_PG_PINS=DEFER_TO_POSTROUTE_CONNECTIVITY_GATE
UNCONNECTED_RO_PG_PINS=DEFER_TO_POSTROUTE_CONNECTIVITY_GATE
PG_OPENS=DEFER_TO_POSTROUTE_CONNECTIVITY_GATE
PG_SHORTS=DEFER_TO_POSTROUTE_CONNECTIVITY_GATE
