STEP=TIE1_INSERTION_TRIAL
CHECKPOINT=/sim/ksabra/SPADMIC_work/innovus/20260828_mptdc_tie1_insertion_trial_101440/source_checkpoint_safe/repaired_route.enc.dat
TOP_CELL=mptdc_axis_core
RESTORE_STATUS=PASS
RESTORE_ERROR=NONE
COMMAND_PRECHECK=FAIL
COMMAND_PRECHECK_REASONS=baseline_unrouted_nonzero baseline_marker_signature_count_mismatch
BASELINE_SNAPSHOT_STATUS=PASS
BASELINE_SNAPSHOT_ERROR=NONE
BASELINE_PLACEMENT_STATUS=PASS
BASELINE_PLACEMENT_ERROR=NONE
FINAL_SNAPSHOT_STATUS=PASS
FINAL_SNAPSHOT_ERROR=NONE
FINAL_PLACEMENT_STATUS=PASS
FINAL_PLACEMENT_ERROR=NONE
SET_TIE_MODE_STATUS=NOT_RUN
ADD_TIE_STATUS=NOT_RUN
SELECTED_ROUTE_STATUS=NOT_RUN
EXPECTED_FLAGGED_HIGH_TERM_COUNT=91
BASELINE_FLAGGED_HIGH_TERM_COUNT=91
FINAL_FLAGGED_HIGH_TERM_COUNT=91
FINAL_CONNECTED_HIGH_TERM_COUNT=0
FINAL_DISCONNECTED_HIGH_TERM_COUNT=91
FINAL_FLAGGED_LOW_TERM_COUNT=0
FINAL_TIE_NET_COUNT=0
TIE_NET_SOURCE_CONTRACT_STATUS=PASS
TIE_NET_ROUTE_STATUS=PASS
TIE_FANOUT_STATUS=PASS
MAX_OBSERVED_TIE_FANOUT=0
TIE_HIGH_INSTANCE_DELTA=0
TARGET_HIGH_INSTANCE_DELTA=0
ALTERNATE_TIE_MASTER_DELTA=0
TIE_LOW_INSTANCE_DELTA=0
FILLER_COUNT_BEFORE=24797
FILLER_COUNT_AFTER=24797
FILLER_DELTA=0
TOTAL_INSTANCE_DELTA=0
UNEXPLAINED_INSTANCE_DELTA=0
PHYSICAL_DEBT_PRESERVATION_STATUS=PASS
BASELINE_DRC=1
BASELINE_SHORTS=0
BASELINE_DRC_STATUS=FAIL
BASELINE_REGULAR_CONNECTIVITY_BAD=0
BASELINE_REGULAR_CONNECTIVITY_BAD_LINES=
BASELINE_SPECIAL_CONNECTIVITY_BAD=1
BASELINE_SPECIAL_CONNECTIVITY_BAD_LINES={Net VDD: dangling Wire.} {Net VSS: dangling Wire.} {15 Problem(s) (IMPVFC-94): The net has dangling wire(s).} {Verification Complete : 15 Viols.  0 Wrngs.}
BASELINE_SPECIAL_CONNECTIVITY_RAW_BAD=1
BASELINE_SPECIAL_CONNECTIVITY_FILTER_STATUS=DISABLED
BASELINE_SPECIAL_CONNECTIVITY_FILTERED_RO_TERMINALS=0
BASELINE_SPECIAL_CONNECTIVITY_NON_RO_FAILURES=0
BASELINE_SPECIAL_CONNECTIVITY_FILTER_REPORT=
BASELINE_UNROUTED_NETS=UNKNOWN
BASELINE_UNROUTED_NETS_SOURCE=report_route
BASELINE_ROUTE_GATE_PASS=0
BASELINE_DRC_REPORT=/sim/ksabra/SPADMIC_work/innovus/20260828_mptdc_tie1_insertion_trial_101440/reports/tie1_trial_baseline_verify_drc.rpt
BASELINE_REGULAR_CONNECTIVITY_REPORT=/sim/ksabra/SPADMIC_work/innovus/20260828_mptdc_tie1_insertion_trial_101440/reports/tie1_trial_baseline_verify_connectivity_regular.rpt
BASELINE_SPECIAL_CONNECTIVITY_REPORT=/sim/ksabra/SPADMIC_work/innovus/20260828_mptdc_tie1_insertion_trial_101440/reports/tie1_trial_baseline_verify_connectivity_special.rpt
BASELINE_REPORT_ROUTE=/sim/ksabra/SPADMIC_work/innovus/20260828_mptdc_tie1_insertion_trial_101440/reports/tie1_trial_baseline_report_route.rpt
BASELINE_MARKER_REPORT=/sim/ksabra/SPADMIC_work/innovus/20260828_mptdc_tie1_insertion_trial_101440/reports/tie1_trial_baseline_verify_drc_markers.tsv
BASELINE_DRC_MARKER_SIGNATURE_COUNT=52
BASELINE_DRC_MARKER_SIGNATURE={{1004.17 106.54 1004.5 107.41}	MET3	Antenna	AntSAreaRatio	Pin of Net soft_reset_i Actual:     386.058     Max:     380} {{1007.86 107.07 1007.935 107.41}	MET3	Antenna	AntSAreaRatio	Pin of Net soft_reset_i Actual:     386.058     Max:     380} {{121.16 233.62 121.16 233.62}	METTP	Connectivity	ConnectivityAntenna	Net VDD} {{121.16 648.32 121.16 648.32}	METTP	Connectivity	ConnectivityAntenna	Net VDD} {{125.16 158.32 125.16 158.32}	METTP	Connectivity	ConnectivityAntenna	Net VSS} {{125.16 233.62 125.16 233.62}	METTP	Connectivity	ConnectivityAntenna	Net VSS} {{125.16 648.32 125.16 648.32}	METTP	Connectivity	ConnectivityAntenna	Net VSS} {{125.16 721.75 125.16 721.75}	METTP	Connectivity	ConnectivityAntenna	Net VSS} {{205.16 158.32 205.16 158.32}	METTP	Connectivity	ConnectivityAntenna	Net VSS} {{221.75 201.16 221.75 201.16}	MET3	Connectivity	ConnectivityAntenna	Net VDD} {{221.75 205.16 221.75 205.16}	MET3	Connectivity	ConnectivityAntenna	Net VSS} {{221.75 681.16 221.75 681.16}	MET3	Connectivity	ConnectivityAntenna	Net VDD} {{221.75 685.16 221.75 685.16}	MET3	Connectivity	ConnectivityAntenna	Net VSS} {{385.06 328.29 385.75 328.52}	MET1	Geometry	Minimal_Area	Regular Wire of Net u_core_n_57556 Actual: 0.17770000 Required: 0.20200000 Type: Minimum Area # 177700 202000 64 1 : 385.3700 328.2650 385.7500 328.5450 1     LEF Description:  AREA 0.202000 ; } {{48.0 201.16 48.0 201.16}	MET3	Connectivity	ConnectivityAntenna	Net VDD} {{48.0 205.16 48.0 205.16}	MET3	Connectivity	ConnectivityAntenna	Net VSS} {{48.0 681.16 48.0 681.16}	MET3	Connectivity	ConnectivityAntenna	Net VDD} {{48.0 685.16 48.0 685.16}	MET3	Connectivity	ConnectivityAntenna	Net VSS} {{688.38 264.4 689.22 264.8}	MET3	Antenna	AntSAreaRatio	Pin of Net ro_fast_code_i[0] Actual:     2638.87     Max:     380} {{688.38 273.36 689.22 273.76}	MET3	Antenna	AntSAreaRatio	Pin of Net ro_fast_code_i[4] Actual:     2620.92     Max:     380} {{688.38 277.28 689.22 277.68}	MET3	Antenna	AntSAreaRatio	Pin of Net ro_slow_code_i[4] Actual:     649.86     Max:     380} {{690.62 268.32 691.46 268.72}	MET3	Antenna	AntSAreaRatio	Pin of Net ro_fast_code_i[6] Actual:     2572.13     Max:     380} {{693.42 277.28 694.26 277.68}	MET3	Antenna	AntSAreaRatio	Pin of Net ro_slow_code_i[3] Actual:     2540.19     Max:     380} {{693.42 291.28 694.26 291.68}	MET2	Antenna	AntSAreaRatio	Pin of Net ro_slow_code_i[2] Actual:     380.191     Max:     380} {{693.42 291.28 694.26 291.68}	MET3	Antenna	AntSAreaRatio	Pin of Net ro_slow_code_i[2] Actual:     2524.77     Max:     380} {{694.54 255.44 695.38 255.84}	MET3	Antenna	AntSAreaRatio	Pin of Net ro_fast_code_i[7] Actual:     2561.22     Max:     380} {{696.22 264.4 697.06 264.8}	MET3	Antenna	AntSAreaRatio	Pin of Net ro_fast_code_i[3] Actual:     2546.35     Max:     380} {{707.98 277.28 708.82 277.68}	MET3	Antenna	AntSAreaRatio	Pin of Net ro_slow_code_i[7] Actual:     2451.31     Max:     380} {{708.54 273.36 709.38 273.76}	MET3	Antenna	AntSAreaRatio	Pin of Net ro_slow_code_i[6] Actual:     2460.56     Max:     380} {{709.66 259.36 710.5 259.76}	MET3	Antenna	AntSAreaRatio	Pin of Net ro_fast_code_i[1] Actual:     2539.64     Max:     380} {{709.66 264.4 710.5 264.8}	MET3	Antenna	AntSAreaRatio	Pin of Net ro_fast_code_i[5] Actual:     2546.91     Max:     380} {{710.22 250.4 711.06 250.8}	MET3	Antenna	AntSAreaRatio	Pin of Net ro_fast_code_i[2] Actual:     2477.96     Max:     380} {{714.7 286.24 715.54 286.64}	MET3	Antenna	AntSAreaRatio	Pin of Net ro_slow_code_i[0] Actual:     2470.36     Max:     380} {{714.7 291.28 715.54 291.68}	MET3	Antenna	AntSAreaRatio	Pin of Net ro_slow_code_i[1] Actual:     2466.73     Max:     380} {{714.7 304.16 715.54 304.56}	MET3	Antenna	AntSAreaRatio	Pin of Net ro_slow_code_i[5] Actual:     2402.52     Max:     380} {{714.7 425.15 714.98 426.05}	MET3	Antenna	AntSAreaRatio	Pin of Net max_hits_i[0] Actual:     694.281     Max:     380} {{715.77 420.67 716.1 421.57}	MET3	Antenna	AntSAreaRatio	Pin of Net max_hits_i[1] Actual:     547.537     Max:     380} {{715.82 407.26 716.1 408.1}	MET3	Antenna	AntSAreaRatio	Pin of Net max_hits_i[1] Actual:     547.537     Max:     380} {{715.82 452.59 716.15 453.49}	MET3	Antenna	AntSAreaRatio	Pin of Net conv_arm_i Actual:     1199.82     Max:     380} {{716.38 416.73 717.22 417.11}	MET3	Antenna	AntSAreaRatio	Pin of Net max_hits_i[1] Actual:     547.537     Max:     380} {{716.38 420.67 716.71 421.57}	MET3	Antenna	AntSAreaRatio	Pin of Net max_hits_i[0] Actual:     694.281     Max:     380} {{724.205 420.57 724.5 421.57}	MET3	Antenna	AntSAreaRatio	Pin of Net max_hits_i[3] Actual:     449.219     Max:     380} {{724.22 407.26 724.5 408.1}	MET3	Antenna	AntSAreaRatio	Pin of Net max_hits_i[3] Actual:     449.219     Max:     380} {{724.22 416.75 724.5 417.65}	MET3	Antenna	AntSAreaRatio	Pin of Net max_hits_i[3] Actual:     449.219     Max:     380} {{730.94 407.26 731.22 408.1}	MET3	Antenna	AntSAreaRatio	Pin of Net max_hits_i[0] Actual:     694.281     Max:     380} {{735.98 429.61 736.795 429.94}	MET3	Antenna	AntSAreaRatio	Pin of Net max_hits_i[1] Actual:     547.537     Max:     380} {{736.465 411.71 736.54 412.05}	MET3	Antenna	AntSAreaRatio	Pin of Net max_hits_i[2] Actual:     538.04     Max:     380} {{736.54 407.26 736.82 408.1}	MET3	Antenna	AntSAreaRatio	Pin of Net max_hits_i[2] Actual:     538.04     Max:     380} {{736.54 431.34 737.355 431.69}	MET3	Antenna	AntSAreaRatio	Pin of Net max_hits_i[3] Actual:     449.219     Max:     380} {{737.56 429.1 737.94 429.915}	MET3	Antenna	AntSAreaRatio	Pin of Net max_hits_i[2] Actual:     538.04     Max:     380} {{739.34 420.11 739.62 421.01}	MET3	Antenna	AntSAreaRatio	Pin of Net max_hits_i[2] Actual:     538.04     Max:     380} {{791.39 537.245 791.73 538.555}	MET3	Antenna	AntSAreaRatio	Pin of Net fifo_clr_i Actual:     513.358     Max:     380}
FINAL_DRC=1
FINAL_SHORTS=0
FINAL_DRC_STATUS=FAIL
FINAL_REGULAR_CONNECTIVITY_BAD=0
FINAL_REGULAR_CONNECTIVITY_BAD_LINES=
FINAL_SPECIAL_CONNECTIVITY_BAD=1
FINAL_SPECIAL_CONNECTIVITY_BAD_LINES={Net VDD: dangling Wire.} {Net VSS: dangling Wire.} {15 Problem(s) (IMPVFC-94): The net has dangling wire(s).} {Verification Complete : 15 Viols.  0 Wrngs.}
FINAL_SPECIAL_CONNECTIVITY_RAW_BAD=1
FINAL_SPECIAL_CONNECTIVITY_FILTER_STATUS=DISABLED
FINAL_SPECIAL_CONNECTIVITY_FILTERED_RO_TERMINALS=0
FINAL_SPECIAL_CONNECTIVITY_NON_RO_FAILURES=0
FINAL_SPECIAL_CONNECTIVITY_FILTER_REPORT=
FINAL_UNROUTED_NETS=UNKNOWN
FINAL_UNROUTED_NETS_SOURCE=report_route
FINAL_ROUTE_GATE_PASS=0
FINAL_DRC_REPORT=/sim/ksabra/SPADMIC_work/innovus/20260828_mptdc_tie1_insertion_trial_101440/reports/tie1_trial_final_verify_drc.rpt
FINAL_REGULAR_CONNECTIVITY_REPORT=/sim/ksabra/SPADMIC_work/innovus/20260828_mptdc_tie1_insertion_trial_101440/reports/tie1_trial_final_verify_connectivity_regular.rpt
FINAL_SPECIAL_CONNECTIVITY_REPORT=/sim/ksabra/SPADMIC_work/innovus/20260828_mptdc_tie1_insertion_trial_101440/reports/tie1_trial_final_verify_connectivity_special.rpt
FINAL_REPORT_ROUTE=/sim/ksabra/SPADMIC_work/innovus/20260828_mptdc_tie1_insertion_trial_101440/reports/tie1_trial_final_report_route.rpt
FINAL_MARKER_REPORT=/sim/ksabra/SPADMIC_work/innovus/20260828_mptdc_tie1_insertion_trial_101440/reports/tie1_trial_final_verify_drc_markers.tsv
FINAL_DRC_MARKER_SIGNATURE_COUNT=52
FINAL_DRC_MARKER_SIGNATURE={{1004.17 106.54 1004.5 107.41}	MET3	Antenna	AntSAreaRatio	Pin of Net soft_reset_i Actual:     386.058     Max:     380} {{1007.86 107.07 1007.935 107.41}	MET3	Antenna	AntSAreaRatio	Pin of Net soft_reset_i Actual:     386.058     Max:     380} {{121.16 233.62 121.16 233.62}	METTP	Connectivity	ConnectivityAntenna	Net VDD} {{121.16 648.32 121.16 648.32}	METTP	Connectivity	ConnectivityAntenna	Net VDD} {{125.16 158.32 125.16 158.32}	METTP	Connectivity	ConnectivityAntenna	Net VSS} {{125.16 233.62 125.16 233.62}	METTP	Connectivity	ConnectivityAntenna	Net VSS} {{125.16 648.32 125.16 648.32}	METTP	Connectivity	ConnectivityAntenna	Net VSS} {{125.16 721.75 125.16 721.75}	METTP	Connectivity	ConnectivityAntenna	Net VSS} {{205.16 158.32 205.16 158.32}	METTP	Connectivity	ConnectivityAntenna	Net VSS} {{221.75 201.16 221.75 201.16}	MET3	Connectivity	ConnectivityAntenna	Net VDD} {{221.75 205.16 221.75 205.16}	MET3	Connectivity	ConnectivityAntenna	Net VSS} {{221.75 681.16 221.75 681.16}	MET3	Connectivity	ConnectivityAntenna	Net VDD} {{221.75 685.16 221.75 685.16}	MET3	Connectivity	ConnectivityAntenna	Net VSS} {{385.06 328.29 385.75 328.52}	MET1	Geometry	Minimal_Area	Regular Wire of Net u_core_n_57556 Actual: 0.17770000 Required: 0.20200000 Type: Minimum Area # 177700 202000 64 1 : 385.3700 328.2650 385.7500 328.5450 1     LEF Description:  AREA 0.202000 ; } {{48.0 201.16 48.0 201.16}	MET3	Connectivity	ConnectivityAntenna	Net VDD} {{48.0 205.16 48.0 205.16}	MET3	Connectivity	ConnectivityAntenna	Net VSS} {{48.0 681.16 48.0 681.16}	MET3	Connectivity	ConnectivityAntenna	Net VDD} {{48.0 685.16 48.0 685.16}	MET3	Connectivity	ConnectivityAntenna	Net VSS} {{688.38 264.4 689.22 264.8}	MET3	Antenna	AntSAreaRatio	Pin of Net ro_fast_code_i[0] Actual:     2638.87     Max:     380} {{688.38 273.36 689.22 273.76}	MET3	Antenna	AntSAreaRatio	Pin of Net ro_fast_code_i[4] Actual:     2620.92     Max:     380} {{688.38 277.28 689.22 277.68}	MET3	Antenna	AntSAreaRatio	Pin of Net ro_slow_code_i[4] Actual:     649.86     Max:     380} {{690.62 268.32 691.46 268.72}	MET3	Antenna	AntSAreaRatio	Pin of Net ro_fast_code_i[6] Actual:     2572.13     Max:     380} {{693.42 277.28 694.26 277.68}	MET3	Antenna	AntSAreaRatio	Pin of Net ro_slow_code_i[3] Actual:     2540.19     Max:     380} {{693.42 291.28 694.26 291.68}	MET2	Antenna	AntSAreaRatio	Pin of Net ro_slow_code_i[2] Actual:     380.191     Max:     380} {{693.42 291.28 694.26 291.68}	MET3	Antenna	AntSAreaRatio	Pin of Net ro_slow_code_i[2] Actual:     2524.77     Max:     380} {{694.54 255.44 695.38 255.84}	MET3	Antenna	AntSAreaRatio	Pin of Net ro_fast_code_i[7] Actual:     2561.22     Max:     380} {{696.22 264.4 697.06 264.8}	MET3	Antenna	AntSAreaRatio	Pin of Net ro_fast_code_i[3] Actual:     2546.35     Max:     380} {{707.98 277.28 708.82 277.68}	MET3	Antenna	AntSAreaRatio	Pin of Net ro_slow_code_i[7] Actual:     2451.31     Max:     380} {{708.54 273.36 709.38 273.76}	MET3	Antenna	AntSAreaRatio	Pin of Net ro_slow_code_i[6] Actual:     2460.56     Max:     380} {{709.66 259.36 710.5 259.76}	MET3	Antenna	AntSAreaRatio	Pin of Net ro_fast_code_i[1] Actual:     2539.64     Max:     380} {{709.66 264.4 710.5 264.8}	MET3	Antenna	AntSAreaRatio	Pin of Net ro_fast_code_i[5] Actual:     2546.91     Max:     380} {{710.22 250.4 711.06 250.8}	MET3	Antenna	AntSAreaRatio	Pin of Net ro_fast_code_i[2] Actual:     2477.96     Max:     380} {{714.7 286.24 715.54 286.64}	MET3	Antenna	AntSAreaRatio	Pin of Net ro_slow_code_i[0] Actual:     2470.36     Max:     380} {{714.7 291.28 715.54 291.68}	MET3	Antenna	AntSAreaRatio	Pin of Net ro_slow_code_i[1] Actual:     2466.73     Max:     380} {{714.7 304.16 715.54 304.56}	MET3	Antenna	AntSAreaRatio	Pin of Net ro_slow_code_i[5] Actual:     2402.52     Max:     380} {{714.7 425.15 714.98 426.05}	MET3	Antenna	AntSAreaRatio	Pin of Net max_hits_i[0] Actual:     694.281     Max:     380} {{715.77 420.67 716.1 421.57}	MET3	Antenna	AntSAreaRatio	Pin of Net max_hits_i[1] Actual:     547.537     Max:     380} {{715.82 407.26 716.1 408.1}	MET3	Antenna	AntSAreaRatio	Pin of Net max_hits_i[1] Actual:     547.537     Max:     380} {{715.82 452.59 716.15 453.49}	MET3	Antenna	AntSAreaRatio	Pin of Net conv_arm_i Actual:     1199.82     Max:     380} {{716.38 416.73 717.22 417.11}	MET3	Antenna	AntSAreaRatio	Pin of Net max_hits_i[1] Actual:     547.537     Max:     380} {{716.38 420.67 716.71 421.57}	MET3	Antenna	AntSAreaRatio	Pin of Net max_hits_i[0] Actual:     694.281     Max:     380} {{724.205 420.57 724.5 421.57}	MET3	Antenna	AntSAreaRatio	Pin of Net max_hits_i[3] Actual:     449.219     Max:     380} {{724.22 407.26 724.5 408.1}	MET3	Antenna	AntSAreaRatio	Pin of Net max_hits_i[3] Actual:     449.219     Max:     380} {{724.22 416.75 724.5 417.65}	MET3	Antenna	AntSAreaRatio	Pin of Net max_hits_i[3] Actual:     449.219     Max:     380} {{730.94 407.26 731.22 408.1}	MET3	Antenna	AntSAreaRatio	Pin of Net max_hits_i[0] Actual:     694.281     Max:     380} {{735.98 429.61 736.795 429.94}	MET3	Antenna	AntSAreaRatio	Pin of Net max_hits_i[1] Actual:     547.537     Max:     380} {{736.465 411.71 736.54 412.05}	MET3	Antenna	AntSAreaRatio	Pin of Net max_hits_i[2] Actual:     538.04     Max:     380} {{736.54 407.26 736.82 408.1}	MET3	Antenna	AntSAreaRatio	Pin of Net max_hits_i[2] Actual:     538.04     Max:     380} {{736.54 431.34 737.355 431.69}	MET3	Antenna	AntSAreaRatio	Pin of Net max_hits_i[3] Actual:     449.219     Max:     380} {{737.56 429.1 737.94 429.915}	MET3	Antenna	AntSAreaRatio	Pin of Net max_hits_i[2] Actual:     538.04     Max:     380} {{739.34 420.11 739.62 421.01}	MET3	Antenna	AntSAreaRatio	Pin of Net max_hits_i[2] Actual:     538.04     Max:     380} {{791.39 537.245 791.73 538.555}	MET3	Antenna	AntSAreaRatio	Pin of Net fifo_clr_i Actual:     513.358     Max:     380}
CORE_QUERY_ERROR_COUNT=0
QUERY_ERROR_COUNT=0
TRIAL_FAILURE_REASONS=command_precheck_failed set_tie_mode_failed add_tie_failed selected_net_route_failed final_high_terms_not_all_connected target_high_instance_delta_invalid no_tie_nets_created final_marker_signature_count_mismatch
CHECKPOINT_SAVE_STATUS=NOT_RUN
CANDIDATE_CHECKPOINT=/sim/ksabra/SPADMIC_work/innovus/20260828_mptdc_tie1_insertion_trial_101440/checkpoints/repaired_route.enc.dat
TIE1_INSERTION_TRIAL_STATUS=FAIL
