STEP=ROUTE_MIN_AREA_ENDEXT_TRIAL
SOURCE_PNR_RUN_ID=20260825_mptdc_bufftap0_halo10_physical_130313
SOURCE_PATCH_TRIAL_RUN_ID=20260826_mptdc_bufftap0_route_minarea_patch_trial_v6r_180659
SOURCE_ENDEXT_TRIAL_RUN_ID=NONE
SOURCE_CHECKPOINT=/sim/ksabra/SPADMIC_work/innovus/20260826_mptdc_bufftap0_route_minarea_patch_trial_v6r_180659/checkpoints/repaired_route.enc.dat
REPAIR_RC=0
PATCH_STAGE_MODE=trial
REPAIR_METHOD=CANONICAL_FIXED_MET1_FREE_END_EXTENSION_V8
COMMAND_1_STATUS=FAIL
COMMAND_2_STATUS=MISSING
MANUAL_ECO_STATUS=FAIL
MANUAL_ECO_REPORT=/sim/ksabra/SPADMIC_work/innovus/20260826_mptdc_bufftap0_route_minarea_endext_trial_v8r_191137/reports/min_area_fixed_wire_endext_trial_v8.rpt
V8_STAGE_MODE=trial
PRE_DRC=1
PRE_SHORTS=0
PRE_MINAREA_MARKER_STATUS=PASS
INTERMEDIATE_DRC=MISSING
INTERMEDIATE_SHORTS=MISSING
INTERMEDIATE_MINAREA_MARKER_STATUS=MISSING
FIXED_WIRE_EXTENSION_STATUS=MISSING
FIXED_WIRE_EXTENSION_METHOD=MISSING
FIXED_WIRE_EXTENSION_ATTRIBUTE=MISSING
FIXED_WIRE_EXTENSION_PRE_UM=MISSING
FIXED_WIRE_EXTENSION_POST_UM=MISSING
N57556_END_EXT_CANONICAL_STUB_STATUS=PASS
N57556_END_EXT_CANONICAL_STUB_WIDTH=0.23
N57556_END_EXT_CANONICAL_STUB_LENGTH=0.385
N57556_END_EXT_FREE_END_EXTENSION_DELTA_UM=0.14
TARGET_WIRE_HANDLE_STATUS=MISSING
TARGET_OTHER_ROUTE_OBJECT_STATUS=MISSING
RESERVED_FILL_OBJECT_STATUS=MISSING
N57556_LANDING_REPRESENTATION_STATUS=MISSING
TARGET_VIA_FINGERPRINT_STATUS=MISSING
POST_MINAREA_MARKER_COUNT=MISSING
MANUAL_POST_DRC=MISSING
MANUAL_POST_SHORTS=MISSING
INITIAL_DRC=1
INITIAL_SHORTS=0
INITIAL_REGULAR_CONNECTIVITY_BAD=0
INITIAL_SPECIAL_CONNECTIVITY_BAD=1
INITIAL_SPECIAL_CONNECTIVITY_RAW_BAD=1
INITIAL_SPECIAL_CONNECTIVITY_NON_RO_FAILURES=0
INITIAL_SPECIAL_DANGLING_COUNT=15
FINAL_DRC=1
FINAL_SHORTS=0
FINAL_REGULAR_CONNECTIVITY_BAD=0
FINAL_SPECIAL_CONNECTIVITY_BAD=1
FINAL_SPECIAL_CONNECTIVITY_RAW_BAD=1
FINAL_SPECIAL_CONNECTIVITY_NON_RO_FAILURES=0
FINAL_SPECIAL_DANGLING_COUNT=15
FINAL_UNROUTED_NETS_RAW=UNKNOWN
FINAL_UNROUTED_NETS=0
FINAL_UNROUTED_NETS_SOURCE=connectivity_clean_exact_pg_fingerprint_report_route_fallback
FINAL_REPORT_ROUTE_ZERO_STATUS=PASS
FINAL_ROUTE_GATE_PASS=0
CHECKPOINT_REPAIR_STATUS=FAIL_COMMAND
FINAL_CHECKPOINT_DAT_EXISTS=1
SPECIAL_SIGNATURE_STATUS=PASS
SETUP_STATUS_TC=MISSING
TC_HOLD_STATUS=MISSING
DRV_STATUS=MISSING
POWER_REPORT_CAPTURE_STATUS=MISSING
TIMING_GATE_STATUS=NOT_RUN_PROOF_ONLY
ro_slow_tap0_o_COUNT=1
ro_fast_tap0_o_COUNT=1
RO_TAP_OBSERVABILITY_PIN_COUNT=2
ENDEXT_TRIAL_GATE_MODE=FAIL
DECISION=FAIL_STOP
