# MPTDC Protected RO PG Via-Stack Status
RO_PG_HOOKUP_STRATEGY=protected_ro_pg_via_stack
RO_PG_HOOKUP_ENABLE=1
RO_PG_HOOKUP_REQUIRED=1
RO_PG_VIA_STACK_LAYER_ORDER=MET1 MET2 MET3 METTP
RO_PG_VIA_STACK_TARGET_LAYERS=METTP MET3 MET2 MET1
RO_PG_VIA_STACK_ACCESS_TSV=/sim/ksabra/SPADMIC_work/innovus/20260708_mptdc_ro6_optionB2_pgproof_002636/reports/ro_pg_via_stack_access.tsv
RO_PG_HOOKUP_PASS_MEANING=constructed_access_pending_downstream_raw_special_connectivity_proof
RO_PG_HOOKUP_REQUIRED_DOWNSTREAM_PROOF=verifyConnectivity -type special -nets {VDD VSS}
RO_PG_HOOKUP_SEARCH_UM=45.0
RO_PG_HOOKUP_MARGIN_UM=1.0
RO_PG_VIA_STACK_AREA_MARGIN_UM=0.4
RO_PG_HOOKUP_SPACING_UM=2.0
RO_PG_HOOKUP_SET_DISTANCE_UM=5000.0
RO_PG_PIN_SHAPE_COUNT=4
RO_PG_PIN_SHAPE_SOURCES=lef_orientation_fallback:MX=2 lef_orientation_fallback:R0=2

RO_PG_VIA_1_VDD_MET1_TERMINAL=u_core_u_osc_fast_u_ro_tune4/VDD
RO_PG_VIA_1_VDD_MET1_NET=VDD
RO_PG_VIA_1_VDD_MET1_PIN_LAYER=MET1
RO_PG_VIA_1_VDD_MET1_PIN_BOX=52.430 170.710 57.575 173.945
RO_PG_VIA_1_VDD_MET1_TARGET_STATUS=PASS
RO_PG_VIA_1_VDD_MET1_TARGET_LAYER=METTP
RO_PG_VIA_1_VDD_MET1_TARGET_DISTANCE_UM=10.270
RO_PG_VIA_1_VDD_MET1_TARGET_BOX=40.160 16.160 42.160 785.760
RO_PG_VIA_1_VDD_MET1_STACK_LAYERS=MET1 MET2 MET3 METTP
RO_PG_VIA_1_VDD_MET1_BRIDGE_DIRECTION=horizontal
RO_PG_VIA_1_VDD_MET1_ACCESS_BOX=39.160 171.327 57.575 173.327
RO_PG_VIA_1_VDD_MET1_VIA_AREA=39.760 171.327 42.560 173.327
RO_PG_VIA_1_VDD_MET1_OBS_CLEAR_STATUS=PASS
RO_PG_VIA_1_VDD_MET1_OBS_CLEAR_REASON=clear

COMMAND_RO_PG_VIA_1_VDD_MET1_MET1_STRIPE=addStripe -nets VDD -layer MET1 -direction horizontal -width 0.8 -spacing 2.0 -set_to_set_distance 5000.0 -start_from bottom -start_offset 172.327 -number_of_sets 1 -area {39.160 171.327 57.575 173.327}
RO_PG_VIA_1_VDD_MET1_MET1_STRIPE_STATUS=PASS

COMMAND_RO_PG_VIA_1_VDD_MET1_MET2_STRIPE=addStripe -nets VDD -layer MET2 -direction horizontal -width 0.8 -spacing 2.0 -set_to_set_distance 5000.0 -start_from bottom -start_offset 172.327 -number_of_sets 1 -area {39.160 171.327 57.575 173.327}
RO_PG_VIA_1_VDD_MET1_MET2_STRIPE_STATUS=PASS

COMMAND_RO_PG_VIA_1_VDD_MET1_MET3_STRIPE=addStripe -nets VDD -layer MET3 -direction horizontal -width 2.0 -spacing 2.0 -set_to_set_distance 5000.0 -start_from bottom -start_offset 172.327 -number_of_sets 1 -area {39.160 171.327 57.575 173.327}
RO_PG_VIA_1_VDD_MET1_MET3_STRIPE_STATUS=PASS

COMMAND_RO_PG_VIA_1_VDD_MET1_METTP_STRIPE=addStripe -nets VDD -layer METTP -direction horizontal -width 2.0 -spacing 2.0 -set_to_set_distance 5000.0 -start_from bottom -start_offset 172.327 -number_of_sets 1 -area {39.160 171.327 57.575 173.327}
RO_PG_VIA_1_VDD_MET1_METTP_STRIPE_STATUS=PASS

COMMAND_RO_PG_VIA_1_VDD_MET1_MET1_TO_MET2_VIA=editPowerVia -add_vias 1 -nets VDD -bottom_layer MET1 -top_layer MET2 -area {39.760 171.327 42.560 173.327}
RO_PG_VIA_1_VDD_MET1_MET1_TO_MET2_VIA_STATUS=PASS

COMMAND_RO_PG_VIA_1_VDD_MET1_MET2_TO_MET3_VIA=editPowerVia -add_vias 1 -nets VDD -bottom_layer MET2 -top_layer MET3 -area {39.760 171.327 42.560 173.327}
RO_PG_VIA_1_VDD_MET1_MET2_TO_MET3_VIA_STATUS=PASS

COMMAND_RO_PG_VIA_1_VDD_MET1_MET3_TO_METTP_VIA=editPowerVia -add_vias 1 -nets VDD -bottom_layer MET3 -top_layer METTP -area {39.760 171.327 42.560 173.327}
RO_PG_VIA_1_VDD_MET1_MET3_TO_METTP_VIA_STATUS=PASS
RO_PG_VIA_1_VDD_MET1_STATUS=PASS

RO_PG_VIA_2_VSS_MET2_TERMINAL=u_core_u_osc_fast_u_ro_tune4/VSS
RO_PG_VIA_2_VSS_MET2_NET=VSS
RO_PG_VIA_2_VSS_MET2_PIN_LAYER=MET2
RO_PG_VIA_2_VSS_MET2_PIN_BOX=50.460 149.600 56.065 152.600
RO_PG_VIA_2_VSS_MET2_TARGET_STATUS=PASS
RO_PG_VIA_2_VSS_MET2_TARGET_LAYER=METTP
RO_PG_VIA_2_VSS_MET2_TARGET_DISTANCE_UM=4.300
RO_PG_VIA_2_VSS_MET2_TARGET_BOX=44.160 13.160 46.160 788.760
RO_PG_VIA_2_VSS_MET2_STACK_LAYERS=MET2 MET3 METTP
RO_PG_VIA_2_VSS_MET2_BRIDGE_DIRECTION=horizontal
RO_PG_VIA_2_VSS_MET2_ACCESS_BOX=43.160 150.100 56.065 152.100
RO_PG_VIA_2_VSS_MET2_VIA_AREA=43.760 150.100 46.560 152.100
RO_PG_VIA_2_VSS_MET2_OBS_CLEAR_STATUS=PASS
RO_PG_VIA_2_VSS_MET2_OBS_CLEAR_REASON=clear

COMMAND_RO_PG_VIA_2_VSS_MET2_MET2_STRIPE=addStripe -nets VSS -layer MET2 -direction horizontal -width 0.8 -spacing 2.0 -set_to_set_distance 5000.0 -start_from bottom -start_offset 151.100 -number_of_sets 1 -area {43.160 150.100 56.065 152.100}
RO_PG_VIA_2_VSS_MET2_MET2_STRIPE_STATUS=PASS

COMMAND_RO_PG_VIA_2_VSS_MET2_MET3_STRIPE=addStripe -nets VSS -layer MET3 -direction horizontal -width 2.0 -spacing 2.0 -set_to_set_distance 5000.0 -start_from bottom -start_offset 151.100 -number_of_sets 1 -area {43.160 150.100 56.065 152.100}
RO_PG_VIA_2_VSS_MET2_MET3_STRIPE_STATUS=PASS

COMMAND_RO_PG_VIA_2_VSS_MET2_METTP_STRIPE=addStripe -nets VSS -layer METTP -direction horizontal -width 2.0 -spacing 2.0 -set_to_set_distance 5000.0 -start_from bottom -start_offset 151.100 -number_of_sets 1 -area {43.160 150.100 56.065 152.100}
RO_PG_VIA_2_VSS_MET2_METTP_STRIPE_STATUS=PASS

COMMAND_RO_PG_VIA_2_VSS_MET2_MET2_TO_MET3_VIA=editPowerVia -add_vias 1 -nets VSS -bottom_layer MET2 -top_layer MET3 -area {43.760 150.100 46.560 152.100}
RO_PG_VIA_2_VSS_MET2_MET2_TO_MET3_VIA_STATUS=PASS

COMMAND_RO_PG_VIA_2_VSS_MET2_MET3_TO_METTP_VIA=editPowerVia -add_vias 1 -nets VSS -bottom_layer MET3 -top_layer METTP -area {43.760 150.100 46.560 152.100}
RO_PG_VIA_2_VSS_MET2_MET3_TO_METTP_VIA_STATUS=PASS
RO_PG_VIA_2_VSS_MET2_STATUS=PASS

RO_PG_VIA_3_VDD_MET1_TERMINAL=u_core_u_osc_slow_u_ro_tune4/VDD
RO_PG_VIA_3_VDD_MET1_NET=VDD
RO_PG_VIA_3_VDD_MET1_PIN_LAYER=MET1
RO_PG_VIA_3_VDD_MET1_PIN_BOX=52.430 627.355 57.575 630.590
RO_PG_VIA_3_VDD_MET1_TARGET_STATUS=PASS
RO_PG_VIA_3_VDD_MET1_TARGET_LAYER=METTP
RO_PG_VIA_3_VDD_MET1_TARGET_DISTANCE_UM=10.270
RO_PG_VIA_3_VDD_MET1_TARGET_BOX=40.160 16.160 42.160 785.760
RO_PG_VIA_3_VDD_MET1_STACK_LAYERS=MET1 MET2 MET3 METTP
RO_PG_VIA_3_VDD_MET1_BRIDGE_DIRECTION=horizontal
RO_PG_VIA_3_VDD_MET1_ACCESS_BOX=39.160 627.972 57.575 629.972
RO_PG_VIA_3_VDD_MET1_VIA_AREA=39.760 627.972 42.560 629.972
RO_PG_VIA_3_VDD_MET1_OBS_CLEAR_STATUS=PASS
RO_PG_VIA_3_VDD_MET1_OBS_CLEAR_REASON=clear

COMMAND_RO_PG_VIA_3_VDD_MET1_MET1_STRIPE=addStripe -nets VDD -layer MET1 -direction horizontal -width 0.8 -spacing 2.0 -set_to_set_distance 5000.0 -start_from bottom -start_offset 628.972 -number_of_sets 1 -area {39.160 627.972 57.575 629.972}
RO_PG_VIA_3_VDD_MET1_MET1_STRIPE_STATUS=PASS

COMMAND_RO_PG_VIA_3_VDD_MET1_MET2_STRIPE=addStripe -nets VDD -layer MET2 -direction horizontal -width 0.8 -spacing 2.0 -set_to_set_distance 5000.0 -start_from bottom -start_offset 628.972 -number_of_sets 1 -area {39.160 627.972 57.575 629.972}
RO_PG_VIA_3_VDD_MET1_MET2_STRIPE_STATUS=PASS

COMMAND_RO_PG_VIA_3_VDD_MET1_MET3_STRIPE=addStripe -nets VDD -layer MET3 -direction horizontal -width 2.0 -spacing 2.0 -set_to_set_distance 5000.0 -start_from bottom -start_offset 628.972 -number_of_sets 1 -area {39.160 627.972 57.575 629.972}
RO_PG_VIA_3_VDD_MET1_MET3_STRIPE_STATUS=PASS

COMMAND_RO_PG_VIA_3_VDD_MET1_METTP_STRIPE=addStripe -nets VDD -layer METTP -direction horizontal -width 2.0 -spacing 2.0 -set_to_set_distance 5000.0 -start_from bottom -start_offset 628.972 -number_of_sets 1 -area {39.160 627.972 57.575 629.972}
RO_PG_VIA_3_VDD_MET1_METTP_STRIPE_STATUS=PASS

COMMAND_RO_PG_VIA_3_VDD_MET1_MET1_TO_MET2_VIA=editPowerVia -add_vias 1 -nets VDD -bottom_layer MET1 -top_layer MET2 -area {39.760 627.972 42.560 629.972}
RO_PG_VIA_3_VDD_MET1_MET1_TO_MET2_VIA_STATUS=PASS

COMMAND_RO_PG_VIA_3_VDD_MET1_MET2_TO_MET3_VIA=editPowerVia -add_vias 1 -nets VDD -bottom_layer MET2 -top_layer MET3 -area {39.760 627.972 42.560 629.972}
RO_PG_VIA_3_VDD_MET1_MET2_TO_MET3_VIA_STATUS=PASS

COMMAND_RO_PG_VIA_3_VDD_MET1_MET3_TO_METTP_VIA=editPowerVia -add_vias 1 -nets VDD -bottom_layer MET3 -top_layer METTP -area {39.760 627.972 42.560 629.972}
RO_PG_VIA_3_VDD_MET1_MET3_TO_METTP_VIA_STATUS=PASS
RO_PG_VIA_3_VDD_MET1_STATUS=PASS

RO_PG_VIA_4_VSS_MET2_TERMINAL=u_core_u_osc_slow_u_ro_tune4/VSS
RO_PG_VIA_4_VSS_MET2_NET=VSS
RO_PG_VIA_4_VSS_MET2_PIN_LAYER=MET2
RO_PG_VIA_4_VSS_MET2_PIN_BOX=50.460 648.700 56.065 651.700
RO_PG_VIA_4_VSS_MET2_TARGET_STATUS=PASS
RO_PG_VIA_4_VSS_MET2_TARGET_LAYER=METTP
RO_PG_VIA_4_VSS_MET2_TARGET_DISTANCE_UM=4.300
RO_PG_VIA_4_VSS_MET2_TARGET_BOX=44.160 13.160 46.160 788.760
RO_PG_VIA_4_VSS_MET2_STACK_LAYERS=MET2 MET3 METTP
RO_PG_VIA_4_VSS_MET2_BRIDGE_DIRECTION=horizontal
RO_PG_VIA_4_VSS_MET2_ACCESS_BOX=43.160 649.200 56.065 651.200
RO_PG_VIA_4_VSS_MET2_VIA_AREA=43.760 649.200 46.560 651.200
RO_PG_VIA_4_VSS_MET2_OBS_CLEAR_STATUS=PASS
RO_PG_VIA_4_VSS_MET2_OBS_CLEAR_REASON=clear

COMMAND_RO_PG_VIA_4_VSS_MET2_MET2_STRIPE=addStripe -nets VSS -layer MET2 -direction horizontal -width 0.8 -spacing 2.0 -set_to_set_distance 5000.0 -start_from bottom -start_offset 650.200 -number_of_sets 1 -area {43.160 649.200 56.065 651.200}
RO_PG_VIA_4_VSS_MET2_MET2_STRIPE_STATUS=PASS

COMMAND_RO_PG_VIA_4_VSS_MET2_MET3_STRIPE=addStripe -nets VSS -layer MET3 -direction horizontal -width 2.0 -spacing 2.0 -set_to_set_distance 5000.0 -start_from bottom -start_offset 650.200 -number_of_sets 1 -area {43.160 649.200 56.065 651.200}
RO_PG_VIA_4_VSS_MET2_MET3_STRIPE_STATUS=PASS

COMMAND_RO_PG_VIA_4_VSS_MET2_METTP_STRIPE=addStripe -nets VSS -layer METTP -direction horizontal -width 2.0 -spacing 2.0 -set_to_set_distance 5000.0 -start_from bottom -start_offset 650.200 -number_of_sets 1 -area {43.160 649.200 56.065 651.200}
RO_PG_VIA_4_VSS_MET2_METTP_STRIPE_STATUS=PASS

COMMAND_RO_PG_VIA_4_VSS_MET2_MET2_TO_MET3_VIA=editPowerVia -add_vias 1 -nets VSS -bottom_layer MET2 -top_layer MET3 -area {43.760 649.200 46.560 651.200}
RO_PG_VIA_4_VSS_MET2_MET2_TO_MET3_VIA_STATUS=PASS

COMMAND_RO_PG_VIA_4_VSS_MET2_MET3_TO_METTP_VIA=editPowerVia -add_vias 1 -nets VSS -bottom_layer MET3 -top_layer METTP -area {43.760 649.200 46.560 651.200}
RO_PG_VIA_4_VSS_MET2_MET3_TO_METTP_VIA_STATUS=PASS
RO_PG_VIA_4_VSS_MET2_STATUS=PASS

RO_PG_VIA_STACK_EXPECTED_TERMINAL_COUNT=4
RO_PG_VIA_STACK_CONNECTED_TERMINAL_COUNT=4
RO_PG_VIA_STACK_MISSING_TERMINALS=
RO_PG_VIA_STACK_CREATED_STRIPE_COUNT=14
RO_PG_VIA_STACK_CREATED_VIA_PAIR_COUNT=10
RO_PG_VIA_STACK_OBS_REJECTED_COUNT=0
RO_PG_VIA_STACK_CONSTRUCTION_STATUS=PASS
RO_PG_HOOKUP_STATUS=PENDING_CONNECTIVITY_PROOF

RO_PG_HOOKUP_CONNECTIVITY_PROOF_LABEL=POSTPLACE_PRE_ROUTE_SPECIAL_CONNECTIVITY
RO_PG_HOOKUP_CONNECTIVITY_RAW_BAD=1
RO_PG_HOOKUP_CONNECTIVITY_BAD=1
RO_PG_HOOKUP_CONNECTIVITY_FILTER_STATUS=DISABLED
RO_PG_HOOKUP_CONNECTIVITY_FILTERED_RO_TERMINALS=0
RO_PG_HOOKUP_CONNECTIVITY_NON_RO_FAILURES=0
RO_PG_HOOKUP_CONNECTIVITY_PROOF_STATUS=FAIL
RO_PG_HOOKUP_STATUS=FAIL
