*** timeDesign #2 [begin] : totSession cpu/real = 0:03:58.0/0:04:31.4 (0.9), mem = 2557.8M
Start to check current routing status for nets...
All nets are already routed correctly.
End to check current routing status for nets (mem=2557.8M)

------------------------------------------------------------------
          timeDesign Summary
------------------------------------------------------------------

Setup views included:
 TC_NOMINAL 

+--------------------+---------+---------+---------+
|     Setup mode     |   all   | reg2reg | default |
+--------------------+---------+---------+---------+
|           WNS (ns):| -0.042  | -0.042  |  0.217  |
|           TNS (ns):| -0.043  | -0.043  |  0.000  |
|    Violating Paths:|    4    |    4    |    0    |
|          All Paths:|  4886   |  4862   |  2192   |
+--------------------+---------+---------+---------+

+----------------+-------------------------------+------------------+
|                |              Real             |       Total      |
|    DRVs        +------------------+------------+------------------|
|                |  Nr nets(terms)  | Worst Vio  |  Nr nets(terms)  |
+----------------+------------------+------------+------------------+
|   max_cap      |      0 (0)       |   0.000    |      0 (0)       |
|   max_tran     |      0 (0)       |   0.000    |      0 (0)       |
|   max_fanout   |      0 (0)       |     0      |      0 (0)       |
|   max_length   |      0 (0)       |     0      |      0 (0)       |
+----------------+------------------+------------+------------------+

Density: 52.775%
Routing Overflow: 0.35% H and 0.02% V
------------------------------------------------------------------
Reported timing to dir ./timingReports
Total CPU time: 1.66 sec
Total Real time: 5.0 sec
Total Memory Usage: 2557.949219 Mbytes
