# Excerpt from /sim/ksabra/SPADMIC_work/genus/genus_matrix_ooc_evidence_20260630_1117/i2c_slave/reports/timing/report_timing_post_generic.rpt
# First 220 lines
============================================================
  Generated by:           Genus(TM) Synthesis Solution 22.13-s093_1
  Generated on:           Jun 30 2026  11:40:08 am
  Module:                 spadmic_i2c_slave
  Operating conditions:   typ_1_80V_25C 
  Interconnect mode:      global
  Area mode:              physical library
============================================================


Path 1: MET (3918 ps) Setup Check with Pin read_data_q_reg[23]/clk->d
          Group: clk_sys
     Startpoint: (R) state_q_reg[3]/clk
          Clock: (R) clk_sys
       Endpoint: (R) read_data_q_reg[23]/d
          Clock: (R) clk_sys

                     Capture       Launch     
        Clock Edge:+    6250            0     
       Src Latency:+       0            0     
       Net Latency:+       0 (I)        0 (I) 
           Arrival:=    6250            0     
                                              
             Setup:-     326                  
     Required Time:=    5924                  
      Launch Clock:-       0                  
         Data Path:-    2006                  
             Slack:=    3918                  

#--------------------------------------------------------------------------------------------------------
#     Timing Point      Flags    Arc    Edge       Cell         Fanout Load Trans Delay Arrival Instance 
#                                                                      (fF)  (ps)  (ps)   (ps)  Location 
#--------------------------------------------------------------------------------------------------------
  state_q_reg[3]/clk    -       -       R     (arrival)            156    -     0     0       0    (-,-) 
  state_q_reg[3]/q      (u)     clk->q  F     unmapped_d_flop       19 46.0     0   736     736    (-,-) 
  g6296/z               (u)     in_1->z F     unmapped_or2           6 55.2     0   185     922    (-,-) 
  g6301/z               (u)     in_1->z F     unmapped_complex2      3 27.6     0   133    1055    (-,-) 
  g13/z                 (u)     in_1->z F     unmapped_or2           3 27.6     0   133    1188    (-,-) 
  g6351/z               (u)     in_0->z F     unmapped_complex2      3 27.6     0   133    1322    (-,-) 
  g7231/z               (u)     in_0->z F     unmapped_complex2     28 55.2     0   257    1579    (-,-) 
  g7750/z               (u)     in_0->z F     unmapped_or2          24 46.0     0   227    1806    (-,-) 
  g7672/z               (u)     in_0->z F     unmapped_complex2      1  9.2     0   100    1906    (-,-) 
  g7635/z               (u)     in_1->z R     unmapped_nand2         1  9.0     0   100    2006    (-,-) 
  read_data_q_reg[23]/d -       -       R     unmapped_d_flop        1    -     -     0    2006    (-,-) 
#--------------------------------------------------------------------------------------------------------

(u) : Net has unmapped pin(s).



Path 2: MET (3918 ps) Setup Check with Pin read_data_q_reg[22]/clk->d
          Group: clk_sys
     Startpoint: (R) state_q_reg[3]/clk
          Clock: (R) clk_sys
       Endpoint: (R) read_data_q_reg[22]/d
          Clock: (R) clk_sys

                     Capture       Launch     
        Clock Edge:+    6250            0     
       Src Latency:+       0            0     
       Net Latency:+       0 (I)        0 (I) 
           Arrival:=    6250            0     
                                              
             Setup:-     326                  
     Required Time:=    5924                  
      Launch Clock:-       0                  
         Data Path:-    2006                  
             Slack:=    3918                  

#--------------------------------------------------------------------------------------------------------
#     Timing Point      Flags    Arc    Edge       Cell         Fanout Load Trans Delay Arrival Instance 
#                                                                      (fF)  (ps)  (ps)   (ps)  Location 
#--------------------------------------------------------------------------------------------------------
  state_q_reg[3]/clk    -       -       R     (arrival)            156    -     0     0       0    (-,-) 
  state_q_reg[3]/q      (u)     clk->q  F     unmapped_d_flop       19 46.0     0   736     736    (-,-) 
  g6296/z               (u)     in_1->z F     unmapped_or2           6 55.2     0   185     922    (-,-) 
  g6301/z               (u)     in_1->z F     unmapped_complex2      3 27.6     0   133    1055    (-,-) 
  g13/z                 (u)     in_1->z F     unmapped_or2           3 27.6     0   133    1188    (-,-) 
  g6351/z               (u)     in_0->z F     unmapped_complex2      3 27.6     0   133    1322    (-,-) 
  g7231/z               (u)     in_0->z F     unmapped_complex2     28 55.2     0   257    1579    (-,-) 
  g7750/z               (u)     in_0->z F     unmapped_or2          24 46.0     0   227    1806    (-,-) 
  g7668/z               (u)     in_0->z F     unmapped_complex2      1  9.2     0   100    1906    (-,-) 
  g7646/z               (u)     in_1->z R     unmapped_nand2         1  9.0     0   100    2006    (-,-) 
  read_data_q_reg[22]/d -       -       R     unmapped_d_flop        1    -     -     0    2006    (-,-) 
#--------------------------------------------------------------------------------------------------------

(u) : Net has unmapped pin(s).



Path 3: MET (3918 ps) Setup Check with Pin read_data_q_reg[21]/clk->d
          Group: clk_sys
     Startpoint: (R) state_q_reg[3]/clk
          Clock: (R) clk_sys
       Endpoint: (R) read_data_q_reg[21]/d
          Clock: (R) clk_sys

                     Capture       Launch     
        Clock Edge:+    6250            0     
       Src Latency:+       0            0     
       Net Latency:+       0 (I)        0 (I) 
           Arrival:=    6250            0     
                                              
             Setup:-     326                  
     Required Time:=    5924                  
      Launch Clock:-       0                  
         Data Path:-    2006                  
             Slack:=    3918                  

#--------------------------------------------------------------------------------------------------------
#     Timing Point      Flags    Arc    Edge       Cell         Fanout Load Trans Delay Arrival Instance 
#                                                                      (fF)  (ps)  (ps)   (ps)  Location 
#--------------------------------------------------------------------------------------------------------
  state_q_reg[3]/clk    -       -       R     (arrival)            156    -     0     0       0    (-,-) 
  state_q_reg[3]/q      (u)     clk->q  F     unmapped_d_flop       19 46.0     0   736     736    (-,-) 
  g6296/z               (u)     in_1->z F     unmapped_or2           6 55.2     0   185     922    (-,-) 
  g6301/z               (u)     in_1->z F     unmapped_complex2      3 27.6     0   133    1055    (-,-) 
  g13/z                 (u)     in_1->z F     unmapped_or2           3 27.6     0   133    1188    (-,-) 
  g6351/z               (u)     in_0->z F     unmapped_complex2      3 27.6     0   133    1322    (-,-) 
  g7231/z               (u)     in_0->z F     unmapped_complex2     28 55.2     0   257    1579    (-,-) 
  g7750/z               (u)     in_0->z F     unmapped_or2          24 46.0     0   227    1806    (-,-) 
  g7692/z               (u)     in_0->z F     unmapped_complex2      1  9.2     0   100    1906    (-,-) 
  g7644/z               (u)     in_1->z R     unmapped_nand2         1  9.0     0   100    2006    (-,-) 
  read_data_q_reg[21]/d -       -       R     unmapped_d_flop        1    -     -     0    2006    (-,-) 
#--------------------------------------------------------------------------------------------------------

(u) : Net has unmapped pin(s).



Path 4: MET (3918 ps) Setup Check with Pin read_data_q_reg[20]/clk->d
          Group: clk_sys
     Startpoint: (R) state_q_reg[3]/clk
          Clock: (R) clk_sys
       Endpoint: (R) read_data_q_reg[20]/d
          Clock: (R) clk_sys

                     Capture       Launch     
        Clock Edge:+    6250            0     
       Src Latency:+       0            0     
       Net Latency:+       0 (I)        0 (I) 
           Arrival:=    6250            0     
                                              
             Setup:-     326                  
     Required Time:=    5924                  
      Launch Clock:-       0                  
         Data Path:-    2006                  
             Slack:=    3918                  

#--------------------------------------------------------------------------------------------------------
#     Timing Point      Flags    Arc    Edge       Cell         Fanout Load Trans Delay Arrival Instance 
#                                                                      (fF)  (ps)  (ps)   (ps)  Location 
#--------------------------------------------------------------------------------------------------------
  state_q_reg[3]/clk    -       -       R     (arrival)            156    -     0     0       0    (-,-) 
  state_q_reg[3]/q      (u)     clk->q  F     unmapped_d_flop       19 46.0     0   736     736    (-,-) 
  g6296/z               (u)     in_1->z F     unmapped_or2           6 55.2     0   185     922    (-,-) 
  g6301/z               (u)     in_1->z F     unmapped_complex2      3 27.6     0   133    1055    (-,-) 
  g13/z                 (u)     in_1->z F     unmapped_or2           3 27.6     0   133    1188    (-,-) 
  g6351/z               (u)     in_0->z F     unmapped_complex2      3 27.6     0   133    1322    (-,-) 
  g7231/z               (u)     in_0->z F     unmapped_complex2     28 55.2     0   257    1579    (-,-) 
  g7750/z               (u)     in_0->z F     unmapped_or2          24 46.0     0   227    1806    (-,-) 
  g7674/z               (u)     in_0->z F     unmapped_complex2      1  9.2     0   100    1906    (-,-) 
  g7630/z               (u)     in_1->z R     unmapped_nand2         1  9.0     0   100    2006    (-,-) 
  read_data_q_reg[20]/d -       -       R     unmapped_d_flop        1    -     -     0    2006    (-,-) 
#--------------------------------------------------------------------------------------------------------

(u) : Net has unmapped pin(s).



Path 5: MET (3918 ps) Setup Check with Pin read_data_q_reg[19]/clk->d
          Group: clk_sys
     Startpoint: (R) state_q_reg[3]/clk
          Clock: (R) clk_sys
       Endpoint: (R) read_data_q_reg[19]/d
          Clock: (R) clk_sys

                     Capture       Launch     
        Clock Edge:+    6250            0     
       Src Latency:+       0            0     
       Net Latency:+       0 (I)        0 (I) 
           Arrival:=    6250            0     
                                              
             Setup:-     326                  
     Required Time:=    5924                  
      Launch Clock:-       0                  
         Data Path:-    2006                  
             Slack:=    3918                  

#--------------------------------------------------------------------------------------------------------
#     Timing Point      Flags    Arc    Edge       Cell         Fanout Load Trans Delay Arrival Instance 
#                                                                      (fF)  (ps)  (ps)   (ps)  Location 
#--------------------------------------------------------------------------------------------------------
  state_q_reg[3]/clk    -       -       R     (arrival)            156    -     0     0       0    (-,-) 
  state_q_reg[3]/q      (u)     clk->q  F     unmapped_d_flop       19 46.0     0   736     736    (-,-) 
  g6296/z               (u)     in_1->z F     unmapped_or2           6 55.2     0   185     922    (-,-) 
  g6301/z               (u)     in_1->z F     unmapped_complex2      3 27.6     0   133    1055    (-,-) 
  g13/z                 (u)     in_1->z F     unmapped_or2           3 27.6     0   133    1188    (-,-) 
  g6351/z               (u)     in_0->z F     unmapped_complex2      3 27.6     0   133    1322    (-,-) 
  g7231/z               (u)     in_0->z F     unmapped_complex2     28 55.2     0   257    1579    (-,-) 
  g7750/z               (u)     in_0->z F     unmapped_or2          24 46.0     0   227    1806    (-,-) 
  g7688/z               (u)     in_0->z F     unmapped_complex2      1  9.2     0   100    1906    (-,-) 
  g7623/z               (u)     in_1->z R     unmapped_nand2         1  9.0     0   100    2006    (-,-) 
  read_data_q_reg[19]/d -       -       R     unmapped_d_flop        1    -     -     0    2006    (-,-) 
#--------------------------------------------------------------------------------------------------------

(u) : Net has unmapped pin(s).



Path 6: MET (3918 ps) Setup Check with Pin read_data_q_reg[18]/clk->d
          Group: clk_sys
     Startpoint: (R) state_q_reg[3]/clk
          Clock: (R) clk_sys
       Endpoint: (R) read_data_q_reg[18]/d
          Clock: (R) clk_sys

                     Capture       Launch     
        Clock Edge:+    6250            0     
       Src Latency:+       0            0     
