# Excerpt from /sim/ksabra/SPADMIC_work/genus/genus_matrix_ooc_evidence_20260630_1117/i2c_slave/reports/timing/report_timing_pre_synth.rpt
# First 220 lines
============================================================
  Generated by:           Genus(TM) Synthesis Solution 22.13-s093_1
  Generated on:           Jun 30 2026  11:40:01 am
  Module:                 spadmic_i2c_slave
  Operating conditions:   typ_1_80V_25C 
  Interconnect mode:      global
  Area mode:              physical library
============================================================


Path 1: MET (3241 ps) Setup Check with Pin bit_idx_q_reg[2]/clk->sena
          Group: clk_sys
     Startpoint: (R) state_q_reg[1]/clk
          Clock: (R) clk_sys
       Endpoint: (R) bit_idx_q_reg[2]/sena
          Clock: (R) clk_sys

                     Capture       Launch     
        Clock Edge:+    6250            0     
       Src Latency:+       0            0     
       Net Latency:+       0 (I)        0 (I) 
           Arrival:=    6250            0     
                                              
             Setup:-     610                  
     Required Time:=    5640                  
      Launch Clock:-       0                  
         Data Path:-    2398                  
             Slack:=    3241                  

#----------------------------------------------------------------------------------------------------------
#      Timing Point        Flags    Arc    Edge      Cell        Fanout  Load Trans Delay Arrival Instance 
#                                                                        (fF)  (ps)  (ps)   (ps)  Location 
#----------------------------------------------------------------------------------------------------------
  state_q_reg[1]/clk       -       -       R     (arrival)          156     -     0     0       0    (-,-) 
  state_q_reg[1]/q         (u)     clk->q  F     unmapped_d_flop     17 156.4     0   798     798    (-,-) 
  ctl_state_q_399_23/g12/z (u)     in_0->z R     unmapped_not         1   9.0     0    59     856    (-,-) 
  ctl_state_q_399_23/g4/z  (u)     in_3->z F     unmapped_nand4       1   9.2     0   173    1030    (-,-) 
  ctl_state_q_399_23/g6/z  (u)     in_0->z R     unmapped_nor2       10  90.0     0   244    1274    (-,-) 
  g203/z                   (u)     in_0->z R     unmapped_or2         1   9.0     0   100    1374    (-,-) 
  g204/z                   (u)     in_1->z R     unmapped_or2         1   9.0     0   100    1474    (-,-) 
  g615/z                   (u)     in_0->z R     unmapped_and2        1   9.0     0   100    1574    (-,-) 
  g616/z                   (u)     in_3->z R     unmapped_and4        2  18.0     0   192    1766    (-,-) 
  g604/z                   (u)     in_0->z R     unmapped_or2         1   9.0     0   100    1866    (-,-) 
  g608/z                   (u)     in_3->z R     unmapped_or4         1   9.0     0   173    2040    (-,-) 
  g609/z                   (u)     in_3->z R     unmapped_or4         1   9.0     0   173    2213    (-,-) 
  g210/z                   (u)     in_0->z R     unmapped_and2        3  54.0     0   185    2398    (-,-) 
  bit_idx_q_reg[2]/sena    -       -       R     unmapped_d_flop      3     -     -     0    2398    (-,-) 
#----------------------------------------------------------------------------------------------------------

(u) : Net has unmapped pin(s).



Path 2: MET (3241 ps) Setup Check with Pin bit_idx_q_reg[1]/clk->sena
          Group: clk_sys
     Startpoint: (R) state_q_reg[1]/clk
          Clock: (R) clk_sys
       Endpoint: (R) bit_idx_q_reg[1]/sena
          Clock: (R) clk_sys

                     Capture       Launch     
        Clock Edge:+    6250            0     
       Src Latency:+       0            0     
       Net Latency:+       0 (I)        0 (I) 
           Arrival:=    6250            0     
                                              
             Setup:-     610                  
     Required Time:=    5640                  
      Launch Clock:-       0                  
         Data Path:-    2398                  
             Slack:=    3241                  

#----------------------------------------------------------------------------------------------------------
#      Timing Point        Flags    Arc    Edge      Cell        Fanout  Load Trans Delay Arrival Instance 
#                                                                        (fF)  (ps)  (ps)   (ps)  Location 
#----------------------------------------------------------------------------------------------------------
  state_q_reg[1]/clk       -       -       R     (arrival)          156     -     0     0       0    (-,-) 
  state_q_reg[1]/q         (u)     clk->q  F     unmapped_d_flop     17 156.4     0   798     798    (-,-) 
  ctl_state_q_399_23/g12/z (u)     in_0->z R     unmapped_not         1   9.0     0    59     856    (-,-) 
  ctl_state_q_399_23/g4/z  (u)     in_3->z F     unmapped_nand4       1   9.2     0   173    1030    (-,-) 
  ctl_state_q_399_23/g6/z  (u)     in_0->z R     unmapped_nor2       10  90.0     0   244    1274    (-,-) 
  g203/z                   (u)     in_0->z R     unmapped_or2         1   9.0     0   100    1374    (-,-) 
  g204/z                   (u)     in_1->z R     unmapped_or2         1   9.0     0   100    1474    (-,-) 
  g615/z                   (u)     in_0->z R     unmapped_and2        1   9.0     0   100    1574    (-,-) 
  g616/z                   (u)     in_3->z R     unmapped_and4        2  18.0     0   192    1766    (-,-) 
  g604/z                   (u)     in_0->z R     unmapped_or2         1   9.0     0   100    1866    (-,-) 
  g608/z                   (u)     in_3->z R     unmapped_or4         1   9.0     0   173    2040    (-,-) 
  g609/z                   (u)     in_3->z R     unmapped_or4         1   9.0     0   173    2213    (-,-) 
  g210/z                   (u)     in_0->z R     unmapped_and2        3  54.0     0   185    2398    (-,-) 
  bit_idx_q_reg[1]/sena    -       -       R     unmapped_d_flop      3     -     -     0    2398    (-,-) 
#----------------------------------------------------------------------------------------------------------

(u) : Net has unmapped pin(s).



Path 3: MET (3241 ps) Setup Check with Pin bit_idx_q_reg[0]/clk->sena
          Group: clk_sys
     Startpoint: (R) state_q_reg[1]/clk
          Clock: (R) clk_sys
       Endpoint: (R) bit_idx_q_reg[0]/sena
          Clock: (R) clk_sys

                     Capture       Launch     
        Clock Edge:+    6250            0     
       Src Latency:+       0            0     
       Net Latency:+       0 (I)        0 (I) 
           Arrival:=    6250            0     
                                              
             Setup:-     610                  
     Required Time:=    5640                  
      Launch Clock:-       0                  
         Data Path:-    2398                  
             Slack:=    3241                  

#----------------------------------------------------------------------------------------------------------
#      Timing Point        Flags    Arc    Edge      Cell        Fanout  Load Trans Delay Arrival Instance 
#                                                                        (fF)  (ps)  (ps)   (ps)  Location 
#----------------------------------------------------------------------------------------------------------
  state_q_reg[1]/clk       -       -       R     (arrival)          156     -     0     0       0    (-,-) 
  state_q_reg[1]/q         (u)     clk->q  F     unmapped_d_flop     17 156.4     0   798     798    (-,-) 
  ctl_state_q_399_23/g12/z (u)     in_0->z R     unmapped_not         1   9.0     0    59     856    (-,-) 
  ctl_state_q_399_23/g4/z  (u)     in_3->z F     unmapped_nand4       1   9.2     0   173    1030    (-,-) 
  ctl_state_q_399_23/g6/z  (u)     in_0->z R     unmapped_nor2       10  90.0     0   244    1274    (-,-) 
  g203/z                   (u)     in_0->z R     unmapped_or2         1   9.0     0   100    1374    (-,-) 
  g204/z                   (u)     in_1->z R     unmapped_or2         1   9.0     0   100    1474    (-,-) 
  g615/z                   (u)     in_0->z R     unmapped_and2        1   9.0     0   100    1574    (-,-) 
  g616/z                   (u)     in_3->z R     unmapped_and4        2  18.0     0   192    1766    (-,-) 
  g604/z                   (u)     in_0->z R     unmapped_or2         1   9.0     0   100    1866    (-,-) 
  g608/z                   (u)     in_3->z R     unmapped_or4         1   9.0     0   173    2040    (-,-) 
  g609/z                   (u)     in_3->z R     unmapped_or4         1   9.0     0   173    2213    (-,-) 
  g210/z                   (u)     in_0->z R     unmapped_and2        3  54.0     0   185    2398    (-,-) 
  bit_idx_q_reg[0]/sena    -       -       R     unmapped_d_flop      3     -     -     0    2398    (-,-) 
#----------------------------------------------------------------------------------------------------------

(u) : Net has unmapped pin(s).



Path 4: MET (3243 ps) Setup Check with Pin state_q_reg[4]/clk->d
          Group: clk_sys
     Startpoint: (R) rw_q_reg/clk
          Clock: (R) clk_sys
       Endpoint: (R) state_q_reg[4]/d
          Clock: (R) clk_sys

                     Capture       Launch     
        Clock Edge:+    6250            0     
       Src Latency:+       0            0     
       Net Latency:+       0 (I)        0 (I) 
           Arrival:=    6250            0     
                                              
             Setup:-     610                  
     Required Time:=    5640                  
      Launch Clock:-       0                  
         Data Path:-    2396                  
             Slack:=    3243                  

#---------------------------------------------------------------------------------------------------------
#      Timing Point       Flags     Arc    Edge      Cell        Fanout Load Trans Delay Arrival Instance 
#                                                                       (fF)  (ps)  (ps)   (ps)  Location 
#---------------------------------------------------------------------------------------------------------
  rw_q_reg/clk            -       -        R     (arrival)          156    -     0     0       0    (-,-) 
  rw_q_reg/q              (u)     clk->q   F     unmapped_d_flop      5 46.0     0   674     674    (-,-) 
  g14/z                   (u)     in_0->z  R     unmapped_not         7 63.0     0   164     839    (-,-) 
  mux_state_q_171_30/g1/z (u)     sel0->z  R     unmapped_bmux2       1  9.0     0   208    1047    (-,-) 
  mux_state_q_169_35/g1/z (u)     data0->z R     unmapped_bmux2       1  9.0     0   208    1256    (-,-) 
  mux_state_q_144_15/g1/z (u)     data2->z R     unmapped_bmux32      1  9.0     0   932    2188    (-,-) 
  mux_state_q_139_20/g1/z (u)     data0->z R     unmapped_bmux2       1  9.0     0   208    2396    (-,-) 
  state_q_reg[4]/d        -       -        R     unmapped_d_flop      1    -     -     0    2396    (-,-) 
#---------------------------------------------------------------------------------------------------------

(u) : Net has unmapped pin(s).



Path 5: MET (3243 ps) Setup Check with Pin state_q_reg[1]/clk->d
          Group: clk_sys
     Startpoint: (R) rw_q_reg/clk
          Clock: (R) clk_sys
       Endpoint: (R) state_q_reg[1]/d
          Clock: (R) clk_sys

                     Capture       Launch     
        Clock Edge:+    6250            0     
       Src Latency:+       0            0     
       Net Latency:+       0 (I)        0 (I) 
           Arrival:=    6250            0     
                                              
             Setup:-     610                  
     Required Time:=    5640                  
      Launch Clock:-       0                  
         Data Path:-    2396                  
             Slack:=    3243                  

#---------------------------------------------------------------------------------------------------------
#      Timing Point       Flags     Arc    Edge      Cell        Fanout Load Trans Delay Arrival Instance 
#                                                                       (fF)  (ps)  (ps)   (ps)  Location 
#---------------------------------------------------------------------------------------------------------
  rw_q_reg/clk            -       -        R     (arrival)          156    -     0     0       0    (-,-) 
  rw_q_reg/q              (u)     clk->q   F     unmapped_d_flop      5 46.0     0   674     674    (-,-) 
  g14/z                   (u)     in_0->z  R     unmapped_not         7 63.0     0   164     839    (-,-) 
  mux_state_q_171_30/g2/z (u)     sel0->z  R     unmapped_bmux2       1  9.0     0   208    1047    (-,-) 
  mux_state_q_169_35/g2/z (u)     data0->z R     unmapped_bmux2       1  9.0     0   208    1256    (-,-) 
  mux_state_q_144_15/g4/z (u)     data2->z R     unmapped_bmux32      1  9.0     0   932    2188    (-,-) 
  mux_state_q_139_20/g4/z (u)     data0->z R     unmapped_bmux2       1  9.0     0   208    2396    (-,-) 
  state_q_reg[1]/d        -       -        R     unmapped_d_flop      1    -     -     0    2396    (-,-) 
#---------------------------------------------------------------------------------------------------------

(u) : Net has unmapped pin(s).



Path 6: MET (3315 ps) Setup Check with Pin state_q_reg[4]/clk->sena
          Group: clk_sys
     Startpoint: (R) state_q_reg[3]/clk
          Clock: (R) clk_sys
       Endpoint: (R) state_q_reg[4]/sena
          Clock: (R) clk_sys

