============================================================
  Generated by:           Genus(TM) Synthesis Solution 22.13-s093_1
  Generated on:           Jun 09 2026  02:08:01 pm
  Module:                 mptdc_top_asic
  Operating conditions:   typ_1_80V_25C 
  Interconnect mode:      global
  Area mode:              physical library
============================================================


Path 1: VIOLATED (-548 ps) Setup Check with Pin u_core_gen_pd_row[7].gen_pd_col[7].u_pd/q1_reg/clk->d
           View: tc_view
          Group: clk_osc_fast_buf_tap7
     Startpoint: (F) u_core_u_phase_buf_slow/gen_phase_buf[7].u_drv/Q
          Clock: (F) clk_osc_slow_buf_tap7
       Endpoint: (F) u_core_gen_pd_row[7].gen_pd_col[7].u_pd/q1_reg/d
          Clock: (R) clk_osc_fast_buf_tap7

                     Capture       Launch     
        Clock Edge:+  445999       445998     
       Src Latency:+       0            0     
       Net Latency:+       0 (I)        0 (I) 
           Arrival:=  445999       445998     
                                              
             Setup:-     325                  
       Uncertainty:-      10                  
     Required Time:=  445664                  
      Launch Clock:-  445998                  
       Input Delay:-       0                  
         Data Path:-     214                  
             Slack:=    -548                  

Exceptions/Constraints:
  input_delay              0              create_clock_delay_domain_1_clk_osc_slow_buf_tap7_F_0 

#---------------------------------------------------------------------------------------------------------------------------------
#                  Timing Point                    Flags    Arc    Edge      Cell        Fanout Load Trans Delay Arrival Instance 
#                                                                                               (fF)  (ps)  (ps)   (ps)  Location 
#---------------------------------------------------------------------------------------------------------------------------------
  u_core_u_phase_buf_slow/gen_phase_buf[7].u_drv/Q (b,u)   -       F     (arrival)            8 74.5     0     0  445998    (-,-) 
  u_core_gen_pd_row[7].gen_pd_col[7].u_pd/g188/z   (u)     in_0->z R     unmapped_nand2       1  9.3     0   107  446105    (-,-) 
  u_core_gen_pd_row[7].gen_pd_col[7].u_pd/g161/z   (u)     in_1->z F     unmapped_nand2       1  9.3     0   107  446212    (-,-) 
  u_core_gen_pd_row[7].gen_pd_col[7].u_pd/q1_reg/d -       -       F     unmapped_d_flop      1    -     -     0  446212    (-,-) 
#---------------------------------------------------------------------------------------------------------------------------------

(u) : Net has unmapped pin(s).
(b) : Timing paths are broken.



Path 2: VIOLATED (-548 ps) Setup Check with Pin u_core_gen_pd_row[7].gen_pd_col[6].u_pd/q1_reg/clk->d
           View: tc_view
          Group: clk_osc_fast_buf_tap6
     Startpoint: (F) u_core_u_phase_buf_slow/gen_phase_buf[7].u_drv/Q
          Clock: (F) clk_osc_slow_buf_tap7
       Endpoint: (F) u_core_gen_pd_row[7].gen_pd_col[6].u_pd/q1_reg/d
          Clock: (R) clk_osc_fast_buf_tap6

                      Capture       Launch     
        Clock Edge:+  1348329      1348328     
       Src Latency:+        0            0     
       Net Latency:+        0 (I)        0 (I) 
           Arrival:=  1348329      1348328     
                                               
             Setup:-      325                  
       Uncertainty:-       10                  
     Required Time:=  1347994                  
      Launch Clock:-  1348328                  
       Input Delay:-        0                  
         Data Path:-      214                  
             Slack:=     -548                  

Exceptions/Constraints:
  input_delay              0              create_clock_delay_domain_1_clk_osc_slow_buf_tap7_F_0 

#---------------------------------------------------------------------------------------------------------------------------------
#                  Timing Point                    Flags    Arc    Edge      Cell        Fanout Load Trans Delay Arrival Instance 
#                                                                                               (fF)  (ps)  (ps)   (ps)  Location 
#---------------------------------------------------------------------------------------------------------------------------------
  u_core_u_phase_buf_slow/gen_phase_buf[7].u_drv/Q (b,u)   -       F     (arrival)            8 74.5     0     0 1348328    (-,-) 
  u_core_gen_pd_row[7].gen_pd_col[6].u_pd/g188/z   (u)     in_0->z R     unmapped_nand2       1  9.3     0   107 1348435    (-,-) 
  u_core_gen_pd_row[7].gen_pd_col[6].u_pd/g161/z   (u)     in_1->z F     unmapped_nand2       1  9.3     0   107 1348542    (-,-) 
  u_core_gen_pd_row[7].gen_pd_col[6].u_pd/q1_reg/d -       -       F     unmapped_d_flop      1    -     -     0 1348542    (-,-) 
#---------------------------------------------------------------------------------------------------------------------------------

(u) : Net has unmapped pin(s).
(b) : Timing paths are broken.



Path 3: VIOLATED (-548 ps) Setup Check with Pin u_core_gen_pd_row[7].gen_pd_col[5].u_pd/q1_reg/clk->d
           View: tc_view
          Group: clk_osc_fast_buf_tap5
     Startpoint: (F) u_core_u_phase_buf_slow/gen_phase_buf[7].u_drv/Q
          Clock: (F) clk_osc_slow_buf_tap7
       Endpoint: (F) u_core_gen_pd_row[7].gen_pd_col[5].u_pd/q1_reg/d
          Clock: (R) clk_osc_fast_buf_tap5

                     Capture       Launch     
        Clock Edge:+  344469       344468     
       Src Latency:+       0            0     
       Net Latency:+       0 (I)        0 (I) 
           Arrival:=  344469       344468     
                                              
             Setup:-     325                  
       Uncertainty:-      10                  
     Required Time:=  344134                  
      Launch Clock:-  344468                  
       Input Delay:-       0                  
         Data Path:-     214                  
             Slack:=    -548                  

Exceptions/Constraints:
  input_delay              0              create_clock_delay_domain_1_clk_osc_slow_buf_tap7_F_0 

#---------------------------------------------------------------------------------------------------------------------------------
#                  Timing Point                    Flags    Arc    Edge      Cell        Fanout Load Trans Delay Arrival Instance 
#                                                                                               (fF)  (ps)  (ps)   (ps)  Location 
#---------------------------------------------------------------------------------------------------------------------------------
  u_core_u_phase_buf_slow/gen_phase_buf[7].u_drv/Q (b,u)   -       F     (arrival)            8 74.5     0     0  344468    (-,-) 
  u_core_gen_pd_row[7].gen_pd_col[5].u_pd/g188/z   (u)     in_0->z R     unmapped_nand2       1  9.3     0   107  344575    (-,-) 
  u_core_gen_pd_row[7].gen_pd_col[5].u_pd/g161/z   (u)     in_1->z F     unmapped_nand2       1  9.3     0   107  344682    (-,-) 
  u_core_gen_pd_row[7].gen_pd_col[5].u_pd/q1_reg/d -       -       F     unmapped_d_flop      1    -     -     0  344682    (-,-) 
#---------------------------------------------------------------------------------------------------------------------------------

(u) : Net has unmapped pin(s).
(b) : Timing paths are broken.



Path 4: VIOLATED (-548 ps) Setup Check with Pin u_core_gen_pd_row[7].gen_pd_col[4].u_pd/q1_reg/clk->d
           View: tc_view
          Group: clk_osc_fast_buf_tap4
     Startpoint: (F) u_core_u_phase_buf_slow/gen_phase_buf[7].u_drv/Q
          Clock: (F) clk_osc_slow_buf_tap7
       Endpoint: (F) u_core_gen_pd_row[7].gen_pd_col[4].u_pd/q1_reg/d
          Clock: (R) clk_osc_fast_buf_tap4

                      Capture       Launch     
        Clock Edge:+  1246799      1246798     
       Src Latency:+        0            0     
       Net Latency:+        0 (I)        0 (I) 
           Arrival:=  1246799      1246798     
                                               
             Setup:-      325                  
       Uncertainty:-       10                  
     Required Time:=  1246464                  
      Launch Clock:-  1246798                  
       Input Delay:-        0                  
         Data Path:-      214                  
             Slack:=     -548                  

Exceptions/Constraints:
  input_delay              0              create_clock_delay_domain_1_clk_osc_slow_buf_tap7_F_0 

#---------------------------------------------------------------------------------------------------------------------------------
#                  Timing Point                    Flags    Arc    Edge      Cell        Fanout Load Trans Delay Arrival Instance 
#                                                                                               (fF)  (ps)  (ps)   (ps)  Location 
#---------------------------------------------------------------------------------------------------------------------------------
  u_core_u_phase_buf_slow/gen_phase_buf[7].u_drv/Q (b,u)   -       F     (arrival)            8 74.5     0     0 1246798    (-,-) 
  u_core_gen_pd_row[7].gen_pd_col[4].u_pd/g188/z   (u)     in_0->z R     unmapped_nand2       1  9.3     0   107 1246905    (-,-) 
  u_core_gen_pd_row[7].gen_pd_col[4].u_pd/g161/z   (u)     in_1->z F     unmapped_nand2       1  9.3     0   107 1247012    (-,-) 
  u_core_gen_pd_row[7].gen_pd_col[4].u_pd/q1_reg/d -       -       F     unmapped_d_flop      1    -     -     0 1247012    (-,-) 
#---------------------------------------------------------------------------------------------------------------------------------

(u) : Net has unmapped pin(s).
(b) : Timing paths are broken.



Path 5: VIOLATED (-548 ps) Setup Check with Pin u_core_gen_pd_row[7].gen_pd_col[3].u_pd/q1_reg/clk->d
           View: tc_view
          Group: clk_osc_fast_buf_tap3
     Startpoint: (F) u_core_u_phase_buf_slow/gen_phase_buf[7].u_drv/Q
          Clock: (F) clk_osc_slow_buf_tap7
       Endpoint: (F) u_core_gen_pd_row[7].gen_pd_col[3].u_pd/q1_reg/d
          Clock: (R) clk_osc_fast_buf_tap3

                     Capture       Launch     
        Clock Edge:+  242939       242938     
       Src Latency:+       0            0     
       Net Latency:+       0 (I)        0 (I) 
           Arrival:=  242939       242938     
                                              
             Setup:-     325                  
       Uncertainty:-      10                  
     Required Time:=  242604                  
      Launch Clock:-  242938                  
       Input Delay:-       0                  
         Data Path:-     214                  
             Slack:=    -548                  

Exceptions/Constraints:
  input_delay              0              create_clock_delay_domain_1_clk_osc_slow_buf_tap7_F_0 

#---------------------------------------------------------------------------------------------------------------------------------
#                  Timing Point                    Flags    Arc    Edge      Cell        Fanout Load Trans Delay Arrival Instance 
#                                                                                               (fF)  (ps)  (ps)   (ps)  Location 
#---------------------------------------------------------------------------------------------------------------------------------
  u_core_u_phase_buf_slow/gen_phase_buf[7].u_drv/Q (b,u)   -       F     (arrival)            8 74.5     0     0  242938    (-,-) 
  u_core_gen_pd_row[7].gen_pd_col[3].u_pd/g188/z   (u)     in_0->z R     unmapped_nand2       1  9.3     0   107  243045    (-,-) 
  u_core_gen_pd_row[7].gen_pd_col[3].u_pd/g161/z   (u)     in_1->z F     unmapped_nand2       1  9.3     0   107  243152    (-,-) 
  u_core_gen_pd_row[7].gen_pd_col[3].u_pd/q1_reg/d -       -       F     unmapped_d_flop      1    -     -     0  243152    (-,-) 
#---------------------------------------------------------------------------------------------------------------------------------

(u) : Net has unmapped pin(s).
(b) : Timing paths are broken.



Path 6: VIOLATED (-548 ps) Setup Check with Pin u_core_gen_pd_row[7].gen_pd_col[2].u_pd/q1_reg/clk->d
           View: tc_view
          Group: clk_osc_fast_buf_tap2
     Startpoint: (F) u_core_u_phase_buf_slow/gen_phase_buf[7].u_drv/Q
          Clock: (F) clk_osc_slow_buf_tap7
       Endpoint: (F) u_core_gen_pd_row[7].gen_pd_col[2].u_pd/q1_reg/d
          Clock: (R) clk_osc_fast_buf_tap2

                      Capture       Launch     
        Clock Edge:+  1145269      1145268     
       Src Latency:+        0            0     
       Net Latency:+        0 (I)        0 (I) 
           Arrival:=  1145269      1145268     
                                               
             Setup:-      325                  
       Uncertainty:-       10                  
     Required Time:=  1144934                  
      Launch Clock:-  1145268                  
       Input Delay:-        0                  
         Data Path:-      214                  
             Slack:=     -548                  

Exceptions/Constraints:
  input_delay              0              create_clock_delay_domain_1_clk_osc_slow_buf_tap7_F_0 

#---------------------------------------------------------------------------------------------------------------------------------
#                  Timing Point                    Flags    Arc    Edge      Cell        Fanout Load Trans Delay Arrival Instance 
#                                                                                               (fF)  (ps)  (ps)   (ps)  Location 
#---------------------------------------------------------------------------------------------------------------------------------
  u_core_u_phase_buf_slow/gen_phase_buf[7].u_drv/Q (b,u)   -       F     (arrival)            8 74.5     0     0 1145268    (-,-) 
  u_core_gen_pd_row[7].gen_pd_col[2].u_pd/g188/z   (u)     in_0->z R     unmapped_nand2       1  9.3     0   107 1145375    (-,-) 
  u_core_gen_pd_row[7].gen_pd_col[2].u_pd/g161/z   (u)     in_1->z F     unmapped_nand2       1  9.3     0   107 1145482    (-,-) 
  u_core_gen_pd_row[7].gen_pd_col[2].u_pd/q1_reg/d -       -       F     unmapped_d_flop      1    -     -     0 1145482    (-,-) 
#---------------------------------------------------------------------------------------------------------------------------------

(u) : Net has unmapped pin(s).
(b) : Timing paths are broken.



Path 7: VIOLATED (-548 ps) Setup Check with Pin u_core_gen_pd_row[7].gen_pd_col[1].u_pd/q1_reg/clk->d
           View: tc_view
          Group: clk_osc_fast_buf_tap1
     Startpoint: (F) u_core_u_phase_buf_slow/gen_phase_buf[7].u_drv/Q
          Clock: (F) clk_osc_slow_buf_tap7
       Endpoint: (F) u_core_gen_pd_row[7].gen_pd_col[1].u_pd/q1_reg/d
          Clock: (R) clk_osc_fast_buf_tap1

                     Capture       Launch     
        Clock Edge:+  141409       141408     
       Src Latency:+       0            0     
       Net Latency:+       0 (I)        0 (I) 
           Arrival:=  141409       141408     
                                              
             Setup:-     325                  
       Uncertainty:-      10                  
     Required Time:=  141074                  
      Launch Clock:-  141408                  
       Input Delay:-       0                  
         Data Path:-     214                  
             Slack:=    -548                  

Exceptions/Constraints:
  input_delay              0              create_clock_delay_domain_1_clk_osc_slow_buf_tap7_F_0 

#---------------------------------------------------------------------------------------------------------------------------------
#                  Timing Point                    Flags    Arc    Edge      Cell        Fanout Load Trans Delay Arrival Instance 
#                                                                                               (fF)  (ps)  (ps)   (ps)  Location 
#---------------------------------------------------------------------------------------------------------------------------------
  u_core_u_phase_buf_slow/gen_phase_buf[7].u_drv/Q (b,u)   -       F     (arrival)            8 74.5     0     0  141408    (-,-) 
  u_core_gen_pd_row[7].gen_pd_col[1].u_pd/g188/z   (u)     in_0->z R     unmapped_nand2       1  9.3     0   107  141515    (-,-) 
  u_core_gen_pd_row[7].gen_pd_col[1].u_pd/g161/z   (u)     in_1->z F     unmapped_nand2       1  9.3     0   107  141622    (-,-) 
  u_core_gen_pd_row[7].gen_pd_col[1].u_pd/q1_reg/d -       -       F     unmapped_d_flop      1    -     -     0  141622    (-,-) 
#---------------------------------------------------------------------------------------------------------------------------------

(u) : Net has unmapped pin(s).
(b) : Timing paths are broken.



Path 8: VIOLATED (-548 ps) Setup Check with Pin u_core_gen_pd_row[7].gen_pd_col[0].u_pd/q1_reg/clk->d
           View: tc_view
          Group: clk_osc_fast_buf_tap0
     Startpoint: (F) u_core_u_phase_buf_slow/gen_phase_buf[7].u_drv/Q
          Clock: (F) clk_osc_slow_buf_tap7
       Endpoint: (F) u_core_gen_pd_row[7].gen_pd_col[0].u_pd/q1_reg/d
          Clock: (R) clk_osc_fast_buf_tap0

                      Capture       Launch     
        Clock Edge:+  1043739      1043738     
       Src Latency:+        0            0     
       Net Latency:+        0 (I)        0 (I) 
           Arrival:=  1043739      1043738     
                                               
             Setup:-      325                  
       Uncertainty:-       10                  
     Required Time:=  1043404                  
      Launch Clock:-  1043738                  
       Input Delay:-        0                  
         Data Path:-      214                  
             Slack:=     -548                  

Exceptions/Constraints:
  input_delay              0              create_clock_delay_domain_1_clk_osc_slow_buf_tap7_F_0 

#---------------------------------------------------------------------------------------------------------------------------------
#                  Timing Point                    Flags    Arc    Edge      Cell        Fanout Load Trans Delay Arrival Instance 
#                                                                                               (fF)  (ps)  (ps)   (ps)  Location 
#---------------------------------------------------------------------------------------------------------------------------------
  u_core_u_phase_buf_slow/gen_phase_buf[7].u_drv/Q (b,u)   -       F     (arrival)            8 74.5     0     0 1043738    (-,-) 
  u_core_gen_pd_row[7].gen_pd_col[0].u_pd/g188/z   (u)     in_0->z R     unmapped_nand2       1  9.3     0   107 1043845    (-,-) 
  u_core_gen_pd_row[7].gen_pd_col[0].u_pd/g161/z   (u)     in_1->z F     unmapped_nand2       1  9.3     0   107 1043952    (-,-) 
  u_core_gen_pd_row[7].gen_pd_col[0].u_pd/q1_reg/d -       -       F     unmapped_d_flop      1    -     -     0 1043952    (-,-) 
#---------------------------------------------------------------------------------------------------------------------------------

(u) : Net has unmapped pin(s).
(b) : Timing paths are broken.



Path 9: VIOLATED (-548 ps) Setup Check with Pin u_core_gen_pd_row[6].gen_pd_col[7].u_pd/q1_reg/clk->d
           View: tc_view
          Group: clk_osc_fast_buf_tap7
     Startpoint: (R) u_core_u_phase_buf_slow/gen_phase_buf[6].u_drv/Q
          Clock: (R) clk_osc_slow_buf_tap6
       Endpoint: (R) u_core_gen_pd_row[6].gen_pd_col[7].u_pd/q1_reg/d
          Clock: (R) clk_osc_fast_buf_tap7

                     Capture       Launch     
        Clock Edge:+  928545       928544     
       Src Latency:+       0            0     
       Net Latency:+       0 (I)        0 (I) 
           Arrival:=  928545       928544     
                                              
             Setup:-     325                  
       Uncertainty:-      10                  
     Required Time:=  928210                  
      Launch Clock:-  928544                  
       Input Delay:-       0                  
         Data Path:-     214                  
             Slack:=    -548                  

Exceptions/Constraints:
  input_delay              0              create_clock_delay_domain_1_clk_osc_slow_buf_tap6_R_0 

#---------------------------------------------------------------------------------------------------------------------------------
#                  Timing Point                    Flags    Arc    Edge      Cell        Fanout Load Trans Delay Arrival Instance 
#                                                                                               (fF)  (ps)  (ps)   (ps)  Location 
#---------------------------------------------------------------------------------------------------------------------------------
  u_core_u_phase_buf_slow/gen_phase_buf[6].u_drv/Q (b,u)   -       R     (arrival)            8 74.5     0     0  928544    (-,-) 
  u_core_gen_pd_row[6].gen_pd_col[7].u_pd/g188/z   (u)     in_0->z F     unmapped_nand2       1  9.3     0   107  928651    (-,-) 
  u_core_gen_pd_row[6].gen_pd_col[7].u_pd/g161/z   (u)     in_1->z R     unmapped_nand2       1  9.3     0   107  928758    (-,-) 
  u_core_gen_pd_row[6].gen_pd_col[7].u_pd/q1_reg/d -       -       R     unmapped_d_flop      1    -     -     0  928758    (-,-) 
#---------------------------------------------------------------------------------------------------------------------------------

(u) : Net has unmapped pin(s).
(b) : Timing paths are broken.



Path 10: VIOLATED (-548 ps) Setup Check with Pin u_core_gen_pd_row[6].gen_pd_col[6].u_pd/q1_reg/clk->d
           View: tc_view
          Group: clk_osc_fast_buf_tap6
     Startpoint: (R) u_core_u_phase_buf_slow/gen_phase_buf[6].u_drv/Q
          Clock: (R) clk_osc_slow_buf_tap6
       Endpoint: (R) u_core_gen_pd_row[6].gen_pd_col[6].u_pd/q1_reg/d
          Clock: (R) clk_osc_fast_buf_tap6

                      Capture       Launch     
        Clock Edge:+  1830875      1830874     
       Src Latency:+        0            0     
       Net Latency:+        0 (I)        0 (I) 
           Arrival:=  1830875      1830874     
                                               
             Setup:-      325                  
       Uncertainty:-       10                  
     Required Time:=  1830540                  
      Launch Clock:-  1830874                  
       Input Delay:-        0                  
         Data Path:-      214                  
             Slack:=     -548                  

Exceptions/Constraints:
  input_delay              0              create_clock_delay_domain_1_clk_osc_slow_buf_tap6_R_0 

#---------------------------------------------------------------------------------------------------------------------------------
#                  Timing Point                    Flags    Arc    Edge      Cell        Fanout Load Trans Delay Arrival Instance 
#                                                                                               (fF)  (ps)  (ps)   (ps)  Location 
#---------------------------------------------------------------------------------------------------------------------------------
  u_core_u_phase_buf_slow/gen_phase_buf[6].u_drv/Q (b,u)   -       R     (arrival)            8 74.5     0     0 1830874    (-,-) 
  u_core_gen_pd_row[6].gen_pd_col[6].u_pd/g188/z   (u)     in_0->z F     unmapped_nand2       1  9.3     0   107 1830981    (-,-) 
  u_core_gen_pd_row[6].gen_pd_col[6].u_pd/g161/z   (u)     in_1->z R     unmapped_nand2       1  9.3     0   107 1831088    (-,-) 
  u_core_gen_pd_row[6].gen_pd_col[6].u_pd/q1_reg/d -       -       R     unmapped_d_flop      1    -     -     0 1831088    (-,-) 
#---------------------------------------------------------------------------------------------------------------------------------

(u) : Net has unmapped pin(s).
(b) : Timing paths are broken.



Path 11: VIOLATED (-548 ps) Setup Check with Pin u_core_gen_pd_row[6].gen_pd_col[5].u_pd/q1_reg/clk->d
           View: tc_view
          Group: clk_osc_fast_buf_tap5
     Startpoint: (R) u_core_u_phase_buf_slow/gen_phase_buf[6].u_drv/Q
          Clock: (R) clk_osc_slow_buf_tap6
       Endpoint: (R) u_core_gen_pd_row[6].gen_pd_col[5].u_pd/q1_reg/d
          Clock: (R) clk_osc_fast_buf_tap5

                     Capture       Launch     
        Clock Edge:+  827015       827014     
       Src Latency:+       0            0     
       Net Latency:+       0 (I)        0 (I) 
           Arrival:=  827015       827014     
                                              
             Setup:-     325                  
       Uncertainty:-      10                  
     Required Time:=  826680                  
      Launch Clock:-  827014                  
       Input Delay:-       0                  
         Data Path:-     214                  
             Slack:=    -548                  

Exceptions/Constraints:
  input_delay              0              create_clock_delay_domain_1_clk_osc_slow_buf_tap6_R_0 

#---------------------------------------------------------------------------------------------------------------------------------
#                  Timing Point                    Flags    Arc    Edge      Cell        Fanout Load Trans Delay Arrival Instance 
#                                                                                               (fF)  (ps)  (ps)   (ps)  Location 
#---------------------------------------------------------------------------------------------------------------------------------
  u_core_u_phase_buf_slow/gen_phase_buf[6].u_drv/Q (b,u)   -       R     (arrival)            8 74.5     0     0  827014    (-,-) 
  u_core_gen_pd_row[6].gen_pd_col[5].u_pd/g188/z   (u)     in_0->z F     unmapped_nand2       1  9.3     0   107  827121    (-,-) 
  u_core_gen_pd_row[6].gen_pd_col[5].u_pd/g161/z   (u)     in_1->z R     unmapped_nand2       1  9.3     0   107  827228    (-,-) 
  u_core_gen_pd_row[6].gen_pd_col[5].u_pd/q1_reg/d -       -       R     unmapped_d_flop      1    -     -     0  827228    (-,-) 
#---------------------------------------------------------------------------------------------------------------------------------

(u) : Net has unmapped pin(s).
(b) : Timing paths are broken.



Path 12: VIOLATED (-548 ps) Setup Check with Pin u_core_gen_pd_row[6].gen_pd_col[4].u_pd/q1_reg/clk->d
           View: tc_view
          Group: clk_osc_fast_buf_tap4
     Startpoint: (R) u_core_u_phase_buf_slow/gen_phase_buf[6].u_drv/Q
          Clock: (R) clk_osc_slow_buf_tap6
       Endpoint: (R) u_core_gen_pd_row[6].gen_pd_col[4].u_pd/q1_reg/d
          Clock: (R) clk_osc_fast_buf_tap4

                      Capture       Launch     
        Clock Edge:+  1729345      1729344     
       Src Latency:+        0            0     
       Net Latency:+        0 (I)        0 (I) 
           Arrival:=  1729345      1729344     
                                               
             Setup:-      325                  
       Uncertainty:-       10                  
     Required Time:=  1729010                  
      Launch Clock:-  1729344                  
       Input Delay:-        0                  
         Data Path:-      214                  
             Slack:=     -548                  

Exceptions/Constraints:
  input_delay              0              create_clock_delay_domain_1_clk_osc_slow_buf_tap6_R_0 

#---------------------------------------------------------------------------------------------------------------------------------
#                  Timing Point                    Flags    Arc    Edge      Cell        Fanout Load Trans Delay Arrival Instance 
#                                                                                               (fF)  (ps)  (ps)   (ps)  Location 
#---------------------------------------------------------------------------------------------------------------------------------
  u_core_u_phase_buf_slow/gen_phase_buf[6].u_drv/Q (b,u)   -       R     (arrival)            8 74.5     0     0 1729344    (-,-) 
  u_core_gen_pd_row[6].gen_pd_col[4].u_pd/g188/z   (u)     in_0->z F     unmapped_nand2       1  9.3     0   107 1729451    (-,-) 
  u_core_gen_pd_row[6].gen_pd_col[4].u_pd/g161/z   (u)     in_1->z R     unmapped_nand2       1  9.3     0   107 1729558    (-,-) 
  u_core_gen_pd_row[6].gen_pd_col[4].u_pd/q1_reg/d -       -       R     unmapped_d_flop      1    -     -     0 1729558    (-,-) 
#---------------------------------------------------------------------------------------------------------------------------------

(u) : Net has unmapped pin(s).
(b) : Timing paths are broken.



Path 13: VIOLATED (-548 ps) Setup Check with Pin u_core_gen_pd_row[6].gen_pd_col[3].u_pd/q1_reg/clk->d
           View: tc_view
          Group: clk_osc_fast_buf_tap3
     Startpoint: (R) u_core_u_phase_buf_slow/gen_phase_buf[6].u_drv/Q
          Clock: (R) clk_osc_slow_buf_tap6
       Endpoint: (R) u_core_gen_pd_row[6].gen_pd_col[3].u_pd/q1_reg/d
          Clock: (R) clk_osc_fast_buf_tap3

                     Capture       Launch     
        Clock Edge:+  725485       725484     
       Src Latency:+       0            0     
       Net Latency:+       0 (I)        0 (I) 
           Arrival:=  725485       725484     
                                              
             Setup:-     325                  
       Uncertainty:-      10                  
     Required Time:=  725150                  
      Launch Clock:-  725484                  
       Input Delay:-       0                  
         Data Path:-     214                  
             Slack:=    -548                  

Exceptions/Constraints:
  input_delay              0              create_clock_delay_domain_1_clk_osc_slow_buf_tap6_R_0 

#---------------------------------------------------------------------------------------------------------------------------------
#                  Timing Point                    Flags    Arc    Edge      Cell        Fanout Load Trans Delay Arrival Instance 
#                                                                                               (fF)  (ps)  (ps)   (ps)  Location 
#---------------------------------------------------------------------------------------------------------------------------------
  u_core_u_phase_buf_slow/gen_phase_buf[6].u_drv/Q (b,u)   -       R     (arrival)            8 74.5     0     0  725484    (-,-) 
  u_core_gen_pd_row[6].gen_pd_col[3].u_pd/g188/z   (u)     in_0->z F     unmapped_nand2       1  9.3     0   107  725591    (-,-) 
  u_core_gen_pd_row[6].gen_pd_col[3].u_pd/g161/z   (u)     in_1->z R     unmapped_nand2       1  9.3     0   107  725698    (-,-) 
  u_core_gen_pd_row[6].gen_pd_col[3].u_pd/q1_reg/d -       -       R     unmapped_d_flop      1    -     -     0  725698    (-,-) 
#---------------------------------------------------------------------------------------------------------------------------------

(u) : Net has unmapped pin(s).
(b) : Timing paths are broken.



Path 14: VIOLATED (-548 ps) Setup Check with Pin u_core_gen_pd_row[6].gen_pd_col[2].u_pd/q1_reg/clk->d
           View: tc_view
          Group: clk_osc_fast_buf_tap2
     Startpoint: (R) u_core_u_phase_buf_slow/gen_phase_buf[6].u_drv/Q
          Clock: (R) clk_osc_slow_buf_tap6
       Endpoint: (R) u_core_gen_pd_row[6].gen_pd_col[2].u_pd/q1_reg/d
          Clock: (R) clk_osc_fast_buf_tap2

                      Capture       Launch     
        Clock Edge:+  1627815      1627814     
       Src Latency:+        0            0     
       Net Latency:+        0 (I)        0 (I) 
           Arrival:=  1627815      1627814     
                                               
             Setup:-      325                  
       Uncertainty:-       10                  
     Required Time:=  1627480                  
      Launch Clock:-  1627814                  
       Input Delay:-        0                  
         Data Path:-      214                  
             Slack:=     -548                  

Exceptions/Constraints:
  input_delay              0              create_clock_delay_domain_1_clk_osc_slow_buf_tap6_R_0 

#---------------------------------------------------------------------------------------------------------------------------------
#                  Timing Point                    Flags    Arc    Edge      Cell        Fanout Load Trans Delay Arrival Instance 
#                                                                                               (fF)  (ps)  (ps)   (ps)  Location 
#---------------------------------------------------------------------------------------------------------------------------------
  u_core_u_phase_buf_slow/gen_phase_buf[6].u_drv/Q (b,u)   -       R     (arrival)            8 74.5     0     0 1627814    (-,-) 
  u_core_gen_pd_row[6].gen_pd_col[2].u_pd/g188/z   (u)     in_0->z F     unmapped_nand2       1  9.3     0   107 1627921    (-,-) 
  u_core_gen_pd_row[6].gen_pd_col[2].u_pd/g161/z   (u)     in_1->z R     unmapped_nand2       1  9.3     0   107 1628028    (-,-) 
  u_core_gen_pd_row[6].gen_pd_col[2].u_pd/q1_reg/d -       -       R     unmapped_d_flop      1    -     -     0 1628028    (-,-) 
#---------------------------------------------------------------------------------------------------------------------------------

(u) : Net has unmapped pin(s).
(b) : Timing paths are broken.



Path 15: VIOLATED (-548 ps) Setup Check with Pin u_core_gen_pd_row[6].gen_pd_col[1].u_pd/q1_reg/clk->d
           View: tc_view
          Group: clk_osc_fast_buf_tap1
     Startpoint: (R) u_core_u_phase_buf_slow/gen_phase_buf[6].u_drv/Q
          Clock: (R) clk_osc_slow_buf_tap6
       Endpoint: (R) u_core_gen_pd_row[6].gen_pd_col[1].u_pd/q1_reg/d
          Clock: (R) clk_osc_fast_buf_tap1

                     Capture       Launch     
        Clock Edge:+  623955       623954     
       Src Latency:+       0            0     
       Net Latency:+       0 (I)        0 (I) 
           Arrival:=  623955       623954     
                                              
             Setup:-     325                  
       Uncertainty:-      10                  
     Required Time:=  623620                  
      Launch Clock:-  623954                  
       Input Delay:-       0                  
         Data Path:-     214                  
             Slack:=    -548                  

Exceptions/Constraints:
  input_delay              0              create_clock_delay_domain_1_clk_osc_slow_buf_tap6_R_0 

#---------------------------------------------------------------------------------------------------------------------------------
#                  Timing Point                    Flags    Arc    Edge      Cell        Fanout Load Trans Delay Arrival Instance 
#                                                                                               (fF)  (ps)  (ps)   (ps)  Location 
#---------------------------------------------------------------------------------------------------------------------------------
  u_core_u_phase_buf_slow/gen_phase_buf[6].u_drv/Q (b,u)   -       R     (arrival)            8 74.5     0     0  623954    (-,-) 
  u_core_gen_pd_row[6].gen_pd_col[1].u_pd/g188/z   (u)     in_0->z F     unmapped_nand2       1  9.3     0   107  624061    (-,-) 
  u_core_gen_pd_row[6].gen_pd_col[1].u_pd/g161/z   (u)     in_1->z R     unmapped_nand2       1  9.3     0   107  624168    (-,-) 
  u_core_gen_pd_row[6].gen_pd_col[1].u_pd/q1_reg/d -       -       R     unmapped_d_flop      1    -     -     0  624168    (-,-) 
#---------------------------------------------------------------------------------------------------------------------------------

(u) : Net has unmapped pin(s).
(b) : Timing paths are broken.



Path 16: VIOLATED (-548 ps) Setup Check with Pin u_core_gen_pd_row[6].gen_pd_col[0].u_pd/q1_reg/clk->d
           View: tc_view
          Group: clk_osc_fast_buf_tap0
     Startpoint: (R) u_core_u_phase_buf_slow/gen_phase_buf[6].u_drv/Q
          Clock: (R) clk_osc_slow_buf_tap6
       Endpoint: (R) u_core_gen_pd_row[6].gen_pd_col[0].u_pd/q1_reg/d
          Clock: (R) clk_osc_fast_buf_tap0

                      Capture       Launch     
        Clock Edge:+  1526285      1526284     
       Src Latency:+        0            0     
       Net Latency:+        0 (I)        0 (I) 
           Arrival:=  1526285      1526284     
                                               
             Setup:-      325                  
       Uncertainty:-       10                  
     Required Time:=  1525950                  
      Launch Clock:-  1526284                  
       Input Delay:-        0                  
         Data Path:-      214                  
             Slack:=     -548                  

Exceptions/Constraints:
  input_delay              0              create_clock_delay_domain_1_clk_osc_slow_buf_tap6_R_0 

#---------------------------------------------------------------------------------------------------------------------------------
#                  Timing Point                    Flags    Arc    Edge      Cell        Fanout Load Trans Delay Arrival Instance 
#                                                                                               (fF)  (ps)  (ps)   (ps)  Location 
#---------------------------------------------------------------------------------------------------------------------------------
  u_core_u_phase_buf_slow/gen_phase_buf[6].u_drv/Q (b,u)   -       R     (arrival)            8 74.5     0     0 1526284    (-,-) 
  u_core_gen_pd_row[6].gen_pd_col[0].u_pd/g188/z   (u)     in_0->z F     unmapped_nand2       1  9.3     0   107 1526391    (-,-) 
  u_core_gen_pd_row[6].gen_pd_col[0].u_pd/g161/z   (u)     in_1->z R     unmapped_nand2       1  9.3     0   107 1526498    (-,-) 
  u_core_gen_pd_row[6].gen_pd_col[0].u_pd/q1_reg/d -       -       R     unmapped_d_flop      1    -     -     0 1526498    (-,-) 
#---------------------------------------------------------------------------------------------------------------------------------

(u) : Net has unmapped pin(s).
(b) : Timing paths are broken.



Path 17: VIOLATED (-548 ps) Setup Check with Pin u_core_gen_pd_row[5].gen_pd_col[7].u_pd/q1_reg/clk->d
           View: tc_view
          Group: clk_osc_fast_buf_tap7
     Startpoint: (R) u_core_u_phase_buf_slow/gen_phase_buf[5].u_drv/Q
          Clock: (R) clk_osc_slow_buf_tap5
       Endpoint: (R) u_core_gen_pd_row[5].gen_pd_col[7].u_pd/q1_reg/d
          Clock: (R) clk_osc_fast_buf_tap7

                     Capture       Launch     
        Clock Edge:+  457996       457995     
       Src Latency:+       0            0     
       Net Latency:+       0 (I)        0 (I) 
           Arrival:=  457996       457995     
                                              
             Setup:-     325                  
       Uncertainty:-      10                  
     Required Time:=  457661                  
      Launch Clock:-  457995                  
       Input Delay:-       0                  
         Data Path:-     214                  
             Slack:=    -548                  

Exceptions/Constraints:
  input_delay              0              create_clock_delay_domain_1_clk_osc_slow_buf_tap5_R_0 

#---------------------------------------------------------------------------------------------------------------------------------
#                  Timing Point                    Flags    Arc    Edge      Cell        Fanout Load Trans Delay Arrival Instance 
#                                                                                               (fF)  (ps)  (ps)   (ps)  Location 
#---------------------------------------------------------------------------------------------------------------------------------
  u_core_u_phase_buf_slow/gen_phase_buf[5].u_drv/Q (b,u)   -       R     (arrival)            9 83.8     0     0  457995    (-,-) 
  u_core_gen_pd_row[5].gen_pd_col[7].u_pd/g188/z   (u)     in_0->z F     unmapped_nand2       1  9.3     0   107  458102    (-,-) 
  u_core_gen_pd_row[5].gen_pd_col[7].u_pd/g161/z   (u)     in_1->z R     unmapped_nand2       1  9.3     0   107  458209    (-,-) 
  u_core_gen_pd_row[5].gen_pd_col[7].u_pd/q1_reg/d -       -       R     unmapped_d_flop      1    -     -     0  458209    (-,-) 
#---------------------------------------------------------------------------------------------------------------------------------

(u) : Net has unmapped pin(s).
(b) : Timing paths are broken.



Path 18: VIOLATED (-548 ps) Setup Check with Pin u_core_gen_pd_row[5].gen_pd_col[6].u_pd/q1_reg/clk->d
           View: tc_view
          Group: clk_osc_fast_buf_tap6
     Startpoint: (R) u_core_u_phase_buf_slow/gen_phase_buf[5].u_drv/Q
          Clock: (R) clk_osc_slow_buf_tap5
       Endpoint: (R) u_core_gen_pd_row[5].gen_pd_col[6].u_pd/q1_reg/d
          Clock: (R) clk_osc_fast_buf_tap6

                      Capture       Launch     
        Clock Edge:+  1360326      1360325     
       Src Latency:+        0            0     
       Net Latency:+        0 (I)        0 (I) 
           Arrival:=  1360326      1360325     
                                               
             Setup:-      325                  
       Uncertainty:-       10                  
     Required Time:=  1359991                  
      Launch Clock:-  1360325                  
       Input Delay:-        0                  
         Data Path:-      214                  
             Slack:=     -548                  

Exceptions/Constraints:
  input_delay              0              create_clock_delay_domain_1_clk_osc_slow_buf_tap5_R_0 

#---------------------------------------------------------------------------------------------------------------------------------
#                  Timing Point                    Flags    Arc    Edge      Cell        Fanout Load Trans Delay Arrival Instance 
#                                                                                               (fF)  (ps)  (ps)   (ps)  Location 
#---------------------------------------------------------------------------------------------------------------------------------
  u_core_u_phase_buf_slow/gen_phase_buf[5].u_drv/Q (b,u)   -       R     (arrival)            9 83.8     0     0 1360325    (-,-) 
  u_core_gen_pd_row[5].gen_pd_col[6].u_pd/g188/z   (u)     in_0->z F     unmapped_nand2       1  9.3     0   107 1360432    (-,-) 
  u_core_gen_pd_row[5].gen_pd_col[6].u_pd/g161/z   (u)     in_1->z R     unmapped_nand2       1  9.3     0   107 1360539    (-,-) 
  u_core_gen_pd_row[5].gen_pd_col[6].u_pd/q1_reg/d -       -       R     unmapped_d_flop      1    -     -     0 1360539    (-,-) 
#---------------------------------------------------------------------------------------------------------------------------------

(u) : Net has unmapped pin(s).
(b) : Timing paths are broken.



Path 19: VIOLATED (-548 ps) Setup Check with Pin u_core_gen_pd_row[5].gen_pd_col[5].u_pd/q1_reg/clk->d
           View: tc_view
          Group: clk_osc_fast_buf_tap5
     Startpoint: (R) u_core_u_phase_buf_slow/gen_phase_buf[5].u_drv/Q
          Clock: (R) clk_osc_slow_buf_tap5
       Endpoint: (R) u_core_gen_pd_row[5].gen_pd_col[5].u_pd/q1_reg/d
          Clock: (R) clk_osc_fast_buf_tap5

                     Capture       Launch     
        Clock Edge:+  356466       356465     
       Src Latency:+       0            0     
       Net Latency:+       0 (I)        0 (I) 
           Arrival:=  356466       356465     
                                              
             Setup:-     325                  
       Uncertainty:-      10                  
     Required Time:=  356131                  
      Launch Clock:-  356465                  
       Input Delay:-       0                  
         Data Path:-     214                  
             Slack:=    -548                  

Exceptions/Constraints:
  input_delay              0              create_clock_delay_domain_1_clk_osc_slow_buf_tap5_R_0 

#---------------------------------------------------------------------------------------------------------------------------------
#                  Timing Point                    Flags    Arc    Edge      Cell        Fanout Load Trans Delay Arrival Instance 
#                                                                                               (fF)  (ps)  (ps)   (ps)  Location 
#---------------------------------------------------------------------------------------------------------------------------------
  u_core_u_phase_buf_slow/gen_phase_buf[5].u_drv/Q (b,u)   -       R     (arrival)            9 83.8     0     0  356465    (-,-) 
  u_core_gen_pd_row[5].gen_pd_col[5].u_pd/g188/z   (u)     in_0->z F     unmapped_nand2       1  9.3     0   107  356572    (-,-) 
  u_core_gen_pd_row[5].gen_pd_col[5].u_pd/g161/z   (u)     in_1->z R     unmapped_nand2       1  9.3     0   107  356679    (-,-) 
  u_core_gen_pd_row[5].gen_pd_col[5].u_pd/q1_reg/d -       -       R     unmapped_d_flop      1    -     -     0  356679    (-,-) 
#---------------------------------------------------------------------------------------------------------------------------------

(u) : Net has unmapped pin(s).
(b) : Timing paths are broken.



Path 20: VIOLATED (-548 ps) Setup Check with Pin u_core_gen_pd_row[5].gen_pd_col[4].u_pd/q1_reg/clk->d
           View: tc_view
          Group: clk_osc_fast_buf_tap4
     Startpoint: (R) u_core_u_phase_buf_slow/gen_phase_buf[5].u_drv/Q
          Clock: (R) clk_osc_slow_buf_tap5
       Endpoint: (R) u_core_gen_pd_row[5].gen_pd_col[4].u_pd/q1_reg/d
          Clock: (R) clk_osc_fast_buf_tap4

                      Capture       Launch     
        Clock Edge:+  1258796      1258795     
       Src Latency:+        0            0     
       Net Latency:+        0 (I)        0 (I) 
           Arrival:=  1258796      1258795     
                                               
             Setup:-      325                  
       Uncertainty:-       10                  
     Required Time:=  1258461                  
      Launch Clock:-  1258795                  
       Input Delay:-        0                  
         Data Path:-      214                  
             Slack:=     -548                  

Exceptions/Constraints:
  input_delay              0              create_clock_delay_domain_1_clk_osc_slow_buf_tap5_R_0 

#---------------------------------------------------------------------------------------------------------------------------------
#                  Timing Point                    Flags    Arc    Edge      Cell        Fanout Load Trans Delay Arrival Instance 
#                                                                                               (fF)  (ps)  (ps)   (ps)  Location 
#---------------------------------------------------------------------------------------------------------------------------------
  u_core_u_phase_buf_slow/gen_phase_buf[5].u_drv/Q (b,u)   -       R     (arrival)            9 83.8     0     0 1258795    (-,-) 
  u_core_gen_pd_row[5].gen_pd_col[4].u_pd/g188/z   (u)     in_0->z F     unmapped_nand2       1  9.3     0   107 1258902    (-,-) 
  u_core_gen_pd_row[5].gen_pd_col[4].u_pd/g161/z   (u)     in_1->z R     unmapped_nand2       1  9.3     0   107 1259009    (-,-) 
  u_core_gen_pd_row[5].gen_pd_col[4].u_pd/q1_reg/d -       -       R     unmapped_d_flop      1    -     -     0 1259009    (-,-) 
#---------------------------------------------------------------------------------------------------------------------------------

(u) : Net has unmapped pin(s).
(b) : Timing paths are broken.


