# MPTDC PG Topology Dump
DUMP_LABEL=POSTPLACE_PRE_ROUTE_BEFORE_SROUTE
SCHEMA_marker_REPORT=/sim/ksabra/SPADMIC_work/innovus/20260630_mptdc_tc_fullclosure_ro_pnr_pg_timing_filler_235658/reports/postplace_pre_route_pg_topology_before_sroute_marker_schema.rpt
SCHEMA_marker_STATUS=PASS
SCHEMA_sWire_REPORT=/sim/ksabra/SPADMIC_work/innovus/20260630_mptdc_tc_fullclosure_ro_pnr_pg_timing_filler_235658/reports/postplace_pre_route_pg_topology_before_sroute_sWire_schema.rpt
SCHEMA_sWire_STATUS=PASS
SCHEMA_term_REPORT=/sim/ksabra/SPADMIC_work/innovus/20260630_mptdc_tc_fullclosure_ro_pnr_pg_timing_filler_235658/reports/postplace_pre_route_pg_topology_before_sroute_term_schema.rpt
SCHEMA_term_STATUS=PASS
SCHEMA_pin_REPORT=/sim/ksabra/SPADMIC_work/innovus/20260630_mptdc_tc_fullclosure_ro_pnr_pg_timing_filler_235658/reports/postplace_pre_route_pg_topology_before_sroute_pin_schema.rpt
SCHEMA_pin_STATUS=PASS
SCHEMA_pinShape_REPORT=/sim/ksabra/SPADMIC_work/innovus/20260630_mptdc_tc_fullclosure_ro_pnr_pg_timing_filler_235658/reports/postplace_pre_route_pg_topology_before_sroute_pinShape_schema.rpt
SCHEMA_pinShape_STATUS=PASS

TOP_NAME_COMMAND=dbGet top.name
TOP_NAME_BEGIN
TOP_NAME_STATUS=PASS
TOP_NAME_VALUE=mptdc_axis_core
TOP_NAME_END

CORE_BOX_COMMAND=dbGet top.fPlan.coreBox
CORE_BOX_BEGIN
CORE_BOX_STATUS=PASS
CORE_BOX_VALUE={20.16 20.16 1041.04 781.76}
CORE_BOX_END

PG_TERM_NAMES_COMMAND=dbGet top.pgTerms.name
PG_TERM_NAMES_BEGIN
PG_TERM_NAMES_STATUS=PASS
PG_TERM_NAMES_VALUE=VDD_LEFT VSS_LEFT VDD_RIGHT VSS_RIGHT
PG_TERM_NAMES_END

PG_TERM_NETS_COMMAND=dbGet top.pgTerms.net.name
PG_TERM_NETS_BEGIN
PG_TERM_NETS_STATUS=PASS
PG_TERM_NETS_VALUE=VDD VSS VDD VSS
PG_TERM_NETS_END

PG_TERM_LAYERS_COMMAND=dbGet top.pgTerms.pins.allShapes.layer.name
PG_TERM_LAYERS_BEGIN
PG_TERM_LAYERS_STATUS=PASS
PG_TERM_LAYERS_VALUE=METTP METTP METTP METTP
PG_TERM_LAYERS_END

VDD_PGTERM_NAMES_COMMAND=dbGet [dbGet top.pgTerms.net.name VDD -p2].name
VDD_PGTERM_NAMES_BEGIN
VDD_PGTERM_NAMES_STATUS=PASS
VDD_PGTERM_NAMES_VALUE=VDD_LEFT VDD_RIGHT
VDD_PGTERM_NAMES_END

VSS_PGTERM_NAMES_COMMAND=dbGet [dbGet top.pgTerms.net.name VSS -p2].name
VSS_PGTERM_NAMES_BEGIN
VSS_PGTERM_NAMES_STATUS=PASS
VSS_PGTERM_NAMES_VALUE=VSS_LEFT VSS_RIGHT
VSS_PGTERM_NAMES_END

VDD_SWIRE_COUNT_COMMAND=llength [dbGet [dbGet top.nets.name VDD -p].sWires]
VDD_SWIRE_COUNT_BEGIN
VDD_SWIRE_COUNT_STATUS=PASS
VDD_SWIRE_COUNT_VALUE=33
VDD_SWIRE_COUNT_END

VSS_SWIRE_COUNT_COMMAND=llength [dbGet [dbGet top.nets.name VSS -p].sWires]
VSS_SWIRE_COUNT_BEGIN
VSS_SWIRE_COUNT_STATUS=PASS
VSS_SWIRE_COUNT_VALUE=32
VSS_SWIRE_COUNT_END

SWIRE_NON_FOLLOWPIN_TABLE_BEGIN
net	idx	shape	layer	status	width	geomType	box	pts
VDD	1	ring	METTP	routed	2.0	pathSeg	{16.16 16.16 18.16 785.76}	{{17.16 16.16} {17.16 785.76}}
VDD	2	ring	METTP	routed	2.0	pathSeg	{1043.04 16.16 1045.04 785.76}	{{1044.04 16.16} {1044.04 785.76}}
VDD	3	ring	MET3	routed	2.0	pathSeg	{16.16 16.16 1045.04 18.16}	{{16.16 17.16} {1045.04 17.16}}
VDD	4	ring	MET3	routed	2.0	pathSeg	{16.16 783.76 1045.04 785.76}	{{16.16 784.76} {1045.04 784.76}}
VDD	5	stripe	METTP	routed	2.0	pathSeg	{40.16 16.16 42.16 785.76}	{{41.16 16.16} {41.16 785.76}}
VDD	6	stripe	METTP	routed	2.0	pathSeg	{120.16 16.16 122.16 118.0}	{{121.16 16.16} {121.16 118.0}}
VDD	7	stripe	METTP	routed	2.0	pathSeg	{120.16 193.3 122.16 608.0}	{{121.16 193.3} {121.16 608.0}}
VDD	8	stripe	METTP	routed	2.0	pathSeg	{120.16 683.3 122.16 785.76}	{{121.16 683.3} {121.16 785.76}}
VDD	9	stripe	METTP	routed	2.0	pathSeg	{200.16 16.16 202.16 118.0}	{{201.16 16.16} {201.16 118.0}}
VDD	10	stripe	METTP	routed	2.0	pathSeg	{200.16 193.3 202.16 608.0}	{{201.16 193.3} {201.16 608.0}}
VDD	11	stripe	METTP	routed	2.0	pathSeg	{200.16 683.3 202.16 785.76}	{{201.16 683.3} {201.16 785.76}}
VDD	12	stripe	METTP	routed	2.0	pathSeg	{280.16 16.16 282.16 785.76}	{{281.16 16.16} {281.16 785.76}}
VDD	13	stripe	METTP	routed	2.0	pathSeg	{360.16 16.16 362.16 785.76}	{{361.16 16.16} {361.16 785.76}}
VDD	14	stripe	METTP	routed	2.0	pathSeg	{440.16 16.16 442.16 785.76}	{{441.16 16.16} {441.16 785.76}}
VDD	15	stripe	METTP	routed	2.0	pathSeg	{520.16 16.16 522.16 785.76}	{{521.16 16.16} {521.16 785.76}}
VDD	16	stripe	METTP	routed	2.0	pathSeg	{600.16 16.16 602.16 785.76}	{{601.16 16.16} {601.16 785.76}}
VDD	17	stripe	METTP	routed	2.0	pathSeg	{680.16 16.16 682.16 785.76}	{{681.16 16.16} {681.16 785.76}}
VDD	18	stripe	METTP	routed	2.0	pathSeg	{760.16 16.16 762.16 785.76}	{{761.16 16.16} {761.16 785.76}}
VDD	19	stripe	METTP	routed	2.0	pathSeg	{840.16 16.16 842.16 785.76}	{{841.16 16.16} {841.16 785.76}}
VDD	20	stripe	METTP	routed	2.0	pathSeg	{920.16 16.16 922.16 785.76}	{{921.16 16.16} {921.16 785.76}}
VDD	21	stripe	METTP	routed	2.0	pathSeg	{1000.16 16.16 1002.16 785.76}	{{1001.16 16.16} {1001.16 785.76}}
VDD	22	stripe	MET3	routed	2.0	pathSeg	{16.16 40.16 1045.04 42.16}	{{16.16 41.16} {1045.04 41.16}}
VDD	23	stripe	MET3	routed	2.0	pathSeg	{16.16 120.16 48.0 122.16}	{{16.16 121.16} {48.0 121.16}}
VDD	24	stripe	MET3	routed	2.0	pathSeg	{221.745 120.16 1045.04 122.16}	{{221.745 121.16} {1045.04 121.16}}
VDD	25	stripe	MET3	routed	2.0	pathSeg	{16.16 200.16 1045.04 202.16}	{{16.16 201.16} {1045.04 201.16}}
VDD	26	stripe	MET3	routed	2.0	pathSeg	{16.16 280.16 1045.04 282.16}	{{16.16 281.16} {1045.04 281.16}}
VDD	27	stripe	MET3	routed	2.0	pathSeg	{16.16 360.16 1045.04 362.16}	{{16.16 361.16} {1045.04 361.16}}
VDD	28	stripe	MET3	routed	2.0	pathSeg	{16.16 440.16 1045.04 442.16}	{{16.16 441.16} {1045.04 441.16}}
VDD	29	stripe	MET3	routed	2.0	pathSeg	{16.16 520.16 1045.04 522.16}	{{16.16 521.16} {1045.04 521.16}}
VDD	30	stripe	MET3	routed	2.0	pathSeg	{16.16 600.16 1045.04 602.16}	{{16.16 601.16} {1045.04 601.16}}
VDD	31	stripe	MET3	routed	2.0	pathSeg	{16.16 680.16 48.0 682.16}	{{16.16 681.16} {48.0 681.16}}
VDD	32	stripe	MET3	routed	2.0	pathSeg	{221.745 680.16 1045.04 682.16}	{{221.745 681.16} {1045.04 681.16}}
VDD	33	stripe	MET3	routed	2.0	pathSeg	{16.16 760.16 1045.04 762.16}	{{16.16 761.16} {1045.04 761.16}}
VDD	FOLLOWPIN_ROWS_SKIPPED	0
VSS	1	ring	METTP	routed	2.0	pathSeg	{13.16 13.16 15.16 788.76}	{{14.16 13.16} {14.16 788.76}}
VSS	2	ring	METTP	routed	2.0	pathSeg	{1046.04 13.16 1048.04 788.76}	{{1047.04 13.16} {1047.04 788.76}}
VSS	3	ring	MET3	routed	2.0	pathSeg	{13.16 13.16 1048.04 15.16}	{{13.16 14.16} {1048.04 14.16}}
VSS	4	ring	MET3	routed	2.0	pathSeg	{13.16 786.76 1048.04 788.76}	{{13.16 787.76} {1048.04 787.76}}
VSS	5	stripe	METTP	routed	2.0	pathSeg	{44.16 13.16 46.16 788.76}	{{45.16 13.16} {45.16 788.76}}
VSS	6	stripe	METTP	routed	2.0	pathSeg	{124.16 13.16 126.16 118.0}	{{125.16 13.16} {125.16 118.0}}
VSS	7	stripe	METTP	routed	2.0	pathSeg	{124.16 193.3 126.16 608.0}	{{125.16 193.3} {125.16 608.0}}
VSS	8	stripe	METTP	routed	2.0	pathSeg	{124.16 683.3 126.16 788.76}	{{125.16 683.3} {125.16 788.76}}
VSS	9	stripe	METTP	routed	2.0	pathSeg	{204.16 13.16 206.16 118.0}	{{205.16 13.16} {205.16 118.0}}
VSS	10	stripe	METTP	routed	2.0	pathSeg	{204.16 193.3 206.16 608.0}	{{205.16 193.3} {205.16 608.0}}
VSS	11	stripe	METTP	routed	2.0	pathSeg	{204.16 683.3 206.16 788.76}	{{205.16 683.3} {205.16 788.76}}
VSS	12	stripe	METTP	routed	2.0	pathSeg	{284.16 13.16 286.16 788.76}	{{285.16 13.16} {285.16 788.76}}
VSS	13	stripe	METTP	routed	2.0	pathSeg	{364.16 13.16 366.16 788.76}	{{365.16 13.16} {365.16 788.76}}
VSS	14	stripe	METTP	routed	2.0	pathSeg	{444.16 13.16 446.16 788.76}	{{445.16 13.16} {445.16 788.76}}
VSS	15	stripe	METTP	routed	2.0	pathSeg	{524.16 13.16 526.16 788.76}	{{525.16 13.16} {525.16 788.76}}
VSS	16	stripe	METTP	routed	2.0	pathSeg	{604.16 13.16 606.16 788.76}	{{605.16 13.16} {605.16 788.76}}
VSS	17	stripe	METTP	routed	2.0	pathSeg	{684.16 13.16 686.16 788.76}	{{685.16 13.16} {685.16 788.76}}
VSS	18	stripe	METTP	routed	2.0	pathSeg	{764.16 13.16 766.16 788.76}	{{765.16 13.16} {765.16 788.76}}
VSS	19	stripe	METTP	routed	2.0	pathSeg	{844.16 13.16 846.16 788.76}	{{845.16 13.16} {845.16 788.76}}
VSS	20	stripe	METTP	routed	2.0	pathSeg	{924.16 13.16 926.16 788.76}	{{925.16 13.16} {925.16 788.76}}
VSS	21	stripe	METTP	routed	2.0	pathSeg	{1004.16 13.16 1006.16 788.76}	{{1005.16 13.16} {1005.16 788.76}}
VSS	22	stripe	MET3	routed	2.0	pathSeg	{13.16 44.16 1048.04 46.16}	{{13.16 45.16} {1048.04 45.16}}
VSS	23	stripe	MET3	routed	2.0	pathSeg	{13.16 124.16 48.0 126.16}	{{13.16 125.16} {48.0 125.16}}
VSS	24	stripe	MET3	routed	2.0	pathSeg	{221.745 124.16 1048.04 126.16}	{{221.745 125.16} {1048.04 125.16}}
VSS	25	stripe	MET3	routed	2.0	pathSeg	{13.16 204.16 1048.04 206.16}	{{13.16 205.16} {1048.04 205.16}}
VSS	26	stripe	MET3	routed	2.0	pathSeg	{13.16 284.16 1048.04 286.16}	{{13.16 285.16} {1048.04 285.16}}
VSS	27	stripe	MET3	routed	2.0	pathSeg	{13.16 364.16 1048.04 366.16}	{{13.16 365.16} {1048.04 365.16}}
VSS	28	stripe	MET3	routed	2.0	pathSeg	{13.16 444.16 1048.04 446.16}	{{13.16 445.16} {1048.04 445.16}}
VSS	29	stripe	MET3	routed	2.0	pathSeg	{13.16 524.16 1048.04 526.16}	{{13.16 525.16} {1048.04 525.16}}
VSS	30	stripe	MET3	routed	2.0	pathSeg	{13.16 604.16 1048.04 606.16}	{{13.16 605.16} {1048.04 605.16}}
VSS	31	stripe	MET3	routed	2.0	pathSeg	{13.16 684.16 1048.04 686.16}	{{13.16 685.16} {1048.04 685.16}}
VSS	32	stripe	MET3	routed	2.0	pathSeg	{13.16 764.16 1048.04 766.16}	{{13.16 765.16} {1048.04 765.16}}
VSS	FOLLOWPIN_ROWS_SKIPPED	0
SWIRE_NON_FOLLOWPIN_TABLE_END

VERIFY_SPECIAL_REPORT=/sim/ksabra/SPADMIC_work/innovus/20260630_mptdc_tc_fullclosure_ro_pnr_pg_timing_filler_235658/reports/postplace_pre_route_pg_topology_before_sroute_verify_special.rpt
VERIFY_SPECIAL_CONSOLE=/sim/ksabra/SPADMIC_work/innovus/20260630_mptdc_tc_fullclosure_ro_pnr_pg_timing_filler_235658/reports/postplace_pre_route_pg_topology_before_sroute_verify_special.console.rpt
VERIFY_SPECIAL_STATUS=PASS

MARKER_TABLE_BEGIN
idx	handle	box	layer	type	subType	message
1	0x7fa2547851f0	{1012.36 744.89 1013.26 745.52}	MET1	Connectivity	UnConnectedPin	Net VDD Pin: u_core_u_fifo_mem_reg[25][34]/vddi; Direction: INOUT; Use: POWER;
2	0x7fa2547851c0	{977.64 753.85 978.54 754.48}	MET1	Connectivity	UnConnectedPin	Net VDD Pin: u_core_u_fifo_mem_reg[25][30]/vddi; Direction: INOUT; Use: POWER;
3	0x7fa254785220	{1026.92 735.93 1027.82 736.56}	MET1	Connectivity	UnConnectedPin	Net VDD Pin: u_core_u_fifo_mem_reg[28][29]/vddi; Direction: INOUT; Use: POWER;
4	0x7fa254785a30	{935.68 780.525 936.02 781.36}	MET1	Connectivity	UnConnectedPin	Net VDD Pin: u_core_u_packet_tx_nslow_q_reg[6]/vddi; Direction: INOUT; Use: POWER;
5	0x7fa254780620	{1025.14 666.54 1025.45 666.84}	MET1	Connectivity	UnConnectedPin	Net VDD Pin: u_core_g73760/vddi; Direction: INOUT; Use: POWER;
6	0x7fa254780b30	{1003.3 717.48 1003.61 717.78}	MET1	Connectivity	UnConnectedPin	Net VDD Pin: u_core_g74964/vddi; Direction: INOUT; Use: POWER;
7	0x7fa25477e9b0	{973.28 772.4 975.52 773.2}	MET1	Connectivity	UnConnectedPin	Net VDD Pin: u_core_g80500/vddi; Direction: INOUT; Use: POWER;
8	0x7fa254788560	{1007.44 700.72 1010.8 701.52}	MET1	Connectivity	UnConnectedPin	Net VDD Pin: g9979/vddi; Direction: INOUT; Use: POWER;
9	0x7fa2501ea8c0	{1007.44 691.35 1011.36 693.145}	POLY1	Connectivity	Open	Net VDD
10	0x7fa2501ea8f0	{1027.04 691.175 1039.92 693.24}	POLY1	Connectivity	Open	Net VDD
11	0x7fa2501ea950	{1013.04 691.08 1024.24 693.72}	POLY1	Connectivity	Open	Net VDD
12	0x7fa2501ea980	{986.72 691.08 1004.08 693.72}	POLY1	Connectivity	Open	Net VDD
13	0x7fa2501eabc0	{947.52 681.64 983.92 684.76}	POLY1	Connectivity	Open	Net VDD
14	0x7fa2501eb1f0	{1015.28 726.44 1024.8 729.56}	POLY1	Connectivity	Open	Net VDD
15	0x7fa2501eb250	{1008.0 717.96 1031.52 720.12}	POLY1	Connectivity	Open	Net VDD
16	0x7fa2501eb280	{973.84 726.44 1013.04 729.56}	POLY1	Connectivity	Open	Net VDD
17	0x7fa2501eb550	{957.04 709.0 968.24 711.64}	POLY1	Connectivity	Open	Net VDD
18	0x7fa2501eb5e0	{953.68 727.015 958.16 728.985}	POLY1	Connectivity	Open	Net VDD
19	0x7fa2501eba90	{971.6 709.0 987.84 711.16}	POLY1	Connectivity	Open	Net VDD
20	0x7fa2501ebaf0	{972.16 735.4 1016.96 738.52}	POLY1	Connectivity	Open	Net VDD
21	0x7fa2501ebb50	{976.64 717.48 986.72 720.6}	POLY1	Connectivity	Open	Net VDD
22	0x7fa2501ebb80	{963.76 744.36 1000.16 747.48}	POLY1	Connectivity	Open	Net VDD
23	0x7fa2501ebdf0	{952.0 735.975 958.16 738.52}	POLY1	Connectivity	Open	Net VDD
24	0x7fa2501ebe50	{947.52 727.015 952.0 728.71}	POLY1	Connectivity	Open	Net VDD
25	0x7fa2501ebe80	{946.96 736.25 951.44 737.945}	POLY1	Connectivity	Open	Net VDD
26	0x7fa2547888c0	{834.4 762.605 848.4 765.4}	POLY1	Connectivity	Open	Net VDD
27	0x7fa254788530	{868.56 736.56 871.92 737.36}	MET1	Connectivity	UnConnectedPin	Net VDD Pin: g9969/vddi; Direction: INOUT; Use: POWER;
28	0x7fa254781b50	{856.15 747.18 856.46 747.48}	MET1	Connectivity	UnConnectedPin	Net VDD Pin: u_core_g79061/vddi; Direction: INOUT; Use: POWER;
29	0x7fa254780dd0	{837.2 781.36 843.36 782.16}	MET1	Connectivity	UnConnectedPin	Net VDD Pin: u_core_g75477/vddi; Direction: INOUT; Use: POWER;
30	0x7fa254780440	{848.4 781.36 852.88 782.16}	MET1	Connectivity	UnConnectedPin	Net VDD Pin: u_core_g73542/vddi; Direction: INOUT; Use: POWER;
31	0x7fa254785a00	{910.3 780.525 910.64 781.36}	MET1	Connectivity	UnConnectedPin	Net VDD Pin: u_core_u_packet_tx_nslow_q_reg[5]/vddi; Direction: INOUT; Use: POWER;
32	0x7fa2547859a0	{858.78 780.525 859.12 781.36}	MET1	Connectivity	UnConnectedPin	Net VDD Pin: u_core_u_packet_tx_hit_idx_q_reg[3]/vddi; Direction: INOUT; Use: POWER;
33	0x7fa254785970	{835.44 780.525 835.78 781.36}	MET1	Connectivity	UnConnectedPin	Net VDD Pin: u_core_u_packet_tx_hit_idx_q_reg[2]/vddi; Direction: INOUT; Use: POWER;
34	0x7fa254785940	{820.88 780.525 821.22 781.36}	MET1	Connectivity	UnConnectedPin	Net VDD Pin: u_core_u_packet_tx_hit_idx_q_reg[0]/vddi; Direction: INOUT; Use: POWER;
35	0x7fa254784290	{885.54 780.78 885.83 781.36}	MET1	Connectivity	UnConnectedPin	Net VDD Pin: u_core_g44420/vddi; Direction: INOUT; Use: POWER;
36	0x7fa254784260	{901.6 781.36 904.4 782.16}	MET1	Connectivity	UnConnectedPin	Net VDD Pin: u_core_g44415/vddi; Direction: INOUT; Use: POWER;
37	0x7fa254784170	{878.64 781.36 883.12 782.16}	MET1	Connectivity	UnConnectedPin	Net VDD Pin: u_core_g44389/vddi; Direction: INOUT; Use: POWER;
38	0x7fa254784140	{873.78 780.73 874.07 781.36}	MET1	Connectivity	UnConnectedPin	Net VDD Pin: u_core_g44378/vddi; Direction: INOUT; Use: POWER;
39	0x7fa254784110	{878.08 772.4 883.68 773.2}	MET1	Connectivity	UnConnectedPin	Net VDD Pin: u_core_g44352/vddi; Direction: INOUT; Use: POWER;
40	0x7fa2547844d0	{804.72 781.36 807.52 782.16}	MET1	Connectivity	UnConnectedPin	Net VDD Pin: u_core_g44655/vddi; Direction: INOUT; Use: POWER;
41	0x7fa254784770	{797.44 781.36 799.68 782.16}	MET1	Connectivity	UnConnectedPin	Net VDD Pin: u_core_g44925/vddi; Direction: INOUT; Use: POWER;
42	0x7fa254785010	{924.9 755.28 925.8 755.91}	MET1	Connectivity	UnConnectedPin	Net VDD Pin: u_core_u_fifo_mem_reg[12][30]/vddi; Direction: INOUT; Use: POWER;
43	0x7fa254788890	{838.88 753.84 852.88 755.865}	POLY1	Connectivity	Open	Net VDD
44	0x7fa2501eb460	{912.8 735.4 917.28 737.945}	POLY1	Connectivity	Open	Net VDD
45	0x7fa2501eb4f0	{874.72 735.4 902.16 738.52}	POLY1	Connectivity	Open	Net VDD
46	0x7fa2501ebc10	{848.4 735.4 868.0 738.04}	POLY1	Connectivity	Open	Net VDD
47	0x7fa2501ebc40	{859.6 744.36 882.56 747.0}	POLY1	Connectivity	Open	Net VDD
48	0x7fa2501ebd30	{902.72 736.25 909.44 737.945}	POLY1	Connectivity	Open	Net VDD
49	0x7fa2501eb340	{871.36 717.96 882.0 720.6}	POLY1	Connectivity	Open	Net VDD
50	0x7fa2501eb2e0	{830.48 717.48 870.24 720.6}	POLY1	Connectivity	Open	Net VDD
51	0x7fa2501eab30	{901.04 682.12 911.68 684.185}	POLY1	Connectivity	Open	Net VDD
52	0x7fa2501eaa40	{864.64 682.12 899.92 684.76}	POLY1	Connectivity	Open	Net VDD
53	0x7fa2501ea9e0	{858.48 690.6 870.24 693.24}	POLY1	Connectivity	Open	Net VDD
54	0x7fa2501ea9b0	{824.32 681.64 862.96 684.76}	POLY1	Connectivity	Open	Net VDD
55	0x7fa2547885c0	{847.28 691.76 850.64 692.56}	MET1	Connectivity	UnConnectedPin	Net VDD Pin: g10029/vddi; Direction: INOUT; Use: POWER;
56	0x7fa25477ff40	{812.56 682.8 815.92 683.6}	MET1	Connectivity	UnConnectedPin	Net VDD Pin: g9324/vddi; Direction: INOUT; Use: POWER;
57	0x7fa254780aa0	{856.15 693.42 856.46 693.72}	MET1	Connectivity	UnConnectedPin	Net VDD Pin: u_core_g74924/vddi; Direction: INOUT; Use: POWER;
58	0x7fa2547809e0	{912.71 708.52 913.02 708.82}	MET1	Connectivity	UnConnectedPin	Net VDD Pin: u_core_g74864/vddi; Direction: INOUT; Use: POWER;
59	0x7fa254780470	{862.18 699.56 862.49 699.86}	MET1	Connectivity	UnConnectedPin	Net VDD Pin: u_core_g73567/vddi; Direction: INOUT; Use: POWER;
60	0x7fa254785190	{858.92 700.09 859.82 700.72}	MET1	Connectivity	UnConnectedPin	Net VDD Pin: u_core_u_fifo_mem_reg[20][28]/vddi; Direction: INOUT; Use: POWER;
61	0x7fa2501eb370	{847.28 726.44 862.96 729.56}	POLY1	Connectivity	Open	Net VDD
62	0x7fa2501eb4c0	{905.52 727.015 909.44 728.985}	POLY1	Connectivity	Open	Net VDD
63	0x7fa2501ebbe0	{863.52 726.92 879.76 728.985}	POLY1	Connectivity	Open	Net VDD
64	0x7fa2501eaad0	{884.24 690.6 944.16 693.72}	POLY1	Connectivity	Open	Net VDD
65	0x7fa2501eab00	{914.48 682.12 946.4 684.28}	POLY1	Connectivity	Open	Net VDD
66	0x7fa2501eac20	{924.0 672.68 982.8 675.8}	POLY1	Connectivity	Open	Net VDD
67	0x7fa2501eb400	{911.12 726.44 946.96 729.56}	POLY1	Connectivity	Open	Net VDD
68	0x7fa2501ebd00	{910.56 744.84 933.52 747.48}	POLY1	Connectivity	Open	Net VDD
69	0x7fa2501ebd90	{921.2 708.52 955.92 711.16}	POLY1	Connectivity	Open	Net VDD
70	0x7fa254785100	{679.16 762.81 680.06 763.44}	MET1	Connectivity	UnConnectedPin	Net VDD Pin: u_core_u_fifo_mem_reg[17][48]/vddi; Direction: INOUT; Use: POWER;
71	0x7fa2547850d0	{684.66 755.28 685.56 755.91}	MET1	Connectivity	UnConnectedPin	Net VDD Pin: u_core_u_fifo_mem_reg[17][6]/vddi; Direction: INOUT; Use: POWER;
72	0x7fa2547847a0	{789.13 780.78 789.43 781.36}	MET1	Connectivity	UnConnectedPin	Net VDD Pin: u_core_g44926/vddi; Direction: INOUT; Use: POWER;
73	0x7fa254784710	{792.4 781.36 795.2 782.16}	MET1	Connectivity	UnConnectedPin	Net VDD Pin: u_core_g44911/vddi; Direction: INOUT; Use: POWER;
74	0x7fa254784500	{772.8 781.36 775.6 782.16}	MET1	Connectivity	UnConnectedPin	Net VDD Pin: u_core_g44660/vddi; Direction: INOUT; Use: POWER;
75	0x7fa2547841a0	{712.88 763.44 717.36 764.24}	MET1	Connectivity	UnConnectedPin	Net VDD Pin: u_core_g44394/vddi; Direction: INOUT; Use: POWER;
76	0x7fa2547841d0	{739.2 772.4 742.0 773.2}	MET1	Connectivity	UnConnectedPin	Net VDD Pin: u_core_g44412/vddi; Direction: INOUT; Use: POWER;
77	0x7fa254784230	{708.4 781.36 711.2 782.16}	MET1	Connectivity	UnConnectedPin	Net VDD Pin: u_core_g44414/vddi; Direction: INOUT; Use: POWER;
78	0x7fa2547842c0	{762.9 780.78 763.19 781.36}	MET1	Connectivity	UnConnectedPin	Net VDD Pin: u_core_g44421/vddi; Direction: INOUT; Use: POWER;
79	0x7fa2547844a0	{769.53 780.78 769.83 781.36}	MET1	Connectivity	UnConnectedPin	Net VDD Pin: u_core_g44650/vddi; Direction: INOUT; Use: POWER;
80	0x7fa2547859d0	{714.48 773.2 714.82 774.035}	MET1	Connectivity	UnConnectedPin	Net VDD Pin: u_core_u_packet_tx_nfast_q_reg[5]/vddi; Direction: INOUT; Use: POWER;
81	0x7fa254785a60	{740.24 780.525 740.58 781.36}	MET1	Connectivity	UnConnectedPin	Net VDD Pin: u_core_u_packet_tx_stop_slow_phase_disc_q_reg[0]/vddi; Direction: INOUT; Use: POWER;
82	0x7fa254780110	{777.84 781.36 781.2 782.16}	MET1	Connectivity	UnConnectedPin	Net VDD Pin: u_core_g71494/vddi; Direction: INOUT; Use: POWER;
83	0x7fa2547801a0	{786.33 780.78 786.62 781.36}	MET1	Connectivity	UnConnectedPin	Net VDD Pin: u_core_g71529/vddi; Direction: INOUT; Use: POWER;
84	0x7fa254780650	{695.43 675.5 695.74 675.8}	MET1	Connectivity	UnConnectedPin	Net VDD Pin: u_core_g73775/vddi; Direction: INOUT; Use: POWER;
85	0x7fa2501ea2f0	{717.92 682.39 722.4 684.185}	POLY1	Connectivity	Open	Net VDD
86	0x7fa2501eb880	{697.2 672.68 720.72 675.32}	POLY1	Connectivity	Open	Net VDD
87	0x7fa2501eb910	{722.4 673.255 727.44 675.225}	POLY1	Connectivity	Open	Net VDD
88	0x7fa2501ebbb0	{672.56 717.48 715.12 720.12}	POLY1	Connectivity	Open	Net VDD
89	0x7fa2501ebdc0	{673.68 744.935 678.16 747.48}	POLY1	Connectivity	Open	Net VDD
90	0x7fa25ebc2080	{777.28 744.36 794.08 747.0}	POLY1	Connectivity	Open	Net VDD
91	0x7fa25ebc21a0	{776.72 735.975 784.56 737.945}	POLY1	Connectivity	Open	Net VDD
92	0x7fa254788110	{649.04 736.56 652.4 737.36}	MET1	Connectivity	UnConnectedPin	Net VDD Pin: g9463/vddi; Direction: INOUT; Use: POWER;
93	0x7fa254785130	{638.28 735.93 639.18 736.56}	MET1	Connectivity	UnConnectedPin	Net VDD Pin: u_core_u_fifo_mem_reg[18][6]/vddi; Direction: INOUT; Use: POWER;
94	0x7fa254784b60	{625.96 683.6 626.86 684.23}	MET1	Connectivity	UnConnectedPin	Net VDD Pin: u_core_u_ctx_bank_ctx_snapshot_q_reg[0][nslow_snap][5]/vddi; Direction: INOUT; Use: POWER;
95	0x7fa2813838e0	{641.94 764.24 642.23 764.82}	MET1	Connectivity	UnConnectedPin	Net VDD Pin: FE_OFC933_u_core_fifo_rd_valid/vddi; Direction: INOUT; Use: POWER;
96	0x7fa2516e5f40	{536.96 780.525 537.3 781.36}	MET1	Connectivity	UnConnectedPin	Net VDD Pin: u_core_u_slow_epoch_johnson_o_reg[42]/vddi; Direction: INOUT; Use: POWER;
97	0x7fa2516e5f70	{553.76 780.525 554.1 781.36}	MET1	Connectivity	UnConnectedPin	Net VDD Pin: u_core_u_slow_epoch_johnson_o_reg[44]/vddi; Direction: INOUT; Use: POWER;
98	0x7fa2516e5fa0	{570.0 780.525 570.34 781.36}	MET1	Connectivity	UnConnectedPin	Net VDD Pin: u_core_u_slow_epoch_johnson_o_reg[46]/vddi; Direction: INOUT; Use: POWER;
99	0x7fa254784020	{605.28 780.525 605.62 781.36}	MET1	Connectivity	UnConnectedPin	Net VDD Pin: u_core_u_slow_epoch_johnson_o_reg[50]/vddi; Direction: INOUT; Use: POWER;
100	0x7fa254784050	{616.48 762.605 616.82 763.44}	MET1	Connectivity	UnConnectedPin	Net VDD Pin: u_core_u_slow_epoch_johnson_o_reg[53]/vddi; Direction: INOUT; Use: POWER;
101	0x7fa254784200	{641.85 771.82 642.18 772.4}	MET1	Connectivity	UnConnectedPin	Net VDD Pin: u_core_g44413/vddi; Direction: INOUT; Use: POWER;
102	0x7fa254785a90	{551.04 754.48 555.52 755.28}	MET1	Connectivity	UnConnectedPin	Net VDD Pin: u_core_g71010/vddi; Direction: INOUT; Use: POWER;
103	0x7fa254780e00	{632.24 682.8 634.48 683.6}	MET1	Connectivity	UnConnectedPin	Net VDD Pin: u_core_g75521/vddi; Direction: INOUT; Use: POWER;
104	0x7fa2547810a0	{636.16 682.8 640.08 683.6}	MET1	Connectivity	UnConnectedPin	Net VDD Pin: u_core_g76789/vddi; Direction: INOUT; Use: POWER;
105	0x7fa2547810d0	{551.04 745.52 553.84 746.32}	MET1	Connectivity	UnConnectedPin	Net VDD Pin: u_core_g76816/vddi; Direction: INOUT; Use: POWER;
106	0x7fa25477e260	{575.21 710.48 575.5 711.06}	MET1	Connectivity	UnConnectedPin	Net VDD Pin: u_core_g79707/vddi; Direction: INOUT; Use: POWER;
107	0x7fa25477ea10	{584.64 754.48 586.88 755.28}	MET1	Connectivity	UnConnectedPin	Net VDD Pin: u_core_g80520/vddi; Direction: INOUT; Use: POWER;
108	0x7fa254788650	{574.18 764.24 575.79 764.88}	MET1	Connectivity	UnConnectedPin	Net VDD Pin: u_core_u_stop_epoch_capture_slow_epoch_johnson_stop_o_reg[49]/vddi; Direction: INOUT; Use: POWER;
109	0x7fa254788680	{558.5 764.24 560.11 764.88}	MET1	Connectivity	UnConnectedPin	Net VDD Pin: u_core_u_stop_epoch_capture_slow_epoch_johnson_stop_o_reg[47]/vddi; Direction: INOUT; Use: POWER;
110	0x7fa254789640	{533.12 672.18 576.24 675.475}	POLY1	Connectivity	Open	Net VDD
111	0x7fa254789e50	{587.44 753.84 622.72 756.115}	POLY1	Connectivity	Open	Net VDD
112	0x7fa254789ee0	{589.68 762.8 603.68 765.075}	POLY1	Connectivity	Open	Net VDD
113	0x7fa254789f10	{566.72 716.76 589.68 720.08}	POLY1	Connectivity	Open	Net VDD
114	0x7fa2501ea020	{542.64 762.8 557.2 764.88}	POLY1	Connectivity	Open	Net VDD
115	0x7fa2501ea080	{580.16 735.725 619.36 738.195}	POLY1	Connectivity	Open	Net VDD
116	0x7fa2501ea170	{586.32 726.46 603.12 729.04}	POLY1	Connectivity	Open	Net VDD
117	0x7fa2501ebb20	{648.48 726.44 667.52 729.56}	POLY1	Connectivity	Open	Net VDD
118	0x7fa2501ebf10	{750.96 717.48 829.36 720.6}	POLY1	Connectivity	Open	Net VDD
119	0x7fa254780fb0	{803.38 630.7 803.69 631.0}	MET1	Connectivity	UnConnectedPin	Net VDD Pin: u_core_g75814/vddi; Direction: INOUT; Use: POWER;
120	0x7fa254780d10	{1005.11 594.86 1005.42 595.16}	MET1	Connectivity	UnConnectedPin	Net VDD Pin: u_core_g75344/vddi; Direction: INOUT; Use: POWER;
121	0x7fa254780cb0	{884.71 592.04 885.02 592.34}	MET1	Connectivity	UnConnectedPin	Net VDD Pin: u_core_g75149/vddi; Direction: INOUT; Use: POWER;
122	0x7fa254780c80	{955.83 567.98 956.14 568.28}	MET1	Connectivity	UnConnectedPin	Net VDD Pin: u_core_g75126/vddi; Direction: INOUT; Use: POWER;
123	0x7fa254780b00	{1005.11 550.06 1005.42 550.36}	MET1	Connectivity	UnConnectedPin	Net VDD Pin: u_core_g74956/vddi; Direction: INOUT; Use: POWER;
124	0x7fa254780a70	{848.31 618.92 848.62 619.22}	MET1	Connectivity	UnConnectedPin	Net VDD Pin: u_core_g74912/vddi; Direction: INOUT; Use: POWER;
125	0x7fa2547809b0	{899.14 603.82 899.45 604.12}	MET1	Connectivity	UnConnectedPin	Net VDD Pin: u_core_g74817/vddi; Direction: INOUT; Use: POWER;
126	0x7fa254780800	{940.71 645.8 941.02 646.1}	MET1	Connectivity	UnConnectedPin	Net VDD Pin: u_core_g74598/vddi; Direction: INOUT; Use: POWER;
127	0x7fa2547806e0	{963.54 567.98 963.85 568.28}	MET1	Connectivity	UnConnectedPin	Net VDD Pin: u_core_g73860/vddi; Direction: INOUT; Use: POWER;
128	0x7fa254784f80	{981.56 576.08 982.46 576.71}	MET1	Connectivity	UnConnectedPin	Net VDD Pin: u_core_u_fifo_mem_reg[3][7]/vddi; Direction: INOUT; Use: POWER;
129	0x7fa254784fb0	{816.92 629.84 817.82 630.47}	MET1	Connectivity	UnConnectedPin	Net VDD Pin: u_core_u_fifo_mem_reg[6][44]/vddi; Direction: INOUT; Use: POWER;
130	0x7fa254784fe0	{987.72 610.49 988.62 611.12}	MET1	Connectivity	UnConnectedPin	Net VDD Pin: u_core_u_fifo_mem_reg[7][5]/vddi; Direction: INOUT; Use: POWER;
131	0x7fa25477f9d0	{861.28 584.24 864.64 585.04}	MET1	Connectivity	UnConnectedPin	Net VDD Pin: g8900/vddi; Direction: INOUT; Use: POWER;
132	0x7fa25477fa00	{963.76 602.16 967.12 602.96}	MET1	Connectivity	UnConnectedPin	Net VDD Pin: g8919/vddi; Direction: INOUT; Use: POWER;
133	0x7fa25477fa60	{1007.44 620.08 1011.36 620.88}	MET1	Connectivity	UnConnectedPin	Net VDD Pin: g8967/vddi; Direction: INOUT; Use: POWER;
134	0x7fa2547880b0	{853.44 584.24 856.8 585.04}	MET1	Connectivity	UnConnectedPin	Net VDD Pin: g9401/vddi; Direction: INOUT; Use: POWER;
135	0x7fa254788140	{969.36 602.16 972.72 602.96}	MET1	Connectivity	UnConnectedPin	Net VDD Pin: g9513/vddi; Direction: INOUT; Use: POWER;
136	0x7fa254788410	{797.44 629.04 800.8 629.84}	MET1	Connectivity	UnConnectedPin	Net VDD Pin: g9795/vddi; Direction: INOUT; Use: POWER;
137	0x7fa254788440	{1026.48 620.08 1029.84 620.88}	MET1	Connectivity	UnConnectedPin	Net VDD Pin: g9796/vddi; Direction: INOUT; Use: POWER;
138	0x7fa254788470	{1014.72 620.08 1018.08 620.88}	MET1	Connectivity	UnConnectedPin	Net VDD Pin: g9797/vddi; Direction: INOUT; Use: POWER;
139	0x7fa2501ea2c0	{958.16 566.01 961.52 567.705}	POLY1	Connectivity	Open	Net VDD
140	0x7fa2501ea320	{968.24 565.16 991.2 568.28}	POLY1	Connectivity	Open	Net VDD
141	0x7fa2501ea3b0	{923.44 565.64 951.44 568.28}	POLY1	Connectivity	Open	Net VDD
142	0x7fa2501eacb0	{951.44 628.36 962.08 631.0}	POLY1	Connectivity	Open	Net VDD
143	0x7fa2501eba60	{802.48 565.16 818.72 567.8}	POLY1	Connectivity	Open	Net VDD
144	0x7fa25477fbe0	{962.64 467.76 966.0 468.56}	MET1	Connectivity	UnConnectedPin	Net VDD Pin: g9109/vddi; Direction: INOUT; Use: POWER;
145	0x7fa25477f9a0	{1015.28 494.64 1019.2 495.44}	MET1	Connectivity	UnConnectedPin	Net VDD Pin: g8878/vddi; Direction: INOUT; Use: POWER;
146	0x7fa25477f8e0	{953.12 458.8 957.04 459.6}	MET1	Connectivity	UnConnectedPin	Net VDD Pin: g8857/vddi; Direction: INOUT; Use: POWER;
147	0x7fa2547852b0	{1038.68 404.41 1039.58 405.04}	MET1	Connectivity	UnConnectedPin	Net VDD Pin: u_core_u_fifo_mem_reg[32][0]/vddi; Direction: INOUT; Use: POWER;
148	0x7fa254785280	{1021.22 441.68 1022.12 442.31}	MET1	Connectivity	UnConnectedPin	Net VDD Pin: u_core_u_fifo_mem_reg[31][51]/vddi; Direction: INOUT; Use: POWER;
149	0x7fa254785250	{1027.38 495.44 1028.28 496.07}	MET1	Connectivity	UnConnectedPin	Net VDD Pin: u_core_u_fifo_mem_reg[31][10]/vddi; Direction: INOUT; Use: POWER;
150	0x7fa2547850a0	{932.18 458.17 933.08 458.8}	MET1	Connectivity	UnConnectedPin	Net VDD Pin: u_core_u_fifo_mem_reg[15][49]/vddi; Direction: INOUT; Use: POWER;
151	0x7fa254780950	{1025.14 403.88 1025.45 404.18}	MET1	Connectivity	UnConnectedPin	Net VDD Pin: u_core_g74681/vddi; Direction: INOUT; Use: POWER;
152	0x7fa254780b60	{946.31 460.46 946.62 460.76}	MET1	Connectivity	UnConnectedPin	Net VDD Pin: u_core_g75010/vddi; Direction: INOUT; Use: POWER;
153	0x7fa254781040	{1013.51 523.18 1013.82 523.48}	MET1	Connectivity	UnConnectedPin	Net VDD Pin: u_core_g76098/vddi; Direction: INOUT; Use: POWER;
154	0x7fa25477fc40	{950.32 512.56 953.68 513.36}	MET1	Connectivity	UnConnectedPin	Net VDD Pin: g9113/vddi; Direction: INOUT; Use: POWER;
155	0x7fa25477fcd0	{1018.64 530.48 1022.0 531.28}	MET1	Connectivity	UnConnectedPin	Net VDD Pin: g9166/vddi; Direction: INOUT; Use: POWER;
156	0x7fa25477fdf0	{1022.56 494.64 1025.92 495.44}	MET1	Connectivity	UnConnectedPin	Net VDD Pin: g9230/vddi; Direction: INOUT; Use: POWER;
157	0x7fa254788260	{932.96 431.92 936.32 432.72}	MET1	Connectivity	UnConnectedPin	Net VDD Pin: g9616/vddi; Direction: INOUT; Use: POWER;
158	0x7fa2547883e0	{1019.76 405.04 1023.12 405.84}	MET1	Connectivity	UnConnectedPin	Net VDD Pin: g9763/vddi; Direction: INOUT; Use: POWER;
159	0x7fa2501ea710	{971.6 421.8 1020.88 424.92}	POLY1	Connectivity	Open	Net VDD
160	0x7fa2501ea740	{972.16 430.76 1030.4 433.88}	POLY1	Connectivity	Open	Net VDD
TRUNCATED	max_marker_rows=160
MARKER_COUNT=161
MARKER_TABLE_END
