**INFO: User settings:
setNanoRouteMode -route_detail_antenna_factor                                             1
setNanoRouteMode -route_detail_post_route_spread_wire                                     auto
setNanoRouteMode -drouteStartIteration                                                    0
setNanoRouteMode -route_extract_third_party_compatible                                    false
setNanoRouteMode -route_global_exp_timing_driven_std_delay                                57.3
setNanoRouteMode -route_global_exp_timing_driven_use_tif_timing_engine_for_import_design  false
setNanoRouteMode -route_exp_design_mode_bottom_routing_layer                              1
setNanoRouteMode -route_exp_design_mode_top_routing_layer                                 4
setDesignMode -bottomRoutingLayer                                                         1
setDesignMode -process                                                                    180
setDesignMode -topRoutingLayer                                                            4


detailRoute -fix_drc

#Start detailRoute on Wed Jul  1 00:26:09 2026
#
#num needed restored net=0
#need_extraction net=0 (total=16422)
#NanoRoute Version 22.33-s094_1 NR230808-0153/22_13-UB
#WARNING (NRDB-942) Reset route_exp_with_eco_for_shielding to false because there is no existing shielding wire.
#Start routing data preparation on Wed Jul  1 00:26:10 2026
#
#Minimum voltage of a net in the design = 0.000.
#Maximum voltage of a net in the design = 1.800.
#Voltage range [0.000 - 1.800] has 16420 nets.
#Voltage range [1.800 - 1.800] has 1 net.
#Voltage range [0.000 - 0.000] has 1 net.
#Build and mark too close pins for the same net.
#Initial pin access analysis.
#Detail pin access analysis.
# MET1         H   Track-Pitch = 0.5600    Line-2-Via Pitch = 0.4850
# MET2         V   Track-Pitch = 0.5600    Line-2-Via Pitch = 0.5600
# MET3         H   Track-Pitch = 0.5600    Line-2-Via Pitch = 0.5600
# METTP        V   Track-Pitch = 1.1200    Line-2-Via Pitch = 0.9500
#Bottom routing layer index=1(MET1), bottom routing layer for shielding=1(MET1), bottom shield layer=1(MET1)
#shield_bottom_stripe_layer=1(MET1), shield_top_stripe_layer=4(METTP)
#pin_access_rlayer=2(MET2)
#shield_top_dpt_rlayer=-1 top_rlayer=4 top_trim_metal_rlayer=-1 rlayer_lowest=1 bottom_rlayer=1
#enable_trim_layer_shield=F enable_dpt_layer_shield=F has_line_end_grid=F
#enable_dpt_layer_shield=F
#has_line_end_grid=F
#Processed 0/0 dirty instances, 0/0 dirty terms, 0/0 dirty fterms, 0/0 dirty pgterms, 0/0 misc dirty regions(0 insts marked dirty, reset pre-exisiting dirty flag on 0 insts, 0 nets marked need extraction)
#cpu time = 00:00:00, elapsed time = 00:00:00, memory = 2708.95 (MB), peak = 2947.66 (MB)
#Regenerating Ggrids automatically.
#Auto generating G-grids with size=15 tracks, using layer MET2's pitch = 0.5600.
#Using automatically generated G-grids.
#Done routing data preparation.
#cpu time = 00:00:04, elapsed time = 00:00:04, memory = 2710.85 (MB), peak = 2947.66 (MB)
#Minimum voltage of a net in the design = 0.000.
#Maximum voltage of a net in the design = 1.800.
#Voltage range [0.000 - 1.800] has 16420 nets.
#Voltage range [1.800 - 1.800] has 1 net.
#Voltage range [0.000 - 0.000] has 1 net.
#Minimum voltage of a net in the design = 0.000.
#Maximum voltage of a net in the design = 1.800.
#Voltage range [0.000 - 1.800] has 16420 nets.
#Voltage range [1.800 - 1.800] has 1 net.
#Voltage range [0.000 - 0.000] has 1 net.
#Minimum voltage of a net in the design = 0.000.
#Maximum voltage of a net in the design = 1.800.
#Voltage range [0.000 - 1.800] has 16420 nets.
#Voltage range [1.800 - 1.800] has 1 net.
#Voltage range [0.000 - 0.000] has 1 net.
#
#Start Detail Routing..
#start initial detail routing ...
#   number of violations = 5
#
#    By Layer and Type :
#	         MetSpc    Short   Totals
#	MET1          2        2        4
#	MET2          1        0        1
#	Totals        3        2        5
#cpu time = 00:00:00, elapsed time = 00:00:00, memory = 2710.87 (MB), peak = 2947.66 (MB)
#start 1st fixing drc iteration ...
#   number of violations = 5
#
#    By Layer and Type :
#	         MetSpc    Short   Totals
#	MET1          2        2        4
#	MET2          1        0        1
#	Totals        3        2        5
#cpu time = 00:00:01, elapsed time = 00:00:01, memory = 2702.59 (MB), peak = 2947.66 (MB)
#start 2nd fixing drc iteration ...
#   number of violations = 5
#
#    By Layer and Type :
#	         MetSpc    Short   Totals
#	MET1          2        2        4
#	MET2          1        0        1
#	Totals        3        2        5
#cpu time = 00:00:00, elapsed time = 00:00:00, memory = 2702.30 (MB), peak = 2947.66 (MB)
#start 3rd fixing drc iteration ...
#   number of violations = 3
#
#    By Layer and Type :
#	         MetSpc    Short   Totals
#	MET1          1        2        3
#	Totals        1        2        3
#cpu time = 00:00:00, elapsed time = 00:00:00, memory = 2702.14 (MB), peak = 2947.66 (MB)
#start 4th fixing drc iteration ...
#   number of violations = 3
#
#    By Layer and Type :
#	         MetSpc    Short   Totals
#	MET1          1        2        3
#	Totals        1        2        3
#cpu time = 00:00:00, elapsed time = 00:00:00, memory = 2701.97 (MB), peak = 2947.66 (MB)
#start 5th fixing drc iteration ...
#   number of violations = 3
#
#    By Layer and Type :
#	         MetSpc    Short   Totals
#	MET1          1        2        3
#	Totals        1        2        3
#cpu time = 00:00:00, elapsed time = 00:00:00, memory = 2701.49 (MB), peak = 2947.66 (MB)
#start 6th fixing drc iteration ...
#   number of violations = 3
#
#    By Layer and Type :
#	         MetSpc    Short   Totals
#	MET1          1        2        3
#	Totals        1        2        3
#cpu time = 00:00:00, elapsed time = 00:00:00, memory = 2701.39 (MB), peak = 2947.66 (MB)
#start 7th fixing drc iteration ...
#   number of violations = 3
#
#    By Layer and Type :
#	         MetSpc    Short   Totals
#	MET1          1        2        3
#	Totals        1        2        3
#cpu time = 00:00:00, elapsed time = 00:00:00, memory = 2701.31 (MB), peak = 2947.66 (MB)
#start 8th fixing drc iteration ...
#   number of violations = 3
#
#    By Layer and Type :
#	         MetSpc    Short   Totals
#	MET1          1        2        3
#	Totals        1        2        3
#cpu time = 00:00:00, elapsed time = 00:00:00, memory = 2701.17 (MB), peak = 2947.66 (MB)
#start 9th fixing drc iteration ...
#   number of violations = 3
#
#    By Layer and Type :
#	         MetSpc    Short   Totals
#	MET1          1        2        3
#	Totals        1        2        3
#cpu time = 00:00:00, elapsed time = 00:00:00, memory = 2700.93 (MB), peak = 2947.66 (MB)
#start 10th fixing drc iteration ...
#   number of violations = 3
#
#    By Layer and Type :
#	         MetSpc    Short   Totals
#	MET1          1        2        3
#	Totals        1        2        3
#cpu time = 00:00:00, elapsed time = 00:00:00, memory = 2700.65 (MB), peak = 2947.66 (MB)
#start 11th fixing drc iteration ...
#   number of violations = 3
#
#    By Layer and Type :
#	         MetSpc    Short   Totals
#	MET1          1        2        3
#	Totals        1        2        3
#cpu time = 00:00:00, elapsed time = 00:00:00, memory = 2700.34 (MB), peak = 2947.66 (MB)
#start 12th fixing drc iteration ...
#   number of violations = 3
#
#    By Layer and Type :
#	         MetSpc    Short   Totals
#	MET1          1        2        3
#	Totals        1        2        3
#cpu time = 00:00:00, elapsed time = 00:00:00, memory = 2700.10 (MB), peak = 2947.66 (MB)
#start 13th fixing drc iteration ...
#   number of violations = 3
#
#    By Layer and Type :
#	         MetSpc    Short   Totals
#	MET1          1        2        3
#	Totals        1        2        3
#cpu time = 00:00:00, elapsed time = 00:00:00, memory = 2699.60 (MB), peak = 2947.66 (MB)
#start 14th fixing drc iteration ...
#   number of violations = 3
#
#    By Layer and Type :
#	         MetSpc    Short   Totals
#	MET1          1        2        3
#	Totals        1        2        3
#cpu time = 00:00:00, elapsed time = 00:00:00, memory = 2699.80 (MB), peak = 2947.66 (MB)
#start 15th fixing drc iteration ...
#   number of violations = 3
#
#    By Layer and Type :
#	         MetSpc    Short   Totals
#	MET1          1        2        3
#	Totals        1        2        3
#cpu time = 00:00:00, elapsed time = 00:00:00, memory = 2700.18 (MB), peak = 2947.66 (MB)
#start 16th fixing drc iteration ...
#   number of violations = 3
#
#    By Layer and Type :
#	         MetSpc    Short   Totals
#	MET1          1        2        3
#	Totals        1        2        3
#cpu time = 00:00:00, elapsed time = 00:00:00, memory = 2699.46 (MB), peak = 2947.66 (MB)
#Complete Detail Routing.
#Total number of nets with non-default rule or having extra spacing = 69
#Total wire length = 782047 um.
#Total half perimeter of net bounding box = 595474 um.
#Total wire length on LAYER MET1 = 61475 um.
#Total wire length on LAYER MET2 = 270157 um.
#Total wire length on LAYER MET3 = 314865 um.
#Total wire length on LAYER METTP = 135550 um.
#Total number of vias = 93161
#Total number of multi-cut vias = 84974 ( 91.2%)
#Total number of single cut vias = 8187 (  8.8%)
#Up-Via Summary (total 93161):
#                   single-cut          multi-cut      Total
#-----------------------------------------------------------
# MET1            6058 ( 11.3%)     47358 ( 88.7%)      53416
# MET2            1849 (  5.5%)     31898 ( 94.5%)      33747
# MET3             280 (  4.7%)      5718 ( 95.3%)       5998
#-----------------------------------------------------------
#                 8187 (  8.8%)     84974 ( 91.2%)      93161 
#
#Total number of DRC violations = 3
#Total number of violations on LAYER MET1 = 3
#Total number of violations on LAYER MET2 = 0
#Total number of violations on LAYER MET3 = 0
#Total number of violations on LAYER METTP = 0
#Cpu time = 00:00:08
#Elapsed time = 00:00:08
#Increased memory = -5.43 (MB)
#Total memory = 2699.46 (MB)
#Peak memory = 2947.66 (MB)
#
#detailRoute statistics:
#Cpu time = 00:00:09
#Elapsed time = 00:00:09
#Increased memory = -20.74 (MB)
#Total memory = 2682.69 (MB)
#Peak memory = 2947.66 (MB)
#Number of warnings = 1
#Total number of warnings = 7
#Number of fails = 0
#Total number of fails = 0
#Complete detailRoute on Wed Jul  1 00:26:18 2026
#
