VERIFY_CONNECTIVITY use new engine.

******** Start: VERIFY CONNECTIVITY ********
Start Time: Wed Jul  1 00:26:25 2026

Design Name: mptdc_axis_core
Database Units: 1000
Design Boundary: (0.0000, 0.0000) (1061.2000, 801.9200)
Error Limit = 1000; Warning Limit = 50
Check all nets
**** 00:26:26 **** Processed 5000 nets.
**** 00:26:26 **** Processed 10000 nets.
**** 00:26:26 **** Processed 15000 nets.
Net VDD: has an unconnected terminal, has special routes with opens, dangling Wire.
Net VSS: has an unconnected terminal, has special routes with opens, dangling Wire.

Begin Summary 
    6 Problem(s) (IMPVFC-96): Terminal(s) are not connected.
    2 Problem(s) (IMPVFC-200): Special Wires: Pieces of the net are not connected together.
    8 Problem(s) (IMPVFC-94): The net has dangling wire(s).
    16 total info(s) created.
End Summary

End Time: Wed Jul  1 00:26:26 2026
Time Elapsed: 0:00:01.0

******** End: VERIFY CONNECTIVITY ********
  Verification Complete : 16 Viols.  0 Wrngs.
  (CPU Time: 0:00:00.9  MEM: 0.000M)

