###############################################################
#  Generated by:      Cadence Innovus 22.33-s094_1
#  OS:                Linux x86_64(Host ID lyoelectrosrv01.in2p3.fr)
#  Generated on:      Wed Jul  1 00:10:32 2026
#  Design:            mptdc_axis_core
#  Command:           verifyConnectivity -type special -nets {VDD VSS} -report /sim/ksabra/SPADMIC_work/innovus/20260630_mptdc_tc_fullclosure_ro_pnr_pg_timing_filler_235658/reports/postplace_pre_route_pg_topology_after_sroute_verify_special.rpt > /sim/ksabra/SPADMIC_work/innovus/20260630_mptdc_tc_fullclosure_ro_pnr_pg_timing_filler_235658/reports/postplace_pre_route_pg_topology_after_sroute_verify_special.console.rpt
###############################################################
Verify Connectivity Report is created on Wed Jul  1 00:10:32 2026



Net VDD, Pin Pin: u_core_u_osc_fast_u_ro_tune4/vdd!; Direction: INOUT; Use: POWER;: has an unconnected terminal at (176.800, 161.845) (178.800, 174.870)
Net VDD, Pin Pin: u_core_u_osc_fast_u_ro_tune4/vdd!; Direction: INOUT; Use: POWER;: has an unconnected terminal at (144.880, 161.845) (146.880, 175.640)
Net VDD, Pin Pin: u_core_u_osc_fast_u_ro_tune4/VDD; Direction: INOUT; Use: POWER;: has an unconnected terminal at (52.430, 170.710) (57.575, 173.945)
Net VDD, Pin Pin: u_core_u_osc_slow_u_ro_tune4/vdd!; Direction: INOUT; Use: POWER;: has an unconnected terminal at (176.800, 626.430) (178.800, 639.455)
Net VDD, Pin Pin: u_core_u_osc_slow_u_ro_tune4/vdd!; Direction: INOUT; Use: POWER;: has an unconnected terminal at (144.880, 625.660) (146.880, 639.455)
Net VDD, Pin Pin: u_core_u_osc_slow_u_ro_tune4/VDD; Direction: INOUT; Use: POWER;: has an unconnected terminal at (52.430, 627.355) (57.575, 630.590)
Net VDD: has special routes with opens at (16.160, 16.160) (1045.040, 785.760)
Net VDD: dangling Wire at (219.575, 154.560) (219.575, 154.560) on layer: MET1
Net VDD: dangling Wire at (219.575, 163.520) (219.575, 163.520) on layer: MET1
Net VDD: dangling Wire at (219.575, 172.480) (219.575, 172.480) on layer: MET1
Net VDD: dangling Wire at (219.575, 181.440) (219.575, 181.440) on layer: MET1
Net VDD: dangling Wire at (219.575, 620.480) (219.575, 620.480) on layer: MET1
Net VDD: dangling Wire at (219.575, 629.440) (219.575, 629.440) on layer: MET1
Net VDD: dangling Wire at (219.575, 638.400) (219.575, 638.400) on layer: MET1
Net VDD: dangling Wire at (219.575, 647.360) (219.575, 647.360) on layer: MET1
Net VDD: dangling Wire at (1041.040, 772.800) (1041.040, 772.800) on layer: MET1
Net VDD: dangling Wire at (221.745, 681.160) (221.745, 681.160) on layer: MET3
Net VDD: dangling Wire at (48.000, 681.160) (48.000, 681.160) on layer: MET3
Net VDD: dangling Wire at (221.745, 121.160) (221.745, 121.160) on layer: MET3
Net VDD: dangling Wire at (48.000, 121.160) (48.000, 121.160) on layer: MET3
Net VDD: dangling Wire at (201.160, 118.000) (201.160, 118.000) on layer: METTP
Net VDD: dangling Wire at (121.160, 118.000) (121.160, 118.000) on layer: METTP
Net VSS, Pin Pin: u_core_u_osc_fast_u_ro_tune4/VSS; Direction: INOUT; Use: GROUND;: has an unconnected terminal at (50.405, 148.035) (52.085, 155.700)
Net VSS, Pin Pin: u_core_u_osc_slow_u_ro_tune4/VSS; Direction: INOUT; Use: GROUND;: has an unconnected terminal at (50.405, 645.600) (52.085, 653.265)
Net VSS: has special routes with opens at (13.160, 13.160) (1048.040, 788.760)
Net VSS: dangling Wire at (219.575, 132.160) (219.575, 132.160) on layer: MET1
Net VSS: dangling Wire at (50.170, 132.160) (50.170, 132.160) on layer: MET1
Net VSS: dangling Wire at (219.575, 141.120) (219.575, 141.120) on layer: MET1
Net VSS: dangling Wire at (50.170, 141.120) (50.170, 141.120) on layer: MET1
Net VSS: dangling Wire at (50.175, 150.080) (50.175, 150.080) on layer: MET1
Net VSS: dangling Wire at (50.170, 159.040) (50.170, 159.040) on layer: MET1
Net VSS: dangling Wire at (50.170, 168.000) (50.170, 168.000) on layer: MET1
Net VSS: dangling Wire at (50.170, 176.960) (50.170, 176.960) on layer: MET1
Net VSS: dangling Wire at (50.170, 624.960) (50.170, 624.960) on layer: MET1
Net VSS: dangling Wire at (50.170, 633.920) (50.170, 633.920) on layer: MET1
Net VSS: dangling Wire at (50.170, 642.880) (50.170, 642.880) on layer: MET1
Net VSS: dangling Wire at (50.175, 651.840) (50.175, 651.840) on layer: MET1
Net VSS: dangling Wire at (219.575, 660.800) (219.575, 660.800) on layer: MET1
Net VSS: dangling Wire at (50.170, 660.800) (50.170, 660.800) on layer: MET1
Net VSS: dangling Wire at (50.170, 669.760) (50.170, 669.760) on layer: MET1
Net VSS: dangling Wire at (221.745, 125.160) (221.745, 125.160) on layer: MET3
Net VSS: dangling Wire at (48.000, 125.160) (48.000, 125.160) on layer: MET3

Begin Summary
    8 Problem(s) (IMPVFC-96): Terminal(s) are not connected.
    2 Problem(s) (IMPVFC-200): Special Wires: Pieces of the net are not connected together.
    32 Problem(s) (IMPVFC-94): The net has dangling wire(s).
    42 total info(s) created.
End Summary
