**INFO: User settings:
setNanoRouteMode -route_detail_antenna_factor                                             1
setNanoRouteMode -route_detail_post_route_spread_wire                                     auto
setNanoRouteMode -drouteStartIteration                                                    0
setNanoRouteMode -route_extract_third_party_compatible                                    false
setNanoRouteMode -route_global_exp_timing_driven_std_delay                                57.3
setNanoRouteMode -route_global_exp_timing_driven_use_tif_timing_engine_for_import_design  false
setNanoRouteMode -route_exp_design_mode_bottom_routing_layer                              1
setNanoRouteMode -route_exp_design_mode_top_routing_layer                                 4
setDesignMode -bottomRoutingLayer                                                         1
setDesignMode -process                                                                    180
setDesignMode -topRoutingLayer                                                            4


globalDetailRoute -target

#Start globalDetailRoute on Wed Jul  1 00:25:35 2026
#
#num needed restored net=0
#need_extraction net=0 (total=16422)
#NanoRoute Version 22.33-s094_1 NR230808-0153/22_13-UB
#Skip comparing routing design signature in db-snapshot flow
#WARNING (NRDB-942) Reset route_exp_with_eco_for_shielding to false because there is no existing shielding wire.
#Total number of trivial nets (e.g. < 2 pins) = 1401 (skipped).
#Total number of routable nets = 15021.
#Total number of nets in the design = 16422.
#15021 routable nets have routed wires.
#69 detail routed (routable) nets have been constrained (e.g. have preferred extra spacing, require shielding etc.)
#No nets have been global routed.
#Start routing data preparation on Wed Jul  1 00:25:35 2026
#
#Minimum voltage of a net in the design = 0.000.
#Maximum voltage of a net in the design = 1.800.
#Voltage range [0.000 - 1.800] has 16420 nets.
#Voltage range [1.800 - 1.800] has 1 net.
#Voltage range [0.000 - 0.000] has 1 net.
#Build and mark too close pins for the same net.
#Initial pin access analysis.
#Detail pin access analysis.
# MET1         H   Track-Pitch = 0.5600    Line-2-Via Pitch = 0.4850
# MET2         V   Track-Pitch = 0.5600    Line-2-Via Pitch = 0.5600
# MET3         H   Track-Pitch = 0.5600    Line-2-Via Pitch = 0.5600
# METTP        V   Track-Pitch = 1.1200    Line-2-Via Pitch = 0.9500
#Bottom routing layer index=1(MET1), bottom routing layer for shielding=1(MET1), bottom shield layer=1(MET1)
#shield_bottom_stripe_layer=1(MET1), shield_top_stripe_layer=4(METTP)
#pin_access_rlayer=2(MET2)
#shield_top_dpt_rlayer=-1 top_rlayer=4 top_trim_metal_rlayer=-1 rlayer_lowest=1 bottom_rlayer=1
#enable_trim_layer_shield=F enable_dpt_layer_shield=F has_line_end_grid=F
#enable_dpt_layer_shield=F
#has_line_end_grid=F
#Processed 21875/0 dirty instances, 0/0 dirty terms, 0/0 dirty fterms, 0/0 dirty pgterms, 0/0 misc dirty regions(21875 insts marked dirty, reset pre-exisiting dirty flag on 0 insts, 0 nets marked need extraction)
#cpu time = 00:00:00, elapsed time = 00:00:00, memory = 2729.38 (MB), peak = 2903.84 (MB)
#Regenerating Ggrids automatically.
#Auto generating G-grids with size=15 tracks, using layer MET2's pitch = 0.5600.
#Using automatically generated G-grids.
#Done routing data preparation.
#cpu time = 00:00:04, elapsed time = 00:00:04, memory = 2731.31 (MB), peak = 2903.84 (MB)
#Minimum voltage of a net in the design = 0.000.
#Maximum voltage of a net in the design = 1.800.
#Voltage range [0.000 - 1.800] has 16420 nets.
#Voltage range [1.800 - 1.800] has 1 net.
#Voltage range [0.000 - 0.000] has 1 net.
#
#Finished routing data preparation on Wed Jul  1 00:25:40 2026
#
#Cpu time = 00:00:04
#Elapsed time = 00:00:04
#Increased memory = 5.98 (MB)
#Total memory = 2731.31 (MB)
#Peak memory = 2903.84 (MB)
#
#
#Start global routing on Wed Jul  1 00:25:40 2026
#
#
#Start global routing initialization on Wed Jul  1 00:25:40 2026
#
#WARNING (NRGR-22) Design is already detail routed.
#Minimum voltage of a net in the design = 0.000.
#Maximum voltage of a net in the design = 1.800.
#Voltage range [0.000 - 1.800] has 16420 nets.
#Voltage range [1.800 - 1.800] has 1 net.
#Voltage range [0.000 - 0.000] has 1 net.
#Minimum voltage of a net in the design = 0.000.
#Maximum voltage of a net in the design = 1.800.
#Voltage range [0.000 - 1.800] has 16420 nets.
#Voltage range [1.800 - 1.800] has 1 net.
#Voltage range [0.000 - 0.000] has 1 net.
#Routing data preparation, pin analysis, global routing and track assignment statistics:
#Cpu time = 00:00:05
#Elapsed time = 00:00:05
#Increased memory = 5.98 (MB)
#Total memory = 2731.31 (MB)
#Peak memory = 2903.84 (MB)
#Minimum voltage of a net in the design = 0.000.
#Maximum voltage of a net in the design = 1.800.
#Voltage range [0.000 - 1.800] has 16420 nets.
#Voltage range [1.800 - 1.800] has 1 net.
#Voltage range [0.000 - 0.000] has 1 net.
#Minimum voltage of a net in the design = 0.000.
#Maximum voltage of a net in the design = 1.800.
#Voltage range [0.000 - 1.800] has 16420 nets.
#Voltage range [1.800 - 1.800] has 1 net.
#Voltage range [0.000 - 0.000] has 1 net.
#Minimum voltage of a net in the design = 0.000.
#Maximum voltage of a net in the design = 1.800.
#Voltage range [0.000 - 1.800] has 16420 nets.
#Voltage range [1.800 - 1.800] has 1 net.
#Voltage range [0.000 - 0.000] has 1 net.
#Minimum voltage of a net in the design = 0.000.
#Maximum voltage of a net in the design = 1.800.
#Voltage range [0.000 - 1.800] has 16420 nets.
#Voltage range [1.800 - 1.800] has 1 net.
#Voltage range [0.000 - 0.000] has 1 net.
#
#Start Detail Routing..
#start initial detail routing ...
# ECO: 92.86% of the total area was rechecked for DRC, and 0.00% required routing.
#   number of violations = 5
#
#    By Layer and Type :
#	         MetSpc    Short   Totals
#	MET1          2        2        4
#	MET2          1        0        1
#	Totals        3        2        5
#21875 out of 36254 instances (60.3%) need to be verified(marked ipoed), dirty area = 48.1%.
#8.08% of the total area is being checked for drcs
#8.1% of the total area was checked
#   number of violations = 5
#
#    By Layer and Type :
#	         MetSpc    Short   Totals
#	MET1          2        2        4
#	MET2          1        0        1
#	Totals        3        2        5
#cpu time = 00:00:21, elapsed time = 00:00:21, memory = 2738.03 (MB), peak = 2903.84 (MB)
#start 1st optimization iteration ...
#   number of violations = 5
#
#    By Layer and Type :
#	         MetSpc    Short   Totals
#	MET1          2        2        4
#	MET2          1        0        1
#	Totals        3        2        5
#cpu time = 00:00:01, elapsed time = 00:00:01, memory = 2738.09 (MB), peak = 2903.84 (MB)
#start 2nd optimization iteration ...
#   number of violations = 5
#
#    By Layer and Type :
#	         MetSpc    Short   Totals
#	MET1          2        2        4
#	MET2          1        0        1
#	Totals        3        2        5
#cpu time = 00:00:00, elapsed time = 00:00:00, memory = 2738.09 (MB), peak = 2903.84 (MB)
#start 3rd optimization iteration ...
#   number of violations = 5
#
#    By Layer and Type :
#	         MetSpc    Short   Totals
#	MET1          2        2        4
#	MET2          1        0        1
#	Totals        3        2        5
#cpu time = 00:00:00, elapsed time = 00:00:00, memory = 2738.09 (MB), peak = 2903.84 (MB)
#Complete Detail Routing.
#Total number of nets with non-default rule or having extra spacing = 69
#Total wire length = 782047 um.
#Total half perimeter of net bounding box = 595474 um.
#Total wire length on LAYER MET1 = 61475 um.
#Total wire length on LAYER MET2 = 270157 um.
#Total wire length on LAYER MET3 = 314865 um.
#Total wire length on LAYER METTP = 135550 um.
#Total number of vias = 93161
#Total number of multi-cut vias = 84974 ( 91.2%)
#Total number of single cut vias = 8187 (  8.8%)
#Up-Via Summary (total 93161):
#                   single-cut          multi-cut      Total
#-----------------------------------------------------------
# MET1            6058 ( 11.3%)     47358 ( 88.7%)      53416
# MET2            1849 (  5.5%)     31898 ( 94.5%)      33747
# MET3             280 (  4.7%)      5718 ( 95.3%)       5998
#-----------------------------------------------------------
#                 8187 (  8.8%)     84974 ( 91.2%)      93161 
#
#Total number of DRC violations = 5
#Total number of violations on LAYER MET1 = 4
#Total number of violations on LAYER MET2 = 1
#Total number of violations on LAYER MET3 = 0
#Total number of violations on LAYER METTP = 0
#Cpu time = 00:00:23
#Elapsed time = 00:00:23
#Increased memory = 6.87 (MB)
#Total memory = 2738.18 (MB)
#Peak memory = 2903.84 (MB)
#detailRoute Statistics:
#Cpu time = 00:00:23
#Elapsed time = 00:00:23
#Increased memory = 6.87 (MB)
#Total memory = 2738.18 (MB)
#Peak memory = 2903.84 (MB)
#Skip updating routing design signature in db-snapshot flow
#
#globalDetailRoute statistics:
#Cpu time = 00:00:29
#Elapsed time = 00:00:29
#Increased memory = -53.36 (MB)
#Total memory = 2686.15 (MB)
#Peak memory = 2903.84 (MB)
#Number of warnings = 2
#Total number of warnings = 6
#Number of fails = 0
#Total number of fails = 0
#Complete globalDetailRoute on Wed Jul  1 00:26:04 2026
#
