*** timeDesign #3 [begin] : totSession cpu/real = 0:11:32.6/0:12:54.7 (0.9), mem = 2804.3M
Start to check current routing status for nets...
All nets are already routed correctly.
End to check current routing status for nets (mem=2768.3M)

------------------------------------------------------------------
          timeDesign Summary
------------------------------------------------------------------

Setup views included:
 TC_NOMINAL 

+--------------------+---------+---------+---------+
|     Setup mode     |   all   | reg2reg | default |
+--------------------+---------+---------+---------+
|           WNS (ns):| -0.008  | -0.008  |  0.565  |
|           TNS (ns):| -0.024  | -0.024  |  0.000  |
|    Violating Paths:|    6    |    6    |    0    |
|          All Paths:|  4886   |  4862   |  2192   |
+--------------------+---------+---------+---------+

+----------------+-------------------------------+------------------+
|                |              Real             |       Total      |
|    DRVs        +------------------+------------+------------------|
|                |  Nr nets(terms)  | Worst Vio  |  Nr nets(terms)  |
+----------------+------------------+------------+------------------+
|   max_cap      |      0 (0)       |   0.000    |      0 (0)       |
|   max_tran     |      0 (0)       |   0.000    |      0 (0)       |
|   max_fanout   |      0 (0)       |     0      |      0 (0)       |
|   max_length   |      0 (0)       |     0      |      0 (0)       |
+----------------+------------------+------------+------------------+

Density: 53.447%
Routing Overflow: 1.23% H and 0.02% V
------------------------------------------------------------------
Reported timing to dir ./timingReports
Total CPU time: 1.78 sec
Total Real time: 2.0 sec
Total Memory Usage: 2768.511719 Mbytes
