*** timeDesign #2 [begin] : totSession cpu/real = 0:04:05.3/0:04:32.0 (0.9), mem = 2552.7M
Start to check current routing status for nets...
All nets are already routed correctly.
End to check current routing status for nets (mem=2552.7M)

------------------------------------------------------------------
          timeDesign Summary
------------------------------------------------------------------

Setup views included:
 TC_NOMINAL 

+--------------------+---------+---------+---------+
|     Setup mode     |   all   | reg2reg | default |
+--------------------+---------+---------+---------+
|           WNS (ns):| -0.469  | -0.469  |  0.235  |
|           TNS (ns):| -24.580 | -24.580 |  0.000  |
|    Violating Paths:|   107   |   107   |    0    |
|          All Paths:|  4886   |  4862   |  2192   |
+--------------------+---------+---------+---------+

+----------------+-------------------------------+------------------+
|                |              Real             |       Total      |
|    DRVs        +------------------+------------+------------------|
|                |  Nr nets(terms)  | Worst Vio  |  Nr nets(terms)  |
+----------------+------------------+------------+------------------+
|   max_cap      |      0 (0)       |   0.000    |      0 (0)       |
|   max_tran     |      0 (0)       |   0.000    |      0 (0)       |
|   max_fanout   |      0 (0)       |     0      |      0 (0)       |
|   max_length   |      0 (0)       |     0      |      0 (0)       |
+----------------+------------------+------------+------------------+

Density: 52.844%
Routing Overflow: 0.53% H and 0.01% V
------------------------------------------------------------------
Reported timing to dir ./timingReports
Total CPU time: 1.71 sec
Total Real time: 2.0 sec
Total Memory Usage: 2552.832031 Mbytes
