# O13 PD q1 Endpoint Discovery

TOTAL_CANDIDATES=64
TOTAL_MATCHED=64
EXPECTED_MATCHED=64
DUPLICATES=0
MISSING_PAIRS=none
FINAL_STATUS=PASS_64_ENDPOINTS

## Per-row count
row_0=8
row_1=8
row_2=8
row_3=8
row_4=8
row_5=8
row_6=8
row_7=8

## Per-column count
col_0=8
col_1=8
col_2=8
col_3=8
col_4=8
col_5=8
col_6=8
col_7=8

## Endpoints
q1_endpoint(0,0)=u_core_gen_pd_row[0].gen_pd_col[0].u_pd/q1_reg/D
q1_endpoint(0,1)=u_core_gen_pd_row[0].gen_pd_col[1].u_pd/q1_reg/D
q1_endpoint(0,2)=u_core_gen_pd_row[0].gen_pd_col[2].u_pd/q1_reg/D
q1_endpoint(0,3)=u_core_gen_pd_row[0].gen_pd_col[3].u_pd/q1_reg/D
q1_endpoint(0,4)=u_core_gen_pd_row[0].gen_pd_col[4].u_pd/q1_reg/D
q1_endpoint(0,5)=u_core_gen_pd_row[0].gen_pd_col[5].u_pd/q1_reg/D
q1_endpoint(0,6)=u_core_gen_pd_row[0].gen_pd_col[6].u_pd/q1_reg/D
q1_endpoint(0,7)=u_core_gen_pd_row[0].gen_pd_col[7].u_pd/q1_reg/D
q1_endpoint(1,0)=u_core_gen_pd_row[1].gen_pd_col[0].u_pd/q1_reg/D
q1_endpoint(1,1)=u_core_gen_pd_row[1].gen_pd_col[1].u_pd/q1_reg/D
q1_endpoint(1,2)=u_core_gen_pd_row[1].gen_pd_col[2].u_pd/q1_reg/D
q1_endpoint(1,3)=u_core_gen_pd_row[1].gen_pd_col[3].u_pd/q1_reg/D
q1_endpoint(1,4)=u_core_gen_pd_row[1].gen_pd_col[4].u_pd/q1_reg/D
q1_endpoint(1,5)=u_core_gen_pd_row[1].gen_pd_col[5].u_pd/q1_reg/D
q1_endpoint(1,6)=u_core_gen_pd_row[1].gen_pd_col[6].u_pd/q1_reg/D
q1_endpoint(1,7)=u_core_gen_pd_row[1].gen_pd_col[7].u_pd/q1_reg/D
q1_endpoint(2,0)=u_core_gen_pd_row[2].gen_pd_col[0].u_pd/q1_reg/D
q1_endpoint(2,1)=u_core_gen_pd_row[2].gen_pd_col[1].u_pd/q1_reg/D
q1_endpoint(2,2)=u_core_gen_pd_row[2].gen_pd_col[2].u_pd/q1_reg/D
q1_endpoint(2,3)=u_core_gen_pd_row[2].gen_pd_col[3].u_pd/q1_reg/D
q1_endpoint(2,4)=u_core_gen_pd_row[2].gen_pd_col[4].u_pd/q1_reg/D
q1_endpoint(2,5)=u_core_gen_pd_row[2].gen_pd_col[5].u_pd/q1_reg/D
q1_endpoint(2,6)=u_core_gen_pd_row[2].gen_pd_col[6].u_pd/q1_reg/D
q1_endpoint(2,7)=u_core_gen_pd_row[2].gen_pd_col[7].u_pd/q1_reg/D
q1_endpoint(3,0)=u_core_gen_pd_row[3].gen_pd_col[0].u_pd/q1_reg/D
q1_endpoint(3,1)=u_core_gen_pd_row[3].gen_pd_col[1].u_pd/q1_reg/D
q1_endpoint(3,2)=u_core_gen_pd_row[3].gen_pd_col[2].u_pd/q1_reg/D
q1_endpoint(3,3)=u_core_gen_pd_row[3].gen_pd_col[3].u_pd/q1_reg/D
q1_endpoint(3,4)=u_core_gen_pd_row[3].gen_pd_col[4].u_pd/q1_reg/D
q1_endpoint(3,5)=u_core_gen_pd_row[3].gen_pd_col[5].u_pd/q1_reg/D
q1_endpoint(3,6)=u_core_gen_pd_row[3].gen_pd_col[6].u_pd/q1_reg/D
q1_endpoint(3,7)=u_core_gen_pd_row[3].gen_pd_col[7].u_pd/q1_reg/D
q1_endpoint(4,0)=u_core_gen_pd_row[4].gen_pd_col[0].u_pd/q1_reg/D
q1_endpoint(4,1)=u_core_gen_pd_row[4].gen_pd_col[1].u_pd/q1_reg/D
q1_endpoint(4,2)=u_core_gen_pd_row[4].gen_pd_col[2].u_pd/q1_reg/D
q1_endpoint(4,3)=u_core_gen_pd_row[4].gen_pd_col[3].u_pd/q1_reg/D
q1_endpoint(4,4)=u_core_gen_pd_row[4].gen_pd_col[4].u_pd/q1_reg/D
q1_endpoint(4,5)=u_core_gen_pd_row[4].gen_pd_col[5].u_pd/q1_reg/D
q1_endpoint(4,6)=u_core_gen_pd_row[4].gen_pd_col[6].u_pd/q1_reg/D
q1_endpoint(4,7)=u_core_gen_pd_row[4].gen_pd_col[7].u_pd/q1_reg/D
q1_endpoint(5,0)=u_core_gen_pd_row[5].gen_pd_col[0].u_pd/q1_reg/D
q1_endpoint(5,1)=u_core_gen_pd_row[5].gen_pd_col[1].u_pd/q1_reg/D
q1_endpoint(5,2)=u_core_gen_pd_row[5].gen_pd_col[2].u_pd/q1_reg/D
q1_endpoint(5,3)=u_core_gen_pd_row[5].gen_pd_col[3].u_pd/q1_reg/D
q1_endpoint(5,4)=u_core_gen_pd_row[5].gen_pd_col[4].u_pd/q1_reg/D
q1_endpoint(5,5)=u_core_gen_pd_row[5].gen_pd_col[5].u_pd/q1_reg/D
q1_endpoint(5,6)=u_core_gen_pd_row[5].gen_pd_col[6].u_pd/q1_reg/D
q1_endpoint(5,7)=u_core_gen_pd_row[5].gen_pd_col[7].u_pd/q1_reg/D
q1_endpoint(6,0)=u_core_gen_pd_row[6].gen_pd_col[0].u_pd/q1_reg/D
q1_endpoint(6,1)=u_core_gen_pd_row[6].gen_pd_col[1].u_pd/q1_reg/D
q1_endpoint(6,2)=u_core_gen_pd_row[6].gen_pd_col[2].u_pd/q1_reg/D
q1_endpoint(6,3)=u_core_gen_pd_row[6].gen_pd_col[3].u_pd/q1_reg/D
q1_endpoint(6,4)=u_core_gen_pd_row[6].gen_pd_col[4].u_pd/q1_reg/D
q1_endpoint(6,5)=u_core_gen_pd_row[6].gen_pd_col[5].u_pd/q1_reg/D
q1_endpoint(6,6)=u_core_gen_pd_row[6].gen_pd_col[6].u_pd/q1_reg/D
q1_endpoint(6,7)=u_core_gen_pd_row[6].gen_pd_col[7].u_pd/q1_reg/D
q1_endpoint(7,0)=u_core_gen_pd_row[7].gen_pd_col[0].u_pd/q1_reg/D
q1_endpoint(7,1)=u_core_gen_pd_row[7].gen_pd_col[1].u_pd/q1_reg/D
q1_endpoint(7,2)=u_core_gen_pd_row[7].gen_pd_col[2].u_pd/q1_reg/D
q1_endpoint(7,3)=u_core_gen_pd_row[7].gen_pd_col[3].u_pd/q1_reg/D
q1_endpoint(7,4)=u_core_gen_pd_row[7].gen_pd_col[4].u_pd/q1_reg/D
q1_endpoint(7,5)=u_core_gen_pd_row[7].gen_pd_col[5].u_pd/q1_reg/D
q1_endpoint(7,6)=u_core_gen_pd_row[7].gen_pd_col[6].u_pd/q1_reg/D
q1_endpoint(7,7)=u_core_gen_pd_row[7].gen_pd_col[7].u_pd/q1_reg/D
