
Power Net Detected:
        Voltage	    Name
             0V	    VSS
          1.62V	    VDD
Using Power View: wc_view.

Begin Power Analysis

             0V	    VSS
          1.62V	    VDD

Warning:
  There are 2 power/gnd nets that are not connected
VSS VDD ...
Use 'globalNetConnect' to define rail connections.
** WARN:  (VOLTUS_POWR-2035): There are 2 power/gnd nets that are not connected
VSS VDD ...
Use 'globalNetConnect' to define rail connections.



Begin Processing Timing Library for Power Calculation

Ended Processing Timing Library for Power Calculation: (cpu=0:00:00, real=0:00:00, mem(process/total/peak)=2147.08MB/3698.14MB/2147.08MB)



Begin Processing Power Net/Grid for Power Calculation

Ended Processing Power Net/Grid for Power Calculation: (cpu=0:00:00, real=0:00:00, mem(process/total/peak)=2147.08MB/3698.14MB/2147.08MB)

Begin Processing Timing Window Data for Power Calculation

clk_osc_fast(1111.11MHz) clk_osc_slow(1000MHz) clk_sys(160MHz) CK: assigning clock clk_sys to net clk_sys
** INFO:  (VOLTUS_POWR-2054): Setting default frequency to the dominant frequency 160MHz.

	To force set default frequency/period. Use either of the following command options:
		set_power_analysis_mode        -default_frequency <frequency value>
		set_default_switching_activity -period            <period value>.

Ended Processing Timing Window Data for Power Calculation: (cpu=0:00:00, real=0:00:00, mem(process/total/peak)=2147.21MB/3698.14MB/2147.21MB)

Begin Processing User Attributes

Ended Processing User Attributes: (cpu=0:00:00, real=0:00:00, mem(process/total/peak)=2147.33MB/3698.14MB/2147.33MB)

Begin Processing Signal Activity


Starting Levelizing
2026-May-12 12:29:25 (2026-May-12 10:29:25 GMT)
2026-May-12 12:29:25 (2026-May-12 10:29:25 GMT): 10%
2026-May-12 12:29:25 (2026-May-12 10:29:25 GMT): 20%
2026-May-12 12:29:25 (2026-May-12 10:29:25 GMT): 30%
2026-May-12 12:29:25 (2026-May-12 10:29:25 GMT): 40%
2026-May-12 12:29:25 (2026-May-12 10:29:25 GMT): 50%
2026-May-12 12:29:25 (2026-May-12 10:29:25 GMT): 60%
2026-May-12 12:29:25 (2026-May-12 10:29:25 GMT): 70%
2026-May-12 12:29:25 (2026-May-12 10:29:25 GMT): 80%
2026-May-12 12:29:25 (2026-May-12 10:29:25 GMT): 90%

Finished Levelizing
2026-May-12 12:29:25 (2026-May-12 10:29:25 GMT)

Starting Activity Propagation
2026-May-12 12:29:25 (2026-May-12 10:29:25 GMT)
** INFO:  (VOLTUS_POWR-1356): No default input activity has been set. Defaulting to 0.2.
Use 'set_default_switching_activity -input_activity' command to change the default activity value.

2026-May-12 12:29:25 (2026-May-12 10:29:25 GMT): 10%
2026-May-12 12:29:25 (2026-May-12 10:29:25 GMT): 20%
2026-May-12 12:29:25 (2026-May-12 10:29:25 GMT): 30%
2026-May-12 12:29:25 (2026-May-12 10:29:25 GMT): 40%
2026-May-12 12:29:25 (2026-May-12 10:29:25 GMT): 50%
2026-May-12 12:29:25 (2026-May-12 10:29:25 GMT): 60%
2026-May-12 12:29:25 (2026-May-12 10:29:25 GMT): 70%
2026-May-12 12:29:25 (2026-May-12 10:29:25 GMT): 80%
2026-May-12 12:29:25 (2026-May-12 10:29:25 GMT): 90%

Finished Activity Propagation
2026-May-12 12:29:25 (2026-May-12 10:29:25 GMT)
Ended Processing Signal Activity: (cpu=0:00:00, real=0:00:00, mem(process/total/peak)=2147.33MB/3698.14MB/2147.33MB)

Begin Power Computation

      ----------------------------------------------------------
      # of cell(s) missing both power/leakage table: 0
      # of cell(s) missing power table: 0
      # of cell(s) missing leakage table: 0
      ----------------------------------------------------------



Starting Calculating power
2026-May-12 12:29:25 (2026-May-12 10:29:25 GMT)
 ... Calculating switching power
  Cannot locate supply power rail for net
'FE_DBTN0_u_core_u_fifo_rd_ptr_q_2' of instance
FE_DBTC0_u_core_u_fifo_rd_ptr_q_2
  Cannot locate supply power rail for net 'csr_rvalid_o' of instance
u_csr_csr_rvalid_o_reg
  Cannot locate supply power rail for net 'csr_rdata_o[31]' of instance
\u_csr_csr_rdata_o_reg[31] 
  Cannot locate supply power rail for net 'csr_rdata_o[30]' of instance
\u_csr_csr_rdata_o_reg[30] 
  Cannot locate supply power rail for net 'csr_rdata_o[29]' of instance
\u_csr_csr_rdata_o_reg[29] 
  only first five unconnected nets are listed...
2026-May-12 12:29:25 (2026-May-12 10:29:25 GMT): 10%
2026-May-12 12:29:25 (2026-May-12 10:29:25 GMT): 20%
2026-May-12 12:29:25 (2026-May-12 10:29:25 GMT): 30%
2026-May-12 12:29:25 (2026-May-12 10:29:25 GMT): 40%
2026-May-12 12:29:25 (2026-May-12 10:29:25 GMT): 50%
 ... Calculating internal and leakage power
** WARN:  (VOLTUS_POWR-2047): The power pin of the following cells is unable to make a connection with the external/physical rail for the cell instance in the design. Check that the PG pin name given in the .lib file is consistent with the PG pin name in the LEF file, and that the connections of the PG pin in .lib to the external rail have been specified. The power will be assigned to the default rail instead of the actual rail.

POWER LEVEL         CELL                              INSTANCE
vdd                 INHDX3                            FE_DBTC0_u_core_u_fifo_rd_ptr_q_2
vdd                 INHDX0                            g21275
vdd                 DFRRQHDX0                         \u_core_ctx_drain_sync_ff1_reg[1] 
vdd                 DFRRQHDX1                         \u_core_ctx_drain_sync_ff2_reg[0] 
vdd                 DFRRHDX0                          \u_core_start_sync_pipe_reg[1] 
vdd                 DLLQHDX1                          \u_core_u_frontend_active_ctx_q_reg[0] 
vdd                 DLLQHDX2                          u_core_u_frontend_start_latched_q_reg
vdd                 DFRRQHDX2                         u_csr_fifo_clr_pulse_o_reg
vdd                 NA4HDX1                           g26645__2398
vdd                 NA3HDX0                           g26648__6260
2026-May-12 12:29:25 (2026-May-12 10:29:25 GMT): 60%
2026-May-12 12:29:25 (2026-May-12 10:29:25 GMT): 70%
2026-May-12 12:29:25 (2026-May-12 10:29:25 GMT): 80%
2026-May-12 12:29:25 (2026-May-12 10:29:25 GMT): 90%

Finished Calculating power
2026-May-12 12:29:25 (2026-May-12 10:29:25 GMT)
      # of MSMV cell(s) missing power_level: 0
Ended Power Computation: (cpu=0:00:00, real=0:00:00, mem(process/total/peak)=2149.82MB/3698.14MB/2149.82MB)

Begin Processing User Attributes

Begin Processing set_power
Ended Processing set_power: (cpu=0:00:00, real=0:00:00,
mem(process/total/peak)=2149.82MB/3698.14MB/2149.82MB)
Ended Processing User Attributes: (cpu=0:00:00, real=0:00:00, mem(process/total/peak)=2149.82MB/3698.14MB/2149.82MB)

Ended Power Analysis: (cpu=0:00:00, real=0:00:00, mem(process/total/peak)=2149.82MB/3698.14MB/2149.82MB)

Begin Boundary Leakage Calculation
Ended Boundary Leakage Calculation: (cpu=0:00:00, real=0:00:00,
mem(process/total/peak)=2150.32MB/3698.14MB/2150.32MB)
Begin Static Power Report Generation
*----------------------------------------------------------------------------------------
*	Innovus 22.33-s094_1 (64bit) 08/25/2023 16:48 (Linux 3.10.0-693.el7.x86_64)
*	
*
* 	Date & Time:	2026-May-12 12:29:25 (2026-May-12 10:29:25 GMT)
*
*----------------------------------------------------------------------------------------
*
*	Design: mptdc_top_asic
*
*	Liberty Libraries used:
*	        wc_view: /data/pdk/xfab/xh018/diglibs/D_CELLS_HD/v6_0/liberty_LPMOS/v6_0_0/PVT_1_80V_range/D_CELLS_HD_LPMOS_slow_1_62V_125C.lib
*
*	Parasitic Files used:
*
*       Power View : wc_view
*
*       User-Defined Activity : N.A.
*
*       Activity File: N.A.
*
*       Hierarchical Global Activity: N.A.
*
*       Global Activity: N.A.
*
*       Sequential Element Activity: N.A.
*
*       Primary Input Activity: 0.200000
*
*       Default icg ratio: N.A.
*
*       Global Comb ClockGate Ratio: N.A.
*
*	Power Units = 1mW
*
*	Time Units = 1e-09 secs
*
*       report_power
*
-----------------------------------------------------------------------------------------
*



Total Power
-----------------------------------------------------------------------------------------
Total Internal Power:        4.25504477 	   81.5962%
Total Switching Power:       0.95929921 	   18.3958%
Total Leakage Power:         0.00041689 	    0.0080%
Total Power:                 5.21476088
-----------------------------------------------------------------------------------------


Group                           Internal   Switching     Leakage       Total  Percentage 
                                Power      Power         Power         Power  (%)        
-----------------------------------------------------------------------------------------
Sequential                         3.591      0.3427   0.0002104       3.934       75.45
Macro                                  0           0           0           0           0
IO                                     0           0           0           0           0
Combinational                     0.6636      0.6166   0.0002065        1.28       24.55
Clock (Combinational)                  0           0           0           0           0
Clock (Sequential)                     0           0           0           0           0
-----------------------------------------------------------------------------------------
Total                              4.255      0.9593   0.0004169       5.215         100
-----------------------------------------------------------------------------------------


Rail                  Voltage   Internal   Switching     Leakage       Total  Percentage 
                                Power      Power         Power         Power  (%)        
-----------------------------------------------------------------------------------------
Default                  1.62      4.255      0.9593   0.0004169       5.215         100
 
 
-----------------------------------------------------------------------------------------
*	Power Distribution Summary: 
*              Highest Average Power: u_core_u_fifo_rd_ptr_q_reg[2] (DFRRQHDX1):          0.02695
*              Highest Leakage Power: u_core_u_narrow_tx_ctx_id_q_reg[0] (DFRRQHDX4):        1.005e-06
*                Total Cap:      2.88564e-11 F
*                Total instances in design:  1260
*                Total instances in design with no power:     0
*                Total instances in design with no activty:     0

*                Total Fillers and Decap:     0
-----------------------------------------------------------------------------------------
 
** INFO:  (VOLTUS_POWR-3465): There are 0 decaps and 0 fillers in the design

Ended Static Power Report Generation: (cpu=0:00:00, real=0:00:00,
mem(process/total/peak)=2151.14MB/3698.14MB/2151.14MB)

