LABEL=SPADMIC_POSITION_PVS_DRC_TEMPLATE_DISCOVERY
STATUS=PASS
RESULT=CANDIDATES_RECORDED_FOR_REVIEW
PACKAGE=/sim/ksabra/SPADMIC_work/handoff/innovus/blocks/spadmic_position_core/innovus_ooc_harden_position_core_gridfit_20260717_114810
GDS_SHA256=ebba26a43c6fdf8257b60625ac7f823d7ce13a3c9b83607470393116b49f72e1
TEMPLATE_CANDIDATE_COUNT=114
POSITION_NAMED_CANDIDATE_COUNT=0
POSITION_TEMPLATE_EVIDENCE_STATUS=NOT_FOUND
ATTRIBUTABLE_POSITION_TEMPLATE_STATUS=NOT_PROVEN
TEMPLATE_SELECTION_AUTHORIZED=NO
CROSS_BLOCK_TEMPLATE_REUSE_AUTHORIZED=NO
PVS_REPLAY_AUTHORIZED=NO
CANDIDATE_LIST=/sim/ksabra/SPADMIC_work/diagnostics/position_pvs_drc_template_discovery_20260717_125002/candidate_directories.txt
CANDIDATE_INVENTORY=/sim/ksabra/SPADMIC_work/diagnostics/position_pvs_drc_template_discovery_20260717_125002/template_candidate_inventory.rpt
PACKAGE_SHA_MANIFEST_RC=0
PACKAGE_MODIFIED=NO
PVS_EXECUTED=NO
BLOCK_PROMOTION_AUTHORIZED=NO
SIGNOFF_READY=NO
NEXT_GATE=POSITION_PVS_DRC_TEMPLATE_REVIEW
