============================================================
  Generated by:           Genus(TM) Synthesis Solution 22.13-s093_1
  Generated on:           May 27 2026  03:01:06 pm
  Module:                 mptdc_top_asic
  Operating conditions:   slow_1_62V_125C 
  Interconnect mode:      global
  Area mode:              physical library
============================================================

Timing
--------

Analysis view       Clock       Period 
---------------------------------------
wc_view       clk_osc_fast       900.0 
              clk_osc_fast_tap1  900.0 
              clk_osc_fast_tap2  900.0 
              clk_osc_fast_tap3  900.0 
              clk_osc_fast_tap4  900.0 
              clk_osc_fast_tap5  900.0 
              clk_osc_fast_tap6  900.0 
              clk_osc_fast_tap7  900.0 
              clk_osc_slow      1000.0 
              clk_osc_slow_tap1 1000.0 
              clk_osc_slow_tap2 1000.0 
              clk_osc_slow_tap3 1000.0 
              clk_osc_slow_tap4 1000.0 
              clk_osc_slow_tap5 1000.0 
              clk_osc_slow_tap6 1000.0 
              clk_osc_slow_tap7 1000.0 
              clk_sys           6250.0 


Analysis        Cost        Critical              Violating 
  View         Group       Path Slack     TNS       Paths   
------------------------------------------------------------
wc_view       clk_osc_fast    -2574.5  -197983.8         94 
         clk_osc_fast_tap1    -3163.0  -193058.8         72 
         clk_osc_fast_tap2    -3118.6  -190798.8         72 
         clk_osc_fast_tap3    -3069.2  -189401.3         72 
         clk_osc_fast_tap4    -3018.6  -185043.3         72 
         clk_osc_fast_tap5    -2968.6  -182545.8         72 
         clk_osc_fast_tap6    -2913.0  -179873.7         72 
         clk_osc_fast_tap7    -2868.6  -176765.7         72 
              clk_osc_slow    -2711.6   -50463.8         22 
         clk_osc_slow_tap1   No paths        0.0          0 
         clk_osc_slow_tap2   No paths        0.0          0 
         clk_osc_slow_tap3   No paths        0.0          0 
         clk_osc_slow_tap4   No paths        0.0          0 
         clk_osc_slow_tap5   No paths        0.0          0 
         clk_osc_slow_tap6   No paths        0.0          0 
         clk_osc_slow_tap7   No paths        0.0          0 
                   clk_sys     -720.4   -37235.0         77 
                   default   No paths        0.0          0 
          OPD_HELD_BUS_CDC   No paths        0.0          0 
            OPD_PD_CAPTURE   No paths        0.0          0 
             OPD_REAL_FAST   No paths        0.0          0 
             OPD_REAL_SLOW   No paths        0.0          0 
------------------------------------------------------------
Total                                 -1583170.0        697 
                                                            

Instance Count
--------------
Leaf Instance Count             19549 
Physical Instance count             0 
Sequential Instance Count        5622 
Combinational Instance Count    13927 
Hierarchical Instance Count        77 

Area
----
Cell Area                          509988.864
Physical Cell Area                 0.000
Total Cell Area (Cell+Physical)    509988.864
Net Area                           256722.376
Total Area (Cell+Physical+Net)     766711.240

Power
-----
Leakage Power                      7707.129 nW
Dynamic Power                      186449322.510 nW
Total Power                        186457029.639 nW

Max Fanout                         4910 (clk_sys)
Min Fanout                         0 (local_async_rst_n)
Average Fanout                     2.6
Terms to net ratio                 3.6811
Terms to instance ratio            3.7325
Runtime                            1735.7497780000065 seconds
Elapsed Runtime                    1680 seconds
Genus peak memory usage            2362.71 
Innovus peak memory usage          no_value 
Hostname                           lyoelectrosrv01.in2p3.fr
