============================================================
  Generated by:           Genus(TM) Synthesis Solution 22.13-s093_1
  Generated on:           Jun 04 2026  11:30:09 am
  Module:                 mptdc_top_asic
  Operating conditions:   typ_1_80V_25C 
  Interconnect mode:      global
  Area mode:              physical library
============================================================

Max_transition design rule (violation total = 5748)
Pin                                         Slew           Max     Violation
------------------------------------------------------------------------------
u_core_u_wdt/g1790/B                         701           500           201
  --> Other violations on net                        3219
u_core_u_wdt/g1819/B                         701           500           201
  --> Other violations on net                        3219
u_core_u_wdt/g1788/B                         701           500           201
  --> Other violations on net                        3219
u_core_u_wdt/g1786/B                         701           500           201
  --> Other violations on net                        3219
u_core_u_wdt/g1822/B                         701           500           201
  --> Other violations on net                        3219
u_core_u_wdt/g1792/B                         701           500           201
  --> Other violations on net                        3219
u_core_u_wdt/g1828/B                         701           500           201
  --> Other violations on net                        3219
u_core_u_wdt/g1784/B                         701           500           201
  --> Other violations on net                        3219
u_core_u_wdt/g1825/B                         701           500           201
  --> Other violations on net                        3219
u_core_u_wdt/g1830/B                         701           500           201
  --> Other violations on net                        3219
u_core_u_wdt/g1815/B                         701           500           201
  --> Other violations on net                        3219
u_core_u_wdt/g1782/B                         701           500           201
  --> Other violations on net                        3219
u_core_u_wdt/g1794/B                         701           500           201
  --> Other violations on net                        3219
u_core_u_wdt/g1806/B                         701           500           201
  --> Other violations on net                        3219
u_core_u_wdt/g1780/B                         701           500           201
  --> Other violations on net                        3219
u_core_u_wdt/g1752/B                         701           500           201
  --> Other violations on net                        3219
u_core_u_wdt/g814/Q                          701           500           201
  --> Other violations on net                        3219
u_core_u_fifo/g19051/C                       594           500            94
  --> Other violations on net                        850
u_core_u_fifo/g19050/C                       594           500            94
  --> Other violations on net                        850
u_core_u_fifo/g19049/BN                      594           500            94
  --> Other violations on net                        850
u_core_u_fifo/g31/C                          594           500            94
  --> Other violations on net                        850
u_core_u_fifo/g30/AN                         594           500            94
  --> Other violations on net                        850
u_core_u_fifo/g29/BN                         594           500            94
  --> Other violations on net                        850
u_core_u_fifo/g1023/A                        594           500            94
  --> Other violations on net                        850
u_core_u_fifo/g17434/D                       594           500            94
  --> Other violations on net                        850
u_core_u_fifo/g17322/D                       594           500            94
  --> Other violations on net                        850
u_core_u_fifo/rd_ptr_q_reg[4]/Q              594           500            94
  --> Other violations on net                        850
u_core_u_fifo/g19051/AN                      594           500            94
  --> Other violations on net                        848
u_core_u_fifo/g19050/AN                      594           500            94
  --> Other violations on net                        848
u_core_u_fifo/g19049/AN                      594           500            94
  --> Other violations on net                        848
u_core_u_fifo/g31/A                          594           500            94
  --> Other violations on net                        848
u_core_u_fifo/g30/B                          594           500            94
  --> Other violations on net                        848
u_core_u_fifo/g29/C                          594           500            94
  --> Other violations on net                        848
u_core_u_fifo/g1023/B                        594           500            94
  --> Other violations on net                        848
u_core_u_fifo/g17391/D                       594           500            94
  --> Other violations on net                        848
u_core_u_fifo/g17503/B                       594           500            94
  --> Other violations on net                        848
u_core_u_fifo/rd_ptr_q_reg[1]/Q              594           500            94
  --> Other violations on net                        848
u_core_u_fifo/g19056/AN                      536           500            36
  --> Other violations on net                        357
u_core_u_fifo/g19054/B                       536           500            36
  --> Other violations on net                        357
u_core_u_fifo/g19053/AN                      536           500            36
  --> Other violations on net                        357
u_core_u_fifo/g19052/A                       536           500            36
  --> Other violations on net                        357
u_core_u_fifo/g1021/AN                       536           500            36
  --> Other violations on net                        357
u_core_u_fifo/g1022/B                        536           500            36
  --> Other violations on net                        357
u_core_u_fifo/g17448/A                       536           500            36
  --> Other violations on net                        357
u_core_u_fifo/g17429/S                       536           500            36
  --> Other violations on net                        357
u_core_u_fifo/g17391/A                       536           500            36
  --> Other violations on net                        357
u_core_u_fifo/g17503/A                       536           500            36
  --> Other violations on net                        357
u_core_u_fifo/rd_ptr_q_reg[0]/Q              536           500            36
  --> Other violations on net                        357
u_core_u_fifo/g19043/B                       503           500             3
  --> Other violations on net                        25
u_core_u_fifo/g19041/B                       503           500             3
  --> Other violations on net                        25
u_core_u_fifo/g19040/B                       503           500             3
  --> Other violations on net                        25
u_core_u_fifo/g19039/B                       503           500             3
  --> Other violations on net                        25
u_core_u_fifo/g19038/B                       503           500             3
  --> Other violations on net                        25
u_core_u_fifo/g19003/B                       503           500             3
  --> Other violations on net                        25
u_core_u_fifo/g19000/B                       503           500             3
  --> Other violations on net                        25
u_core_u_fifo/g18998/B                       503           500             3
  --> Other violations on net                        25
u_core_u_fifo/g30/Q                          503           500             3
  --> Other violations on net                        25
u_core_u_wdt/g815/C                          505           500             5
  --> Other violations on net                        16
u_core_u_wdt/g1754/B                         505           500             5
  --> Other violations on net                        16
u_core_u_wdt/g814/C                          505           500             5
  --> Other violations on net                        16
u_core_u_wdt/g816/Q                          505           500             5
  --> Other violations on net                        16


Max_capacitance design rule: no violations.


Max_fanout design rule: no violations.



