============================================================
  Generated by:           Genus(TM) Synthesis Solution 22.13-s093_1
  Generated on:           Jun 04 2026  11:29:52 am
  Module:                 mptdc_top_asic
  Operating conditions:   typ_1_80V_25C 
  Interconnect mode:      global
  Area mode:              physical library
============================================================


Path 1: VIOLATED (-424 ps) Setup Check with Pin u_core_gen_pd_row[4].gen_pd_col[5].u_pd/nfast_hit_latched_reg[6]/C->D
           View: tc_view
          Group: clk_osc_fast_tap5
     Startpoint: (R) u_core_gen_fast_tag_col[5].u_fast_tag/tag_o_reg[6]/C
          Clock: (R) clk_osc_fast_tap5
       Endpoint: (F) u_core_gen_pd_row[4].gen_pd_col[5].u_pd/nfast_hit_latched_reg[6]/D
          Clock: (R) clk_osc_fast_tap5

                     Capture       Launch     
        Clock Edge:+    1150          250     
       Src Latency:+       0            0     
       Net Latency:+       0 (I)        0 (I) 
           Arrival:=    1150          250     
                                              
             Setup:-     264                  
       Uncertainty:-      10                  
     Required Time:=     876                  
      Launch Clock:-     250                  
         Data Path:-    1051                  
             Slack:=    -424                  

#--------------------------------------------------------------------------------------------------------------------------------------------
#                           Timing Point                             Flags   Arc   Edge   Cell     Fanout  Load Trans Delay Arrival Instance 
#                                                                                                          (fF)  (ps)  (ps)   (ps)  Location 
#--------------------------------------------------------------------------------------------------------------------------------------------
  u_core_gen_fast_tag_col[5].u_fast_tag/tag_o_reg[6]/C               -       -     R     (arrival)     87     -   150     0     250    (-,-) 
  u_core_gen_fast_tag_col[5].u_fast_tag/tag_o_reg[6]/Q               -       C->Q  F     DFRRQHDX1      2  44.6   204   638     888    (-,-) 
  fopt73148/Q                                                        -       A->Q  F     BUHDX8         8 118.2    81   226    1114    (-,-) 
  u_core_gen_pd_row[4].gen_pd_col[5].u_pd/fopt452/Q                  -       A->Q  R     INHDX2         1  12.7    62    70    1184    (-,-) 
  u_core_gen_pd_row[4].gen_pd_col[5].u_pd/g416__5107/Q               -       B->Q  F     ON22HDX1       1   9.3   102   117    1301    (-,-) 
  u_core_gen_pd_row[4].gen_pd_col[5].u_pd/nfast_hit_latched_reg[6]/D -       -     F     DFRHDX2        1     -     -     0    1301    (-,-) 
#--------------------------------------------------------------------------------------------------------------------------------------------



Path 2: VIOLATED (-424 ps) Setup Check with Pin u_core_gen_pd_row[7].gen_pd_col[7].u_pd/nfast_hit_latched_reg[6]/C->D
           View: tc_view
          Group: clk_osc_fast_tap7
     Startpoint: (R) u_core_gen_fast_tag_col[7].u_fast_tag/tag_o_reg[6]/C
          Clock: (R) clk_osc_fast_tap7
       Endpoint: (F) u_core_gen_pd_row[7].gen_pd_col[7].u_pd/nfast_hit_latched_reg[6]/D
          Clock: (R) clk_osc_fast_tap7

                     Capture       Launch     
        Clock Edge:+    1250          350     
       Src Latency:+       0            0     
       Net Latency:+       0 (I)        0 (I) 
           Arrival:=    1250          350     
                                              
             Setup:-     263                  
       Uncertainty:-      10                  
     Required Time:=     977                  
      Launch Clock:-     350                  
         Data Path:-    1051                  
             Slack:=    -424                  

#--------------------------------------------------------------------------------------------------------------------------------------------
#                           Timing Point                             Flags   Arc   Edge   Cell     Fanout  Load Trans Delay Arrival Instance 
#                                                                                                          (fF)  (ps)  (ps)   (ps)  Location 
#--------------------------------------------------------------------------------------------------------------------------------------------
  u_core_gen_fast_tag_col[7].u_fast_tag/tag_o_reg[6]/C               -       -     R     (arrival)     87     -   150     0     350    (-,-) 
  u_core_gen_fast_tag_col[7].u_fast_tag/tag_o_reg[6]/Q               -       C->Q  F     DFRRQHDX1      2  44.6   204   638     988    (-,-) 
  fopt73150/Q                                                        -       A->Q  F     BUHDX8         8 118.2    81   226    1214    (-,-) 
  u_core_gen_pd_row[7].gen_pd_col[7].u_pd/fopt447/Q                  -       A->Q  R     INHDX2         1  12.7    62    70    1284    (-,-) 
  u_core_gen_pd_row[7].gen_pd_col[7].u_pd/g416__4319/Q               -       B->Q  F     ON22HDX1       1   9.3   100   117    1401    (-,-) 
  u_core_gen_pd_row[7].gen_pd_col[7].u_pd/nfast_hit_latched_reg[6]/D -       -     F     DFRHDX2        1     -     -     0    1401    (-,-) 
#--------------------------------------------------------------------------------------------------------------------------------------------



Path 3: VIOLATED (-424 ps) Setup Check with Pin u_core_gen_pd_row[7].gen_pd_col[6].u_pd/nfast_hit_latched_reg[6]/C->D
           View: tc_view
          Group: clk_osc_fast_tap6
     Startpoint: (R) u_core_gen_fast_tag_col[6].u_fast_tag/tag_o_reg[6]/C
          Clock: (R) clk_osc_fast_tap6
       Endpoint: (F) u_core_gen_pd_row[7].gen_pd_col[6].u_pd/nfast_hit_latched_reg[6]/D
          Clock: (R) clk_osc_fast_tap6

                     Capture       Launch     
        Clock Edge:+    1200          300     
       Src Latency:+       0            0     
       Net Latency:+       0 (I)        0 (I) 
           Arrival:=    1200          300     
                                              
             Setup:-     263                  
       Uncertainty:-      10                  
     Required Time:=     927                  
      Launch Clock:-     300                  
         Data Path:-    1051                  
             Slack:=    -424                  

#--------------------------------------------------------------------------------------------------------------------------------------------
#                           Timing Point                             Flags   Arc   Edge   Cell     Fanout  Load Trans Delay Arrival Instance 
#                                                                                                          (fF)  (ps)  (ps)   (ps)  Location 
#--------------------------------------------------------------------------------------------------------------------------------------------
  u_core_gen_fast_tag_col[6].u_fast_tag/tag_o_reg[6]/C               -       -     R     (arrival)     87     -   150     0     300    (-,-) 
  u_core_gen_fast_tag_col[6].u_fast_tag/tag_o_reg[6]/Q               -       C->Q  F     DFRRQHDX1      2  44.6   204   638     938    (-,-) 
  fopt73149/Q                                                        -       A->Q  F     BUHDX8         8 118.2    81   226    1164    (-,-) 
  u_core_gen_pd_row[7].gen_pd_col[6].u_pd/fopt447/Q                  -       A->Q  R     INHDX2         1  12.7    62    70    1234    (-,-) 
  u_core_gen_pd_row[7].gen_pd_col[6].u_pd/g416__4733/Q               -       B->Q  F     ON22HDX1       1   9.3   100   117    1351    (-,-) 
  u_core_gen_pd_row[7].gen_pd_col[6].u_pd/nfast_hit_latched_reg[6]/D -       -     F     DFRHDX2        1     -     -     0    1351    (-,-) 
#--------------------------------------------------------------------------------------------------------------------------------------------



Path 4: VIOLATED (-424 ps) Setup Check with Pin u_core_gen_pd_row[7].gen_pd_col[5].u_pd/nfast_hit_latched_reg[6]/C->D
           View: tc_view
          Group: clk_osc_fast_tap5
     Startpoint: (R) u_core_gen_fast_tag_col[5].u_fast_tag/tag_o_reg[6]/C
          Clock: (R) clk_osc_fast_tap5
       Endpoint: (F) u_core_gen_pd_row[7].gen_pd_col[5].u_pd/nfast_hit_latched_reg[6]/D
          Clock: (R) clk_osc_fast_tap5

                     Capture       Launch     
        Clock Edge:+    1150          250     
       Src Latency:+       0            0     
       Net Latency:+       0 (I)        0 (I) 
           Arrival:=    1150          250     
                                              
             Setup:-     263                  
       Uncertainty:-      10                  
     Required Time:=     877                  
      Launch Clock:-     250                  
         Data Path:-    1051                  
             Slack:=    -424                  

#--------------------------------------------------------------------------------------------------------------------------------------------
#                           Timing Point                             Flags   Arc   Edge   Cell     Fanout  Load Trans Delay Arrival Instance 
#                                                                                                          (fF)  (ps)  (ps)   (ps)  Location 
#--------------------------------------------------------------------------------------------------------------------------------------------
  u_core_gen_fast_tag_col[5].u_fast_tag/tag_o_reg[6]/C               -       -     R     (arrival)     87     -   150     0     250    (-,-) 
  u_core_gen_fast_tag_col[5].u_fast_tag/tag_o_reg[6]/Q               -       C->Q  F     DFRRQHDX1      2  44.6   204   638     888    (-,-) 
  fopt73148/Q                                                        -       A->Q  F     BUHDX8         8 118.2    81   226    1114    (-,-) 
  u_core_gen_pd_row[7].gen_pd_col[5].u_pd/fopt447/Q                  -       A->Q  R     INHDX2         1  12.7    62    70    1184    (-,-) 
  u_core_gen_pd_row[7].gen_pd_col[5].u_pd/g416__5526/Q               -       B->Q  F     ON22HDX1       1   9.3   100   117    1301    (-,-) 
  u_core_gen_pd_row[7].gen_pd_col[5].u_pd/nfast_hit_latched_reg[6]/D -       -     F     DFRHDX2        1     -     -     0    1301    (-,-) 
#--------------------------------------------------------------------------------------------------------------------------------------------



Path 5: VIOLATED (-424 ps) Setup Check with Pin u_core_gen_pd_row[7].gen_pd_col[3].u_pd/nfast_hit_latched_reg[6]/C->D
           View: tc_view
          Group: clk_osc_fast_tap3
     Startpoint: (R) u_core_gen_fast_tag_col[3].u_fast_tag/tag_o_reg[6]/C
          Clock: (R) clk_osc_fast_tap3
       Endpoint: (F) u_core_gen_pd_row[7].gen_pd_col[3].u_pd/nfast_hit_latched_reg[6]/D
          Clock: (R) clk_osc_fast_tap3

                     Capture       Launch     
        Clock Edge:+    1050          150     
       Src Latency:+       0            0     
       Net Latency:+       0 (I)        0 (I) 
           Arrival:=    1050          150     
                                              
             Setup:-     263                  
       Uncertainty:-      10                  
     Required Time:=     777                  
      Launch Clock:-     150                  
         Data Path:-    1051                  
             Slack:=    -424                  

#--------------------------------------------------------------------------------------------------------------------------------------------
#                           Timing Point                             Flags   Arc   Edge   Cell     Fanout  Load Trans Delay Arrival Instance 
#                                                                                                          (fF)  (ps)  (ps)   (ps)  Location 
#--------------------------------------------------------------------------------------------------------------------------------------------
  u_core_gen_fast_tag_col[3].u_fast_tag/tag_o_reg[6]/C               -       -     R     (arrival)     87     -   150     0     150    (-,-) 
  u_core_gen_fast_tag_col[3].u_fast_tag/tag_o_reg[6]/Q               -       C->Q  F     DFRRQHDX1      2  44.6   204   638     788    (-,-) 
  fopt73146/Q                                                        -       A->Q  F     BUHDX8         8 118.2    81   226    1014    (-,-) 
  u_core_gen_pd_row[7].gen_pd_col[3].u_pd/fopt447/Q                  -       A->Q  R     INHDX2         1  12.7    62    70    1084    (-,-) 
  u_core_gen_pd_row[7].gen_pd_col[3].u_pd/g416__3680/Q               -       B->Q  F     ON22HDX1       1   9.3   100   117    1201    (-,-) 
  u_core_gen_pd_row[7].gen_pd_col[3].u_pd/nfast_hit_latched_reg[6]/D -       -     F     DFRHDX2        1     -     -     0    1201    (-,-) 
#--------------------------------------------------------------------------------------------------------------------------------------------



Path 6: VIOLATED (-424 ps) Setup Check with Pin u_core_gen_pd_row[7].gen_pd_col[2].u_pd/nfast_hit_latched_reg[6]/C->D
           View: tc_view
          Group: clk_osc_fast_tap2
     Startpoint: (R) u_core_gen_fast_tag_col[2].u_fast_tag/tag_o_reg[6]/C
          Clock: (R) clk_osc_fast_tap2
       Endpoint: (F) u_core_gen_pd_row[7].gen_pd_col[2].u_pd/nfast_hit_latched_reg[6]/D
          Clock: (R) clk_osc_fast_tap2

                     Capture       Launch     
        Clock Edge:+    1000          100     
       Src Latency:+       0            0     
       Net Latency:+       0 (I)        0 (I) 
           Arrival:=    1000          100     
                                              
             Setup:-     263                  
       Uncertainty:-      10                  
     Required Time:=     727                  
      Launch Clock:-     100                  
         Data Path:-    1051                  
             Slack:=    -424                  

#--------------------------------------------------------------------------------------------------------------------------------------------
#                           Timing Point                             Flags   Arc   Edge   Cell     Fanout  Load Trans Delay Arrival Instance 
#                                                                                                          (fF)  (ps)  (ps)   (ps)  Location 
#--------------------------------------------------------------------------------------------------------------------------------------------
  u_core_gen_fast_tag_col[2].u_fast_tag/tag_o_reg[6]/C               -       -     R     (arrival)     87     -   150     0     100    (-,-) 
  u_core_gen_fast_tag_col[2].u_fast_tag/tag_o_reg[6]/Q               -       C->Q  F     DFRRQHDX1      2  44.6   204   638     738    (-,-) 
  fopt73145/Q                                                        -       A->Q  F     BUHDX8         8 118.2    81   226     964    (-,-) 
  u_core_gen_pd_row[7].gen_pd_col[2].u_pd/fopt447/Q                  -       A->Q  R     INHDX2         1  12.7    62    70    1034    (-,-) 
  u_core_gen_pd_row[7].gen_pd_col[2].u_pd/g416__2883/Q               -       B->Q  F     ON22HDX1       1   9.3   100   117    1151    (-,-) 
  u_core_gen_pd_row[7].gen_pd_col[2].u_pd/nfast_hit_latched_reg[6]/D -       -     F     DFRHDX2        1     -     -     0    1151    (-,-) 
#--------------------------------------------------------------------------------------------------------------------------------------------



Path 7: VIOLATED (-424 ps) Setup Check with Pin u_core_gen_pd_row[7].gen_pd_col[1].u_pd/nfast_hit_latched_reg[6]/C->D
           View: tc_view
          Group: clk_osc_fast_tap1
     Startpoint: (R) u_core_gen_fast_tag_col[1].u_fast_tag/tag_o_reg[6]/C
          Clock: (R) clk_osc_fast_tap1
       Endpoint: (F) u_core_gen_pd_row[7].gen_pd_col[1].u_pd/nfast_hit_latched_reg[6]/D
          Clock: (R) clk_osc_fast_tap1

                     Capture       Launch     
        Clock Edge:+     950           50     
       Src Latency:+       0            0     
       Net Latency:+       0 (I)        0 (I) 
           Arrival:=     950           50     
                                              
             Setup:-     263                  
       Uncertainty:-      10                  
     Required Time:=     677                  
      Launch Clock:-      50                  
         Data Path:-    1051                  
             Slack:=    -424                  

#--------------------------------------------------------------------------------------------------------------------------------------------
#                           Timing Point                             Flags   Arc   Edge   Cell     Fanout  Load Trans Delay Arrival Instance 
#                                                                                                          (fF)  (ps)  (ps)   (ps)  Location 
#--------------------------------------------------------------------------------------------------------------------------------------------
  u_core_gen_fast_tag_col[1].u_fast_tag/tag_o_reg[6]/C               -       -     R     (arrival)     87     -   150     0      50    (-,-) 
  u_core_gen_fast_tag_col[1].u_fast_tag/tag_o_reg[6]/Q               -       C->Q  F     DFRRQHDX1      2  44.6   204   638     688    (-,-) 
  fopt/Q                                                             -       A->Q  F     BUHDX8         8 118.2    81   226     914    (-,-) 
  u_core_gen_pd_row[7].gen_pd_col[1].u_pd/fopt447/Q                  -       A->Q  R     INHDX2         1  12.7    62    70     984    (-,-) 
  u_core_gen_pd_row[7].gen_pd_col[1].u_pd/g416__2802/Q               -       B->Q  F     ON22HDX1       1   9.3   100   117    1101    (-,-) 
  u_core_gen_pd_row[7].gen_pd_col[1].u_pd/nfast_hit_latched_reg[6]/D -       -     F     DFRHDX2        1     -     -     0    1101    (-,-) 
#--------------------------------------------------------------------------------------------------------------------------------------------



Path 8: VIOLATED (-424 ps) Setup Check with Pin u_core_gen_pd_row[6].gen_pd_col[7].u_pd/nfast_hit_latched_reg[6]/C->D
           View: tc_view
          Group: clk_osc_fast_tap7
     Startpoint: (R) u_core_gen_fast_tag_col[7].u_fast_tag/tag_o_reg[6]/C
          Clock: (R) clk_osc_fast_tap7
       Endpoint: (F) u_core_gen_pd_row[6].gen_pd_col[7].u_pd/nfast_hit_latched_reg[6]/D
          Clock: (R) clk_osc_fast_tap7

                     Capture       Launch     
        Clock Edge:+    1250          350     
       Src Latency:+       0            0     
       Net Latency:+       0 (I)        0 (I) 
           Arrival:=    1250          350     
                                              
             Setup:-     263                  
       Uncertainty:-      10                  
     Required Time:=     977                  
      Launch Clock:-     350                  
         Data Path:-    1051                  
             Slack:=    -424                  

#--------------------------------------------------------------------------------------------------------------------------------------------
#                           Timing Point                             Flags   Arc   Edge   Cell     Fanout  Load Trans Delay Arrival Instance 
#                                                                                                          (fF)  (ps)  (ps)   (ps)  Location 
#--------------------------------------------------------------------------------------------------------------------------------------------
  u_core_gen_fast_tag_col[7].u_fast_tag/tag_o_reg[6]/C               -       -     R     (arrival)     87     -   150     0     350    (-,-) 
  u_core_gen_fast_tag_col[7].u_fast_tag/tag_o_reg[6]/Q               -       C->Q  F     DFRRQHDX1      2  44.6   204   638     988    (-,-) 
  fopt73150/Q                                                        -       A->Q  F     BUHDX8         8 118.2    81   226    1214    (-,-) 
  u_core_gen_pd_row[6].gen_pd_col[7].u_pd/fopt447/Q                  -       A->Q  R     INHDX2         1  12.7    62    70    1284    (-,-) 
  u_core_gen_pd_row[6].gen_pd_col[7].u_pd/g416__5122/Q               -       B->Q  F     ON22HDX1       1   9.3   100   117    1401    (-,-) 
  u_core_gen_pd_row[6].gen_pd_col[7].u_pd/nfast_hit_latched_reg[6]/D -       -     F     DFRHDX2        1     -     -     0    1401    (-,-) 
#--------------------------------------------------------------------------------------------------------------------------------------------



Path 9: VIOLATED (-424 ps) Setup Check with Pin u_core_gen_pd_row[6].gen_pd_col[6].u_pd/nfast_hit_latched_reg[6]/C->D
           View: tc_view
          Group: clk_osc_fast_tap6
     Startpoint: (R) u_core_gen_fast_tag_col[6].u_fast_tag/tag_o_reg[6]/C
          Clock: (R) clk_osc_fast_tap6
       Endpoint: (F) u_core_gen_pd_row[6].gen_pd_col[6].u_pd/nfast_hit_latched_reg[6]/D
          Clock: (R) clk_osc_fast_tap6

                     Capture       Launch     
        Clock Edge:+    1200          300     
       Src Latency:+       0            0     
       Net Latency:+       0 (I)        0 (I) 
           Arrival:=    1200          300     
                                              
             Setup:-     263                  
       Uncertainty:-      10                  
     Required Time:=     927                  
      Launch Clock:-     300                  
         Data Path:-    1051                  
             Slack:=    -424                  

#--------------------------------------------------------------------------------------------------------------------------------------------
#                           Timing Point                             Flags   Arc   Edge   Cell     Fanout  Load Trans Delay Arrival Instance 
#                                                                                                          (fF)  (ps)  (ps)   (ps)  Location 
#--------------------------------------------------------------------------------------------------------------------------------------------
  u_core_gen_fast_tag_col[6].u_fast_tag/tag_o_reg[6]/C               -       -     R     (arrival)     87     -   150     0     300    (-,-) 
  u_core_gen_fast_tag_col[6].u_fast_tag/tag_o_reg[6]/Q               -       C->Q  F     DFRRQHDX1      2  44.6   204   638     938    (-,-) 
  fopt73149/Q                                                        -       A->Q  F     BUHDX8         8 118.2    81   226    1164    (-,-) 
  u_core_gen_pd_row[6].gen_pd_col[6].u_pd/fopt447/Q                  -       A->Q  R     INHDX2         1  12.7    62    70    1234    (-,-) 
  u_core_gen_pd_row[6].gen_pd_col[6].u_pd/g416__6417/Q               -       B->Q  F     ON22HDX1       1   9.3   100   117    1351    (-,-) 
  u_core_gen_pd_row[6].gen_pd_col[6].u_pd/nfast_hit_latched_reg[6]/D -       -     F     DFRHDX2        1     -     -     0    1351    (-,-) 
#--------------------------------------------------------------------------------------------------------------------------------------------



Path 10: VIOLATED (-424 ps) Setup Check with Pin u_core_gen_pd_row[6].gen_pd_col[5].u_pd/nfast_hit_latched_reg[6]/C->D
           View: tc_view
          Group: clk_osc_fast_tap5
     Startpoint: (R) u_core_gen_fast_tag_col[5].u_fast_tag/tag_o_reg[6]/C
          Clock: (R) clk_osc_fast_tap5
       Endpoint: (F) u_core_gen_pd_row[6].gen_pd_col[5].u_pd/nfast_hit_latched_reg[6]/D
          Clock: (R) clk_osc_fast_tap5

                     Capture       Launch     
        Clock Edge:+    1150          250     
       Src Latency:+       0            0     
       Net Latency:+       0 (I)        0 (I) 
           Arrival:=    1150          250     
                                              
             Setup:-     263                  
       Uncertainty:-      10                  
     Required Time:=     877                  
      Launch Clock:-     250                  
         Data Path:-    1051                  
             Slack:=    -424                  

#--------------------------------------------------------------------------------------------------------------------------------------------
#                           Timing Point                             Flags   Arc   Edge   Cell     Fanout  Load Trans Delay Arrival Instance 
#                                                                                                          (fF)  (ps)  (ps)   (ps)  Location 
#--------------------------------------------------------------------------------------------------------------------------------------------
  u_core_gen_fast_tag_col[5].u_fast_tag/tag_o_reg[6]/C               -       -     R     (arrival)     87     -   150     0     250    (-,-) 
  u_core_gen_fast_tag_col[5].u_fast_tag/tag_o_reg[6]/Q               -       C->Q  F     DFRRQHDX1      2  44.6   204   638     888    (-,-) 
  fopt73148/Q                                                        -       A->Q  F     BUHDX8         8 118.2    81   226    1114    (-,-) 
  u_core_gen_pd_row[6].gen_pd_col[5].u_pd/fopt447/Q                  -       A->Q  R     INHDX2         1  12.7    62    70    1184    (-,-) 
  u_core_gen_pd_row[6].gen_pd_col[5].u_pd/g416__7098/Q               -       B->Q  F     ON22HDX1       1   9.3   100   117    1301    (-,-) 
  u_core_gen_pd_row[6].gen_pd_col[5].u_pd/nfast_hit_latched_reg[6]/D -       -     F     DFRHDX2        1     -     -     0    1301    (-,-) 
#--------------------------------------------------------------------------------------------------------------------------------------------



Path 11: VIOLATED (-424 ps) Setup Check with Pin u_core_gen_pd_row[6].gen_pd_col[4].u_pd/nfast_hit_latched_reg[6]/C->D
           View: tc_view
          Group: clk_osc_fast_tap4
     Startpoint: (R) u_core_gen_fast_tag_col[4].u_fast_tag/tag_o_reg[6]/C
          Clock: (R) clk_osc_fast_tap4
       Endpoint: (F) u_core_gen_pd_row[6].gen_pd_col[4].u_pd/nfast_hit_latched_reg[6]/D
          Clock: (R) clk_osc_fast_tap4

                     Capture       Launch     
        Clock Edge:+    1100          200     
       Src Latency:+       0            0     
       Net Latency:+       0 (I)        0 (I) 
           Arrival:=    1100          200     
                                              
             Setup:-     263                  
       Uncertainty:-      10                  
     Required Time:=     827                  
      Launch Clock:-     200                  
         Data Path:-    1051                  
             Slack:=    -424                  

#--------------------------------------------------------------------------------------------------------------------------------------------
#                           Timing Point                             Flags   Arc   Edge   Cell     Fanout  Load Trans Delay Arrival Instance 
#                                                                                                          (fF)  (ps)  (ps)   (ps)  Location 
#--------------------------------------------------------------------------------------------------------------------------------------------
  u_core_gen_fast_tag_col[4].u_fast_tag/tag_o_reg[6]/C               -       -     R     (arrival)     87     -   150     0     200    (-,-) 
  u_core_gen_fast_tag_col[4].u_fast_tag/tag_o_reg[6]/Q               -       C->Q  F     DFRRQHDX1      2  44.6   204   638     838    (-,-) 
  fopt73147/Q                                                        -       A->Q  F     BUHDX8         8 118.2    81   226    1064    (-,-) 
  u_core_gen_pd_row[6].gen_pd_col[4].u_pd/fopt447/Q                  -       A->Q  R     INHDX2         1  12.7    62    70    1134    (-,-) 
  u_core_gen_pd_row[6].gen_pd_col[4].u_pd/g416__2398/Q               -       B->Q  F     ON22HDX1       1   9.3   100   117    1251    (-,-) 
  u_core_gen_pd_row[6].gen_pd_col[4].u_pd/nfast_hit_latched_reg[6]/D -       -     F     DFRHDX2        1     -     -     0    1251    (-,-) 
#--------------------------------------------------------------------------------------------------------------------------------------------



Path 12: VIOLATED (-424 ps) Setup Check with Pin u_core_gen_pd_row[6].gen_pd_col[3].u_pd/nfast_hit_latched_reg[6]/C->D
           View: tc_view
          Group: clk_osc_fast_tap3
     Startpoint: (R) u_core_gen_fast_tag_col[3].u_fast_tag/tag_o_reg[6]/C
          Clock: (R) clk_osc_fast_tap3
       Endpoint: (F) u_core_gen_pd_row[6].gen_pd_col[3].u_pd/nfast_hit_latched_reg[6]/D
          Clock: (R) clk_osc_fast_tap3

                     Capture       Launch     
        Clock Edge:+    1050          150     
       Src Latency:+       0            0     
       Net Latency:+       0 (I)        0 (I) 
           Arrival:=    1050          150     
                                              
             Setup:-     263                  
       Uncertainty:-      10                  
     Required Time:=     777                  
      Launch Clock:-     150                  
         Data Path:-    1051                  
             Slack:=    -424                  

#--------------------------------------------------------------------------------------------------------------------------------------------
#                           Timing Point                             Flags   Arc   Edge   Cell     Fanout  Load Trans Delay Arrival Instance 
#                                                                                                          (fF)  (ps)  (ps)   (ps)  Location 
#--------------------------------------------------------------------------------------------------------------------------------------------
  u_core_gen_fast_tag_col[3].u_fast_tag/tag_o_reg[6]/C               -       -     R     (arrival)     87     -   150     0     150    (-,-) 
  u_core_gen_fast_tag_col[3].u_fast_tag/tag_o_reg[6]/Q               -       C->Q  F     DFRRQHDX1      2  44.6   204   638     788    (-,-) 
  fopt73146/Q                                                        -       A->Q  F     BUHDX8         8 118.2    81   226    1014    (-,-) 
  u_core_gen_pd_row[6].gen_pd_col[3].u_pd/fopt447/Q                  -       A->Q  R     INHDX2         1  12.7    62    70    1084    (-,-) 
  u_core_gen_pd_row[6].gen_pd_col[3].u_pd/g416__1881/Q               -       B->Q  F     ON22HDX1       1   9.3   100   117    1201    (-,-) 
  u_core_gen_pd_row[6].gen_pd_col[3].u_pd/nfast_hit_latched_reg[6]/D -       -     F     DFRHDX2        1     -     -     0    1201    (-,-) 
#--------------------------------------------------------------------------------------------------------------------------------------------



Path 13: VIOLATED (-424 ps) Setup Check with Pin u_core_gen_pd_row[6].gen_pd_col[2].u_pd/nfast_hit_latched_reg[6]/C->D
           View: tc_view
          Group: clk_osc_fast_tap2
     Startpoint: (R) u_core_gen_fast_tag_col[2].u_fast_tag/tag_o_reg[6]/C
          Clock: (R) clk_osc_fast_tap2
       Endpoint: (F) u_core_gen_pd_row[6].gen_pd_col[2].u_pd/nfast_hit_latched_reg[6]/D
          Clock: (R) clk_osc_fast_tap2

                     Capture       Launch     
        Clock Edge:+    1000          100     
       Src Latency:+       0            0     
       Net Latency:+       0 (I)        0 (I) 
           Arrival:=    1000          100     
                                              
             Setup:-     263                  
       Uncertainty:-      10                  
     Required Time:=     727                  
      Launch Clock:-     100                  
         Data Path:-    1051                  
             Slack:=    -424                  

#--------------------------------------------------------------------------------------------------------------------------------------------
#                           Timing Point                             Flags   Arc   Edge   Cell     Fanout  Load Trans Delay Arrival Instance 
#                                                                                                          (fF)  (ps)  (ps)   (ps)  Location 
#--------------------------------------------------------------------------------------------------------------------------------------------
  u_core_gen_fast_tag_col[2].u_fast_tag/tag_o_reg[6]/C               -       -     R     (arrival)     87     -   150     0     100    (-,-) 
  u_core_gen_fast_tag_col[2].u_fast_tag/tag_o_reg[6]/Q               -       C->Q  F     DFRRQHDX1      2  44.6   204   638     738    (-,-) 
  fopt73145/Q                                                        -       A->Q  F     BUHDX8         8 118.2    81   226     964    (-,-) 
  u_core_gen_pd_row[6].gen_pd_col[2].u_pd/fopt447/Q                  -       A->Q  R     INHDX2         1  12.7    62    70    1034    (-,-) 
  u_core_gen_pd_row[6].gen_pd_col[2].u_pd/g416__6260/Q               -       B->Q  F     ON22HDX1       1   9.3   100   117    1151    (-,-) 
  u_core_gen_pd_row[6].gen_pd_col[2].u_pd/nfast_hit_latched_reg[6]/D -       -     F     DFRHDX2        1     -     -     0    1151    (-,-) 
#--------------------------------------------------------------------------------------------------------------------------------------------



Path 14: VIOLATED (-424 ps) Setup Check with Pin u_core_gen_pd_row[6].gen_pd_col[1].u_pd/nfast_hit_latched_reg[6]/C->D
           View: tc_view
          Group: clk_osc_fast_tap1
     Startpoint: (R) u_core_gen_fast_tag_col[1].u_fast_tag/tag_o_reg[6]/C
          Clock: (R) clk_osc_fast_tap1
       Endpoint: (F) u_core_gen_pd_row[6].gen_pd_col[1].u_pd/nfast_hit_latched_reg[6]/D
          Clock: (R) clk_osc_fast_tap1

                     Capture       Launch     
        Clock Edge:+     950           50     
       Src Latency:+       0            0     
       Net Latency:+       0 (I)        0 (I) 
           Arrival:=     950           50     
                                              
             Setup:-     263                  
       Uncertainty:-      10                  
     Required Time:=     677                  
      Launch Clock:-      50                  
         Data Path:-    1051                  
             Slack:=    -424                  

#--------------------------------------------------------------------------------------------------------------------------------------------
#                           Timing Point                             Flags   Arc   Edge   Cell     Fanout  Load Trans Delay Arrival Instance 
#                                                                                                          (fF)  (ps)  (ps)   (ps)  Location 
#--------------------------------------------------------------------------------------------------------------------------------------------
  u_core_gen_fast_tag_col[1].u_fast_tag/tag_o_reg[6]/C               -       -     R     (arrival)     87     -   150     0      50    (-,-) 
  u_core_gen_fast_tag_col[1].u_fast_tag/tag_o_reg[6]/Q               -       C->Q  F     DFRRQHDX1      2  44.6   204   638     688    (-,-) 
  fopt/Q                                                             -       A->Q  F     BUHDX8         8 118.2    81   226     914    (-,-) 
  u_core_gen_pd_row[6].gen_pd_col[1].u_pd/fopt447/Q                  -       A->Q  R     INHDX2         1  12.7    62    70     984    (-,-) 
  u_core_gen_pd_row[6].gen_pd_col[1].u_pd/g416__7482/Q               -       B->Q  F     ON22HDX1       1   9.3   100   117    1101    (-,-) 
  u_core_gen_pd_row[6].gen_pd_col[1].u_pd/nfast_hit_latched_reg[6]/D -       -     F     DFRHDX2        1     -     -     0    1101    (-,-) 
#--------------------------------------------------------------------------------------------------------------------------------------------



Path 15: VIOLATED (-424 ps) Setup Check with Pin u_core_gen_pd_row[5].gen_pd_col[7].u_pd/nfast_hit_latched_reg[6]/C->D
           View: tc_view
          Group: clk_osc_fast_tap7
     Startpoint: (R) u_core_gen_fast_tag_col[7].u_fast_tag/tag_o_reg[6]/C
          Clock: (R) clk_osc_fast_tap7
       Endpoint: (F) u_core_gen_pd_row[5].gen_pd_col[7].u_pd/nfast_hit_latched_reg[6]/D
          Clock: (R) clk_osc_fast_tap7

                     Capture       Launch     
        Clock Edge:+    1250          350     
       Src Latency:+       0            0     
       Net Latency:+       0 (I)        0 (I) 
           Arrival:=    1250          350     
                                              
             Setup:-     263                  
       Uncertainty:-      10                  
     Required Time:=     977                  
      Launch Clock:-     350                  
         Data Path:-    1051                  
             Slack:=    -424                  

#--------------------------------------------------------------------------------------------------------------------------------------------
#                           Timing Point                             Flags   Arc   Edge   Cell     Fanout  Load Trans Delay Arrival Instance 
#                                                                                                          (fF)  (ps)  (ps)   (ps)  Location 
#--------------------------------------------------------------------------------------------------------------------------------------------
  u_core_gen_fast_tag_col[7].u_fast_tag/tag_o_reg[6]/C               -       -     R     (arrival)     87     -   150     0     350    (-,-) 
  u_core_gen_fast_tag_col[7].u_fast_tag/tag_o_reg[6]/Q               -       C->Q  F     DFRRQHDX1      2  44.6   204   638     988    (-,-) 
  fopt73150/Q                                                        -       A->Q  F     BUHDX8         8 118.2    81   226    1214    (-,-) 
  u_core_gen_pd_row[5].gen_pd_col[7].u_pd/fopt447/Q                  -       A->Q  R     INHDX2         1  12.7    62    70    1284    (-,-) 
  u_core_gen_pd_row[5].gen_pd_col[7].u_pd/g416__6161/Q               -       B->Q  F     ON22HDX1       1   9.3   100   117    1401    (-,-) 
  u_core_gen_pd_row[5].gen_pd_col[7].u_pd/nfast_hit_latched_reg[6]/D -       -     F     DFRHDX2        1     -     -     0    1401    (-,-) 
#--------------------------------------------------------------------------------------------------------------------------------------------



Path 16: VIOLATED (-424 ps) Setup Check with Pin u_core_gen_pd_row[5].gen_pd_col[6].u_pd/nfast_hit_latched_reg[6]/C->D
           View: tc_view
          Group: clk_osc_fast_tap6
     Startpoint: (R) u_core_gen_fast_tag_col[6].u_fast_tag/tag_o_reg[6]/C
          Clock: (R) clk_osc_fast_tap6
       Endpoint: (F) u_core_gen_pd_row[5].gen_pd_col[6].u_pd/nfast_hit_latched_reg[6]/D
          Clock: (R) clk_osc_fast_tap6

                     Capture       Launch     
        Clock Edge:+    1200          300     
       Src Latency:+       0            0     
       Net Latency:+       0 (I)        0 (I) 
           Arrival:=    1200          300     
                                              
             Setup:-     263                  
       Uncertainty:-      10                  
     Required Time:=     927                  
      Launch Clock:-     300                  
         Data Path:-    1051                  
             Slack:=    -424                  

#--------------------------------------------------------------------------------------------------------------------------------------------
#                           Timing Point                             Flags   Arc   Edge   Cell     Fanout  Load Trans Delay Arrival Instance 
#                                                                                                          (fF)  (ps)  (ps)   (ps)  Location 
#--------------------------------------------------------------------------------------------------------------------------------------------
  u_core_gen_fast_tag_col[6].u_fast_tag/tag_o_reg[6]/C               -       -     R     (arrival)     87     -   150     0     300    (-,-) 
  u_core_gen_fast_tag_col[6].u_fast_tag/tag_o_reg[6]/Q               -       C->Q  F     DFRRQHDX1      2  44.6   204   638     938    (-,-) 
  fopt73149/Q                                                        -       A->Q  F     BUHDX8         8 118.2    81   226    1164    (-,-) 
  u_core_gen_pd_row[5].gen_pd_col[6].u_pd/fopt447/Q                  -       A->Q  R     INHDX2         1  12.7    62    70    1234    (-,-) 
  u_core_gen_pd_row[5].gen_pd_col[6].u_pd/g416__6783/Q               -       B->Q  F     ON22HDX1       1   9.3   100   117    1351    (-,-) 
  u_core_gen_pd_row[5].gen_pd_col[6].u_pd/nfast_hit_latched_reg[6]/D -       -     F     DFRHDX2        1     -     -     0    1351    (-,-) 
#--------------------------------------------------------------------------------------------------------------------------------------------



Path 17: VIOLATED (-424 ps) Setup Check with Pin u_core_gen_pd_row[5].gen_pd_col[5].u_pd/nfast_hit_latched_reg[6]/C->D
           View: tc_view
          Group: clk_osc_fast_tap5
     Startpoint: (R) u_core_gen_fast_tag_col[5].u_fast_tag/tag_o_reg[6]/C
          Clock: (R) clk_osc_fast_tap5
       Endpoint: (F) u_core_gen_pd_row[5].gen_pd_col[5].u_pd/nfast_hit_latched_reg[6]/D
          Clock: (R) clk_osc_fast_tap5

                     Capture       Launch     
        Clock Edge:+    1150          250     
       Src Latency:+       0            0     
       Net Latency:+       0 (I)        0 (I) 
           Arrival:=    1150          250     
                                              
             Setup:-     263                  
       Uncertainty:-      10                  
     Required Time:=     877                  
      Launch Clock:-     250                  
         Data Path:-    1051                  
             Slack:=    -424                  

#--------------------------------------------------------------------------------------------------------------------------------------------
#                           Timing Point                             Flags   Arc   Edge   Cell     Fanout  Load Trans Delay Arrival Instance 
#                                                                                                          (fF)  (ps)  (ps)   (ps)  Location 
#--------------------------------------------------------------------------------------------------------------------------------------------
  u_core_gen_fast_tag_col[5].u_fast_tag/tag_o_reg[6]/C               -       -     R     (arrival)     87     -   150     0     250    (-,-) 
  u_core_gen_fast_tag_col[5].u_fast_tag/tag_o_reg[6]/Q               -       C->Q  F     DFRRQHDX1      2  44.6   204   638     888    (-,-) 
  fopt73148/Q                                                        -       A->Q  F     BUHDX8         8 118.2    81   226    1114    (-,-) 
  u_core_gen_pd_row[5].gen_pd_col[5].u_pd/fopt447/Q                  -       A->Q  R     INHDX2         1  12.7    62    70    1184    (-,-) 
  u_core_gen_pd_row[5].gen_pd_col[5].u_pd/g416__9945/Q               -       B->Q  F     ON22HDX1       1   9.3   100   117    1301    (-,-) 
  u_core_gen_pd_row[5].gen_pd_col[5].u_pd/nfast_hit_latched_reg[6]/D -       -     F     DFRHDX2        1     -     -     0    1301    (-,-) 
#--------------------------------------------------------------------------------------------------------------------------------------------



Path 18: VIOLATED (-424 ps) Setup Check with Pin u_core_gen_pd_row[5].gen_pd_col[4].u_pd/nfast_hit_latched_reg[6]/C->D
           View: tc_view
          Group: clk_osc_fast_tap4
     Startpoint: (R) u_core_gen_fast_tag_col[4].u_fast_tag/tag_o_reg[6]/C
          Clock: (R) clk_osc_fast_tap4
       Endpoint: (F) u_core_gen_pd_row[5].gen_pd_col[4].u_pd/nfast_hit_latched_reg[6]/D
          Clock: (R) clk_osc_fast_tap4

                     Capture       Launch     
        Clock Edge:+    1100          200     
       Src Latency:+       0            0     
       Net Latency:+       0 (I)        0 (I) 
           Arrival:=    1100          200     
                                              
             Setup:-     263                  
       Uncertainty:-      10                  
     Required Time:=     827                  
      Launch Clock:-     200                  
         Data Path:-    1051                  
             Slack:=    -424                  

#--------------------------------------------------------------------------------------------------------------------------------------------
#                           Timing Point                             Flags   Arc   Edge   Cell     Fanout  Load Trans Delay Arrival Instance 
#                                                                                                          (fF)  (ps)  (ps)   (ps)  Location 
#--------------------------------------------------------------------------------------------------------------------------------------------
  u_core_gen_fast_tag_col[4].u_fast_tag/tag_o_reg[6]/C               -       -     R     (arrival)     87     -   150     0     200    (-,-) 
  u_core_gen_fast_tag_col[4].u_fast_tag/tag_o_reg[6]/Q               -       C->Q  F     DFRRQHDX1      2  44.6   204   638     838    (-,-) 
  fopt73147/Q                                                        -       A->Q  F     BUHDX8         8 118.2    81   226    1064    (-,-) 
  u_core_gen_pd_row[5].gen_pd_col[4].u_pd/fopt447/Q                  -       A->Q  R     INHDX2         1  12.7    62    70    1134    (-,-) 
  u_core_gen_pd_row[5].gen_pd_col[4].u_pd/g416__1617/Q               -       B->Q  F     ON22HDX1       1   9.3   100   117    1251    (-,-) 
  u_core_gen_pd_row[5].gen_pd_col[4].u_pd/nfast_hit_latched_reg[6]/D -       -     F     DFRHDX2        1     -     -     0    1251    (-,-) 
#--------------------------------------------------------------------------------------------------------------------------------------------



Path 19: VIOLATED (-424 ps) Setup Check with Pin u_core_gen_pd_row[5].gen_pd_col[3].u_pd/nfast_hit_latched_reg[6]/C->D
           View: tc_view
          Group: clk_osc_fast_tap3
     Startpoint: (R) u_core_gen_fast_tag_col[3].u_fast_tag/tag_o_reg[6]/C
          Clock: (R) clk_osc_fast_tap3
       Endpoint: (F) u_core_gen_pd_row[5].gen_pd_col[3].u_pd/nfast_hit_latched_reg[6]/D
          Clock: (R) clk_osc_fast_tap3

                     Capture       Launch     
        Clock Edge:+    1050          150     
       Src Latency:+       0            0     
       Net Latency:+       0 (I)        0 (I) 
           Arrival:=    1050          150     
                                              
             Setup:-     263                  
       Uncertainty:-      10                  
     Required Time:=     777                  
      Launch Clock:-     150                  
         Data Path:-    1051                  
             Slack:=    -424                  

#--------------------------------------------------------------------------------------------------------------------------------------------
#                           Timing Point                             Flags   Arc   Edge   Cell     Fanout  Load Trans Delay Arrival Instance 
#                                                                                                          (fF)  (ps)  (ps)   (ps)  Location 
#--------------------------------------------------------------------------------------------------------------------------------------------
  u_core_gen_fast_tag_col[3].u_fast_tag/tag_o_reg[6]/C               -       -     R     (arrival)     87     -   150     0     150    (-,-) 
  u_core_gen_fast_tag_col[3].u_fast_tag/tag_o_reg[6]/Q               -       C->Q  F     DFRRQHDX1      2  44.6   204   638     788    (-,-) 
  fopt73146/Q                                                        -       A->Q  F     BUHDX8         8 118.2    81   226    1014    (-,-) 
  u_core_gen_pd_row[5].gen_pd_col[3].u_pd/fopt447/Q                  -       A->Q  R     INHDX2         1  12.7    62    70    1084    (-,-) 
  u_core_gen_pd_row[5].gen_pd_col[3].u_pd/g416__2346/Q               -       B->Q  F     ON22HDX1       1   9.3   100   117    1201    (-,-) 
  u_core_gen_pd_row[5].gen_pd_col[3].u_pd/nfast_hit_latched_reg[6]/D -       -     F     DFRHDX2        1     -     -     0    1201    (-,-) 
#--------------------------------------------------------------------------------------------------------------------------------------------



Path 20: VIOLATED (-424 ps) Setup Check with Pin u_core_gen_pd_row[5].gen_pd_col[2].u_pd/nfast_hit_latched_reg[6]/C->D
           View: tc_view
          Group: clk_osc_fast_tap2
     Startpoint: (R) u_core_gen_fast_tag_col[2].u_fast_tag/tag_o_reg[6]/C
          Clock: (R) clk_osc_fast_tap2
       Endpoint: (F) u_core_gen_pd_row[5].gen_pd_col[2].u_pd/nfast_hit_latched_reg[6]/D
          Clock: (R) clk_osc_fast_tap2

                     Capture       Launch     
        Clock Edge:+    1000          100     
       Src Latency:+       0            0     
       Net Latency:+       0 (I)        0 (I) 
           Arrival:=    1000          100     
                                              
             Setup:-     263                  
       Uncertainty:-      10                  
     Required Time:=     727                  
      Launch Clock:-     100                  
         Data Path:-    1051                  
             Slack:=    -424                  

#--------------------------------------------------------------------------------------------------------------------------------------------
#                           Timing Point                             Flags   Arc   Edge   Cell     Fanout  Load Trans Delay Arrival Instance 
#                                                                                                          (fF)  (ps)  (ps)   (ps)  Location 
#--------------------------------------------------------------------------------------------------------------------------------------------
  u_core_gen_fast_tag_col[2].u_fast_tag/tag_o_reg[6]/C               -       -     R     (arrival)     87     -   150     0     100    (-,-) 
  u_core_gen_fast_tag_col[2].u_fast_tag/tag_o_reg[6]/Q               -       C->Q  F     DFRRQHDX1      2  44.6   204   638     738    (-,-) 
  fopt73145/Q                                                        -       A->Q  F     BUHDX8         8 118.2    81   226     964    (-,-) 
  u_core_gen_pd_row[5].gen_pd_col[2].u_pd/fopt447/Q                  -       A->Q  R     INHDX2         1  12.7    62    70    1034    (-,-) 
  u_core_gen_pd_row[5].gen_pd_col[2].u_pd/g416__1705/Q               -       B->Q  F     ON22HDX1       1   9.3   100   117    1151    (-,-) 
  u_core_gen_pd_row[5].gen_pd_col[2].u_pd/nfast_hit_latched_reg[6]/D -       -     F     DFRHDX2        1     -     -     0    1151    (-,-) 
#--------------------------------------------------------------------------------------------------------------------------------------------


