============================================================
  Generated by:           Genus(TM) Synthesis Solution 22.13-s093_1
  Generated on:           May 27 2026  11:29:00 am
  Module:                 mptdc_top_asic
  Operating conditions:   slow_1_62V_125C 
  Interconnect mode:      global
  Area mode:              physical library
============================================================

                                                                     Library 
   Gate    Instances     Area                  Library                Domain 
-----------------------------------------------------------------------------
AN21HDX1          62     777.728    D_CELLS_HD_LPMOS_slow_1_62V_125C wc_cond 
AN21HDX2           2      45.158    D_CELLS_HD_LPMOS_slow_1_62V_125C wc_cond 
AN22HDX0          63     948.326    D_CELLS_HD_LPMOS_slow_1_62V_125C wc_cond 
AN22HDX1        2167   32619.418    D_CELLS_HD_LPMOS_slow_1_62V_125C wc_cond 
AN22HDX2          82    2057.216    D_CELLS_HD_LPMOS_slow_1_62V_125C wc_cond 
AN22HDX4           3      97.843    D_CELLS_HD_LPMOS_slow_1_62V_125C wc_cond 
AN31HDX1           5      75.264    D_CELLS_HD_LPMOS_slow_1_62V_125C wc_cond 
AN31HDX4           1      32.614    D_CELLS_HD_LPMOS_slow_1_62V_125C wc_cond 
AN321HDX2          1      32.614    D_CELLS_HD_LPMOS_slow_1_62V_125C wc_cond 
AN32HDX1           3      52.685    D_CELLS_HD_LPMOS_slow_1_62V_125C wc_cond 
AND2HDX0         197    2471.168    D_CELLS_HD_LPMOS_slow_1_62V_125C wc_cond 
AND2HDX1         302    3788.288    D_CELLS_HD_LPMOS_slow_1_62V_125C wc_cond 
AND2HDX2         113    1700.966    D_CELLS_HD_LPMOS_slow_1_62V_125C wc_cond 
AND2HDX4          38     762.675    D_CELLS_HD_LPMOS_slow_1_62V_125C wc_cond 
AND3HDX0           3      45.158    D_CELLS_HD_LPMOS_slow_1_62V_125C wc_cond 
AND3HDX1           8     120.422    D_CELLS_HD_LPMOS_slow_1_62V_125C wc_cond 
AND3HDX2          41     720.026    D_CELLS_HD_LPMOS_slow_1_62V_125C wc_cond 
AND3HDX4          17     383.846    D_CELLS_HD_LPMOS_slow_1_62V_125C wc_cond 
AND4HDX0           2      35.123    D_CELLS_HD_LPMOS_slow_1_62V_125C wc_cond 
AND4HDX1         120    2107.392    D_CELLS_HD_LPMOS_slow_1_62V_125C wc_cond 
AND4HDX2           3      60.211    D_CELLS_HD_LPMOS_slow_1_62V_125C wc_cond 
AND5HDX1           1      25.088    D_CELLS_HD_LPMOS_slow_1_62V_125C wc_cond 
AND5HDX2          20     602.112    D_CELLS_HD_LPMOS_slow_1_62V_125C wc_cond 
AND6HDX2         109    3554.970    D_CELLS_HD_LPMOS_slow_1_62V_125C wc_cond 
AO211HDX0          3      52.685    D_CELLS_HD_LPMOS_slow_1_62V_125C wc_cond 
AO211HDX1          1      17.562    D_CELLS_HD_LPMOS_slow_1_62V_125C wc_cond 
AO211HDX2          1      22.579    D_CELLS_HD_LPMOS_slow_1_62V_125C wc_cond 
AO21HDX0           4      70.246    D_CELLS_HD_LPMOS_slow_1_62V_125C wc_cond 
AO21HDX1           2      35.123    D_CELLS_HD_LPMOS_slow_1_62V_125C wc_cond 
AO21HDX2           2      40.141    D_CELLS_HD_LPMOS_slow_1_62V_125C wc_cond 
AO21HDX4           3      75.264    D_CELLS_HD_LPMOS_slow_1_62V_125C wc_cond 
AO221HDX0          4      90.317    D_CELLS_HD_LPMOS_slow_1_62V_125C wc_cond 
AO222HDX0         13     326.144    D_CELLS_HD_LPMOS_slow_1_62V_125C wc_cond 
AO22HDX0        4220   84697.088    D_CELLS_HD_LPMOS_slow_1_62V_125C wc_cond 
AO22HDX1           2      40.141    D_CELLS_HD_LPMOS_slow_1_62V_125C wc_cond 
AO22HDX2           3      67.738    D_CELLS_HD_LPMOS_slow_1_62V_125C wc_cond 
AO31HDX1           1      17.562    D_CELLS_HD_LPMOS_slow_1_62V_125C wc_cond 
AO31HDX2           2      40.141    D_CELLS_HD_LPMOS_slow_1_62V_125C wc_cond 
AO32HDX0          16     321.126    D_CELLS_HD_LPMOS_slow_1_62V_125C wc_cond 
AO32HDX1           1      20.070    D_CELLS_HD_LPMOS_slow_1_62V_125C wc_cond 
AO33HDX0           1      25.088    D_CELLS_HD_LPMOS_slow_1_62V_125C wc_cond 
AO33HDX2           1      27.597    D_CELLS_HD_LPMOS_slow_1_62V_125C wc_cond 
BUHDX0           834    8369.357    D_CELLS_HD_LPMOS_slow_1_62V_125C wc_cond 
BUHDX1           249    2498.765    D_CELLS_HD_LPMOS_slow_1_62V_125C wc_cond 
BUHDX12           46    2308.096    D_CELLS_HD_LPMOS_slow_1_62V_125C wc_cond 
BUHDX2           115    1442.560    D_CELLS_HD_LPMOS_slow_1_62V_125C wc_cond 
BUHDX3            29     509.286    D_CELLS_HD_LPMOS_slow_1_62V_125C wc_cond 
BUHDX4            35     702.464    D_CELLS_HD_LPMOS_slow_1_62V_125C wc_cond 
BUHDX6            31     855.501    D_CELLS_HD_LPMOS_slow_1_62V_125C wc_cond 
BUHDX8            58    2037.146    D_CELLS_HD_LPMOS_slow_1_62V_125C wc_cond 
CAGHDX0            9     203.213    D_CELLS_HD_LPMOS_slow_1_62V_125C wc_cond 
CAGHDX1           17     383.846    D_CELLS_HD_LPMOS_slow_1_62V_125C wc_cond 
CAGHDX2           17     426.496    D_CELLS_HD_LPMOS_slow_1_62V_125C wc_cond 
DFRHDX0           89    4688.947    D_CELLS_HD_LPMOS_slow_1_62V_125C wc_cond 
DFRHDX1           26    1369.805    D_CELLS_HD_LPMOS_slow_1_62V_125C wc_cond 
DFRHDX2            2     115.405    D_CELLS_HD_LPMOS_slow_1_62V_125C wc_cond 
DFRHDX4           46    3115.930    D_CELLS_HD_LPMOS_slow_1_62V_125C wc_cond 
DFRQHDX0        2225  106059.520    D_CELLS_HD_LPMOS_slow_1_62V_125C wc_cond 
DFRQHDX1        2309  110063.565    D_CELLS_HD_LPMOS_slow_1_62V_125C wc_cond 
DFRQHDX2          29    1455.104    D_CELLS_HD_LPMOS_slow_1_62V_125C wc_cond 
DFRQHDX4           8     441.549    D_CELLS_HD_LPMOS_slow_1_62V_125C wc_cond 
DFRRHDX0           9     564.480    D_CELLS_HD_LPMOS_slow_1_62V_125C wc_cond 
DFRRHDX1         109    6836.480    D_CELLS_HD_LPMOS_slow_1_62V_125C wc_cond 
DFRRHDX2           3     203.213    D_CELLS_HD_LPMOS_slow_1_62V_125C wc_cond 
DFRRHDX4         175   14049.280    D_CELLS_HD_LPMOS_slow_1_62V_125C wc_cond 
DFRRQHDX0         42    2423.501    D_CELLS_HD_LPMOS_slow_1_62V_125C wc_cond 
DFRRQHDX1        324   18695.578    D_CELLS_HD_LPMOS_slow_1_62V_125C wc_cond 
DFRRQHDX2          6     361.267    D_CELLS_HD_LPMOS_slow_1_62V_125C wc_cond 
DFRRQHDX4         95    6196.736    D_CELLS_HD_LPMOS_slow_1_62V_125C wc_cond 
DFRSHDX1          11     634.726    D_CELLS_HD_LPMOS_slow_1_62V_125C wc_cond 
DFRSHDX2          23    1442.560    D_CELLS_HD_LPMOS_slow_1_62V_125C wc_cond 
DFRSQHDX1         34    1791.283    D_CELLS_HD_LPMOS_slow_1_62V_125C wc_cond 
DFRSQHDX2          1      55.194    D_CELLS_HD_LPMOS_slow_1_62V_125C wc_cond 
DLHQHDX0           1      30.106    D_CELLS_HD_LPMOS_slow_1_62V_125C wc_cond 
DLHQHDX1           2      60.211    D_CELLS_HD_LPMOS_slow_1_62V_125C wc_cond 
DLHQHDX2           1      32.614    D_CELLS_HD_LPMOS_slow_1_62V_125C wc_cond 
DLLQHDX0           1      30.106    D_CELLS_HD_LPMOS_slow_1_62V_125C wc_cond 
DLLQHDX1           1      30.106    D_CELLS_HD_LPMOS_slow_1_62V_125C wc_cond 
DLLQHDX4           1      40.141    D_CELLS_HD_LPMOS_slow_1_62V_125C wc_cond 
DLY1HDX1           9     180.634    D_CELLS_HD_LPMOS_slow_1_62V_125C wc_cond 
EN2HDX0            1      20.070    D_CELLS_HD_LPMOS_slow_1_62V_125C wc_cond 
EN2HDX1           26     587.059    D_CELLS_HD_LPMOS_slow_1_62V_125C wc_cond 
EN2HDX2            1      32.614    D_CELLS_HD_LPMOS_slow_1_62V_125C wc_cond 
EN3HDX0            2      75.264    D_CELLS_HD_LPMOS_slow_1_62V_125C wc_cond 
EN3HDX1           12     481.690    D_CELLS_HD_LPMOS_slow_1_62V_125C wc_cond 
EN3HDX2           13     652.288    D_CELLS_HD_LPMOS_slow_1_62V_125C wc_cond 
EN3HDX4            1      55.194    D_CELLS_HD_LPMOS_slow_1_62V_125C wc_cond 
EO2HDX0            9     180.634    D_CELLS_HD_LPMOS_slow_1_62V_125C wc_cond 
EO2HDX1           37     742.605    D_CELLS_HD_LPMOS_slow_1_62V_125C wc_cond 
EO2HDX2            3      82.790    D_CELLS_HD_LPMOS_slow_1_62V_125C wc_cond 
EO3HDX1            5     200.704    D_CELLS_HD_LPMOS_slow_1_62V_125C wc_cond 
EO3HDX2            3     150.528    D_CELLS_HD_LPMOS_slow_1_62V_125C wc_cond 
FAHDX0             1      50.176    D_CELLS_HD_LPMOS_slow_1_62V_125C wc_cond 
FAHDX1            42    2318.131    D_CELLS_HD_LPMOS_slow_1_62V_125C wc_cond 
FAHDX2             1      60.211    D_CELLS_HD_LPMOS_slow_1_62V_125C wc_cond 
HAHDX0            15     413.952    D_CELLS_HD_LPMOS_slow_1_62V_125C wc_cond 
HAHDX1            28     842.957    D_CELLS_HD_LPMOS_slow_1_62V_125C wc_cond 
HAHDX2             7     263.424    D_CELLS_HD_LPMOS_slow_1_62V_125C wc_cond 
INHDX0           146    1098.854    D_CELLS_HD_LPMOS_slow_1_62V_125C wc_cond 
INHDX1           528    3973.939    D_CELLS_HD_LPMOS_slow_1_62V_125C wc_cond 
INHDX12          178    6251.930    D_CELLS_HD_LPMOS_slow_1_62V_125C wc_cond 
INHDX2           120    1204.224    D_CELLS_HD_LPMOS_slow_1_62V_125C wc_cond 
INHDX3           102    1279.488    D_CELLS_HD_LPMOS_slow_1_62V_125C wc_cond 
INHDX4            49     737.587    D_CELLS_HD_LPMOS_slow_1_62V_125C wc_cond 
INHDX6            49     983.450    D_CELLS_HD_LPMOS_slow_1_62V_125C wc_cond 
INHDX8            68    1705.984    D_CELLS_HD_LPMOS_slow_1_62V_125C wc_cond 
MU2HDX0           15     301.056    D_CELLS_HD_LPMOS_slow_1_62V_125C wc_cond 
MU2HDX1            6     135.475    D_CELLS_HD_LPMOS_slow_1_62V_125C wc_cond 
MU2IHDX0           1      17.562    D_CELLS_HD_LPMOS_slow_1_62V_125C wc_cond 
MU2IHDX1           1      17.562    D_CELLS_HD_LPMOS_slow_1_62V_125C wc_cond 
NA22HDX0          28     421.478    D_CELLS_HD_LPMOS_slow_1_62V_125C wc_cond 
NA22HDX1          61     918.221    D_CELLS_HD_LPMOS_slow_1_62V_125C wc_cond 
NA22HDX2          11     220.774    D_CELLS_HD_LPMOS_slow_1_62V_125C wc_cond 
NA22HDX4           9     338.688    D_CELLS_HD_LPMOS_slow_1_62V_125C wc_cond 
NA2HDX0          526    5278.515    D_CELLS_HD_LPMOS_slow_1_62V_125C wc_cond 
NA2HDX1          314    3151.053    D_CELLS_HD_LPMOS_slow_1_62V_125C wc_cond 
NA2HDX2           56     842.957    D_CELLS_HD_LPMOS_slow_1_62V_125C wc_cond 
NA2HDX4           16     401.408    D_CELLS_HD_LPMOS_slow_1_62V_125C wc_cond 
NA2I1HDX0         14     175.616    D_CELLS_HD_LPMOS_slow_1_62V_125C wc_cond 
NA2I1HDX1         25     313.600    D_CELLS_HD_LPMOS_slow_1_62V_125C wc_cond 
NA2I1HDX2         19     333.670    D_CELLS_HD_LPMOS_slow_1_62V_125C wc_cond 
NA2I1HDX4          8     260.915    D_CELLS_HD_LPMOS_slow_1_62V_125C wc_cond 
NA3HDX0           10     125.440    D_CELLS_HD_LPMOS_slow_1_62V_125C wc_cond 
NA3HDX1           32     401.408    D_CELLS_HD_LPMOS_slow_1_62V_125C wc_cond 
NA3HDX2           15     301.056    D_CELLS_HD_LPMOS_slow_1_62V_125C wc_cond 
NA3HDX4           20     752.640    D_CELLS_HD_LPMOS_slow_1_62V_125C wc_cond 
NA3I1HDX0          3      45.158    D_CELLS_HD_LPMOS_slow_1_62V_125C wc_cond 
NA3I1HDX1          8     120.422    D_CELLS_HD_LPMOS_slow_1_62V_125C wc_cond 
NA3I1HDX2          2      45.158    D_CELLS_HD_LPMOS_slow_1_62V_125C wc_cond 
NA3I1HDX4         24    1023.590    D_CELLS_HD_LPMOS_slow_1_62V_125C wc_cond 
NA3I2HDX0          2      30.106    D_CELLS_HD_LPMOS_slow_1_62V_125C wc_cond 
NA3I2HDX1          4      60.211    D_CELLS_HD_LPMOS_slow_1_62V_125C wc_cond 
NA3I2HDX2          3      60.211    D_CELLS_HD_LPMOS_slow_1_62V_125C wc_cond 
NA3I2HDX4         18     587.059    D_CELLS_HD_LPMOS_slow_1_62V_125C wc_cond 
NA4HDX1           16     240.845    D_CELLS_HD_LPMOS_slow_1_62V_125C wc_cond 
NA4HDX2           52    1304.576    D_CELLS_HD_LPMOS_slow_1_62V_125C wc_cond 
NA4HDX4            1      42.650    D_CELLS_HD_LPMOS_slow_1_62V_125C wc_cond 
NA4I1HDX2          1      32.614    D_CELLS_HD_LPMOS_slow_1_62V_125C wc_cond 
NA4I2HDX1          2      35.123    D_CELLS_HD_LPMOS_slow_1_62V_125C wc_cond 
NA4I3HDX1          3      52.685    D_CELLS_HD_LPMOS_slow_1_62V_125C wc_cond 
NA4I3HDX2          1      22.579    D_CELLS_HD_LPMOS_slow_1_62V_125C wc_cond 
NA5I2HDX0          2      50.176    D_CELLS_HD_LPMOS_slow_1_62V_125C wc_cond 
NA5I2HDX2          1      30.106    D_CELLS_HD_LPMOS_slow_1_62V_125C wc_cond 
NA5I3HDX1          1      20.070    D_CELLS_HD_LPMOS_slow_1_62V_125C wc_cond 
NA5I4HDX1          2      50.176    D_CELLS_HD_LPMOS_slow_1_62V_125C wc_cond 
NA5I4HDX2          2      60.211    D_CELLS_HD_LPMOS_slow_1_62V_125C wc_cond 
NA6HDX2            1      35.123    D_CELLS_HD_LPMOS_slow_1_62V_125C wc_cond 
NA6I3HDX1          1      32.614    D_CELLS_HD_LPMOS_slow_1_62V_125C wc_cond 
NO22HDX0           2      30.106    D_CELLS_HD_LPMOS_slow_1_62V_125C wc_cond 
NO2HDX0            8      80.282    D_CELLS_HD_LPMOS_slow_1_62V_125C wc_cond 
NO2HDX1          640    6422.528    D_CELLS_HD_LPMOS_slow_1_62V_125C wc_cond 
NO2HDX2           33     579.533    D_CELLS_HD_LPMOS_slow_1_62V_125C wc_cond 
NO2HDX4            1      27.597    D_CELLS_HD_LPMOS_slow_1_62V_125C wc_cond 
NO2I1HDX0         73     915.712    D_CELLS_HD_LPMOS_slow_1_62V_125C wc_cond 
NO2I1HDX1         12     150.528    D_CELLS_HD_LPMOS_slow_1_62V_125C wc_cond 
NO2I1HDX2         18     361.267    D_CELLS_HD_LPMOS_slow_1_62V_125C wc_cond 
NO2I1HDX4          5     163.072    D_CELLS_HD_LPMOS_slow_1_62V_125C wc_cond 
NO3HDX1            1      12.544    D_CELLS_HD_LPMOS_slow_1_62V_125C wc_cond 
NO3HDX2            5     112.896    D_CELLS_HD_LPMOS_slow_1_62V_125C wc_cond 
NO3I1HDX1          2      35.123    D_CELLS_HD_LPMOS_slow_1_62V_125C wc_cond 
NO3I2HDX0          2      30.106    D_CELLS_HD_LPMOS_slow_1_62V_125C wc_cond 
NO3I2HDX1         12     180.634    D_CELLS_HD_LPMOS_slow_1_62V_125C wc_cond 
NO3I2HDX2          5     112.896    D_CELLS_HD_LPMOS_slow_1_62V_125C wc_cond 
NO4I1HDX2          2      55.194    D_CELLS_HD_LPMOS_slow_1_62V_125C wc_cond 
NO4I2HDX4          1      32.614    D_CELLS_HD_LPMOS_slow_1_62V_125C wc_cond 
NO4I3HDX1          2      40.141    D_CELLS_HD_LPMOS_slow_1_62V_125C wc_cond 
NO4I3HDX2          4     100.352    D_CELLS_HD_LPMOS_slow_1_62V_125C wc_cond 
NO5I2HDX2          2      50.176    D_CELLS_HD_LPMOS_slow_1_62V_125C wc_cond 
NO5I3HDX2          2      60.211    D_CELLS_HD_LPMOS_slow_1_62V_125C wc_cond 
NO5I4HDX4          5     213.248    D_CELLS_HD_LPMOS_slow_1_62V_125C wc_cond 
NO6I5HDX4         10     451.584    D_CELLS_HD_LPMOS_slow_1_62V_125C wc_cond 
OA211HDX0         10     175.616    D_CELLS_HD_LPMOS_slow_1_62V_125C wc_cond 
OA211HDX2          1      25.088    D_CELLS_HD_LPMOS_slow_1_62V_125C wc_cond 
OA21HDX0           3      52.685    D_CELLS_HD_LPMOS_slow_1_62V_125C wc_cond 
OA21HDX1           9     158.054    D_CELLS_HD_LPMOS_slow_1_62V_125C wc_cond 
OA21HDX2           2      45.158    D_CELLS_HD_LPMOS_slow_1_62V_125C wc_cond 
OA221HDX1          1      25.088    D_CELLS_HD_LPMOS_slow_1_62V_125C wc_cond 
OA222HDX0          8     220.774    D_CELLS_HD_LPMOS_slow_1_62V_125C wc_cond 
OA222HDX1          1      27.597    D_CELLS_HD_LPMOS_slow_1_62V_125C wc_cond 
OA22HDX0           9     180.634    D_CELLS_HD_LPMOS_slow_1_62V_125C wc_cond 
OA22HDX1           1      20.070    D_CELLS_HD_LPMOS_slow_1_62V_125C wc_cond 
OA22HDX2           1      25.088    D_CELLS_HD_LPMOS_slow_1_62V_125C wc_cond 
OA311HDX1          1      22.579    D_CELLS_HD_LPMOS_slow_1_62V_125C wc_cond 
OA31HDX1           1      20.070    D_CELLS_HD_LPMOS_slow_1_62V_125C wc_cond 
OA31HDX2           1      25.088    D_CELLS_HD_LPMOS_slow_1_62V_125C wc_cond 
ON211HDX0         16     240.845    D_CELLS_HD_LPMOS_slow_1_62V_125C wc_cond 
ON211HDX1          6     105.370    D_CELLS_HD_LPMOS_slow_1_62V_125C wc_cond 
ON21HDX0           8     100.352    D_CELLS_HD_LPMOS_slow_1_62V_125C wc_cond 
ON21HDX1         813   10198.272    D_CELLS_HD_LPMOS_slow_1_62V_125C wc_cond 
ON21HDX2           1      25.088    D_CELLS_HD_LPMOS_slow_1_62V_125C wc_cond 
ON21HDX4           1      30.106    D_CELLS_HD_LPMOS_slow_1_62V_125C wc_cond 
ON221HDX1          1      22.579    D_CELLS_HD_LPMOS_slow_1_62V_125C wc_cond 
ON221HDX2          1      35.123    D_CELLS_HD_LPMOS_slow_1_62V_125C wc_cond 
ON22HDX0           1      15.053    D_CELLS_HD_LPMOS_slow_1_62V_125C wc_cond 
ON22HDX1          27     474.163    D_CELLS_HD_LPMOS_slow_1_62V_125C wc_cond 
ON22HDX2           1      30.106    D_CELLS_HD_LPMOS_slow_1_62V_125C wc_cond 
ON31HDX1           2      35.123    D_CELLS_HD_LPMOS_slow_1_62V_125C wc_cond 
ON32HDX1           1      20.070    D_CELLS_HD_LPMOS_slow_1_62V_125C wc_cond 
OR2HDX0           10     125.440    D_CELLS_HD_LPMOS_slow_1_62V_125C wc_cond 
OR2HDX1           72     903.168    D_CELLS_HD_LPMOS_slow_1_62V_125C wc_cond 
OR2HDX2           34     511.795    D_CELLS_HD_LPMOS_slow_1_62V_125C wc_cond 
OR2HDX4           10     200.704    D_CELLS_HD_LPMOS_slow_1_62V_125C wc_cond 
OR3HDX0            2      30.106    D_CELLS_HD_LPMOS_slow_1_62V_125C wc_cond 
OR3HDX2            1      20.070    D_CELLS_HD_LPMOS_slow_1_62V_125C wc_cond 
OR4HDX0            5     112.896    D_CELLS_HD_LPMOS_slow_1_62V_125C wc_cond 
OR4HDX1            1      22.579    D_CELLS_HD_LPMOS_slow_1_62V_125C wc_cond 
OR5HDX1            1      25.088    D_CELLS_HD_LPMOS_slow_1_62V_125C wc_cond 
-----------------------------------------------------------------------------
total          19360  507470.029                                     


                                           
     Type      Instances    Area    Area % 
-------------------------------------------
sequential          5573 280787.405   55.3 
inverter            1240  17235.456    3.4 
buffer              1406  18903.808    3.7 
logic              11141 190543.360   37.5 
physical_cells         0      0.000    0.0 
-------------------------------------------
total              19360 507470.029  100.0 

