PVS_RUN_CLASS=DIAGNOSTIC_RO6_BOUNDARY_BLACKBOX
DIAGNOSTIC_SCOPE=LVS_ONLY_RO6_BOUNDARY
SOURCE_PVS_RUN_ID=20260827_mptdc_bufftap0_physical_source_fillernorm_154339
SOURCE_PVS_DIR=/sim/ksabra/SPADMIC_work/innovus/20260827_mptdc_bufftap0_physical_source_fillernorm_154339
SOURCE_LVS_RUN=/sim/ksabra/SPADMIC_work/innovus/20260827_mptdc_bufftap0_physical_source_fillernorm_154339/pvs_lvs/mptdc_axis_core_merged_pg_nonphys_dcells_cdl_ro6_pinfix_noattr_clean_findshorts_script
SOURCE_GATE_LVS_STATUS=MISMATCH
SOURCE_CLS_RUN_RESULT=MISMATCH
SOURCE_PVS_RC=0
SOURCE_CLS=/sim/ksabra/SPADMIC_work/innovus/20260827_mptdc_bufftap0_physical_source_fillernorm_154339/pvs_lvs/mptdc_axis_core_merged_pg_nonphys_dcells_cdl_ro6_pinfix_noattr_clean_findshorts_script/mptdc_axis_core_lvs.sum.cls
SOURCE_CLS_SHA256=27f9891c0e0c0b80fe9bcb98255d861fd0ae6d9e47db9e55279f2562b0685acc
SOURCE_MISMATCHED_MARKER_COUNT=1
SOURCE_MATCHED_MARKER_COUNT=0
SOURCE_BLACKBOXED_CELL_COUNT=0
SOURCE_RO6_WRAPPER_MISMATCH_COUNT=1
STANDALONE_PVS_RUN_ID=20260827_mptdc_ro6_standalone_lvs_vddfix_150520
STANDALONE_RO_GDS_SHA256=9d6f269541d51db0c30c5e7cc81334d70578ca8723558b32f34f9803469ea36a
STANDALONE_RO_CDL_SHA256=b925af01b36b1bcc80557c3c584aaf02fdb7b75df268ee6dd3c50dce7810039b
STANDALONE_LVS_STATUS=MATCH
SOURCE_CONTRACT_STATUS=PASS
SOURCE_KIND=INNOVUS_SAVE_NETLIST_PHYS_INCLUDE_POWER_GROUND
SOURCE_MODULE_REMOVAL_POLICY=EXACT_CANONICAL_CDL_MEMBERSHIP
SOURCE_PHYSICAL_ONLY_REMOVAL_POLICY=EXACT_TRACKED_FILLER_REPORT_MASTER_SET
SOURCE_FILLER_COUNT_EXPECTED=24797
SOURCE_FILLER_COUNT_INPUT=24797
SOURCE_FILLER_COUNT_REMOVED=24797
SOURCE_FILLER_REMOVAL_STATUS=PASS
SOURCE_RO6_PIN_NORMALIZATION=EXACT_SAME_INDEX_SCALAR_ANGLE_PORTS
SOURCE_RO6_INSTANCE_COUNT=2
SOURCE_RO6_INSTANCE_NAME_STATUS=PASS
SOURCE_PHYSICAL_TIE_INSTANCE_COUNT=0
SOURCE_PHYSICAL_TIE_PRESERVATION_STATUS=PASS
SOURCE_UNRESOLVED_MASTER_COUNT=0
MERGED_GDS_SHA256=298bf9b7431b1c9da894f591cd9cdd6be3e33312ce3e485affbf7f5bb84c3ecc
LVS_SOURCE_SHA256=0f1b2243a790029eb871933ab4dec71a052d37f42512947aaab8bd0eeb186343
LVS_HCELL_SHA256=f84bc54e01925fd2df31ee4235d005898f760fe9dd1d0fcddc2301f2a874019b
BLACKBOX_CELL=RO_tune6
RO6_BUS_PIN_NORMALIZATION=EXACT_SAME_INDEX_SCALAR_ANGLE_PORTS
VERILOG_GLOBAL_SIGNAL_PORT_POLICY=DO_NOT_PROMOTE
RO6_STANDALONE_LVS_REQUIRED=YES
DRC_STATUS=NOT_RUN_BY_SCOPE
SIGNOFF_ELIGIBLE=NO
