# MPTDC immutable PVS input hashes
GIT_HEAD=3ad79061cb82578c09fb2bff9fdddb942723d38b
TOP_CELL=mptdc_axis_core
SOURCE_CHECKPOINT=/sim/ksabra/SPADMIC_work/innovus/20260826_mptdc_bufftap0_route_minarea_patch_trial_v6r_180659/checkpoints/repaired_route.enc.dat
STRICT_ATTRIBUTION=1
MERGED_GDS_PATH=/sim/ksabra/SPADMIC_work/innovus/20260828_mptdc_bufftap0_ro6_boundary_fillernorm_controlfix_090320/outputs/mptdc_axis_core_merged_stdcell_ro6.gds
MERGED_GDS_SHA256=298bf9b7431b1c9da894f591cd9cdd6be3e33312ce3e485affbf7f5bb84c3ecc
TOP_ONLY_GDS_PATH=/sim/ksabra/SPADMIC_work/innovus/20260828_mptdc_bufftap0_ro6_boundary_fillernorm_controlfix_090320/outputs/mptdc_axis_core_top_only.gds
TOP_ONLY_GDS_SHA256=65823edb04b1d6b94b735fc14bb320437725180e220c498cd8ed107054099a5a
LVS_SOURCE_FILTERED_PATH=/sim/ksabra/SPADMIC_work/innovus/20260828_mptdc_bufftap0_ro6_boundary_fillernorm_controlfix_090320/outputs/mptdc_axis_core_pnr_lvs_with_pg_NO_DCELL_MODULES_RO6_PINFIX_NOATTR_CLEAN.v
LVS_SOURCE_FILTERED_SHA256=0f1b2243a790029eb871933ab4dec71a052d37f42512947aaab8bd0eeb186343
LVS_SOURCE_PHYSICAL_PG_PATH=/sim/ksabra/SPADMIC_work/innovus/20260828_mptdc_bufftap0_ro6_boundary_fillernorm_controlfix_090320/outputs/mptdc_axis_core_pnr_lvs_phys_with_pg.v
LVS_SOURCE_PHYSICAL_PG_SHA256=db140ae42f99298cb93274b0722e07e23ea53f4ac68802813eac3f9f89863a5f
LVS_HCELL_PATH=/sim/ksabra/SPADMIC_work/innovus/20260828_mptdc_bufftap0_ro6_boundary_fillernorm_controlfix_090320/outputs/pvs_hcell_ro6.txt
LVS_HCELL_SHA256=f84bc54e01925fd2df31ee4235d005898f760fe9dd1d0fcddc2301f2a874019b
DCELL_GDS_PATH=/data/pdk/xfab/xh018/diglibs/D_CELLS_JIHD/v6_0/gds_cdl/v6_0_0/gds/xh018_D_CELLS_JIHD.gds
DCELL_GDS_SHA256=e8ea4be19742c8d311f440bb0edd9b82db9acb0996ebcba21e239bd8e362139d
DCELL_CDL_PATH=/data/pdk/xfab/xh018/diglibs/D_CELLS_JIHD/v6_0/gds_cdl/v6_0_0/cdl/xh018_D_CELLS_JIHD.cdl
DCELL_CDL_SHA256=5ff10b0b31003da9bb6db59eba7d52c82435e3ab68b2ba0a1956e4d9fbaef8cf
FILLER_REPORT_PATH=/home/validmgr/ksabra/2026_SPAD/SPADMIC/MPTDC/docs/server_snapshots/innovus/20260825_mptdc_bufftap0_halo10_physical_130313/reports/filler_status.rpt
FILLER_REPORT_SHA256=106000c54d074cd3072c28dc32fdbf9abe5afb647fac79ad3bc344900a30f6b2
ROW_INFRA_REPORT_PATH=/home/validmgr/ksabra/2026_SPAD/SPADMIC/MPTDC/docs/server_snapshots/innovus/20260825_mptdc_bufftap0_halo10_physical_130313/reports/row_infra_insertion.rpt
ROW_INFRA_REPORT_SHA256=d030e34ec099875a7430a5208998ab8931a3df124bc5057e5e7efadab003fd1a
ORIGINAL_RO_GDS_PATH=/sim/ksabra/SPADMIC_work/ro6_oa_exports/20260827_mptdc_ro6_vddfix_fresh_export_150040/RO_tune6.gds
ORIGINAL_RO_GDS_SHA256=9d6f269541d51db0c30c5e7cc81334d70578ca8723558b32f34f9803469ea36a
RO_GDS_PATH=/sim/ksabra/SPADMIC_work/innovus/20260828_mptdc_bufftap0_ro6_boundary_fillernorm_controlfix_090320/merge_libs/RO_tune6.gds
RO_GDS_SHA256=9d6f269541d51db0c30c5e7cc81334d70578ca8723558b32f34f9803469ea36a
STREAM_MAP_PATH=/data/pdk/xfab/xh018/cadence/v10_1/PDK/IC61/v10_1_1/TECH_XH018_1131/pnr_streamout.map
STREAM_MAP_SHA256=4d7b850f74ef193b6bc7b15b1e52fd38ba61cc4a6e1b283c4201343a20ad233d
PATCHED_STREAMOUT_PATH=/sim/ksabra/SPADMIC_work/innovus/20260828_mptdc_bufftap0_ro6_boundary_fillernorm_controlfix_090320/work/streamout_mptdc_merged_ro6.replayed.tcl
PATCHED_STREAMOUT_SHA256=fefff846f74e20317360b077947bbfc0fb87ae964368e53818783d1d18e22c7a
STREAM_MAP_BINDING_REPORT_PATH=/sim/ksabra/SPADMIC_work/innovus/20260828_mptdc_bufftap0_ro6_boundary_fillernorm_controlfix_090320/reports/streamout_map_binding.rpt
STREAM_MAP_BINDING_REPORT_SHA256=277a8e4090b967cda3914b9e3859de053d20f0d6daf4f59533ea5db25df45d65
FINAL_DEF_PATH=/sim/ksabra/SPADMIC_work/innovus/20260828_mptdc_bufftap0_ro6_boundary_fillernorm_controlfix_090320/outputs/mptdc_axis_core.def
FINAL_DEF_SHA256=1f5b3f84e6d46d1cdadc279ed61f470d6bb03b6b321aaa538e8b58335ab105c5
TAP_PIN_REPORT_PATH=/sim/ksabra/SPADMIC_work/innovus/20260828_mptdc_bufftap0_ro6_boundary_fillernorm_controlfix_090320/reports/tap_pin_contract.rpt
TAP_PIN_REPORT_SHA256=c938de5f7c3537d501aa93ee148f799ff5490907dcbf49588f24b325095f5d80
