
Cadence Innovus(TM) Implementation System.
Copyright 2022 Cadence Design Systems, Inc. All rights reserved worldwide.

Version:	v22.33-s094_1, built Fri Aug 25 16:48:21 PDT 2023
Options:	-nowin -init innovus_estimate.tcl -log ../logs/innovus_estimate.log 
Date:		Tue May 12 12:13:15 2026
Host:		lyoelectrosrv01.in2p3.fr (x86_64 w/Linux 4.18.0-553.120.1.el8_10.x86_64) (16cores*64cpus*Intel(R) Xeon(R) Silver 4216 CPU @ 2.10GHz 22528KB)
OS:		Rocky Linux 8.10 (Green Obsidian)

License:
		[12:13:16.004470] Configured Lic search path (21.01-s002): 30000@cadence.cnfm.fr:5280@ccflex01.in2p3.fr:5280@ccflex02.in2p3.fr:5280@ccflex03.in2p3.fr:5280@licences01.ipnl.in2p3.fr:1717@licences01.ipnl.in2p3.fr

		invs	Innovus Implementation System	22.1	checkout succeeded
		8 CPU jobs allowed with the current license(s). Use setMultiCpuUsage to set your required CPU count.
Change the soft stacksize limit to 0.2%RAM (385 mbytes). Set global soft_stack_size_limit to change the value.

**INFO:  MMMC transition support version v31-84 

<CMD> set_global _enable_mmmc_by_default_flow      $CTE::mmmc_default
<CMD> suppressMessage ENCEXT-2799
<CMD> getVersion
<CMD> getVersion
<CMD> getVersion
[INFO] Loading PVS 22.22 fill procedures
**WARN: Tk package not loaded. The PVS fill DRC monitor is disabled.
Sourcing file "innovus_estimate.tcl" ...
<CMD> setDesignMode -process 180
##  Process: 180           (User Set)               
##     Node: (not set)                           

##  Check design process and node:  
##  Design tech node is not set.

Applying the recommended capacitance filtering threshold values for 180nm process node: total_c_th=5, relative_c_th=0.03 and coupling_c_th=3.
	These values will be used by all post-route extraction engines, including TQuantus, IQuantus and Quantus QRC extraction.
	For postRoute effortLevel low extraction, the coupling_c_th value will be used only when the -capFilterMode parameter of the setExtractRCMode command is set to relAndCoup or relOrCoup. Default value of -capFilterMode parameter in postRoute extraction effortLevel low is relOnly.
	The accuracy mode for postRoute effortLevel low extraction will be set to 'standard'.
	Default value for EffortLevel(-effortLevel option of the setExtractRCMode) in postRoute extraction mode is 'low'.
<CMD> set init_top_cell mptdc_top_asic
<CMD> set init_verilog /home/validmgr/ksabra/2026_SPAD/SPADMIC/MPTDC/syn/outputs/mptdc_top_asic.postsyn.v
<CMD> set init_lef_file {/data/pdk/xfab/xh018/cadence/v9_0/techLEF/v9_0_1/xh018_xx41_HD_MET4_METMID.lef /data/pdk/xfab/xh018/diglibs/D_CELLS_HD/v6_0/LEF/v6_0_0/xh018_D_CELLS_HD.lef}
<CMD> set init_mmmc_file /home/validmgr/ksabra/2026_SPAD/SPADMIC/MPTDC/syn/inputs/mptdc.mmmc
<CMD> set init_pwr_net VDD
<CMD> set init_gnd_net VSS
<CMD> init_design
#% Begin Load MMMC data ... (date=05/12 12:13:38, mem=1348.1M)
**ERROR: (TCLCMD-992):	need to specify either -library_set or (-early_library_set and -late_library_set)
bc_cond tc_cond wc_cond
**ERROR: (IMPIMEX-7044):	In legacy environment, you can not run init_design command initialize a MMMC2 format design with init_mmmc_version value setting is 1.

*** Memory Usage v#1 (Current mem = 1301.465M, initial mem = 634.133M) ***
*** Message Summary: 0 warning(s), 2 error(s)

--- Ending "Innovus" (totcpu=0:00:21.7, real=0:00:23.0, mem=1301.5M) ---
