============================================================
  Generated by:           Genus(TM) Synthesis Solution 22.13-s093_1
  Generated on:           Jun 02 2026  10:39:25 am
  Module:                 mptdc_top_asic
  Operating conditions:   slow_1_62V_125C 
  Interconnect mode:      global
  Area mode:              physical library
============================================================

Timing
--------

Analysis view       Clock       Period 
---------------------------------------
wc_view       clk_osc_fast       900.0 
              clk_osc_fast_tap1  900.0 
              clk_osc_fast_tap2  900.0 
              clk_osc_fast_tap3  900.0 
              clk_osc_fast_tap4  900.0 
              clk_osc_fast_tap5  900.0 
              clk_osc_fast_tap6  900.0 
              clk_osc_fast_tap7  900.0 
              clk_osc_slow      1000.0 
              clk_osc_slow_tap1 1000.0 
              clk_osc_slow_tap2 1000.0 
              clk_osc_slow_tap3 1000.0 
              clk_osc_slow_tap4 1000.0 
              clk_osc_slow_tap5 1000.0 
              clk_osc_slow_tap6 1000.0 
              clk_osc_slow_tap7 1000.0 
              clk_sys           6250.0 


Analysis        Cost        Critical              Violating 
  View         Group       Path Slack     TNS       Paths   
------------------------------------------------------------
wc_view       clk_osc_fast    -2409.3  -173723.0         80 
         clk_osc_fast_tap1    -2409.3  -172522.1         79 
         clk_osc_fast_tap2    -2409.3  -172522.1         79 
         clk_osc_fast_tap3    -2452.1  -174918.9         79 
         clk_osc_fast_tap4    -2452.1  -174918.9         79 
         clk_osc_fast_tap5    -2452.1  -174918.9         79 
         clk_osc_fast_tap6    -2452.1  -174918.9         79 
         clk_osc_fast_tap7    -2409.3  -172522.1         79 
              clk_osc_slow    -1171.4   -65626.7         64 
         clk_osc_slow_tap1   No paths        0.0          0 
         clk_osc_slow_tap2   No paths        0.0          0 
         clk_osc_slow_tap3   No paths        0.0          0 
         clk_osc_slow_tap4   No paths        0.0          0 
         clk_osc_slow_tap5   No paths        0.0          0 
         clk_osc_slow_tap6   No paths        0.0          0 
         clk_osc_slow_tap7   No paths        0.0          0 
                   clk_sys    -1727.2   -98192.2         80 
                   default   No paths        0.0          0 
------------------------------------------------------------
Total                                 -1554783.8        777 
                                                            

Instance Count
--------------
Leaf Instance Count             28950 
Physical Instance count             0 
Sequential Instance Count        5697 
Combinational Instance Count    23253 
Hierarchical Instance Count        97 

Area
----
Cell Area                          610501.014
Physical Cell Area                 0.000
Total Cell Area (Cell+Physical)    610501.014
Net Area                           766.718
Total Area (Cell+Physical+Net)     611267.732

Power
-----
Leakage Power                      6107.957 nW
Dynamic Power                      77648357.227 nW
Total Power                        77654465.184 nW

Max Fanout                         4859 (clk_sys)
Min Fanout                         0 (local_async_rst_n)
Average Fanout                     2.1
Terms to net ratio                 3.9654
Terms to instance ratio            4.0585
Runtime                            198.048369 seconds
Elapsed Runtime                    195 seconds
Genus peak memory usage            2220.36 
Innovus peak memory usage          no_value 
Hostname                           lyoelectrosrv01.in2p3.fr
