# MPTDC Staged Two-Landing and Exact Marker-Derived Via-Side Patch V3
MANUAL_ECO_MODE=STAGED_BASE_STUBS_THEN_EXACT_MARKER_DERIVED_VIA_SIDE_EXTENSION
SOURCE_BASELINE=DRC_2_SHORTS_0_REGULAR_0_SPECIAL_NON_RO_0
BASE_EXPECTATION=DRC_1_SHORTS_0_REGULAR_0_U_CORE_N_57556_0.1777_OF_0.202
TARGET_NETS=u_core_n_57960,u_core_n_57556
BASE_STUB_POLICY=u_core_n_57960:MET1:363.72,358.12->364.56,358.12;u_core_n_57556:MET1:385.56,328.44->384.72,328.44;width=0.28
VIA_SIDE_POLICY=u_core_n_57556:EXACT_0.1777_MARKER_CENTERLINE_AT_X_385.56->EAST_0.56;width=0.28
VIA_EDIT_POLICY=NO_EXPLICIT_VIA_COMMANDS_TOOL_CANONICALIZATION_ALLOWED
VIA_OBJECT_POLICY=POST_BASE_VIA_HANDLE_NOT_REQUIRED_CONNECTIVITY_AND_MET1_GEOMETRY_ARE_AUTHORITATIVE
PG_EDIT_POLICY=NO_PG_SHAPES_MODIFIED
PLACEMENT_EDIT_POLICY=NO_INSTANCES_MOVED
ROUTE_OPTIMIZER_POLICY=NO_BROAD_OR_TARGETED_ROUTER_COMMANDS
PRE_DRC=2
PRE_SHORTS=0
PRE_REGULAR_CONNECTIVITY_BAD=0
PRE_SPECIAL_CONNECTIVITY_NON_RO_FAILURES=0
N57960_LANDING_PRE_VIA_NAMES=VIA1_o
N57556_LANDING_PRE_VIA_NAMES=VIA1_o
N57960_BASE_MET1_LANDING_PATCH_SET_EDIT_MODE_COMMAND=setEditMode -nets u_core_n_57960 -shape None -force_regular 1 -layer_horizontal MET1 -layer_vertical MET1 -snap_to_track_regular 0 -width_horizontal 0.28 -width_vertical 0.28
N57960_BASE_MET1_LANDING_PATCH_SET_EDIT_MODE_STATUS=PASS
N57960_BASE_MET1_LANDING_PATCH_SET_EDIT_MODE_RESULT=
N57960_BASE_MET1_LANDING_PATCH_SET_TOOL_COMMAND=uiSetTool addWire
N57960_BASE_MET1_LANDING_PATCH_SET_TOOL_STATUS=PASS
N57960_BASE_MET1_LANDING_PATCH_SET_TOOL_RESULT=
N57960_BASE_MET1_LANDING_PATCH_START_COMMAND=editAddRoute 363.72 358.12
N57960_BASE_MET1_LANDING_PATCH_START_STATUS=PASS
N57960_BASE_MET1_LANDING_PATCH_START_RESULT=
N57960_BASE_MET1_LANDING_PATCH_COMMIT_COMMAND=editCommitRoute 364.56 358.12
N57960_BASE_MET1_LANDING_PATCH_COMMIT_STATUS=PASS
N57960_BASE_MET1_LANDING_PATCH_COMMIT_RESULT=
N57556_BASE_MET1_LANDING_PATCH_SET_EDIT_MODE_COMMAND=setEditMode -nets u_core_n_57556 -shape None -force_regular 1 -layer_horizontal MET1 -layer_vertical MET1 -snap_to_track_regular 0 -width_horizontal 0.28 -width_vertical 0.28
N57556_BASE_MET1_LANDING_PATCH_SET_EDIT_MODE_STATUS=PASS
N57556_BASE_MET1_LANDING_PATCH_SET_EDIT_MODE_RESULT=
N57556_BASE_MET1_LANDING_PATCH_SET_TOOL_COMMAND=uiSetTool addWire
N57556_BASE_MET1_LANDING_PATCH_SET_TOOL_STATUS=PASS
N57556_BASE_MET1_LANDING_PATCH_SET_TOOL_RESULT=
N57556_BASE_MET1_LANDING_PATCH_START_COMMAND=editAddRoute 385.56 328.44
N57556_BASE_MET1_LANDING_PATCH_START_STATUS=PASS
N57556_BASE_MET1_LANDING_PATCH_START_RESULT=
N57556_BASE_MET1_LANDING_PATCH_COMMIT_COMMAND=editCommitRoute 384.72 328.44
N57556_BASE_MET1_LANDING_PATCH_COMMIT_STATUS=PASS
N57556_BASE_MET1_LANDING_PATCH_COMMIT_RESULT=
N57960_LANDING_BASE_VIA_NAMES=VIA1_X_so
N57556_LANDING_BASE_VIA_NAMES=
BASE_DRC=1
BASE_SHORTS=0
BASE_REGULAR_CONNECTIVITY_BAD=0
BASE_SPECIAL_CONNECTIVITY_NON_RO_FAILURES=0
BASE_MINAREA_MARKER_GEOMETRY_COUNT=1
BASE_MINAREA_MARKER_REPORT=/sim/ksabra/SPADMIC_work/innovus/20260826_mptdc_bufftap0_route_minarea_repair_v3_153108/reports/minarea_v3_base_verify_drc_markers.tsv
BASE_MINAREA_MARKER_TARGET_COUNT=1
BASE_MINAREA_MARKER_NET=u_core_n_57556
BASE_MINAREA_MARKER_BOX=385.06 328.29 385.75 328.52
BASE_MINAREA_MARKER_ACTUAL=0.17770000
BASE_MINAREA_MARKER_REQUIRED=0.20200000
BASE_MINAREA_MARKER_STATUS=PASS
BASE_VIA_SIDE_RESOLUTION_METHOD=EXACT_0.1777_MARKER_CENTERLINE_AND_MET1_COVERAGE
BASE_VIA_SIDE_MARKER_CENTER_Y=328.405
BASE_VIA_SIDE_SOURCE_ENDPOINT=385.175 328.405
BASE_VIA_SIDE_START_COVERED=1
BASE_VIA_SIDE_SOURCE_ENDPOINT_COVERED=1
BASE_VIA_SIDE_EXTENSION_PRECOVERED=0
BASE_VIA_SIDE_RESOLUTION_STATUS=PASS
VIA_SIDE_START=385.56 328.405
VIA_SIDE_END=386.12 328.405
VIA_SIDE_DIRECTION=AWAY_FROM_SOURCE_EAST
N57556_VIA_SIDE_MET1_PATCH_SET_EDIT_MODE_COMMAND=setEditMode -nets u_core_n_57556 -shape None -force_regular 1 -layer_horizontal MET1 -layer_vertical MET1 -snap_to_track_regular 0 -width_horizontal 0.28 -width_vertical 0.28
N57556_VIA_SIDE_MET1_PATCH_SET_EDIT_MODE_STATUS=PASS
N57556_VIA_SIDE_MET1_PATCH_SET_EDIT_MODE_RESULT=
N57556_VIA_SIDE_MET1_PATCH_SET_TOOL_COMMAND=uiSetTool addWire
N57556_VIA_SIDE_MET1_PATCH_SET_TOOL_STATUS=PASS
N57556_VIA_SIDE_MET1_PATCH_SET_TOOL_RESULT=
N57556_VIA_SIDE_MET1_PATCH_START_COMMAND=editAddRoute 385.56 328.405
N57556_VIA_SIDE_MET1_PATCH_START_STATUS=PASS
N57556_VIA_SIDE_MET1_PATCH_START_RESULT=
N57556_VIA_SIDE_MET1_PATCH_COMMIT_COMMAND=editCommitRoute 386.12 328.405
N57556_VIA_SIDE_MET1_PATCH_COMMIT_STATUS=PASS
N57556_VIA_SIDE_MET1_PATCH_COMMIT_RESULT=
POST_VIA_SIDE_EXTENSION_COVERED=0
MANUAL_ECO_STATUS=FAIL
MANUAL_ECO_ERROR=u_core_n_57556 via-side extension did not materialize
