STEP=PVS_RO6_BOUNDARY_LVS
SOURCE_PVS_RUN_ID=20260827_mptdc_bufftap0_physical_source_fillernorm_154339
STANDALONE_PVS_RUN_ID=20260827_mptdc_ro6_standalone_lvs_vddfix_150520
PVS_RUN_CLASS=DIAGNOSTIC_RO6_BOUNDARY_BLACKBOX
LVS_RC=8
STATUS=FAIL
PVS_LVS_STATUS=NOT_PROVEN
PVS_RC=0
LVS_BLACKBOX_RULE_STATUS=PASS
LVS_BLACKBOX_APPLICATION_STATUS=PASS
LVS_BLACKBOXED_CELL_COUNT=1
LVS_BUS_PIN_MAP_RULE_STATUS=FAIL
LVS_GLOBAL_SIGNAL_PORT_RULE_STATUS=PASS
RO6_BLACKBOX_CELL_MATCH_STATUS=PASS
RO6_ANGLE_BUS_MISSING_PIN_COUNT=0
RO6_SQUARE_BUS_MISSING_PIN_COUNT=0
TIE1_UNMATCHED_PIN_COUNT=0
TIE1_MISMATCHED_NET_COUNT=1
TIE1_MISMATCHED_INSTANCE_CASCADE_COUNT=334
LAYOUT_OPEN_NET_COUNT=2
SHORTS_OPENS_RECORD_COUNT=1
MISMATCHED_NET_RECORD_COUNT=91
MISMATCHED_INSTANCE_RECORD_COUNT=334
VDD_OPEN_SECTION_COUNT=0
VSS_OPEN_SECTION_COUNT=1
BOUNDARY_REMAINDER_CLASS=UNCLASSIFIED
RO6_STANDALONE_LVS_REQUIRED=YES
DRC_STATUS=NOT_RUN_BY_SCOPE
SIGNOFF_ELIGIBLE=NO
DECISION=FAIL_STOP
NEXT_STAGE=STOP_AND_REVIEW_PUBLISHED_EVIDENCE
