CTS_MEASURED_STATUS=PASS
CTS_REASON=
CLK_SYS_SINKS_EXPECTED=3982
CLK_SYS_SINKS_REACHED=3982
CLK_SYS_SINK_COUNT_SOURCE=clock_tree_summary_clk_sys
CTS_TOTAL_DAG_SINKS=3982
CLK_SYS_MAX_SKEW_NS=0.058
CLK_SYS_MAX_TRANSITION_NS=0.312
CLK_SYS_INSERTION_DELAY_NS=0.589
CLK_SYS_MIN_INSERTION_DELAY_NS=0.532
CLK_SYS_MAX_INSERTION_DELAY_NS=0.589
CLK_SYS_INSERTION_DELAY_RANGE_NS=0.057
CLK_SYS_MAX_SKEW_NS_REQUIRED_LE=0.20
CLK_SYS_MAX_TRANSITION_NS_REQUIRED_LE=0.35
CLK_SYS_ROOT_FANOUT=5
CLK_SYS_ROOT_FANOUT_REQUIRED_LE=100
CTS_MAX_FANOUT_VIOLATIONS=0
CTS_MAX_FANOUT_VIOLATIONS_REQUIRED=0
RO_CLOCKS_IN_CTS=0
PHASE_CLOCKS_IN_CTS=0
SUMMARY_REPORT=/sim/ksabra/SPADMIC_work/innovus/20260701_mptdc_tc_ro6_cleanlef_localbridge_base_route_143726/reports/clock_tree_summary.rpt
DETAIL_REPORT=/sim/ksabra/SPADMIC_work/innovus/20260701_mptdc_tc_ro6_cleanlef_localbridge_base_route_143726/reports/cts_clock_tree_detail.rpt
