============================================================
  Generated by:           Genus(TM) Synthesis Solution 22.13-s093_1
  Generated on:           Jun 04 2026  11:30:09 am
  Module:                 mptdc_top_asic
  Operating conditions:   typ_1_80V_25C 
  Interconnect mode:      global
  Area mode:              physical library
============================================================

                                                                   Library 
   Gate    Instances     Area                 Library               Domain 
---------------------------------------------------------------------------
AN211HDX1          5      75.264    D_CELLS_HD_LPMOS_typ_1_80V_25C tc_cond 
AN21HDX1          15     188.160    D_CELLS_HD_LPMOS_typ_1_80V_25C tc_cond 
AN21HDX2           1      22.579    D_CELLS_HD_LPMOS_typ_1_80V_25C tc_cond 
AN221HDX1          4      80.282    D_CELLS_HD_LPMOS_typ_1_80V_25C tc_cond 
AN222HDX1         11     248.371    D_CELLS_HD_LPMOS_typ_1_80V_25C tc_cond 
AN222HDX2          1      32.614    D_CELLS_HD_LPMOS_typ_1_80V_25C tc_cond 
AN22HDX1        1624   24445.747    D_CELLS_HD_LPMOS_typ_1_80V_25C tc_cond 
AN311HDX1          3      60.211    D_CELLS_HD_LPMOS_typ_1_80V_25C tc_cond 
AN31HDX1           7     105.370    D_CELLS_HD_LPMOS_typ_1_80V_25C tc_cond 
AN31HDX2           1      25.088    D_CELLS_HD_LPMOS_typ_1_80V_25C tc_cond 
AN321HDX1          3      67.738    D_CELLS_HD_LPMOS_typ_1_80V_25C tc_cond 
AN32HDX1           4      70.246    D_CELLS_HD_LPMOS_typ_1_80V_25C tc_cond 
AND2HDX0          58     727.552    D_CELLS_HD_LPMOS_typ_1_80V_25C tc_cond 
AND2HDX1          57     715.008    D_CELLS_HD_LPMOS_typ_1_80V_25C tc_cond 
AND2HDX2          39     587.059    D_CELLS_HD_LPMOS_typ_1_80V_25C tc_cond 
AND2HDX4          41     822.886    D_CELLS_HD_LPMOS_typ_1_80V_25C tc_cond 
AND3HDX0           4      60.211    D_CELLS_HD_LPMOS_typ_1_80V_25C tc_cond 
AND3HDX1           6      90.317    D_CELLS_HD_LPMOS_typ_1_80V_25C tc_cond 
AND3HDX2           4      70.246    D_CELLS_HD_LPMOS_typ_1_80V_25C tc_cond 
AND3HDX4           1      22.579    D_CELLS_HD_LPMOS_typ_1_80V_25C tc_cond 
AND4HDX0          58    1018.573    D_CELLS_HD_LPMOS_typ_1_80V_25C tc_cond 
AND4HDX1           1      17.562    D_CELLS_HD_LPMOS_typ_1_80V_25C tc_cond 
AND5HDX1           2      50.176    D_CELLS_HD_LPMOS_typ_1_80V_25C tc_cond 
AND6HDX1           2      55.194    D_CELLS_HD_LPMOS_typ_1_80V_25C tc_cond 
AO211HDX1          7     122.931    D_CELLS_HD_LPMOS_typ_1_80V_25C tc_cond 
AO21HDX1           9     158.054    D_CELLS_HD_LPMOS_typ_1_80V_25C tc_cond 
AO221HDX1         22     496.742    D_CELLS_HD_LPMOS_typ_1_80V_25C tc_cond 
AO222HDX1         37     928.256    D_CELLS_HD_LPMOS_typ_1_80V_25C tc_cond 
AO22HDX1        1234   24766.874    D_CELLS_HD_LPMOS_typ_1_80V_25C tc_cond 
AO311HDX1          3      60.211    D_CELLS_HD_LPMOS_typ_1_80V_25C tc_cond 
AO31HDX1           5      87.808    D_CELLS_HD_LPMOS_typ_1_80V_25C tc_cond 
AO32HDX1          15     301.056    D_CELLS_HD_LPMOS_typ_1_80V_25C tc_cond 
BUHDX0             3      30.106    D_CELLS_HD_LPMOS_typ_1_80V_25C tc_cond 
BUHDX1             8      80.282    D_CELLS_HD_LPMOS_typ_1_80V_25C tc_cond 
BUHDX12           18     903.168    D_CELLS_HD_LPMOS_typ_1_80V_25C tc_cond 
BUHDX4            29     582.042    D_CELLS_HD_LPMOS_typ_1_80V_25C tc_cond 
BUHDX6             5     137.984    D_CELLS_HD_LPMOS_typ_1_80V_25C tc_cond 
BUHDX8            11     386.355    D_CELLS_HD_LPMOS_typ_1_80V_25C tc_cond 
CAGHDX1            1      22.579    D_CELLS_HD_LPMOS_typ_1_80V_25C tc_cond 
DFRHDX1           26    1369.805    D_CELLS_HD_LPMOS_typ_1_80V_25C tc_cond 
DFRHDX2           64    3692.954    D_CELLS_HD_LPMOS_typ_1_80V_25C tc_cond 
DFRQHDX0        4739  225894.861    D_CELLS_HD_LPMOS_typ_1_80V_25C tc_cond 
DFRQHDX1         314   14967.501    D_CELLS_HD_LPMOS_typ_1_80V_25C tc_cond 
DFRQHDX2          33    1655.808    D_CELLS_HD_LPMOS_typ_1_80V_25C tc_cond 
DFRRHDX1           3     188.160    D_CELLS_HD_LPMOS_typ_1_80V_25C tc_cond 
DFRRQHDX0        147    8482.253    D_CELLS_HD_LPMOS_typ_1_80V_25C tc_cond 
DFRRQHDX1        215   12406.016    D_CELLS_HD_LPMOS_typ_1_80V_25C tc_cond 
DFRRQHDX2         65    3913.728    D_CELLS_HD_LPMOS_typ_1_80V_25C tc_cond 
DFRRQHDX4          2     130.458    D_CELLS_HD_LPMOS_typ_1_80V_25C tc_cond 
DFRSHDX1          13     750.131    D_CELLS_HD_LPMOS_typ_1_80V_25C tc_cond 
DFRSHDX2          10     627.200    D_CELLS_HD_LPMOS_typ_1_80V_25C tc_cond 
DFRSQHDX1         58    3055.718    D_CELLS_HD_LPMOS_typ_1_80V_25C tc_cond 
DFRSQHDX2          1      55.194    D_CELLS_HD_LPMOS_typ_1_80V_25C tc_cond 
DLHQHDX1           3      90.317    D_CELLS_HD_LPMOS_typ_1_80V_25C tc_cond 
DLLQHDX1           4     120.422    D_CELLS_HD_LPMOS_typ_1_80V_25C tc_cond 
EN2HDX0           40     802.816    D_CELLS_HD_LPMOS_typ_1_80V_25C tc_cond 
EN2HDX1            3      67.738    D_CELLS_HD_LPMOS_typ_1_80V_25C tc_cond 
EO2HDX1           18     361.267    D_CELLS_HD_LPMOS_typ_1_80V_25C tc_cond 
EO3HDX1            1      40.141    D_CELLS_HD_LPMOS_typ_1_80V_25C tc_cond 
FAHDX0            56    2809.856    D_CELLS_HD_LPMOS_typ_1_80V_25C tc_cond 
HAHDX0            76    2097.357    D_CELLS_HD_LPMOS_typ_1_80V_25C tc_cond 
HAHDX1            16     481.690    D_CELLS_HD_LPMOS_typ_1_80V_25C tc_cond 
INHDX0           522    3928.781    D_CELLS_HD_LPMOS_typ_1_80V_25C tc_cond 
INHDX1           619    4658.842    D_CELLS_HD_LPMOS_typ_1_80V_25C tc_cond 
INHDX12           13     456.602    D_CELLS_HD_LPMOS_typ_1_80V_25C tc_cond 
INHDX2           171    1716.019    D_CELLS_HD_LPMOS_typ_1_80V_25C tc_cond 
INHDX3           213    2671.872    D_CELLS_HD_LPMOS_typ_1_80V_25C tc_cond 
INHDX4            15     225.792    D_CELLS_HD_LPMOS_typ_1_80V_25C tc_cond 
INHDX6           165    3311.616    D_CELLS_HD_LPMOS_typ_1_80V_25C tc_cond 
INHDX8            15     376.320    D_CELLS_HD_LPMOS_typ_1_80V_25C tc_cond 
MU2HDX0         3342   67075.277    D_CELLS_HD_LPMOS_typ_1_80V_25C tc_cond 
MU2IHDX0          68    1194.189    D_CELLS_HD_LPMOS_typ_1_80V_25C tc_cond 
MU2IHDX1         677   11889.203    D_CELLS_HD_LPMOS_typ_1_80V_25C tc_cond 
NA22HDX1          27     406.426    D_CELLS_HD_LPMOS_typ_1_80V_25C tc_cond 
NA2HDX1          204    2047.181    D_CELLS_HD_LPMOS_typ_1_80V_25C tc_cond 
NA2HDX2            3      45.158    D_CELLS_HD_LPMOS_typ_1_80V_25C tc_cond 
NA2HDX4            3      75.264    D_CELLS_HD_LPMOS_typ_1_80V_25C tc_cond 
NA2I1HDX1        116    1455.104    D_CELLS_HD_LPMOS_typ_1_80V_25C tc_cond 
NA2I1HDX2          2      35.123    D_CELLS_HD_LPMOS_typ_1_80V_25C tc_cond 
NA2I1HDX4          1      32.614    D_CELLS_HD_LPMOS_typ_1_80V_25C tc_cond 
NA3HDX1           12     150.528    D_CELLS_HD_LPMOS_typ_1_80V_25C tc_cond 
NA3I1HDX1         11     165.581    D_CELLS_HD_LPMOS_typ_1_80V_25C tc_cond 
NA3I2HDX1          9     135.475    D_CELLS_HD_LPMOS_typ_1_80V_25C tc_cond 
NA3I2HDX2          1      20.070    D_CELLS_HD_LPMOS_typ_1_80V_25C tc_cond 
NA3I2HDX4          1      32.614    D_CELLS_HD_LPMOS_typ_1_80V_25C tc_cond 
NA4HDX1          265    3988.992    D_CELLS_HD_LPMOS_typ_1_80V_25C tc_cond 
NA4I2HDX1          7     122.931    D_CELLS_HD_LPMOS_typ_1_80V_25C tc_cond 
NA4I3HDX1          2      35.123    D_CELLS_HD_LPMOS_typ_1_80V_25C tc_cond 
NA5I3HDX0          1      20.070    D_CELLS_HD_LPMOS_typ_1_80V_25C tc_cond 
NA5I3HDX1         59    1184.154    D_CELLS_HD_LPMOS_typ_1_80V_25C tc_cond 
NA6I5HDX1          1      27.597    D_CELLS_HD_LPMOS_typ_1_80V_25C tc_cond 
NO22HDX0          18     270.950    D_CELLS_HD_LPMOS_typ_1_80V_25C tc_cond 
NO2HDX1          725    7275.520    D_CELLS_HD_LPMOS_typ_1_80V_25C tc_cond 
NO2HDX2            6     105.370    D_CELLS_HD_LPMOS_typ_1_80V_25C tc_cond 
NO2HDX4            5     137.984    D_CELLS_HD_LPMOS_typ_1_80V_25C tc_cond 
NO2I1HDX0         55     689.920    D_CELLS_HD_LPMOS_typ_1_80V_25C tc_cond 
NO2I1HDX1         84    1053.696    D_CELLS_HD_LPMOS_typ_1_80V_25C tc_cond 
NO2I1HDX2          6     120.422    D_CELLS_HD_LPMOS_typ_1_80V_25C tc_cond 
NO2I1HDX4          2      65.229    D_CELLS_HD_LPMOS_typ_1_80V_25C tc_cond 
NO3HDX1            5      62.720    D_CELLS_HD_LPMOS_typ_1_80V_25C tc_cond 
NO3I1HDX0          1      15.053    D_CELLS_HD_LPMOS_typ_1_80V_25C tc_cond 
NO3I1HDX1          3      52.685    D_CELLS_HD_LPMOS_typ_1_80V_25C tc_cond 
NO3I1HDX2          2      55.194    D_CELLS_HD_LPMOS_typ_1_80V_25C tc_cond 
NO3I1HDX4          2      60.211    D_CELLS_HD_LPMOS_typ_1_80V_25C tc_cond 
NO3I2HDX0          8     120.422    D_CELLS_HD_LPMOS_typ_1_80V_25C tc_cond 
NO3I2HDX1          9     135.475    D_CELLS_HD_LPMOS_typ_1_80V_25C tc_cond 
NO3I2HDX2          8     180.634    D_CELLS_HD_LPMOS_typ_1_80V_25C tc_cond 
NO4HDX0            5     125.440    D_CELLS_HD_LPMOS_typ_1_80V_25C tc_cond 
NO4I1HDX0          2      45.158    D_CELLS_HD_LPMOS_typ_1_80V_25C tc_cond 
NO4I2HDX1          2      40.141    D_CELLS_HD_LPMOS_typ_1_80V_25C tc_cond 
NO4I2HDX2          1      30.106    D_CELLS_HD_LPMOS_typ_1_80V_25C tc_cond 
NO4I3HDX1          1      20.070    D_CELLS_HD_LPMOS_typ_1_80V_25C tc_cond 
NO5I1HDX0          1      27.597    D_CELLS_HD_LPMOS_typ_1_80V_25C tc_cond 
NO5I3HDX0          3      60.211    D_CELLS_HD_LPMOS_typ_1_80V_25C tc_cond 
NO5I3HDX1         52    1043.661    D_CELLS_HD_LPMOS_typ_1_80V_25C tc_cond 
NO6HDX0            2      60.211    D_CELLS_HD_LPMOS_typ_1_80V_25C tc_cond 
NO6I1HDX0          2      60.211    D_CELLS_HD_LPMOS_typ_1_80V_25C tc_cond 
NO6I4HDX1          1      30.106    D_CELLS_HD_LPMOS_typ_1_80V_25C tc_cond 
NO6I5HDX1         51    1407.437    D_CELLS_HD_LPMOS_typ_1_80V_25C tc_cond 
OA211HDX0          4      70.246    D_CELLS_HD_LPMOS_typ_1_80V_25C tc_cond 
OA21HDX1           2      35.123    D_CELLS_HD_LPMOS_typ_1_80V_25C tc_cond 
OA221HDX0          1      25.088    D_CELLS_HD_LPMOS_typ_1_80V_25C tc_cond 
OA22HDX1           2      40.141    D_CELLS_HD_LPMOS_typ_1_80V_25C tc_cond 
OA311HDX0          1      22.579    D_CELLS_HD_LPMOS_typ_1_80V_25C tc_cond 
OA31HDX0           3      60.211    D_CELLS_HD_LPMOS_typ_1_80V_25C tc_cond 
OA321HDX0          1      25.088    D_CELLS_HD_LPMOS_typ_1_80V_25C tc_cond 
ON211HDX0          9     135.475    D_CELLS_HD_LPMOS_typ_1_80V_25C tc_cond 
ON21HDX1         176    2207.744    D_CELLS_HD_LPMOS_typ_1_80V_25C tc_cond 
ON221HDX1          1      22.579    D_CELLS_HD_LPMOS_typ_1_80V_25C tc_cond 
ON22HDX0           2      30.106    D_CELLS_HD_LPMOS_typ_1_80V_25C tc_cond 
ON22HDX1         448    7867.597    D_CELLS_HD_LPMOS_typ_1_80V_25C tc_cond 
ON311HDX1          5     100.352    D_CELLS_HD_LPMOS_typ_1_80V_25C tc_cond 
ON311HDX4          1      37.632    D_CELLS_HD_LPMOS_typ_1_80V_25C tc_cond 
ON31HDX0          10     150.528    D_CELLS_HD_LPMOS_typ_1_80V_25C tc_cond 
ON31HDX1           5      87.808    D_CELLS_HD_LPMOS_typ_1_80V_25C tc_cond 
ON321HDX1          1      25.088    D_CELLS_HD_LPMOS_typ_1_80V_25C tc_cond 
ON32HDX1           4      80.282    D_CELLS_HD_LPMOS_typ_1_80V_25C tc_cond 
ON33HDX1           2      45.158    D_CELLS_HD_LPMOS_typ_1_80V_25C tc_cond 
OR2HDX1           10     125.440    D_CELLS_HD_LPMOS_typ_1_80V_25C tc_cond 
OR2HDX4           29     582.042    D_CELLS_HD_LPMOS_typ_1_80V_25C tc_cond 
OR3HDX1            5      75.264    D_CELLS_HD_LPMOS_typ_1_80V_25C tc_cond 
OR4HDX1            2      45.158    D_CELLS_HD_LPMOS_typ_1_80V_25C tc_cond 
OR4HDX4            1      37.632    D_CELLS_HD_LPMOS_typ_1_80V_25C tc_cond 
OR5HDX1            2      50.176    D_CELLS_HD_LPMOS_typ_1_80V_25C tc_cond 
RO_tune4           2   23734.519    RO_tune4_real_abstract_shell   tc_cond 
---------------------------------------------------------------------------
total          17602  499340.279                                   


            Library            Instances    Area    Instances % 
----------------------------------------------------------------
D_CELLS_HD_LPMOS_typ_1_80V_25C     17600 475605.760       100.0 
RO_tune4_real_abstract_shell           2  23734.519         0.0 

                                           
     Type      Instances    Area    Area % 
-------------------------------------------
timing_model           2  23734.519    4.8 
sequential          5697 277400.525   55.6 
inverter            1733  17345.843    3.5 
buffer                74   2119.936    0.4 
logic              10096 178739.456   35.8 
physical_cells         0      0.000    0.0 
-------------------------------------------
total              17602 499340.279  100.0 

