============================================================
  Generated by:           Genus(TM) Synthesis Solution 22.13-s093_1
  Generated on:           Jun 04 2026  11:30:10 am
  Module:                 mptdc_top_asic
  Operating conditions:   typ_1_80V_25C 
  Interconnect mode:      global
  Area mode:              physical library
============================================================

Timing
--------

Analysis view       Clock       Period 
---------------------------------------
tc_view       clk_osc_fast       900.0 
              clk_osc_fast_tap1  900.0 
              clk_osc_fast_tap2  900.0 
              clk_osc_fast_tap3  900.0 
              clk_osc_fast_tap4  900.0 
              clk_osc_fast_tap5  900.0 
              clk_osc_fast_tap6  900.0 
              clk_osc_fast_tap7  900.0 
              clk_osc_slow      1000.0 
              clk_osc_slow_tap1 1000.0 
              clk_osc_slow_tap2 1000.0 
              clk_osc_slow_tap3 1000.0 
              clk_osc_slow_tap4 1000.0 
              clk_osc_slow_tap5 1000.0 
              clk_osc_slow_tap6 1000.0 
              clk_osc_slow_tap7 1000.0 
              clk_sys           6250.0 


Analysis        Cost        Critical             Violating 
  View         Group       Path Slack    TNS       Paths   
-----------------------------------------------------------
tc_view       clk_osc_fast     -416.6  -31078.1         87 
         clk_osc_fast_tap1     -424.1  -30799.7         87 
         clk_osc_fast_tap2     -424.1  -30799.7         87 
         clk_osc_fast_tap3     -424.1  -30799.7         87 
         clk_osc_fast_tap4     -424.1  -30875.3         87 
         clk_osc_fast_tap5     -424.5  -31081.4         87 
         clk_osc_fast_tap6     -424.1  -30799.7         87 
         clk_osc_fast_tap7     -424.1  -30799.7         87 
              clk_osc_slow       18.8       0.0          0 
         clk_osc_slow_tap1   No paths       0.0          0 
         clk_osc_slow_tap2   No paths       0.0          0 
         clk_osc_slow_tap3   No paths       0.0          0 
         clk_osc_slow_tap4   No paths       0.0          0 
         clk_osc_slow_tap5   No paths       0.0          0 
         clk_osc_slow_tap6   No paths       0.0          0 
         clk_osc_slow_tap7   No paths       0.0          0 
                   clk_sys        2.3       0.0          0 
                   default   No paths       0.0          0 
-----------------------------------------------------------
Total                                 -247033.3        696 
                                                           

Instance Count
--------------
Leaf Instance Count             17602 
Physical Instance count             0 
Sequential Instance Count        5697 
Combinational Instance Count    11905 
Hierarchical Instance Count        90 

Area
----
Cell Area                          499340.280
Physical Cell Area                 0.000
Total Cell Area (Cell+Physical)    499340.280
Net Area                           226282.744
Total Area (Cell+Physical+Net)     725623.024

Power
-----
Leakage Power                      109.419 nW
Dynamic Power                      190971438.470 nW
Total Power                        190971547.889 nW

Max Fanout                         4859 (clk_sys)
Min Fanout                         0 (local_async_rst_n)
Average Fanout                     2.6
Terms to net ratio                 3.6177
Terms to instance ratio            3.6773
Runtime                            469.298781999998 seconds
Elapsed Runtime                    428 seconds
Genus peak memory usage            2206.36 
Innovus peak memory usage          no_value 
Hostname                           lyoelectrosrv01.in2p3.fr
