# Excerpt from /sim/ksabra/SPADMIC_work/genus/genus_matrix_ooc_staged_20260630_1516/output_fifo/reports/timing/report_timing_post_generic.rpt
# First 220 lines
============================================================
  Generated by:           Genus(TM) Synthesis Solution 22.13-s093_1
  Generated on:           Jun 30 2026  03:30:12 pm
  Module:                 spadmic_output_fifo
  Operating conditions:   typ_1_80V_25C 
  Interconnect mode:      global
  Area mode:              physical library
============================================================


Path 1: MET (3245 ps) Setup Check with Pin mem_q_reg[508][15]/clk->sena
          Group: clk_sys
     Startpoint: (R) level_q_reg[2]/clk
          Clock: (R) clk_sys
       Endpoint: (R) mem_q_reg[508][15]/sena
          Clock: (R) clk_sys

                     Capture       Launch     
        Clock Edge:+    6250            0     
       Src Latency:+       0            0     
       Net Latency:+       0 (I)        0 (I) 
           Arrival:=    6250            0     
                                              
             Setup:-     507                  
     Required Time:=    5743                  
      Launch Clock:-       0                  
         Data Path:-    2498                  
             Slack:=    3245                  

#----------------------------------------------------------------------------------------------------------
#      Timing Point       Flags    Arc    Edge       Cell         Fanout Load Trans Delay Arrival Instance 
#                                                                        (fF)  (ps)  (ps)   (ps)  Location 
#----------------------------------------------------------------------------------------------------------
  level_q_reg[2]/clk      -       -       R     (arrival)           8221    -     0     0       0    (-,-) 
  level_q_reg[2]/q        (u)     clk->q  R     unmapped_d_flop        9 72.7     0   735     735    (-,-) 
  g22609/z                (u)     in_1->z R     unmapped_or2           4 36.0     0   148     883    (-,-) 
  g24807/z                (u)     in_1->z R     unmapped_or2           1  9.0     0   100     983    (-,-) 
  g24724/z                (u)     in_1->z R     unmapped_or2           1  9.0     0   100    1083    (-,-) 
  g24694/z                (u)     in_0->z R     unmapped_or2           3 27.0     0   133    1216    (-,-) 
  g24667/z                (u)     in_1->z R     unmapped_or2           2  9.7     0   100    1316    (-,-) 
  g24653/z                (u)     in_0->z F     unmapped_nand2         2 18.4     0   119    1435    (-,-) 
  g24595/z                (u)     in_0->z F     unmapped_complex2      2 18.4     0   119    1554    (-,-) 
  g24574/z                (u)     in_0->z F     unmapped_complex2      5 46.0     0   165    1719    (-,-) 
  g24559/z                (u)     in_0->z F     unmapped_or2           8 73.6     0   225    1944    (-,-) 
  g24480/z                (u)     in_1->z F     unmapped_or2           4 36.8     0   148    2092    (-,-) 
  g23917/z                (u)     in_1->z F     unmapped_or2           4 36.8     0   148    2240    (-,-) 
  g25370/z                (u)     in_1->z R     unmapped_nor2         16 54.0     0   257    2498    (-,-) 
  mem_q_reg[508][15]/sena -       -       R     unmapped_d_flop       16    -     -     0    2498    (-,-) 
#----------------------------------------------------------------------------------------------------------

(u) : Net has unmapped pin(s).



Path 2: MET (3245 ps) Setup Check with Pin mem_q_reg[508][14]/clk->sena
          Group: clk_sys
     Startpoint: (R) level_q_reg[2]/clk
          Clock: (R) clk_sys
       Endpoint: (R) mem_q_reg[508][14]/sena
          Clock: (R) clk_sys

                     Capture       Launch     
        Clock Edge:+    6250            0     
       Src Latency:+       0            0     
       Net Latency:+       0 (I)        0 (I) 
           Arrival:=    6250            0     
                                              
             Setup:-     507                  
     Required Time:=    5743                  
      Launch Clock:-       0                  
         Data Path:-    2498                  
             Slack:=    3245                  

#----------------------------------------------------------------------------------------------------------
#      Timing Point       Flags    Arc    Edge       Cell         Fanout Load Trans Delay Arrival Instance 
#                                                                        (fF)  (ps)  (ps)   (ps)  Location 
#----------------------------------------------------------------------------------------------------------
  level_q_reg[2]/clk      -       -       R     (arrival)           8221    -     0     0       0    (-,-) 
  level_q_reg[2]/q        (u)     clk->q  R     unmapped_d_flop        9 72.7     0   735     735    (-,-) 
  g22609/z                (u)     in_1->z R     unmapped_or2           4 36.0     0   148     883    (-,-) 
  g24807/z                (u)     in_1->z R     unmapped_or2           1  9.0     0   100     983    (-,-) 
  g24724/z                (u)     in_1->z R     unmapped_or2           1  9.0     0   100    1083    (-,-) 
  g24694/z                (u)     in_0->z R     unmapped_or2           3 27.0     0   133    1216    (-,-) 
  g24667/z                (u)     in_1->z R     unmapped_or2           2  9.7     0   100    1316    (-,-) 
  g24653/z                (u)     in_0->z F     unmapped_nand2         2 18.4     0   119    1435    (-,-) 
  g24595/z                (u)     in_0->z F     unmapped_complex2      2 18.4     0   119    1554    (-,-) 
  g24574/z                (u)     in_0->z F     unmapped_complex2      5 46.0     0   165    1719    (-,-) 
  g24559/z                (u)     in_0->z F     unmapped_or2           8 73.6     0   225    1944    (-,-) 
  g24480/z                (u)     in_1->z F     unmapped_or2           4 36.8     0   148    2092    (-,-) 
  g23917/z                (u)     in_1->z F     unmapped_or2           4 36.8     0   148    2240    (-,-) 
  g25370/z                (u)     in_1->z R     unmapped_nor2         16 54.0     0   257    2498    (-,-) 
  mem_q_reg[508][14]/sena -       -       R     unmapped_d_flop       16    -     -     0    2498    (-,-) 
#----------------------------------------------------------------------------------------------------------

(u) : Net has unmapped pin(s).



Path 3: MET (3245 ps) Setup Check with Pin mem_q_reg[508][13]/clk->sena
          Group: clk_sys
     Startpoint: (R) level_q_reg[2]/clk
          Clock: (R) clk_sys
       Endpoint: (R) mem_q_reg[508][13]/sena
          Clock: (R) clk_sys

                     Capture       Launch     
        Clock Edge:+    6250            0     
       Src Latency:+       0            0     
       Net Latency:+       0 (I)        0 (I) 
           Arrival:=    6250            0     
                                              
             Setup:-     507                  
     Required Time:=    5743                  
      Launch Clock:-       0                  
         Data Path:-    2498                  
             Slack:=    3245                  

#----------------------------------------------------------------------------------------------------------
#      Timing Point       Flags    Arc    Edge       Cell         Fanout Load Trans Delay Arrival Instance 
#                                                                        (fF)  (ps)  (ps)   (ps)  Location 
#----------------------------------------------------------------------------------------------------------
  level_q_reg[2]/clk      -       -       R     (arrival)           8221    -     0     0       0    (-,-) 
  level_q_reg[2]/q        (u)     clk->q  R     unmapped_d_flop        9 72.7     0   735     735    (-,-) 
  g22609/z                (u)     in_1->z R     unmapped_or2           4 36.0     0   148     883    (-,-) 
  g24807/z                (u)     in_1->z R     unmapped_or2           1  9.0     0   100     983    (-,-) 
  g24724/z                (u)     in_1->z R     unmapped_or2           1  9.0     0   100    1083    (-,-) 
  g24694/z                (u)     in_0->z R     unmapped_or2           3 27.0     0   133    1216    (-,-) 
  g24667/z                (u)     in_1->z R     unmapped_or2           2  9.7     0   100    1316    (-,-) 
  g24653/z                (u)     in_0->z F     unmapped_nand2         2 18.4     0   119    1435    (-,-) 
  g24595/z                (u)     in_0->z F     unmapped_complex2      2 18.4     0   119    1554    (-,-) 
  g24574/z                (u)     in_0->z F     unmapped_complex2      5 46.0     0   165    1719    (-,-) 
  g24559/z                (u)     in_0->z F     unmapped_or2           8 73.6     0   225    1944    (-,-) 
  g24480/z                (u)     in_1->z F     unmapped_or2           4 36.8     0   148    2092    (-,-) 
  g23917/z                (u)     in_1->z F     unmapped_or2           4 36.8     0   148    2240    (-,-) 
  g25370/z                (u)     in_1->z R     unmapped_nor2         16 54.0     0   257    2498    (-,-) 
  mem_q_reg[508][13]/sena -       -       R     unmapped_d_flop       16    -     -     0    2498    (-,-) 
#----------------------------------------------------------------------------------------------------------

(u) : Net has unmapped pin(s).



Path 4: MET (3245 ps) Setup Check with Pin mem_q_reg[508][12]/clk->sena
          Group: clk_sys
     Startpoint: (R) level_q_reg[2]/clk
          Clock: (R) clk_sys
       Endpoint: (R) mem_q_reg[508][12]/sena
          Clock: (R) clk_sys

                     Capture       Launch     
        Clock Edge:+    6250            0     
       Src Latency:+       0            0     
       Net Latency:+       0 (I)        0 (I) 
           Arrival:=    6250            0     
                                              
             Setup:-     507                  
     Required Time:=    5743                  
      Launch Clock:-       0                  
         Data Path:-    2498                  
             Slack:=    3245                  

#----------------------------------------------------------------------------------------------------------
#      Timing Point       Flags    Arc    Edge       Cell         Fanout Load Trans Delay Arrival Instance 
#                                                                        (fF)  (ps)  (ps)   (ps)  Location 
#----------------------------------------------------------------------------------------------------------
  level_q_reg[2]/clk      -       -       R     (arrival)           8221    -     0     0       0    (-,-) 
  level_q_reg[2]/q        (u)     clk->q  R     unmapped_d_flop        9 72.7     0   735     735    (-,-) 
  g22609/z                (u)     in_1->z R     unmapped_or2           4 36.0     0   148     883    (-,-) 
  g24807/z                (u)     in_1->z R     unmapped_or2           1  9.0     0   100     983    (-,-) 
  g24724/z                (u)     in_1->z R     unmapped_or2           1  9.0     0   100    1083    (-,-) 
  g24694/z                (u)     in_0->z R     unmapped_or2           3 27.0     0   133    1216    (-,-) 
  g24667/z                (u)     in_1->z R     unmapped_or2           2  9.7     0   100    1316    (-,-) 
  g24653/z                (u)     in_0->z F     unmapped_nand2         2 18.4     0   119    1435    (-,-) 
  g24595/z                (u)     in_0->z F     unmapped_complex2      2 18.4     0   119    1554    (-,-) 
  g24574/z                (u)     in_0->z F     unmapped_complex2      5 46.0     0   165    1719    (-,-) 
  g24559/z                (u)     in_0->z F     unmapped_or2           8 73.6     0   225    1944    (-,-) 
  g24480/z                (u)     in_1->z F     unmapped_or2           4 36.8     0   148    2092    (-,-) 
  g23917/z                (u)     in_1->z F     unmapped_or2           4 36.8     0   148    2240    (-,-) 
  g25370/z                (u)     in_1->z R     unmapped_nor2         16 54.0     0   257    2498    (-,-) 
  mem_q_reg[508][12]/sena -       -       R     unmapped_d_flop       16    -     -     0    2498    (-,-) 
#----------------------------------------------------------------------------------------------------------

(u) : Net has unmapped pin(s).



Path 5: MET (3245 ps) Setup Check with Pin mem_q_reg[508][11]/clk->sena
          Group: clk_sys
     Startpoint: (R) level_q_reg[2]/clk
          Clock: (R) clk_sys
       Endpoint: (R) mem_q_reg[508][11]/sena
          Clock: (R) clk_sys

                     Capture       Launch     
        Clock Edge:+    6250            0     
       Src Latency:+       0            0     
       Net Latency:+       0 (I)        0 (I) 
           Arrival:=    6250            0     
                                              
             Setup:-     507                  
     Required Time:=    5743                  
      Launch Clock:-       0                  
         Data Path:-    2498                  
             Slack:=    3245                  

#----------------------------------------------------------------------------------------------------------
#      Timing Point       Flags    Arc    Edge       Cell         Fanout Load Trans Delay Arrival Instance 
#                                                                        (fF)  (ps)  (ps)   (ps)  Location 
#----------------------------------------------------------------------------------------------------------
  level_q_reg[2]/clk      -       -       R     (arrival)           8221    -     0     0       0    (-,-) 
  level_q_reg[2]/q        (u)     clk->q  R     unmapped_d_flop        9 72.7     0   735     735    (-,-) 
  g22609/z                (u)     in_1->z R     unmapped_or2           4 36.0     0   148     883    (-,-) 
  g24807/z                (u)     in_1->z R     unmapped_or2           1  9.0     0   100     983    (-,-) 
  g24724/z                (u)     in_1->z R     unmapped_or2           1  9.0     0   100    1083    (-,-) 
  g24694/z                (u)     in_0->z R     unmapped_or2           3 27.0     0   133    1216    (-,-) 
  g24667/z                (u)     in_1->z R     unmapped_or2           2  9.7     0   100    1316    (-,-) 
  g24653/z                (u)     in_0->z F     unmapped_nand2         2 18.4     0   119    1435    (-,-) 
  g24595/z                (u)     in_0->z F     unmapped_complex2      2 18.4     0   119    1554    (-,-) 
  g24574/z                (u)     in_0->z F     unmapped_complex2      5 46.0     0   165    1719    (-,-) 
  g24559/z                (u)     in_0->z F     unmapped_or2           8 73.6     0   225    1944    (-,-) 
