============================================================
  Generated by:           Genus(TM) Synthesis Solution 22.13-s093_1
  Generated on:           May 27 2026  09:54:34 am
  Module:                 mptdc_top_asic
  Operating conditions:   slow_1_62V_125C 
  Interconnect mode:      global
  Area mode:              physical library
============================================================

Timing
--------

Analysis view       Clock       Period 
---------------------------------------
wc_view       clk_osc_fast       900.0 
              clk_osc_fast_tap1  900.0 
              clk_osc_fast_tap2  900.0 
              clk_osc_fast_tap3  900.0 
              clk_osc_fast_tap4  900.0 
              clk_osc_fast_tap5  900.0 
              clk_osc_fast_tap6  900.0 
              clk_osc_fast_tap7  900.0 
              clk_osc_slow      1000.0 
              clk_osc_slow_tap1 1000.0 
              clk_osc_slow_tap2 1000.0 
              clk_osc_slow_tap3 1000.0 
              clk_osc_slow_tap4 1000.0 
              clk_osc_slow_tap5 1000.0 
              clk_osc_slow_tap6 1000.0 
              clk_osc_slow_tap7 1000.0 
              clk_sys           6250.0 


Analysis        Cost        Critical              Violating 
  View         Group       Path Slack     TNS       Paths   
------------------------------------------------------------
wc_view       clk_osc_fast    -4581.0  -454632.5        220 
         clk_osc_fast_tap1    -2896.5  -330084.0        128 
         clk_osc_fast_tap2    -2846.5  -327284.0        128 
         clk_osc_fast_tap3    -2796.5  -324484.0        128 
         clk_osc_fast_tap4    -2746.5  -321684.0        128 
         clk_osc_fast_tap5    -2696.5  -318884.0        128 
         clk_osc_fast_tap6    -2646.5  -316084.0        128 
         clk_osc_fast_tap7    -2596.5  -313284.0        128 
              clk_osc_slow    -4877.9  -107075.5         31 
         clk_osc_slow_tap1   No paths        0.0          0 
         clk_osc_slow_tap2   No paths        0.0          0 
         clk_osc_slow_tap3   No paths        0.0          0 
         clk_osc_slow_tap4   No paths        0.0          0 
         clk_osc_slow_tap5   No paths        0.0          0 
         clk_osc_slow_tap6   No paths        0.0          0 
         clk_osc_slow_tap7   No paths        0.0          0 
                   clk_sys    -5444.7 -1862395.3       3602 
                   default   No paths        0.0          0 
------------------------------------------------------------
Total                                 -4675891.3       4749 
                                                            

Instance Count
--------------
Leaf Instance Count             10228 
Physical Instance count             0 
Sequential Instance Count        6222 
Combinational Instance Count     4007 
Hierarchical Instance Count       344 

Area
----
Cell Area                          407280.065
Physical Cell Area                 0.000
Total Cell Area (Cell+Physical)    407280.065
Net Area                           821.484
Total Area (Cell+Physical+Net)     408101.549

Power
-----
Leakage Power                      6190.652 nW
Dynamic Power                      70909441.906 nW
Total Power                        70915632.558 nW

Max Fanout                         5423 (clk_sys)
Min Fanout                         0 (n_7)
Average Fanout                     1.8
Terms to net ratio                 2.8899
Terms to instance ratio            6.5770
Runtime                            31.194567 seconds
Elapsed Runtime                    36 seconds
Genus peak memory usage            1688.34 
Innovus peak memory usage          no_value 
Hostname                           lyoelectrosrv01.in2p3.fr
