        Initializing DRC engine.
============================================================
  Generated by:           Genus(TM) Synthesis Solution 22.13-s093_1
  Generated on:           Jun 04 2026  12:06:43 pm
  Module:                 mptdc_top_asic
  Operating conditions:   typ_1_80V_25C 
  Interconnect mode:      global
  Area mode:              physical library
============================================================

Max_transition design rule (violation total = 23)
Pin                  Slew           Max     Violation
-------------------------------------------------------
g68197/C              504           500             4
  --> Other violations on net 19
g68063/C              504           500             4
  --> Other violations on net 19
g67963/C              504           500             4
  --> Other violations on net 19
g67873/C              504           500             4
  --> Other violations on net 19
g67875/C              504           500             4
  --> Other violations on net 19
fopt36/Q              504           500             4
  --> Other violations on net 19


Max_capacitance design rule: no violations.


Max_fanout design rule: no violations.



