LABEL=SPADMIC_POSITION_PVS_DRC_RULE_SEMANTICS_REVIEW
STATUS=PASS
RESULT=NAMED_RULE_SET_AND_CONDITIONAL_EVIDENCE_RECORDED_FOR_MANUAL_REVIEW
SOURCE_RULE_SETUP_ROOT=/sim/ksabra/SPADMIC_work/diagnostics/position_pvs_drc_rule_setup_discovery_20260717_150856
SOURCE_RULE_SETUP_STATUS_SHA256=b54eb78f97839ddfc0b782576e04ecc64d2f327a4cd0c7c43764d8d1a6b95f04
PACKAGE=/sim/ksabra/SPADMIC_work/handoff/innovus/blocks/spadmic_position_core/innovus_ooc_harden_position_core_gridfit_20260717_114810
PACKAGE_GDS_SHA256=ebba26a43c6fdf8257b60625ac7f823d7ce13a3c9b83607470393116b49f72e1
PRIMARY_SEED=/group/validmgr/PROJET/Prj_xh018/ebecheto/cds_V0/layoutverification/pvs_drc/spadmic_tx_packet_core
PROJECT_PVS_ROOT=/group/validmgr/PROJET/Prj_xh018/ebecheto/cds_V0/.pvsSetup/PVS
PDK_PVS_ROOT=/data/pdk/xfab/xh018/cadence/v10_1/pvs/v10_1_1/PVS
DRC_RULE_SHA256=0b1ce563da515dd50d17a5e16baa2a2addc10354aa06ab5e1a111b01ed039cb6
PVS_CONFIG_SHA256=c4e82fbcca0db9454924969d010aab6b34ab480bc44a3a28aa53e26b73a1ead7
SEMANTICS_COLLECTOR_RC=0
SEMANTICS_COLLECTOR_GATE_RC=0
SOURCE_REFERENCE_GATE_RC=0
SOURCE_POST_RECHECK_RC=0
PACKAGE_POST_REVIEW_SHA_MANIFEST_RC=0
DEFAULT_RULE_SET_EVIDENCE_STATUS=PASS
DEFAULT_RULE_SET_SELECTION_STATUS=REVIEW_REQUIRED
PREPROCESSOR_SEMANTIC_REVIEW_STATUS=REVIEW_REQUIRED
PACKAGE_MODIFIED=NO
SOURCE_TEMPLATE_WRITE_ATTEMPTED=NO
RULE_DECK_COPIED=NO
PVS_TEMPLATE_CREATED=NO
TEMPLATE_SELECTION_AUTHORIZED=NO
CROSS_BLOCK_TEMPLATE_REUSE_AUTHORIZED=NO
STRICT_DRY_RUN_PREFLIGHT_AUTHORIZED=NO
PVS_REPLAY_AUTHORIZED=NO
PVS_EXECUTED=NO
PVS_BASE_DRC_STATUS=NOT_RUN
PVS_DENSITY_DRC_STATUS=NOT_RUN
PVS_LVS_STATUS=NOT_RUN
BLOCK_PROMOTION_AUTHORIZED=NO
SIGNOFF_READY=NO
NEXT_GATE=RETURN_NAMED_RULE_SETS_AND_CONDITIONAL_BLOCKS_FOR_MANUAL_REVIEW
