STEP=RO6_OA_VDD_PIN_LABEL_REPAIR
STATUS=PASS
TARGET=Prj_xh018_ksabra/RO_tune6/layout
TARGET_NET=VDD
TARGET_LAYER=METTP
TARGET_PURPOSE=pin
TARGET_BOX=-68.700000,-31.950000,-66.670000,-30.115000
LABEL_LAYER=MET3
LABEL_PURPOSE=TEXT
LABEL_TEXT=VDD
LABEL_ORIGIN=-67.685000,-31.032500
PRE_TERMINAL_COUNT=21
POST_TERMINAL_COUNT=21
PRE_SHAPE_COUNT=161
POST_SHAPE_COUNT=162
PRE_INSTANCE_COUNT=8
POST_INSTANCE_COUNT=8
PRE_VDD_PIN_COUNT=0
POST_VDD_PIN_COUNT=1
PRE_VDD_LABEL_COUNT=0
POST_VDD_LABEL_COUNT=1
CREATED_METAL_SHAPE_COUNT=0
DELETED_OBJECT_COUNT=0
MOVED_OBJECT_COUNT=0
RENAMED_NET_COUNT=0
RENAMED_TERMINAL_COUNT=0
GLOBAL_ALIAS_EDIT_COUNT=0
SCHEMATIC_EDIT_COUNT=0
OA_REPAIR_STATUS=PASS
