STEP=RO6_OA_VDD_EXPORT_CLASSIFICATION
OA_SUMMARY_TERMINAL_COUNT=21
OA_TERMINAL_NAME_COUNT=21
OA_TERMINAL_NAME_SET=S<0>,S<1>,S<2>,S<3>,S<4>,S<5>,S<6>,S<7>,VDD,VSS,code<0>,code<1>,code<2>,code<3>,code<4>,code<5>,code<6>,code<7>,gnd!,rstb,vdd!
OA_EXPECTED_TERMINAL_SET_STATUS=FAIL
OA_EXPECTED_TERMINAL_SUBSET_STATUS=PASS
OA_UNEXPECTED_TERMINAL_COUNT=2
OA_UNEXPECTED_TERMINAL_SET=gnd!,vdd!
OA_EMPTY_GLOBAL_ALIAS_STATUS=PASS
OA_TERMINAL_CONTRACT_STATUS=PASS
OA_VDD_TERMINAL_COUNT=1
OA_VDD_PIN_COUNT=1
OA_VDD_PIN_FIG_COUNT=1
OA_VDD_NET_SET=VDD
OA_VDD_PIN_LPP_SET=METTP:pin
OA_VDD_PIN_BOX_SET=-68.700000,-31.950000,-66.670000,-30.115000
OA_VDD_EXPLICIT_LABEL_COUNT=1
OA_VDD_GLOBAL_LABEL_SHAPE_COUNT=1
OA_VDD_PIN_FIG_TEXT_COUNT=0
OA_VDD_LABEL_LPP_SET=MET3:TEXT
OA_VDD_LABEL_BOX_SET=-67.838000,-31.083000,-67.532000,-30.983000
OA_VDD_LIKE_LABEL_COUNT=1
OA_VDD_LIKE_LABEL_TEXT_SET=VDD
OA_VDD_LIKE_LABEL_LPP_SET=MET3:TEXT
OA_VSS_TERMINAL_COUNT=1
OA_VSS_PIN_COUNT=2
OA_VSS_PIN_FIG_COUNT=2
OA_VSS_NET_SET=VSS
OA_VSS_PIN_LPP_SET=MET1:pin,METTP:pin
OA_VSS_PIN_BOX_SET=-68.695000,-53.315000,-67.015000,-45.650000
OA_VSS_EXPLICIT_LABEL_COUNT=2
OA_VSS_GLOBAL_LABEL_SHAPE_COUNT=2
OA_VSS_PIN_FIG_TEXT_COUNT=0
OA_VSS_LABEL_LPP_SET=MET1:TEXT
OA_VSS_LABEL_BOX_SET=-68.594000,-53.235000,-68.316000,-53.135000
OA_VSS_LIKE_LABEL_COUNT=2
OA_VSS_LIKE_LABEL_TEXT_SET=VSS
OA_EXPLICIT_LABELLED_TERMINAL_COUNT=19
OA_EXPLICIT_LABELLED_TERMINAL_SET=S<0>,S<1>,S<2>,S<3>,S<4>,S<5>,S<6>,S<7>,VDD,VSS,code<0>,code<1>,code<2>,code<3>,code<4>,code<5>,code<6>,code<7>,rstb
OA_VDD_NET_ASSOCIATED_SHAPE_COUNT=7
OA_VDD_NET_ASSOCIATED_SHAPE_LPP_SET=MET1:drawing,MET2:drawing,MET3:drawing,METTP:pin
OA_VDD_NET_ASSOCIATED_SHAPE_BOX_SET=-66.670000,-36.465000,-64.990000,-30.115000;-68.700000,-31.950000,-66.670000,-30.115000
OA_VSS_NET_ASSOCIATED_SHAPE_COUNT=2
OA_GOLDEN_VDD_PIN_BOX=-66.670,-71.560,-61.525,-68.325
OA_GOLDEN_VDD_PIN_OVERLAP_SHAPE_COUNT=1
OA_GOLDEN_VDD_PIN_OVERLAP_VDD_SHAPE_COUNT=0
OA_VDD_EXPORT_DIAGNOSIS=VDD_PIN_LABEL_CONTRACT_PRESENT
OA_VDD_EXPORT_REVIEW_ACTION=EXPORT_FRESH_RO6_GDS_AND_RERUN_STANDALONE_LVS
ERROR_COUNT=0
OA_PROBE_CLASSIFICATION_STATUS=PASS
