============================================================
  Generated by:           Genus(TM) Synthesis Solution 22.13-s093_1
  Generated on:           May 28 2026  03:15:00 pm
  Module:                 mptdc_top_asic
  Operating conditions:   slow_1_62V_125C 
  Interconnect mode:      global
  Area mode:              physical library
============================================================


Path 1: VIOLATED (-3163 ps) Setup Check with Pin u_core_gen_pd_row[6].gen_pd_col[1].u_pd/nfast_hit_latched_reg[0]/C->D
           View: wc_view
          Group: clk_osc_fast_tap1
     Startpoint: (R) u_core_u_fast_cnt/bin_q_reg[0]/C
          Clock: (R) clk_osc_fast
       Endpoint: (F) u_core_gen_pd_row[6].gen_pd_col[1].u_pd/nfast_hit_latched_reg[0]/D
          Clock: (R) clk_osc_fast_tap1

                     Capture       Launch     
        Clock Edge:+      50            0     
       Src Latency:+       0            0     
       Net Latency:+       0 (I)        0 (I) 
           Arrival:=      50            0     
                                              
             Setup:-     640                  
       Uncertainty:-      50                  
     Required Time:=    -640                  
      Launch Clock:-       0                  
         Data Path:-    2523                  
             Slack:=   -3163                  

#--------------------------------------------------------------------------------------------------------------------------------------------
#                           Timing Point                             Flags   Arc   Edge   Cell     Fanout  Load Trans Delay Arrival Instance 
#                                                                                                          (fF)  (ps)  (ps)   (ps)  Location 
#--------------------------------------------------------------------------------------------------------------------------------------------
  u_core_u_fast_cnt/bin_q_reg[0]/C                                   -       -     R     (arrival)    111     -   150     0       0    (-,-) 
  u_core_u_fast_cnt/bin_q_reg[0]/Q                                   -       C->Q  F     DFRRQHDX1      4  62.2   435  1234    1234    (-,-) 
  g159964/Q                                                          -       A->Q  R     INHDX4         1  57.8   215   285    1519    (-,-) 
  g170949/Q                                                          -       A->Q  R     BUHDX12        2 198.3   184   310    1829    (-,-) 
  g170944/Q                                                          -       A->Q  F     INHDX12       32 299.8   214   248    2077    (-,-) 
  u_core_gen_pd_row[6].gen_pd_col[1].u_pd/g1171/Q                    -       A->Q  R     INHDX1         1  15.7   197   225    2302    (-,-) 
  u_core_gen_pd_row[6].gen_pd_col[1].u_pd/g37/Q                      -       A->Q  F     ON21HDX1       1  12.2   209   220    2522    (-,-) 
  u_core_gen_pd_row[6].gen_pd_col[1].u_pd/nfast_hit_latched_reg[0]/D -       -     F     DFRRQHDX4      1     -     -     0    2523    (-,-) 
#--------------------------------------------------------------------------------------------------------------------------------------------



Path 2: VIOLATED (-3163 ps) Setup Check with Pin u_core_gen_pd_row[3].gen_pd_col[1].u_pd/nfast_hit_latched_reg[0]/C->D
           View: wc_view
          Group: clk_osc_fast_tap1
     Startpoint: (R) u_core_u_fast_cnt/bin_q_reg[0]/C
          Clock: (R) clk_osc_fast
       Endpoint: (F) u_core_gen_pd_row[3].gen_pd_col[1].u_pd/nfast_hit_latched_reg[0]/D
          Clock: (R) clk_osc_fast_tap1

                     Capture       Launch     
        Clock Edge:+      50            0     
       Src Latency:+       0            0     
       Net Latency:+       0 (I)        0 (I) 
           Arrival:=      50            0     
                                              
             Setup:-     640                  
       Uncertainty:-      50                  
     Required Time:=    -640                  
      Launch Clock:-       0                  
         Data Path:-    2523                  
             Slack:=   -3163                  

#--------------------------------------------------------------------------------------------------------------------------------------------
#                           Timing Point                             Flags   Arc   Edge   Cell     Fanout  Load Trans Delay Arrival Instance 
#                                                                                                          (fF)  (ps)  (ps)   (ps)  Location 
#--------------------------------------------------------------------------------------------------------------------------------------------
  u_core_u_fast_cnt/bin_q_reg[0]/C                                   -       -     R     (arrival)    111     -   150     0       0    (-,-) 
  u_core_u_fast_cnt/bin_q_reg[0]/Q                                   -       C->Q  F     DFRRQHDX1      4  62.2   435  1234    1234    (-,-) 
  g159964/Q                                                          -       A->Q  R     INHDX4         1  57.8   215   285    1519    (-,-) 
  g170949/Q                                                          -       A->Q  R     BUHDX12        2 198.3   184   310    1829    (-,-) 
  g170944/Q                                                          -       A->Q  F     INHDX12       32 299.8   214   248    2077    (-,-) 
  u_core_gen_pd_row[3].gen_pd_col[1].u_pd/g33/Q                      -       A->Q  R     INHDX1         1  15.7   197   225    2302    (-,-) 
  u_core_gen_pd_row[3].gen_pd_col[1].u_pd/g28/Q                      -       A->Q  F     ON21HDX1       1  12.2   209   220    2522    (-,-) 
  u_core_gen_pd_row[3].gen_pd_col[1].u_pd/nfast_hit_latched_reg[0]/D -       -     F     DFRRQHDX4      1     -     -     0    2523    (-,-) 
#--------------------------------------------------------------------------------------------------------------------------------------------



Path 3: VIOLATED (-3163 ps) Setup Check with Pin u_core_gen_pd_row[1].gen_pd_col[1].u_pd/nfast_hit_latched_reg[0]/C->D
           View: wc_view
          Group: clk_osc_fast_tap1
     Startpoint: (R) u_core_u_fast_cnt/bin_q_reg[0]/C
          Clock: (R) clk_osc_fast
       Endpoint: (F) u_core_gen_pd_row[1].gen_pd_col[1].u_pd/nfast_hit_latched_reg[0]/D
          Clock: (R) clk_osc_fast_tap1

                     Capture       Launch     
        Clock Edge:+      50            0     
       Src Latency:+       0            0     
       Net Latency:+       0 (I)        0 (I) 
           Arrival:=      50            0     
                                              
             Setup:-     640                  
       Uncertainty:-      50                  
     Required Time:=    -640                  
      Launch Clock:-       0                  
         Data Path:-    2523                  
             Slack:=   -3163                  

#--------------------------------------------------------------------------------------------------------------------------------------------
#                           Timing Point                             Flags   Arc   Edge   Cell     Fanout  Load Trans Delay Arrival Instance 
#                                                                                                          (fF)  (ps)  (ps)   (ps)  Location 
#--------------------------------------------------------------------------------------------------------------------------------------------
  u_core_u_fast_cnt/bin_q_reg[0]/C                                   -       -     R     (arrival)    111     -   150     0       0    (-,-) 
  u_core_u_fast_cnt/bin_q_reg[0]/Q                                   -       C->Q  F     DFRRQHDX1      4  62.2   435  1234    1234    (-,-) 
  g159964/Q                                                          -       A->Q  R     INHDX4         1  57.8   215   285    1519    (-,-) 
  g170949/Q                                                          -       A->Q  R     BUHDX12        2 198.3   184   310    1829    (-,-) 
  g170944/Q                                                          -       A->Q  F     INHDX12       32 299.8   214   248    2077    (-,-) 
  u_core_gen_pd_row[1].gen_pd_col[1].u_pd/g27/Q                      -       A->Q  R     INHDX1         1  15.7   197   225    2302    (-,-) 
  u_core_gen_pd_row[1].gen_pd_col[1].u_pd/g25/Q                      -       A->Q  F     ON21HDX1       1  12.2   209   220    2522    (-,-) 
  u_core_gen_pd_row[1].gen_pd_col[1].u_pd/nfast_hit_latched_reg[0]/D -       -     F     DFRRQHDX4      1     -     -     0    2523    (-,-) 
#--------------------------------------------------------------------------------------------------------------------------------------------



Path 4: VIOLATED (-3163 ps) Setup Check with Pin u_core_gen_pd_row[0].gen_pd_col[1].u_pd/nfast_hit_latched_reg[0]/C->D
           View: wc_view
          Group: clk_osc_fast_tap1
     Startpoint: (R) u_core_u_fast_cnt/bin_q_reg[0]/C
          Clock: (R) clk_osc_fast
       Endpoint: (F) u_core_gen_pd_row[0].gen_pd_col[1].u_pd/nfast_hit_latched_reg[0]/D
          Clock: (R) clk_osc_fast_tap1

                     Capture       Launch     
        Clock Edge:+      50            0     
       Src Latency:+       0            0     
       Net Latency:+       0 (I)        0 (I) 
           Arrival:=      50            0     
                                              
             Setup:-     640                  
       Uncertainty:-      50                  
     Required Time:=    -640                  
      Launch Clock:-       0                  
         Data Path:-    2523                  
             Slack:=   -3163                  

#--------------------------------------------------------------------------------------------------------------------------------------------
#                           Timing Point                             Flags   Arc   Edge   Cell     Fanout  Load Trans Delay Arrival Instance 
#                                                                                                          (fF)  (ps)  (ps)   (ps)  Location 
#--------------------------------------------------------------------------------------------------------------------------------------------
  u_core_u_fast_cnt/bin_q_reg[0]/C                                   -       -     R     (arrival)    111     -   150     0       0    (-,-) 
  u_core_u_fast_cnt/bin_q_reg[0]/Q                                   -       C->Q  F     DFRRQHDX1      4  62.2   435  1234    1234    (-,-) 
  g159964/Q                                                          -       A->Q  R     INHDX4         1  57.8   215   285    1519    (-,-) 
  g170949/Q                                                          -       A->Q  R     BUHDX12        2 198.3   184   310    1829    (-,-) 
  g170944/Q                                                          -       A->Q  F     INHDX12       32 299.8   214   248    2077    (-,-) 
  u_core_gen_pd_row[0].gen_pd_col[1].u_pd/g27/Q                      -       A->Q  R     INHDX1         1  15.7   197   225    2302    (-,-) 
  u_core_gen_pd_row[0].gen_pd_col[1].u_pd/g1253/Q                    -       A->Q  F     ON21HDX1       1  12.2   209   220    2522    (-,-) 
  u_core_gen_pd_row[0].gen_pd_col[1].u_pd/nfast_hit_latched_reg[0]/D -       -     F     DFRRQHDX4      1     -     -     0    2523    (-,-) 
#--------------------------------------------------------------------------------------------------------------------------------------------



Path 5: VIOLATED (-3162 ps) Setup Check with Pin u_core_gen_pd_row[7].gen_pd_col[1].u_pd/nfast_hit_latched_reg[0]/C->D
           View: wc_view
          Group: clk_osc_fast_tap1
     Startpoint: (R) u_core_u_fast_cnt/bin_q_reg[0]/C
          Clock: (R) clk_osc_fast
       Endpoint: (F) u_core_gen_pd_row[7].gen_pd_col[1].u_pd/nfast_hit_latched_reg[0]/D
          Clock: (R) clk_osc_fast_tap1

                     Capture       Launch     
        Clock Edge:+      50            0     
       Src Latency:+       0            0     
       Net Latency:+       0 (I)        0 (I) 
           Arrival:=      50            0     
                                              
             Setup:-     640                  
       Uncertainty:-      50                  
     Required Time:=    -640                  
      Launch Clock:-       0                  
         Data Path:-    2522                  
             Slack:=   -3162                  

#--------------------------------------------------------------------------------------------------------------------------------------------
#                           Timing Point                             Flags   Arc   Edge   Cell     Fanout  Load Trans Delay Arrival Instance 
#                                                                                                          (fF)  (ps)  (ps)   (ps)  Location 
#--------------------------------------------------------------------------------------------------------------------------------------------
  u_core_u_fast_cnt/bin_q_reg[0]/C                                   -       -     R     (arrival)    111     -   150     0       0    (-,-) 
  u_core_u_fast_cnt/bin_q_reg[0]/Q                                   -       C->Q  F     DFRRQHDX1      4  62.2   435  1234    1234    (-,-) 
  g159964/Q                                                          -       A->Q  R     INHDX4         1  57.8   215   285    1519    (-,-) 
  g170949/Q                                                          -       A->Q  R     BUHDX12        2 198.3   184   310    1829    (-,-) 
  g170948/Q                                                          -       A->Q  F     INHDX12       25 281.7   204   240    2069    (-,-) 
  u_core_gen_pd_row[7].gen_pd_col[1].u_pd/g1142/Q                    -       A->Q  R     INHDX1         1  14.3   184   210    2279    (-,-) 
  u_core_gen_pd_row[7].gen_pd_col[1].u_pd/g1215/Q                    -       B->Q  F     ON21HDX1       1  12.2   209   243    2522    (-,-) 
  u_core_gen_pd_row[7].gen_pd_col[1].u_pd/nfast_hit_latched_reg[0]/D -       -     F     DFRRQHDX4      1     -     -     0    2522    (-,-) 
#--------------------------------------------------------------------------------------------------------------------------------------------



Path 6: VIOLATED (-3162 ps) Setup Check with Pin u_core_gen_pd_row[5].gen_pd_col[1].u_pd/nfast_hit_latched_reg[0]/C->D
           View: wc_view
          Group: clk_osc_fast_tap1
     Startpoint: (R) u_core_u_fast_cnt/bin_q_reg[0]/C
          Clock: (R) clk_osc_fast
       Endpoint: (F) u_core_gen_pd_row[5].gen_pd_col[1].u_pd/nfast_hit_latched_reg[0]/D
          Clock: (R) clk_osc_fast_tap1

                     Capture       Launch     
        Clock Edge:+      50            0     
       Src Latency:+       0            0     
       Net Latency:+       0 (I)        0 (I) 
           Arrival:=      50            0     
                                              
             Setup:-     640                  
       Uncertainty:-      50                  
     Required Time:=    -640                  
      Launch Clock:-       0                  
         Data Path:-    2522                  
             Slack:=   -3162                  

#--------------------------------------------------------------------------------------------------------------------------------------------
#                           Timing Point                             Flags   Arc   Edge   Cell     Fanout  Load Trans Delay Arrival Instance 
#                                                                                                          (fF)  (ps)  (ps)   (ps)  Location 
#--------------------------------------------------------------------------------------------------------------------------------------------
  u_core_u_fast_cnt/bin_q_reg[0]/C                                   -       -     R     (arrival)    111     -   150     0       0    (-,-) 
  u_core_u_fast_cnt/bin_q_reg[0]/Q                                   -       C->Q  F     DFRRQHDX1      4  62.2   435  1234    1234    (-,-) 
  g159964/Q                                                          -       A->Q  R     INHDX4         1  57.8   215   285    1519    (-,-) 
  g170949/Q                                                          -       A->Q  R     BUHDX12        2 198.3   184   310    1829    (-,-) 
  g170948/Q                                                          -       A->Q  F     INHDX12       25 281.7   204   240    2069    (-,-) 
  u_core_gen_pd_row[5].gen_pd_col[1].u_pd/g1142/Q                    -       A->Q  R     INHDX1         1  14.3   184   210    2279    (-,-) 
  u_core_gen_pd_row[5].gen_pd_col[1].u_pd/g1121__1215/Q              -       B->Q  F     ON21HDX1       1  12.2   209   243    2522    (-,-) 
  u_core_gen_pd_row[5].gen_pd_col[1].u_pd/nfast_hit_latched_reg[0]/D -       -     F     DFRRQHDX4      1     -     -     0    2522    (-,-) 
#--------------------------------------------------------------------------------------------------------------------------------------------



Path 7: VIOLATED (-3162 ps) Setup Check with Pin u_core_gen_pd_row[4].gen_pd_col[1].u_pd/nfast_hit_latched_reg[0]/C->D
           View: wc_view
          Group: clk_osc_fast_tap1
     Startpoint: (R) u_core_u_fast_cnt/bin_q_reg[0]/C
          Clock: (R) clk_osc_fast
       Endpoint: (F) u_core_gen_pd_row[4].gen_pd_col[1].u_pd/nfast_hit_latched_reg[0]/D
          Clock: (R) clk_osc_fast_tap1

                     Capture       Launch     
        Clock Edge:+      50            0     
       Src Latency:+       0            0     
       Net Latency:+       0 (I)        0 (I) 
           Arrival:=      50            0     
                                              
             Setup:-     640                  
       Uncertainty:-      50                  
     Required Time:=    -640                  
      Launch Clock:-       0                  
         Data Path:-    2522                  
             Slack:=   -3162                  

#--------------------------------------------------------------------------------------------------------------------------------------------
#                           Timing Point                             Flags   Arc   Edge   Cell     Fanout  Load Trans Delay Arrival Instance 
#                                                                                                          (fF)  (ps)  (ps)   (ps)  Location 
#--------------------------------------------------------------------------------------------------------------------------------------------
  u_core_u_fast_cnt/bin_q_reg[0]/C                                   -       -     R     (arrival)    111     -   150     0       0    (-,-) 
  u_core_u_fast_cnt/bin_q_reg[0]/Q                                   -       C->Q  F     DFRRQHDX1      4  62.2   435  1234    1234    (-,-) 
  g159964/Q                                                          -       A->Q  R     INHDX4         1  57.8   215   285    1519    (-,-) 
  g170949/Q                                                          -       A->Q  R     BUHDX12        2 198.3   184   310    1829    (-,-) 
  g170948/Q                                                          -       A->Q  F     INHDX12       25 281.7   204   240    2069    (-,-) 
  u_core_gen_pd_row[4].gen_pd_col[1].u_pd/g1142/Q                    -       A->Q  R     INHDX1         1  14.3   184   210    2279    (-,-) 
  u_core_gen_pd_row[4].gen_pd_col[1].u_pd/g1121__9315/Q              -       B->Q  F     ON21HDX1       1  12.2   209   243    2522    (-,-) 
  u_core_gen_pd_row[4].gen_pd_col[1].u_pd/nfast_hit_latched_reg[0]/D -       -     F     DFRRQHDX4      1     -     -     0    2522    (-,-) 
#--------------------------------------------------------------------------------------------------------------------------------------------



Path 8: VIOLATED (-3162 ps) Setup Check with Pin u_core_gen_pd_row[2].gen_pd_col[1].u_pd/nfast_hit_latched_reg[0]/C->D
           View: wc_view
          Group: clk_osc_fast_tap1
     Startpoint: (R) u_core_u_fast_cnt/bin_q_reg[0]/C
          Clock: (R) clk_osc_fast
       Endpoint: (F) u_core_gen_pd_row[2].gen_pd_col[1].u_pd/nfast_hit_latched_reg[0]/D
          Clock: (R) clk_osc_fast_tap1

                     Capture       Launch     
        Clock Edge:+      50            0     
       Src Latency:+       0            0     
       Net Latency:+       0 (I)        0 (I) 
           Arrival:=      50            0     
                                              
             Setup:-     640                  
       Uncertainty:-      50                  
     Required Time:=    -640                  
      Launch Clock:-       0                  
         Data Path:-    2522                  
             Slack:=   -3162                  

#--------------------------------------------------------------------------------------------------------------------------------------------
#                           Timing Point                             Flags   Arc   Edge   Cell     Fanout  Load Trans Delay Arrival Instance 
#                                                                                                          (fF)  (ps)  (ps)   (ps)  Location 
#--------------------------------------------------------------------------------------------------------------------------------------------
  u_core_u_fast_cnt/bin_q_reg[0]/C                                   -       -     R     (arrival)    111     -   150     0       0    (-,-) 
  u_core_u_fast_cnt/bin_q_reg[0]/Q                                   -       C->Q  F     DFRRQHDX1      4  62.2   435  1234    1234    (-,-) 
  g159964/Q                                                          -       A->Q  R     INHDX4         1  57.8   215   285    1519    (-,-) 
  g170949/Q                                                          -       A->Q  R     BUHDX12        2 198.3   184   310    1829    (-,-) 
  g170948/Q                                                          -       A->Q  F     INHDX12       25 281.7   204   240    2069    (-,-) 
  u_core_gen_pd_row[2].gen_pd_col[1].u_pd/g1142/Q                    -       A->Q  R     INHDX1         1  14.3   184   210    2279    (-,-) 
  u_core_gen_pd_row[2].gen_pd_col[1].u_pd/g1121__9315/Q              -       B->Q  F     ON21HDX1       1  12.2   209   243    2522    (-,-) 
  u_core_gen_pd_row[2].gen_pd_col[1].u_pd/nfast_hit_latched_reg[0]/D -       -     F     DFRRQHDX4      1     -     -     0    2522    (-,-) 
#--------------------------------------------------------------------------------------------------------------------------------------------



Path 9: VIOLATED (-3149 ps) Setup Check with Pin u_core_gen_pd_row[7].gen_pd_col[1].u_pd/nfast_hit_latched_reg[3]/C->D
           View: wc_view
          Group: clk_osc_fast_tap1
     Startpoint: (R) u_core_u_fast_cnt/bin_q_reg[3]/C
          Clock: (R) clk_osc_fast
       Endpoint: (F) u_core_gen_pd_row[7].gen_pd_col[1].u_pd/nfast_hit_latched_reg[3]/D
          Clock: (R) clk_osc_fast_tap1

                     Capture       Launch     
        Clock Edge:+      50            0     
       Src Latency:+       0            0     
       Net Latency:+       0 (I)        0 (I) 
           Arrival:=      50            0     
                                              
             Setup:-     644                  
       Uncertainty:-      50                  
     Required Time:=    -644                  
      Launch Clock:-       0                  
         Data Path:-    2505                  
             Slack:=   -3149                  

#--------------------------------------------------------------------------------------------------------------------------------------------
#                           Timing Point                             Flags   Arc   Edge   Cell     Fanout  Load Trans Delay Arrival Instance 
#                                                                                                          (fF)  (ps)  (ps)   (ps)  Location 
#--------------------------------------------------------------------------------------------------------------------------------------------
  u_core_u_fast_cnt/bin_q_reg[3]/C                                   -       -     R     (arrival)    111     -   150     0       0    (-,-) 
  u_core_u_fast_cnt/bin_q_reg[3]/Q                                   -       C->Q  F     DFRRQHDX1      3  55.7   410  1206    1206    (-,-) 
  g162326/Q                                                          -       A->Q  R     INHDX4         1  57.8   211   277    1484    (-,-) 
  g162325/Q                                                          -       A->Q  R     BUHDX12        3 201.1   186   310    1794    (-,-) 
  g162329/Q                                                          -       A->Q  F     INHDX12       32 305.6   217   252    2046    (-,-) 
  u_core_gen_pd_row[7].gen_pd_col[1].u_pd/g1140/Q                    -       A->Q  R     INHDX1         1  14.3   186   215    2261    (-,-) 
  u_core_gen_pd_row[7].gen_pd_col[1].u_pd/g1120__6161/Q              -       B->Q  F     ON21HDX1       1  12.2   224   244    2505    (-,-) 
  u_core_gen_pd_row[7].gen_pd_col[1].u_pd/nfast_hit_latched_reg[3]/D -       -     F     DFRRQHDX4      1     -     -     0    2505    (-,-) 
#--------------------------------------------------------------------------------------------------------------------------------------------



Path 10: VIOLATED (-3149 ps) Setup Check with Pin u_core_gen_pd_row[5].gen_pd_col[1].u_pd/nfast_hit_latched_reg[3]/C->D
           View: wc_view
          Group: clk_osc_fast_tap1
     Startpoint: (R) u_core_u_fast_cnt/bin_q_reg[3]/C
          Clock: (R) clk_osc_fast
       Endpoint: (F) u_core_gen_pd_row[5].gen_pd_col[1].u_pd/nfast_hit_latched_reg[3]/D
          Clock: (R) clk_osc_fast_tap1

                     Capture       Launch     
        Clock Edge:+      50            0     
       Src Latency:+       0            0     
       Net Latency:+       0 (I)        0 (I) 
           Arrival:=      50            0     
                                              
             Setup:-     644                  
       Uncertainty:-      50                  
     Required Time:=    -644                  
      Launch Clock:-       0                  
         Data Path:-    2505                  
             Slack:=   -3149                  

#--------------------------------------------------------------------------------------------------------------------------------------------
#                           Timing Point                             Flags   Arc   Edge   Cell     Fanout  Load Trans Delay Arrival Instance 
#                                                                                                          (fF)  (ps)  (ps)   (ps)  Location 
#--------------------------------------------------------------------------------------------------------------------------------------------
  u_core_u_fast_cnt/bin_q_reg[3]/C                                   -       -     R     (arrival)    111     -   150     0       0    (-,-) 
  u_core_u_fast_cnt/bin_q_reg[3]/Q                                   -       C->Q  F     DFRRQHDX1      3  55.7   410  1206    1206    (-,-) 
  g162326/Q                                                          -       A->Q  R     INHDX4         1  57.8   211   277    1484    (-,-) 
  g162325/Q                                                          -       A->Q  R     BUHDX12        3 201.1   186   310    1794    (-,-) 
  g162329/Q                                                          -       A->Q  F     INHDX12       32 305.6   217   252    2046    (-,-) 
  u_core_gen_pd_row[5].gen_pd_col[1].u_pd/g1140/Q                    -       A->Q  R     INHDX1         1  14.3   186   215    2261    (-,-) 
  u_core_gen_pd_row[5].gen_pd_col[1].u_pd/g1120__6161/Q              -       B->Q  F     ON21HDX1       1  12.2   224   244    2505    (-,-) 
  u_core_gen_pd_row[5].gen_pd_col[1].u_pd/nfast_hit_latched_reg[3]/D -       -     F     DFRRQHDX4      1     -     -     0    2505    (-,-) 
#--------------------------------------------------------------------------------------------------------------------------------------------



Path 11: VIOLATED (-3149 ps) Setup Check with Pin u_core_gen_pd_row[4].gen_pd_col[1].u_pd/nfast_hit_latched_reg[3]/C->D
           View: wc_view
          Group: clk_osc_fast_tap1
     Startpoint: (R) u_core_u_fast_cnt/bin_q_reg[3]/C
          Clock: (R) clk_osc_fast
       Endpoint: (F) u_core_gen_pd_row[4].gen_pd_col[1].u_pd/nfast_hit_latched_reg[3]/D
          Clock: (R) clk_osc_fast_tap1

                     Capture       Launch     
        Clock Edge:+      50            0     
       Src Latency:+       0            0     
       Net Latency:+       0 (I)        0 (I) 
           Arrival:=      50            0     
                                              
             Setup:-     644                  
       Uncertainty:-      50                  
     Required Time:=    -644                  
      Launch Clock:-       0                  
         Data Path:-    2505                  
             Slack:=   -3149                  

#--------------------------------------------------------------------------------------------------------------------------------------------
#                           Timing Point                             Flags   Arc   Edge   Cell     Fanout  Load Trans Delay Arrival Instance 
#                                                                                                          (fF)  (ps)  (ps)   (ps)  Location 
#--------------------------------------------------------------------------------------------------------------------------------------------
  u_core_u_fast_cnt/bin_q_reg[3]/C                                   -       -     R     (arrival)    111     -   150     0       0    (-,-) 
  u_core_u_fast_cnt/bin_q_reg[3]/Q                                   -       C->Q  F     DFRRQHDX1      3  55.7   410  1206    1206    (-,-) 
  g162326/Q                                                          -       A->Q  R     INHDX4         1  57.8   211   277    1484    (-,-) 
  g162325/Q                                                          -       A->Q  R     BUHDX12        3 201.1   186   310    1794    (-,-) 
  g162329/Q                                                          -       A->Q  F     INHDX12       32 305.6   217   252    2046    (-,-) 
  u_core_gen_pd_row[4].gen_pd_col[1].u_pd/g1140/Q                    -       A->Q  R     INHDX1         1  14.3   186   215    2261    (-,-) 
  u_core_gen_pd_row[4].gen_pd_col[1].u_pd/g1120__6161/Q              -       B->Q  F     ON21HDX1       1  12.2   224   244    2505    (-,-) 
  u_core_gen_pd_row[4].gen_pd_col[1].u_pd/nfast_hit_latched_reg[3]/D -       -     F     DFRRQHDX4      1     -     -     0    2505    (-,-) 
#--------------------------------------------------------------------------------------------------------------------------------------------



Path 12: VIOLATED (-3149 ps) Setup Check with Pin u_core_gen_pd_row[2].gen_pd_col[1].u_pd/nfast_hit_latched_reg[3]/C->D
           View: wc_view
          Group: clk_osc_fast_tap1
     Startpoint: (R) u_core_u_fast_cnt/bin_q_reg[3]/C
          Clock: (R) clk_osc_fast
       Endpoint: (F) u_core_gen_pd_row[2].gen_pd_col[1].u_pd/nfast_hit_latched_reg[3]/D
          Clock: (R) clk_osc_fast_tap1

                     Capture       Launch     
        Clock Edge:+      50            0     
       Src Latency:+       0            0     
       Net Latency:+       0 (I)        0 (I) 
           Arrival:=      50            0     
                                              
             Setup:-     644                  
       Uncertainty:-      50                  
     Required Time:=    -644                  
      Launch Clock:-       0                  
         Data Path:-    2505                  
             Slack:=   -3149                  

#--------------------------------------------------------------------------------------------------------------------------------------------
#                           Timing Point                             Flags   Arc   Edge   Cell     Fanout  Load Trans Delay Arrival Instance 
#                                                                                                          (fF)  (ps)  (ps)   (ps)  Location 
#--------------------------------------------------------------------------------------------------------------------------------------------
  u_core_u_fast_cnt/bin_q_reg[3]/C                                   -       -     R     (arrival)    111     -   150     0       0    (-,-) 
  u_core_u_fast_cnt/bin_q_reg[3]/Q                                   -       C->Q  F     DFRRQHDX1      3  55.7   410  1206    1206    (-,-) 
  g162326/Q                                                          -       A->Q  R     INHDX4         1  57.8   211   277    1484    (-,-) 
  g162325/Q                                                          -       A->Q  R     BUHDX12        3 201.1   186   310    1794    (-,-) 
  g162329/Q                                                          -       A->Q  F     INHDX12       32 305.6   217   252    2046    (-,-) 
  u_core_gen_pd_row[2].gen_pd_col[1].u_pd/g1140/Q                    -       A->Q  R     INHDX1         1  14.3   186   215    2261    (-,-) 
  u_core_gen_pd_row[2].gen_pd_col[1].u_pd/g1120__6161/Q              -       B->Q  F     ON21HDX1       1  12.2   224   244    2505    (-,-) 
  u_core_gen_pd_row[2].gen_pd_col[1].u_pd/nfast_hit_latched_reg[3]/D -       -     F     DFRRQHDX4      1     -     -     0    2505    (-,-) 
#--------------------------------------------------------------------------------------------------------------------------------------------



Path 13: VIOLATED (-3148 ps) Setup Check with Pin u_core_gen_pd_row[3].gen_pd_col[1].u_pd/nfast_hit_latched_reg[4]/C->D
           View: wc_view
          Group: clk_osc_fast_tap1
     Startpoint: (R) u_core_u_fast_cnt/bin_q_reg[4]/C
          Clock: (R) clk_osc_fast
       Endpoint: (F) u_core_gen_pd_row[3].gen_pd_col[1].u_pd/nfast_hit_latched_reg[4]/D
          Clock: (R) clk_osc_fast_tap1

                     Capture       Launch     
        Clock Edge:+      50            0     
       Src Latency:+       0            0     
       Net Latency:+       0 (I)        0 (I) 
           Arrival:=      50            0     
                                              
             Setup:-     679                  
       Uncertainty:-      50                  
     Required Time:=    -679                  
      Launch Clock:-       0                  
         Data Path:-    2470                  
             Slack:=   -3148                  

#--------------------------------------------------------------------------------------------------------------------------------------------
#                           Timing Point                             Flags   Arc   Edge   Cell     Fanout  Load Trans Delay Arrival Instance 
#                                                                                                          (fF)  (ps)  (ps)   (ps)  Location 
#--------------------------------------------------------------------------------------------------------------------------------------------
  u_core_u_fast_cnt/bin_q_reg[4]/C                                   -       -     R     (arrival)    111     -   150     0       0    (-,-) 
  u_core_u_fast_cnt/bin_q_reg[4]/Q                                   -       C->Q  F     DFRRQHDX1      3  52.9   400  1194    1194    (-,-) 
  g74256/Q                                                           -       A->Q  R     INHDX4         2  59.1   212   277    1472    (-,-) 
  g74252/Q                                                           -       A->Q  R     BUHDX6         2 120.1   213   332    1804    (-,-) 
  g74251/Q                                                           -       A->Q  F     INHDX8        16 160.4   181   222    2026    (-,-) 
  u_core_gen_pd_row[3].gen_pd_col[1].u_pd/g1144/Q                    -       A->Q  R     INHDX1         1  14.3   181   201    2227    (-,-) 
  u_core_gen_pd_row[3].gen_pd_col[1].u_pd/g1123__1212/Q              -       B->Q  F     ON21HDX1       1  12.3   224   243    2470    (-,-) 
  u_core_gen_pd_row[3].gen_pd_col[1].u_pd/nfast_hit_latched_reg[4]/D -       -     F     DFRRQHDX1      1     -     -     0    2470    (-,-) 
#--------------------------------------------------------------------------------------------------------------------------------------------



Path 14: VIOLATED (-3148 ps) Setup Check with Pin u_core_gen_pd_row[6].gen_pd_col[1].u_pd/nfast_hit_latched_reg[3]/C->D
           View: wc_view
          Group: clk_osc_fast_tap1
     Startpoint: (R) u_core_u_fast_cnt/bin_q_reg[3]/C
          Clock: (R) clk_osc_fast
       Endpoint: (F) u_core_gen_pd_row[6].gen_pd_col[1].u_pd/nfast_hit_latched_reg[3]/D
          Clock: (R) clk_osc_fast_tap1

                     Capture       Launch     
        Clock Edge:+      50            0     
       Src Latency:+       0            0     
       Net Latency:+       0 (I)        0 (I) 
           Arrival:=      50            0     
                                              
             Setup:-     644                  
       Uncertainty:-      50                  
     Required Time:=    -644                  
      Launch Clock:-       0                  
         Data Path:-    2503                  
             Slack:=   -3148                  

#--------------------------------------------------------------------------------------------------------------------------------------------
#                           Timing Point                             Flags   Arc   Edge   Cell     Fanout  Load Trans Delay Arrival Instance 
#                                                                                                          (fF)  (ps)  (ps)   (ps)  Location 
#--------------------------------------------------------------------------------------------------------------------------------------------
  u_core_u_fast_cnt/bin_q_reg[3]/C                                   -       -     R     (arrival)    111     -   150     0       0    (-,-) 
  u_core_u_fast_cnt/bin_q_reg[3]/Q                                   -       C->Q  F     DFRRQHDX1      3  55.7   410  1206    1206    (-,-) 
  g162326/Q                                                          -       A->Q  R     INHDX4         1  57.8   211   277    1484    (-,-) 
  g162325/Q                                                          -       A->Q  R     BUHDX12        3 201.1   186   310    1794    (-,-) 
  g162327/Q                                                          -       A->Q  F     INHDX6        16 151.7   216   251    2044    (-,-) 
  u_core_gen_pd_row[6].gen_pd_col[1].u_pd/g1140/Q                    -       A->Q  R     INHDX1         1  14.3   186   215    2259    (-,-) 
  u_core_gen_pd_row[6].gen_pd_col[1].u_pd/g1120__6161/Q              -       B->Q  F     ON21HDX1       1  12.2   224   244    2503    (-,-) 
  u_core_gen_pd_row[6].gen_pd_col[1].u_pd/nfast_hit_latched_reg[3]/D -       -     F     DFRRQHDX4      1     -     -     0    2503    (-,-) 
#--------------------------------------------------------------------------------------------------------------------------------------------



Path 15: VIOLATED (-3148 ps) Setup Check with Pin u_core_gen_pd_row[3].gen_pd_col[1].u_pd/nfast_hit_latched_reg[3]/C->D
           View: wc_view
          Group: clk_osc_fast_tap1
     Startpoint: (R) u_core_u_fast_cnt/bin_q_reg[3]/C
          Clock: (R) clk_osc_fast
       Endpoint: (F) u_core_gen_pd_row[3].gen_pd_col[1].u_pd/nfast_hit_latched_reg[3]/D
          Clock: (R) clk_osc_fast_tap1

                     Capture       Launch     
        Clock Edge:+      50            0     
       Src Latency:+       0            0     
       Net Latency:+       0 (I)        0 (I) 
           Arrival:=      50            0     
                                              
             Setup:-     644                  
       Uncertainty:-      50                  
     Required Time:=    -644                  
      Launch Clock:-       0                  
         Data Path:-    2503                  
             Slack:=   -3148                  

#--------------------------------------------------------------------------------------------------------------------------------------------
#                           Timing Point                             Flags   Arc   Edge   Cell     Fanout  Load Trans Delay Arrival Instance 
#                                                                                                          (fF)  (ps)  (ps)   (ps)  Location 
#--------------------------------------------------------------------------------------------------------------------------------------------
  u_core_u_fast_cnt/bin_q_reg[3]/C                                   -       -     R     (arrival)    111     -   150     0       0    (-,-) 
  u_core_u_fast_cnt/bin_q_reg[3]/Q                                   -       C->Q  F     DFRRQHDX1      3  55.7   410  1206    1206    (-,-) 
  g162326/Q                                                          -       A->Q  R     INHDX4         1  57.8   211   277    1484    (-,-) 
  g162325/Q                                                          -       A->Q  R     BUHDX12        3 201.1   186   310    1794    (-,-) 
  g162327/Q                                                          -       A->Q  F     INHDX6        16 151.7   216   251    2044    (-,-) 
  u_core_gen_pd_row[3].gen_pd_col[1].u_pd/g1140/Q                    -       A->Q  R     INHDX1         1  14.3   186   215    2259    (-,-) 
  u_core_gen_pd_row[3].gen_pd_col[1].u_pd/g1120__1210/Q              -       B->Q  F     ON21HDX1       1  12.2   224   244    2503    (-,-) 
  u_core_gen_pd_row[3].gen_pd_col[1].u_pd/nfast_hit_latched_reg[3]/D -       -     F     DFRRQHDX4      1     -     -     0    2503    (-,-) 
#--------------------------------------------------------------------------------------------------------------------------------------------



Path 16: VIOLATED (-3143 ps) Setup Check with Pin u_core_gen_pd_row[7].gen_pd_col[1].u_pd/nfast_hit_latched_reg[1]/C->D
           View: wc_view
          Group: clk_osc_fast_tap1
     Startpoint: (R) u_core_u_fast_cnt/bin_q_reg[1]/C
          Clock: (R) clk_osc_fast
       Endpoint: (F) u_core_gen_pd_row[7].gen_pd_col[1].u_pd/nfast_hit_latched_reg[1]/D
          Clock: (R) clk_osc_fast_tap1

                     Capture       Launch     
        Clock Edge:+      50            0     
       Src Latency:+       0            0     
       Net Latency:+       0 (I)        0 (I) 
           Arrival:=      50            0     
                                              
             Setup:-     614                  
       Uncertainty:-      50                  
     Required Time:=    -614                  
      Launch Clock:-       0                  
         Data Path:-    2529                  
             Slack:=   -3143                  

#--------------------------------------------------------------------------------------------------------------------------------------------
#                           Timing Point                             Flags   Arc   Edge   Cell     Fanout  Load Trans Delay Arrival Instance 
#                                                                                                          (fF)  (ps)  (ps)   (ps)  Location 
#--------------------------------------------------------------------------------------------------------------------------------------------
  u_core_u_fast_cnt/bin_q_reg[1]/C                                   -       -     R     (arrival)    111     -   150     0       0    (-,-) 
  u_core_u_fast_cnt/bin_q_reg[1]/Q                                   -       C->Q  F     DFRRQHDX1      4  63.2   439  1238    1238    (-,-) 
  g74238/Q                                                           -       A->Q  R     INHDX4         1  57.8   216   286    1524    (-,-) 
  g168559/Q                                                          -       A->Q  R     BUHDX12        2 198.3   184   310    1834    (-,-) 
  g168545/Q                                                          -       A->Q  F     INHDX12       32 299.8   214   248    2083    (-,-) 
  u_core_gen_pd_row[7].gen_pd_col[1].u_pd/g21/Q                      -       A->Q  R     INHDX1         1  15.7   197   225    2308    (-,-) 
  u_core_gen_pd_row[7].gen_pd_col[1].u_pd/g1213/Q                    -       A->Q  F     ON21HDX1       1  12.3   227   221    2529    (-,-) 
  u_core_gen_pd_row[7].gen_pd_col[1].u_pd/nfast_hit_latched_reg[1]/D -       -     F     DFRRHDX4       1     -     -     0    2529    (-,-) 
#--------------------------------------------------------------------------------------------------------------------------------------------



Path 17: VIOLATED (-3143 ps) Setup Check with Pin u_core_gen_pd_row[5].gen_pd_col[1].u_pd/nfast_hit_latched_reg[1]/C->D
           View: wc_view
          Group: clk_osc_fast_tap1
     Startpoint: (R) u_core_u_fast_cnt/bin_q_reg[1]/C
          Clock: (R) clk_osc_fast
       Endpoint: (F) u_core_gen_pd_row[5].gen_pd_col[1].u_pd/nfast_hit_latched_reg[1]/D
          Clock: (R) clk_osc_fast_tap1

                     Capture       Launch     
        Clock Edge:+      50            0     
       Src Latency:+       0            0     
       Net Latency:+       0 (I)        0 (I) 
           Arrival:=      50            0     
                                              
             Setup:-     614                  
       Uncertainty:-      50                  
     Required Time:=    -614                  
      Launch Clock:-       0                  
         Data Path:-    2529                  
             Slack:=   -3143                  

#--------------------------------------------------------------------------------------------------------------------------------------------
#                           Timing Point                             Flags   Arc   Edge   Cell     Fanout  Load Trans Delay Arrival Instance 
#                                                                                                          (fF)  (ps)  (ps)   (ps)  Location 
#--------------------------------------------------------------------------------------------------------------------------------------------
  u_core_u_fast_cnt/bin_q_reg[1]/C                                   -       -     R     (arrival)    111     -   150     0       0    (-,-) 
  u_core_u_fast_cnt/bin_q_reg[1]/Q                                   -       C->Q  F     DFRRQHDX1      4  63.2   439  1238    1238    (-,-) 
  g74238/Q                                                           -       A->Q  R     INHDX4         1  57.8   216   286    1524    (-,-) 
  g168559/Q                                                          -       A->Q  R     BUHDX12        2 198.3   184   310    1834    (-,-) 
  g168545/Q                                                          -       A->Q  F     INHDX12       32 299.8   214   248    2083    (-,-) 
  u_core_gen_pd_row[5].gen_pd_col[1].u_pd/g21/Q                      -       A->Q  R     INHDX1         1  15.7   197   225    2308    (-,-) 
  u_core_gen_pd_row[5].gen_pd_col[1].u_pd/g1213/Q                    -       A->Q  F     ON21HDX1       1  12.3   227   221    2529    (-,-) 
  u_core_gen_pd_row[5].gen_pd_col[1].u_pd/nfast_hit_latched_reg[1]/D -       -     F     DFRRHDX4       1     -     -     0    2529    (-,-) 
#--------------------------------------------------------------------------------------------------------------------------------------------



Path 18: VIOLATED (-3143 ps) Setup Check with Pin u_core_gen_pd_row[4].gen_pd_col[1].u_pd/nfast_hit_latched_reg[1]/C->D
           View: wc_view
          Group: clk_osc_fast_tap1
     Startpoint: (R) u_core_u_fast_cnt/bin_q_reg[1]/C
          Clock: (R) clk_osc_fast
       Endpoint: (F) u_core_gen_pd_row[4].gen_pd_col[1].u_pd/nfast_hit_latched_reg[1]/D
          Clock: (R) clk_osc_fast_tap1

                     Capture       Launch     
        Clock Edge:+      50            0     
       Src Latency:+       0            0     
       Net Latency:+       0 (I)        0 (I) 
           Arrival:=      50            0     
                                              
             Setup:-     614                  
       Uncertainty:-      50                  
     Required Time:=    -614                  
      Launch Clock:-       0                  
         Data Path:-    2529                  
             Slack:=   -3143                  

#--------------------------------------------------------------------------------------------------------------------------------------------
#                           Timing Point                             Flags   Arc   Edge   Cell     Fanout  Load Trans Delay Arrival Instance 
#                                                                                                          (fF)  (ps)  (ps)   (ps)  Location 
#--------------------------------------------------------------------------------------------------------------------------------------------
  u_core_u_fast_cnt/bin_q_reg[1]/C                                   -       -     R     (arrival)    111     -   150     0       0    (-,-) 
  u_core_u_fast_cnt/bin_q_reg[1]/Q                                   -       C->Q  F     DFRRQHDX1      4  63.2   439  1238    1238    (-,-) 
  g74238/Q                                                           -       A->Q  R     INHDX4         1  57.8   216   286    1524    (-,-) 
  g168559/Q                                                          -       A->Q  R     BUHDX12        2 198.3   184   310    1834    (-,-) 
  g168545/Q                                                          -       A->Q  F     INHDX12       32 299.8   214   248    2083    (-,-) 
  u_core_gen_pd_row[4].gen_pd_col[1].u_pd/g21/Q                      -       A->Q  R     INHDX1         1  15.7   197   225    2308    (-,-) 
  u_core_gen_pd_row[4].gen_pd_col[1].u_pd/g20/Q                      -       A->Q  F     ON21HDX1       1  12.3   227   221    2529    (-,-) 
  u_core_gen_pd_row[4].gen_pd_col[1].u_pd/nfast_hit_latched_reg[1]/D -       -     F     DFRRHDX4       1     -     -     0    2529    (-,-) 
#--------------------------------------------------------------------------------------------------------------------------------------------



Path 19: VIOLATED (-3143 ps) Setup Check with Pin u_core_gen_pd_row[2].gen_pd_col[1].u_pd/nfast_hit_latched_reg[1]/C->D
           View: wc_view
          Group: clk_osc_fast_tap1
     Startpoint: (R) u_core_u_fast_cnt/bin_q_reg[1]/C
          Clock: (R) clk_osc_fast
       Endpoint: (F) u_core_gen_pd_row[2].gen_pd_col[1].u_pd/nfast_hit_latched_reg[1]/D
          Clock: (R) clk_osc_fast_tap1

                     Capture       Launch     
        Clock Edge:+      50            0     
       Src Latency:+       0            0     
       Net Latency:+       0 (I)        0 (I) 
           Arrival:=      50            0     
                                              
             Setup:-     614                  
       Uncertainty:-      50                  
     Required Time:=    -614                  
      Launch Clock:-       0                  
         Data Path:-    2529                  
             Slack:=   -3143                  

#--------------------------------------------------------------------------------------------------------------------------------------------
#                           Timing Point                             Flags   Arc   Edge   Cell     Fanout  Load Trans Delay Arrival Instance 
#                                                                                                          (fF)  (ps)  (ps)   (ps)  Location 
#--------------------------------------------------------------------------------------------------------------------------------------------
  u_core_u_fast_cnt/bin_q_reg[1]/C                                   -       -     R     (arrival)    111     -   150     0       0    (-,-) 
  u_core_u_fast_cnt/bin_q_reg[1]/Q                                   -       C->Q  F     DFRRQHDX1      4  63.2   439  1238    1238    (-,-) 
  g74238/Q                                                           -       A->Q  R     INHDX4         1  57.8   216   286    1524    (-,-) 
  g168559/Q                                                          -       A->Q  R     BUHDX12        2 198.3   184   310    1834    (-,-) 
  g168545/Q                                                          -       A->Q  F     INHDX12       32 299.8   214   248    2083    (-,-) 
  u_core_gen_pd_row[2].gen_pd_col[1].u_pd/g21/Q                      -       A->Q  R     INHDX1         1  15.7   197   225    2308    (-,-) 
  u_core_gen_pd_row[2].gen_pd_col[1].u_pd/g20/Q                      -       A->Q  F     ON21HDX1       1  12.3   227   221    2529    (-,-) 
  u_core_gen_pd_row[2].gen_pd_col[1].u_pd/nfast_hit_latched_reg[1]/D -       -     F     DFRRHDX4       1     -     -     0    2529    (-,-) 
#--------------------------------------------------------------------------------------------------------------------------------------------



Path 20: VIOLATED (-3138 ps) Setup Check with Pin u_core_gen_pd_row[1].gen_pd_col[1].u_pd/nfast_hit_latched_reg[1]/C->D
           View: wc_view
          Group: clk_osc_fast_tap1
     Startpoint: (R) u_core_u_fast_cnt/bin_q_reg[1]/C
          Clock: (R) clk_osc_fast
       Endpoint: (F) u_core_gen_pd_row[1].gen_pd_col[1].u_pd/nfast_hit_latched_reg[1]/D
          Clock: (R) clk_osc_fast_tap1

                     Capture       Launch     
        Clock Edge:+      50            0     
       Src Latency:+       0            0     
       Net Latency:+       0 (I)        0 (I) 
           Arrival:=      50            0     
                                              
             Setup:-     610                  
       Uncertainty:-      50                  
     Required Time:=    -610                  
      Launch Clock:-       0                  
         Data Path:-    2529                  
             Slack:=   -3138                  

#--------------------------------------------------------------------------------------------------------------------------------------------
#                           Timing Point                             Flags   Arc   Edge   Cell     Fanout  Load Trans Delay Arrival Instance 
#                                                                                                          (fF)  (ps)  (ps)   (ps)  Location 
#--------------------------------------------------------------------------------------------------------------------------------------------
  u_core_u_fast_cnt/bin_q_reg[1]/C                                   -       -     R     (arrival)    111     -   150     0       0    (-,-) 
  u_core_u_fast_cnt/bin_q_reg[1]/Q                                   -       C->Q  F     DFRRQHDX1      4  63.2   439  1238    1238    (-,-) 
  g74238/Q                                                           -       A->Q  R     INHDX4         1  57.8   216   286    1524    (-,-) 
  g168559/Q                                                          -       A->Q  R     BUHDX12        2 198.3   184   310    1834    (-,-) 
  g168545/Q                                                          -       A->Q  F     INHDX12       32 299.8   214   248    2083    (-,-) 
  u_core_gen_pd_row[1].gen_pd_col[1].u_pd/g21/Q                      -       A->Q  R     INHDX1         1  15.7   197   225    2308    (-,-) 
  u_core_gen_pd_row[1].gen_pd_col[1].u_pd/g1234/Q                    -       A->Q  F     ON21HDX1       1  12.3   213   221    2529    (-,-) 
  u_core_gen_pd_row[1].gen_pd_col[1].u_pd/nfast_hit_latched_reg[1]/D -       -     F     DFRRHDX4       1     -     -     0    2529    (-,-) 
#--------------------------------------------------------------------------------------------------------------------------------------------


