============================================================
  Generated by:           Genus(TM) Synthesis Solution 22.13-s093_1
  Generated on:           Jul 06 2026  01:55:32 pm
  Module:                 mptdc_axis_core
  Operating conditions:   typ_1_80V_25C 
  Interconnect mode:      global
  Area mode:              physical library
============================================================


Path 1: VIOLATED (-61 ps) Setup Check with Pin u_core_gen_pd_row[7].gen_pd_col[7].u_pd/nfast_hit_latched_reg[0]/C->D
           View: tc_view
          Group: clk_osc_fast_buf_tap7
     Startpoint: (R) u_core_gen_pd_row[7].gen_pd_col[7].u_pd/hit_latched_reg/C
          Clock: (R) clk_osc_fast_buf_tap7
       Endpoint: (F) u_core_gen_pd_row[7].gen_pd_col[7].u_pd/nfast_hit_latched_reg[0]/D
          Clock: (R) clk_osc_fast_buf_tap7

                     Capture       Launch     
        Clock Edge:+    2110          777     
       Src Latency:+       0            0     
       Net Latency:+       0 (I)        0 (I) 
           Arrival:=    2110          777     
                                              
             Setup:-     319                  
       Uncertainty:-      10                  
     Required Time:=    1781                  
      Launch Clock:-     777                  
         Data Path:-    1066                  
             Slack:=     -61                  

#---------------------------------------------------------------------------------------------------------------------------------------------
#                           Timing Point                             Flags   Arc   Edge    Cell      Fanout Load Trans Delay Arrival Instance 
#                                                                                                           (fF)  (ps)  (ps)   (ps)  Location 
#---------------------------------------------------------------------------------------------------------------------------------------------
  u_core_gen_pd_row[7].gen_pd_col[7].u_pd/hit_latched_reg/C          -       -     R     (arrival)       89    -   150     0     777    (-,-) 
  u_core_gen_pd_row[7].gen_pd_col[7].u_pd/hit_latched_reg/Q          -       C->Q  R     DFRRQJIHDX2      5 94.7   317   719    1496    (-,-) 
  u_core_gen_pd_row[7].gen_pd_col[7].u_pd/g457/Q                     -       A->Q  F     INJIHDX8         9 96.5   104   127    1622    (-,-) 
  u_core_gen_pd_row[7].gen_pd_col[7].u_pd/g455/Q                     -       A->Q  R     INJIHDX4         4 39.4    84    95    1717    (-,-) 
  u_core_gen_pd_row[7].gen_pd_col[7].u_pd/g440__8246/Q               -       B->Q  F     ON22JIHDX1       1  9.3   103   125    1842    (-,-) 
  u_core_gen_pd_row[7].gen_pd_col[7].u_pd/nfast_hit_latched_reg[0]/D -       -     F     DFRSQJIHDX1      1    -     -     0    1842    (-,-) 
#---------------------------------------------------------------------------------------------------------------------------------------------



Path 2: VIOLATED (-61 ps) Setup Check with Pin u_core_gen_pd_row[7].gen_pd_col[1].u_pd/nfast_hit_latched_reg[0]/C->D
           View: tc_view
          Group: clk_osc_fast_buf_tap1
     Startpoint: (R) u_core_gen_pd_row[7].gen_pd_col[1].u_pd/hit_latched_reg/C
          Clock: (R) clk_osc_fast_buf_tap1
       Endpoint: (F) u_core_gen_pd_row[7].gen_pd_col[1].u_pd/nfast_hit_latched_reg[0]/D
          Clock: (R) clk_osc_fast_buf_tap1

                     Capture       Launch     
        Clock Edge:+    1444          111     
       Src Latency:+       0            0     
       Net Latency:+       0 (I)        0 (I) 
           Arrival:=    1444          111     
                                              
             Setup:-     319                  
       Uncertainty:-      10                  
     Required Time:=    1115                  
      Launch Clock:-     111                  
         Data Path:-    1066                  
             Slack:=     -61                  

#---------------------------------------------------------------------------------------------------------------------------------------------
#                           Timing Point                             Flags   Arc   Edge    Cell      Fanout Load Trans Delay Arrival Instance 
#                                                                                                           (fF)  (ps)  (ps)   (ps)  Location 
#---------------------------------------------------------------------------------------------------------------------------------------------
  u_core_gen_pd_row[7].gen_pd_col[1].u_pd/hit_latched_reg/C          -       -     R     (arrival)       89    -   150     0     111    (-,-) 
  u_core_gen_pd_row[7].gen_pd_col[1].u_pd/hit_latched_reg/Q          -       C->Q  R     DFRRQJIHDX2      5 94.7   317   719     830    (-,-) 
  u_core_gen_pd_row[7].gen_pd_col[1].u_pd/g457/Q                     -       A->Q  F     INJIHDX8         9 96.5   104   127     956    (-,-) 
  u_core_gen_pd_row[7].gen_pd_col[1].u_pd/g455/Q                     -       A->Q  R     INJIHDX4         4 39.4    84    95    1051    (-,-) 
  u_core_gen_pd_row[7].gen_pd_col[1].u_pd/g440__1666/Q               -       B->Q  F     ON22JIHDX1       1  9.3   103   125    1176    (-,-) 
  u_core_gen_pd_row[7].gen_pd_col[1].u_pd/nfast_hit_latched_reg[0]/D -       -     F     DFRSQJIHDX1      1    -     -     0    1176    (-,-) 
#---------------------------------------------------------------------------------------------------------------------------------------------



Path 3: VIOLATED (-61 ps) Setup Check with Pin u_core_gen_pd_row[6].gen_pd_col[4].u_pd/nfast_hit_latched_reg[0]/C->D
           View: tc_view
          Group: clk_osc_fast_buf_tap4
     Startpoint: (R) u_core_gen_pd_row[6].gen_pd_col[4].u_pd/hit_latched_reg/C
          Clock: (R) clk_osc_fast_buf_tap4
       Endpoint: (F) u_core_gen_pd_row[6].gen_pd_col[4].u_pd/nfast_hit_latched_reg[0]/D
          Clock: (R) clk_osc_fast_buf_tap4

                     Capture       Launch     
        Clock Edge:+    1777          444     
       Src Latency:+       0            0     
       Net Latency:+       0 (I)        0 (I) 
           Arrival:=    1777          444     
                                              
             Setup:-     319                  
       Uncertainty:-      10                  
     Required Time:=    1448                  
      Launch Clock:-     444                  
         Data Path:-    1066                  
             Slack:=     -61                  

#---------------------------------------------------------------------------------------------------------------------------------------------
#                           Timing Point                             Flags   Arc   Edge    Cell      Fanout Load Trans Delay Arrival Instance 
#                                                                                                           (fF)  (ps)  (ps)   (ps)  Location 
#---------------------------------------------------------------------------------------------------------------------------------------------
  u_core_gen_pd_row[6].gen_pd_col[4].u_pd/hit_latched_reg/C          -       -     R     (arrival)       89    -   150     0     444    (-,-) 
  u_core_gen_pd_row[6].gen_pd_col[4].u_pd/hit_latched_reg/Q          -       C->Q  R     DFRRQJIHDX2      5 94.7   317   719    1163    (-,-) 
  u_core_gen_pd_row[6].gen_pd_col[4].u_pd/g457/Q                     -       A->Q  F     INJIHDX8         9 96.5   104   127    1289    (-,-) 
  u_core_gen_pd_row[6].gen_pd_col[4].u_pd/g455/Q                     -       A->Q  R     INJIHDX4         4 39.4    84    95    1384    (-,-) 
  u_core_gen_pd_row[6].gen_pd_col[4].u_pd/g440__9315/Q               -       B->Q  F     ON22JIHDX1       1  9.3   103   125    1510    (-,-) 
  u_core_gen_pd_row[6].gen_pd_col[4].u_pd/nfast_hit_latched_reg[0]/D -       -     F     DFRSQJIHDX1      1    -     -     0    1510    (-,-) 
#---------------------------------------------------------------------------------------------------------------------------------------------



Path 4: VIOLATED (-61 ps) Setup Check with Pin u_core_gen_pd_row[6].gen_pd_col[0].u_pd/nfast_hit_latched_reg[0]/C->D
           View: tc_view
          Group: clk_osc_fast_buf_tap0
     Startpoint: (R) u_core_gen_pd_row[6].gen_pd_col[0].u_pd/hit_latched_reg/C
          Clock: (R) clk_osc_fast_buf_tap0
       Endpoint: (F) u_core_gen_pd_row[6].gen_pd_col[0].u_pd/nfast_hit_latched_reg[0]/D
          Clock: (R) clk_osc_fast_buf_tap0

                     Capture       Launch     
        Clock Edge:+    1333            0     
       Src Latency:+       0            0     
       Net Latency:+       0 (I)        0 (I) 
           Arrival:=    1333            0     
                                              
             Setup:-     319                  
       Uncertainty:-      10                  
     Required Time:=    1004                  
      Launch Clock:-       0                  
         Data Path:-    1066                  
             Slack:=     -61                  

#---------------------------------------------------------------------------------------------------------------------------------------------
#                           Timing Point                             Flags   Arc   Edge    Cell      Fanout Load Trans Delay Arrival Instance 
#                                                                                                           (fF)  (ps)  (ps)   (ps)  Location 
#---------------------------------------------------------------------------------------------------------------------------------------------
  u_core_gen_pd_row[6].gen_pd_col[0].u_pd/hit_latched_reg/C          -       -     R     (arrival)       90    -   150     0       0    (-,-) 
  u_core_gen_pd_row[6].gen_pd_col[0].u_pd/hit_latched_reg/Q          -       C->Q  R     DFRRQJIHDX2      5 94.7   317   719     719    (-,-) 
  u_core_gen_pd_row[6].gen_pd_col[0].u_pd/g457/Q                     -       A->Q  F     INJIHDX8         9 96.5   104   127     845    (-,-) 
  u_core_gen_pd_row[6].gen_pd_col[0].u_pd/g455/Q                     -       A->Q  R     INJIHDX4         4 39.4    84    95     940    (-,-) 
  u_core_gen_pd_row[6].gen_pd_col[0].u_pd/g440__2398/Q               -       B->Q  F     ON22JIHDX1       1  9.3   103   125    1066    (-,-) 
  u_core_gen_pd_row[6].gen_pd_col[0].u_pd/nfast_hit_latched_reg[0]/D -       -     F     DFRSQJIHDX1      1    -     -     0    1066    (-,-) 
#---------------------------------------------------------------------------------------------------------------------------------------------



Path 5: VIOLATED (-61 ps) Setup Check with Pin u_core_gen_pd_row[5].gen_pd_col[4].u_pd/nfast_hit_latched_reg[0]/C->D
           View: tc_view
          Group: clk_osc_fast_buf_tap4
     Startpoint: (R) u_core_gen_pd_row[5].gen_pd_col[4].u_pd/hit_latched_reg/C
          Clock: (R) clk_osc_fast_buf_tap4
       Endpoint: (F) u_core_gen_pd_row[5].gen_pd_col[4].u_pd/nfast_hit_latched_reg[0]/D
          Clock: (R) clk_osc_fast_buf_tap4

                     Capture       Launch     
        Clock Edge:+    1777          444     
       Src Latency:+       0            0     
       Net Latency:+       0 (I)        0 (I) 
           Arrival:=    1777          444     
                                              
             Setup:-     319                  
       Uncertainty:-      10                  
     Required Time:=    1448                  
      Launch Clock:-     444                  
         Data Path:-    1066                  
             Slack:=     -61                  

#---------------------------------------------------------------------------------------------------------------------------------------------
#                           Timing Point                             Flags   Arc   Edge    Cell      Fanout Load Trans Delay Arrival Instance 
#                                                                                                           (fF)  (ps)  (ps)   (ps)  Location 
#---------------------------------------------------------------------------------------------------------------------------------------------
  u_core_gen_pd_row[5].gen_pd_col[4].u_pd/hit_latched_reg/C          -       -     R     (arrival)       89    -   150     0     444    (-,-) 
  u_core_gen_pd_row[5].gen_pd_col[4].u_pd/hit_latched_reg/Q          -       C->Q  R     DFRRQJIHDX2      5 94.7   317   719    1163    (-,-) 
  u_core_gen_pd_row[5].gen_pd_col[4].u_pd/g457/Q                     -       A->Q  F     INJIHDX8         9 96.5   104   127    1289    (-,-) 
  u_core_gen_pd_row[5].gen_pd_col[4].u_pd/g455/Q                     -       A->Q  R     INJIHDX4         4 39.4    84    95    1384    (-,-) 
  u_core_gen_pd_row[5].gen_pd_col[4].u_pd/g440__1617/Q               -       B->Q  F     ON22JIHDX1       1  9.3   103   125    1510    (-,-) 
  u_core_gen_pd_row[5].gen_pd_col[4].u_pd/nfast_hit_latched_reg[0]/D -       -     F     DFRSQJIHDX1      1    -     -     0    1510    (-,-) 
#---------------------------------------------------------------------------------------------------------------------------------------------



Path 6: VIOLATED (-61 ps) Setup Check with Pin u_core_gen_pd_row[5].gen_pd_col[0].u_pd/nfast_hit_latched_reg[0]/C->D
           View: tc_view
          Group: clk_osc_fast_buf_tap0
     Startpoint: (R) u_core_gen_pd_row[5].gen_pd_col[0].u_pd/hit_latched_reg/C
          Clock: (R) clk_osc_fast_buf_tap0
       Endpoint: (F) u_core_gen_pd_row[5].gen_pd_col[0].u_pd/nfast_hit_latched_reg[0]/D
          Clock: (R) clk_osc_fast_buf_tap0

                     Capture       Launch     
        Clock Edge:+    1333            0     
       Src Latency:+       0            0     
       Net Latency:+       0 (I)        0 (I) 
           Arrival:=    1333            0     
                                              
             Setup:-     319                  
       Uncertainty:-      10                  
     Required Time:=    1004                  
      Launch Clock:-       0                  
         Data Path:-    1066                  
             Slack:=     -61                  

#---------------------------------------------------------------------------------------------------------------------------------------------
#                           Timing Point                             Flags   Arc   Edge    Cell      Fanout Load Trans Delay Arrival Instance 
#                                                                                                           (fF)  (ps)  (ps)   (ps)  Location 
#---------------------------------------------------------------------------------------------------------------------------------------------
  u_core_gen_pd_row[5].gen_pd_col[0].u_pd/hit_latched_reg/C          -       -     R     (arrival)       90    -   150     0       0    (-,-) 
  u_core_gen_pd_row[5].gen_pd_col[0].u_pd/hit_latched_reg/Q          -       C->Q  R     DFRRQJIHDX2      5 94.7   317   719     719    (-,-) 
  u_core_gen_pd_row[5].gen_pd_col[0].u_pd/g457/Q                     -       A->Q  F     INJIHDX8         9 96.5   104   127     845    (-,-) 
  u_core_gen_pd_row[5].gen_pd_col[0].u_pd/g455/Q                     -       A->Q  R     INJIHDX4         4 39.4    84    95     940    (-,-) 
  u_core_gen_pd_row[5].gen_pd_col[0].u_pd/g440__5115/Q               -       B->Q  F     ON22JIHDX1       1  9.3   103   125    1066    (-,-) 
  u_core_gen_pd_row[5].gen_pd_col[0].u_pd/nfast_hit_latched_reg[0]/D -       -     F     DFRSQJIHDX1      1    -     -     0    1066    (-,-) 
#---------------------------------------------------------------------------------------------------------------------------------------------



Path 7: VIOLATED (-61 ps) Setup Check with Pin u_core_gen_pd_row[4].gen_pd_col[5].u_pd/nfast_hit_latched_reg[0]/C->D
           View: tc_view
          Group: clk_osc_fast_buf_tap5
     Startpoint: (R) u_core_gen_pd_row[4].gen_pd_col[5].u_pd/hit_latched_reg/C
          Clock: (R) clk_osc_fast_buf_tap5
       Endpoint: (F) u_core_gen_pd_row[4].gen_pd_col[5].u_pd/nfast_hit_latched_reg[0]/D
          Clock: (R) clk_osc_fast_buf_tap5

                     Capture       Launch     
        Clock Edge:+    1888          555     
       Src Latency:+       0            0     
       Net Latency:+       0 (I)        0 (I) 
           Arrival:=    1888          555     
                                              
             Setup:-     319                  
       Uncertainty:-      10                  
     Required Time:=    1559                  
      Launch Clock:-     555                  
         Data Path:-    1066                  
             Slack:=     -61                  

#---------------------------------------------------------------------------------------------------------------------------------------------
#                           Timing Point                             Flags   Arc   Edge    Cell      Fanout Load Trans Delay Arrival Instance 
#                                                                                                           (fF)  (ps)  (ps)   (ps)  Location 
#---------------------------------------------------------------------------------------------------------------------------------------------
  u_core_gen_pd_row[4].gen_pd_col[5].u_pd/hit_latched_reg/C          -       -     R     (arrival)       89    -   150     0     555    (-,-) 
  u_core_gen_pd_row[4].gen_pd_col[5].u_pd/hit_latched_reg/Q          -       C->Q  R     DFRRQJIHDX2      5 94.7   317   719    1274    (-,-) 
  u_core_gen_pd_row[4].gen_pd_col[5].u_pd/g457/Q                     -       A->Q  F     INJIHDX8         9 96.5   104   127    1400    (-,-) 
  u_core_gen_pd_row[4].gen_pd_col[5].u_pd/g455/Q                     -       A->Q  R     INJIHDX4         4 39.4    84    95    1495    (-,-) 
  u_core_gen_pd_row[4].gen_pd_col[5].u_pd/g440__1617/Q               -       B->Q  F     ON22JIHDX1       1  9.3   103   125    1620    (-,-) 
  u_core_gen_pd_row[4].gen_pd_col[5].u_pd/nfast_hit_latched_reg[0]/D -       -     F     DFRSQJIHDX1      1    -     -     0    1620    (-,-) 
#---------------------------------------------------------------------------------------------------------------------------------------------



Path 8: VIOLATED (-61 ps) Setup Check with Pin u_core_gen_pd_row[4].gen_pd_col[4].u_pd/nfast_hit_latched_reg[0]/C->D
           View: tc_view
          Group: clk_osc_fast_buf_tap4
     Startpoint: (R) u_core_gen_pd_row[4].gen_pd_col[4].u_pd/hit_latched_reg/C
          Clock: (R) clk_osc_fast_buf_tap4
       Endpoint: (F) u_core_gen_pd_row[4].gen_pd_col[4].u_pd/nfast_hit_latched_reg[0]/D
          Clock: (R) clk_osc_fast_buf_tap4

                     Capture       Launch     
        Clock Edge:+    1777          444     
       Src Latency:+       0            0     
       Net Latency:+       0 (I)        0 (I) 
           Arrival:=    1777          444     
                                              
             Setup:-     319                  
       Uncertainty:-      10                  
     Required Time:=    1448                  
      Launch Clock:-     444                  
         Data Path:-    1066                  
             Slack:=     -61                  

#---------------------------------------------------------------------------------------------------------------------------------------------
#                           Timing Point                             Flags   Arc   Edge    Cell      Fanout Load Trans Delay Arrival Instance 
#                                                                                                           (fF)  (ps)  (ps)   (ps)  Location 
#---------------------------------------------------------------------------------------------------------------------------------------------
  u_core_gen_pd_row[4].gen_pd_col[4].u_pd/hit_latched_reg/C          -       -     R     (arrival)       89    -   150     0     444    (-,-) 
  u_core_gen_pd_row[4].gen_pd_col[4].u_pd/hit_latched_reg/Q          -       C->Q  R     DFRRQJIHDX2      5 94.7   317   719    1163    (-,-) 
  u_core_gen_pd_row[4].gen_pd_col[4].u_pd/g457/Q                     -       A->Q  F     INJIHDX8         9 96.5   104   127    1289    (-,-) 
  u_core_gen_pd_row[4].gen_pd_col[4].u_pd/g455/Q                     -       A->Q  R     INJIHDX4         4 39.4    84    95    1384    (-,-) 
  u_core_gen_pd_row[4].gen_pd_col[4].u_pd/g440__1666/Q               -       B->Q  F     ON22JIHDX1       1  9.3   103   125    1510    (-,-) 
  u_core_gen_pd_row[4].gen_pd_col[4].u_pd/nfast_hit_latched_reg[0]/D -       -     F     DFRSQJIHDX1      1    -     -     0    1510    (-,-) 
#---------------------------------------------------------------------------------------------------------------------------------------------



Path 9: VIOLATED (-61 ps) Setup Check with Pin u_core_gen_pd_row[4].gen_pd_col[1].u_pd/nfast_hit_latched_reg[0]/C->D
           View: tc_view
          Group: clk_osc_fast_buf_tap1
     Startpoint: (R) u_core_gen_pd_row[4].gen_pd_col[1].u_pd/hit_latched_reg/C
          Clock: (R) clk_osc_fast_buf_tap1
       Endpoint: (F) u_core_gen_pd_row[4].gen_pd_col[1].u_pd/nfast_hit_latched_reg[0]/D
          Clock: (R) clk_osc_fast_buf_tap1

                     Capture       Launch     
        Clock Edge:+    1444          111     
       Src Latency:+       0            0     
       Net Latency:+       0 (I)        0 (I) 
           Arrival:=    1444          111     
                                              
             Setup:-     319                  
       Uncertainty:-      10                  
     Required Time:=    1115                  
      Launch Clock:-     111                  
         Data Path:-    1066                  
             Slack:=     -61                  

#---------------------------------------------------------------------------------------------------------------------------------------------
#                           Timing Point                             Flags   Arc   Edge    Cell      Fanout Load Trans Delay Arrival Instance 
#                                                                                                           (fF)  (ps)  (ps)   (ps)  Location 
#---------------------------------------------------------------------------------------------------------------------------------------------
  u_core_gen_pd_row[4].gen_pd_col[1].u_pd/hit_latched_reg/C          -       -     R     (arrival)       89    -   150     0     111    (-,-) 
  u_core_gen_pd_row[4].gen_pd_col[1].u_pd/hit_latched_reg/Q          -       C->Q  R     DFRRQJIHDX2      5 94.7   317   719     830    (-,-) 
  u_core_gen_pd_row[4].gen_pd_col[1].u_pd/g457/Q                     -       A->Q  F     INJIHDX8         9 96.5   104   127     956    (-,-) 
  u_core_gen_pd_row[4].gen_pd_col[1].u_pd/g455/Q                     -       A->Q  R     INJIHDX4         4 39.4    84    95    1051    (-,-) 
  u_core_gen_pd_row[4].gen_pd_col[1].u_pd/g440__5115/Q               -       B->Q  F     ON22JIHDX1       1  9.3   103   125    1176    (-,-) 
  u_core_gen_pd_row[4].gen_pd_col[1].u_pd/nfast_hit_latched_reg[0]/D -       -     F     DFRSQJIHDX1      1    -     -     0    1176    (-,-) 
#---------------------------------------------------------------------------------------------------------------------------------------------



Path 10: VIOLATED (-61 ps) Setup Check with Pin u_core_gen_pd_row[4].gen_pd_col[0].u_pd/nfast_hit_latched_reg[0]/C->D
           View: tc_view
          Group: clk_osc_fast_buf_tap0
     Startpoint: (R) u_core_gen_pd_row[4].gen_pd_col[0].u_pd/hit_latched_reg/C
          Clock: (R) clk_osc_fast_buf_tap0
       Endpoint: (F) u_core_gen_pd_row[4].gen_pd_col[0].u_pd/nfast_hit_latched_reg[0]/D
          Clock: (R) clk_osc_fast_buf_tap0

                     Capture       Launch     
        Clock Edge:+    1333            0     
       Src Latency:+       0            0     
       Net Latency:+       0 (I)        0 (I) 
           Arrival:=    1333            0     
                                              
             Setup:-     319                  
       Uncertainty:-      10                  
     Required Time:=    1004                  
      Launch Clock:-       0                  
         Data Path:-    1066                  
             Slack:=     -61                  

#---------------------------------------------------------------------------------------------------------------------------------------------
#                           Timing Point                             Flags   Arc   Edge    Cell      Fanout Load Trans Delay Arrival Instance 
#                                                                                                           (fF)  (ps)  (ps)   (ps)  Location 
#---------------------------------------------------------------------------------------------------------------------------------------------
  u_core_gen_pd_row[4].gen_pd_col[0].u_pd/hit_latched_reg/C          -       -     R     (arrival)       90    -   150     0       0    (-,-) 
  u_core_gen_pd_row[4].gen_pd_col[0].u_pd/hit_latched_reg/Q          -       C->Q  R     DFRRQJIHDX2      5 94.7   317   719     719    (-,-) 
  u_core_gen_pd_row[4].gen_pd_col[0].u_pd/g457/Q                     -       A->Q  F     INJIHDX8         9 96.5   104   127     845    (-,-) 
  u_core_gen_pd_row[4].gen_pd_col[0].u_pd/g455/Q                     -       A->Q  R     INJIHDX4         4 39.4    84    95     940    (-,-) 
  u_core_gen_pd_row[4].gen_pd_col[0].u_pd/g440__8428/Q               -       B->Q  F     ON22JIHDX1       1  9.3   103   125    1066    (-,-) 
  u_core_gen_pd_row[4].gen_pd_col[0].u_pd/nfast_hit_latched_reg[0]/D -       -     F     DFRSQJIHDX1      1    -     -     0    1066    (-,-) 
#---------------------------------------------------------------------------------------------------------------------------------------------



Path 11: VIOLATED (-61 ps) Setup Check with Pin u_core_gen_pd_row[3].gen_pd_col[6].u_pd/nfast_hit_latched_reg[0]/C->D
           View: tc_view
          Group: clk_osc_fast_buf_tap6
     Startpoint: (R) u_core_gen_pd_row[3].gen_pd_col[6].u_pd/hit_latched_reg/C
          Clock: (R) clk_osc_fast_buf_tap6
       Endpoint: (F) u_core_gen_pd_row[3].gen_pd_col[6].u_pd/nfast_hit_latched_reg[0]/D
          Clock: (R) clk_osc_fast_buf_tap6

                     Capture       Launch     
        Clock Edge:+    1999          666     
       Src Latency:+       0            0     
       Net Latency:+       0 (I)        0 (I) 
           Arrival:=    1999          666     
                                              
             Setup:-     319                  
       Uncertainty:-      10                  
     Required Time:=    1670                  
      Launch Clock:-     666                  
         Data Path:-    1066                  
             Slack:=     -61                  

#---------------------------------------------------------------------------------------------------------------------------------------------
#                           Timing Point                             Flags   Arc   Edge    Cell      Fanout Load Trans Delay Arrival Instance 
#                                                                                                           (fF)  (ps)  (ps)   (ps)  Location 
#---------------------------------------------------------------------------------------------------------------------------------------------
  u_core_gen_pd_row[3].gen_pd_col[6].u_pd/hit_latched_reg/C          -       -     R     (arrival)       89    -   150     0     666    (-,-) 
  u_core_gen_pd_row[3].gen_pd_col[6].u_pd/hit_latched_reg/Q          -       C->Q  R     DFRRQJIHDX2      5 94.7   317   719    1385    (-,-) 
  u_core_gen_pd_row[3].gen_pd_col[6].u_pd/g457/Q                     -       A->Q  F     INJIHDX8         9 96.5   104   127    1511    (-,-) 
  u_core_gen_pd_row[3].gen_pd_col[6].u_pd/g455/Q                     -       A->Q  R     INJIHDX4         4 39.4    84    95    1606    (-,-) 
  u_core_gen_pd_row[3].gen_pd_col[6].u_pd/g440__1617/Q               -       B->Q  F     ON22JIHDX1       1  9.3   103   125    1732    (-,-) 
  u_core_gen_pd_row[3].gen_pd_col[6].u_pd/nfast_hit_latched_reg[0]/D -       -     F     DFRSQJIHDX1      1    -     -     0    1732    (-,-) 
#---------------------------------------------------------------------------------------------------------------------------------------------



Path 12: VIOLATED (-61 ps) Setup Check with Pin u_core_gen_pd_row[3].gen_pd_col[4].u_pd/nfast_hit_latched_reg[0]/C->D
           View: tc_view
          Group: clk_osc_fast_buf_tap4
     Startpoint: (R) u_core_gen_pd_row[3].gen_pd_col[4].u_pd/hit_latched_reg/C
          Clock: (R) clk_osc_fast_buf_tap4
       Endpoint: (F) u_core_gen_pd_row[3].gen_pd_col[4].u_pd/nfast_hit_latched_reg[0]/D
          Clock: (R) clk_osc_fast_buf_tap4

                     Capture       Launch     
        Clock Edge:+    1777          444     
       Src Latency:+       0            0     
       Net Latency:+       0 (I)        0 (I) 
           Arrival:=    1777          444     
                                              
             Setup:-     319                  
       Uncertainty:-      10                  
     Required Time:=    1448                  
      Launch Clock:-     444                  
         Data Path:-    1066                  
             Slack:=     -61                  

#---------------------------------------------------------------------------------------------------------------------------------------------
#                           Timing Point                             Flags   Arc   Edge    Cell      Fanout Load Trans Delay Arrival Instance 
#                                                                                                           (fF)  (ps)  (ps)   (ps)  Location 
#---------------------------------------------------------------------------------------------------------------------------------------------
  u_core_gen_pd_row[3].gen_pd_col[4].u_pd/hit_latched_reg/C          -       -     R     (arrival)       89    -   150     0     444    (-,-) 
  u_core_gen_pd_row[3].gen_pd_col[4].u_pd/hit_latched_reg/Q          -       C->Q  R     DFRRQJIHDX2      5 94.7   317   719    1163    (-,-) 
  u_core_gen_pd_row[3].gen_pd_col[4].u_pd/g457/Q                     -       A->Q  F     INJIHDX8         9 96.5   104   127    1289    (-,-) 
  u_core_gen_pd_row[3].gen_pd_col[4].u_pd/g455/Q                     -       A->Q  R     INJIHDX4         4 39.4    84    95    1384    (-,-) 
  u_core_gen_pd_row[3].gen_pd_col[4].u_pd/g440__8246/Q               -       B->Q  F     ON22JIHDX1       1  9.3   103   125    1510    (-,-) 
  u_core_gen_pd_row[3].gen_pd_col[4].u_pd/nfast_hit_latched_reg[0]/D -       -     F     DFRSQJIHDX1      1    -     -     0    1510    (-,-) 
#---------------------------------------------------------------------------------------------------------------------------------------------



Path 13: VIOLATED (-61 ps) Setup Check with Pin u_core_gen_pd_row[2].gen_pd_col[6].u_pd/nfast_hit_latched_reg[0]/C->D
           View: tc_view
          Group: clk_osc_fast_buf_tap6
     Startpoint: (R) u_core_gen_pd_row[2].gen_pd_col[6].u_pd/hit_latched_reg/C
          Clock: (R) clk_osc_fast_buf_tap6
       Endpoint: (F) u_core_gen_pd_row[2].gen_pd_col[6].u_pd/nfast_hit_latched_reg[0]/D
          Clock: (R) clk_osc_fast_buf_tap6

                     Capture       Launch     
        Clock Edge:+    1999          666     
       Src Latency:+       0            0     
       Net Latency:+       0 (I)        0 (I) 
           Arrival:=    1999          666     
                                              
             Setup:-     319                  
       Uncertainty:-      10                  
     Required Time:=    1670                  
      Launch Clock:-     666                  
         Data Path:-    1066                  
             Slack:=     -61                  

#---------------------------------------------------------------------------------------------------------------------------------------------
#                           Timing Point                             Flags   Arc   Edge    Cell      Fanout Load Trans Delay Arrival Instance 
#                                                                                                           (fF)  (ps)  (ps)   (ps)  Location 
#---------------------------------------------------------------------------------------------------------------------------------------------
  u_core_gen_pd_row[2].gen_pd_col[6].u_pd/hit_latched_reg/C          -       -     R     (arrival)       89    -   150     0     666    (-,-) 
  u_core_gen_pd_row[2].gen_pd_col[6].u_pd/hit_latched_reg/Q          -       C->Q  R     DFRRQJIHDX2      5 94.7   317   719    1385    (-,-) 
  u_core_gen_pd_row[2].gen_pd_col[6].u_pd/g457/Q                     -       A->Q  F     INJIHDX8         9 96.5   104   127    1511    (-,-) 
  u_core_gen_pd_row[2].gen_pd_col[6].u_pd/g455/Q                     -       A->Q  R     INJIHDX4         4 39.4    84    95    1606    (-,-) 
  u_core_gen_pd_row[2].gen_pd_col[6].u_pd/g440__1666/Q               -       B->Q  F     ON22JIHDX1       1  9.3   103   125    1732    (-,-) 
  u_core_gen_pd_row[2].gen_pd_col[6].u_pd/nfast_hit_latched_reg[0]/D -       -     F     DFRSQJIHDX1      1    -     -     0    1732    (-,-) 
#---------------------------------------------------------------------------------------------------------------------------------------------



Path 14: VIOLATED (-61 ps) Setup Check with Pin u_core_gen_pd_row[2].gen_pd_col[4].u_pd/nfast_hit_latched_reg[0]/C->D
           View: tc_view
          Group: clk_osc_fast_buf_tap4
     Startpoint: (R) u_core_gen_pd_row[2].gen_pd_col[4].u_pd/hit_latched_reg/C
          Clock: (R) clk_osc_fast_buf_tap4
       Endpoint: (F) u_core_gen_pd_row[2].gen_pd_col[4].u_pd/nfast_hit_latched_reg[0]/D
          Clock: (R) clk_osc_fast_buf_tap4

                     Capture       Launch     
        Clock Edge:+    1777          444     
       Src Latency:+       0            0     
       Net Latency:+       0 (I)        0 (I) 
           Arrival:=    1777          444     
                                              
             Setup:-     319                  
       Uncertainty:-      10                  
     Required Time:=    1448                  
      Launch Clock:-     444                  
         Data Path:-    1066                  
             Slack:=     -61                  

#---------------------------------------------------------------------------------------------------------------------------------------------
#                           Timing Point                             Flags   Arc   Edge    Cell      Fanout Load Trans Delay Arrival Instance 
#                                                                                                           (fF)  (ps)  (ps)   (ps)  Location 
#---------------------------------------------------------------------------------------------------------------------------------------------
  u_core_gen_pd_row[2].gen_pd_col[4].u_pd/hit_latched_reg/C          -       -     R     (arrival)       89    -   150     0     444    (-,-) 
  u_core_gen_pd_row[2].gen_pd_col[4].u_pd/hit_latched_reg/Q          -       C->Q  R     DFRRQJIHDX2      5 94.7   317   719    1163    (-,-) 
  u_core_gen_pd_row[2].gen_pd_col[4].u_pd/g457/Q                     -       A->Q  F     INJIHDX8         9 96.5   104   127    1289    (-,-) 
  u_core_gen_pd_row[2].gen_pd_col[4].u_pd/g455/Q                     -       A->Q  R     INJIHDX4         4 39.4    84    95    1384    (-,-) 
  u_core_gen_pd_row[2].gen_pd_col[4].u_pd/g440__2398/Q               -       B->Q  F     ON22JIHDX1       1  9.3   103   125    1510    (-,-) 
  u_core_gen_pd_row[2].gen_pd_col[4].u_pd/nfast_hit_latched_reg[0]/D -       -     F     DFRSQJIHDX1      1    -     -     0    1510    (-,-) 
#---------------------------------------------------------------------------------------------------------------------------------------------



Path 15: VIOLATED (-61 ps) Setup Check with Pin u_core_gen_pd_row[1].gen_pd_col[7].u_pd/nfast_hit_latched_reg[0]/C->D
           View: tc_view
          Group: clk_osc_fast_buf_tap7
     Startpoint: (R) u_core_gen_pd_row[1].gen_pd_col[7].u_pd/hit_latched_reg/C
          Clock: (R) clk_osc_fast_buf_tap7
       Endpoint: (F) u_core_gen_pd_row[1].gen_pd_col[7].u_pd/nfast_hit_latched_reg[0]/D
          Clock: (R) clk_osc_fast_buf_tap7

                     Capture       Launch     
        Clock Edge:+    2110          777     
       Src Latency:+       0            0     
       Net Latency:+       0 (I)        0 (I) 
           Arrival:=    2110          777     
                                              
             Setup:-     319                  
       Uncertainty:-      10                  
     Required Time:=    1781                  
      Launch Clock:-     777                  
         Data Path:-    1066                  
             Slack:=     -61                  

#---------------------------------------------------------------------------------------------------------------------------------------------
#                           Timing Point                             Flags   Arc   Edge    Cell      Fanout Load Trans Delay Arrival Instance 
#                                                                                                           (fF)  (ps)  (ps)   (ps)  Location 
#---------------------------------------------------------------------------------------------------------------------------------------------
  u_core_gen_pd_row[1].gen_pd_col[7].u_pd/hit_latched_reg/C          -       -     R     (arrival)       89    -   150     0     777    (-,-) 
  u_core_gen_pd_row[1].gen_pd_col[7].u_pd/hit_latched_reg/Q          -       C->Q  R     DFRRQJIHDX2      5 94.7   317   719    1496    (-,-) 
  u_core_gen_pd_row[1].gen_pd_col[7].u_pd/g457/Q                     -       A->Q  F     INJIHDX8         9 96.5   104   127    1622    (-,-) 
  u_core_gen_pd_row[1].gen_pd_col[7].u_pd/g455/Q                     -       A->Q  R     INJIHDX4         4 39.4    84    95    1717    (-,-) 
  u_core_gen_pd_row[1].gen_pd_col[7].u_pd/g440__1666/Q               -       B->Q  F     ON22JIHDX1       1  9.3   103   125    1842    (-,-) 
  u_core_gen_pd_row[1].gen_pd_col[7].u_pd/nfast_hit_latched_reg[0]/D -       -     F     DFRSQJIHDX1      1    -     -     0    1842    (-,-) 
#---------------------------------------------------------------------------------------------------------------------------------------------



Path 16: VIOLATED (-61 ps) Setup Check with Pin u_core_gen_pd_row[1].gen_pd_col[1].u_pd/nfast_hit_latched_reg[0]/C->D
           View: tc_view
          Group: clk_osc_fast_buf_tap1
     Startpoint: (R) u_core_gen_pd_row[1].gen_pd_col[1].u_pd/hit_latched_reg/C
          Clock: (R) clk_osc_fast_buf_tap1
       Endpoint: (F) u_core_gen_pd_row[1].gen_pd_col[1].u_pd/nfast_hit_latched_reg[0]/D
          Clock: (R) clk_osc_fast_buf_tap1

                     Capture       Launch     
        Clock Edge:+    1444          111     
       Src Latency:+       0            0     
       Net Latency:+       0 (I)        0 (I) 
           Arrival:=    1444          111     
                                              
             Setup:-     319                  
       Uncertainty:-      10                  
     Required Time:=    1115                  
      Launch Clock:-     111                  
         Data Path:-    1066                  
             Slack:=     -61                  

#---------------------------------------------------------------------------------------------------------------------------------------------
#                           Timing Point                             Flags   Arc   Edge    Cell      Fanout Load Trans Delay Arrival Instance 
#                                                                                                           (fF)  (ps)  (ps)   (ps)  Location 
#---------------------------------------------------------------------------------------------------------------------------------------------
  u_core_gen_pd_row[1].gen_pd_col[1].u_pd/hit_latched_reg/C          -       -     R     (arrival)       89    -   150     0     111    (-,-) 
  u_core_gen_pd_row[1].gen_pd_col[1].u_pd/hit_latched_reg/Q          -       C->Q  R     DFRRQJIHDX2      5 94.7   317   719     830    (-,-) 
  u_core_gen_pd_row[1].gen_pd_col[1].u_pd/g457/Q                     -       A->Q  F     INJIHDX8         9 96.5   104   127     956    (-,-) 
  u_core_gen_pd_row[1].gen_pd_col[1].u_pd/g455/Q                     -       A->Q  R     INJIHDX4         4 39.4    84    95    1051    (-,-) 
  u_core_gen_pd_row[1].gen_pd_col[1].u_pd/g440__1617/Q               -       B->Q  F     ON22JIHDX1       1  9.3   103   125    1176    (-,-) 
  u_core_gen_pd_row[1].gen_pd_col[1].u_pd/nfast_hit_latched_reg[0]/D -       -     F     DFRSQJIHDX1      1    -     -     0    1176    (-,-) 
#---------------------------------------------------------------------------------------------------------------------------------------------



Path 17: VIOLATED (-61 ps) Setup Check with Pin u_core_gen_pd_row[0].gen_pd_col[6].u_pd/nfast_hit_latched_reg[0]/C->D
           View: tc_view
          Group: clk_osc_fast_buf_tap6
     Startpoint: (R) u_core_gen_pd_row[0].gen_pd_col[6].u_pd/hit_latched_reg/C
          Clock: (R) clk_osc_fast_buf_tap6
       Endpoint: (F) u_core_gen_pd_row[0].gen_pd_col[6].u_pd/nfast_hit_latched_reg[0]/D
          Clock: (R) clk_osc_fast_buf_tap6

                     Capture       Launch     
        Clock Edge:+    1999          666     
       Src Latency:+       0            0     
       Net Latency:+       0 (I)        0 (I) 
           Arrival:=    1999          666     
                                              
             Setup:-     319                  
       Uncertainty:-      10                  
     Required Time:=    1670                  
      Launch Clock:-     666                  
         Data Path:-    1066                  
             Slack:=     -61                  

#---------------------------------------------------------------------------------------------------------------------------------------------
#                           Timing Point                             Flags   Arc   Edge    Cell      Fanout Load Trans Delay Arrival Instance 
#                                                                                                           (fF)  (ps)  (ps)   (ps)  Location 
#---------------------------------------------------------------------------------------------------------------------------------------------
  u_core_gen_pd_row[0].gen_pd_col[6].u_pd/hit_latched_reg/C          -       -     R     (arrival)       89    -   150     0     666    (-,-) 
  u_core_gen_pd_row[0].gen_pd_col[6].u_pd/hit_latched_reg/Q          -       C->Q  R     DFRRQJIHDX2      5 94.7   317   719    1385    (-,-) 
  u_core_gen_pd_row[0].gen_pd_col[6].u_pd/g457/Q                     -       A->Q  F     INJIHDX8         9 96.5   104   127    1511    (-,-) 
  u_core_gen_pd_row[0].gen_pd_col[6].u_pd/g455/Q                     -       A->Q  R     INJIHDX4         4 39.4    84    95    1606    (-,-) 
  u_core_gen_pd_row[0].gen_pd_col[6].u_pd/g440__2398/Q               -       B->Q  F     ON22JIHDX1       1  9.3   103   125    1732    (-,-) 
  u_core_gen_pd_row[0].gen_pd_col[6].u_pd/nfast_hit_latched_reg[0]/D -       -     F     DFRSQJIHDX1      1    -     -     0    1732    (-,-) 
#---------------------------------------------------------------------------------------------------------------------------------------------



Path 18: VIOLATED (-61 ps) Setup Check with Pin u_core_gen_pd_row[0].gen_pd_col[4].u_pd/nfast_hit_latched_reg[0]/C->D
           View: tc_view
          Group: clk_osc_fast_buf_tap4
     Startpoint: (R) u_core_gen_pd_row[0].gen_pd_col[4].u_pd/hit_latched_reg/C
          Clock: (R) clk_osc_fast_buf_tap4
       Endpoint: (F) u_core_gen_pd_row[0].gen_pd_col[4].u_pd/nfast_hit_latched_reg[0]/D
          Clock: (R) clk_osc_fast_buf_tap4

                     Capture       Launch     
        Clock Edge:+    1777          444     
       Src Latency:+       0            0     
       Net Latency:+       0 (I)        0 (I) 
           Arrival:=    1777          444     
                                              
             Setup:-     319                  
       Uncertainty:-      10                  
     Required Time:=    1448                  
      Launch Clock:-     444                  
         Data Path:-    1066                  
             Slack:=     -61                  

#---------------------------------------------------------------------------------------------------------------------------------------------
#                           Timing Point                             Flags   Arc   Edge    Cell      Fanout Load Trans Delay Arrival Instance 
#                                                                                                           (fF)  (ps)  (ps)   (ps)  Location 
#---------------------------------------------------------------------------------------------------------------------------------------------
  u_core_gen_pd_row[0].gen_pd_col[4].u_pd/hit_latched_reg/C          -       -     R     (arrival)       89    -   150     0     444    (-,-) 
  u_core_gen_pd_row[0].gen_pd_col[4].u_pd/hit_latched_reg/Q          -       C->Q  R     DFRRQJIHDX2      5 94.7   317   719    1163    (-,-) 
  u_core_gen_pd_row[0].gen_pd_col[4].u_pd/g457/Q                     -       A->Q  F     INJIHDX8         9 96.5   104   127    1289    (-,-) 
  u_core_gen_pd_row[0].gen_pd_col[4].u_pd/g455/Q                     -       A->Q  R     INJIHDX4         4 39.4    84    95    1384    (-,-) 
  u_core_gen_pd_row[0].gen_pd_col[4].u_pd/g440__8428/Q               -       B->Q  F     ON22JIHDX1       1  9.3   103   125    1510    (-,-) 
  u_core_gen_pd_row[0].gen_pd_col[4].u_pd/nfast_hit_latched_reg[0]/D -       -     F     DFRSQJIHDX1      1    -     -     0    1510    (-,-) 
#---------------------------------------------------------------------------------------------------------------------------------------------



Path 19: VIOLATED (-45 ps) Setup Check with Pin u_core_gen_pd_row[7].gen_pd_col[7].u_pd/hit_latched_reg/C->D
           View: tc_view
          Group: clk_osc_fast_buf_tap7
     Startpoint: (R) u_core_gen_pd_row[7].gen_pd_col[7].u_pd/hit_latched_reg/C
          Clock: (R) clk_osc_fast_buf_tap7
       Endpoint: (F) u_core_gen_pd_row[7].gen_pd_col[7].u_pd/hit_latched_reg/D
          Clock: (R) clk_osc_fast_buf_tap7

                     Capture       Launch     
        Clock Edge:+    2110          777     
       Src Latency:+       0            0     
       Net Latency:+       0 (I)        0 (I) 
           Arrival:=    2110          777     
                                              
             Setup:-     323                  
       Uncertainty:-      10                  
     Required Time:=    1777                  
      Launch Clock:-     777                  
         Data Path:-    1045                  
             Slack:=     -45                  

#-------------------------------------------------------------------------------------------------------------------------------------
#                       Timing Point                        Flags   Arc   Edge    Cell      Fanout  Load Trans Delay Arrival Instance 
#                                                                                                   (fF)  (ps)  (ps)   (ps)  Location 
#-------------------------------------------------------------------------------------------------------------------------------------
  u_core_gen_pd_row[7].gen_pd_col[7].u_pd/hit_latched_reg/C -       -     R     (arrival)       89     -   150     0     777    (-,-) 
  u_core_gen_pd_row[7].gen_pd_col[7].u_pd/hit_latched_reg/Q -       C->Q  F     DFRRQJIHDX2      5  89.8   227   755    1532    (-,-) 
  u_core_gen_pd_row[7].gen_pd_col[7].u_pd/g457/Q            -       A->Q  R     INJIHDX8         9 100.3   114   148    1679    (-,-) 
  u_core_gen_pd_row[7].gen_pd_col[7].u_pd/g431__3680/Q      -       C->Q  F     NA22JIHDX0       1  10.1   135   143    1822    (-,-) 
  u_core_gen_pd_row[7].gen_pd_col[7].u_pd/hit_latched_reg/D -       -     F     DFRRQJIHDX2      1     -     -     0    1822    (-,-) 
#-------------------------------------------------------------------------------------------------------------------------------------



Path 20: VIOLATED (-45 ps) Setup Check with Pin u_core_gen_pd_row[7].gen_pd_col[1].u_pd/hit_latched_reg/C->D
           View: tc_view
          Group: clk_osc_fast_buf_tap1
     Startpoint: (R) u_core_gen_pd_row[7].gen_pd_col[1].u_pd/hit_latched_reg/C
          Clock: (R) clk_osc_fast_buf_tap1
       Endpoint: (F) u_core_gen_pd_row[7].gen_pd_col[1].u_pd/hit_latched_reg/D
          Clock: (R) clk_osc_fast_buf_tap1

                     Capture       Launch     
        Clock Edge:+    1444          111     
       Src Latency:+       0            0     
       Net Latency:+       0 (I)        0 (I) 
           Arrival:=    1444          111     
                                              
             Setup:-     323                  
       Uncertainty:-      10                  
     Required Time:=    1111                  
      Launch Clock:-     111                  
         Data Path:-    1045                  
             Slack:=     -45                  

#-------------------------------------------------------------------------------------------------------------------------------------
#                       Timing Point                        Flags   Arc   Edge    Cell      Fanout  Load Trans Delay Arrival Instance 
#                                                                                                   (fF)  (ps)  (ps)   (ps)  Location 
#-------------------------------------------------------------------------------------------------------------------------------------
  u_core_gen_pd_row[7].gen_pd_col[1].u_pd/hit_latched_reg/C -       -     R     (arrival)       89     -   150     0     111    (-,-) 
  u_core_gen_pd_row[7].gen_pd_col[1].u_pd/hit_latched_reg/Q -       C->Q  F     DFRRQJIHDX2      5  89.8   227   755     866    (-,-) 
  u_core_gen_pd_row[7].gen_pd_col[1].u_pd/g457/Q            -       A->Q  R     INJIHDX8         9 100.3   114   148    1013    (-,-) 
  u_core_gen_pd_row[7].gen_pd_col[1].u_pd/g431__6161/Q      -       C->Q  F     NA22JIHDX0       1  10.1   135   143    1156    (-,-) 
  u_core_gen_pd_row[7].gen_pd_col[1].u_pd/hit_latched_reg/D -       -     F     DFRRQJIHDX2      1     -     -     0    1156    (-,-) 
#-------------------------------------------------------------------------------------------------------------------------------------


