============================================================
  Generated by:           Genus(TM) Synthesis Solution 22.13-s093_1
  Generated on:           May 18 2026  11:14:20 am
  Module:                 mptdc_top_asic
  Operating conditions:   slow_1_62V_125C 
  Interconnect mode:      global
  Area mode:              physical library
============================================================

Timing
--------

Analysis view       Clock       Period 
---------------------------------------
wc_view       clk_osc_fast       900.0 
              clk_osc_fast_tap1  900.0 
              clk_osc_fast_tap2  900.0 
              clk_osc_fast_tap3  900.0 
              clk_osc_fast_tap4  900.0 
              clk_osc_fast_tap5  900.0 
              clk_osc_fast_tap6  900.0 
              clk_osc_fast_tap7  900.0 
              clk_osc_slow      1000.0 
              clk_osc_slow_tap1 1000.0 
              clk_osc_slow_tap2 1000.0 
              clk_osc_slow_tap3 1000.0 
              clk_osc_slow_tap4 1000.0 
              clk_osc_slow_tap5 1000.0 
              clk_osc_slow_tap6 1000.0 
              clk_osc_slow_tap7 1000.0 
              clk_sys           6250.0 


Analysis        Cost        Critical               Violating 
  View         Group       Path Slack     TNS        Paths   
-------------------------------------------------------------
wc_view       clk_osc_fast   -10429.4  -9080247.6       3848 
         clk_osc_fast_tap1    -3130.7   -361553.6        136 
         clk_osc_fast_tap2    -3080.7   -358353.6        136 
         clk_osc_fast_tap3    -3030.7   -355153.6        136 
         clk_osc_fast_tap4    -2980.7   -351953.6        136 
         clk_osc_fast_tap5    -2930.7   -348753.6        136 
         clk_osc_fast_tap6    -2880.7   -345553.6        136 
         clk_osc_fast_tap7    -2830.7   -342353.6        136 
              clk_osc_slow    -3970.8    -98309.9         37 
         clk_osc_slow_tap1   No paths         0.0          0 
         clk_osc_slow_tap2   No paths         0.0          0 
         clk_osc_slow_tap3   No paths         0.0          0 
         clk_osc_slow_tap4   No paths         0.0          0 
         clk_osc_slow_tap5   No paths         0.0          0 
         clk_osc_slow_tap6   No paths         0.0          0 
         clk_osc_slow_tap7   No paths         0.0          0 
                   clk_sys   -13539.5 -30665287.0       6421 
                   default   No paths         0.0          0 
-------------------------------------------------------------
Total                                 -42307519.7      11258 
                                                             

Instance Count
--------------
Leaf Instance Count             35722 
Physical Instance count             0 
Sequential Instance Count        6079 
Combinational Instance Count    29644 
Hierarchical Instance Count       344 

Area
----
Cell Area                          698210.497
Physical Cell Area                 0.000
Total Cell Area (Cell+Physical)    698210.497
Net Area                           798.012
Total Area (Cell+Physical+Net)     699008.509

Power
-----
Leakage Power                      9019.453 nW
Dynamic Power                      134981588.234 nW
Total Power                        134990607.687 nW

Max Fanout                         3509 (clk_sys)
Min Fanout                         0 (n_7)
Average Fanout                     1.7
Terms to net ratio                 2.7199
Terms to instance ratio            3.8311
Runtime                            34.868122 seconds
Elapsed Runtime                    40 seconds
Genus peak memory usage            1726.15 
Innovus peak memory usage          no_value 
Hostname                           lyoelectrosrv01.in2p3.fr
