============================================================
  Generated by:           Genus(TM) Synthesis Solution 22.13-s093_1
  Generated on:           May 12 2026  04:18:09 pm
  Module:                 mptdc_top_asic
  Operating conditions:   slow_1_62V_125C 
  Interconnect mode:      global
  Area mode:              physical library
============================================================


 Clock Description
 ----------------- 

             Clock                               Clock                                          No of   
  Mode       Name       Period  Rise    Fall     Domain                Pin/Port               Registers 
--------------------------------------------------------------------------------------------------------
wc_view  clk_sys        6250.0   0.0   3125.0   domain_1   clk_sys                              2970    
wc_view  clk_osc_slow   1000.0   0.0    500.0   domain_1   u_core_u_osc_slow_u_stub/phase[0]     23     
wc_view  clk_osc_fast    900.0   0.0    450.0   domain_1   u_core_u_osc_fast_u_stub/phase[0]    1208    

 Clock Network Latency / Setup Uncertainty
 ----------------------------------------- 

                       Network   Network   Source   Source     Setup        Setup    
            Clock      Latency   Latency  Latency  Latency  Uncertainty  Uncertainty 
  Mode      Name        Rise      Fall      Rise     Fall       Rise         Fall    
-------------------------------------------------------------------------------------
wc_view clk_sys            0.0       0.0      0.0      0.0        300.0        300.0 
wc_view clk_osc_slow       0.0       0.0      0.0      0.0         50.0         50.0 
wc_view clk_osc_fast       0.0       0.0      0.0      0.0         50.0         50.0 

 Clock Relationship (with uncertainty & latency)
 ----------------------------------------------- 

    Mode        From            To         R->R     R->F     F->R     F->F  
----------------------------------------------------------------------------
  wc_view   clk_sys        clk_sys        5950.0   2825.0   2825.0   5950.0 
  wc_view   clk_sys        clk_osc_slow    200.0    200.0     75.0     75.0 
  wc_view   clk_sys        clk_osc_fast      0.0      0.0    -25.0    -25.0 
  wc_view   clk_osc_slow   clk_sys         -50.0   -175.0    -50.0   -175.0 
  wc_view   clk_osc_slow   clk_osc_slow    950.0    450.0    450.0    950.0 
  wc_view   clk_osc_slow   clk_osc_fast     50.0      0.0     50.0      0.0 
  wc_view   clk_osc_fast   clk_sys        -250.0   -275.0   -250.0   -275.0 
  wc_view   clk_osc_fast   clk_osc_slow     50.0     50.0      0.0      0.0 
  wc_view   clk_osc_fast   clk_osc_fast    850.0    400.0    400.0    850.0 
