===== Patched run.pvs =====
#!/bin/sh -f
###### This run file is generated by PVS UI
###### PVS Version 22.22-s005
###### ENVIROMENT VARIABLES FROM PVS CONFIGURATOR #######
###### END LIST OF ENVIROMENT VARIABLES #######
pwd_d=`pwd`
cd /sim/ksabra/SPADMIC_work/innovus/20260901_181712_mptdc_v13_pg15_compositional_pvs/pvs_drc/mptdc_axis_core_merged_base_script ;\
/eda/cadence/2023-24/RHELx86/PVS_22.22.000/bin/pvs \
	-drc \
	-top_cell mptdc_axis_core \
	-ui_data \
	-control /sim/ksabra/SPADMIC_work/innovus/20260901_181712_mptdc_v13_pg15_compositional_pvs/pvs_drc/mptdc_axis_core_merged_base_script/pvsdrcctl \
	-cell_tree /sim/ksabra/SPADMIC_work/innovus/20260901_181712_mptdc_v13_pg15_compositional_pvs/pvs_drc/mptdc_axis_core_merged_base_script/cell_tree.txt \
	/sim/ksabra/SPADMIC_work/innovus/20260901_181712_mptdc_v13_pg15_compositional_pvs/pvs_drc/mptdc_axis_core_merged_base_script/.config.rul \
	/sim/ksabra/SPADMIC_work/innovus/20260901_181712_mptdc_v13_pg15_compositional_pvs/pvs_drc/mptdc_axis_core_merged_base_script/.technology.rul
cd $pwd_d

===== DRC control rewrite audit =====
PVS_DRC_CONTROL_REWRITE_STATUS=PASS
PVS_DRC_CONTROL_VARIANT=base
PVS_DRC_DENSITY_CONTROL=#UNDEFINE DENSITY
PVS_DRC_POPPING_CONTROL=#UNDEFINE POPPING
PVS_DRC_JOINED_DIRECTIVE_COUNT=0

===== Patched DRC config scan =====
/sim/ksabra/SPADMIC_work/innovus/20260901_181712_mptdc_v13_pg15_compositional_pvs/pvs_drc/mptdc_axis_core_merged_base_script/run.pvs:7:cd /sim/ksabra/SPADMIC_work/innovus/20260901_181712_mptdc_v13_pg15_compositional_pvs/pvs_drc/mptdc_axis_core_merged_base_script ;\
/sim/ksabra/SPADMIC_work/innovus/20260901_181712_mptdc_v13_pg15_compositional_pvs/pvs_drc/mptdc_axis_core_merged_base_script/run.pvs:9:	-drc \
/sim/ksabra/SPADMIC_work/innovus/20260901_181712_mptdc_v13_pg15_compositional_pvs/pvs_drc/mptdc_axis_core_merged_base_script/run.pvs:12:	-control /sim/ksabra/SPADMIC_work/innovus/20260901_181712_mptdc_v13_pg15_compositional_pvs/pvs_drc/mptdc_axis_core_merged_base_script/pvsdrcctl \
/sim/ksabra/SPADMIC_work/innovus/20260901_181712_mptdc_v13_pg15_compositional_pvs/pvs_drc/mptdc_axis_core_merged_base_script/run.pvs:13:	-cell_tree /sim/ksabra/SPADMIC_work/innovus/20260901_181712_mptdc_v13_pg15_compositional_pvs/pvs_drc/mptdc_axis_core_merged_base_script/cell_tree.txt \
/sim/ksabra/SPADMIC_work/innovus/20260901_181712_mptdc_v13_pg15_compositional_pvs/pvs_drc/mptdc_axis_core_merged_base_script/run.pvs:14:	/sim/ksabra/SPADMIC_work/innovus/20260901_181712_mptdc_v13_pg15_compositional_pvs/pvs_drc/mptdc_axis_core_merged_base_script/.config.rul \
/sim/ksabra/SPADMIC_work/innovus/20260901_181712_mptdc_v13_pg15_compositional_pvs/pvs_drc/mptdc_axis_core_merged_base_script/run.pvs:15:	/sim/ksabra/SPADMIC_work/innovus/20260901_181712_mptdc_v13_pg15_compositional_pvs/pvs_drc/mptdc_axis_core_merged_base_script/.technology.rul
/sim/ksabra/SPADMIC_work/innovus/20260901_181712_mptdc_v13_pg15_compositional_pvs/pvs_drc/mptdc_axis_core_merged_base_script/pvsdrcctl:7:report_summary -drc "mptdc_axis_core_drc.sum" -replace;
/sim/ksabra/SPADMIC_work/innovus/20260901_181712_mptdc_v13_pg15_compositional_pvs/pvs_drc/mptdc_axis_core_merged_base_script/pvsdrcctl:8:max_results -drc 1000;
/sim/ksabra/SPADMIC_work/innovus/20260901_181712_mptdc_v13_pg15_compositional_pvs/pvs_drc/mptdc_axis_core_merged_base_script/pvsdrcctl:9:max_vertex -drc 4096;
/sim/ksabra/SPADMIC_work/innovus/20260901_181712_mptdc_v13_pg15_compositional_pvs/pvs_drc/mptdc_axis_core_merged_base_script/pvsdrcctl:10:results_db -drc "/sim/ksabra/SPADMIC_work/innovus/20260901_181712_mptdc_v13_pg15_compositional_pvs/pvs_drc/mptdc_axis_core_merged_base_script/mptdc_axis_core_drc.err" -ascii;
/sim/ksabra/SPADMIC_work/innovus/20260901_181712_mptdc_v13_pg15_compositional_pvs/pvs_drc/mptdc_axis_core_merged_base_script/pvsdrcctl:13:layout_format gdsii;
/sim/ksabra/SPADMIC_work/innovus/20260901_181712_mptdc_v13_pg15_compositional_pvs/pvs_drc/mptdc_axis_core_merged_base_script/pvsdrcctl:14:layout_path "/sim/ksabra/SPADMIC_work/innovus/20260901_181712_mptdc_v13_pg15_compositional_pvs/outputs/mptdc_axis_core_merged_stdcell_ro6.gds";
/sim/ksabra/SPADMIC_work/innovus/20260901_181712_mptdc_v13_pg15_compositional_pvs/pvs_drc/mptdc_axis_core_merged_base_script/pvsdrcctl:16://   DRC CONFIGURATION  
/sim/ksabra/SPADMIC_work/innovus/20260901_181712_mptdc_v13_pg15_compositional_pvs/pvs_drc/mptdc_axis_core_merged_base_script/pvsdrcctl:17://   #Select Density Rules#  
/sim/ksabra/SPADMIC_work/innovus/20260901_181712_mptdc_v13_pg15_compositional_pvs/pvs_drc/mptdc_axis_core_merged_base_script/pvsdrcctl:18:#UNDEFINE DENSITY
