============================================================
  Generated by:           Genus(TM) Synthesis Solution 22.13-s093_1
  Generated on:           May 27 2026  11:11:35 am
  Module:                 mptdc_top_asic
  Operating conditions:   slow_1_62V_125C 
  Interconnect mode:      global
  Area mode:              physical library
============================================================

Timing
--------

Analysis view       Clock       Period 
---------------------------------------
wc_view       clk_osc_fast       900.0 
              clk_osc_fast_tap1  900.0 
              clk_osc_fast_tap2  900.0 
              clk_osc_fast_tap3  900.0 
              clk_osc_fast_tap4  900.0 
              clk_osc_fast_tap5  900.0 
              clk_osc_fast_tap6  900.0 
              clk_osc_fast_tap7  900.0 
              clk_osc_slow      1000.0 
              clk_osc_slow_tap1 1000.0 
              clk_osc_slow_tap2 1000.0 
              clk_osc_slow_tap3 1000.0 
              clk_osc_slow_tap4 1000.0 
              clk_osc_slow_tap5 1000.0 
              clk_osc_slow_tap6 1000.0 
              clk_osc_slow_tap7 1000.0 
              clk_sys           6250.0 


Analysis        Cost        Critical              Violating 
  View         Group       Path Slack     TNS       Paths   
------------------------------------------------------------
wc_view       clk_osc_fast    -3031.9  -219765.1         94 
         clk_osc_fast_tap1    -3189.2  -194200.7         72 
         clk_osc_fast_tap2    -3128.4  -191119.6         72 
         clk_osc_fast_tap3    -3089.2  -189587.2         72 
         clk_osc_fast_tap4    -3028.8  -185855.7         72 
         clk_osc_fast_tap5    -2989.8  -183865.4         72 
         clk_osc_fast_tap6    -3032.1  -183620.7         72 
         clk_osc_fast_tap7    -3037.6  -179167.5         72 
              clk_osc_slow    -3163.4   -57088.1         22 
         clk_osc_slow_tap1   No paths        0.0          0 
         clk_osc_slow_tap2   No paths        0.0          0 
         clk_osc_slow_tap3   No paths        0.0          0 
         clk_osc_slow_tap4   No paths        0.0          0 
         clk_osc_slow_tap5   No paths        0.0          0 
         clk_osc_slow_tap6   No paths        0.0          0 
         clk_osc_slow_tap7   No paths        0.0          0 
                   clk_sys    -2085.7   -95292.5        113 
                   default   No paths        0.0          0 
------------------------------------------------------------
Total                                 -1679562.5        733 
                                                            

Instance Count
--------------
Leaf Instance Count             19536 
Physical Instance count             0 
Sequential Instance Count        5573 
Combinational Instance Count    13963 
Hierarchical Instance Count        74 

Area
----
Cell Area                          502281.830
Physical Cell Area                 0.000
Total Cell Area (Cell+Physical)    502281.830
Net Area                           255719.143
Total Area (Cell+Physical+Net)     758000.973

Power
-----
Leakage Power                      7566.053 nW
Dynamic Power                      178952180.466 nW
Total Power                        178959746.520 nW

Max Fanout                         4860 (clk_sys)
Min Fanout                         0 (local_async_rst_n)
Average Fanout                     2.6
Terms to net ratio                 3.6717
Terms to instance ratio            3.7106
Runtime                            501.650144000001 seconds
Elapsed Runtime                    505 seconds
Genus peak memory usage            2328.55 
Innovus peak memory usage          no_value 
Hostname                           lyoelectrosrv01.in2p3.fr
