Using Power View: wc_view.
Begin Boundary Leakage Calculation
Ended Boundary Leakage Calculation: (cpu=0:00:00, real=0:00:00,
mem(process/total/peak)=2465.73MB/4018.01MB/2699.04MB)
Begin Static Power Report Generation
*----------------------------------------------------------------------------------------
*	Innovus 22.33-s094_1 (64bit) 08/25/2023 16:48 (Linux 3.10.0-693.el7.x86_64)
*	
*
* 	Date & Time:	2026-May-18 13:45:15 (2026-May-18 11:45:15 GMT)
*
*----------------------------------------------------------------------------------------
*
*	Design: mptdc_top_asic
*
*	Liberty Libraries used:
*	        wc_view: /data/pdk/xfab/xh018/diglibs/D_CELLS_HD/v6_0/liberty_LPMOS/v6_0_0/PVT_1_80V_range/D_CELLS_HD_LPMOS_slow_1_62V_125C.lib
*
*	Parasitic Files used:
*
*       Power View : wc_view
*
*       User-Defined Activity : N.A.
*
*       Activity File: N.A.
*
*       Hierarchical Global Activity: N.A.
*
*       Global Activity: N.A.
*
*       Sequential Element Activity: 0.200000
*
*       Primary Input Activity: 0.200000
*
*       Default icg ratio: N.A.
*
*       Global Comb ClockGate Ratio: N.A.
*
*	Power Units = 1mW
*
*	Time Units = 1e-09 secs
*
*       report_power -hierarchy all
*
-----------------------------------------------------------------------------------------
*



Total Power
-----------------------------------------------------------------------------------------
Total Internal Power:      365.91704458 	   80.7349%
Total Switching Power:      87.30377031 	   19.2625%
Total Leakage Power:         0.01193924 	    0.0026%
Total Power:               453.23275412
-----------------------------------------------------------------------------------------


Group                           Internal   Switching     Leakage       Total  Percentage 
                                Power      Power         Power         Power  (%)        
-----------------------------------------------------------------------------------------
Sequential                         307.4       17.76    0.005679       325.1       71.73
Macro                                  0           0           0           0           0
IO                                     0           0           0           0           0
Combinational                      58.56       69.54    0.006261       128.1       28.27
Clock (Combinational)                  0           0           0           0           0
Clock (Sequential)                     0           0           0           0           0
-----------------------------------------------------------------------------------------
Total                              365.9        87.3     0.01194       453.2         100
-----------------------------------------------------------------------------------------


Rail                  Voltage   Internal   Switching     Leakage       Total  Percentage 
                                Power      Power         Power         Power  (%)        
-----------------------------------------------------------------------------------------
VDD                      1.62      365.9        87.3     0.01194       453.2         100


Hierarchy                       Internal   Switching     Leakage       Total  Percentage 
                                Power      Power         Power         Power  (%)        
-----------------------------------------------------------------------------------------
u_core_gen_pd_row[0].gen_pd_col[0].u_pd
                                   1.116      0.2421   1.497e-05       1.358      0.2996 
u_core_gen_pd_row[0].gen_pd_col[1].u_pd
                                   1.067      0.2537   1.362e-05       1.321      0.2914 
u_core_gen_pd_row[0].gen_pd_col[2].u_pd
                                   1.107      0.2354   1.553e-05       1.342      0.2961 
u_core_gen_pd_row[0].gen_pd_col[3].u_pd
                                   1.084      0.2388   1.359e-05       1.323      0.2918 
u_core_gen_pd_row[0].gen_pd_col[4].u_pd
                                   1.157      0.2548   1.675e-05       1.412      0.3115 
u_core_gen_pd_row[0].gen_pd_col[5].u_pd
                                   1.128      0.2518   1.579e-05        1.38      0.3044 
u_core_gen_pd_row[0].gen_pd_col[6].u_pd
                                   1.108      0.2244   1.438e-05       1.333       0.294 
u_core_gen_pd_row[0].gen_pd_col[7].u_pd
                                   1.106      0.2633   1.603e-05       1.369       0.302 
u_core_gen_pd_row[1].gen_pd_col[0].u_pd
                                   1.089      0.2194   1.456e-05       1.308      0.2887 
u_core_gen_pd_row[1].gen_pd_col[1].u_pd
                                   1.104       0.212   1.411e-05       1.316      0.2903 
u_core_gen_pd_row[1].gen_pd_col[2].u_pd
                                   1.148      0.2263   1.589e-05       1.374      0.3032 
u_core_gen_pd_row[1].gen_pd_col[3].u_pd
                                   1.103      0.2123   1.385e-05       1.316      0.2903 
u_core_gen_pd_row[1].gen_pd_col[4].u_pd
                                   1.153      0.2789   1.652e-05       1.432       0.316 
u_core_gen_pd_row[1].gen_pd_col[5].u_pd
                                   1.113      0.2875   1.687e-05         1.4       0.309 
u_core_gen_pd_row[1].gen_pd_col[6].u_pd
                                   1.127      0.2348   1.516e-05       1.361      0.3004 
u_core_gen_pd_row[1].gen_pd_col[7].u_pd
                                   1.083      0.2463   1.481e-05        1.33      0.2933 
u_core_gen_pd_row[2].gen_pd_col[0].u_pd
                                   1.112       0.231   1.466e-05       1.343      0.2964 
u_core_gen_pd_row[2].gen_pd_col[1].u_pd
                                   1.078      0.2148   1.307e-05       1.292      0.2852 
u_core_gen_pd_row[2].gen_pd_col[2].u_pd
                                     1.1      0.2277   1.429e-05       1.327      0.2929 
u_core_gen_pd_row[2].gen_pd_col[3].u_pd
                                   1.059       0.217   1.277e-05       1.276      0.2815 
u_core_gen_pd_row[2].gen_pd_col[4].u_pd
                                   1.072      0.2377    1.43e-05        1.31       0.289 
u_core_gen_pd_row[2].gen_pd_col[5].u_pd
                                   1.093      0.2393   1.463e-05       1.332      0.2939 
u_core_gen_pd_row[2].gen_pd_col[6].u_pd
                                   1.152      0.2423   1.569e-05       1.394      0.3077 
u_core_gen_pd_row[2].gen_pd_col[7].u_pd
                                    1.11      0.2519   1.536e-05       1.362      0.3006 
u_core_gen_pd_row[3].gen_pd_col[0].u_pd
                                   1.107      0.2203   1.449e-05       1.327      0.2929 
u_core_gen_pd_row[3].gen_pd_col[1].u_pd
                                   1.097      0.1905   1.439e-05       1.288      0.2841 
u_core_gen_pd_row[3].gen_pd_col[2].u_pd
                                   1.066      0.2084   1.339e-05       1.275      0.2812 
u_core_gen_pd_row[3].gen_pd_col[3].u_pd
                                   1.093      0.2033   1.335e-05       1.296       0.286 
u_core_gen_pd_row[3].gen_pd_col[4].u_pd
                                   1.077      0.2106    1.38e-05       1.288      0.2842 
u_core_gen_pd_row[3].gen_pd_col[5].u_pd
                                    1.08      0.2381    1.52e-05       1.318      0.2909 
u_core_gen_pd_row[3].gen_pd_col[6].u_pd
                                   1.124      0.2401    1.49e-05       1.364      0.3009 
u_core_gen_pd_row[3].gen_pd_col[7].u_pd
                                   1.108        0.21   1.442e-05       1.318      0.2907 
u_core_gen_pd_row[4].gen_pd_col[0].u_pd
                                   1.122      0.2498     1.5e-05       1.372      0.3027 
u_core_gen_pd_row[4].gen_pd_col[1].u_pd
                                   1.085      0.2028   1.344e-05       1.288      0.2842 
u_core_gen_pd_row[4].gen_pd_col[2].u_pd
                                    1.08      0.2108   1.349e-05       1.291      0.2849 
u_core_gen_pd_row[4].gen_pd_col[3].u_pd
                                   1.108      0.2286   1.407e-05       1.337       0.295 
u_core_gen_pd_row[4].gen_pd_col[4].u_pd
                                   1.115      0.2016   1.403e-05       1.317      0.2905 
u_core_gen_pd_row[4].gen_pd_col[5].u_pd
                                   1.101      0.2464   1.606e-05       1.347      0.2973 
u_core_gen_pd_row[4].gen_pd_col[6].u_pd
                                   1.131      0.1941   1.477e-05       1.325      0.2923 
u_core_gen_pd_row[4].gen_pd_col[7].u_pd
                                   1.123      0.2275    1.54e-05       1.351      0.2981 
u_core_gen_pd_row[5].gen_pd_col[0].u_pd
                                     1.1       0.264   1.529e-05       1.364      0.3009 
u_core_gen_pd_row[5].gen_pd_col[1].u_pd
                                   1.094       0.197    1.31e-05       1.291      0.2849 
u_core_gen_pd_row[5].gen_pd_col[2].u_pd
                                   1.105      0.2149   1.386e-05        1.32      0.2912 
u_core_gen_pd_row[5].gen_pd_col[3].u_pd
                                   1.106      0.2162    1.39e-05       1.322      0.2918 
u_core_gen_pd_row[5].gen_pd_col[4].u_pd
                                   1.078       0.207   1.358e-05       1.285      0.2835 
u_core_gen_pd_row[5].gen_pd_col[5].u_pd
                                   1.099        0.23   1.513e-05       1.329      0.2932 
u_core_gen_pd_row[5].gen_pd_col[6].u_pd
                                   1.084      0.1942   1.345e-05       1.278      0.2819 
u_core_gen_pd_row[5].gen_pd_col[7].u_pd
                                   1.096      0.2201   1.424e-05       1.316      0.2903 
u_core_gen_pd_row[6].gen_pd_col[0].u_pd
                                   1.141       0.271   1.546e-05       1.412      0.3115 
u_core_gen_pd_row[6].gen_pd_col[1].u_pd
                                   1.153      0.2172   1.501e-05        1.37      0.3022 
u_core_gen_pd_row[6].gen_pd_col[2].u_pd
                                    1.08      0.2329   1.392e-05       1.313      0.2896 
u_core_gen_pd_row[6].gen_pd_col[3].u_pd
                                   1.088      0.1928   1.292e-05       1.281      0.2826 
u_core_gen_pd_row[6].gen_pd_col[4].u_pd
                                   1.149      0.2437    1.58e-05       1.392      0.3072 
u_core_gen_pd_row[6].gen_pd_col[5].u_pd
                                   1.125      0.2602   1.678e-05       1.385      0.3057 
u_core_gen_pd_row[6].gen_pd_col[6].u_pd
                                   1.122      0.2574   1.517e-05       1.379      0.3042 
u_core_gen_pd_row[6].gen_pd_col[7].u_pd
                                   1.123      0.2687   1.597e-05       1.392      0.3071 
u_core_gen_pd_row[7].gen_pd_col[0].u_pd
                                   1.095      0.2084   1.394e-05       1.304      0.2876 
u_core_gen_pd_row[7].gen_pd_col[1].u_pd
                                   1.101      0.2193   1.411e-05        1.32      0.2913 
u_core_gen_pd_row[7].gen_pd_col[2].u_pd
                                   1.084      0.2497    1.41e-05       1.333      0.2942 
u_core_gen_pd_row[7].gen_pd_col[3].u_pd
                                   1.077      0.2275   1.287e-05       1.305      0.2879 
u_core_gen_pd_row[7].gen_pd_col[4].u_pd
                                   1.182      0.2193   1.556e-05       1.401      0.3091 
u_core_gen_pd_row[7].gen_pd_col[5].u_pd
                                   1.108       0.236   1.498e-05       1.344      0.2965 
u_core_gen_pd_row[7].gen_pd_col[6].u_pd
                                   1.119      0.2222   1.453e-05       1.341      0.2959 
u_core_gen_pd_row[7].gen_pd_col[7].u_pd
                                   1.091      0.1917   1.288e-05       1.283       0.283 
u_core_u_rst_drain_sync          0.05295    0.001871   2.665e-06     0.05482      0.0121 
u_core_u_rst_fast_sync            0.1826    0.009649   1.369e-06      0.1922     0.04241 
u_core_u_rst_fifo_sync           0.03926   0.0008683    1.98e-06     0.04013    0.008855 
u_core_u_rst_status_sync         0.02676    0.001472   1.369e-06     0.02824     0.00623 
u_core_u_rst_tx_sync             0.06604    0.002541   3.313e-06     0.06858     0.01513 
u_core_u_rst_wdt_sync            0.07913    0.002431   3.961e-06     0.08157       0.018 
u_rst_core_sync                  0.05374     0.00193   2.377e-06     0.05568     0.01228 
u_rst_csr_sync                   0.03994     0.00096   1.757e-06     0.04091    0.009026 
u_core_u_osc_fast_u_stub          0.1962       12.49   4.432e-07       12.69         2.8 
u_core_u_osc_slow_u_stub           0.133      0.2976    1.24e-06      0.4307     0.09502 
 
 
-----------------------------------------------------------------------------------------
*	Power Distribution Summary: 
*              Highest Average Power: u_core_u_osc_fast_u_stub/g32 (NO2I1HDX0):            4.291
*              Highest Leakage Power:              FE_RC_4390_0 (BUHDX12):        1.803e-06
*                Total Cap:      6.45792e-10 F
*                Total instances in design: 22693
*                Total instances in design with no power:     0
*                Total instances in design with no activty:     0

*                Total Fillers and Decap:     0
-----------------------------------------------------------------------------------------
 
** INFO:  (VOLTUS_POWR-3465): There are 0 decaps and 0 fillers in the design

Ended Static Power Report Generation: (cpu=0:00:00, real=0:00:00,
mem(process/total/peak)=2473.45MB/4021.51MB/2699.04MB)

