LABEL=SPADMIC_POSITION_PVS_DRC_PREPROCESSOR_SEMANTIC_CLASSIFICATION
DIRECTIVE=DENSITY
STATE=UNDEFINED
CLASS=BASE_DRC_VARIANT_SELECTOR
COVERAGE_EFFECT=SEPARATE_DENSITY_DRC_REQUIRED
DIRECTIVE=POPPING
STATE=UNDEFINED
CLASS=PDK_SEMANTICS_UNRESOLVED
COVERAGE_EFFECT=REVIEW_REQUIRED
DIRECTIVE=PIMIDE
STATE=UNDEFINED
CLASS=PDK_SEMANTICS_UNRESOLVED
COVERAGE_EFFECT=REVIEW_REQUIRED
DIRECTIVE=DUMMY_FILL
STATE=UNDEFINED
CLASS=DUMMY_PATTERN_GENERATION_SELECTOR
COVERAGE_EFFECT=RULE_DECK_USAGE_REVIEW_REQUIRED
DIRECTIVE=VAR_ANT_RATIO
STATE=DEFINED
CLASS=ADDITIONAL_VARIABLE_RATIO_ANTENNA_FAMILY
COVERAGE_EFFECT=ADDITIONAL_ANTENNA_FAMILY_ENABLED
PREPROCESSOR_SEMANTIC_REVIEW_STATUS=REVIEW_REQUIRED
STRICT_DRY_RUN_PREFLIGHT_AUTHORIZED=NO
PVS_REPLAY_AUTHORIZED=NO
PVS_EXECUTED=NO
