============================================================
  Generated by:           Genus(TM) Synthesis Solution 22.13-s093_1
  Generated on:           Jun 02 2026  10:36:45 am
  Module:                 mptdc_top_asic
  Operating conditions:   slow_1_62V_125C 
  Interconnect mode:      global
  Area mode:              physical library
============================================================

Timing
--------

Analysis view       Clock       Period 
---------------------------------------
wc_view       clk_osc_fast       900.0 
              clk_osc_fast_tap1  900.0 
              clk_osc_fast_tap2  900.0 
              clk_osc_fast_tap3  900.0 
              clk_osc_fast_tap4  900.0 
              clk_osc_fast_tap5  900.0 
              clk_osc_fast_tap6  900.0 
              clk_osc_fast_tap7  900.0 
              clk_osc_slow      1000.0 
              clk_osc_slow_tap1 1000.0 
              clk_osc_slow_tap2 1000.0 
              clk_osc_slow_tap3 1000.0 
              clk_osc_slow_tap4 1000.0 
              clk_osc_slow_tap5 1000.0 
              clk_osc_slow_tap6 1000.0 
              clk_osc_slow_tap7 1000.0 
              clk_sys           6250.0 


Analysis        Cost        Critical              Violating 
  View         Group       Path Slack     TNS       Paths   
------------------------------------------------------------
wc_view       clk_osc_fast    -2451.3  -280205.3        136 
         clk_osc_fast_tap1    -2451.3  -278099.1        135 
         clk_osc_fast_tap2    -2451.3  -278099.1        135 
         clk_osc_fast_tap3    -2451.3  -278099.1        135 
         clk_osc_fast_tap4    -2451.3  -278099.1        135 
         clk_osc_fast_tap5    -2451.3  -278099.1        135 
         clk_osc_fast_tap6    -2451.3  -278099.1        135 
         clk_osc_fast_tap7    -2451.3  -278099.1        135 
              clk_osc_slow    -1163.6   -65215.7         64 
         clk_osc_slow_tap1   No paths        0.0          0 
         clk_osc_slow_tap2   No paths        0.0          0 
         clk_osc_slow_tap3   No paths        0.0          0 
         clk_osc_slow_tap4   No paths        0.0          0 
         clk_osc_slow_tap5   No paths        0.0          0 
         clk_osc_slow_tap6   No paths        0.0          0 
         clk_osc_slow_tap7   No paths        0.0          0 
                   clk_sys    -3187.6 -1562351.6       3572 
                   default   No paths        0.0          0 
------------------------------------------------------------
Total                                 -3854466.3       4717 
                                                            

Instance Count
--------------
Leaf Instance Count             11088 
Physical Instance count             0 
Sequential Instance Count        6340 
Combinational Instance Count     4749 
Hierarchical Instance Count       367 

Area
----
Cell Area                          459102.636
Physical Cell Area                 0.000
Total Cell Area (Cell+Physical)    459102.636
Net Area                           837.131
Total Area (Cell+Physical+Net)     459939.767

Power
-----
Leakage Power                      6636.968 nW
Dynamic Power                      72370170.894 nW
Total Power                        72376807.862 nW

Max Fanout                         5500 (clk_sys)
Min Fanout                         0 (n_7)
Average Fanout                     1.8
Terms to net ratio                 2.8757
Terms to instance ratio            6.5234
Runtime                            33.725984000000004 seconds
Elapsed Runtime                    36 seconds
Genus peak memory usage            1771.90 
Innovus peak memory usage          no_value 
Hostname                           lyoelectrosrv01.in2p3.fr
