============================================================
  Generated by:           Genus(TM) Synthesis Solution 22.13-s093_1
  Generated on:           Jun 04 2026  01:43:18 pm
  Module:                 mptdc_top_asic
  Operating conditions:   typ_1_80V_25C 
  Interconnect mode:      global
  Area mode:              physical library
============================================================

Timing
--------

Analysis view       Clock       Period 
---------------------------------------
tc_view       clk_osc_fast      1333.0 
              clk_osc_fast_tap1 1333.0 
              clk_osc_fast_tap2 1333.0 
              clk_osc_fast_tap3 1333.0 
              clk_osc_fast_tap4 1333.0 
              clk_osc_fast_tap5 1333.0 
              clk_osc_fast_tap6 1333.0 
              clk_osc_fast_tap7 1333.0 
              clk_osc_slow      1430.0 
              clk_osc_slow_tap1 1430.0 
              clk_osc_slow_tap2 1430.0 
              clk_osc_slow_tap3 1430.0 
              clk_osc_slow_tap4 1430.0 
              clk_osc_slow_tap5 1430.0 
              clk_osc_slow_tap6 1430.0 
              clk_osc_slow_tap7 1430.0 
              clk_sys           6250.0 


Analysis        Cost        Critical           Violating 
  View         Group       Path Slack   TNS      Paths   
---------------------------------------------------------
tc_view       clk_osc_fast      -36.9  -313.1         21 
         clk_osc_fast_tap1      -20.1  -199.7         17 
         clk_osc_fast_tap2      -21.3  -213.3         16 
         clk_osc_fast_tap3      -20.1  -199.7         17 
         clk_osc_fast_tap4      -21.3  -213.3         16 
         clk_osc_fast_tap5      -20.1  -199.7         17 
         clk_osc_fast_tap6      -21.0  -228.9         13 
         clk_osc_fast_tap7      -20.1  -199.7         17 
              clk_osc_slow      448.8     0.0          0 
         clk_osc_slow_tap1   No paths     0.0          0 
         clk_osc_slow_tap2   No paths     0.0          0 
         clk_osc_slow_tap3   No paths     0.0          0 
         clk_osc_slow_tap4   No paths     0.0          0 
         clk_osc_slow_tap5   No paths     0.0          0 
         clk_osc_slow_tap6   No paths     0.0          0 
         clk_osc_slow_tap7   No paths     0.0          0 
                   clk_sys      127.7     0.0          0 
                   default   No paths     0.0          0 
---------------------------------------------------------
Total                                 -1767.4        134 
                                                         

Instance Count
--------------
Leaf Instance Count             17924 
Physical Instance count             0 
Sequential Instance Count        5697 
Combinational Instance Count    12227 
Hierarchical Instance Count        72 

Area
----
Cell Area                          501141.598
Physical Cell Area                 0.000
Total Cell Area (Cell+Physical)    501141.598
Net Area                           244969.041
Total Area (Cell+Physical+Net)     746110.639

Power
-----
Leakage Power                      101.652 nW
Dynamic Power                      154819759.605 nW
Total Power                        154819861.257 nW

Max Fanout                         4859 (clk_sys)
Min Fanout                         0 (local_async_rst_n)
Average Fanout                     2.8
Terms to net ratio                 3.8366
Terms to instance ratio            3.8818
Runtime                            343.15026699999925 seconds
Elapsed Runtime                    337 seconds
Genus peak memory usage            2293.04 
Innovus peak memory usage          no_value 
Hostname                           lyoelectrosrv01.in2p3.fr
