# MPTDC Canonical Fixed-Wire Via-Overlap Shelf V12
MANUAL_ECO_MODE=CANONICAL_FIXED_MET1_VIA_OVERLAP_SHELF_V12
REPAIR_REVISION=V12
V12_STAGE_MODE=tie1_trial
TARGET_NET=u_core_n_57556
TARGET_MARKER=MET1_MINIMUM_AREA_0.1777_OF_0.202
CANONICAL_STUB_PROFILE=FIXED_MET1_WIDTH_0.23_LENGTH_0.385
VIA_OVERLAP_SHELF_LENGTH_UM=0.385
VIA_OVERLAP_SHELF_WIDTH_UM=0.23
VIA_OVERLAP_SHELF_DIRECTION=HORIZONTAL_RIGHT
VIA_OVERLAP_SHELF_START=385.175 328.280
VIA_OVERLAP_SHELF_FINISH=385.560 328.280
PREDICTED_NEW_WIRE_BOX=385.175 328.165 385.560 328.395
V11_PERPENDICULAR_TAIL_DISPOSITION=REJECTED_VIA1_O_NOTCH_SPACING
V11_OBSERVED_NEW_WIRE_BOX=385.06 328.155 385.29 328.405
V11_OBSERVED_NOTCH_SPACING_UM=0.080
PREDICTED_CONNECTED_AREA_UM2=0.221075
ATTRIBUTE_EDIT_POLICY=NO_DB_ATTRIBUTE_EDITS
GEOMETRY_EDIT_POLICY=ONE_EXACT_TARGET_NET_REGULAR_FIXED_MET1_VIA_OVERLAP_SHELF
VIA_EDIT_POLICY=NO_VIAS_MODIFIED
PG_EDIT_POLICY=NO_PG_SHAPES_MODIFIED
PLACEMENT_EDIT_POLICY=NO_INSTANCES_MOVED
ROUTE_OPTIMIZER_POLICY=NO_ECOROUTE_NO_ROUTEDESIGN_NO_GLOBAL_OPTIMIZER
MARKER_RECONCILIATION_POLICY=FRESH_DRC_CLASS_COUNTS_WITH_EXACT_STALE_COUNT
EXPECTED_STALE_GEOMETRY_MARKER_COUNT=1
PRE_DRC=1
PRE_SHORTS=0
PRE_REGULAR_CONNECTIVITY_BAD=0
PRE_SPECIAL_CONNECTIVITY_NON_RO_FAILURES=0
PRE_MINAREA_MARKER_FRESH_DRC_TOTAL=1
PRE_MINAREA_MARKER_AUTHORITATIVE_CLASS_COUNTS=Mar 1
PRE_MINAREA_MARKER_GEOMETRY_COUNT=2
PRE_MINAREA_MARKER_LIVE_COUNT=1
PRE_MINAREA_MARKER_STALE_COUNT=1
PRE_MINAREA_MARKER_EXPECTED_STALE_COUNT=1
PRE_MINAREA_MARKER_UNMAPPED_COUNT=0
PRE_MINAREA_MARKER_RECONCILIATION_STATUS=PASS
PRE_MINAREA_MARKER_RECONCILIATION_REASON=NONE
PRE_MINAREA_MARKER_REPORT=/sim/ksabra/SPADMIC_work/innovus/20260831_171507_mptdc_tie1_minarea_viaoverlap_v12_trial/reports/minarea_v12_tie1_trial_pre_verify_drc_markers.tsv
PRE_MINAREA_MARKER_TARGET_COUNT=1
PRE_MINAREA_MARKER_NET=u_core_n_57556
PRE_MINAREA_MARKER_BOX=385.06 328.29 385.75 328.52
PRE_MINAREA_MARKER_ACTUAL=0.17770000
PRE_MINAREA_MARKER_REQUIRED=0.20200000
PRE_MINAREA_MARKER_STATUS=PASS
N57556_LANDING_BEFORE_EXTENSION_VIA_NAMES=
N57556_LANDING_REPRESENTATION_PRE_STATUS=PASS
TARGET_VIA_PRE_01_HANDLE=0x7f5fa0e46058
TARGET_VIA_PRE_01_NAME=VIA2_CH2_so
TARGET_VIA_PRE_01_POINT=379.4 330.68
TARGET_VIA_PRE_01_STATUS=routed
TARGET_VIA_PRE_01_BOT_RECTS={{378.74 330.49 379.54 330.87}}
TARGET_VIA_PRE_01_CUT_RECTS={{378.75 330.55 379.01 330.81} {379.27 330.55 379.53 330.81}}
TARGET_VIA_PRE_01_TOP_RECTS={{378.69 330.54 379.59 330.82}}
TARGET_VIA_PRE_02_HANDLE=0x7f5fa0e461a8
TARGET_VIA_PRE_02_NAME=VIA1_CV2_hd
TARGET_VIA_PRE_02_POINT=379.96 374.92
TARGET_VIA_PRE_02_STATUS=routed
TARGET_VIA_PRE_02_BOT_RECTS={{379.82 374.75 380.1 375.65}}
TARGET_VIA_PRE_02_CUT_RECTS={{379.83 374.81 380.09 375.07} {379.83 375.33 380.09 375.59}}
TARGET_VIA_PRE_02_TOP_RECTS={{379.82 374.75 380.1 375.65}}
TARGET_VIA_PRE_03_HANDLE=0x7f5fa0e46368
TARGET_VIA_PRE_03_NAME=VIA1_o
TARGET_VIA_PRE_03_POINT=385.56 328.405
TARGET_VIA_PRE_03_STATUS=fixed
TARGET_VIA_PRE_03_BOT_RECTS={{385.37 328.265 385.75 328.545}}
TARGET_VIA_PRE_03_CUT_RECTS={{385.43 328.275 385.69 328.535}}
TARGET_VIA_PRE_03_TOP_RECTS={{385.42 328.215 385.7 328.595}}
TARGET_VIA_PRE_04_HANDLE=0x7f5fa0e463d8
TARGET_VIA_PRE_04_NAME=VIA2_CH1_so
TARGET_VIA_PRE_04_POINT=385.56 330.12
TARGET_VIA_PRE_04_STATUS=routed
TARGET_VIA_PRE_04_BOT_RECTS={{385.42 329.93 386.22 330.31}}
TARGET_VIA_PRE_04_CUT_RECTS={{385.43 329.99 385.69 330.25} {385.95 329.99 386.21 330.25}}
TARGET_VIA_PRE_04_TOP_RECTS={{385.37 329.98 386.27 330.26}}
TARGET_VIA_PRE_COUNT=4
N57556_VIA_OVERLAP_SHELF_CANONICAL_STUB_LOCAL_ROW_01_HANDLE=0x7f5fa0e462f8
N57556_VIA_OVERLAP_SHELF_CANONICAL_STUB_LOCAL_ROW_01_BOX=385.06 328.29 385.56 328.52
N57556_VIA_OVERLAP_SHELF_CANONICAL_STUB_LOCAL_ROW_01_STATUS=fixed
N57556_VIA_OVERLAP_SHELF_CANONICAL_STUB_LOCAL_ROW_01_SHAPE=0x0
N57556_VIA_OVERLAP_SHELF_CANONICAL_STUB_LOCAL_ROW_01_WIDTH=0.23
N57556_VIA_OVERLAP_SHELF_CANONICAL_STUB_LOCAL_ROW_01_LENGTH=0.385
N57556_VIA_OVERLAP_SHELF_CANONICAL_STUB_LOCAL_ROW_01_POINTS={{385.175 328.405} {385.56 328.405}}
N57556_VIA_OVERLAP_SHELF_CANONICAL_STUB_WIRE_COUNT=16
N57556_VIA_OVERLAP_SHELF_CANONICAL_STUB_LOCAL_WIRE_COUNT=1
N57556_VIA_OVERLAP_SHELF_CANONICAL_STUB_ATTRIBUTE_FAIL_COUNT=0
N57556_VIA_OVERLAP_SHELF_CANONICAL_STUB_CANDIDATE_COUNT=1
N57556_VIA_OVERLAP_SHELF_CANONICAL_STUB_HANDLE=0x7f5fa0e462f8
N57556_VIA_OVERLAP_SHELF_CANONICAL_STUB_BOX=385.06 328.29 385.56 328.52
N57556_VIA_OVERLAP_SHELF_CANONICAL_STUB_WIDTH=0.23
N57556_VIA_OVERLAP_SHELF_CANONICAL_STUB_LENGTH=0.385
N57556_VIA_OVERLAP_SHELF_CANONICAL_STUB_POINTS=385.175 328.405 385.56 328.405
N57556_VIA_OVERLAP_SHELF_CANONICAL_STUB_NEAR=385.56 328.405
N57556_VIA_OVERLAP_SHELF_CANONICAL_STUB_FAR=385.175 328.405
N57556_VIA_OVERLAP_SHELF_CANONICAL_STUB_STATUS=PASS
N57556_VIA_OVERLAP_SHELF_START=385.175 328.280
N57556_VIA_OVERLAP_SHELF_FINISH=385.560 328.280
N57556_VIA_OVERLAP_SHELF_EXPECTED_BOX=385.175 328.165 385.560 328.395
N57556_VIA_OVERLAP_SHELF_LENGTH_UM=0.385
N57556_VIA_OVERLAP_SHELF_DIRECTION=HORIZONTAL_SHELF
N57556_VIA_OVERLAP_SHELF_PRE_COUNT=16
N57556_VIA_OVERLAP_SHELF_SET_EDIT_MODE_COMMAND=setEditMode -nets u_core_n_57556 -type regular -shape None -layer_horizontal MET1 -layer_vertical MET1 -width_horizontal 0.23 -width_vertical 0.23 -status fixed -snap false -reshape false -create_crossover_vias false -create_via_on_pin false -via_auto_replace false -drc_on true -stop_at_drc false
N57556_VIA_OVERLAP_SHELF_SET_EDIT_MODE_STATUS=PASS
N57556_VIA_OVERLAP_SHELF_SET_EDIT_MODE_RESULT=
N57556_VIA_OVERLAP_SHELF_SET_TOOL_COMMAND=uiSetTool addWire
N57556_VIA_OVERLAP_SHELF_SET_TOOL_STATUS=PASS
N57556_VIA_OVERLAP_SHELF_SET_TOOL_RESULT=
N57556_VIA_OVERLAP_SHELF_ADD_ROUTE_COMMAND=editAddRoute 385.175 328.280
N57556_VIA_OVERLAP_SHELF_ADD_ROUTE_STATUS=PASS
N57556_VIA_OVERLAP_SHELF_ADD_ROUTE_RESULT=
N57556_VIA_OVERLAP_SHELF_COMMIT_ROUTE_COMMAND=editCommitRoute 385.560 328.280
N57556_VIA_OVERLAP_SHELF_COMMIT_ROUTE_STATUS=PASS
N57556_VIA_OVERLAP_SHELF_COMMIT_ROUTE_RESULT=
N57556_VIA_OVERLAP_SHELF_POST_COUNT=17
N57556_VIA_OVERLAP_SHELF_COUNT_DELTA=1
N57556_VIA_OVERLAP_SHELF_NEW_COUNT=1
N57556_VIA_OVERLAP_SHELF_CHANGED_PREEXISTING_HANDLES=NONE
N57556_VIA_OVERLAP_SHELF_PREEXISTING_WIRE_STATUS=PRESERVED
N57556_VIA_OVERLAP_SHELF_NEW_HANDLE=0x7f5fa0acd2b8
N57556_VIA_OVERLAP_SHELF_NEW_LAYER=MET1
N57556_VIA_OVERLAP_SHELF_NEW_WIDTH=0.23
N57556_VIA_OVERLAP_SHELF_NEW_STATUS=fixed
N57556_VIA_OVERLAP_SHELF_NEW_SHAPE=0x0
N57556_VIA_OVERLAP_SHELF_NEW_LENGTH_UM=0.155
N57556_VIA_OVERLAP_SHELF_NEW_POINTS=385.29 328.28 385.445 328.28
N57556_VIA_OVERLAP_SHELF_NEW_BOX=385.175 328.165 385.56 328.395
N57556_VIA_OVERLAP_SHELF_POINTS_MATCH_STATUS=FAIL
N57556_VIA_OVERLAP_SHELF_BOX_MATCH_STATUS=PASS
N57556_VIA_OVERLAP_SHELF_LOCAL_BOX_STATUS=PASS
N57556_VIA_OVERLAP_SHELF_STATUS=FAIL
MANUAL_ECO_STATUS=FAIL
MANUAL_ECO_ERROR=N57556_VIA_OVERLAP_SHELF materialized an unexpected regular-wire object
