# MPTDC immutable PVS input hashes
GIT_HEAD=02b30ace12b956dfe50ee86919fd20cd202f11c3
TOP_CELL=mptdc_axis_core
SOURCE_CHECKPOINT=/sim/ksabra/SPADMIC_work/innovus/20260831_175532_mptdc_tie1_minarea_clearance_v13_replay/checkpoints/repaired_route.enc.dat
STRICT_ATTRIBUTION=1
MERGED_GDS_PATH=/sim/ksabra/SPADMIC_work/innovus/20260901_191119_mptdc_v13_pg15_compositional_pvs/outputs/mptdc_axis_core_merged_stdcell_ro6.gds
MERGED_GDS_SHA256=5420191274e657c0c02a019fc56d90f034ab48b76134692a5ff7918e53d7363d
TOP_ONLY_GDS_PATH=/sim/ksabra/SPADMIC_work/innovus/20260901_191119_mptdc_v13_pg15_compositional_pvs/outputs/mptdc_axis_core_top_only.gds
TOP_ONLY_GDS_SHA256=e49b189bf8ddca46cf5adbc170e1e5260c76dd3d83012cbbb9feb967b02e40d7
LVS_SOURCE_FILTERED_PATH=/sim/ksabra/SPADMIC_work/innovus/20260901_191119_mptdc_v13_pg15_compositional_pvs/outputs/mptdc_axis_core_pnr_lvs_with_pg_NO_DCELL_MODULES_RO6_PINFIX_NOATTR_CLEAN.v
LVS_SOURCE_FILTERED_SHA256=b8f66b2f05bf5148434166cb488182dfab520abde8bacbc977cdd336389045de
LVS_SOURCE_PHYSICAL_PG_PATH=/sim/ksabra/SPADMIC_work/innovus/20260901_191119_mptdc_v13_pg15_compositional_pvs/outputs/mptdc_axis_core_pnr_lvs_phys_with_pg.v
LVS_SOURCE_PHYSICAL_PG_SHA256=e7fbc57f1d281b4edd0aeb77891d180793808d22d50705c049bdf2321de0ec8f
LVS_HCELL_PATH=/sim/ksabra/SPADMIC_work/innovus/20260901_191119_mptdc_v13_pg15_compositional_pvs/outputs/pvs_hcell_ro6.txt
LVS_HCELL_SHA256=f84bc54e01925fd2df31ee4235d005898f760fe9dd1d0fcddc2301f2a874019b
DCELL_GDS_PATH=/data/pdk/xfab/xh018/diglibs/D_CELLS_JIHD/v6_0/gds_cdl/v6_0_0/gds/xh018_D_CELLS_JIHD.gds
DCELL_GDS_SHA256=e8ea4be19742c8d311f440bb0edd9b82db9acb0996ebcba21e239bd8e362139d
DCELL_CDL_PATH=/data/pdk/xfab/xh018/diglibs/D_CELLS_JIHD/v6_0/gds_cdl/v6_0_0/cdl/xh018_D_CELLS_JIHD.cdl
DCELL_CDL_SHA256=5ff10b0b31003da9bb6db59eba7d52c82435e3ab68b2ba0a1956e4d9fbaef8cf
FILLER_REPORT_PATH=/home/validmgr/ksabra/2026_SPAD/SPADMIC/MPTDC/docs/server_snapshots/innovus/20260831_mptdc_tie1_filler_ecoroute_reconciled_131006/reports/filler_status.rpt
FILLER_REPORT_SHA256=7fb52b4bb78d429b1873cf6f1911d43a7b7d8386ae865d8bdff288400136059c
ROW_INFRA_REPORT_PATH=/home/validmgr/ksabra/2026_SPAD/SPADMIC/MPTDC/docs/server_snapshots/innovus/20260831_mptdc_tie1_filler_ecoroute_reconciled_131006/reports/row_infra_insertion.rpt
ROW_INFRA_REPORT_SHA256=d030e34ec099875a7430a5208998ab8931a3df124bc5057e5e7efadab003fd1a
ORIGINAL_RO_GDS_PATH=/sim/ksabra/SPADMIC_work/innovus/20260827_mptdc_ro6_standalone_lvs_vddfix_150520/inputs/RO_tune6.fresh.gds
ORIGINAL_RO_GDS_SHA256=9d6f269541d51db0c30c5e7cc81334d70578ca8723558b32f34f9803469ea36a
RO_GDS_PATH=/sim/ksabra/SPADMIC_work/innovus/20260901_191119_mptdc_v13_pg15_compositional_pvs/merge_libs/RO_tune6.fresh.gds
RO_GDS_SHA256=9d6f269541d51db0c30c5e7cc81334d70578ca8723558b32f34f9803469ea36a
STREAM_MAP_PATH=/data/pdk/xfab/xh018/cadence/v10_1/PDK/IC61/v10_1_1/TECH_XH018_1131/pnr_streamout.map
STREAM_MAP_SHA256=4d7b850f74ef193b6bc7b15b1e52fd38ba61cc4a6e1b283c4201343a20ad233d
PATCHED_STREAMOUT_PATH=/sim/ksabra/SPADMIC_work/innovus/20260901_191119_mptdc_v13_pg15_compositional_pvs/work/streamout_mptdc_merged_ro6.replayed.tcl
PATCHED_STREAMOUT_SHA256=fefff846f74e20317360b077947bbfc0fb87ae964368e53818783d1d18e22c7a
STREAM_MAP_BINDING_REPORT_PATH=/sim/ksabra/SPADMIC_work/innovus/20260901_191119_mptdc_v13_pg15_compositional_pvs/reports/streamout_map_binding.rpt
STREAM_MAP_BINDING_REPORT_SHA256=8d7d74d5e90dcd763b1b291bd60cbdd22d2939e3920ec284a0563470e61abed7
FINAL_DEF_PATH=/sim/ksabra/SPADMIC_work/innovus/20260901_191119_mptdc_v13_pg15_compositional_pvs/outputs/mptdc_axis_core.def
FINAL_DEF_SHA256=61af76ca8a9d0b457a4aef9603d2cc10e11aaa2b8cd49e56df6115cc382fe5e8
TAP_PIN_REPORT_PATH=/sim/ksabra/SPADMIC_work/innovus/20260901_191119_mptdc_v13_pg15_compositional_pvs/reports/tap_pin_contract.rpt
TAP_PIN_REPORT_SHA256=5bf6a22e0814beaf8a3557488c329f6f663847ce51f4f571a4d727b82b659521
