# MPTDC Exact Three-Marker Manual Geometry ECO V5
MANUAL_ECO_MODE=GEOMETRY_BOUNDED_VIA_ESCAPE_AND_MIN_AREA_PATCH
VIA_DELETE_MODE=FULL_GEOMETRY_BOX_AND_EXACT_VIA_CELL
SOURCE_BASELINE=DRC_3_SHORTS_1_REGULAR_0_SPECIAL_NON_RO_0
PG_EDIT_POLICY=NO_PG_SHAPES_MODIFIED
PLACEMENT_EDIT_POLICY=NO_INSTANCES_MOVED
TARGET_NETS=u_core_n_66687,u_core_n_67240,u_core_n_57563
PRE_DRC=3
PRE_SHORTS=1
PRE_REGULAR_CONNECTIVITY_BAD=0
PRE_SPECIAL_CONNECTIVITY_NON_RO_FAILURES=0
N66687_OLD_STACK_PRE_VIA_NAMES=VIA1_o,VIA2_o
N66687_OLD_STACK_VIA1_O_HANDLE=0x7ff57933c090
N66687_OLD_STACK_VIA1_O_STATUS=routed
N66687_OLD_STACK_VIA1_O_RECT_COUNT=3
N66687_OLD_STACK_VIA1_O_ATTRIBUTE_COUNTS=botRects 1 cutRects 1 topRects 1
N66687_OLD_STACK_VIA1_O_GEOMETRY_BOX=220.45 179.29 220.83 179.67
N66687_OLD_STACK_VIA1_O_GEOMETRY_WIDTH=0.38
N66687_OLD_STACK_VIA1_O_GEOMETRY_HEIGHT=0.38
N66687_OLD_STACK_VIA1_O_DELETE_AREA=220.43 179.27 220.85 179.69
N66687_OLD_STACK_VIA1_O_DELETE_COMMAND=editDelete -net u_core_n_66687 -area {220.43 179.27 220.85 179.69} -type Regular -object_type Via -via_cell VIA1_o
N66687_OLD_STACK_VIA1_O_DELETE_STATUS=PASS
N66687_OLD_STACK_VIA1_O_DELETE_RESULT=
N66687_OLD_STACK_VIA1_O_POST_DELETE_VIA_COUNT=1
N66687_OLD_STACK_VIA1_O_POST_DELETE_NAME_COUNT=0
N66687_OLD_STACK_VIA2_O_HANDLE=0x7ff57933c0c8
N66687_OLD_STACK_VIA2_O_STATUS=routed
N66687_OLD_STACK_VIA2_O_RECT_COUNT=3
N66687_OLD_STACK_VIA2_O_ATTRIBUTE_COUNTS=botRects 1 cutRects 1 topRects 1
N66687_OLD_STACK_VIA2_O_GEOMETRY_BOX=220.45 179.29 220.83 179.67
N66687_OLD_STACK_VIA2_O_GEOMETRY_WIDTH=0.38
N66687_OLD_STACK_VIA2_O_GEOMETRY_HEIGHT=0.38
N66687_OLD_STACK_VIA2_O_DELETE_AREA=220.43 179.27 220.85 179.69
N66687_OLD_STACK_VIA2_O_DELETE_COMMAND=editDelete -net u_core_n_66687 -area {220.43 179.27 220.85 179.69} -type Regular -object_type Via -via_cell VIA2_o
N66687_OLD_STACK_VIA2_O_DELETE_STATUS=PASS
N66687_OLD_STACK_VIA2_O_DELETE_RESULT=
N66687_OLD_STACK_VIA2_O_POST_DELETE_VIA_COUNT=0
N66687_OLD_STACK_VIA2_O_POST_DELETE_NAME_COUNT=0
N66687_OLD_STACK_POST_DELETE_VIA_COUNT=0
N66687_MET1_ESCAPE_SET_EDIT_MODE_COMMAND=setEditMode -nets u_core_n_66687 -shape None -force_regular 1 -layer_horizontal MET1 -layer_vertical MET1 -snap_to_track_regular 0 -width_horizontal 0.23 -width_vertical 0.23
N66687_MET1_ESCAPE_SET_EDIT_MODE_STATUS=PASS
N66687_MET1_ESCAPE_SET_EDIT_MODE_RESULT=
N66687_MET1_ESCAPE_SET_TOOL_COMMAND=uiSetTool addWire
N66687_MET1_ESCAPE_SET_TOOL_STATUS=PASS
N66687_MET1_ESCAPE_SET_TOOL_RESULT=
N66687_MET1_ESCAPE_START_COMMAND=editAddRoute 220.64 179.48
N66687_MET1_ESCAPE_START_STATUS=PASS
N66687_MET1_ESCAPE_START_RESULT=
N66687_MET1_ESCAPE_COMMIT_COMMAND=editCommitRoute 221.20 179.48
N66687_MET1_ESCAPE_COMMIT_STATUS=PASS
N66687_MET1_ESCAPE_COMMIT_RESULT=
N66687_NEW_STACK_MET1_MET2_SET_EDIT_MODE_COMMAND=setEditMode -nets u_core_n_66687 -shape None -force_regular 1 -layer_horizontal MET1 -layer_vertical MET2 -snap_to_track_regular 0 -width_horizontal 0.28 -width_vertical 0.28
N66687_NEW_STACK_MET1_MET2_SET_EDIT_MODE_STATUS=PASS
N66687_NEW_STACK_MET1_MET2_SET_EDIT_MODE_RESULT=
N66687_NEW_STACK_MET1_MET2_SET_TOOL_COMMAND=uiSetTool addWire
N66687_NEW_STACK_MET1_MET2_SET_TOOL_STATUS=PASS
N66687_NEW_STACK_MET1_MET2_SET_TOOL_RESULT=
N66687_NEW_STACK_MET1_MET2_ADD_VIA_COMMAND=editAddVia 221.20 179.48
N66687_NEW_STACK_MET1_MET2_ADD_VIA_STATUS=PASS
N66687_NEW_STACK_MET1_MET2_ADD_VIA_RESULT=
N66687_NEW_STACK_MET1_MET2_VIA_COUNT=1
N66687_NEW_STACK_MET1_MET2_VIA1_COUNT=1
N66687_NEW_STACK_MET1_MET2_VIA2_COUNT=0
N66687_NEW_STACK_MET2_MET3_SET_EDIT_MODE_COMMAND=setEditMode -nets u_core_n_66687 -shape None -force_regular 1 -layer_horizontal MET3 -layer_vertical MET2 -snap_to_track_regular 0 -width_horizontal 0.28 -width_vertical 0.28
N66687_NEW_STACK_MET2_MET3_SET_EDIT_MODE_STATUS=PASS
N66687_NEW_STACK_MET2_MET3_SET_EDIT_MODE_RESULT=
N66687_NEW_STACK_MET2_MET3_SET_TOOL_COMMAND=uiSetTool addWire
N66687_NEW_STACK_MET2_MET3_SET_TOOL_STATUS=PASS
N66687_NEW_STACK_MET2_MET3_SET_TOOL_RESULT=
N66687_NEW_STACK_MET2_MET3_ADD_VIA_COMMAND=editAddVia 221.20 179.48
N66687_NEW_STACK_MET2_MET3_ADD_VIA_STATUS=PASS
N66687_NEW_STACK_MET2_MET3_ADD_VIA_RESULT=
N66687_NEW_STACK_MET2_MET3_VIA_COUNT=1
N66687_NEW_STACK_MET2_MET3_VIA1_COUNT=1
N66687_NEW_STACK_MET2_MET3_VIA2_COUNT=0
N66687_NEW_STACK_FINAL_VIA_NAMES=VIA1_o
MANUAL_ECO_STATUS=FAIL
MANUAL_ECO_ERROR=N66687_NEW_STACK expected one VIA1 and one VIA2 at 221.20 179.48, found VIA1_o
