# MPTDC immutable PVS input hashes
GIT_HEAD=524a51d70d3265df71c7ca076bf39552926dcb96
TOP_CELL=mptdc_axis_core
SOURCE_CHECKPOINT=/sim/ksabra/SPADMIC_work/innovus/20260831_mptdc_tie1_filler_ecoroute_reconciled_131006/checkpoints/repaired_route.enc.dat
STRICT_ATTRIBUTION=1
MERGED_GDS_PATH=/sim/ksabra/SPADMIC_work/innovus/20260831_mptdc_tie1_lvs_density_131326/outputs/mptdc_axis_core_merged_stdcell_ro6.gds
MERGED_GDS_SHA256=b8ab412346de1c22b0ce37f4ea550c5a18c2b0899a6b7591f6e8b6305f8fe965
TOP_ONLY_GDS_PATH=/sim/ksabra/SPADMIC_work/innovus/20260831_mptdc_tie1_lvs_density_131326/outputs/mptdc_axis_core_top_only.gds
TOP_ONLY_GDS_SHA256=9be12b4f329174e9fae8773f9a79a029edd8d925050a06ca7e2e89818b5ce9af
LVS_SOURCE_FILTERED_PATH=/sim/ksabra/SPADMIC_work/innovus/20260831_mptdc_tie1_lvs_density_131326/outputs/mptdc_axis_core_pnr_lvs_with_pg_NO_DCELL_MODULES_RO6_PINFIX_NOATTR_CLEAN.v
LVS_SOURCE_FILTERED_SHA256=b8f66b2f05bf5148434166cb488182dfab520abde8bacbc977cdd336389045de
LVS_SOURCE_PHYSICAL_PG_PATH=/sim/ksabra/SPADMIC_work/innovus/20260831_mptdc_tie1_lvs_density_131326/outputs/mptdc_axis_core_pnr_lvs_phys_with_pg.v
LVS_SOURCE_PHYSICAL_PG_SHA256=0450b2471874ccfcc83ea02262f4e4d70e5072c9e829276ca0459cb579432676
LVS_HCELL_PATH=/sim/ksabra/SPADMIC_work/innovus/20260831_mptdc_tie1_lvs_density_131326/outputs/pvs_hcell_ro6.txt
LVS_HCELL_SHA256=f84bc54e01925fd2df31ee4235d005898f760fe9dd1d0fcddc2301f2a874019b
DCELL_GDS_PATH=/data/pdk/xfab/xh018/diglibs/D_CELLS_JIHD/v6_0/gds_cdl/v6_0_0/gds/xh018_D_CELLS_JIHD.gds
DCELL_GDS_SHA256=e8ea4be19742c8d311f440bb0edd9b82db9acb0996ebcba21e239bd8e362139d
DCELL_CDL_PATH=/data/pdk/xfab/xh018/diglibs/D_CELLS_JIHD/v6_0/gds_cdl/v6_0_0/cdl/xh018_D_CELLS_JIHD.cdl
DCELL_CDL_SHA256=5ff10b0b31003da9bb6db59eba7d52c82435e3ab68b2ba0a1956e4d9fbaef8cf
FILLER_REPORT_PATH=/home/validmgr/ksabra/2026_SPAD/SPADMIC/MPTDC/docs/server_snapshots/innovus/20260831_mptdc_tie1_filler_ecoroute_reconciled_131006/reports/filler_status.rpt
FILLER_REPORT_SHA256=7fb52b4bb78d429b1873cf6f1911d43a7b7d8386ae865d8bdff288400136059c
ROW_INFRA_REPORT_PATH=/home/validmgr/ksabra/2026_SPAD/SPADMIC/MPTDC/docs/server_snapshots/innovus/20260831_mptdc_tie1_filler_ecoroute_reconciled_131006/reports/row_infra_insertion.rpt
ROW_INFRA_REPORT_SHA256=d030e34ec099875a7430a5208998ab8931a3df124bc5057e5e7efadab003fd1a
ORIGINAL_RO_GDS_PATH=/sim/ksabra/SPADMIC_work/innovus/20260701_mptdc_211109_falsepath_nfast_risk_235618/drygds_oa_20260702_001608/merge_libs/RO_tune6_from_OA.gds
ORIGINAL_RO_GDS_SHA256=d73b59df73a243af1845add82a58d6ec50113d21a760902c3dab4b391c82d387
RO_GDS_PATH=/sim/ksabra/SPADMIC_work/innovus/20260831_mptdc_tie1_lvs_density_131326/merge_libs/RO_tune6_from_OA.gds
RO_GDS_SHA256=d73b59df73a243af1845add82a58d6ec50113d21a760902c3dab4b391c82d387
STREAM_MAP_PATH=/data/pdk/xfab/xh018/cadence/v10_1/PDK/IC61/v10_1_1/TECH_XH018_1131/pnr_streamout.map
STREAM_MAP_SHA256=4d7b850f74ef193b6bc7b15b1e52fd38ba61cc4a6e1b283c4201343a20ad233d
PATCHED_STREAMOUT_PATH=/sim/ksabra/SPADMIC_work/innovus/20260831_mptdc_tie1_lvs_density_131326/work/streamout_mptdc_merged_ro6.replayed.tcl
PATCHED_STREAMOUT_SHA256=fefff846f74e20317360b077947bbfc0fb87ae964368e53818783d1d18e22c7a
STREAM_MAP_BINDING_REPORT_PATH=/sim/ksabra/SPADMIC_work/innovus/20260831_mptdc_tie1_lvs_density_131326/reports/streamout_map_binding.rpt
STREAM_MAP_BINDING_REPORT_SHA256=28827da113fdfb3240f0eb787caa8712a86586b7afd84e528941457d73b59f68
FINAL_DEF_PATH=/sim/ksabra/SPADMIC_work/innovus/20260831_mptdc_tie1_lvs_density_131326/outputs/mptdc_axis_core.def
FINAL_DEF_SHA256=cc038bf2f5e393d01d51c811abf4e91805370ad733cb64f2c9685ef072b560a4
TAP_PIN_REPORT_PATH=/sim/ksabra/SPADMIC_work/innovus/20260831_mptdc_tie1_lvs_density_131326/reports/tap_pin_contract.rpt
TAP_PIN_REPORT_SHA256=806a598ee847951b0ac677fbfc8bf011a948179cd3fe210e0af140daa0b78381
