============================================================
  Generated by:           Genus(TM) Synthesis Solution 22.13-s093_1
  Generated on:           Jun 02 2026  11:39:10 am
  Module:                 mptdc_top_asic
  Operating conditions:   slow_1_62V_125C 
  Interconnect mode:      global
  Area mode:              physical library
============================================================

                                                                     Library 
   Gate    Instances     Area                  Library                Domain 
-----------------------------------------------------------------------------
AN21HDX0           7      87.808    D_CELLS_HD_LPMOS_slow_1_62V_125C wc_cond 
AN21HDX1         189    2370.816    D_CELLS_HD_LPMOS_slow_1_62V_125C wc_cond 
AN21HDX2           2      45.158    D_CELLS_HD_LPMOS_slow_1_62V_125C wc_cond 
AN21HDX4           1      30.106    D_CELLS_HD_LPMOS_slow_1_62V_125C wc_cond 
AN222HDX2          3      97.843    D_CELLS_HD_LPMOS_slow_1_62V_125C wc_cond 
AN22HDX0         129    1941.811    D_CELLS_HD_LPMOS_slow_1_62V_125C wc_cond 
AN22HDX1        1935   29127.168    D_CELLS_HD_LPMOS_slow_1_62V_125C wc_cond 
AN22HDX2         153    3838.464    D_CELLS_HD_LPMOS_slow_1_62V_125C wc_cond 
AN22HDX4           9     293.530    D_CELLS_HD_LPMOS_slow_1_62V_125C wc_cond 
AN311HDX2          1      30.106    D_CELLS_HD_LPMOS_slow_1_62V_125C wc_cond 
AN31HDX1          17     255.898    D_CELLS_HD_LPMOS_slow_1_62V_125C wc_cond 
AN31HDX2           3      75.264    D_CELLS_HD_LPMOS_slow_1_62V_125C wc_cond 
AN32HDX1           1      17.562    D_CELLS_HD_LPMOS_slow_1_62V_125C wc_cond 
AND2HDX0         209    2621.696    D_CELLS_HD_LPMOS_slow_1_62V_125C wc_cond 
AND2HDX1         253    3173.632    D_CELLS_HD_LPMOS_slow_1_62V_125C wc_cond 
AND2HDX2          79    1189.171    D_CELLS_HD_LPMOS_slow_1_62V_125C wc_cond 
AND2HDX4          33     662.323    D_CELLS_HD_LPMOS_slow_1_62V_125C wc_cond 
AND3HDX0          10     150.528    D_CELLS_HD_LPMOS_slow_1_62V_125C wc_cond 
AND3HDX1          17     255.898    D_CELLS_HD_LPMOS_slow_1_62V_125C wc_cond 
AND3HDX2          23     403.917    D_CELLS_HD_LPMOS_slow_1_62V_125C wc_cond 
AND3HDX4          14     316.109    D_CELLS_HD_LPMOS_slow_1_62V_125C wc_cond 
AND4HDX0          24     421.478    D_CELLS_HD_LPMOS_slow_1_62V_125C wc_cond 
AND4HDX1          80    1404.928    D_CELLS_HD_LPMOS_slow_1_62V_125C wc_cond 
AND4HDX2           1      20.070    D_CELLS_HD_LPMOS_slow_1_62V_125C wc_cond 
AND5HDX1           2      50.176    D_CELLS_HD_LPMOS_slow_1_62V_125C wc_cond 
AND5HDX2          13     391.373    D_CELLS_HD_LPMOS_slow_1_62V_125C wc_cond 
AND6HDX1           1      27.597    D_CELLS_HD_LPMOS_slow_1_62V_125C wc_cond 
AND6HDX2         122    3978.957    D_CELLS_HD_LPMOS_slow_1_62V_125C wc_cond 
AO211HDX0         10     175.616    D_CELLS_HD_LPMOS_slow_1_62V_125C wc_cond 
AO21HDX0          21     368.794    D_CELLS_HD_LPMOS_slow_1_62V_125C wc_cond 
AO21HDX1           8     140.493    D_CELLS_HD_LPMOS_slow_1_62V_125C wc_cond 
AO221HDX0          8     180.634    D_CELLS_HD_LPMOS_slow_1_62V_125C wc_cond 
AO222HDX0          8     200.704    D_CELLS_HD_LPMOS_slow_1_62V_125C wc_cond 
AO222HDX2         11     331.162    D_CELLS_HD_LPMOS_slow_1_62V_125C wc_cond 
AO22HDX0        4327   86844.621    D_CELLS_HD_LPMOS_slow_1_62V_125C wc_cond 
AO22HDX1          20     401.408    D_CELLS_HD_LPMOS_slow_1_62V_125C wc_cond 
AO22HDX2          18     406.426    D_CELLS_HD_LPMOS_slow_1_62V_125C wc_cond 
AO311HDX1          2      40.141    D_CELLS_HD_LPMOS_slow_1_62V_125C wc_cond 
AO31HDX0           4      70.246    D_CELLS_HD_LPMOS_slow_1_62V_125C wc_cond 
AO31HDX1           2      35.123    D_CELLS_HD_LPMOS_slow_1_62V_125C wc_cond 
AO321HDX0          1      25.088    D_CELLS_HD_LPMOS_slow_1_62V_125C wc_cond 
AO32HDX0          14     280.986    D_CELLS_HD_LPMOS_slow_1_62V_125C wc_cond 
AO33HDX0           1      25.088    D_CELLS_HD_LPMOS_slow_1_62V_125C wc_cond 
BUHDX0           736    7385.907    D_CELLS_HD_LPMOS_slow_1_62V_125C wc_cond 
BUHDX1           323    3241.370    D_CELLS_HD_LPMOS_slow_1_62V_125C wc_cond 
BUHDX12           61    3060.736    D_CELLS_HD_LPMOS_slow_1_62V_125C wc_cond 
BUHDX2           209    2621.696    D_CELLS_HD_LPMOS_slow_1_62V_125C wc_cond 
BUHDX3            25     439.040    D_CELLS_HD_LPMOS_slow_1_62V_125C wc_cond 
BUHDX4           103    2067.251    D_CELLS_HD_LPMOS_slow_1_62V_125C wc_cond 
BUHDX6            46    1269.453    D_CELLS_HD_LPMOS_slow_1_62V_125C wc_cond 
BUHDX8            51    1791.283    D_CELLS_HD_LPMOS_slow_1_62V_125C wc_cond 
CAGHDX0            2      45.158    D_CELLS_HD_LPMOS_slow_1_62V_125C wc_cond 
CAGHDX1            9     203.213    D_CELLS_HD_LPMOS_slow_1_62V_125C wc_cond 
CAGHDX2            3      75.264    D_CELLS_HD_LPMOS_slow_1_62V_125C wc_cond 
DFRHDX0           86    4530.893    D_CELLS_HD_LPMOS_slow_1_62V_125C wc_cond 
DFRHDX1           62    3266.458    D_CELLS_HD_LPMOS_slow_1_62V_125C wc_cond 
DFRHDX2           34    1961.882    D_CELLS_HD_LPMOS_slow_1_62V_125C wc_cond 
DFRHDX4           47    3183.667    D_CELLS_HD_LPMOS_slow_1_62V_125C wc_cond 
DFRQHDX0        2331  111112.243    D_CELLS_HD_LPMOS_slow_1_62V_125C wc_cond 
DFRQHDX1        1953   93094.042    D_CELLS_HD_LPMOS_slow_1_62V_125C wc_cond 
DFRQHDX2          27    1354.752    D_CELLS_HD_LPMOS_slow_1_62V_125C wc_cond 
DFRQHDX4          97    5353.779    D_CELLS_HD_LPMOS_slow_1_62V_125C wc_cond 
DFRRHDX0           3     188.160    D_CELLS_HD_LPMOS_slow_1_62V_125C wc_cond 
DFRRHDX1          48    3010.560    D_CELLS_HD_LPMOS_slow_1_62V_125C wc_cond 
DFRRHDX2          12     812.851    D_CELLS_HD_LPMOS_slow_1_62V_125C wc_cond 
DFRRQHDX0         36    2077.286    D_CELLS_HD_LPMOS_slow_1_62V_125C wc_cond 
DFRRQHDX1        385   22215.424    D_CELLS_HD_LPMOS_slow_1_62V_125C wc_cond 
DFRRQHDX2         17    1023.590    D_CELLS_HD_LPMOS_slow_1_62V_125C wc_cond 
DFRRQHDX4        464   30266.163    D_CELLS_HD_LPMOS_slow_1_62V_125C wc_cond 
DFRSHDX0           1      57.702    D_CELLS_HD_LPMOS_slow_1_62V_125C wc_cond 
DFRSHDX1          18    1038.643    D_CELLS_HD_LPMOS_slow_1_62V_125C wc_cond 
DFRSHDX2           6     376.320    D_CELLS_HD_LPMOS_slow_1_62V_125C wc_cond 
DFRSHDX4           1      75.264    D_CELLS_HD_LPMOS_slow_1_62V_125C wc_cond 
DFRSQHDX1         58    3055.718    D_CELLS_HD_LPMOS_slow_1_62V_125C wc_cond 
DFRSQHDX2          4     220.774    D_CELLS_HD_LPMOS_slow_1_62V_125C wc_cond 
DLHQHDX0           1      30.106    D_CELLS_HD_LPMOS_slow_1_62V_125C wc_cond 
DLHQHDX1           1      30.106    D_CELLS_HD_LPMOS_slow_1_62V_125C wc_cond 
DLHQHDX2           2      65.229    D_CELLS_HD_LPMOS_slow_1_62V_125C wc_cond 
DLLQHDX0           1      30.106    D_CELLS_HD_LPMOS_slow_1_62V_125C wc_cond 
DLLQHDX1           2      60.211    D_CELLS_HD_LPMOS_slow_1_62V_125C wc_cond 
EN2HDX0            1      20.070    D_CELLS_HD_LPMOS_slow_1_62V_125C wc_cond 
EN2HDX1           18     406.426    D_CELLS_HD_LPMOS_slow_1_62V_125C wc_cond 
EN2HDX2            4     130.458    D_CELLS_HD_LPMOS_slow_1_62V_125C wc_cond 
EN3HDX0            1      37.632    D_CELLS_HD_LPMOS_slow_1_62V_125C wc_cond 
EN3HDX1           12     481.690    D_CELLS_HD_LPMOS_slow_1_62V_125C wc_cond 
EN3HDX2            3     150.528    D_CELLS_HD_LPMOS_slow_1_62V_125C wc_cond 
EN3HDX4            1      55.194    D_CELLS_HD_LPMOS_slow_1_62V_125C wc_cond 
EO2HDX0           13     260.915    D_CELLS_HD_LPMOS_slow_1_62V_125C wc_cond 
EO2HDX1           47     943.309    D_CELLS_HD_LPMOS_slow_1_62V_125C wc_cond 
EO3HDX0            2      80.282    D_CELLS_HD_LPMOS_slow_1_62V_125C wc_cond 
FAHDX1             8     441.549    D_CELLS_HD_LPMOS_slow_1_62V_125C wc_cond 
HAHDX0             6     165.581    D_CELLS_HD_LPMOS_slow_1_62V_125C wc_cond 
HAHDX1            21     632.218    D_CELLS_HD_LPMOS_slow_1_62V_125C wc_cond 
HAHDX2             4     150.528    D_CELLS_HD_LPMOS_slow_1_62V_125C wc_cond 
INHDX0           585    4402.944    D_CELLS_HD_LPMOS_slow_1_62V_125C wc_cond 
INHDX1           318    2393.395    D_CELLS_HD_LPMOS_slow_1_62V_125C wc_cond 
INHDX12          166    5830.451    D_CELLS_HD_LPMOS_slow_1_62V_125C wc_cond 
INHDX2           111    1113.907    D_CELLS_HD_LPMOS_slow_1_62V_125C wc_cond 
INHDX3           106    1329.664    D_CELLS_HD_LPMOS_slow_1_62V_125C wc_cond 
INHDX4            35     526.848    D_CELLS_HD_LPMOS_slow_1_62V_125C wc_cond 
INHDX6            50    1003.520    D_CELLS_HD_LPMOS_slow_1_62V_125C wc_cond 
INHDX8            60    1505.280    D_CELLS_HD_LPMOS_slow_1_62V_125C wc_cond 
MU2HDX0            2      40.141    D_CELLS_HD_LPMOS_slow_1_62V_125C wc_cond 
MU2HDX1            3      67.738    D_CELLS_HD_LPMOS_slow_1_62V_125C wc_cond 
MU2IHDX0          26     456.602    D_CELLS_HD_LPMOS_slow_1_62V_125C wc_cond 
MU2IHDX1          41     720.026    D_CELLS_HD_LPMOS_slow_1_62V_125C wc_cond 
MU2IHDX2           2      70.246    D_CELLS_HD_LPMOS_slow_1_62V_125C wc_cond 
NA22HDX0          39     587.059    D_CELLS_HD_LPMOS_slow_1_62V_125C wc_cond 
NA22HDX1          66     993.485    D_CELLS_HD_LPMOS_slow_1_62V_125C wc_cond 
NA22HDX2          14     280.986    D_CELLS_HD_LPMOS_slow_1_62V_125C wc_cond 
NA22HDX4           2      75.264    D_CELLS_HD_LPMOS_slow_1_62V_125C wc_cond 
NA2HDX0          333    3341.722    D_CELLS_HD_LPMOS_slow_1_62V_125C wc_cond 
NA2HDX1          581    5830.451    D_CELLS_HD_LPMOS_slow_1_62V_125C wc_cond 
NA2HDX2           98    1475.174    D_CELLS_HD_LPMOS_slow_1_62V_125C wc_cond 
NA2HDX4           13     326.144    D_CELLS_HD_LPMOS_slow_1_62V_125C wc_cond 
NA2I1HDX0         24     301.056    D_CELLS_HD_LPMOS_slow_1_62V_125C wc_cond 
NA2I1HDX1         82    1028.608    D_CELLS_HD_LPMOS_slow_1_62V_125C wc_cond 
NA2I1HDX2         24     421.478    D_CELLS_HD_LPMOS_slow_1_62V_125C wc_cond 
NA2I1HDX4         81    2641.766    D_CELLS_HD_LPMOS_slow_1_62V_125C wc_cond 
NA3HDX0           21     263.424    D_CELLS_HD_LPMOS_slow_1_62V_125C wc_cond 
NA3HDX1           32     401.408    D_CELLS_HD_LPMOS_slow_1_62V_125C wc_cond 
NA3HDX2           10     200.704    D_CELLS_HD_LPMOS_slow_1_62V_125C wc_cond 
NA3HDX4            1      37.632    D_CELLS_HD_LPMOS_slow_1_62V_125C wc_cond 
NA3I1HDX0         62     933.274    D_CELLS_HD_LPMOS_slow_1_62V_125C wc_cond 
NA3I1HDX1         14     210.739    D_CELLS_HD_LPMOS_slow_1_62V_125C wc_cond 
NA3I1HDX2          4      90.317    D_CELLS_HD_LPMOS_slow_1_62V_125C wc_cond 
NA3I1HDX4          1      42.650    D_CELLS_HD_LPMOS_slow_1_62V_125C wc_cond 
NA3I2HDX0          7     105.370    D_CELLS_HD_LPMOS_slow_1_62V_125C wc_cond 
NA3I2HDX1         13     195.686    D_CELLS_HD_LPMOS_slow_1_62V_125C wc_cond 
NA3I2HDX2          5     100.352    D_CELLS_HD_LPMOS_slow_1_62V_125C wc_cond 
NA3I2HDX4          5     163.072    D_CELLS_HD_LPMOS_slow_1_62V_125C wc_cond 
NA4HDX1           74    1113.907    D_CELLS_HD_LPMOS_slow_1_62V_125C wc_cond 
NA4HDX2           47    1179.136    D_CELLS_HD_LPMOS_slow_1_62V_125C wc_cond 
NA4HDX4            4     170.598    D_CELLS_HD_LPMOS_slow_1_62V_125C wc_cond 
NA4I1HDX2          1      32.614    D_CELLS_HD_LPMOS_slow_1_62V_125C wc_cond 
NA4I2HDX2          4     100.352    D_CELLS_HD_LPMOS_slow_1_62V_125C wc_cond 
NA4I3HDX1          3      52.685    D_CELLS_HD_LPMOS_slow_1_62V_125C wc_cond 
NA4I3HDX2          4      90.317    D_CELLS_HD_LPMOS_slow_1_62V_125C wc_cond 
NA5HDX2            2      60.211    D_CELLS_HD_LPMOS_slow_1_62V_125C wc_cond 
NA5I2HDX0          2      50.176    D_CELLS_HD_LPMOS_slow_1_62V_125C wc_cond 
NA5I3HDX1          6     120.422    D_CELLS_HD_LPMOS_slow_1_62V_125C wc_cond 
NA6I2HDX2          1      40.141    D_CELLS_HD_LPMOS_slow_1_62V_125C wc_cond 
NA6I5HDX1          2      55.194    D_CELLS_HD_LPMOS_slow_1_62V_125C wc_cond 
NO22HDX0           1      15.053    D_CELLS_HD_LPMOS_slow_1_62V_125C wc_cond 
NO22HDX1           3      52.685    D_CELLS_HD_LPMOS_slow_1_62V_125C wc_cond 
NO2HDX0          102    1023.590    D_CELLS_HD_LPMOS_slow_1_62V_125C wc_cond 
NO2HDX1          644    6462.669    D_CELLS_HD_LPMOS_slow_1_62V_125C wc_cond 
NO2HDX2           57    1001.011    D_CELLS_HD_LPMOS_slow_1_62V_125C wc_cond 
NO2HDX4           21     579.533    D_CELLS_HD_LPMOS_slow_1_62V_125C wc_cond 
NO2I1HDX0         69     865.536    D_CELLS_HD_LPMOS_slow_1_62V_125C wc_cond 
NO2I1HDX1         22     275.968    D_CELLS_HD_LPMOS_slow_1_62V_125C wc_cond 
NO2I1HDX2         29     582.042    D_CELLS_HD_LPMOS_slow_1_62V_125C wc_cond 
NO2I1HDX4          5     163.072    D_CELLS_HD_LPMOS_slow_1_62V_125C wc_cond 
NO3HDX2            3      67.738    D_CELLS_HD_LPMOS_slow_1_62V_125C wc_cond 
NO3HDX4            8     260.915    D_CELLS_HD_LPMOS_slow_1_62V_125C wc_cond 
NO3I1HDX4          1      30.106    D_CELLS_HD_LPMOS_slow_1_62V_125C wc_cond 
NO3I2HDX0          1      15.053    D_CELLS_HD_LPMOS_slow_1_62V_125C wc_cond 
NO3I2HDX1         26     391.373    D_CELLS_HD_LPMOS_slow_1_62V_125C wc_cond 
NO3I2HDX2          9     203.213    D_CELLS_HD_LPMOS_slow_1_62V_125C wc_cond 
NO3I2HDX4          3     105.370    D_CELLS_HD_LPMOS_slow_1_62V_125C wc_cond 
NO4I1HDX0          8     180.634    D_CELLS_HD_LPMOS_slow_1_62V_125C wc_cond 
NO4I1HDX1          1      22.579    D_CELLS_HD_LPMOS_slow_1_62V_125C wc_cond 
NO4I1HDX2          3      82.790    D_CELLS_HD_LPMOS_slow_1_62V_125C wc_cond 
NO4I2HDX2          1      30.106    D_CELLS_HD_LPMOS_slow_1_62V_125C wc_cond 
NO4I2HDX4          2      65.229    D_CELLS_HD_LPMOS_slow_1_62V_125C wc_cond 
NO4I3HDX0          1      17.562    D_CELLS_HD_LPMOS_slow_1_62V_125C wc_cond 
NO4I3HDX1          3      60.211    D_CELLS_HD_LPMOS_slow_1_62V_125C wc_cond 
NO4I3HDX2          5     125.440    D_CELLS_HD_LPMOS_slow_1_62V_125C wc_cond 
NO4I3HDX4          1      32.614    D_CELLS_HD_LPMOS_slow_1_62V_125C wc_cond 
NO5I1HDX2          1      32.614    D_CELLS_HD_LPMOS_slow_1_62V_125C wc_cond 
NO5I2HDX0          5     125.440    D_CELLS_HD_LPMOS_slow_1_62V_125C wc_cond 
NO5I2HDX1          1      25.088    D_CELLS_HD_LPMOS_slow_1_62V_125C wc_cond 
NO5I3HDX2          3      90.317    D_CELLS_HD_LPMOS_slow_1_62V_125C wc_cond 
NO5I4HDX2          1      35.123    D_CELLS_HD_LPMOS_slow_1_62V_125C wc_cond 
NO5I4HDX4          4     170.598    D_CELLS_HD_LPMOS_slow_1_62V_125C wc_cond 
NO6HDX0            1      30.106    D_CELLS_HD_LPMOS_slow_1_62V_125C wc_cond 
NO6I3HDX4          1      55.194    D_CELLS_HD_LPMOS_slow_1_62V_125C wc_cond 
NO6I5HDX2          3     105.370    D_CELLS_HD_LPMOS_slow_1_62V_125C wc_cond 
NO6I5HDX4          5     225.792    D_CELLS_HD_LPMOS_slow_1_62V_125C wc_cond 
OA211HDX0          7     122.931    D_CELLS_HD_LPMOS_slow_1_62V_125C wc_cond 
OA211HDX1          1      20.070    D_CELLS_HD_LPMOS_slow_1_62V_125C wc_cond 
OA21HDX0          21     368.794    D_CELLS_HD_LPMOS_slow_1_62V_125C wc_cond 
OA21HDX1          13     228.301    D_CELLS_HD_LPMOS_slow_1_62V_125C wc_cond 
OA21HDX2           7     158.054    D_CELLS_HD_LPMOS_slow_1_62V_125C wc_cond 
OA221HDX0          1      25.088    D_CELLS_HD_LPMOS_slow_1_62V_125C wc_cond 
OA221HDX2          1      32.614    D_CELLS_HD_LPMOS_slow_1_62V_125C wc_cond 
OA221HDX4          1      35.123    D_CELLS_HD_LPMOS_slow_1_62V_125C wc_cond 
OA22HDX0          40     802.816    D_CELLS_HD_LPMOS_slow_1_62V_125C wc_cond 
OA22HDX1           5     100.352    D_CELLS_HD_LPMOS_slow_1_62V_125C wc_cond 
OA311HDX0          1      22.579    D_CELLS_HD_LPMOS_slow_1_62V_125C wc_cond 
OA311HDX2          1      25.088    D_CELLS_HD_LPMOS_slow_1_62V_125C wc_cond 
OA31HDX0           1      20.070    D_CELLS_HD_LPMOS_slow_1_62V_125C wc_cond 
OA31HDX1           2      40.141    D_CELLS_HD_LPMOS_slow_1_62V_125C wc_cond 
OA321HDX0          1      25.088    D_CELLS_HD_LPMOS_slow_1_62V_125C wc_cond 
OA32HDX0           1      22.579    D_CELLS_HD_LPMOS_slow_1_62V_125C wc_cond 
OA33HDX0           1      25.088    D_CELLS_HD_LPMOS_slow_1_62V_125C wc_cond 
ON211HDX0         19     286.003    D_CELLS_HD_LPMOS_slow_1_62V_125C wc_cond 
ON211HDX1         30     526.848    D_CELLS_HD_LPMOS_slow_1_62V_125C wc_cond 
ON21HDX0           6      75.264    D_CELLS_HD_LPMOS_slow_1_62V_125C wc_cond 
ON21HDX1         634    7952.896    D_CELLS_HD_LPMOS_slow_1_62V_125C wc_cond 
ON21HDX2           1      25.088    D_CELLS_HD_LPMOS_slow_1_62V_125C wc_cond 
ON221HDX2          2      70.246    D_CELLS_HD_LPMOS_slow_1_62V_125C wc_cond 
ON222HDX1          2      50.176    D_CELLS_HD_LPMOS_slow_1_62V_125C wc_cond 
ON222HDX2          1      37.632    D_CELLS_HD_LPMOS_slow_1_62V_125C wc_cond 
ON22HDX0           1      15.053    D_CELLS_HD_LPMOS_slow_1_62V_125C wc_cond 
ON22HDX1          46     807.834    D_CELLS_HD_LPMOS_slow_1_62V_125C wc_cond 
ON22HDX2           2      60.211    D_CELLS_HD_LPMOS_slow_1_62V_125C wc_cond 
ON31HDX1           2      35.123    D_CELLS_HD_LPMOS_slow_1_62V_125C wc_cond 
ON31HDX2           1      25.088    D_CELLS_HD_LPMOS_slow_1_62V_125C wc_cond 
OR2HDX0           15     188.160    D_CELLS_HD_LPMOS_slow_1_62V_125C wc_cond 
OR2HDX1           34     426.496    D_CELLS_HD_LPMOS_slow_1_62V_125C wc_cond 
OR2HDX2           44     662.323    D_CELLS_HD_LPMOS_slow_1_62V_125C wc_cond 
OR2HDX4           38     762.675    D_CELLS_HD_LPMOS_slow_1_62V_125C wc_cond 
OR3HDX0            4      60.211    D_CELLS_HD_LPMOS_slow_1_62V_125C wc_cond 
OR3HDX1            8     120.422    D_CELLS_HD_LPMOS_slow_1_62V_125C wc_cond 
OR3HDX2            2      40.141    D_CELLS_HD_LPMOS_slow_1_62V_125C wc_cond 
OR3HDX4            1      22.579    D_CELLS_HD_LPMOS_slow_1_62V_125C wc_cond 
OR4HDX0            1      22.579    D_CELLS_HD_LPMOS_slow_1_62V_125C wc_cond 
OR4HDX1            2      45.158    D_CELLS_HD_LPMOS_slow_1_62V_125C wc_cond 
RO_tune4           2   23734.519    RO_tune4_real_abstract_shell     wc_cond 
-----------------------------------------------------------------------------
total          20436  551764.164                                     


             Library             Instances    Area    Instances % 
------------------------------------------------------------------
D_CELLS_HD_LPMOS_slow_1_62V_125C     20434 528029.645       100.0 
RO_tune4_real_abstract_shell             2  23734.519         0.0 

                                           
     Type      Instances    Area    Area % 
-------------------------------------------
timing_model           2  23734.519    4.3 
sequential          5697 288491.930   52.3 
inverter            1431  18106.010    3.3 
buffer              1554  21876.736    4.0 
logic              11752 199554.970   36.2 
physical_cells         0      0.000    0.0 
-------------------------------------------
total              20436 551764.164  100.0 

