Power Unit: W
PDB Frame : /stim#0/frame#0
---------------------------------------------------------------------------------------------------------------------------
Cells Pct_cells     Leakage    Internal   Switching       Total Lvl Instance                                               
---------------------------------------------------------------------------------------------------------------------------
20436   100.00% 7.98723e-06 1.15660e-01 2.84362e-02 1.44104e-01   0 /mptdc_top_asic                                        
   43     0.21% 1.44025e-08 6.03590e-04 1.04022e-04 7.07626e-04   1 /mptdc_top_asic/u_core_gen_pd_row[1].gen_pd_col[5].u_pd
   43     0.21% 1.44088e-08 6.03861e-04 1.03088e-04 7.06963e-04   1 /mptdc_top_asic/u_core_gen_pd_row[2].gen_pd_col[0].u_pd
   43     0.21% 1.44180e-08 6.03933e-04 1.02890e-04 7.06838e-04   1 /mptdc_top_asic/u_core_gen_pd_row[0].gen_pd_col[0].u_pd
   43     0.21% 1.44110e-08 6.04907e-04 1.01867e-04 7.06789e-04   1 /mptdc_top_asic/u_core_gen_pd_row[0].gen_pd_col[3].u_pd
   43     0.21% 1.44025e-08 6.03633e-04 1.03088e-04 7.06736e-04   1 /mptdc_top_asic/u_core_gen_pd_row[1].gen_pd_col[2].u_pd
   43     0.21% 1.44025e-08 6.03633e-04 1.03088e-04 7.06736e-04   1 /mptdc_top_asic/u_core_gen_pd_row[2].gen_pd_col[2].u_pd
   43     0.21% 1.44117e-08 6.03705e-04 1.02890e-04 7.06610e-04   1 /mptdc_top_asic/u_core_gen_pd_row[0].gen_pd_col[6].u_pd
   43     0.21% 1.44120e-08 6.03467e-04 1.02894e-04 7.06375e-04   1 /mptdc_top_asic/u_core_gen_pd_row[7].gen_pd_col[0].u_pd
   43     0.21% 1.44120e-08 6.03466e-04 1.02890e-04 7.06371e-04   1 /mptdc_top_asic/u_core_gen_pd_row[3].gen_pd_col[0].u_pd
   43     0.21% 1.44120e-08 6.03466e-04 1.02890e-04 7.06371e-04   1 /mptdc_top_asic/u_core_gen_pd_row[5].gen_pd_col[0].u_pd
   43     0.21% 1.44025e-08 6.03683e-04 1.02625e-04 7.06323e-04   1 /mptdc_top_asic/u_core_gen_pd_row[4].gen_pd_col[2].u_pd
   43     0.21% 1.44110e-08 6.04903e-04 1.01389e-04 7.06306e-04   1 /mptdc_top_asic/u_core_gen_pd_row[0].gen_pd_col[1].u_pd
   43     0.21% 1.44004e-08 6.03230e-04 1.02972e-04 7.06216e-04   1 /mptdc_top_asic/u_core_gen_pd_row[0].gen_pd_col[2].u_pd
   43     0.21% 1.44057e-08 6.03239e-04 1.02890e-04 7.06144e-04   1 /mptdc_top_asic/u_core_gen_pd_row[6].gen_pd_col[3].u_pd
   43     0.21% 1.44057e-08 6.03238e-04 1.02890e-04 7.06143e-04   1 /mptdc_top_asic/u_core_gen_pd_row[5].gen_pd_col[1].u_pd
   43     0.21% 1.44007e-08 6.02992e-04 1.02972e-04 7.05978e-04   1 /mptdc_top_asic/u_core_gen_pd_row[6].gen_pd_col[0].u_pd
   43     0.21% 1.43912e-08 6.03207e-04 1.02706e-04 7.05927e-04   1 /mptdc_top_asic/u_core_gen_pd_row[6].gen_pd_col[1].u_pd
   43     0.21% 1.43944e-08 6.02765e-04 1.02974e-04 7.05753e-04   1 /mptdc_top_asic/u_core_gen_pd_row[4].gen_pd_col[6].u_pd
   43     0.21% 1.43944e-08 6.02764e-04 1.02972e-04 7.05750e-04   1 /mptdc_top_asic/u_core_gen_pd_row[2].gen_pd_col[1].u_pd
   43     0.21% 1.43944e-08 6.02811e-04 1.02516e-04 7.05342e-04   1 /mptdc_top_asic/u_core_gen_pd_row[7].gen_pd_col[1].u_pd
   43     0.21% 1.43944e-08 6.02813e-04 1.02514e-04 7.05341e-04   1 /mptdc_top_asic/u_core_gen_pd_row[4].gen_pd_col[1].u_pd
   43     0.21% 1.43944e-08 6.02811e-04 1.02512e-04 7.05337e-04   1 /mptdc_top_asic/u_core_gen_pd_row[3].gen_pd_col[3].u_pd
   43     0.21% 1.43944e-08 6.02811e-04 1.02512e-04 7.05337e-04   1 /mptdc_top_asic/u_core_gen_pd_row[5].gen_pd_col[2].u_pd
   43     0.21% 1.44007e-08 6.03088e-04 1.02052e-04 7.05155e-04   1 /mptdc_top_asic/u_core_gen_pd_row[1].gen_pd_col[0].u_pd
   43     0.21% 1.44025e-08 6.03826e-04 1.01248e-04 7.05089e-04   1 /mptdc_top_asic/u_core_gen_pd_row[6].gen_pd_col[2].u_pd
   43     0.21% 1.43944e-08 6.02860e-04 1.02052e-04 7.04927e-04   1 /mptdc_top_asic/u_core_gen_pd_row[7].gen_pd_col[2].u_pd
   43     0.21% 1.42880e-08 6.03544e-04 1.01036e-04 7.04595e-04   1 /mptdc_top_asic/u_core_gen_pd_row[2].gen_pd_col[4].u_pd
   43     0.21% 1.42880e-08 6.03542e-04 1.01036e-04 7.04593e-04   1 /mptdc_top_asic/u_core_gen_pd_row[1].gen_pd_col[6].u_pd
   43     0.21% 1.42880e-08 6.03542e-04 1.01036e-04 7.04593e-04   1 /mptdc_top_asic/u_core_gen_pd_row[1].gen_pd_col[3].u_pd
   43     0.21% 1.42880e-08 6.03542e-04 1.01036e-04 7.04593e-04   1 /mptdc_top_asic/u_core_gen_pd_row[7].gen_pd_col[5].u_pd
   43     0.21% 1.42880e-08 6.03542e-04 1.01036e-04 7.04593e-04   1 /mptdc_top_asic/u_core_gen_pd_row[2].gen_pd_col[5].u_pd
   43     0.21% 1.42880e-08 6.03540e-04 1.01036e-04 7.04591e-04   1 /mptdc_top_asic/u_core_gen_pd_row[5].gen_pd_col[5].u_pd
   43     0.21% 1.42880e-08 6.03540e-04 1.01036e-04 7.04591e-04   1 /mptdc_top_asic/u_core_gen_pd_row[5].gen_pd_col[6].u_pd
   43     0.21% 1.42880e-08 6.03540e-04 1.01036e-04 7.04591e-04   1 /mptdc_top_asic/u_core_gen_pd_row[3].gen_pd_col[6].u_pd
   43     0.21% 1.43944e-08 6.02908e-04 1.01593e-04 7.04515e-04   1 /mptdc_top_asic/u_core_gen_pd_row[1].gen_pd_col[1].u_pd
   43     0.21% 1.42880e-08 6.03707e-04 1.00577e-04 7.04298e-04   1 /mptdc_top_asic/u_core_gen_pd_row[0].gen_pd_col[7].u_pd
   42     0.21% 1.42126e-08 6.02823e-04 1.01368e-04 7.04205e-04   1 /mptdc_top_asic/u_core_gen_pd_row[4].gen_pd_col[0].u_pd
   43     0.21% 1.42880e-08 6.03591e-04 1.00577e-04 7.04182e-04   1 /mptdc_top_asic/u_core_gen_pd_row[2].gen_pd_col[3].u_pd
   43     0.21% 1.42880e-08 6.03591e-04 1.00577e-04 7.04181e-04   1 /mptdc_top_asic/u_core_gen_pd_row[2].gen_pd_col[6].u_pd
   43     0.21% 1.42880e-08 6.03591e-04 1.00577e-04 7.04181e-04   1 /mptdc_top_asic/u_core_gen_pd_row[2].gen_pd_col[7].u_pd
   43     0.21% 1.42880e-08 6.03591e-04 1.00577e-04 7.04181e-04   1 /mptdc_top_asic/u_core_gen_pd_row[7].gen_pd_col[6].u_pd
   43     0.21% 1.42880e-08 6.03589e-04 1.00577e-04 7.04179e-04   1 /mptdc_top_asic/u_core_gen_pd_row[3].gen_pd_col[5].u_pd
   43     0.21% 1.42767e-08 6.03235e-04 1.00658e-04 7.03908e-04   1 /mptdc_top_asic/u_core_gen_pd_row[0].gen_pd_col[4].u_pd
   43     0.21% 1.42767e-08 6.03167e-04 1.00677e-04 7.03858e-04   1 /mptdc_top_asic/u_core_gen_pd_row[3].gen_pd_col[7].u_pd
   43     0.21% 1.42767e-08 6.03117e-04 1.00660e-04 7.03791e-04   1 /mptdc_top_asic/u_core_gen_pd_row[4].gen_pd_col[7].u_pd
   43     0.21% 1.42880e-08 6.03638e-04 1.00121e-04 7.03773e-04   1 /mptdc_top_asic/u_core_gen_pd_row[3].gen_pd_col[4].u_pd
   43     0.21% 1.42880e-08 6.03638e-04 1.00121e-04 7.03773e-04   1 /mptdc_top_asic/u_core_gen_pd_row[5].gen_pd_col[4].u_pd
   43     0.21% 1.42880e-08 6.03639e-04 1.00117e-04 7.03770e-04   1 /mptdc_top_asic/u_core_gen_pd_row[6].gen_pd_col[6].u_pd
   43     0.21% 1.42880e-08 6.03637e-04 1.00117e-04 7.03768e-04   1 /mptdc_top_asic/u_core_gen_pd_row[5].gen_pd_col[7].u_pd
   43     0.21% 1.42834e-08 6.02199e-04 1.01373e-04 7.03587e-04   1 /mptdc_top_asic/u_core_gen_pd_row[3].gen_pd_col[1].u_pd
   43     0.21% 1.42834e-08 6.02199e-04 1.01373e-04 7.03587e-04   1 /mptdc_top_asic/u_core_gen_pd_row[5].gen_pd_col[3].u_pd
   43     0.21% 1.42767e-08 6.03282e-04 1.00198e-04 7.03494e-04   1 /mptdc_top_asic/u_core_gen_pd_row[0].gen_pd_col[5].u_pd
   43     0.21% 1.42767e-08 6.03167e-04 1.00198e-04 7.03380e-04   1 /mptdc_top_asic/u_core_gen_pd_row[1].gen_pd_col[4].u_pd
   43     0.21% 1.42767e-08 6.03165e-04 1.00200e-04 7.03379e-04   1 /mptdc_top_asic/u_core_gen_pd_row[4].gen_pd_col[5].u_pd
   43     0.21% 1.42767e-08 6.03165e-04 1.00198e-04 7.03378e-04   1 /mptdc_top_asic/u_core_gen_pd_row[1].gen_pd_col[7].u_pd
   43     0.21% 1.42767e-08 6.03163e-04 1.00198e-04 7.03376e-04   1 /mptdc_top_asic/u_core_gen_pd_row[3].gen_pd_col[2].u_pd
   43     0.21% 1.42880e-08 6.03689e-04 9.96568e-05 7.03360e-04   1 /mptdc_top_asic/u_core_gen_pd_row[7].gen_pd_col[4].u_pd
   43     0.21% 1.42880e-08 6.03687e-04 9.96568e-05 7.03358e-04   1 /mptdc_top_asic/u_core_gen_pd_row[7].gen_pd_col[7].u_pd
   43     0.21% 1.42834e-08 6.02249e-04 1.00914e-04 7.03177e-04   1 /mptdc_top_asic/u_core_gen_pd_row[7].gen_pd_col[3].u_pd
   43     0.21% 1.42767e-08 6.03267e-04 9.97571e-05 7.03039e-04   1 /mptdc_top_asic/u_core_gen_pd_row[6].gen_pd_col[4].u_pd
   43     0.21% 1.42767e-08 6.03213e-04 9.97425e-05 7.02970e-04   1 /mptdc_top_asic/u_core_gen_pd_row[6].gen_pd_col[7].u_pd
   43     0.21% 1.42767e-08 6.03213e-04 9.97386e-05 7.02966e-04   1 /mptdc_top_asic/u_core_gen_pd_row[6].gen_pd_col[5].u_pd
   43     0.21% 1.42880e-08 6.03736e-04 9.91982e-05 7.02949e-04   1 /mptdc_top_asic/u_core_gen_pd_row[4].gen_pd_col[4].u_pd
   43     0.21% 1.42880e-08 6.03735e-04 9.91982e-05 7.02948e-04   1 /mptdc_top_asic/u_core_gen_pd_row[4].gen_pd_col[3].u_pd
    2     0.01% 1.63770e-09 9.48989e-05 0.00000e+00 9.49005e-05   1 /mptdc_top_asic/u_core_u_rst_fast_sync                 
    6     0.03% 4.16818e-09 7.37950e-05 1.91476e-06 7.57139e-05   1 /mptdc_top_asic/u_core_u_rst_wdt_sync                  
    5     0.02% 4.56598e-09 5.35906e-05 2.18535e-05 7.54487e-05   1 /mptdc_top_asic/u_rst_core_sync                        
    5     0.02% 3.48356e-09 6.07517e-05 9.54862e-07 6.17101e-05   1 /mptdc_top_asic/u_core_u_rst_tx_sync                   
    4     0.02% 2.95994e-09 4.90813e-05 2.18182e-06 5.12661e-05   1 /mptdc_top_asic/u_core_u_rst_drain_sync                
    3     0.01% 2.12387e-09 3.65147e-05 1.23200e-06 3.77488e-05   1 /mptdc_top_asic/u_rst_csr_sync                         
    3     0.01% 2.18771e-09 3.56807e-05 3.72875e-07 3.60558e-05   1 /mptdc_top_asic/u_core_u_rst_fifo_sync                 
    2     0.01% 1.85953e-09 2.36111e-05 0.00000e+00 2.36130e-05   1 /mptdc_top_asic/u_core_u_rst_status_sync               
---------------------------------------------------------------------------------------------------------------------------
