============================================================
  Generated by:           Genus(TM) Synthesis Solution 22.13-s093_1
  Generated on:           May 18 2026  03:47:35 pm
  Module:                 mptdc_top_asic
  Operating conditions:   slow_1_62V_125C 
  Interconnect mode:      global
  Area mode:              physical library
============================================================

                 Instance                              Module               Cell Count  Cell Area   Net Area   Total Area 
--------------------------------------------------------------------------------------------------------------------------
mptdc_top_asic                                                                   22321 524035.635 281584.343   805619.979 
  u_core_gen_pd_row[0].gen_pd_col[0].u_pd mptdc_pd_cell_SAMPLE_DEPTH2               35    855.501    272.022     1127.523 
  u_core_gen_pd_row[0].gen_pd_col[1].u_pd mptdc_pd_cell_SAMPLE_DEPTH2_1530          37    920.730    280.047     1200.776 
  u_core_gen_pd_row[0].gen_pd_col[2].u_pd mptdc_pd_cell_SAMPLE_DEPTH2_1529          36    930.765    276.235     1207.000 
  u_core_gen_pd_row[0].gen_pd_col[3].u_pd mptdc_pd_cell_SAMPLE_DEPTH2_1528          40    960.870    303.518     1264.388 
  u_core_gen_pd_row[0].gen_pd_col[4].u_pd mptdc_pd_cell_SAMPLE_DEPTH2_1527          36    935.782    276.235     1212.018 
  u_core_gen_pd_row[0].gen_pd_col[5].u_pd mptdc_pd_cell_SAMPLE_DEPTH2_1526          36    925.747    280.047     1205.794 
  u_core_gen_pd_row[0].gen_pd_col[6].u_pd mptdc_pd_cell_SAMPLE_DEPTH2_1525          38    958.362    303.518     1261.879 
  u_core_gen_pd_row[0].gen_pd_col[7].u_pd mptdc_pd_cell_SAMPLE_DEPTH2_1524          39    963.379    299.506     1262.885 
  u_core_gen_pd_row[1].gen_pd_col[0].u_pd mptdc_pd_cell_SAMPLE_DEPTH2_1523          35    858.010    272.022     1130.032 
  u_core_gen_pd_row[1].gen_pd_col[1].u_pd mptdc_pd_cell_SAMPLE_DEPTH2_1522          38    935.782    287.870     1223.653 
  u_core_gen_pd_row[1].gen_pd_col[2].u_pd mptdc_pd_cell_SAMPLE_DEPTH2_1521          40    990.976    315.153     1306.129 
  u_core_gen_pd_row[1].gen_pd_col[3].u_pd mptdc_pd_cell_SAMPLE_DEPTH2_1520          40    960.870    303.518     1264.388 
  u_core_gen_pd_row[1].gen_pd_col[4].u_pd mptdc_pd_cell_SAMPLE_DEPTH2_1519          36    925.747    276.235     1201.982 
  u_core_gen_pd_row[1].gen_pd_col[5].u_pd mptdc_pd_cell_SAMPLE_DEPTH2_1518          38    935.782    291.682     1227.464 
  u_core_gen_pd_row[1].gen_pd_col[6].u_pd mptdc_pd_cell_SAMPLE_DEPTH2_1517          40    980.941    319.165     1300.106 
  u_core_gen_pd_row[1].gen_pd_col[7].u_pd mptdc_pd_cell_SAMPLE_DEPTH2_1516          37    953.344    295.694     1249.038 
  u_core_gen_pd_row[2].gen_pd_col[0].u_pd mptdc_pd_cell_SAMPLE_DEPTH2_1515          35    858.010    272.022     1130.032 
  u_core_gen_pd_row[2].gen_pd_col[1].u_pd mptdc_pd_cell_SAMPLE_DEPTH2_1514          38    933.274    287.870     1221.144 
  u_core_gen_pd_row[2].gen_pd_col[2].u_pd mptdc_pd_cell_SAMPLE_DEPTH2_1513          36    928.256    276.235     1204.491 
  u_core_gen_pd_row[2].gen_pd_col[3].u_pd mptdc_pd_cell_SAMPLE_DEPTH2_1512          40    943.309    303.518     1246.826 
  u_core_gen_pd_row[2].gen_pd_col[4].u_pd mptdc_pd_cell_SAMPLE_DEPTH2_1511          36    925.747    276.235     1201.982 
  u_core_gen_pd_row[2].gen_pd_col[5].u_pd mptdc_pd_cell_SAMPLE_DEPTH2_1510          36    925.747    280.047     1205.794 
  u_core_gen_pd_row[2].gen_pd_col[6].u_pd mptdc_pd_cell_SAMPLE_DEPTH2_1509          36    953.344    287.870     1241.214 
  u_core_gen_pd_row[2].gen_pd_col[7].u_pd mptdc_pd_cell_SAMPLE_DEPTH2_1508          37    955.853    295.694     1251.547 
  u_core_gen_pd_row[3].gen_pd_col[0].u_pd mptdc_pd_cell_SAMPLE_DEPTH2_1507          37    865.536    291.481     1157.017 
  u_core_gen_pd_row[3].gen_pd_col[1].u_pd mptdc_pd_cell_SAMPLE_DEPTH2_1506          38    935.782    287.870     1223.653 
  u_core_gen_pd_row[3].gen_pd_col[2].u_pd mptdc_pd_cell_SAMPLE_DEPTH2_1505          36    913.203    276.235     1189.438 
  u_core_gen_pd_row[3].gen_pd_col[3].u_pd mptdc_pd_cell_SAMPLE_DEPTH2_1504          40    960.870    303.518     1264.388 
  u_core_gen_pd_row[3].gen_pd_col[4].u_pd mptdc_pd_cell_SAMPLE_DEPTH2_1503          36    933.274    276.235     1209.509 
  u_core_gen_pd_row[3].gen_pd_col[5].u_pd mptdc_pd_cell_SAMPLE_DEPTH2_1502          37    918.221    280.047     1198.267 
  u_core_gen_pd_row[3].gen_pd_col[6].u_pd mptdc_pd_cell_SAMPLE_DEPTH2_1501          38    938.291    291.682     1229.973 
  u_core_gen_pd_row[3].gen_pd_col[7].u_pd mptdc_pd_cell_SAMPLE_DEPTH2_1500          36    923.238    280.247     1203.486 
  u_core_gen_pd_row[4].gen_pd_col[0].u_pd mptdc_pd_cell_SAMPLE_DEPTH2_1499          37    868.045    291.481     1159.526 
  u_core_gen_pd_row[4].gen_pd_col[1].u_pd mptdc_pd_cell_SAMPLE_DEPTH2_1498          37    920.730    280.047     1200.776 
  u_core_gen_pd_row[4].gen_pd_col[2].u_pd mptdc_pd_cell_SAMPLE_DEPTH2_1497          40    990.976    315.153     1306.129 
  u_core_gen_pd_row[4].gen_pd_col[3].u_pd mptdc_pd_cell_SAMPLE_DEPTH2_1496          40    960.870    303.518     1264.388 
  u_core_gen_pd_row[4].gen_pd_col[4].u_pd mptdc_pd_cell_SAMPLE_DEPTH2_1495          36    933.274    276.235     1209.509 
  u_core_gen_pd_row[4].gen_pd_col[5].u_pd mptdc_pd_cell_SAMPLE_DEPTH2_1494          37    918.221    280.047     1198.267 
  u_core_gen_pd_row[4].gen_pd_col[6].u_pd mptdc_pd_cell_SAMPLE_DEPTH2_1493          36    955.853    287.870     1243.723 
  u_core_gen_pd_row[4].gen_pd_col[7].u_pd mptdc_pd_cell_SAMPLE_DEPTH2_1492          36    945.818    280.247     1226.065 
  u_core_gen_pd_row[5].gen_pd_col[0].u_pd mptdc_pd_cell_SAMPLE_DEPTH2_1491          37    865.536    291.481     1157.017 
  u_core_gen_pd_row[5].gen_pd_col[1].u_pd mptdc_pd_cell_SAMPLE_DEPTH2_1490          37    920.730    280.047     1200.776 
  u_core_gen_pd_row[5].gen_pd_col[2].u_pd mptdc_pd_cell_SAMPLE_DEPTH2_1489          40    990.976    315.153     1306.129 
  u_core_gen_pd_row[5].gen_pd_col[3].u_pd mptdc_pd_cell_SAMPLE_DEPTH2_1488          40    943.309    303.518     1246.826 
  u_core_gen_pd_row[5].gen_pd_col[4].u_pd mptdc_pd_cell_SAMPLE_DEPTH2_1487          36    920.730    276.235     1196.965 
  u_core_gen_pd_row[5].gen_pd_col[5].u_pd mptdc_pd_cell_SAMPLE_DEPTH2_1486          37    903.168    280.047     1183.215 
  u_core_gen_pd_row[5].gen_pd_col[6].u_pd mptdc_pd_cell_SAMPLE_DEPTH2_1485          36    955.853    287.870     1243.723 
  u_core_gen_pd_row[5].gen_pd_col[7].u_pd mptdc_pd_cell_SAMPLE_DEPTH2_1484          37    925.747    280.047     1205.794 
  u_core_gen_pd_row[6].gen_pd_col[0].u_pd mptdc_pd_cell_SAMPLE_DEPTH2_1483          40    905.677    330.198     1235.875 
  u_core_gen_pd_row[6].gen_pd_col[1].u_pd mptdc_pd_cell_SAMPLE_DEPTH2_1482          37    920.730    287.870     1208.600 
  u_core_gen_pd_row[6].gen_pd_col[2].u_pd mptdc_pd_cell_SAMPLE_DEPTH2_1481          40    990.976    315.153     1306.129 
  u_core_gen_pd_row[6].gen_pd_col[3].u_pd mptdc_pd_cell_SAMPLE_DEPTH2_1480          37    953.344    295.895     1249.239 
  u_core_gen_pd_row[6].gen_pd_col[4].u_pd mptdc_pd_cell_SAMPLE_DEPTH2_1479          36    920.730    276.235     1196.965 
  u_core_gen_pd_row[6].gen_pd_col[5].u_pd mptdc_pd_cell_SAMPLE_DEPTH2_1478          37    923.238    283.858     1207.097 
  u_core_gen_pd_row[6].gen_pd_col[6].u_pd mptdc_pd_cell_SAMPLE_DEPTH2_1477          36    955.853    287.870     1243.723 
  u_core_gen_pd_row[6].gen_pd_col[7].u_pd mptdc_pd_cell_SAMPLE_DEPTH2_1476          36    945.818    280.247     1226.065 
  u_core_gen_pd_row[7].gen_pd_col[0].u_pd mptdc_pd_cell_SAMPLE_DEPTH2_1475          37    865.536    291.481     1157.017 
  u_core_gen_pd_row[7].gen_pd_col[1].u_pd mptdc_pd_cell_SAMPLE_DEPTH2_1474          38    935.782    287.870     1223.653 
  u_core_gen_pd_row[7].gen_pd_col[2].u_pd mptdc_pd_cell_SAMPLE_DEPTH2_1473          40    990.976    315.153     1306.129 
  u_core_gen_pd_row[7].gen_pd_col[3].u_pd mptdc_pd_cell_SAMPLE_DEPTH2_1472          40    950.835    314.952     1265.787 
  u_core_gen_pd_row[7].gen_pd_col[4].u_pd mptdc_pd_cell_SAMPLE_DEPTH2_1471          36    913.203    276.235     1189.438 
  u_core_gen_pd_row[7].gen_pd_col[5].u_pd mptdc_pd_cell_SAMPLE_DEPTH2_1470          37    923.238    283.858     1207.097 
  u_core_gen_pd_row[7].gen_pd_col[6].u_pd mptdc_pd_cell_SAMPLE_DEPTH2_1469          36    955.853    287.870     1243.723 
  u_core_gen_pd_row[7].gen_pd_col[7].u_pd mptdc_pd_cell_SAMPLE_DEPTH2_1468          37    945.818    283.858     1229.676 
  u_core_u_osc_fast_u_stub                mptdc_osc_stub_NE8_1467                    4     37.632      0.000       37.632 
  u_core_u_osc_slow_u_stub                mptdc_osc_stub_NE8                         5     50.176      7.824       58.000 
  u_core_u_rst_drain_sync                 mptdc_reset_sync_STAGES4                   4    230.810     23.471      254.281 
  u_core_u_rst_fast_sync                  mptdc_reset_sync_STAGES2_1531              2    115.405      7.824      123.228 
  u_core_u_rst_fifo_sync                  mptdc_reset_sync_STAGES3                   3    173.107     15.647      188.755 
  u_core_u_rst_status_sync                mptdc_reset_sync_STAGES2                   2    117.914      7.824      125.737 
  u_core_u_rst_tx_sync                    mptdc_reset_sync_STAGES5                   6    308.582     39.118      347.701 
  u_core_u_rst_wdt_sync                   mptdc_reset_sync_STAGES6                   6    346.214     39.118      385.333 
  u_rst_core_sync                         mptdc_reset_sync_STAGES4_1533              5    283.494     31.295      314.789 
  u_rst_csr_sync                          mptdc_reset_sync_STAGES3_1532              3    173.107     15.647      188.755 
