============================================================
  Generated by:           Genus(TM) Synthesis Solution 22.13-s093_1
  Generated on:           Jun 09 2026  03:30:38 pm
  Module:                 mptdc_top_asic
  Operating conditions:   typ_1_80V_25C 
  Interconnect mode:      global
  Area mode:              physical library
============================================================

Timing
--------

Analysis view         Clock         Period 
-------------------------------------------
tc_view       clk_osc_fast          1333.0 
              clk_osc_fast_buf_tap0 1333.0 
              clk_osc_fast_buf_tap1 1333.0 
              clk_osc_fast_buf_tap2 1333.0 
              clk_osc_fast_buf_tap3 1333.0 
              clk_osc_fast_buf_tap4 1333.0 
              clk_osc_fast_buf_tap5 1333.0 
              clk_osc_fast_buf_tap6 1333.0 
              clk_osc_fast_buf_tap7 1333.0 
              clk_osc_fast_tap1     1333.0 
              clk_osc_fast_tap2     1333.0 
              clk_osc_fast_tap3     1333.0 
              clk_osc_fast_tap4     1333.0 
              clk_osc_fast_tap5     1333.0 
              clk_osc_fast_tap6     1333.0 
              clk_osc_fast_tap7     1333.0 
              clk_osc_slow          1430.0 
              clk_osc_slow_buf_tap0 1430.0 
              clk_osc_slow_buf_tap1 1430.0 
              clk_osc_slow_buf_tap2 1430.0 
              clk_osc_slow_buf_tap3 1430.0 
              clk_osc_slow_buf_tap4 1430.0 
              clk_osc_slow_buf_tap5 1430.0 
              clk_osc_slow_buf_tap6 1430.0 
              clk_osc_slow_buf_tap7 1430.0 
              clk_osc_slow_tap1     1430.0 
              clk_osc_slow_tap2     1430.0 
              clk_osc_slow_tap3     1430.0 
              clk_osc_slow_tap4     1430.0 
              clk_osc_slow_tap5     1430.0 
              clk_osc_slow_tap6     1430.0 
              clk_osc_slow_tap7     1430.0 
              clk_sys               6250.0 


Analysis          Cost          Critical            Violating 
  View           Group         Path Slack    TNS      Paths   
--------------------------------------------------------------
tc_view           clk_osc_fast   No paths      0.0          0 
         clk_osc_fast_buf_tap0      -59.8  -3321.0         57 
         clk_osc_fast_buf_tap1      -59.8  -3350.4         57 
         clk_osc_fast_buf_tap2      -65.3  -3658.4         57 
         clk_osc_fast_buf_tap3      -65.3  -3658.4         57 
         clk_osc_fast_buf_tap4      -65.3  -3582.1         57 
         clk_osc_fast_buf_tap5      -65.3  -3582.1         57 
         clk_osc_fast_buf_tap6      -65.3  -3582.1         57 
         clk_osc_fast_buf_tap7      -65.3  -3619.9         57 
             clk_osc_fast_tap1   No paths      0.0          0 
             clk_osc_fast_tap2   No paths      0.0          0 
             clk_osc_fast_tap3   No paths      0.0          0 
             clk_osc_fast_tap4   No paths      0.0          0 
             clk_osc_fast_tap5   No paths      0.0          0 
             clk_osc_fast_tap6   No paths      0.0          0 
             clk_osc_fast_tap7   No paths      0.0          0 
                  clk_osc_slow   No paths      0.0          0 
         clk_osc_slow_buf_tap0      387.4      0.0          0 
         clk_osc_slow_buf_tap1   No paths      0.0          0 
         clk_osc_slow_buf_tap2   No paths      0.0          0 
         clk_osc_slow_buf_tap3   No paths      0.0          0 
         clk_osc_slow_buf_tap4   No paths      0.0          0 
         clk_osc_slow_buf_tap5   No paths      0.0          0 
         clk_osc_slow_buf_tap6   No paths      0.0          0 
         clk_osc_slow_buf_tap7   No paths      0.0          0 
             clk_osc_slow_tap1   No paths      0.0          0 
             clk_osc_slow_tap2   No paths      0.0          0 
             clk_osc_slow_tap3   No paths      0.0          0 
             clk_osc_slow_tap4   No paths      0.0          0 
             clk_osc_slow_tap5   No paths      0.0          0 
             clk_osc_slow_tap6   No paths      0.0          0 
             clk_osc_slow_tap7   No paths      0.0          0 
                       clk_sys     2217.1      0.0          0 
                       default   No paths      0.0          0 
--------------------------------------------------------------
Total                                     -28354.4        456 
                                                              

Instance Count
--------------
Leaf Instance Count             20303 
Physical Instance count             0 
Sequential Instance Count        5697 
Combinational Instance Count    14606 
Hierarchical Instance Count        81 

Area
----
Cell Area                          496541.506
Physical Cell Area                 0.000
Total Cell Area (Cell+Physical)    496541.506
Net Area                           1017.075
Total Area (Cell+Physical+Net)     497558.581

Power
-----
Leakage Power                      80.970 nW
Dynamic Power                      73798225.576 nW
Total Power                        73798306.546 nW

Max Fanout                         4859 (clk_sys)
Min Fanout                         0 (local_async_rst_n)
Average Fanout                     2.5
Terms to net ratio                 4.3749
Terms to instance ratio            4.5077
Runtime                            160.73416999999998 seconds
Elapsed Runtime                    158 seconds
Genus peak memory usage            2197.67 
Innovus peak memory usage          no_value 
Hostname                           lyoelectrosrv01.in2p3.fr
