# MPTDC RO / Phase-Buffer Overlap Audit
RO_PHASE_AUDIT_LABEL=pre_place
RO_PHASE_AUDIT_FATAL=0
RO_PHASE_MIN_CLEARANCE_REQUIRED_UM=10.0
RO_TUNE6_COUNT=2
CHECKPLACE_REPORT=/sim/ksabra/SPADMIC_work/innovus/20260701_mptdc_tc_ro6_pnrlef_v2_base_route_150609/reports/check_place_ro_phase_overlap_pre_place.rpt
CHECKPLACE_OVERLAP_LINE_COUNT=1
CHECKPLACE_OVERLAP_FATAL=0
CHECKPLACE_OVERLAP_STATUS=REVIEW_REQUIRED

SLOW_RO_INSTANCE=u_core_u_osc_slow_u_ro_tune4
SLOW_RO_BBOX=50.4 610.4 219.345 680.9
SLOW_ISO_0_INSTANCE=u_core_u_phase_buf_slow/gen_phase_buf[0].u_iso
SLOW_ISO_0_BBOX=90.16 580.16 94.64 584.64
SLOW_ISO_0_OVERLAP_AREA_UM2=0.0
SLOW_ISO_0_CLEARANCE_UM=25.76
SLOW_ISO_1_INSTANCE=u_core_u_phase_buf_slow/gen_phase_buf[1].u_iso
SLOW_ISO_1_BBOX=114.24 580.16 118.72 584.64
SLOW_ISO_1_OVERLAP_AREA_UM2=0.0
SLOW_ISO_1_CLEARANCE_UM=25.76
SLOW_ISO_2_INSTANCE=u_core_u_phase_buf_slow/gen_phase_buf[2].u_iso
SLOW_ISO_2_BBOX=138.32 580.16 142.8 584.64
SLOW_ISO_2_OVERLAP_AREA_UM2=0.0
SLOW_ISO_2_CLEARANCE_UM=25.76
SLOW_ISO_3_INSTANCE=u_core_u_phase_buf_slow/gen_phase_buf[3].u_iso
SLOW_ISO_3_BBOX=162.4 580.16 166.88 584.64
SLOW_ISO_3_OVERLAP_AREA_UM2=0.0
SLOW_ISO_3_CLEARANCE_UM=25.76
SLOW_ISO_4_INSTANCE=u_core_u_phase_buf_slow/gen_phase_buf[4].u_iso
SLOW_ISO_4_BBOX=186.48 580.16 190.96 584.64
SLOW_ISO_4_OVERLAP_AREA_UM2=0.0
SLOW_ISO_4_CLEARANCE_UM=25.76
SLOW_ISO_5_INSTANCE=u_core_u_phase_buf_slow/gen_phase_buf[5].u_iso
SLOW_ISO_5_BBOX=210.56 580.16 215.04 584.64
SLOW_ISO_5_OVERLAP_AREA_UM2=0.0
SLOW_ISO_5_CLEARANCE_UM=25.76
SLOW_ISO_6_INSTANCE=u_core_u_phase_buf_slow/gen_phase_buf[6].u_iso
SLOW_ISO_6_BBOX=234.64 580.16 239.12 584.64
SLOW_ISO_6_OVERLAP_AREA_UM2=0.0
SLOW_ISO_6_CLEARANCE_UM=29.9585484461
SLOW_ISO_7_INSTANCE=u_core_u_phase_buf_slow/gen_phase_buf[7].u_iso
SLOW_ISO_7_BBOX=258.16 580.16 262.64 584.64
SLOW_ISO_7_OVERLAP_AREA_UM2=0.0
SLOW_ISO_7_CLEARANCE_UM=46.5852103677
SLOW_DRIVER_8_INSTANCE=u_core_u_phase_buf_slow/gen_phase_buf[0].u_drv
SLOW_DRIVER_8_BBOX=90.16 571.2 101.36 575.68
SLOW_DRIVER_8_OVERLAP_AREA_UM2=0.0
SLOW_DRIVER_8_CLEARANCE_UM=34.72
SLOW_DRIVER_9_INSTANCE=u_core_u_phase_buf_slow/gen_phase_buf[1].u_drv
SLOW_DRIVER_9_BBOX=114.24 571.2 125.44 575.68
SLOW_DRIVER_9_OVERLAP_AREA_UM2=0.0
SLOW_DRIVER_9_CLEARANCE_UM=34.72
SLOW_DRIVER_10_INSTANCE=u_core_u_phase_buf_slow/gen_phase_buf[2].u_drv
SLOW_DRIVER_10_BBOX=138.32 571.2 149.52 575.68
SLOW_DRIVER_10_OVERLAP_AREA_UM2=0.0
SLOW_DRIVER_10_CLEARANCE_UM=34.72
SLOW_DRIVER_11_INSTANCE=u_core_u_phase_buf_slow/gen_phase_buf[3].u_drv
SLOW_DRIVER_11_BBOX=162.4 571.2 173.6 575.68
SLOW_DRIVER_11_OVERLAP_AREA_UM2=0.0
SLOW_DRIVER_11_CLEARANCE_UM=34.72
SLOW_DRIVER_12_INSTANCE=u_core_u_phase_buf_slow/gen_phase_buf[4].u_drv
SLOW_DRIVER_12_BBOX=186.48 571.2 197.68 575.68
SLOW_DRIVER_12_OVERLAP_AREA_UM2=0.0
SLOW_DRIVER_12_CLEARANCE_UM=34.72
SLOW_DRIVER_13_INSTANCE=u_core_u_phase_buf_slow/gen_phase_buf[5].u_drv
SLOW_DRIVER_13_BBOX=210.56 571.2 221.76 575.68
SLOW_DRIVER_13_OVERLAP_AREA_UM2=0.0
SLOW_DRIVER_13_CLEARANCE_UM=34.72
SLOW_DRIVER_14_INSTANCE=u_core_u_phase_buf_slow/gen_phase_buf[6].u_drv
SLOW_DRIVER_14_BBOX=234.64 571.2 245.84 575.68
SLOW_DRIVER_14_OVERLAP_AREA_UM2=0.0
SLOW_DRIVER_14_CLEARANCE_UM=37.9396286882
SLOW_DRIVER_15_INSTANCE=u_core_u_phase_buf_slow/gen_phase_buf[7].u_drv
SLOW_DRIVER_15_BBOX=258.16 571.2 269.36 575.68
SLOW_DRIVER_15_OVERLAP_AREA_UM2=0.0
SLOW_DRIVER_15_CLEARANCE_UM=52.0776595576
SLOW_ISO_COUNT=8
SLOW_DRIVER_COUNT=8
SLOW_RO_PHASE_BUFFER_OVERLAP_AREA=0.000000
SLOW_RO_PHASE_MIN_CLEARANCE_UM=25.76
SLOW_RO_PHASE_INVALID_BBOX_COUNT=0
SLOW_RO_PHASE_PLACEMENT_STATUS=PASS

FAST_RO_INSTANCE=u_core_u_osc_fast_u_ro_tune4
FAST_RO_BBOX=50.4 120.4 219.345 190.9
FAST_ISO_0_INSTANCE=u_core_u_phase_buf_fast/gen_phase_buf[0].u_iso
FAST_ISO_0_BBOX=90.16 208.32 94.64 212.8
FAST_ISO_0_OVERLAP_AREA_UM2=0.0
FAST_ISO_0_CLEARANCE_UM=17.42
FAST_ISO_1_INSTANCE=u_core_u_phase_buf_fast/gen_phase_buf[1].u_iso
FAST_ISO_1_BBOX=114.24 208.32 118.72 212.8
FAST_ISO_1_OVERLAP_AREA_UM2=0.0
FAST_ISO_1_CLEARANCE_UM=17.42
FAST_ISO_2_INSTANCE=u_core_u_phase_buf_fast/gen_phase_buf[2].u_iso
FAST_ISO_2_BBOX=138.32 208.32 142.8 212.8
FAST_ISO_2_OVERLAP_AREA_UM2=0.0
FAST_ISO_2_CLEARANCE_UM=17.42
FAST_ISO_3_INSTANCE=u_core_u_phase_buf_fast/gen_phase_buf[3].u_iso
FAST_ISO_3_BBOX=162.4 208.32 166.88 212.8
FAST_ISO_3_OVERLAP_AREA_UM2=0.0
FAST_ISO_3_CLEARANCE_UM=17.42
FAST_ISO_4_INSTANCE=u_core_u_phase_buf_fast/gen_phase_buf[4].u_iso
FAST_ISO_4_BBOX=186.48 208.32 190.96 212.8
FAST_ISO_4_OVERLAP_AREA_UM2=0.0
FAST_ISO_4_CLEARANCE_UM=17.42
FAST_ISO_5_INSTANCE=u_core_u_phase_buf_fast/gen_phase_buf[5].u_iso
FAST_ISO_5_BBOX=210.56 208.32 215.04 212.8
FAST_ISO_5_OVERLAP_AREA_UM2=0.0
FAST_ISO_5_CLEARANCE_UM=17.42
FAST_ISO_6_INSTANCE=u_core_u_phase_buf_fast/gen_phase_buf[6].u_iso
FAST_ISO_6_BBOX=234.64 208.32 239.12 212.8
FAST_ISO_6_OVERLAP_AREA_UM2=0.0
FAST_ISO_6_CLEARANCE_UM=23.1817476692
FAST_ISO_7_INSTANCE=u_core_u_phase_buf_fast/gen_phase_buf[7].u_iso
FAST_ISO_7_BBOX=258.16 208.32 262.64 212.8
FAST_ISO_7_OVERLAP_AREA_UM2=0.0
FAST_ISO_7_CLEARANCE_UM=42.5448072625
FAST_DRIVER_8_INSTANCE=u_core_u_phase_buf_fast/gen_phase_buf[0].u_drv
FAST_DRIVER_8_BBOX=90.16 217.28 101.36 221.76
FAST_DRIVER_8_OVERLAP_AREA_UM2=0.0
FAST_DRIVER_8_CLEARANCE_UM=26.38
FAST_DRIVER_9_INSTANCE=u_core_u_phase_buf_fast/gen_phase_buf[1].u_drv
FAST_DRIVER_9_BBOX=114.24 217.28 125.44 221.76
FAST_DRIVER_9_OVERLAP_AREA_UM2=0.0
FAST_DRIVER_9_CLEARANCE_UM=26.38
FAST_DRIVER_10_INSTANCE=u_core_u_phase_buf_fast/gen_phase_buf[2].u_drv
FAST_DRIVER_10_BBOX=138.32 217.28 149.52 221.76
FAST_DRIVER_10_OVERLAP_AREA_UM2=0.0
FAST_DRIVER_10_CLEARANCE_UM=26.38
FAST_DRIVER_11_INSTANCE=u_core_u_phase_buf_fast/gen_phase_buf[3].u_drv
FAST_DRIVER_11_BBOX=162.4 217.28 173.6 221.76
FAST_DRIVER_11_OVERLAP_AREA_UM2=0.0
FAST_DRIVER_11_CLEARANCE_UM=26.38
FAST_DRIVER_12_INSTANCE=u_core_u_phase_buf_fast/gen_phase_buf[4].u_drv
FAST_DRIVER_12_BBOX=186.48 217.28 197.68 221.76
FAST_DRIVER_12_OVERLAP_AREA_UM2=0.0
FAST_DRIVER_12_CLEARANCE_UM=26.38
FAST_DRIVER_13_INSTANCE=u_core_u_phase_buf_fast/gen_phase_buf[5].u_drv
FAST_DRIVER_13_BBOX=210.56 217.28 221.76 221.76
FAST_DRIVER_13_OVERLAP_AREA_UM2=0.0
FAST_DRIVER_13_CLEARANCE_UM=26.38
FAST_DRIVER_14_INSTANCE=u_core_u_phase_buf_fast/gen_phase_buf[6].u_drv
FAST_DRIVER_14_BBOX=234.64 217.28 245.84 221.76
FAST_DRIVER_14_OVERLAP_AREA_UM2=0.0
FAST_DRIVER_14_CLEARANCE_UM=30.4933013136
FAST_DRIVER_15_INSTANCE=u_core_u_phase_buf_fast/gen_phase_buf[7].u_drv
FAST_DRIVER_15_BBOX=258.16 217.28 269.36 221.76
FAST_DRIVER_15_OVERLAP_AREA_UM2=0.0
FAST_DRIVER_15_CLEARANCE_UM=46.9308920116
FAST_ISO_COUNT=8
FAST_DRIVER_COUNT=8
FAST_RO_PHASE_BUFFER_OVERLAP_AREA=0.000000
FAST_RO_PHASE_MIN_CLEARANCE_UM=17.42
FAST_RO_PHASE_INVALID_BBOX_COUNT=0
FAST_RO_PHASE_PLACEMENT_STATUS=PASS

SLOW_RO_PHASE_BUFFER_OVERLAP_AREA=0.000000
FAST_RO_PHASE_BUFFER_OVERLAP_AREA=0.000000
RO_PHASE_MIN_CLEARANCE_UM=17.42
RO_PHASE_PLACEMENT_STATUS=PASS
RO_PHASE_PLACEMENT_REASON=NONE
