# Excerpt from /sim/ksabra/SPADMIC_work/genus/genus_matrix_ooc_evidence_20260630_1117/i2c_csr_bridge/reports/timing/report_timing_pre_synth.rpt
# First 220 lines
============================================================
  Generated by:           Genus(TM) Synthesis Solution 22.13-s093_1
  Generated on:           Jun 30 2026  11:39:33 am
  Module:                 spadmic_i2c_csr_bridge
  Operating conditions:   typ_1_80V_25C 
  Interconnect mode:      global
  Area mode:              physical library
============================================================


Path 1: MET (4350 ps) Setup Check with Pin state_q_reg[1]/clk->sena
          Group: clk_sys
     Startpoint: (R) state_q_reg[0]/clk
          Clock: (R) clk_sys
       Endpoint: (R) state_q_reg[1]/sena
          Clock: (R) clk_sys

                     Capture       Launch     
        Clock Edge:+    6250            0     
       Src Latency:+       0            0     
       Net Latency:+       0 (I)        0 (I) 
           Arrival:=    6250            0     
                                              
             Setup:-     507                  
     Required Time:=    5743                  
      Launch Clock:-       0                  
         Data Path:-    1393                  
             Slack:=    4350                  

#-------------------------------------------------------------------------------------------------------
#     Timing Point       Flags    Arc    Edge      Cell        Fanout Load Trans Delay Arrival Instance 
#                                                                     (fF)  (ps)  (ps)   (ps)  Location 
#-------------------------------------------------------------------------------------------------------
  state_q_reg[0]/clk     -       -       R     (arrival)           36    -     0     0       0    (-,-) 
  state_q_reg[0]/q       (u)     clk->q  R     unmapped_d_flop      5 45.0     0   674     674    (-,-) 
  ctl_state_q_61_13/g3/z (u)     in_0->z F     unmapped_not         2 18.4     0    78     752    (-,-) 
  ctl_state_q_61_13/g2/z (u)     in_0->z R     unmapped_nor2        4 36.0     0   148     900    (-,-) 
  g14/z                  (u)     in_1->z R     unmapped_and2       35 27.0     0   272    1172    (-,-) 
  g69/z                  (u)     in_2->z R     unmapped_or4         2 36.0     0   221    1393    (-,-) 
  state_q_reg[1]/sena    -       -       R     unmapped_d_flop      2    -     -     0    1393    (-,-) 
#-------------------------------------------------------------------------------------------------------

(u) : Net has unmapped pin(s).



Path 2: MET (4350 ps) Setup Check with Pin state_q_reg[0]/clk->sena
          Group: clk_sys
     Startpoint: (R) state_q_reg[0]/clk
          Clock: (R) clk_sys
       Endpoint: (R) state_q_reg[0]/sena
          Clock: (R) clk_sys

                     Capture       Launch     
        Clock Edge:+    6250            0     
       Src Latency:+       0            0     
       Net Latency:+       0 (I)        0 (I) 
           Arrival:=    6250            0     
                                              
             Setup:-     507                  
     Required Time:=    5743                  
      Launch Clock:-       0                  
         Data Path:-    1393                  
             Slack:=    4350                  

#-------------------------------------------------------------------------------------------------------
#     Timing Point       Flags    Arc    Edge      Cell        Fanout Load Trans Delay Arrival Instance 
#                                                                     (fF)  (ps)  (ps)   (ps)  Location 
#-------------------------------------------------------------------------------------------------------
  state_q_reg[0]/clk     -       -       R     (arrival)           36    -     0     0       0    (-,-) 
  state_q_reg[0]/q       (u)     clk->q  R     unmapped_d_flop      5 45.0     0   674     674    (-,-) 
  ctl_state_q_61_13/g3/z (u)     in_0->z F     unmapped_not         2 18.4     0    78     752    (-,-) 
  ctl_state_q_61_13/g2/z (u)     in_0->z R     unmapped_nor2        4 36.0     0   148     900    (-,-) 
  g14/z                  (u)     in_1->z R     unmapped_and2       35 27.0     0   272    1172    (-,-) 
  g69/z                  (u)     in_2->z R     unmapped_or4         2 36.0     0   221    1393    (-,-) 
  state_q_reg[0]/sena    -       -       R     unmapped_d_flop      2    -     -     0    1393    (-,-) 
#-------------------------------------------------------------------------------------------------------

(u) : Net has unmapped pin(s).



Path 3: MET (4353 ps) Setup Check with Pin i2c_rsp_valid_o_reg/clk->sena
          Group: clk_sys
     Startpoint: (R) state_q_reg[0]/clk
          Clock: (R) clk_sys
       Endpoint: (R) i2c_rsp_valid_o_reg/sena
          Clock: (R) clk_sys

                     Capture       Launch     
        Clock Edge:+    6250            0     
       Src Latency:+       0            0     
       Net Latency:+       0 (I)        0 (I) 
           Arrival:=    6250            0     
                                              
             Setup:-     507                  
     Required Time:=    5743                  
      Launch Clock:-       0                  
         Data Path:-    1391                  
             Slack:=    4353                  

#---------------------------------------------------------------------------------------------------------
#      Timing Point        Flags    Arc    Edge      Cell        Fanout Load Trans Delay Arrival Instance 
#                                                                       (fF)  (ps)  (ps)   (ps)  Location 
#---------------------------------------------------------------------------------------------------------
  state_q_reg[0]/clk       -       -       R     (arrival)           36    -     0     0       0    (-,-) 
  state_q_reg[0]/q         (u)     clk->q  R     unmapped_d_flop      5 45.0     0   674     674    (-,-) 
  ctl_state_q_61_13/g3/z   (u)     in_0->z F     unmapped_not         2 18.4     0    78     752    (-,-) 
  ctl_state_q_61_13/g2/z   (u)     in_0->z R     unmapped_nor2        4 36.0     0   148     900    (-,-) 
  g14/z                    (u)     in_1->z R     unmapped_and2       35 27.0     0   272    1172    (-,-) 
  g15/z                    (u)     in_0->z R     unmapped_or2         1  9.0     0   100    1272    (-,-) 
  g17/z                    (u)     in_1->z R     unmapped_or2         1 18.0     0   119    1391    (-,-) 
  i2c_rsp_valid_o_reg/sena -       -       R     unmapped_d_flop      1    -     -     0    1391    (-,-) 
#---------------------------------------------------------------------------------------------------------

(u) : Net has unmapped pin(s).



Path 4: MET (4572 ps) Setup Check with Pin i2c_rsp_err_o_reg/clk->sena
          Group: clk_sys
     Startpoint: (R) state_q_reg[0]/clk
          Clock: (R) clk_sys
       Endpoint: (R) i2c_rsp_err_o_reg/sena
          Clock: (R) clk_sys

                     Capture       Launch     
        Clock Edge:+    6250            0     
       Src Latency:+       0            0     
       Net Latency:+       0 (I)        0 (I) 
           Arrival:=    6250            0     
                                              
             Setup:-     507                  
     Required Time:=    5743                  
      Launch Clock:-       0                  
         Data Path:-    1172                  
             Slack:=    4572                  

#-------------------------------------------------------------------------------------------------------
#     Timing Point       Flags    Arc    Edge      Cell        Fanout Load Trans Delay Arrival Instance 
#                                                                     (fF)  (ps)  (ps)   (ps)  Location 
#-------------------------------------------------------------------------------------------------------
  state_q_reg[0]/clk     -       -       R     (arrival)           36    -     0     0       0    (-,-) 
  state_q_reg[0]/q       (u)     clk->q  R     unmapped_d_flop      5 45.0     0   674     674    (-,-) 
  ctl_state_q_61_13/g3/z (u)     in_0->z F     unmapped_not         2 18.4     0    78     752    (-,-) 
  ctl_state_q_61_13/g2/z (u)     in_0->z R     unmapped_nor2        4 36.0     0   148     900    (-,-) 
  g14/z                  (u)     in_1->z R     unmapped_and2       35 27.0     0   272    1172    (-,-) 
  i2c_rsp_err_o_reg/sena -       -       R     unmapped_d_flop     35    -     -     0    1172    (-,-) 
#-------------------------------------------------------------------------------------------------------

(u) : Net has unmapped pin(s).



Path 5: MET (4572 ps) Setup Check with Pin i2c_rsp_rdata_o_reg[31]/clk->sena
          Group: clk_sys
     Startpoint: (R) state_q_reg[0]/clk
          Clock: (R) clk_sys
       Endpoint: (R) i2c_rsp_rdata_o_reg[31]/sena
          Clock: (R) clk_sys

                     Capture       Launch     
        Clock Edge:+    6250            0     
       Src Latency:+       0            0     
       Net Latency:+       0 (I)        0 (I) 
           Arrival:=    6250            0     
                                              
             Setup:-     507                  
     Required Time:=    5743                  
      Launch Clock:-       0                  
         Data Path:-    1172                  
             Slack:=    4572                  

#-------------------------------------------------------------------------------------------------------------
#        Timing Point          Flags    Arc    Edge      Cell        Fanout Load Trans Delay Arrival Instance 
#                                                                           (fF)  (ps)  (ps)   (ps)  Location 
#-------------------------------------------------------------------------------------------------------------
  state_q_reg[0]/clk           -       -       R     (arrival)           36    -     0     0       0    (-,-) 
  state_q_reg[0]/q             (u)     clk->q  R     unmapped_d_flop      5 45.0     0   674     674    (-,-) 
  ctl_state_q_61_13/g3/z       (u)     in_0->z F     unmapped_not         2 18.4     0    78     752    (-,-) 
  ctl_state_q_61_13/g2/z       (u)     in_0->z R     unmapped_nor2        4 36.0     0   148     900    (-,-) 
  g14/z                        (u)     in_1->z R     unmapped_and2       35 27.0     0   272    1172    (-,-) 
  i2c_rsp_rdata_o_reg[31]/sena -       -       R     unmapped_d_flop     35    -     -     0    1172    (-,-) 
#-------------------------------------------------------------------------------------------------------------

(u) : Net has unmapped pin(s).



Path 6: MET (4572 ps) Setup Check with Pin i2c_rsp_rdata_o_reg[30]/clk->sena
          Group: clk_sys
     Startpoint: (R) state_q_reg[0]/clk
          Clock: (R) clk_sys
       Endpoint: (R) i2c_rsp_rdata_o_reg[30]/sena
          Clock: (R) clk_sys

                     Capture       Launch     
        Clock Edge:+    6250            0     
       Src Latency:+       0            0     
       Net Latency:+       0 (I)        0 (I) 
           Arrival:=    6250            0     
                                              
             Setup:-     507                  
     Required Time:=    5743                  
      Launch Clock:-       0                  
         Data Path:-    1172                  
             Slack:=    4572                  

#-------------------------------------------------------------------------------------------------------------
#        Timing Point          Flags    Arc    Edge      Cell        Fanout Load Trans Delay Arrival Instance 
#                                                                           (fF)  (ps)  (ps)   (ps)  Location 
#-------------------------------------------------------------------------------------------------------------
  state_q_reg[0]/clk           -       -       R     (arrival)           36    -     0     0       0    (-,-) 
  state_q_reg[0]/q             (u)     clk->q  R     unmapped_d_flop      5 45.0     0   674     674    (-,-) 
  ctl_state_q_61_13/g3/z       (u)     in_0->z F     unmapped_not         2 18.4     0    78     752    (-,-) 
  ctl_state_q_61_13/g2/z       (u)     in_0->z R     unmapped_nor2        4 36.0     0   148     900    (-,-) 
  g14/z                        (u)     in_1->z R     unmapped_and2       35 27.0     0   272    1172    (-,-) 
  i2c_rsp_rdata_o_reg[30]/sena -       -       R     unmapped_d_flop     35    -     -     0    1172    (-,-) 
#-------------------------------------------------------------------------------------------------------------

