Using Power View: wc_view.
Begin Boundary Leakage Calculation
Ended Boundary Leakage Calculation: (cpu=0:00:00, real=0:00:00,
mem(process/total/peak)=2463.81MB/3976.94MB/2613.88MB)
Begin Static Power Report Generation
*----------------------------------------------------------------------------------------
*	Innovus 22.33-s094_1 (64bit) 08/25/2023 16:48 (Linux 3.10.0-693.el7.x86_64)
*	
*
* 	Date & Time:	2026-May-19 10:32:48 (2026-May-19 08:32:48 GMT)
*
*----------------------------------------------------------------------------------------
*
*	Design: mptdc_top_asic
*
*	Liberty Libraries used:
*	        wc_view: /data/pdk/xfab/xh018/diglibs/D_CELLS_HD/v6_0/liberty_LPMOS/v6_0_0/PVT_1_80V_range/D_CELLS_HD_LPMOS_slow_1_62V_125C.lib
*
*	Parasitic Files used:
*
*       Power View : wc_view
*
*       User-Defined Activity : N.A.
*
*       Activity File: N.A.
*
*       Hierarchical Global Activity: N.A.
*
*       Global Activity: N.A.
*
*       Sequential Element Activity: 0.200000
*
*       Primary Input Activity: 0.200000
*
*       Default icg ratio: N.A.
*
*       Global Comb ClockGate Ratio: N.A.
*
*	Power Units = 1mW
*
*	Time Units = 1e-09 secs
*
*       report_power -hierarchy all
*
-----------------------------------------------------------------------------------------
*



Total Power
-----------------------------------------------------------------------------------------
Total Internal Power:      171.05479882 	   78.0698%
Total Switching Power:      48.04002796 	   21.9256%
Total Leakage Power:         0.01021138 	    0.0047%
Total Power:               219.10503816
-----------------------------------------------------------------------------------------


Group                           Internal   Switching     Leakage       Total  Percentage 
                                Power      Power         Power         Power  (%)        
-----------------------------------------------------------------------------------------
Sequential                           146        7.24    0.004663       153.3       69.96
Macro                                  0           0           0           0           0
IO                                     0           0           0           0           0
Combinational                      25.02        40.8    0.005548       65.82       30.04
Clock (Combinational)                  0           0           0           0           0
Clock (Sequential)                     0           0           0           0           0
-----------------------------------------------------------------------------------------
Total                              171.1       48.04     0.01021       219.1         100
-----------------------------------------------------------------------------------------


Rail                  Voltage   Internal   Switching     Leakage       Total  Percentage 
                                Power      Power         Power         Power  (%)        
-----------------------------------------------------------------------------------------
VDD                      1.62      171.1       48.04     0.01021       219.1         100


Hierarchy                       Internal   Switching     Leakage       Total  Percentage 
                                Power      Power         Power         Power  (%)        
-----------------------------------------------------------------------------------------
u_core_gen_pd_row[0].gen_pd_col[0].u_pd
                                   1.081      0.1672   1.352e-05       1.248      0.5697 
u_core_gen_pd_row[0].gen_pd_col[1].u_pd
                                   1.147      0.1673   1.376e-05       1.314      0.5998 
u_core_gen_pd_row[0].gen_pd_col[2].u_pd
                                   1.169      0.1703    1.46e-05       1.339      0.6111 
u_core_gen_pd_row[0].gen_pd_col[3].u_pd
                                   1.192       0.176   1.586e-05       1.368      0.6245 
u_core_gen_pd_row[0].gen_pd_col[4].u_pd
                                   1.212      0.1997   1.667e-05       1.412      0.6444 
u_core_gen_pd_row[0].gen_pd_col[5].u_pd
                                   1.211      0.1799   1.655e-05        1.39      0.6346 
u_core_gen_pd_row[0].gen_pd_col[6].u_pd
                                   1.162      0.1661   1.446e-05       1.328      0.6063 
u_core_gen_pd_row[0].gen_pd_col[7].u_pd
                                     1.2      0.1676   1.604e-05       1.367      0.6241 
u_core_gen_pd_row[1].gen_pd_col[0].u_pd
                                   1.075      0.1613   1.344e-05       1.236      0.5641 
u_core_gen_pd_row[1].gen_pd_col[1].u_pd
                                   1.143      0.1501   1.334e-05       1.293      0.5901 
u_core_gen_pd_row[1].gen_pd_col[2].u_pd
                                   1.153      0.1478   1.371e-05       1.301      0.5937 
u_core_gen_pd_row[1].gen_pd_col[3].u_pd
                                   1.208      0.1507   1.584e-05       1.359      0.6202 
u_core_gen_pd_row[1].gen_pd_col[4].u_pd
                                    1.21      0.1948   1.643e-05       1.405      0.6411 
u_core_gen_pd_row[1].gen_pd_col[5].u_pd
                                   1.218       0.205   1.688e-05       1.423      0.6496 
u_core_gen_pd_row[1].gen_pd_col[6].u_pd
                                   1.158      0.1452   1.424e-05       1.303      0.5946 
u_core_gen_pd_row[1].gen_pd_col[7].u_pd
                                   1.186      0.1609   1.528e-05       1.347      0.6147 
u_core_gen_pd_row[2].gen_pd_col[0].u_pd
                                   1.117      0.1888   1.496e-05       1.305      0.5958 
u_core_gen_pd_row[2].gen_pd_col[1].u_pd
                                   1.141      0.1662   1.355e-05       1.307      0.5964 
u_core_gen_pd_row[2].gen_pd_col[2].u_pd
                                    1.14      0.1548   1.365e-05       1.294      0.5907 
u_core_gen_pd_row[2].gen_pd_col[3].u_pd
                                   1.193      0.1486    1.55e-05       1.342      0.6124 
u_core_gen_pd_row[2].gen_pd_col[4].u_pd
                                   1.216      0.1877   1.655e-05       1.403      0.6406 
u_core_gen_pd_row[2].gen_pd_col[5].u_pd
                                   1.229      0.1881   1.694e-05       1.418       0.647 
u_core_gen_pd_row[2].gen_pd_col[6].u_pd
                                   1.171      0.1655    1.48e-05       1.337      0.6102 
u_core_gen_pd_row[2].gen_pd_col[7].u_pd
                                   1.186      0.1554   1.568e-05       1.342      0.6123 
u_core_gen_pd_row[3].gen_pd_col[0].u_pd
                                   1.163      0.1831   1.531e-05       1.346      0.6142 
u_core_gen_pd_row[3].gen_pd_col[1].u_pd
                                   1.143      0.1784   1.379e-05       1.321      0.6031 
u_core_gen_pd_row[3].gen_pd_col[2].u_pd
                                   1.158      0.1679   1.443e-05       1.326       0.605 
u_core_gen_pd_row[3].gen_pd_col[3].u_pd
                                   1.199      0.1596   1.563e-05       1.359      0.6203 
u_core_gen_pd_row[3].gen_pd_col[4].u_pd
                                   1.199      0.1609   1.589e-05        1.36      0.6207 
u_core_gen_pd_row[3].gen_pd_col[5].u_pd
                                   1.211      0.1774   1.637e-05       1.388      0.6335 
u_core_gen_pd_row[3].gen_pd_col[6].u_pd
                                   1.164      0.1619   1.468e-05       1.326      0.6052 
u_core_gen_pd_row[3].gen_pd_col[7].u_pd
                                   1.156      0.1586   1.446e-05       1.315         0.6 
u_core_gen_pd_row[4].gen_pd_col[0].u_pd
                                   1.113      0.2206   1.528e-05       1.334      0.6088 
u_core_gen_pd_row[4].gen_pd_col[1].u_pd
                                   1.132      0.1473   1.319e-05       1.279      0.5838 
u_core_gen_pd_row[4].gen_pd_col[2].u_pd
                                   1.155      0.1412   1.382e-05       1.297      0.5918 
u_core_gen_pd_row[4].gen_pd_col[3].u_pd
                                   1.176      0.1495   1.518e-05       1.326       0.605 
u_core_gen_pd_row[4].gen_pd_col[4].u_pd
                                   1.215      0.1932   1.652e-05       1.408      0.6427 
u_core_gen_pd_row[4].gen_pd_col[5].u_pd
                                   1.228      0.1942   1.695e-05       1.423      0.6493 
u_core_gen_pd_row[4].gen_pd_col[6].u_pd
                                   1.137      0.1544   1.389e-05       1.292      0.5895 
u_core_gen_pd_row[4].gen_pd_col[7].u_pd
                                    1.16      0.1603    1.48e-05        1.32      0.6025 
u_core_gen_pd_row[5].gen_pd_col[0].u_pd
                                   1.113      0.1775   1.488e-05        1.29      0.5888 
u_core_gen_pd_row[5].gen_pd_col[1].u_pd
                                   1.152      0.1689   1.369e-05       1.321      0.6029 
u_core_gen_pd_row[5].gen_pd_col[2].u_pd
                                   1.153      0.1479   1.414e-05         1.3      0.5935 
u_core_gen_pd_row[5].gen_pd_col[3].u_pd
                                   1.193      0.1602   1.543e-05       1.353      0.6176 
u_core_gen_pd_row[5].gen_pd_col[4].u_pd
                                   1.203      0.1853   1.611e-05       1.389      0.6338 
u_core_gen_pd_row[5].gen_pd_col[5].u_pd
                                   1.212      0.1966   1.681e-05       1.408      0.6427 
u_core_gen_pd_row[5].gen_pd_col[6].u_pd
                                   1.135      0.1547   1.376e-05        1.29      0.5888 
u_core_gen_pd_row[5].gen_pd_col[7].u_pd
                                   1.153      0.1557   1.462e-05       1.309      0.5975 
u_core_gen_pd_row[6].gen_pd_col[0].u_pd
                                   1.097      0.1615   1.426e-05       1.258      0.5742 
u_core_gen_pd_row[6].gen_pd_col[1].u_pd
                                   1.136      0.1602   1.332e-05       1.296      0.5914 
u_core_gen_pd_row[6].gen_pd_col[2].u_pd
                                   1.158      0.1621   1.458e-05       1.321      0.6027 
u_core_gen_pd_row[6].gen_pd_col[3].u_pd
                                   1.168      0.1381   1.469e-05       1.306      0.5962 
u_core_gen_pd_row[6].gen_pd_col[4].u_pd
                                   1.218      0.2012   1.681e-05        1.42      0.6479 
u_core_gen_pd_row[6].gen_pd_col[5].u_pd
                                   1.225      0.1813   1.704e-05       1.406      0.6418 
u_core_gen_pd_row[6].gen_pd_col[6].u_pd
                                   1.135      0.1702   1.416e-05       1.305      0.5955 
u_core_gen_pd_row[6].gen_pd_col[7].u_pd
                                   1.144      0.1633   1.434e-05       1.307      0.5966 
u_core_gen_pd_row[7].gen_pd_col[0].u_pd
                                   1.122       0.238   1.566e-05       1.361      0.6209 
u_core_gen_pd_row[7].gen_pd_col[1].u_pd
                                   1.152      0.1832   1.415e-05       1.336      0.6095 
u_core_gen_pd_row[7].gen_pd_col[2].u_pd
                                   1.145      0.1681   1.401e-05       1.313      0.5994 
u_core_gen_pd_row[7].gen_pd_col[3].u_pd
                                   1.181      0.1534   1.506e-05       1.334      0.6089 
u_core_gen_pd_row[7].gen_pd_col[4].u_pd
                                   1.186       0.192   1.553e-05       1.378      0.6291 
u_core_gen_pd_row[7].gen_pd_col[5].u_pd
                                     1.2      0.1954   1.608e-05       1.395      0.6369 
u_core_gen_pd_row[7].gen_pd_col[6].u_pd
                                   1.154      0.1687    1.44e-05       1.322      0.6035 
u_core_gen_pd_row[7].gen_pd_col[7].u_pd
                                    1.17      0.1636    1.49e-05       1.333      0.6085 
u_core_u_rst_drain_sync          0.05295    0.001892   2.665e-06     0.05484     0.02503 
u_core_u_rst_fast_sync            0.1826     0.01043   1.369e-06       0.193     0.08808 
u_core_u_rst_fifo_sync           0.03986    0.001248   2.017e-06     0.04111     0.01876 
u_core_u_rst_status_sync         0.02735    0.001886   1.457e-06     0.02924     0.01335 
u_core_u_rst_tx_sync             0.06604    0.002178   3.313e-06     0.06822     0.03114 
u_core_u_rst_wdt_sync            0.07913    0.003175   3.961e-06     0.08231     0.03757 
u_rst_core_sync                  0.05295    0.002317   2.459e-06     0.05526     0.02522 
u_rst_csr_sync                   0.03882   0.0009377   1.757e-06     0.03976     0.01815 
u_core_u_osc_fast_u_stub          0.2017       12.65   4.752e-07       12.85       5.867 
u_core_u_osc_slow_u_stub          0.1289      0.2824   1.094e-06      0.4113      0.1877 
 
 
-----------------------------------------------------------------------------------------
*	Power Distribution Summary: 
*              Highest Average Power: u_core_u_osc_fast_u_stub/g32 (NA2HDX0):            4.263
*              Highest Leakage Power:         FE_OCPC9085_n_922 (BUHDX12):        1.803e-06
*                Total Cap:      5.92686e-10 F
*                Total instances in design: 22849
*                Total instances in design with no power:     0
*                Total instances in design with no activty:     0

*                Total Fillers and Decap:     0
-----------------------------------------------------------------------------------------
 
** INFO:  (VOLTUS_POWR-3465): There are 0 decaps and 0 fillers in the design

Ended Static Power Report Generation: (cpu=0:00:00, real=0:00:00,
mem(process/total/peak)=2463.81MB/3976.94MB/2613.88MB)

