
Begin checking placement ... (start mem=2678.5M, init mem=2678.5M)
Region/Fence Violation:	1620
*info: Recommended don't use cell = 0           
*info: Placed = 22849         
*info: Unplaced = 0           
Placement Density:75.89%(586354/772544)
Placement Density (including fixed std cells):75.89%(586354/772544)
Finished checkPlace (total: cpu=0:00:00.4, real=0:00:00.0; vio checks: cpu=0:00:00.3, real=0:00:00.0; mem=2678.5M)
Design: mptdc_top_asic

------ Design Summary:
Total Standard Cell Number   (cells) : 22849
Total Block Cell Number      (cells) : 0
Total I/O Pad Cell Number    (cells) : 0
Total Standard Cell Area     ( um^2) : 586354.23
Total Block Cell Area        ( um^2) : 0.00
Total I/O Pad Cell Area      ( um^2) : 0.00

------ Design Statistics:

Number of Instances            : 22849
Number of Non-uniquified Insts : 22819
Number of Nets                 : 24322
Average number of Pins per Net : 3.29
Maximum number of Pins in Net  : 4641

------ I/O Port summary

Number of Primary I/O Ports    : 157
Number of Input Ports          : 54
Number of Output Ports         : 103
Number of Bidirectional Ports  : 0
Number of Power/Ground Ports   : 0
Number of Floating Ports                     *: 25
Number of Ports Connected to Multiple Pads   *: 0
Number of Ports Connected to Core Instances   : 132
**WARN: (IMPREPO-200):	There are 25 Floating Ports in the top design.
**WARN: (IMPREPO-202):	There are 132 Ports connected to core instances.

------ Design Rule Checking:

Number of Output Pins connect to Power/Ground *: 0
Number of Insts with Input Pins tied together ?: 4
Number of TieHi/Lo term nets not connected to instance's PG terms ?: 0
**WARN: (IMPDB-2136):	Input term 'SN' of  instance 'u_core_u_hit_capture_bridge_snapshot_q_reg[hit_level][52]' does not connect to a 'TieHi ' net. The netlist is not correct or the net for connecting tie high/low signals is not specified. To resolve this problem, check your netlist or run globalNetConnect to specify the tie high/low signal nets.
**WARN: (IMPDB-2136):	Input term 'SN' of  instance 'u_core_u_hit_capture_bridge_snapshot_q_reg[hit_level][10]' does not connect to a 'TieHi ' net. The netlist is not correct or the net for connecting tie high/low signals is not specified. To resolve this problem, check your netlist or run globalNetConnect to specify the tie high/low signal nets.
**WARN: (IMPDB-2136):	Input term 'SN' of  instance 'u_core_u_hit_capture_bridge_snapshot_q_reg[hit_level][13]' does not connect to a 'TieHi ' net. The netlist is not correct or the net for connecting tie high/low signals is not specified. To resolve this problem, check your netlist or run globalNetConnect to specify the tie high/low signal nets.
**WARN: (IMPDB-2136):	Input term 'SN' of  instance 'u_core_u_hit_capture_bridge_snapshot_q_reg[hit_level][43]' does not connect to a 'TieHi ' net. The netlist is not correct or the net for connecting tie high/low signals is not specified. To resolve this problem, check your netlist or run globalNetConnect to specify the tie high/low signal nets.
**WARN: (IMPDB-2136):	Input term 'SN' of  instance 'u_core_u_hit_capture_bridge_snapshot_q_reg[hit_level][42]' does not connect to a 'TieHi ' net. The netlist is not correct or the net for connecting tie high/low signals is not specified. To resolve this problem, check your netlist or run globalNetConnect to specify the tie high/low signal nets.
**WARN: (IMPDB-2136):	Input term 'SN' of  instance 'u_core_u_hit_capture_bridge_snapshot_q_reg[hit_level][41]' does not connect to a 'TieHi ' net. The netlist is not correct or the net for connecting tie high/low signals is not specified. To resolve this problem, check your netlist or run globalNetConnect to specify the tie high/low signal nets.
**WARN: (IMPDB-2136):	Input term 'SN' of  instance 'u_core_u_hit_capture_bridge_snapshot_q_reg[hit_level][32]' does not connect to a 'TieHi ' net. The netlist is not correct or the net for connecting tie high/low signals is not specified. To resolve this problem, check your netlist or run globalNetConnect to specify the tie high/low signal nets.
**WARN: (IMPDB-2136):	Input term 'SN' of  instance 'u_core_u_hit_capture_bridge_snapshot_q_reg[hit_level][30]' does not connect to a 'TieHi ' net. The netlist is not correct or the net for connecting tie high/low signals is not specified. To resolve this problem, check your netlist or run globalNetConnect to specify the tie high/low signal nets.
**WARN: (IMPDB-2136):	Input term 'SN' of  instance 'u_core_u_hit_capture_bridge_snapshot_q_reg[hit_level][55]' does not connect to a 'TieHi ' net. The netlist is not correct or the net for connecting tie high/low signals is not specified. To resolve this problem, check your netlist or run globalNetConnect to specify the tie high/low signal nets.
**WARN: (IMPDB-2136):	Input term 'SN' of  instance 'u_core_u_hit_capture_bridge_snapshot_q_reg[hit_level][54]' does not connect to a 'TieHi ' net. The netlist is not correct or the net for connecting tie high/low signals is not specified. To resolve this problem, check your netlist or run globalNetConnect to specify the tie high/low signal nets.
**WARN: (IMPDB-2136):	Input term 'SN' of  instance 'u_core_u_hit_capture_bridge_snapshot_q_reg[hit_level][21]' does not connect to a 'TieHi ' net. The netlist is not correct or the net for connecting tie high/low signals is not specified. To resolve this problem, check your netlist or run globalNetConnect to specify the tie high/low signal nets.
**WARN: (IMPDB-2136):	Input term 'SN' of  instance 'u_core_u_hit_capture_bridge_snapshot_q_reg[hit_level][40]' does not connect to a 'TieHi ' net. The netlist is not correct or the net for connecting tie high/low signals is not specified. To resolve this problem, check your netlist or run globalNetConnect to specify the tie high/low signal nets.
**WARN: (IMPDB-2136):	Input term 'SN' of  instance 'u_core_u_hit_capture_bridge_snapshot_q_reg[hit_level][37]' does not connect to a 'TieHi ' net. The netlist is not correct or the net for connecting tie high/low signals is not specified. To resolve this problem, check your netlist or run globalNetConnect to specify the tie high/low signal nets.
**WARN: (IMPDB-2136):	Input term 'SN' of  instance 'u_core_u_hit_capture_bridge_snapshot_q_reg[hit_level][36]' does not connect to a 'TieHi ' net. The netlist is not correct or the net for connecting tie high/low signals is not specified. To resolve this problem, check your netlist or run globalNetConnect to specify the tie high/low signal nets.
**WARN: (IMPDB-2136):	Input term 'SN' of  instance 'u_core_u_hit_capture_bridge_snapshot_q_reg[hit_level][33]' does not connect to a 'TieHi ' net. The netlist is not correct or the net for connecting tie high/low signals is not specified. To resolve this problem, check your netlist or run globalNetConnect to specify the tie high/low signal nets.
**WARN: (IMPDB-2136):	Input term 'SN' of  instance 'u_core_u_hit_capture_bridge_snapshot_q_reg[hit_level][28]' does not connect to a 'TieHi ' net. The netlist is not correct or the net for connecting tie high/low signals is not specified. To resolve this problem, check your netlist or run globalNetConnect to specify the tie high/low signal nets.
**WARN: (IMPDB-2136):	Input term 'SN' of  instance 'u_core_u_hit_capture_bridge_snapshot_q_reg[hit_level][20]' does not connect to a 'TieHi ' net. The netlist is not correct or the net for connecting tie high/low signals is not specified. To resolve this problem, check your netlist or run globalNetConnect to specify the tie high/low signal nets.
**WARN: (IMPDB-2136):	Input term 'SN' of  instance 'u_core_u_hit_capture_bridge_snapshot_q_reg[hit_level][19]' does not connect to a 'TieHi ' net. The netlist is not correct or the net for connecting tie high/low signals is not specified. To resolve this problem, check your netlist or run globalNetConnect to specify the tie high/low signal nets.
**WARN: (IMPDB-2136):	Input term 'SN' of  instance 'u_core_u_hit_capture_bridge_snapshot_q_reg[hit_level][18]' does not connect to a 'TieHi ' net. The netlist is not correct or the net for connecting tie high/low signals is not specified. To resolve this problem, check your netlist or run globalNetConnect to specify the tie high/low signal nets.
**WARN: (IMPDB-2136):	Input term 'SN' of  instance 'u_core_u_hit_capture_bridge_snapshot_q_reg[hit_level][16]' does not connect to a 'TieHi ' net. The netlist is not correct or the net for connecting tie high/low signals is not specified. To resolve this problem, check your netlist or run globalNetConnect to specify the tie high/low signal nets.
**WARN: (EMS-27):	Message (IMPDB-2136) has exceeded the current message display limit of 20.
To increase the message display limit, refer to the product command reference manual.
Number of Input/InOut Floating Pins            : 128
Number of Output Floating Pins                 : 0
Number of Output Term Marked TieHi/Lo         *: 0

**WARN: (IMPREPO-216):	There are 4 Instances with input pins tied together.
**WARN: (IMPREPO-218):	There are 128 Floating Instance terminals.
Number of nets with tri-state drivers          : 0
Number of nets with parallel drivers           : 0
Number of nets with multiple drivers           : 0
Number of nets with no driver (No FanIn)       : 9
Number of Output Floating nets (No FanOut)     : 1159
Number of High Fanout nets (>50)               : 16
**WARN: (IMPREPO-227):	There are 16 High Fanout nets (>50).
**WARN: (IMPREPO-212):	There are 25 Floating I/O Pins.
**WARN: (IMPREPO-213):	There are 132 I/O Pins connected to Non-IO Insts.
Checking for any assigns in the netlist...
Assigns in module mptdc_osc_stub_NE8_1287
  phase[3] phase[7]
  phase[2] phase[6]
  phase[1] phase[5]
  phase[0] phase[4]
Assigns in module mptdc_osc_stub_NE8
  phase[3] phase[7]
  phase[2] phase[6]
  phase[1] phase[5]
  phase[0] phase[4]
  phase0_guard_o phase[4]
Assigns in module mptdc_top_asic
  csr_ready_o 1b'1
  acq_data_o[17] acq_data_o[16] acq_data_o[15] acq_data_o[14] acq_data_o[13] acq_data_o[12] acq_data_o[11] acq_data_o[6] 1b'0
Checking routing tracks.....
Checking other grids.....
Checking FINFET Grid is on Manufacture Grid.....

Checking core/die box is on Grid.....

Checking snap rule ......

Checking Row is on grid......

Checking AreaIO row.....
Checking routing blockage.....
Checking components.....
Checking constraints (guide/region/fence).....
Checking groups.....
Checking Ptn Core Box.....

Checking Preroutes.....
No. of regular pre-routes not on tracks : 0 
 Design check done.
Report saved in file checkDesign/mptdc_top_asic.main.htm.ascii

*** Summary of all messages that are not suppressed in this session:
Severity  ID               Count  Summary                                  
WARNING   IMPDB-2136         128  %s term '%s' of %s instance '%s' does no...
WARNING   IMPREPO-227          1  There are %d High Fanout nets (>50).     
WARNING   IMPREPO-200          1  There are %d Floating Ports in the top d...
WARNING   IMPREPO-202          1  There are %d Ports connected to core ins...
WARNING   IMPREPO-212          1  There are %d Floating I/O Pins.          
WARNING   IMPREPO-213          1  There are %d I/O Pins connected to Non-I...
WARNING   IMPREPO-216          1  There are %d Instances with input pins t...
WARNING   IMPREPO-218          1  There are %d Floating Instance terminals...
*** Message Summary: 135 warning(s), 0 error(s)

