Usage: (25.4%H 35.3%V) = (5.145e+05um 5.833e+05um) = (114839 130198)
Overflow: 233 = 20 (0.04% H) + 214 (0.46% V)

Congestion distribution:

Remain	cntH		cntV
--------------------------------------
 -4:	0	 0.00%	1	 0.00%
 -3:	1	 0.00%	6	 0.01%
 -2:	2	 0.00%	25	 0.05%
 -1:	15	 0.03%	166	 0.36%
--------------------------------------
  0:	177	 0.38%	487	 1.06%
  1:	690	 1.50%	1302	 2.83%
  2:	1964	 4.27%	2772	 6.02%
  3:	3832	 8.33%	4836	10.51%
  4:	5943	12.92%	7183	15.61%
  5:	33386	72.56%	29232	63.53%
[hotspot] +------------+---------------+---------------+
[hotspot] |            |   max hotspot | total hotspot |
[hotspot] +------------+---------------+---------------+
[hotspot] | normalized |          0.00 |          0.00 |
[hotspot] +------------+---------------+---------------+
Local HotSpot Analysis: normalized max congestion hotspot area = 0.00, normalized total congestion hotspot area = 0.00 (area is in unit of 4 std-cell row bins)
