# Excerpt from /sim/ksabra/SPADMIC_work/genus/genus_matrix_ooc_rerun_20260630_1009/matrix_reset_ctrl/reports/qor/report_qor.rpt
# First 220 lines
============================================================
  Generated by:           Genus(TM) Synthesis Solution 22.13-s093_1
  Generated on:           Jun 30 2026  10:27:19 am
  Module:                 spadmic_matrix_reset_ctrl
  Operating conditions:   typ_1_80V_25C 
  Interconnect mode:      global
  Area mode:              physical library
============================================================

Timing
--------

 Clock  Period 
---------------
clk_sys 6250.0 


  Cost    Critical         Violating 
 Group   Path Slack  TNS     Paths   
-------------------------------------
clk_sys      2493.6   0.0          0 
default    No paths   0.0            
-------------------------------------
Total                 0.0          0 

Instance Count
--------------
Leaf Instance Count             659 
Physical Instance count           0 
Sequential Instance Count       211 
Combinational Instance Count    448 
Hierarchical Instance Count       0 

Area
----
Cell Area                          18542.541
Physical Cell Area                 0.000
Total Cell Area (Cell+Physical)    18542.541
Net Area                           9428.707
Total Area (Cell+Physical+Net)     27971.248

Max Fanout                         211 (clk_sys)
Min Fanout                         0 (rst_n)
Average Fanout                     2.0
Terms to net ratio                 3.0276
Terms to instance ratio            4.0015
Runtime                            36.662952 seconds
Elapsed Runtime                    36 seconds
Genus peak memory usage            1890.07 
Innovus peak memory usage          no_value 
Hostname                           lyoelectrosrv01.in2p3.fr
