# O1 RO_tune4 LEF Export
date: 2026-05-28T11:08:58+02:00
hostname: lyoelectrosrv01.in2p3.fr
repo: /home/validmgr/ksabra/2026_SPAD/SPADMIC
branch: SPADMIC_TOP
head: ccf5b21026b07e1e10899fb5ddc27302c9cbad07

No existing LEF found under /group/validmgr/PROJET/Prj_xh018/spadmic/TOPLEVEL
Available tool probes:
abstract   /eda/cadence/2023-24/RHELx86/IC_23.10.020/tools/dfII/bin/abstract
virtuoso   /eda/cadence/2023-24/RHELx86/IC_23.10.020/tools/dfII/bin/virtuoso
si         /eda/cadence/2023-24/RHELx86/IC_23.10.020/tools/dfII/bin/si
lefout     /eda/cadence/2023-24/RHELx86/IC_23.10.020/tools/dfII/bin/lefout
# O1 RO_tune4 LEF Export Summary

- Run ID: `20260528_o1_export_ro_tune4_lef`
- Git HEAD: `ccf5b21026b07e1e10899fb5ddc27302c9cbad07`
- OA abstract: `/group/validmgr/PROJET/Prj_xh018/spadmic/TOPLEVEL/RO_tune4/abstract`
- Output LEF: `/home/validmgr/ksabra/2026_SPAD/SPADMIC/results/osc_pd/20260528_o1_export_ro_tune4_lef/real_abstract_lef/RO_tune4_real_abstract.lef`

LEF_EXPORT_STATUS=FAILED
O1A_REAL_ABSTRACT_RUN_BLOCKED=YES
REASON=No existing LEF found and automatic OA-to-LEF export is not enabled or not available

Files:
- present: `lef_candidates.txt`
- present: `available_export_tools.txt`
- missing: `RO_tune4_real_abstract.lef`
- missing: `lef_macro_summary.txt`
- missing: `lef_pin_summary.csv`
- missing: `lef_obs_summary.txt`
- present: `analog_designer_lef_request.md`
