============================================================
  Generated by:           Genus(TM) Synthesis Solution 22.13-s093_1
  Generated on:           May 18 2026  02:59:26 pm
  Module:                 mptdc_top_asic
  Operating conditions:   slow_1_62V_125C 
  Interconnect mode:      global
  Area mode:              physical library
============================================================


Path 1: VIOLATED (-5380 ps) Setup Check with Pin u_core_u_narrow_tx_t_raw_ps_q_reg[12]/clk->d
           View: wc_view
          Group: clk_sys
     Startpoint: (R) u_core_u_narrow_tx_slow_boundary_inc_q_reg/clk
          Clock: (R) clk_sys
       Endpoint: (R) u_core_u_narrow_tx_t_raw_ps_q_reg[12]/d
          Clock: (R) clk_sys

                     Capture       Launch     
        Clock Edge:+    6250            0     
       Src Latency:+       0            0     
       Net Latency:+       0 (I)        0 (I) 
           Arrival:=    6250            0     
                                              
             Setup:-     687                  
       Uncertainty:-     300                  
     Required Time:=    5263                  
      Launch Clock:-       0                  
         Data Path:-   10642                  
             Slack:=   -5380                  

#-------------------------------------------------------------------------------------------------------------------------------------------------------------------------------------
#                                           Timing Point                                            Flags    Arc    Edge       Cell         Fanout  Load Trans Delay Arrival Instance 
#                                                                                                                                                   (fF)  (ps)  (ps)   (ps)  Location 
#-------------------------------------------------------------------------------------------------------------------------------------------------------------------------------------
  u_core_u_narrow_tx_slow_boundary_inc_q_reg/clk                                                    -       -       R     (arrival)           3029     -   150     0       0    (-,-) 
  u_core_u_narrow_tx_slow_boundary_inc_q_reg/q                                                      (u)     clk->q  F     unmapped_d_flop        5  56.0     0  1425    1425    (-,-) 
  g18571/z                                                                                          (u)     in_1->z F     unmapped_or2           6  67.2     0   458    1883    (-,-) 
  g20071/z                                                                                          (u)     in_1->z R     unmapped_nand2        12 134.4     0   615    2498    (-,-) 
  csa_tree_u_core_u_narrow_tx_vernier_tconv_ps_196_25_vernier_coef_325_28_sub0032025_groupi/g1287/z (u)     in_1->z F     unmapped_complex2      1  11.2     0   231    2729    (-,-) 
  csa_tree_u_core_u_narrow_tx_vernier_tconv_ps_196_25_vernier_coef_325_28_sub0032025_groupi/g1288/z (u)     in_1->z R     unmapped_nand2         4  44.8     0   373    3102    (-,-) 
  csa_tree_u_core_u_narrow_tx_vernier_tconv_ps_196_25_vernier_coef_325_28_sub0032025_groupi/g1203/z (u)     in_1->z F     unmapped_complex2      1  11.2     0   231    3333    (-,-) 
  csa_tree_u_core_u_narrow_tx_vernier_tconv_ps_196_25_vernier_coef_325_28_sub0032025_groupi/g1204/z (u)     in_1->z R     unmapped_nand2         2  22.4     0   278    3611    (-,-) 
  csa_tree_u_core_u_narrow_tx_vernier_tconv_ps_196_25_vernier_coef_325_28_sub0032025_groupi/g1139/z (u)     in_1->z R     unmapped_complex2      1  11.2     0   231    3842    (-,-) 
  csa_tree_u_core_u_narrow_tx_vernier_tconv_ps_196_25_vernier_coef_325_28_sub0032025_groupi/g1140/z (u)     in_1->z F     unmapped_nand2         2  22.4     0   278    4120    (-,-) 
  csa_tree_u_core_u_narrow_tx_vernier_tconv_ps_196_25_vernier_coef_325_28_sub0032025_groupi/g1113/z (u)     in_1->z F     unmapped_or2           2  22.4     0   278    4398    (-,-) 
  csa_tree_u_core_u_narrow_tx_vernier_tconv_ps_196_25_vernier_coef_325_28_sub0032025_groupi/g1085/z (u)     in_0->z R     unmapped_nand2         1  11.2     0   231    4630    (-,-) 
  csa_tree_u_core_u_narrow_tx_vernier_tconv_ps_196_25_vernier_coef_325_28_sub0032025_groupi/g1078/z (u)     in_0->z F     unmapped_nand2         3  33.6     0   327    4956    (-,-) 
  csa_tree_u_core_u_narrow_tx_vernier_tconv_ps_196_25_vernier_coef_325_28_sub0032025_groupi/g1070/z (u)     in_1->z R     unmapped_nand2         1  11.2     0   231    5188    (-,-) 
  csa_tree_u_core_u_narrow_tx_vernier_tconv_ps_196_25_vernier_coef_325_28_sub0032025_groupi/g1063/z (u)     in_0->z F     unmapped_nand2         3  33.6     0   327    5514    (-,-) 
  csa_tree_u_core_u_narrow_tx_vernier_tconv_ps_196_25_vernier_coef_325_28_sub0032025_groupi/g1060/z (u)     in_1->z R     unmapped_nand2         1  11.2     0   231    5745    (-,-) 
  csa_tree_u_core_u_narrow_tx_vernier_tconv_ps_196_25_vernier_coef_325_28_sub0032025_groupi/g1055/z (u)     in_0->z F     unmapped_nand2         3  33.6     0   327    6072    (-,-) 
  csa_tree_u_core_u_narrow_tx_vernier_tconv_ps_196_25_vernier_coef_325_28_sub0032025_groupi/g1053/z (u)     in_1->z R     unmapped_nand2         1  11.2     0   231    6303    (-,-) 
  csa_tree_u_core_u_narrow_tx_vernier_tconv_ps_196_25_vernier_coef_325_28_sub0032025_groupi/g1048/z (u)     in_0->z F     unmapped_nand2         6  67.2     0   458    6761    (-,-) 
  csa_tree_u_core_u_narrow_tx_vernier_tconv_ps_196_25_vernier_coef_325_28_sub0032025_groupi/g1041/z (u)     in_1->z R     unmapped_nand2         1  11.2     0   231    6993    (-,-) 
  csa_tree_u_core_u_narrow_tx_vernier_tconv_ps_196_25_vernier_coef_325_28_sub0032025_groupi/g1038/z (u)     in_1->z F     unmapped_nand2         2  22.4     0   278    7271    (-,-) 
  csa_tree_u_core_u_narrow_tx_vernier_tconv_ps_196_25_vernier_coef_325_28_sub0032025_groupi/g1028/z (u)     in_0->z F     unmapped_or2           1  11.2     0   231    7502    (-,-) 
  csa_tree_u_core_u_narrow_tx_vernier_tconv_ps_196_25_vernier_coef_325_28_sub0032025_groupi/g1029/z (u)     in_1->z R     unmapped_nand2         8  89.6     0   544    8046    (-,-) 
  g50696/z                                                                                          (u)     in_1->z R     unmapped_or2           3  33.6     0   327    8372    (-,-) 
  g70367/z                                                                                          (u)     in_1->z F     unmapped_complex2      2  22.4     0   278    8650    (-,-) 
  g67835/z                                                                                          (u)     in_0->z R     unmapped_nand2         1  11.2     0   231    8882    (-,-) 
  g36554/z                                                                                          (u)     in_1->z R     unmapped_complex2      3  33.6     0   327    9208    (-,-) 
  g56663/z                                                                                          (u)     in_1->z F     unmapped_nand2         1  11.2     0   231    9440    (-,-) 
  g56649/z                                                                                          (u)     in_1->z R     unmapped_nand2         2  22.4     0   278    9718    (-,-) 
  g72945/z                                                                                          (u)     in_0->z F     unmapped_complex2      1  11.2     0   231    9949    (-,-) 
  g56585/z                                                                                          (u)     in_1->z R     unmapped_nand2         1  11.2     0   231   10180    (-,-) 
  g56532/z                                                                                          (u)     in_0->z F     unmapped_complex2      1  11.2     0   231   10411    (-,-) 
  g56478/z                                                                                          (u)     in_0->z R     unmapped_nand2         1  11.2     0   231   10642    (-,-) 
  u_core_u_narrow_tx_t_raw_ps_q_reg[12]/d                                                           -       -       R     unmapped_d_flop        1     -     -     0   10642    (-,-) 
#-------------------------------------------------------------------------------------------------------------------------------------------------------------------------------------

(u) : Net has unmapped pin(s).



Path 2: VIOLATED (-5314 ps) Setup Check with Pin u_core_u_narrow_tx_t_raw_ps_q_reg[15]/clk->d
           View: wc_view
          Group: clk_sys
     Startpoint: (R) u_core_u_narrow_tx_nslow_q_reg[1]/clk
          Clock: (R) clk_sys
       Endpoint: (R) u_core_u_narrow_tx_t_raw_ps_q_reg[15]/d
          Clock: (R) clk_sys

                     Capture       Launch     
        Clock Edge:+    6250            0     
       Src Latency:+       0            0     
       Net Latency:+       0 (I)        0 (I) 
           Arrival:=    6250            0     
                                              
             Setup:-     687                  
       Uncertainty:-     300                  
     Required Time:=    5263                  
      Launch Clock:-       0                  
         Data Path:-   10577                  
             Slack:=   -5314                  

#-------------------------------------------------------------------------------------------------------------------------------------------------------------------------------------
#                                           Timing Point                                            Flags    Arc    Edge       Cell         Fanout  Load Trans Delay Arrival Instance 
#                                                                                                                                                   (fF)  (ps)  (ps)   (ps)  Location 
#-------------------------------------------------------------------------------------------------------------------------------------------------------------------------------------
  u_core_u_narrow_tx_nslow_q_reg[1]/clk                                                             -       -       R     (arrival)           3029     -   150     0       0    (-,-) 
  u_core_u_narrow_tx_nslow_q_reg[1]/q                                                               (u)     clk->q  R     unmapped_d_flop        9 100.8     0  1570    1570    (-,-) 
  g20066/z                                                                                          (u)     in_0->z F     unmapped_complex2      1  11.2     0   231    1801    (-,-) 
  g20058/z                                                                                          (u)     in_0->z F     unmapped_complex2      1  11.2     0   231    2032    (-,-) 
  g20051/z                                                                                          (u)     in_1->z F     unmapped_or2           1  11.2     0   231    2263    (-,-) 
  g20045/z                                                                                          (u)     in_1->z R     unmapped_nand2         1  11.2     0   231    2495    (-,-) 
  g20035/z                                                                                          (u)     in_1->z R     unmapped_complex2     10 112.0     0   580    3075    (-,-) 
  csa_tree_u_core_u_narrow_tx_vernier_tconv_ps_196_25_vernier_coef_325_28_sub0032025_groupi/g759/z  (u)     in_0->z R     unmapped_complex2      1  11.2     0   231    3306    (-,-) 
  csa_tree_u_core_u_narrow_tx_vernier_tconv_ps_196_25_vernier_coef_325_28_sub0032025_groupi/g1247/z (u)     in_0->z F     unmapped_nand2         1  11.2     0   231    3537    (-,-) 
  csa_tree_u_core_u_narrow_tx_vernier_tconv_ps_196_25_vernier_coef_325_28_sub0032025_groupi/g1219/z (u)     in_0->z R     unmapped_nand2         3  33.6     0   327    3864    (-,-) 
  csa_tree_u_core_u_narrow_tx_vernier_tconv_ps_196_25_vernier_coef_325_28_sub0032025_groupi/g1199/z (u)     in_0->z F     unmapped_complex2      1  11.2     0   231    4095    (-,-) 
  csa_tree_u_core_u_narrow_tx_vernier_tconv_ps_196_25_vernier_coef_325_28_sub0032025_groupi/g1200/z (u)     in_1->z R     unmapped_nand2         2  22.4     0   278    4373    (-,-) 
  csa_tree_u_core_u_narrow_tx_vernier_tconv_ps_196_25_vernier_coef_325_28_sub0032025_groupi/g1146/z (u)     in_0->z R     unmapped_complex2      1  11.2     0   231    4604    (-,-) 
  csa_tree_u_core_u_narrow_tx_vernier_tconv_ps_196_25_vernier_coef_325_28_sub0032025_groupi/g1147/z (u)     in_1->z F     unmapped_nand2         3  33.6     0   327    4931    (-,-) 
  csa_tree_u_core_u_narrow_tx_vernier_tconv_ps_196_25_vernier_coef_325_28_sub0032025_groupi/g1129/z (u)     in_0->z R     unmapped_complex2      1  11.2     0   231    5162    (-,-) 
  csa_tree_u_core_u_narrow_tx_vernier_tconv_ps_196_25_vernier_coef_325_28_sub0032025_groupi/g1130/z (u)     in_1->z F     unmapped_nand2         2  22.4     0   278    5440    (-,-) 
  csa_tree_u_core_u_narrow_tx_vernier_tconv_ps_196_25_vernier_coef_325_28_sub0032025_groupi/g1092/z (u)     in_1->z F     unmapped_or2           3  33.6     0   327    5767    (-,-) 
  csa_tree_u_core_u_narrow_tx_vernier_tconv_ps_196_25_vernier_coef_325_28_sub0032025_groupi/g1065/z (u)     in_1->z R     unmapped_complex2      1  11.2     0   231    5998    (-,-) 
  csa_tree_u_core_u_narrow_tx_vernier_tconv_ps_196_25_vernier_coef_325_28_sub0032025_groupi/g1064/z (u)     in_0->z F     unmapped_nand2         2  22.4     0   278    6276    (-,-) 
  csa_tree_u_core_u_narrow_tx_vernier_tconv_ps_196_25_vernier_coef_325_28_sub0032025_groupi/g1061/z (u)     in_1->z R     unmapped_nand2         1  11.2     0   231    6508    (-,-) 
  csa_tree_u_core_u_narrow_tx_vernier_tconv_ps_196_25_vernier_coef_325_28_sub0032025_groupi/g1054/z (u)     in_1->z F     unmapped_nand2         2  22.4     0   278    6786    (-,-) 
  csa_tree_u_core_u_narrow_tx_vernier_tconv_ps_196_25_vernier_coef_325_28_sub0032025_groupi/g1052/z (u)     in_1->z R     unmapped_nand2         1  11.2     0   231    7017    (-,-) 
  csa_tree_u_core_u_narrow_tx_vernier_tconv_ps_196_25_vernier_coef_325_28_sub0032025_groupi/g1047/z (u)     in_0->z F     unmapped_nand2         1  11.2     0   231    7248    (-,-) 
  csa_tree_u_core_u_narrow_tx_vernier_tconv_ps_196_25_vernier_coef_325_28_sub0032025_groupi/g1039/z (u)     in_1->z F     unmapped_complex2      3  33.6     0   327    7575    (-,-) 
  csa_tree_u_core_u_narrow_tx_vernier_tconv_ps_196_25_vernier_coef_325_28_sub0032025_groupi/g1034/z (u)     in_0->z F     unmapped_or2           1  11.2     0   231    7806    (-,-) 
  csa_tree_u_core_u_narrow_tx_vernier_tconv_ps_196_25_vernier_coef_325_28_sub0032025_groupi/g1035/z (u)     in_1->z R     unmapped_nand2         7  78.4     0   501    8307    (-,-) 
  g72426/z                                                                                          (u)     in_0->z F     unmapped_nand2         1  11.2     0   231    8538    (-,-) 
  g67989/z                                                                                          (u)     in_1->z R     unmapped_complex2      2  22.4     0   278    8816    (-,-) 
  g65882/z                                                                                          (u)     in_0->z F     unmapped_nand2         1  11.2     0   231    9047    (-,-) 
  g65616/z                                                                                          (u)     in_0->z R     unmapped_complex2      1  11.2     0   231    9279    (-,-) 
  g56637/z                                                                                          (u)     in_1->z R     unmapped_or2           3  33.6     0   327    9605    (-,-) 
  g56597/z                                                                                          (u)     in_1->z F     unmapped_nand2         2  22.4     0   278    9883    (-,-) 
  g56562/z                                                                                          (u)     in_1->z R     unmapped_nand2         1  11.2     0   231   10115    (-,-) 
  g56481/z                                                                                          (u)     in_0->z F     unmapped_complex2      1  11.2     0   231   10346    (-,-) 
  g56436/z                                                                                          (u)     in_1->z R     unmapped_complex2      1  11.2     0   231   10577    (-,-) 
  u_core_u_narrow_tx_t_raw_ps_q_reg[15]/d                                                           -       -       R     unmapped_d_flop        1     -     -     0   10577    (-,-) 
#-------------------------------------------------------------------------------------------------------------------------------------------------------------------------------------

(u) : Net has unmapped pin(s).



Path 3: VIOLATED (-5284 ps) Setup Check with Pin u_core_u_narrow_tx_t_raw_ps_q_reg[13]/clk->d
           View: wc_view
          Group: clk_sys
     Startpoint: (R) u_core_u_narrow_tx_slow_boundary_inc_q_reg/clk
          Clock: (R) clk_sys
       Endpoint: (R) u_core_u_narrow_tx_t_raw_ps_q_reg[13]/d
          Clock: (R) clk_sys

                     Capture       Launch     
        Clock Edge:+    6250            0     
       Src Latency:+       0            0     
       Net Latency:+       0 (I)        0 (I) 
           Arrival:=    6250            0     
                                              
             Setup:-     687                  
       Uncertainty:-     300                  
     Required Time:=    5263                  
      Launch Clock:-       0                  
         Data Path:-   10547                  
             Slack:=   -5284                  

#-------------------------------------------------------------------------------------------------------------------------------------------------------------------------------------
#                                           Timing Point                                            Flags    Arc    Edge       Cell         Fanout  Load Trans Delay Arrival Instance 
#                                                                                                                                                   (fF)  (ps)  (ps)   (ps)  Location 
#-------------------------------------------------------------------------------------------------------------------------------------------------------------------------------------
  u_core_u_narrow_tx_slow_boundary_inc_q_reg/clk                                                    -       -       R     (arrival)           3029     -   150     0       0    (-,-) 
  u_core_u_narrow_tx_slow_boundary_inc_q_reg/q                                                      (u)     clk->q  F     unmapped_d_flop        5  56.0     0  1425    1425    (-,-) 
  g18571/z                                                                                          (u)     in_1->z F     unmapped_or2           6  67.2     0   458    1883    (-,-) 
  g20071/z                                                                                          (u)     in_1->z R     unmapped_nand2        12 134.4     0   615    2498    (-,-) 
  csa_tree_u_core_u_narrow_tx_vernier_tconv_ps_196_25_vernier_coef_325_28_sub0032025_groupi/g1287/z (u)     in_1->z F     unmapped_complex2      1  11.2     0   231    2729    (-,-) 
  csa_tree_u_core_u_narrow_tx_vernier_tconv_ps_196_25_vernier_coef_325_28_sub0032025_groupi/g1288/z (u)     in_1->z R     unmapped_nand2         4  44.8     0   373    3102    (-,-) 
  csa_tree_u_core_u_narrow_tx_vernier_tconv_ps_196_25_vernier_coef_325_28_sub0032025_groupi/g1203/z (u)     in_1->z F     unmapped_complex2      1  11.2     0   231    3333    (-,-) 
  csa_tree_u_core_u_narrow_tx_vernier_tconv_ps_196_25_vernier_coef_325_28_sub0032025_groupi/g1204/z (u)     in_1->z R     unmapped_nand2         2  22.4     0   278    3611    (-,-) 
  csa_tree_u_core_u_narrow_tx_vernier_tconv_ps_196_25_vernier_coef_325_28_sub0032025_groupi/g1139/z (u)     in_1->z R     unmapped_complex2      1  11.2     0   231    3842    (-,-) 
  csa_tree_u_core_u_narrow_tx_vernier_tconv_ps_196_25_vernier_coef_325_28_sub0032025_groupi/g1140/z (u)     in_1->z F     unmapped_nand2         2  22.4     0   278    4120    (-,-) 
  csa_tree_u_core_u_narrow_tx_vernier_tconv_ps_196_25_vernier_coef_325_28_sub0032025_groupi/g1113/z (u)     in_1->z F     unmapped_or2           2  22.4     0   278    4398    (-,-) 
  csa_tree_u_core_u_narrow_tx_vernier_tconv_ps_196_25_vernier_coef_325_28_sub0032025_groupi/g1085/z (u)     in_0->z R     unmapped_nand2         1  11.2     0   231    4630    (-,-) 
  csa_tree_u_core_u_narrow_tx_vernier_tconv_ps_196_25_vernier_coef_325_28_sub0032025_groupi/g1078/z (u)     in_0->z F     unmapped_nand2         3  33.6     0   327    4956    (-,-) 
  csa_tree_u_core_u_narrow_tx_vernier_tconv_ps_196_25_vernier_coef_325_28_sub0032025_groupi/g1070/z (u)     in_1->z R     unmapped_nand2         1  11.2     0   231    5188    (-,-) 
  csa_tree_u_core_u_narrow_tx_vernier_tconv_ps_196_25_vernier_coef_325_28_sub0032025_groupi/g1063/z (u)     in_0->z F     unmapped_nand2         3  33.6     0   327    5514    (-,-) 
  csa_tree_u_core_u_narrow_tx_vernier_tconv_ps_196_25_vernier_coef_325_28_sub0032025_groupi/g1060/z (u)     in_1->z R     unmapped_nand2         1  11.2     0   231    5745    (-,-) 
  csa_tree_u_core_u_narrow_tx_vernier_tconv_ps_196_25_vernier_coef_325_28_sub0032025_groupi/g1055/z (u)     in_0->z F     unmapped_nand2         3  33.6     0   327    6072    (-,-) 
  csa_tree_u_core_u_narrow_tx_vernier_tconv_ps_196_25_vernier_coef_325_28_sub0032025_groupi/g1053/z (u)     in_1->z R     unmapped_nand2         1  11.2     0   231    6303    (-,-) 
  csa_tree_u_core_u_narrow_tx_vernier_tconv_ps_196_25_vernier_coef_325_28_sub0032025_groupi/g1048/z (u)     in_0->z F     unmapped_nand2         6  67.2     0   458    6761    (-,-) 
  csa_tree_u_core_u_narrow_tx_vernier_tconv_ps_196_25_vernier_coef_325_28_sub0032025_groupi/g1041/z (u)     in_1->z R     unmapped_nand2         1  11.2     0   231    6993    (-,-) 
  csa_tree_u_core_u_narrow_tx_vernier_tconv_ps_196_25_vernier_coef_325_28_sub0032025_groupi/g1038/z (u)     in_1->z F     unmapped_nand2         2  22.4     0   278    7271    (-,-) 
  csa_tree_u_core_u_narrow_tx_vernier_tconv_ps_196_25_vernier_coef_325_28_sub0032025_groupi/g1028/z (u)     in_0->z F     unmapped_or2           1  11.2     0   231    7502    (-,-) 
  csa_tree_u_core_u_narrow_tx_vernier_tconv_ps_196_25_vernier_coef_325_28_sub0032025_groupi/g1029/z (u)     in_1->z R     unmapped_nand2         8  89.6     0   544    8046    (-,-) 
  g50696/z                                                                                          (u)     in_1->z R     unmapped_or2           3  33.6     0   327    8372    (-,-) 
  g70367/z                                                                                          (u)     in_1->z F     unmapped_complex2      2  22.4     0   278    8650    (-,-) 
  g67239/z                                                                                          (u)     in_0->z R     unmapped_complex2      1  11.2     0   231    8882    (-,-) 
  g56248/z                                                                                          (u)     in_1->z R     unmapped_complex2      1  11.2     0   231    9113    (-,-) 
  g56652/z                                                                                          (u)     in_0->z F     unmapped_complex2      1  11.2     0   231    9344    (-,-) 
  g56645/z                                                                                          (u)     in_0->z R     unmapped_nand2         2  22.4     0   278    9622    (-,-) 
  g72947/z                                                                                          (u)     in_0->z F     unmapped_complex2      1  11.2     0   231    9853    (-,-) 
  g56623/z                                                                                          (u)     in_1->z R     unmapped_nand2         1  11.2     0   231   10084    (-,-) 
  g56560/z                                                                                          (u)     in_0->z F     unmapped_complex2      1  11.2     0   231   10316    (-,-) 
  g56484/z                                                                                          (u)     in_0->z R     unmapped_nand2         1  11.2     0   231   10547    (-,-) 
  u_core_u_narrow_tx_t_raw_ps_q_reg[13]/d                                                           -       -       R     unmapped_d_flop        1     -     -     0   10547    (-,-) 
#-------------------------------------------------------------------------------------------------------------------------------------------------------------------------------------

(u) : Net has unmapped pin(s).



Path 4: VIOLATED (-5267 ps) Setup Check with Pin u_core_u_narrow_tx_t_raw_ps_q_reg[14]/clk->d
           View: wc_view
          Group: clk_sys
     Startpoint: (R) u_core_u_narrow_tx_nslow_q_reg[1]/clk
          Clock: (R) clk_sys
       Endpoint: (R) u_core_u_narrow_tx_t_raw_ps_q_reg[14]/d
          Clock: (R) clk_sys

                     Capture       Launch     
        Clock Edge:+    6250            0     
       Src Latency:+       0            0     
       Net Latency:+       0 (I)        0 (I) 
           Arrival:=    6250            0     
                                              
             Setup:-     687                  
       Uncertainty:-     300                  
     Required Time:=    5263                  
      Launch Clock:-       0                  
         Data Path:-   10530                  
             Slack:=   -5267                  

#-------------------------------------------------------------------------------------------------------------------------------------------------------------------------------------
#                                           Timing Point                                            Flags    Arc    Edge       Cell         Fanout  Load Trans Delay Arrival Instance 
#                                                                                                                                                   (fF)  (ps)  (ps)   (ps)  Location 
#-------------------------------------------------------------------------------------------------------------------------------------------------------------------------------------
  u_core_u_narrow_tx_nslow_q_reg[1]/clk                                                             -       -       R     (arrival)           3029     -   150     0       0    (-,-) 
  u_core_u_narrow_tx_nslow_q_reg[1]/q                                                               (u)     clk->q  R     unmapped_d_flop        9 100.8     0  1570    1570    (-,-) 
  g20066/z                                                                                          (u)     in_0->z F     unmapped_complex2      1  11.2     0   231    1801    (-,-) 
  g20058/z                                                                                          (u)     in_0->z F     unmapped_complex2      1  11.2     0   231    2032    (-,-) 
  g20051/z                                                                                          (u)     in_1->z F     unmapped_or2           1  11.2     0   231    2263    (-,-) 
  g20045/z                                                                                          (u)     in_1->z R     unmapped_nand2         1  11.2     0   231    2495    (-,-) 
  g20035/z                                                                                          (u)     in_1->z R     unmapped_complex2     10 112.0     0   580    3075    (-,-) 
  csa_tree_u_core_u_narrow_tx_vernier_tconv_ps_196_25_vernier_coef_325_28_sub0032025_groupi/g759/z  (u)     in_0->z R     unmapped_complex2      1  11.2     0   231    3306    (-,-) 
  csa_tree_u_core_u_narrow_tx_vernier_tconv_ps_196_25_vernier_coef_325_28_sub0032025_groupi/g1247/z (u)     in_0->z F     unmapped_nand2         1  11.2     0   231    3537    (-,-) 
  csa_tree_u_core_u_narrow_tx_vernier_tconv_ps_196_25_vernier_coef_325_28_sub0032025_groupi/g1219/z (u)     in_0->z R     unmapped_nand2         3  33.6     0   327    3864    (-,-) 
  csa_tree_u_core_u_narrow_tx_vernier_tconv_ps_196_25_vernier_coef_325_28_sub0032025_groupi/g1199/z (u)     in_0->z F     unmapped_complex2      1  11.2     0   231    4095    (-,-) 
  csa_tree_u_core_u_narrow_tx_vernier_tconv_ps_196_25_vernier_coef_325_28_sub0032025_groupi/g1200/z (u)     in_1->z R     unmapped_nand2         2  22.4     0   278    4373    (-,-) 
  csa_tree_u_core_u_narrow_tx_vernier_tconv_ps_196_25_vernier_coef_325_28_sub0032025_groupi/g1146/z (u)     in_0->z R     unmapped_complex2      1  11.2     0   231    4604    (-,-) 
  csa_tree_u_core_u_narrow_tx_vernier_tconv_ps_196_25_vernier_coef_325_28_sub0032025_groupi/g1147/z (u)     in_1->z F     unmapped_nand2         3  33.6     0   327    4931    (-,-) 
  csa_tree_u_core_u_narrow_tx_vernier_tconv_ps_196_25_vernier_coef_325_28_sub0032025_groupi/g1129/z (u)     in_0->z R     unmapped_complex2      1  11.2     0   231    5162    (-,-) 
  csa_tree_u_core_u_narrow_tx_vernier_tconv_ps_196_25_vernier_coef_325_28_sub0032025_groupi/g1130/z (u)     in_1->z F     unmapped_nand2         2  22.4     0   278    5440    (-,-) 
  csa_tree_u_core_u_narrow_tx_vernier_tconv_ps_196_25_vernier_coef_325_28_sub0032025_groupi/g1092/z (u)     in_1->z F     unmapped_or2           3  33.6     0   327    5767    (-,-) 
  csa_tree_u_core_u_narrow_tx_vernier_tconv_ps_196_25_vernier_coef_325_28_sub0032025_groupi/g1065/z (u)     in_1->z R     unmapped_complex2      1  11.2     0   231    5998    (-,-) 
  csa_tree_u_core_u_narrow_tx_vernier_tconv_ps_196_25_vernier_coef_325_28_sub0032025_groupi/g1064/z (u)     in_0->z F     unmapped_nand2         2  22.4     0   278    6276    (-,-) 
  csa_tree_u_core_u_narrow_tx_vernier_tconv_ps_196_25_vernier_coef_325_28_sub0032025_groupi/g1061/z (u)     in_1->z R     unmapped_nand2         1  11.2     0   231    6508    (-,-) 
  csa_tree_u_core_u_narrow_tx_vernier_tconv_ps_196_25_vernier_coef_325_28_sub0032025_groupi/g1054/z (u)     in_1->z F     unmapped_nand2         2  22.4     0   278    6786    (-,-) 
  csa_tree_u_core_u_narrow_tx_vernier_tconv_ps_196_25_vernier_coef_325_28_sub0032025_groupi/g1052/z (u)     in_1->z R     unmapped_nand2         1  11.2     0   231    7017    (-,-) 
  csa_tree_u_core_u_narrow_tx_vernier_tconv_ps_196_25_vernier_coef_325_28_sub0032025_groupi/g1047/z (u)     in_0->z F     unmapped_nand2         1  11.2     0   231    7248    (-,-) 
  csa_tree_u_core_u_narrow_tx_vernier_tconv_ps_196_25_vernier_coef_325_28_sub0032025_groupi/g1039/z (u)     in_1->z F     unmapped_complex2      3  33.6     0   327    7575    (-,-) 
  csa_tree_u_core_u_narrow_tx_vernier_tconv_ps_196_25_vernier_coef_325_28_sub0032025_groupi/g1034/z (u)     in_0->z F     unmapped_or2           1  11.2     0   231    7806    (-,-) 
  csa_tree_u_core_u_narrow_tx_vernier_tconv_ps_196_25_vernier_coef_325_28_sub0032025_groupi/g1035/z (u)     in_1->z R     unmapped_nand2         7  78.4     0   501    8307    (-,-) 
  g72426/z                                                                                          (u)     in_0->z F     unmapped_nand2         1  11.2     0   231    8538    (-,-) 
  g67989/z                                                                                          (u)     in_1->z R     unmapped_complex2      2  22.4     0   278    8816    (-,-) 
  g65882/z                                                                                          (u)     in_0->z F     unmapped_nand2         1  11.2     0   231    9047    (-,-) 
  g65616/z                                                                                          (u)     in_0->z R     unmapped_complex2      1  11.2     0   231    9279    (-,-) 
  g56637/z                                                                                          (u)     in_1->z R     unmapped_or2           3  33.6     0   327    9605    (-,-) 
  g72943/z                                                                                          (u)     in_0->z F     unmapped_complex2      1  11.2     0   231    9836    (-,-) 
  g56603/z                                                                                          (u)     in_1->z R     unmapped_nand2         1  11.2     0   231   10068    (-,-) 
  g56544/z                                                                                          (u)     in_0->z F     unmapped_complex2      1  11.2     0   231   10299    (-,-) 
  g56470/z                                                                                          (u)     in_0->z R     unmapped_nand2         1  11.2     0   231   10530    (-,-) 
  u_core_u_narrow_tx_t_raw_ps_q_reg[14]/d                                                           -       -       R     unmapped_d_flop        1     -     -     0   10530    (-,-) 
#-------------------------------------------------------------------------------------------------------------------------------------------------------------------------------------

(u) : Net has unmapped pin(s).



Path 5: VIOLATED (-4870 ps) Setup Check with Pin u_core_u_narrow_tx_t_raw_ps_q_reg[11]/clk->d
           View: wc_view
          Group: clk_sys
     Startpoint: (R) u_core_u_narrow_tx_slow_boundary_inc_q_reg/clk
          Clock: (R) clk_sys
       Endpoint: (R) u_core_u_narrow_tx_t_raw_ps_q_reg[11]/d
          Clock: (R) clk_sys

                     Capture       Launch     
        Clock Edge:+    6250            0     
       Src Latency:+       0            0     
       Net Latency:+       0 (I)        0 (I) 
           Arrival:=    6250            0     
                                              
             Setup:-     687                  
       Uncertainty:-     300                  
     Required Time:=    5263                  
      Launch Clock:-       0                  
         Data Path:-   10133                  
             Slack:=   -4870                  

#-------------------------------------------------------------------------------------------------------------------------------------------------------------------------------------
#                                           Timing Point                                            Flags    Arc    Edge       Cell         Fanout  Load Trans Delay Arrival Instance 
#                                                                                                                                                   (fF)  (ps)  (ps)   (ps)  Location 
#-------------------------------------------------------------------------------------------------------------------------------------------------------------------------------------
  u_core_u_narrow_tx_slow_boundary_inc_q_reg/clk                                                    -       -       R     (arrival)           3029     -   150     0       0    (-,-) 
  u_core_u_narrow_tx_slow_boundary_inc_q_reg/q                                                      (u)     clk->q  R     unmapped_d_flop        5  56.0     0  1425    1425    (-,-) 
  g18571/z                                                                                          (u)     in_1->z R     unmapped_or2           6  67.2     0   458    1883    (-,-) 
  g20071/z                                                                                          (u)     in_1->z F     unmapped_nand2        12 134.4     0   615    2498    (-,-) 
  csa_tree_u_core_u_narrow_tx_vernier_tconv_ps_196_25_vernier_coef_325_28_sub0032025_groupi/g1287/z (u)     in_1->z R     unmapped_complex2      1  11.2     0   231    2729    (-,-) 
  csa_tree_u_core_u_narrow_tx_vernier_tconv_ps_196_25_vernier_coef_325_28_sub0032025_groupi/g1288/z (u)     in_1->z F     unmapped_nand2         4  44.8     0   373    3102    (-,-) 
  csa_tree_u_core_u_narrow_tx_vernier_tconv_ps_196_25_vernier_coef_325_28_sub0032025_groupi/g1203/z (u)     in_1->z R     unmapped_complex2      1  11.2     0   231    3333    (-,-) 
  csa_tree_u_core_u_narrow_tx_vernier_tconv_ps_196_25_vernier_coef_325_28_sub0032025_groupi/g1204/z (u)     in_1->z F     unmapped_nand2         2  22.4     0   278    3611    (-,-) 
  csa_tree_u_core_u_narrow_tx_vernier_tconv_ps_196_25_vernier_coef_325_28_sub0032025_groupi/g1139/z (u)     in_1->z F     unmapped_complex2      1  11.2     0   231    3842    (-,-) 
  csa_tree_u_core_u_narrow_tx_vernier_tconv_ps_196_25_vernier_coef_325_28_sub0032025_groupi/g1140/z (u)     in_1->z R     unmapped_nand2         2  22.4     0   278    4120    (-,-) 
  csa_tree_u_core_u_narrow_tx_vernier_tconv_ps_196_25_vernier_coef_325_28_sub0032025_groupi/g1113/z (u)     in_1->z R     unmapped_or2           2  22.4     0   278    4398    (-,-) 
  csa_tree_u_core_u_narrow_tx_vernier_tconv_ps_196_25_vernier_coef_325_28_sub0032025_groupi/g1085/z (u)     in_0->z F     unmapped_nand2         1  11.2     0   231    4630    (-,-) 
  csa_tree_u_core_u_narrow_tx_vernier_tconv_ps_196_25_vernier_coef_325_28_sub0032025_groupi/g1078/z (u)     in_0->z R     unmapped_nand2         3  33.6     0   327    4956    (-,-) 
  csa_tree_u_core_u_narrow_tx_vernier_tconv_ps_196_25_vernier_coef_325_28_sub0032025_groupi/g1070/z (u)     in_1->z F     unmapped_nand2         1  11.2     0   231    5188    (-,-) 
  csa_tree_u_core_u_narrow_tx_vernier_tconv_ps_196_25_vernier_coef_325_28_sub0032025_groupi/g1063/z (u)     in_0->z R     unmapped_nand2         3  33.6     0   327    5514    (-,-) 
  csa_tree_u_core_u_narrow_tx_vernier_tconv_ps_196_25_vernier_coef_325_28_sub0032025_groupi/g1060/z (u)     in_1->z F     unmapped_nand2         1  11.2     0   231    5745    (-,-) 
  csa_tree_u_core_u_narrow_tx_vernier_tconv_ps_196_25_vernier_coef_325_28_sub0032025_groupi/g1055/z (u)     in_0->z R     unmapped_nand2         3  33.6     0   327    6072    (-,-) 
  csa_tree_u_core_u_narrow_tx_vernier_tconv_ps_196_25_vernier_coef_325_28_sub0032025_groupi/g1053/z (u)     in_1->z F     unmapped_nand2         1  11.2     0   231    6303    (-,-) 
  csa_tree_u_core_u_narrow_tx_vernier_tconv_ps_196_25_vernier_coef_325_28_sub0032025_groupi/g1048/z (u)     in_0->z R     unmapped_nand2         6  67.2     0   458    6761    (-,-) 
  csa_tree_u_core_u_narrow_tx_vernier_tconv_ps_196_25_vernier_coef_325_28_sub0032025_groupi/g1041/z (u)     in_1->z F     unmapped_nand2         1  11.2     0   231    6993    (-,-) 
  csa_tree_u_core_u_narrow_tx_vernier_tconv_ps_196_25_vernier_coef_325_28_sub0032025_groupi/g1038/z (u)     in_1->z R     unmapped_nand2         2  22.4     0   278    7271    (-,-) 
  csa_tree_u_core_u_narrow_tx_vernier_tconv_ps_196_25_vernier_coef_325_28_sub0032025_groupi/g1028/z (u)     in_0->z R     unmapped_or2           1  11.2     0   231    7502    (-,-) 
  csa_tree_u_core_u_narrow_tx_vernier_tconv_ps_196_25_vernier_coef_325_28_sub0032025_groupi/g1029/z (u)     in_1->z F     unmapped_nand2         8  89.6     0   544    8046    (-,-) 
  g50696/z                                                                                          (u)     in_1->z F     unmapped_or2           3  33.6     0   327    8372    (-,-) 
  g70367/z                                                                                          (u)     in_1->z R     unmapped_complex2      2  22.4     0   278    8650    (-,-) 
  g67835/z                                                                                          (u)     in_0->z F     unmapped_nand2         1  11.2     0   231    8882    (-,-) 
  g36554/z                                                                                          (u)     in_1->z F     unmapped_complex2      3  33.6     0   327    9208    (-,-) 
  g56666/z                                                                                          (u)     in_0->z F     unmapped_or2           1  11.2     0   231    9440    (-,-) 
  g56667/z                                                                                          (u)     in_1->z R     unmapped_nand2         1  11.2     0   231    9671    (-,-) 
  g56650/z                                                                                          (u)     in_0->z F     unmapped_complex2      1  11.2     0   231    9902    (-,-) 
  g56586/z                                                                                          (u)     in_0->z R     unmapped_nand2         1  11.2     0   231   10133    (-,-) 
  u_core_u_narrow_tx_t_raw_ps_q_reg[11]/d                                                           -       -       R     unmapped_d_flop        1     -     -     0   10133    (-,-) 
#-------------------------------------------------------------------------------------------------------------------------------------------------------------------------------------

(u) : Net has unmapped pin(s).



Path 6: VIOLATED (-4692 ps) Setup Check with Pin u_core_u_meas_ctrl_wdt_cnt_q_reg[11]/clk->d
           View: wc_view
          Group: clk_osc_fast
     Startpoint: (R) u_core_u_meas_ctrl_wdt_cnt_q_reg[4]/clk
          Clock: (R) clk_osc_fast
       Endpoint: (R) u_core_u_meas_ctrl_wdt_cnt_q_reg[11]/d
          Clock: (R) clk_osc_fast

                     Capture       Launch     
        Clock Edge:+     900            0     
       Src Latency:+       0            0     
       Net Latency:+       0 (I)        0 (I) 
           Arrival:=     900            0     
                                              
             Setup:-     687                  
       Uncertainty:-      50                  
     Required Time:=     163                  
      Launch Clock:-       0                  
         Data Path:-    4854                  
             Slack:=   -4692                  

#--------------------------------------------------------------------------------------------------------------------------
#              Timing Point               Flags    Arc    Edge       Cell         Fanout Load Trans Delay Arrival Instance 
#                                                                                        (fF)  (ps)  (ps)   (ps)  Location 
#--------------------------------------------------------------------------------------------------------------------------
  u_core_u_meas_ctrl_wdt_cnt_q_reg[4]/clk -       -       R     (arrival)           1895    -   150     0       0    (-,-) 
  u_core_u_meas_ctrl_wdt_cnt_q_reg[4]/q   (u)     clk->q  R     unmapped_d_flop        7 78.4     0  1509    1509    (-,-) 
  g72098/z                                (u)     in_1->z F     unmapped_nand2         2 22.4     0   278    1787    (-,-) 
  g70287/z                                (u)     in_1->z F     unmapped_or2           1 11.2     0   231    2018    (-,-) 
  g67712/z                                (u)     in_1->z F     unmapped_or2           3 33.6     0   327    2345    (-,-) 
  g66227/z                                (u)     in_0->z F     unmapped_complex2      3 33.6     0   327    2672    (-,-) 
  g66163/z                                (u)     in_0->z F     unmapped_complex2      3 33.6     0   327    2998    (-,-) 
  g65734/z                                (u)     in_0->z F     unmapped_complex2      3 33.6     0   327    3325    (-,-) 
  g34368/z                                (u)     in_0->z F     unmapped_complex2      3 33.6     0   327    3652    (-,-) 
  g36207/z                                (u)     in_0->z F     unmapped_complex2      2 22.4     0   278    3930    (-,-) 
  g56858/z                                (u)     in_0->z F     unmapped_or2           1 11.2     0   231    4161    (-,-) 
  g56859/z                                (u)     in_1->z R     unmapped_nand2         1 11.2     0   231    4392    (-,-) 
  g56489/z                                (u)     in_0->z F     unmapped_complex2      1 11.2     0   231    4623    (-,-) 
  g56442/z                                (u)     in_0->z R     unmapped_nand2         1 11.2     0   231    4854    (-,-) 
  u_core_u_meas_ctrl_wdt_cnt_q_reg[11]/d  -       -       R     unmapped_d_flop        1    -     -     0    4854    (-,-) 
#--------------------------------------------------------------------------------------------------------------------------

(u) : Net has unmapped pin(s).



Path 7: VIOLATED (-4571 ps) Setup Check with Pin u_core_u_meas_ctrl_wdt_cnt_q_reg[15]/clk->d
           View: wc_view
          Group: clk_osc_fast
     Startpoint: (R) u_core_u_meas_ctrl_state_q_reg[1]/clk
          Clock: (R) clk_osc_fast
       Endpoint: (R) u_core_u_meas_ctrl_wdt_cnt_q_reg[15]/d
          Clock: (R) clk_osc_fast

                     Capture       Launch     
        Clock Edge:+     900            0     
       Src Latency:+       0            0     
       Net Latency:+       0 (I)        0 (I) 
           Arrival:=     900            0     
                                              
             Setup:-     687                  
       Uncertainty:-      50                  
     Required Time:=     163                  
      Launch Clock:-       0                  
         Data Path:-    4734                  
             Slack:=   -4571                  

#--------------------------------------------------------------------------------------------------------------------------
#             Timing Point               Flags    Arc    Edge       Cell         Fanout  Load Trans Delay Arrival Instance 
#                                                                                        (fF)  (ps)  (ps)   (ps)  Location 
#--------------------------------------------------------------------------------------------------------------------------
  u_core_u_meas_ctrl_state_q_reg[1]/clk  -       -       R     (arrival)           1895     -   150     0       0    (-,-) 
  u_core_u_meas_ctrl_state_q_reg[1]/q    (u)     clk->q  R     unmapped_d_flop        8  89.6     0  1552    1552    (-,-) 
  g18364/z                               (u)     in_1->z R     unmapped_or2           3  33.6     0   327    1878    (-,-) 
  g72699/z                               (u)     in_0->z R     unmapped_complex2     69 772.8     0  1034    2913    (-,-) 
  g72951/z                               (u)     in_1->z R     unmapped_complex2     20 224.0     0   715    3628    (-,-) 
  g56494/z                               (u)     in_0->z F     unmapped_nand2        14 156.8     0   644    4272    (-,-) 
  g72956/z                               (u)     in_0->z F     unmapped_complex2      1  11.2     0   231    4503    (-,-) 
  g56409/z                               (u)     in_1->z R     unmapped_nand2         1  11.2     0   231    4734    (-,-) 
  u_core_u_meas_ctrl_wdt_cnt_q_reg[15]/d -       -       R     unmapped_d_flop        1     -     -     0    4734    (-,-) 
#--------------------------------------------------------------------------------------------------------------------------

(u) : Net has unmapped pin(s).



Path 8: VIOLATED (-4571 ps) Setup Check with Pin u_core_u_meas_ctrl_wdt_cnt_q_reg[14]/clk->d
           View: wc_view
          Group: clk_osc_fast
     Startpoint: (R) u_core_u_meas_ctrl_state_q_reg[1]/clk
          Clock: (R) clk_osc_fast
       Endpoint: (R) u_core_u_meas_ctrl_wdt_cnt_q_reg[14]/d
          Clock: (R) clk_osc_fast

                     Capture       Launch     
        Clock Edge:+     900            0     
       Src Latency:+       0            0     
       Net Latency:+       0 (I)        0 (I) 
           Arrival:=     900            0     
                                              
             Setup:-     687                  
       Uncertainty:-      50                  
     Required Time:=     163                  
      Launch Clock:-       0                  
         Data Path:-    4734                  
             Slack:=   -4571                  

#--------------------------------------------------------------------------------------------------------------------------
#             Timing Point               Flags    Arc    Edge       Cell         Fanout  Load Trans Delay Arrival Instance 
#                                                                                        (fF)  (ps)  (ps)   (ps)  Location 
#--------------------------------------------------------------------------------------------------------------------------
  u_core_u_meas_ctrl_state_q_reg[1]/clk  -       -       R     (arrival)           1895     -   150     0       0    (-,-) 
  u_core_u_meas_ctrl_state_q_reg[1]/q    (u)     clk->q  R     unmapped_d_flop        8  89.6     0  1552    1552    (-,-) 
  g18364/z                               (u)     in_1->z R     unmapped_or2           3  33.6     0   327    1878    (-,-) 
  g72699/z                               (u)     in_0->z R     unmapped_complex2     69 772.8     0  1034    2913    (-,-) 
  g72951/z                               (u)     in_1->z R     unmapped_complex2     20 224.0     0   715    3628    (-,-) 
  g56494/z                               (u)     in_0->z F     unmapped_nand2        14 156.8     0   644    4272    (-,-) 
  g56438/z                               (u)     in_0->z F     unmapped_complex2      1  11.2     0   231    4503    (-,-) 
  g56410/z                               (u)     in_1->z R     unmapped_nand2         1  11.2     0   231    4734    (-,-) 
  u_core_u_meas_ctrl_wdt_cnt_q_reg[14]/d -       -       R     unmapped_d_flop        1     -     -     0    4734    (-,-) 
#--------------------------------------------------------------------------------------------------------------------------

(u) : Net has unmapped pin(s).



Path 9: VIOLATED (-4571 ps) Setup Check with Pin u_core_u_meas_ctrl_wdt_cnt_q_reg[13]/clk->d
           View: wc_view
          Group: clk_osc_fast
     Startpoint: (R) u_core_u_meas_ctrl_state_q_reg[1]/clk
          Clock: (R) clk_osc_fast
       Endpoint: (R) u_core_u_meas_ctrl_wdt_cnt_q_reg[13]/d
          Clock: (R) clk_osc_fast

                     Capture       Launch     
        Clock Edge:+     900            0     
       Src Latency:+       0            0     
       Net Latency:+       0 (I)        0 (I) 
           Arrival:=     900            0     
                                              
             Setup:-     687                  
       Uncertainty:-      50                  
     Required Time:=     163                  
      Launch Clock:-       0                  
         Data Path:-    4734                  
             Slack:=   -4571                  

#--------------------------------------------------------------------------------------------------------------------------
#             Timing Point               Flags    Arc    Edge       Cell         Fanout  Load Trans Delay Arrival Instance 
#                                                                                        (fF)  (ps)  (ps)   (ps)  Location 
#--------------------------------------------------------------------------------------------------------------------------
  u_core_u_meas_ctrl_state_q_reg[1]/clk  -       -       R     (arrival)           1895     -   150     0       0    (-,-) 
  u_core_u_meas_ctrl_state_q_reg[1]/q    (u)     clk->q  R     unmapped_d_flop        8  89.6     0  1552    1552    (-,-) 
  g18364/z                               (u)     in_1->z R     unmapped_or2           3  33.6     0   327    1878    (-,-) 
  g72699/z                               (u)     in_0->z R     unmapped_complex2     69 772.8     0  1034    2913    (-,-) 
  g72951/z                               (u)     in_1->z R     unmapped_complex2     20 224.0     0   715    3628    (-,-) 
  g56494/z                               (u)     in_0->z F     unmapped_nand2        14 156.8     0   644    4272    (-,-) 
  g72957/z                               (u)     in_0->z F     unmapped_complex2      1  11.2     0   231    4503    (-,-) 
  g56411/z                               (u)     in_1->z R     unmapped_nand2         1  11.2     0   231    4734    (-,-) 
  u_core_u_meas_ctrl_wdt_cnt_q_reg[13]/d -       -       R     unmapped_d_flop        1     -     -     0    4734    (-,-) 
#--------------------------------------------------------------------------------------------------------------------------

(u) : Net has unmapped pin(s).



Path 10: VIOLATED (-4571 ps) Setup Check with Pin u_core_u_meas_ctrl_wdt_cnt_q_reg[10]/clk->d
           View: wc_view
          Group: clk_osc_fast
     Startpoint: (R) u_core_u_meas_ctrl_state_q_reg[1]/clk
          Clock: (R) clk_osc_fast
       Endpoint: (R) u_core_u_meas_ctrl_wdt_cnt_q_reg[10]/d
          Clock: (R) clk_osc_fast

                     Capture       Launch     
        Clock Edge:+     900            0     
       Src Latency:+       0            0     
       Net Latency:+       0 (I)        0 (I) 
           Arrival:=     900            0     
                                              
             Setup:-     687                  
       Uncertainty:-      50                  
     Required Time:=     163                  
      Launch Clock:-       0                  
         Data Path:-    4734                  
             Slack:=   -4571                  

#--------------------------------------------------------------------------------------------------------------------------
#             Timing Point               Flags    Arc    Edge       Cell         Fanout  Load Trans Delay Arrival Instance 
#                                                                                        (fF)  (ps)  (ps)   (ps)  Location 
#--------------------------------------------------------------------------------------------------------------------------
  u_core_u_meas_ctrl_state_q_reg[1]/clk  -       -       R     (arrival)           1895     -   150     0       0    (-,-) 
  u_core_u_meas_ctrl_state_q_reg[1]/q    (u)     clk->q  R     unmapped_d_flop        8  89.6     0  1552    1552    (-,-) 
  g18364/z                               (u)     in_1->z R     unmapped_or2           3  33.6     0   327    1878    (-,-) 
  g72699/z                               (u)     in_0->z R     unmapped_complex2     69 772.8     0  1034    2913    (-,-) 
  g72951/z                               (u)     in_1->z R     unmapped_complex2     20 224.0     0   715    3628    (-,-) 
  g56494/z                               (u)     in_0->z F     unmapped_nand2        14 156.8     0   644    4272    (-,-) 
  g56429/z                               (u)     in_0->z F     unmapped_complex2      1  11.2     0   231    4503    (-,-) 
  g56423/z                               (u)     in_1->z R     unmapped_nand2         1  11.2     0   231    4734    (-,-) 
  u_core_u_meas_ctrl_wdt_cnt_q_reg[10]/d -       -       R     unmapped_d_flop        1     -     -     0    4734    (-,-) 
#--------------------------------------------------------------------------------------------------------------------------

(u) : Net has unmapped pin(s).



Path 11: VIOLATED (-4571 ps) Setup Check with Pin u_core_u_meas_ctrl_wdt_cnt_q_reg[9]/clk->d
           View: wc_view
          Group: clk_osc_fast
     Startpoint: (R) u_core_u_meas_ctrl_state_q_reg[1]/clk
          Clock: (R) clk_osc_fast
       Endpoint: (R) u_core_u_meas_ctrl_wdt_cnt_q_reg[9]/d
          Clock: (R) clk_osc_fast

                     Capture       Launch     
        Clock Edge:+     900            0     
       Src Latency:+       0            0     
       Net Latency:+       0 (I)        0 (I) 
           Arrival:=     900            0     
                                              
             Setup:-     687                  
       Uncertainty:-      50                  
     Required Time:=     163                  
      Launch Clock:-       0                  
         Data Path:-    4734                  
             Slack:=   -4571                  

#-------------------------------------------------------------------------------------------------------------------------
#             Timing Point              Flags    Arc    Edge       Cell         Fanout  Load Trans Delay Arrival Instance 
#                                                                                       (fF)  (ps)  (ps)   (ps)  Location 
#-------------------------------------------------------------------------------------------------------------------------
  u_core_u_meas_ctrl_state_q_reg[1]/clk -       -       R     (arrival)           1895     -   150     0       0    (-,-) 
  u_core_u_meas_ctrl_state_q_reg[1]/q   (u)     clk->q  R     unmapped_d_flop        8  89.6     0  1552    1552    (-,-) 
  g18364/z                              (u)     in_1->z R     unmapped_or2           3  33.6     0   327    1878    (-,-) 
  g72699/z                              (u)     in_0->z R     unmapped_complex2     69 772.8     0  1034    2913    (-,-) 
  g72951/z                              (u)     in_1->z R     unmapped_complex2     20 224.0     0   715    3628    (-,-) 
  g56494/z                              (u)     in_0->z F     unmapped_nand2        14 156.8     0   644    4272    (-,-) 
  g56433/z                              (u)     in_0->z F     unmapped_complex2      1  11.2     0   231    4503    (-,-) 
  g56422/z                              (u)     in_1->z R     unmapped_nand2         1  11.2     0   231    4734    (-,-) 
  u_core_u_meas_ctrl_wdt_cnt_q_reg[9]/d -       -       R     unmapped_d_flop        1     -     -     0    4734    (-,-) 
#-------------------------------------------------------------------------------------------------------------------------

(u) : Net has unmapped pin(s).



Path 12: VIOLATED (-4571 ps) Setup Check with Pin u_core_u_meas_ctrl_wdt_cnt_q_reg[8]/clk->d
           View: wc_view
          Group: clk_osc_fast
     Startpoint: (R) u_core_u_meas_ctrl_state_q_reg[1]/clk
          Clock: (R) clk_osc_fast
       Endpoint: (R) u_core_u_meas_ctrl_wdt_cnt_q_reg[8]/d
          Clock: (R) clk_osc_fast

                     Capture       Launch     
        Clock Edge:+     900            0     
       Src Latency:+       0            0     
       Net Latency:+       0 (I)        0 (I) 
           Arrival:=     900            0     
                                              
             Setup:-     687                  
       Uncertainty:-      50                  
     Required Time:=     163                  
      Launch Clock:-       0                  
         Data Path:-    4734                  
             Slack:=   -4571                  

#-------------------------------------------------------------------------------------------------------------------------
#             Timing Point              Flags    Arc    Edge       Cell         Fanout  Load Trans Delay Arrival Instance 
#                                                                                       (fF)  (ps)  (ps)   (ps)  Location 
#-------------------------------------------------------------------------------------------------------------------------
  u_core_u_meas_ctrl_state_q_reg[1]/clk -       -       R     (arrival)           1895     -   150     0       0    (-,-) 
  u_core_u_meas_ctrl_state_q_reg[1]/q   (u)     clk->q  R     unmapped_d_flop        8  89.6     0  1552    1552    (-,-) 
  g18364/z                              (u)     in_1->z R     unmapped_or2           3  33.6     0   327    1878    (-,-) 
  g72699/z                              (u)     in_0->z R     unmapped_complex2     69 772.8     0  1034    2913    (-,-) 
  g72951/z                              (u)     in_1->z R     unmapped_complex2     20 224.0     0   715    3628    (-,-) 
  g56494/z                              (u)     in_0->z F     unmapped_nand2        14 156.8     0   644    4272    (-,-) 
  g56431/z                              (u)     in_0->z F     unmapped_complex2      1  11.2     0   231    4503    (-,-) 
  g56413/z                              (u)     in_1->z R     unmapped_nand2         1  11.2     0   231    4734    (-,-) 
  u_core_u_meas_ctrl_wdt_cnt_q_reg[8]/d -       -       R     unmapped_d_flop        1     -     -     0    4734    (-,-) 
#-------------------------------------------------------------------------------------------------------------------------

(u) : Net has unmapped pin(s).



Path 13: VIOLATED (-4571 ps) Setup Check with Pin u_core_u_meas_ctrl_wdt_cnt_q_reg[7]/clk->d
           View: wc_view
          Group: clk_osc_fast
     Startpoint: (R) u_core_u_meas_ctrl_state_q_reg[1]/clk
          Clock: (R) clk_osc_fast
       Endpoint: (R) u_core_u_meas_ctrl_wdt_cnt_q_reg[7]/d
          Clock: (R) clk_osc_fast

                     Capture       Launch     
        Clock Edge:+     900            0     
       Src Latency:+       0            0     
       Net Latency:+       0 (I)        0 (I) 
           Arrival:=     900            0     
                                              
             Setup:-     687                  
       Uncertainty:-      50                  
     Required Time:=     163                  
      Launch Clock:-       0                  
         Data Path:-    4734                  
             Slack:=   -4571                  

#-------------------------------------------------------------------------------------------------------------------------
#             Timing Point              Flags    Arc    Edge       Cell         Fanout  Load Trans Delay Arrival Instance 
#                                                                                       (fF)  (ps)  (ps)   (ps)  Location 
#-------------------------------------------------------------------------------------------------------------------------
  u_core_u_meas_ctrl_state_q_reg[1]/clk -       -       R     (arrival)           1895     -   150     0       0    (-,-) 
  u_core_u_meas_ctrl_state_q_reg[1]/q   (u)     clk->q  R     unmapped_d_flop        8  89.6     0  1552    1552    (-,-) 
  g18364/z                              (u)     in_1->z R     unmapped_or2           3  33.6     0   327    1878    (-,-) 
  g72699/z                              (u)     in_0->z R     unmapped_complex2     69 772.8     0  1034    2913    (-,-) 
  g72951/z                              (u)     in_1->z R     unmapped_complex2     20 224.0     0   715    3628    (-,-) 
  g56494/z                              (u)     in_0->z F     unmapped_nand2        14 156.8     0   644    4272    (-,-) 
  g56440/z                              (u)     in_0->z F     unmapped_complex2      1  11.2     0   231    4503    (-,-) 
  g56415/z                              (u)     in_1->z R     unmapped_nand2         1  11.2     0   231    4734    (-,-) 
  u_core_u_meas_ctrl_wdt_cnt_q_reg[7]/d -       -       R     unmapped_d_flop        1     -     -     0    4734    (-,-) 
#-------------------------------------------------------------------------------------------------------------------------

(u) : Net has unmapped pin(s).



Path 14: VIOLATED (-4571 ps) Setup Check with Pin u_core_u_meas_ctrl_wdt_cnt_q_reg[6]/clk->d
           View: wc_view
          Group: clk_osc_fast
     Startpoint: (R) u_core_u_meas_ctrl_state_q_reg[1]/clk
          Clock: (R) clk_osc_fast
       Endpoint: (R) u_core_u_meas_ctrl_wdt_cnt_q_reg[6]/d
          Clock: (R) clk_osc_fast

                     Capture       Launch     
        Clock Edge:+     900            0     
       Src Latency:+       0            0     
       Net Latency:+       0 (I)        0 (I) 
           Arrival:=     900            0     
                                              
             Setup:-     687                  
       Uncertainty:-      50                  
     Required Time:=     163                  
      Launch Clock:-       0                  
         Data Path:-    4734                  
             Slack:=   -4571                  

#-------------------------------------------------------------------------------------------------------------------------
#             Timing Point              Flags    Arc    Edge       Cell         Fanout  Load Trans Delay Arrival Instance 
#                                                                                       (fF)  (ps)  (ps)   (ps)  Location 
#-------------------------------------------------------------------------------------------------------------------------
  u_core_u_meas_ctrl_state_q_reg[1]/clk -       -       R     (arrival)           1895     -   150     0       0    (-,-) 
  u_core_u_meas_ctrl_state_q_reg[1]/q   (u)     clk->q  R     unmapped_d_flop        8  89.6     0  1552    1552    (-,-) 
  g18364/z                              (u)     in_1->z R     unmapped_or2           3  33.6     0   327    1878    (-,-) 
  g72699/z                              (u)     in_0->z R     unmapped_complex2     69 772.8     0  1034    2913    (-,-) 
  g72951/z                              (u)     in_1->z R     unmapped_complex2     20 224.0     0   715    3628    (-,-) 
  g56494/z                              (u)     in_0->z F     unmapped_nand2        14 156.8     0   644    4272    (-,-) 
  g56427/z                              (u)     in_0->z F     unmapped_complex2      1  11.2     0   231    4503    (-,-) 
  g56417/z                              (u)     in_1->z R     unmapped_nand2         1  11.2     0   231    4734    (-,-) 
  u_core_u_meas_ctrl_wdt_cnt_q_reg[6]/d -       -       R     unmapped_d_flop        1     -     -     0    4734    (-,-) 
#-------------------------------------------------------------------------------------------------------------------------

(u) : Net has unmapped pin(s).



Path 15: VIOLATED (-4571 ps) Setup Check with Pin u_core_u_meas_ctrl_wdt_cnt_q_reg[5]/clk->d
           View: wc_view
          Group: clk_osc_fast
     Startpoint: (R) u_core_u_meas_ctrl_state_q_reg[1]/clk
          Clock: (R) clk_osc_fast
       Endpoint: (R) u_core_u_meas_ctrl_wdt_cnt_q_reg[5]/d
          Clock: (R) clk_osc_fast

                     Capture       Launch     
        Clock Edge:+     900            0     
       Src Latency:+       0            0     
       Net Latency:+       0 (I)        0 (I) 
           Arrival:=     900            0     
                                              
             Setup:-     687                  
       Uncertainty:-      50                  
     Required Time:=     163                  
      Launch Clock:-       0                  
         Data Path:-    4734                  
             Slack:=   -4571                  

#-------------------------------------------------------------------------------------------------------------------------
#             Timing Point              Flags    Arc    Edge       Cell         Fanout  Load Trans Delay Arrival Instance 
#                                                                                       (fF)  (ps)  (ps)   (ps)  Location 
#-------------------------------------------------------------------------------------------------------------------------
  u_core_u_meas_ctrl_state_q_reg[1]/clk -       -       R     (arrival)           1895     -   150     0       0    (-,-) 
  u_core_u_meas_ctrl_state_q_reg[1]/q   (u)     clk->q  R     unmapped_d_flop        8  89.6     0  1552    1552    (-,-) 
  g18364/z                              (u)     in_1->z R     unmapped_or2           3  33.6     0   327    1878    (-,-) 
  g72699/z                              (u)     in_0->z R     unmapped_complex2     69 772.8     0  1034    2913    (-,-) 
  g72951/z                              (u)     in_1->z R     unmapped_complex2     20 224.0     0   715    3628    (-,-) 
  g56494/z                              (u)     in_0->z F     unmapped_nand2        14 156.8     0   644    4272    (-,-) 
  g72958/z                              (u)     in_0->z F     unmapped_complex2      1  11.2     0   231    4503    (-,-) 
  g56420/z                              (u)     in_1->z R     unmapped_nand2         1  11.2     0   231    4734    (-,-) 
  u_core_u_meas_ctrl_wdt_cnt_q_reg[5]/d -       -       R     unmapped_d_flop        1     -     -     0    4734    (-,-) 
#-------------------------------------------------------------------------------------------------------------------------

(u) : Net has unmapped pin(s).



Path 16: VIOLATED (-4571 ps) Setup Check with Pin u_core_u_meas_ctrl_wdt_cnt_q_reg[4]/clk->d
           View: wc_view
          Group: clk_osc_fast
     Startpoint: (R) u_core_u_meas_ctrl_state_q_reg[1]/clk
          Clock: (R) clk_osc_fast
       Endpoint: (R) u_core_u_meas_ctrl_wdt_cnt_q_reg[4]/d
          Clock: (R) clk_osc_fast

                     Capture       Launch     
        Clock Edge:+     900            0     
       Src Latency:+       0            0     
       Net Latency:+       0 (I)        0 (I) 
           Arrival:=     900            0     
                                              
             Setup:-     687                  
       Uncertainty:-      50                  
     Required Time:=     163                  
      Launch Clock:-       0                  
         Data Path:-    4734                  
             Slack:=   -4571                  

#-------------------------------------------------------------------------------------------------------------------------
#             Timing Point              Flags    Arc    Edge       Cell         Fanout  Load Trans Delay Arrival Instance 
#                                                                                       (fF)  (ps)  (ps)   (ps)  Location 
#-------------------------------------------------------------------------------------------------------------------------
  u_core_u_meas_ctrl_state_q_reg[1]/clk -       -       R     (arrival)           1895     -   150     0       0    (-,-) 
  u_core_u_meas_ctrl_state_q_reg[1]/q   (u)     clk->q  R     unmapped_d_flop        8  89.6     0  1552    1552    (-,-) 
  g18364/z                              (u)     in_1->z R     unmapped_or2           3  33.6     0   327    1878    (-,-) 
  g72699/z                              (u)     in_0->z R     unmapped_complex2     69 772.8     0  1034    2913    (-,-) 
  g72951/z                              (u)     in_1->z R     unmapped_complex2     20 224.0     0   715    3628    (-,-) 
  g56494/z                              (u)     in_0->z F     unmapped_nand2        14 156.8     0   644    4272    (-,-) 
  g56435/z                              (u)     in_0->z F     unmapped_complex2      1  11.2     0   231    4503    (-,-) 
  g56416/z                              (u)     in_1->z R     unmapped_nand2         1  11.2     0   231    4734    (-,-) 
  u_core_u_meas_ctrl_wdt_cnt_q_reg[4]/d -       -       R     unmapped_d_flop        1     -     -     0    4734    (-,-) 
#-------------------------------------------------------------------------------------------------------------------------

(u) : Net has unmapped pin(s).



Path 17: VIOLATED (-4571 ps) Setup Check with Pin u_core_u_meas_ctrl_wdt_cnt_q_reg[3]/clk->d
           View: wc_view
          Group: clk_osc_fast
     Startpoint: (R) u_core_u_meas_ctrl_state_q_reg[1]/clk
          Clock: (R) clk_osc_fast
       Endpoint: (R) u_core_u_meas_ctrl_wdt_cnt_q_reg[3]/d
          Clock: (R) clk_osc_fast

                     Capture       Launch     
        Clock Edge:+     900            0     
       Src Latency:+       0            0     
       Net Latency:+       0 (I)        0 (I) 
           Arrival:=     900            0     
                                              
             Setup:-     687                  
       Uncertainty:-      50                  
     Required Time:=     163                  
      Launch Clock:-       0                  
         Data Path:-    4734                  
             Slack:=   -4571                  

#-------------------------------------------------------------------------------------------------------------------------
#             Timing Point              Flags    Arc    Edge       Cell         Fanout  Load Trans Delay Arrival Instance 
#                                                                                       (fF)  (ps)  (ps)   (ps)  Location 
#-------------------------------------------------------------------------------------------------------------------------
  u_core_u_meas_ctrl_state_q_reg[1]/clk -       -       R     (arrival)           1895     -   150     0       0    (-,-) 
  u_core_u_meas_ctrl_state_q_reg[1]/q   (u)     clk->q  R     unmapped_d_flop        8  89.6     0  1552    1552    (-,-) 
  g18364/z                              (u)     in_1->z R     unmapped_or2           3  33.6     0   327    1878    (-,-) 
  g72699/z                              (u)     in_0->z R     unmapped_complex2     69 772.8     0  1034    2913    (-,-) 
  g72951/z                              (u)     in_1->z R     unmapped_complex2     20 224.0     0   715    3628    (-,-) 
  g56494/z                              (u)     in_0->z F     unmapped_nand2        14 156.8     0   644    4272    (-,-) 
  g56443/z                              (u)     in_0->z F     unmapped_complex2      1  11.2     0   231    4503    (-,-) 
  g56419/z                              (u)     in_1->z R     unmapped_nand2         1  11.2     0   231    4734    (-,-) 
  u_core_u_meas_ctrl_wdt_cnt_q_reg[3]/d -       -       R     unmapped_d_flop        1     -     -     0    4734    (-,-) 
#-------------------------------------------------------------------------------------------------------------------------

(u) : Net has unmapped pin(s).



Path 18: VIOLATED (-4571 ps) Setup Check with Pin u_core_u_meas_ctrl_wdt_cnt_q_reg[2]/clk->d
           View: wc_view
          Group: clk_osc_fast
     Startpoint: (R) u_core_u_meas_ctrl_state_q_reg[1]/clk
          Clock: (R) clk_osc_fast
       Endpoint: (R) u_core_u_meas_ctrl_wdt_cnt_q_reg[2]/d
          Clock: (R) clk_osc_fast

                     Capture       Launch     
        Clock Edge:+     900            0     
       Src Latency:+       0            0     
       Net Latency:+       0 (I)        0 (I) 
           Arrival:=     900            0     
                                              
             Setup:-     687                  
       Uncertainty:-      50                  
     Required Time:=     163                  
      Launch Clock:-       0                  
         Data Path:-    4734                  
             Slack:=   -4571                  

#-------------------------------------------------------------------------------------------------------------------------
#             Timing Point              Flags    Arc    Edge       Cell         Fanout  Load Trans Delay Arrival Instance 
#                                                                                       (fF)  (ps)  (ps)   (ps)  Location 
#-------------------------------------------------------------------------------------------------------------------------
  u_core_u_meas_ctrl_state_q_reg[1]/clk -       -       R     (arrival)           1895     -   150     0       0    (-,-) 
  u_core_u_meas_ctrl_state_q_reg[1]/q   (u)     clk->q  R     unmapped_d_flop        8  89.6     0  1552    1552    (-,-) 
  g18364/z                              (u)     in_1->z R     unmapped_or2           3  33.6     0   327    1878    (-,-) 
  g72699/z                              (u)     in_0->z R     unmapped_complex2     69 772.8     0  1034    2913    (-,-) 
  g72951/z                              (u)     in_1->z R     unmapped_complex2     20 224.0     0   715    3628    (-,-) 
  g56494/z                              (u)     in_0->z F     unmapped_nand2        14 156.8     0   644    4272    (-,-) 
  g56448/z                              (u)     in_0->z F     unmapped_complex2      1  11.2     0   231    4503    (-,-) 
  g56414/z                              (u)     in_1->z R     unmapped_nand2         1  11.2     0   231    4734    (-,-) 
  u_core_u_meas_ctrl_wdt_cnt_q_reg[2]/d -       -       R     unmapped_d_flop        1     -     -     0    4734    (-,-) 
#-------------------------------------------------------------------------------------------------------------------------

(u) : Net has unmapped pin(s).



Path 19: VIOLATED (-4571 ps) Setup Check with Pin u_core_u_meas_ctrl_wdt_cnt_q_reg[1]/clk->d
           View: wc_view
          Group: clk_osc_fast
     Startpoint: (R) u_core_u_meas_ctrl_state_q_reg[1]/clk
          Clock: (R) clk_osc_fast
       Endpoint: (R) u_core_u_meas_ctrl_wdt_cnt_q_reg[1]/d
          Clock: (R) clk_osc_fast

                     Capture       Launch     
        Clock Edge:+     900            0     
       Src Latency:+       0            0     
       Net Latency:+       0 (I)        0 (I) 
           Arrival:=     900            0     
                                              
             Setup:-     687                  
       Uncertainty:-      50                  
     Required Time:=     163                  
      Launch Clock:-       0                  
         Data Path:-    4734                  
             Slack:=   -4571                  

#-------------------------------------------------------------------------------------------------------------------------
#             Timing Point              Flags    Arc    Edge       Cell         Fanout  Load Trans Delay Arrival Instance 
#                                                                                       (fF)  (ps)  (ps)   (ps)  Location 
#-------------------------------------------------------------------------------------------------------------------------
  u_core_u_meas_ctrl_state_q_reg[1]/clk -       -       R     (arrival)           1895     -   150     0       0    (-,-) 
  u_core_u_meas_ctrl_state_q_reg[1]/q   (u)     clk->q  R     unmapped_d_flop        8  89.6     0  1552    1552    (-,-) 
  g18364/z                              (u)     in_1->z R     unmapped_or2           3  33.6     0   327    1878    (-,-) 
  g72699/z                              (u)     in_0->z R     unmapped_complex2     69 772.8     0  1034    2913    (-,-) 
  g72951/z                              (u)     in_1->z R     unmapped_complex2     20 224.0     0   715    3628    (-,-) 
  g56494/z                              (u)     in_0->z F     unmapped_nand2        14 156.8     0   644    4272    (-,-) 
  g56447/z                              (u)     in_0->z F     unmapped_complex2      1  11.2     0   231    4503    (-,-) 
  g56418/z                              (u)     in_1->z R     unmapped_nand2         1  11.2     0   231    4734    (-,-) 
  u_core_u_meas_ctrl_wdt_cnt_q_reg[1]/d -       -       R     unmapped_d_flop        1     -     -     0    4734    (-,-) 
#-------------------------------------------------------------------------------------------------------------------------

(u) : Net has unmapped pin(s).



Path 20: VIOLATED (-4571 ps) Setup Check with Pin u_core_u_meas_ctrl_wdt_cnt_q_reg[0]/clk->d
           View: wc_view
          Group: clk_osc_fast
     Startpoint: (R) u_core_u_meas_ctrl_state_q_reg[1]/clk
          Clock: (R) clk_osc_fast
       Endpoint: (R) u_core_u_meas_ctrl_wdt_cnt_q_reg[0]/d
          Clock: (R) clk_osc_fast

                     Capture       Launch     
        Clock Edge:+     900            0     
       Src Latency:+       0            0     
       Net Latency:+       0 (I)        0 (I) 
           Arrival:=     900            0     
                                              
             Setup:-     687                  
       Uncertainty:-      50                  
     Required Time:=     163                  
      Launch Clock:-       0                  
         Data Path:-    4734                  
             Slack:=   -4571                  

#-------------------------------------------------------------------------------------------------------------------------
#             Timing Point              Flags    Arc    Edge       Cell         Fanout  Load Trans Delay Arrival Instance 
#                                                                                       (fF)  (ps)  (ps)   (ps)  Location 
#-------------------------------------------------------------------------------------------------------------------------
  u_core_u_meas_ctrl_state_q_reg[1]/clk -       -       R     (arrival)           1895     -   150     0       0    (-,-) 
  u_core_u_meas_ctrl_state_q_reg[1]/q   (u)     clk->q  R     unmapped_d_flop        8  89.6     0  1552    1552    (-,-) 
  g18364/z                              (u)     in_1->z R     unmapped_or2           3  33.6     0   327    1878    (-,-) 
  g72699/z                              (u)     in_0->z R     unmapped_complex2     69 772.8     0  1034    2913    (-,-) 
  g72951/z                              (u)     in_1->z R     unmapped_complex2     20 224.0     0   715    3628    (-,-) 
  g56494/z                              (u)     in_0->z F     unmapped_nand2        14 156.8     0   644    4272    (-,-) 
  g56444/z                              (u)     in_0->z F     unmapped_complex2      1  11.2     0   231    4503    (-,-) 
  g56412/z                              (u)     in_1->z R     unmapped_nand2         1  11.2     0   231    4734    (-,-) 
  u_core_u_meas_ctrl_wdt_cnt_q_reg[0]/d -       -       R     unmapped_d_flop        1     -     -     0    4734    (-,-) 
#-------------------------------------------------------------------------------------------------------------------------

(u) : Net has unmapped pin(s).


