============================================================
  Generated by:           Genus(TM) Synthesis Solution 22.13-s093_1
  Generated on:           May 18 2026  02:59:26 pm
  Module:                 mptdc_top_asic
  Operating conditions:   slow_1_62V_125C 
  Interconnect mode:      global
  Area mode:              physical library
============================================================

Timing
--------

Analysis view       Clock       Period 
---------------------------------------
wc_view       clk_osc_fast       900.0 
              clk_osc_fast_tap1  900.0 
              clk_osc_fast_tap2  900.0 
              clk_osc_fast_tap3  900.0 
              clk_osc_fast_tap4  900.0 
              clk_osc_fast_tap5  900.0 
              clk_osc_fast_tap6  900.0 
              clk_osc_fast_tap7  900.0 
              clk_osc_slow      1000.0 
              clk_osc_slow_tap1 1000.0 
              clk_osc_slow_tap2 1000.0 
              clk_osc_slow_tap3 1000.0 
              clk_osc_slow_tap4 1000.0 
              clk_osc_slow_tap5 1000.0 
              clk_osc_slow_tap6 1000.0 
              clk_osc_slow_tap7 1000.0 
              clk_sys           6250.0 


Analysis        Cost        Critical              Violating 
  View         Group       Path Slack     TNS       Paths   
------------------------------------------------------------
wc_view       clk_osc_fast    -4691.6 -5032546.7       1886 
         clk_osc_fast_tap1    -3191.9  -225033.6         80 
         clk_osc_fast_tap2    -3141.9  -221833.6         80 
         clk_osc_fast_tap3    -3091.9  -218633.6         80 
         clk_osc_fast_tap4    -3041.9  -215433.6         80 
         clk_osc_fast_tap5    -2991.9  -212233.6         80 
         clk_osc_fast_tap6    -2941.9  -209033.6         80 
         clk_osc_fast_tap7    -2891.9  -205833.6         80 
              clk_osc_slow    -2875.7   -50262.5         22 
         clk_osc_slow_tap1   No paths        0.0          0 
         clk_osc_slow_tap2   No paths        0.0          0 
         clk_osc_slow_tap3   No paths        0.0          0 
         clk_osc_slow_tap4   No paths        0.0          0 
         clk_osc_slow_tap5   No paths        0.0          0 
         clk_osc_slow_tap6   No paths        0.0          0 
         clk_osc_slow_tap7   No paths        0.0          0 
                   clk_sys    -5379.5  -226954.0        124 
                   default   No paths        0.0          0 
------------------------------------------------------------
Total                                 -6817798.4       2592 
                                                            

Instance Count
--------------
Leaf Instance Count             30187 
Physical Instance count             0 
Sequential Instance Count        5522 
Combinational Instance Count    24665 
Hierarchical Instance Count        82 

Area
----
Cell Area                          596829.667
Physical Cell Area                 0.000
Total Cell Area (Cell+Physical)    596829.667
Net Area                           735.423
Total Area (Cell+Physical+Net)     597565.090

Power
-----
Leakage Power                      6224.618 nW
Dynamic Power                      183318809.670 nW
Total Power                        183325034.288 nW

Max Fanout                         3029 (clk_sys)
Min Fanout                         0 (local_async_rst_n)
Average Fanout                     2.0
Terms to net ratio                 3.9048
Terms to instance ratio            3.9824
Runtime                            195.509029 seconds
Elapsed Runtime                    195 seconds
Genus peak memory usage            2614.26 
Innovus peak memory usage          no_value 
Hostname                           lyoelectrosrv01.in2p3.fr
