===== Patched run.pvs =====
#!/bin/sh -f
###### This run file is generated by PVS UI
###### PVS Version 22.22-s005
###### ENVIROMENT VARIABLES FROM PVS CONFIGURATOR #######
###### END LIST OF ENVIROMENT VARIABLES #######
pwd_d=`pwd`
cd /sim/ksabra/SPADMIC_work/innovus/20260901_173744_mptdc_v13_pg15_compositional_pvs/pvs_lvs/mptdc_axis_core_merged_pg_nonphys_dcells_cdl_ro6_pinfix_noattr_clean_findshorts_script ;\
/eda/cadence/2023-24/RHELx86/PVS_22.22.000/bin/pvs \
	-lvs \
	-top_cell mptdc_axis_core \
	-source_top_cell mptdc_axis_core \
	-spice /sim/ksabra/SPADMIC_work/innovus/20260901_173744_mptdc_v13_pg15_compositional_pvs/pvs_lvs/mptdc_axis_core_merged_pg_nonphys_dcells_cdl_ro6_pinfix_noattr_clean_findshorts_script/mptdc_axis_core.spi \
	-control /sim/ksabra/SPADMIC_work/innovus/20260901_173744_mptdc_v13_pg15_compositional_pvs/pvs_lvs/mptdc_axis_core_merged_pg_nonphys_dcells_cdl_ro6_pinfix_noattr_clean_findshorts_script/pvslvsctl \
	-ui_data \
	-gdb_data \
	-hcell /sim/ksabra/SPADMIC_work/innovus/20260901_173744_mptdc_v13_pg15_compositional_pvs/outputs/pvs_hcell_ro6.txt \
	/sim/ksabra/SPADMIC_work/innovus/20260901_173744_mptdc_v13_pg15_compositional_pvs/pvs_lvs/mptdc_axis_core_merged_pg_nonphys_dcells_cdl_ro6_pinfix_noattr_clean_findshorts_script/.config.rul \
	/sim/ksabra/SPADMIC_work/innovus/20260901_173744_mptdc_v13_pg15_compositional_pvs/pvs_lvs/mptdc_axis_core_merged_pg_nonphys_dcells_cdl_ro6_pinfix_noattr_clean_findshorts_script/.technology.rul
cd $pwd_d

===== Patched LVS config scan =====
/sim/ksabra/SPADMIC_work/innovus/20260901_173744_mptdc_v13_pg15_compositional_pvs/pvs_lvs/mptdc_axis_core_merged_pg_nonphys_dcells_cdl_ro6_pinfix_noattr_clean_findshorts_script/run.pvs:7:cd /sim/ksabra/SPADMIC_work/innovus/20260901_173744_mptdc_v13_pg15_compositional_pvs/pvs_lvs/mptdc_axis_core_merged_pg_nonphys_dcells_cdl_ro6_pinfix_noattr_clean_findshorts_script ;\
/sim/ksabra/SPADMIC_work/innovus/20260901_173744_mptdc_v13_pg15_compositional_pvs/pvs_lvs/mptdc_axis_core_merged_pg_nonphys_dcells_cdl_ro6_pinfix_noattr_clean_findshorts_script/run.pvs:11:	-source_top_cell mptdc_axis_core \
/sim/ksabra/SPADMIC_work/innovus/20260901_173744_mptdc_v13_pg15_compositional_pvs/pvs_lvs/mptdc_axis_core_merged_pg_nonphys_dcells_cdl_ro6_pinfix_noattr_clean_findshorts_script/run.pvs:12:	-spice /sim/ksabra/SPADMIC_work/innovus/20260901_173744_mptdc_v13_pg15_compositional_pvs/pvs_lvs/mptdc_axis_core_merged_pg_nonphys_dcells_cdl_ro6_pinfix_noattr_clean_findshorts_script/mptdc_axis_core.spi \
/sim/ksabra/SPADMIC_work/innovus/20260901_173744_mptdc_v13_pg15_compositional_pvs/pvs_lvs/mptdc_axis_core_merged_pg_nonphys_dcells_cdl_ro6_pinfix_noattr_clean_findshorts_script/run.pvs:13:	-control /sim/ksabra/SPADMIC_work/innovus/20260901_173744_mptdc_v13_pg15_compositional_pvs/pvs_lvs/mptdc_axis_core_merged_pg_nonphys_dcells_cdl_ro6_pinfix_noattr_clean_findshorts_script/pvslvsctl \
/sim/ksabra/SPADMIC_work/innovus/20260901_173744_mptdc_v13_pg15_compositional_pvs/pvs_lvs/mptdc_axis_core_merged_pg_nonphys_dcells_cdl_ro6_pinfix_noattr_clean_findshorts_script/run.pvs:16:	-hcell /sim/ksabra/SPADMIC_work/innovus/20260901_173744_mptdc_v13_pg15_compositional_pvs/outputs/pvs_hcell_ro6.txt \
/sim/ksabra/SPADMIC_work/innovus/20260901_173744_mptdc_v13_pg15_compositional_pvs/pvs_lvs/mptdc_axis_core_merged_pg_nonphys_dcells_cdl_ro6_pinfix_noattr_clean_findshorts_script/run.pvs:17:	/sim/ksabra/SPADMIC_work/innovus/20260901_173744_mptdc_v13_pg15_compositional_pvs/pvs_lvs/mptdc_axis_core_merged_pg_nonphys_dcells_cdl_ro6_pinfix_noattr_clean_findshorts_script/.config.rul \
/sim/ksabra/SPADMIC_work/innovus/20260901_173744_mptdc_v13_pg15_compositional_pvs/pvs_lvs/mptdc_axis_core_merged_pg_nonphys_dcells_cdl_ro6_pinfix_noattr_clean_findshorts_script/run.pvs:18:	/sim/ksabra/SPADMIC_work/innovus/20260901_173744_mptdc_v13_pg15_compositional_pvs/pvs_lvs/mptdc_axis_core_merged_pg_nonphys_dcells_cdl_ro6_pinfix_noattr_clean_findshorts_script/.technology.rul
/sim/ksabra/SPADMIC_work/innovus/20260901_173744_mptdc_v13_pg15_compositional_pvs/pvs_lvs/mptdc_axis_core_merged_pg_nonphys_dcells_cdl_ro6_pinfix_noattr_clean_findshorts_script/pvslvsctl:13:lvs_power_name "VDD" "VDD_LEFT" "VDD_RIGHT" "VDD!" "vdd" "vdd!" "vddi" "vddi!";
/sim/ksabra/SPADMIC_work/innovus/20260901_173744_mptdc_v13_pg15_compositional_pvs/pvs_lvs/mptdc_axis_core_merged_pg_nonphys_dcells_cdl_ro6_pinfix_noattr_clean_findshorts_script/pvslvsctl:14:lvs_ground_name "VSS" "VSS_LEFT" "VSS_RIGHT" "VSS!" "vss" "vss!" "gndi" "gndi!";
/sim/ksabra/SPADMIC_work/innovus/20260901_173744_mptdc_v13_pg15_compositional_pvs/pvs_lvs/mptdc_axis_core_merged_pg_nonphys_dcells_cdl_ro6_pinfix_noattr_clean_findshorts_script/pvslvsctl:15:lvs_find_shorts yes;
/sim/ksabra/SPADMIC_work/innovus/20260901_173744_mptdc_v13_pg15_compositional_pvs/pvs_lvs/mptdc_axis_core_merged_pg_nonphys_dcells_cdl_ro6_pinfix_noattr_clean_findshorts_script/pvslvsctl:22:schematic_path "/sim/ksabra/SPADMIC_work/innovus/20260901_173744_mptdc_v13_pg15_compositional_pvs/outputs/mptdc_axis_core_pnr_lvs_with_pg_NO_DCELL_MODULES_RO6_PINFIX_NOATTR_CLEAN.v" verilog -keep_backslash;
/sim/ksabra/SPADMIC_work/innovus/20260901_173744_mptdc_v13_pg15_compositional_pvs/pvs_lvs/mptdc_axis_core_merged_pg_nonphys_dcells_cdl_ro6_pinfix_noattr_clean_findshorts_script/pvslvsctl:23:schematic_path "/data/pdk/xfab/xh018/diglibs/D_CELLS_JIHD/v6_0/gds_cdl/v6_0_0/cdl/xh018_D_CELLS_JIHD.cdl" cdl;
/sim/ksabra/SPADMIC_work/innovus/20260901_173744_mptdc_v13_pg15_compositional_pvs/pvs_lvs/mptdc_axis_core_merged_pg_nonphys_dcells_cdl_ro6_pinfix_noattr_clean_findshorts_script/pvslvsctl:26:layout_path "/sim/ksabra/SPADMIC_work/innovus/20260901_173744_mptdc_v13_pg15_compositional_pvs/outputs/mptdc_axis_core_merged_stdcell_ro6.gds";
