============================================================
  Generated by:           Genus(TM) Synthesis Solution 22.13-s093_1
  Generated on:           Jun 02 2026  12:54:10 pm
  Module:                 mptdc_top_asic
  Operating conditions:   slow_1_62V_125C 
  Interconnect mode:      global
  Area mode:              physical library
============================================================

                 Instance                               Module                Cell Count  Cell Area   Net Area   Total Area 
----------------------------------------------------------------------------------------------------------------------------
mptdc_top_asic                                                                     19222 578608.324 264883.650   843491.974 
  u_core_gen_fast_tag_col[0].u_fast_tag   mptdc_fast_epoch_tag_W7_SEED1               16    572.006     66.401      638.407 
  u_core_gen_fast_tag_col[1].u_fast_tag   mptdc_fast_epoch_tag_W7_SEED1_1263          12    496.742     31.295      528.037 
  u_core_gen_fast_tag_col[2].u_fast_tag   mptdc_fast_epoch_tag_W7_SEED1_1262          12    496.742     31.295      528.037 
  u_core_gen_fast_tag_col[3].u_fast_tag   mptdc_fast_epoch_tag_W7_SEED1_1261          12    496.742     31.295      528.037 
  u_core_gen_fast_tag_col[4].u_fast_tag   mptdc_fast_epoch_tag_W7_SEED1_1260          12    496.742     31.295      528.037 
  u_core_gen_fast_tag_col[5].u_fast_tag   mptdc_fast_epoch_tag_W7_SEED1_1259          12    496.742     31.295      528.037 
  u_core_gen_fast_tag_col[6].u_fast_tag   mptdc_fast_epoch_tag_W7_SEED1_1258          12    496.742     31.295      528.037 
  u_core_gen_fast_tag_col[7].u_fast_tag   mptdc_fast_epoch_tag_W7_SEED1_1257          12    496.742     31.295      528.037 
  u_core_gen_pd_row[0].gen_pd_col[0].u_pd mptdc_pd_cell_SAMPLE_DEPTH2                 44    925.747    353.870     1279.617 
  u_core_gen_pd_row[0].gen_pd_col[1].u_pd mptdc_pd_cell_SAMPLE_DEPTH2_1326            45    980.941    361.694     1342.634 
  u_core_gen_pd_row[0].gen_pd_col[2].u_pd mptdc_pd_cell_SAMPLE_DEPTH2_1325            45    975.923    361.694     1337.617 
  u_core_gen_pd_row[0].gen_pd_col[3].u_pd mptdc_pd_cell_SAMPLE_DEPTH2_1324            46    953.344    369.517     1322.861 
  u_core_gen_pd_row[0].gen_pd_col[4].u_pd mptdc_pd_cell_SAMPLE_DEPTH2_1323            46    945.818    369.517     1315.335 
  u_core_gen_pd_row[0].gen_pd_col[5].u_pd mptdc_pd_cell_SAMPLE_DEPTH2_1322            46    950.835    369.517     1320.352 
  u_core_gen_pd_row[0].gen_pd_col[6].u_pd mptdc_pd_cell_SAMPLE_DEPTH2_1321            46    945.818    369.517     1315.335 
  u_core_gen_pd_row[0].gen_pd_col[7].u_pd mptdc_pd_cell_SAMPLE_DEPTH2_1320            45    975.923    361.694     1337.617 
  u_core_gen_pd_row[1].gen_pd_col[0].u_pd mptdc_pd_cell_SAMPLE_DEPTH2_1319            44    913.203    353.870     1267.073 
  u_core_gen_pd_row[1].gen_pd_col[1].u_pd mptdc_pd_cell_SAMPLE_DEPTH2_1318            45    960.870    361.694     1322.564 
  u_core_gen_pd_row[1].gen_pd_col[2].u_pd mptdc_pd_cell_SAMPLE_DEPTH2_1317            45    958.362    361.694     1320.055 
  u_core_gen_pd_row[1].gen_pd_col[3].u_pd mptdc_pd_cell_SAMPLE_DEPTH2_1316            46    945.818    369.517     1315.335 
  u_core_gen_pd_row[1].gen_pd_col[4].u_pd mptdc_pd_cell_SAMPLE_DEPTH2_1315            46    945.818    369.517     1315.335 
  u_core_gen_pd_row[1].gen_pd_col[5].u_pd mptdc_pd_cell_SAMPLE_DEPTH2_1314            46    945.818    369.517     1315.335 
  u_core_gen_pd_row[1].gen_pd_col[6].u_pd mptdc_pd_cell_SAMPLE_DEPTH2_1313            46    945.818    369.517     1315.335 
  u_core_gen_pd_row[1].gen_pd_col[7].u_pd mptdc_pd_cell_SAMPLE_DEPTH2_1312            45    975.923    361.694     1337.617 
  u_core_gen_pd_row[2].gen_pd_col[0].u_pd mptdc_pd_cell_SAMPLE_DEPTH2_1311            44    925.747    353.870     1279.617 
  u_core_gen_pd_row[2].gen_pd_col[1].u_pd mptdc_pd_cell_SAMPLE_DEPTH2_1310            45    975.923    361.694     1337.617 
  u_core_gen_pd_row[2].gen_pd_col[2].u_pd mptdc_pd_cell_SAMPLE_DEPTH2_1309            45    975.923    361.694     1337.617 
  u_core_gen_pd_row[2].gen_pd_col[3].u_pd mptdc_pd_cell_SAMPLE_DEPTH2_1308            46    945.818    369.517     1315.335 
  u_core_gen_pd_row[2].gen_pd_col[4].u_pd mptdc_pd_cell_SAMPLE_DEPTH2_1307            46    945.818    369.517     1315.335 
  u_core_gen_pd_row[2].gen_pd_col[5].u_pd mptdc_pd_cell_SAMPLE_DEPTH2_1306            46    950.835    369.517     1320.352 
  u_core_gen_pd_row[2].gen_pd_col[6].u_pd mptdc_pd_cell_SAMPLE_DEPTH2_1305            46    948.326    369.517     1317.844 
  u_core_gen_pd_row[2].gen_pd_col[7].u_pd mptdc_pd_cell_SAMPLE_DEPTH2_1304            45    958.362    361.694     1320.055 
  u_core_gen_pd_row[3].gen_pd_col[0].u_pd mptdc_pd_cell_SAMPLE_DEPTH2_1303            44    908.186    353.870     1262.055 
  u_core_gen_pd_row[3].gen_pd_col[1].u_pd mptdc_pd_cell_SAMPLE_DEPTH2_1302            45    960.870    361.694     1322.564 
  u_core_gen_pd_row[3].gen_pd_col[2].u_pd mptdc_pd_cell_SAMPLE_DEPTH2_1301            45    975.923    361.694     1337.617 
  u_core_gen_pd_row[3].gen_pd_col[3].u_pd mptdc_pd_cell_SAMPLE_DEPTH2_1300            46    950.835    369.517     1320.352 
  u_core_gen_pd_row[3].gen_pd_col[4].u_pd mptdc_pd_cell_SAMPLE_DEPTH2_1299            46    948.326    369.517     1317.844 
  u_core_gen_pd_row[3].gen_pd_col[5].u_pd mptdc_pd_cell_SAMPLE_DEPTH2_1298            46    945.818    369.517     1315.335 
  u_core_gen_pd_row[3].gen_pd_col[6].u_pd mptdc_pd_cell_SAMPLE_DEPTH2_1297            46    928.256    369.517     1297.773 
  u_core_gen_pd_row[3].gen_pd_col[7].u_pd mptdc_pd_cell_SAMPLE_DEPTH2_1296            45    958.362    361.694     1320.055 
  u_core_gen_pd_row[4].gen_pd_col[0].u_pd mptdc_pd_cell_SAMPLE_DEPTH2_1295            44    908.186    353.870     1262.055 
  u_core_gen_pd_row[4].gen_pd_col[1].u_pd mptdc_pd_cell_SAMPLE_DEPTH2_1294            45    975.923    361.694     1337.617 
  u_core_gen_pd_row[4].gen_pd_col[2].u_pd mptdc_pd_cell_SAMPLE_DEPTH2_1293            45    975.923    361.694     1337.617 
  u_core_gen_pd_row[4].gen_pd_col[3].u_pd mptdc_pd_cell_SAMPLE_DEPTH2_1292            46    945.818    369.517     1315.335 
  u_core_gen_pd_row[4].gen_pd_col[4].u_pd mptdc_pd_cell_SAMPLE_DEPTH2_1291            46    945.818    369.517     1315.335 
  u_core_gen_pd_row[4].gen_pd_col[5].u_pd mptdc_pd_cell_SAMPLE_DEPTH2_1290            46    933.274    369.517     1302.791 
  u_core_gen_pd_row[4].gen_pd_col[6].u_pd mptdc_pd_cell_SAMPLE_DEPTH2_1289            46    930.765    369.517     1300.282 
  u_core_gen_pd_row[4].gen_pd_col[7].u_pd mptdc_pd_cell_SAMPLE_DEPTH2_1288            45    958.362    361.694     1320.055 
  u_core_gen_pd_row[5].gen_pd_col[0].u_pd mptdc_pd_cell_SAMPLE_DEPTH2_1287            44    908.186    353.870     1262.055 
  u_core_gen_pd_row[5].gen_pd_col[1].u_pd mptdc_pd_cell_SAMPLE_DEPTH2_1286            45    975.923    361.694     1337.617 
  u_core_gen_pd_row[5].gen_pd_col[2].u_pd mptdc_pd_cell_SAMPLE_DEPTH2_1285            45    975.923    361.694     1337.617 
  u_core_gen_pd_row[5].gen_pd_col[3].u_pd mptdc_pd_cell_SAMPLE_DEPTH2_1284            46    948.326    369.517     1317.844 
  u_core_gen_pd_row[5].gen_pd_col[4].u_pd mptdc_pd_cell_SAMPLE_DEPTH2_1283            46    950.835    369.517     1320.352 
  u_core_gen_pd_row[5].gen_pd_col[5].u_pd mptdc_pd_cell_SAMPLE_DEPTH2_1282            46    945.818    369.517     1315.335 
  u_core_gen_pd_row[5].gen_pd_col[6].u_pd mptdc_pd_cell_SAMPLE_DEPTH2_1281            46    948.326    369.517     1317.844 
  u_core_gen_pd_row[5].gen_pd_col[7].u_pd mptdc_pd_cell_SAMPLE_DEPTH2_1280            45    975.923    361.694     1337.617 
  u_core_gen_pd_row[6].gen_pd_col[0].u_pd mptdc_pd_cell_SAMPLE_DEPTH2_1279            44    925.747    353.870     1279.617 
  u_core_gen_pd_row[6].gen_pd_col[1].u_pd mptdc_pd_cell_SAMPLE_DEPTH2_1278            45    975.923    361.694     1337.617 
  u_core_gen_pd_row[6].gen_pd_col[2].u_pd mptdc_pd_cell_SAMPLE_DEPTH2_1277            45    975.923    361.694     1337.617 
  u_core_gen_pd_row[6].gen_pd_col[3].u_pd mptdc_pd_cell_SAMPLE_DEPTH2_1276            46    945.818    369.517     1315.335 
  u_core_gen_pd_row[6].gen_pd_col[4].u_pd mptdc_pd_cell_SAMPLE_DEPTH2_1275            46    953.344    369.517     1322.861 
  u_core_gen_pd_row[6].gen_pd_col[5].u_pd mptdc_pd_cell_SAMPLE_DEPTH2_1274            46    945.818    369.517     1315.335 
  u_core_gen_pd_row[6].gen_pd_col[6].u_pd mptdc_pd_cell_SAMPLE_DEPTH2_1273            46    945.818    369.517     1315.335 
  u_core_gen_pd_row[6].gen_pd_col[7].u_pd mptdc_pd_cell_SAMPLE_DEPTH2_1272            45    975.923    361.694     1337.617 
  u_core_gen_pd_row[7].gen_pd_col[0].u_pd mptdc_pd_cell_SAMPLE_DEPTH2_1271            44    930.765    353.870     1284.635 
  u_core_gen_pd_row[7].gen_pd_col[1].u_pd mptdc_pd_cell_SAMPLE_DEPTH2_1270            45    975.923    361.694     1337.617 
  u_core_gen_pd_row[7].gen_pd_col[2].u_pd mptdc_pd_cell_SAMPLE_DEPTH2_1269            45    975.923    361.694     1337.617 
  u_core_gen_pd_row[7].gen_pd_col[3].u_pd mptdc_pd_cell_SAMPLE_DEPTH2_1268            46    945.818    369.517     1315.335 
  u_core_gen_pd_row[7].gen_pd_col[4].u_pd mptdc_pd_cell_SAMPLE_DEPTH2_1267            46    948.326    369.517     1317.844 
  u_core_gen_pd_row[7].gen_pd_col[5].u_pd mptdc_pd_cell_SAMPLE_DEPTH2_1266            46    948.326    369.517     1317.844 
  u_core_gen_pd_row[7].gen_pd_col[6].u_pd mptdc_pd_cell_SAMPLE_DEPTH2_1265            46    945.818    369.517     1315.335 
  u_core_gen_pd_row[7].gen_pd_col[7].u_pd mptdc_pd_cell_SAMPLE_DEPTH2_1264            45    975.923    361.694     1337.617 
  u_core_u_fifo                           mptdc_sync_fifo_WIDTH53_DEPTH64           8600 288449.280 133017.365   421466.645 
  u_core_u_hit_capture_bridge             mptdc_hit_capture_bridge                  2154  47378.688  19402.461    66781.149 
  u_core_u_meas_ctrl                      mptdc_meas_ctrl                            282   8778.291   3555.550    12333.841 
  u_core_u_narrow_tx                      mptdc_narrow16_tx_v2                       273   5998.541   3332.676     9331.217 
  u_core_u_osc_fast                       mptdc_osc_wrapper_NE8_TS_STEP_PS50           1  11867.260      0.000    11867.260 
  u_core_u_osc_slow                       mptdc_osc_wrapper_NE8_TS_STEP_PS55           1  11867.260      0.000    11867.260 
  u_core_u_rst_drain_sync                 mptdc_reset_sync_STAGES4                     5    265.933     31.295      297.227 
  u_core_u_rst_fast_sync                  mptdc_reset_sync_STAGES2_1327                2    137.984      7.824      145.808 
  u_core_u_rst_fifo_sync                  mptdc_reset_sync_STAGES3                     3    173.107     15.647      188.755 
  u_core_u_rst_status_sync                mptdc_reset_sync_STAGES2                     2    122.931      7.824      130.755 
  u_core_u_rst_tx_sync                    mptdc_reset_sync_STAGES5                     5    288.512     31.295      319.807 
  u_core_u_rst_wdt_sync                   mptdc_reset_sync_STAGES6                     6    346.214     39.118      385.333 
  u_core_u_slow_epoch                     mptdc_slow_epoch_johnson_STAGES64           67   3725.568     19.459     3745.027 
  u_core_u_stop_capture                   mptdc_stop_capture_async                     8    273.459     23.471      296.930 
  u_core_u_stop_epoch_capture             mptdc_stop_epoch_capture_async              68   3896.166     23.471     3919.637 
  u_core_u_wdt                            mptdc_watchdog                             128   3399.424   1421.698     4821.122 
  u_rst_core_sync                         mptdc_reset_sync_STAGES4_1329                5    283.494     31.295      314.789 
  u_rst_csr_sync                          mptdc_reset_sync_STAGES3_1328                3    175.616     15.647      191.263 
