# MPTDC Route Checkpoint Repair
SOURCE_CHECKPOINT=/sim/ksabra/SPADMIC_work/innovus/20260701_mptdc_route_ckpt_delete_probe_161359/checkpoints/repaired_route.enc.dat
RESULT_DIR=/sim/ksabra/SPADMIC_work/innovus/20260701_mptdc_route_ckpt_selected_via_pin_162321
TOP_CELL=mptdc_axis_core
COMMANDS_FILE=/tmp/20260701_mptdc_route_ckpt_selected_via_pin_162321.commands.tcl
INITIAL_DRC=0
INITIAL_SHORTS=0
INITIAL_DRC_STATUS=PASS
INITIAL_REGULAR_CONNECTIVITY_BAD=1
INITIAL_REGULAR_CONNECTIVITY_BAD_LINES={Net CTS_6: no routing.} {Net u_core_ro_fast_code_q[7]: no routing.} {Net u_core_ro_fast_code_q[6]: no routing.} {Net u_core_ro_fast_code_q[0]: no routing.} {Net u_core_n_57562: no routing.} {Net u_core_n_64592: no routing.} {Net u_core_gen_pd_row[1].gen_pd_col[1].u_pd/q1: no routing.} {7 Problem(s) (IMPVFC-98): Net has no global routing and no special routing.} {Verification Complete : 7 Viols.  0 Wrngs.}
INITIAL_SPECIAL_CONNECTIVITY_BAD=1
INITIAL_SPECIAL_CONNECTIVITY_BAD_LINES={Net VDD: dangling Wire.} {Net VSS: dangling Wire.} {32 Problem(s) (IMPVFC-94): The net has dangling wire(s).} {Verification Complete : 32 Viols.  0 Wrngs.}
INITIAL_SPECIAL_CONNECTIVITY_RAW_BAD=1
INITIAL_SPECIAL_CONNECTIVITY_FILTER_STATUS=DISABLED
INITIAL_SPECIAL_CONNECTIVITY_FILTERED_RO_TERMINALS=0
INITIAL_SPECIAL_CONNECTIVITY_NON_RO_FAILURES=0
INITIAL_SPECIAL_CONNECTIVITY_FILTER_REPORT=
INITIAL_UNROUTED_NETS=UNKNOWN
INITIAL_UNROUTED_NETS_SOURCE=report_route
INITIAL_ROUTE_GATE_PASS=0
INITIAL_DRC_REPORT=/sim/ksabra/SPADMIC_work/innovus/20260701_mptdc_route_ckpt_selected_via_pin_162321/reports/00_initial_verify_drc.rpt
INITIAL_REGULAR_CONNECTIVITY_REPORT=/sim/ksabra/SPADMIC_work/innovus/20260701_mptdc_route_ckpt_selected_via_pin_162321/reports/00_initial_verify_connectivity_regular.rpt
INITIAL_SPECIAL_CONNECTIVITY_REPORT=/sim/ksabra/SPADMIC_work/innovus/20260701_mptdc_route_ckpt_selected_via_pin_162321/reports/00_initial_verify_connectivity_special.rpt
INITIAL_REPORT_ROUTE=/sim/ksabra/SPADMIC_work/innovus/20260701_mptdc_route_ckpt_selected_via_pin_162321/reports/00_initial_report_route.rpt
INITIAL_MARKER_REPORT=/sim/ksabra/SPADMIC_work/innovus/20260701_mptdc_route_ckpt_selected_via_pin_162321/reports/00_initial_verify_drc_markers.tsv

COMMAND_1=deselectAll
COMMAND_1_REPORT=/sim/ksabra/SPADMIC_work/innovus/20260701_mptdc_route_ckpt_selected_via_pin_162321/reports/01_command_deselectAll.rpt
COMMAND_1_STATUS=PASS
COMMAND_1_VERIFY_DRC=0
COMMAND_1_VERIFY_SHORTS=0
COMMAND_1_VERIFY_DRC_STATUS=PASS
COMMAND_1_VERIFY_REGULAR_CONNECTIVITY_BAD=1
COMMAND_1_VERIFY_REGULAR_CONNECTIVITY_BAD_LINES={Net CTS_6: no routing.} {Net u_core_ro_fast_code_q[7]: no routing.} {Net u_core_ro_fast_code_q[6]: no routing.} {Net u_core_ro_fast_code_q[0]: no routing.} {Net u_core_n_57562: no routing.} {Net u_core_n_64592: no routing.} {Net u_core_gen_pd_row[1].gen_pd_col[1].u_pd/q1: no routing.} {7 Problem(s) (IMPVFC-98): Net has no global routing and no special routing.} {Verification Complete : 7 Viols.  0 Wrngs.}
COMMAND_1_VERIFY_SPECIAL_CONNECTIVITY_BAD=1
COMMAND_1_VERIFY_SPECIAL_CONNECTIVITY_BAD_LINES={Net VDD: dangling Wire.} {Net VSS: dangling Wire.} {32 Problem(s) (IMPVFC-94): The net has dangling wire(s).} {Verification Complete : 32 Viols.  0 Wrngs.}
COMMAND_1_VERIFY_SPECIAL_CONNECTIVITY_RAW_BAD=1
COMMAND_1_VERIFY_SPECIAL_CONNECTIVITY_FILTER_STATUS=DISABLED
COMMAND_1_VERIFY_SPECIAL_CONNECTIVITY_FILTERED_RO_TERMINALS=0
COMMAND_1_VERIFY_SPECIAL_CONNECTIVITY_NON_RO_FAILURES=0
COMMAND_1_VERIFY_SPECIAL_CONNECTIVITY_FILTER_REPORT=
COMMAND_1_VERIFY_UNROUTED_NETS=UNKNOWN
COMMAND_1_VERIFY_UNROUTED_NETS_SOURCE=report_route
COMMAND_1_VERIFY_ROUTE_GATE_PASS=0
COMMAND_1_VERIFY_DRC_REPORT=/sim/ksabra/SPADMIC_work/innovus/20260701_mptdc_route_ckpt_selected_via_pin_162321/reports/01_after_command_verify_drc.rpt
COMMAND_1_VERIFY_REGULAR_CONNECTIVITY_REPORT=/sim/ksabra/SPADMIC_work/innovus/20260701_mptdc_route_ckpt_selected_via_pin_162321/reports/01_after_command_verify_connectivity_regular.rpt
COMMAND_1_VERIFY_SPECIAL_CONNECTIVITY_REPORT=/sim/ksabra/SPADMIC_work/innovus/20260701_mptdc_route_ckpt_selected_via_pin_162321/reports/01_after_command_verify_connectivity_special.rpt
COMMAND_1_VERIFY_REPORT_ROUTE=/sim/ksabra/SPADMIC_work/innovus/20260701_mptdc_route_ckpt_selected_via_pin_162321/reports/01_after_command_report_route.rpt
COMMAND_1_VERIFY_MARKER_REPORT=/sim/ksabra/SPADMIC_work/innovus/20260701_mptdc_route_ckpt_selected_via_pin_162321/reports/01_after_command_verify_drc_markers.tsv
COMMAND_1_DRC_REPORT=/sim/ksabra/SPADMIC_work/innovus/20260701_mptdc_route_ckpt_selected_via_pin_162321/reports/01_after_command_verify_drc.rpt
COMMAND_1_MARKER_REPORT=/sim/ksabra/SPADMIC_work/innovus/20260701_mptdc_route_ckpt_selected_via_pin_162321/reports/01_after_command_verify_drc_markers.tsv

COMMAND_2=selectNet {u_core_ro_fast_code_q[0]} {u_core_ro_fast_code_q[6]} {u_core_ro_fast_code_q[7]} {CTS_6} {u_core_n_64592} {u_core_gen_pd_row[1].gen_pd_col[1].u_pd/q1} {u_core_n_57562}
COMMAND_2_REPORT=/sim/ksabra/SPADMIC_work/innovus/20260701_mptdc_route_ckpt_selected_via_pin_162321/reports/02_command_selectNet_u_core_ro_fast_code_q_0_u_core_ro_fast_code_q_6_u_core_ro_fast_code_q_7_CTS_6_u_core_n_64592_u_core_gen_pd_row_1_.gen_pd_col_1_.u_pd/q1_u_core_n_57562.rpt
COMMAND_2_STATUS=FAIL
COMMAND_2_ERROR=
COMMAND_2_VERIFY_DRC=0
COMMAND_2_VERIFY_SHORTS=0
COMMAND_2_VERIFY_DRC_STATUS=PASS
COMMAND_2_VERIFY_REGULAR_CONNECTIVITY_BAD=1
COMMAND_2_VERIFY_REGULAR_CONNECTIVITY_BAD_LINES={Net CTS_6: no routing.} {Net u_core_ro_fast_code_q[7]: no routing.} {Net u_core_ro_fast_code_q[6]: no routing.} {Net u_core_ro_fast_code_q[0]: no routing.} {Net u_core_n_57562: no routing.} {Net u_core_n_64592: no routing.} {Net u_core_gen_pd_row[1].gen_pd_col[1].u_pd/q1: no routing.} {7 Problem(s) (IMPVFC-98): Net has no global routing and no special routing.} {Verification Complete : 7 Viols.  0 Wrngs.}
COMMAND_2_VERIFY_SPECIAL_CONNECTIVITY_BAD=1
COMMAND_2_VERIFY_SPECIAL_CONNECTIVITY_BAD_LINES={Net VDD: dangling Wire.} {Net VSS: dangling Wire.} {32 Problem(s) (IMPVFC-94): The net has dangling wire(s).} {Verification Complete : 32 Viols.  0 Wrngs.}
COMMAND_2_VERIFY_SPECIAL_CONNECTIVITY_RAW_BAD=1
COMMAND_2_VERIFY_SPECIAL_CONNECTIVITY_FILTER_STATUS=DISABLED
COMMAND_2_VERIFY_SPECIAL_CONNECTIVITY_FILTERED_RO_TERMINALS=0
COMMAND_2_VERIFY_SPECIAL_CONNECTIVITY_NON_RO_FAILURES=0
COMMAND_2_VERIFY_SPECIAL_CONNECTIVITY_FILTER_REPORT=
COMMAND_2_VERIFY_UNROUTED_NETS=UNKNOWN
COMMAND_2_VERIFY_UNROUTED_NETS_SOURCE=report_route
COMMAND_2_VERIFY_ROUTE_GATE_PASS=0
COMMAND_2_VERIFY_DRC_REPORT=/sim/ksabra/SPADMIC_work/innovus/20260701_mptdc_route_ckpt_selected_via_pin_162321/reports/02_after_command_verify_drc.rpt
COMMAND_2_VERIFY_REGULAR_CONNECTIVITY_REPORT=/sim/ksabra/SPADMIC_work/innovus/20260701_mptdc_route_ckpt_selected_via_pin_162321/reports/02_after_command_verify_connectivity_regular.rpt
COMMAND_2_VERIFY_SPECIAL_CONNECTIVITY_REPORT=/sim/ksabra/SPADMIC_work/innovus/20260701_mptdc_route_ckpt_selected_via_pin_162321/reports/02_after_command_verify_connectivity_special.rpt
COMMAND_2_VERIFY_REPORT_ROUTE=/sim/ksabra/SPADMIC_work/innovus/20260701_mptdc_route_ckpt_selected_via_pin_162321/reports/02_after_command_report_route.rpt
COMMAND_2_VERIFY_MARKER_REPORT=/sim/ksabra/SPADMIC_work/innovus/20260701_mptdc_route_ckpt_selected_via_pin_162321/reports/02_after_command_verify_drc_markers.tsv
COMMAND_2_DRC_REPORT=/sim/ksabra/SPADMIC_work/innovus/20260701_mptdc_route_ckpt_selected_via_pin_162321/reports/02_after_command_verify_drc.rpt
COMMAND_2_MARKER_REPORT=/sim/ksabra/SPADMIC_work/innovus/20260701_mptdc_route_ckpt_selected_via_pin_162321/reports/02_after_command_verify_drc_markers.tsv

COMMAND_3=setNanoRouteMode -route_selected_net_only true
COMMAND_3_REPORT=/sim/ksabra/SPADMIC_work/innovus/20260701_mptdc_route_ckpt_selected_via_pin_162321/reports/03_command_setNanoRouteMode_-route_selected_net_only_true.rpt
COMMAND_3_STATUS=PASS
COMMAND_3_VERIFY_DRC=0
COMMAND_3_VERIFY_SHORTS=0
COMMAND_3_VERIFY_DRC_STATUS=PASS
COMMAND_3_VERIFY_REGULAR_CONNECTIVITY_BAD=1
COMMAND_3_VERIFY_REGULAR_CONNECTIVITY_BAD_LINES={Net CTS_6: no routing.} {Net u_core_ro_fast_code_q[7]: no routing.} {Net u_core_ro_fast_code_q[6]: no routing.} {Net u_core_ro_fast_code_q[0]: no routing.} {Net u_core_n_57562: no routing.} {Net u_core_n_64592: no routing.} {Net u_core_gen_pd_row[1].gen_pd_col[1].u_pd/q1: no routing.} {7 Problem(s) (IMPVFC-98): Net has no global routing and no special routing.} {Verification Complete : 7 Viols.  0 Wrngs.}
COMMAND_3_VERIFY_SPECIAL_CONNECTIVITY_BAD=1
COMMAND_3_VERIFY_SPECIAL_CONNECTIVITY_BAD_LINES={Net VDD: dangling Wire.} {Net VSS: dangling Wire.} {32 Problem(s) (IMPVFC-94): The net has dangling wire(s).} {Verification Complete : 32 Viols.  0 Wrngs.}
COMMAND_3_VERIFY_SPECIAL_CONNECTIVITY_RAW_BAD=1
COMMAND_3_VERIFY_SPECIAL_CONNECTIVITY_FILTER_STATUS=DISABLED
COMMAND_3_VERIFY_SPECIAL_CONNECTIVITY_FILTERED_RO_TERMINALS=0
COMMAND_3_VERIFY_SPECIAL_CONNECTIVITY_NON_RO_FAILURES=0
COMMAND_3_VERIFY_SPECIAL_CONNECTIVITY_FILTER_REPORT=
COMMAND_3_VERIFY_UNROUTED_NETS=UNKNOWN
COMMAND_3_VERIFY_UNROUTED_NETS_SOURCE=report_route
COMMAND_3_VERIFY_ROUTE_GATE_PASS=0
COMMAND_3_VERIFY_DRC_REPORT=/sim/ksabra/SPADMIC_work/innovus/20260701_mptdc_route_ckpt_selected_via_pin_162321/reports/03_after_command_verify_drc.rpt
COMMAND_3_VERIFY_REGULAR_CONNECTIVITY_REPORT=/sim/ksabra/SPADMIC_work/innovus/20260701_mptdc_route_ckpt_selected_via_pin_162321/reports/03_after_command_verify_connectivity_regular.rpt
COMMAND_3_VERIFY_SPECIAL_CONNECTIVITY_REPORT=/sim/ksabra/SPADMIC_work/innovus/20260701_mptdc_route_ckpt_selected_via_pin_162321/reports/03_after_command_verify_connectivity_special.rpt
COMMAND_3_VERIFY_REPORT_ROUTE=/sim/ksabra/SPADMIC_work/innovus/20260701_mptdc_route_ckpt_selected_via_pin_162321/reports/03_after_command_report_route.rpt
COMMAND_3_VERIFY_MARKER_REPORT=/sim/ksabra/SPADMIC_work/innovus/20260701_mptdc_route_ckpt_selected_via_pin_162321/reports/03_after_command_verify_drc_markers.tsv
COMMAND_3_DRC_REPORT=/sim/ksabra/SPADMIC_work/innovus/20260701_mptdc_route_ckpt_selected_via_pin_162321/reports/03_after_command_verify_drc.rpt
COMMAND_3_MARKER_REPORT=/sim/ksabra/SPADMIC_work/innovus/20260701_mptdc_route_ckpt_selected_via_pin_162321/reports/03_after_command_verify_drc_markers.tsv

COMMAND_4=setNanoRouteMode -route_with_via_in_pin true
COMMAND_4_REPORT=/sim/ksabra/SPADMIC_work/innovus/20260701_mptdc_route_ckpt_selected_via_pin_162321/reports/04_command_setNanoRouteMode_-route_with_via_in_pin_true.rpt
COMMAND_4_STATUS=PASS
COMMAND_4_VERIFY_DRC=1000
COMMAND_4_VERIFY_SHORTS=0
COMMAND_4_VERIFY_DRC_STATUS=FAIL
COMMAND_4_VERIFY_REGULAR_CONNECTIVITY_BAD=1
COMMAND_4_VERIFY_REGULAR_CONNECTIVITY_BAD_LINES={Net CTS_6: no routing.} {Net u_core_ro_fast_code_q[7]: no routing.} {Net u_core_ro_fast_code_q[6]: no routing.} {Net u_core_ro_fast_code_q[0]: no routing.} {Net u_core_n_57562: no routing.} {Net u_core_n_64592: no routing.} {Net u_core_gen_pd_row[1].gen_pd_col[1].u_pd/q1: no routing.} {7 Problem(s) (IMPVFC-98): Net has no global routing and no special routing.} {Verification Complete : 7 Viols.  0 Wrngs.}
COMMAND_4_VERIFY_SPECIAL_CONNECTIVITY_BAD=1
COMMAND_4_VERIFY_SPECIAL_CONNECTIVITY_BAD_LINES={Net VDD: dangling Wire.} {Net VSS: dangling Wire.} {32 Problem(s) (IMPVFC-94): The net has dangling wire(s).} {Verification Complete : 32 Viols.  0 Wrngs.}
COMMAND_4_VERIFY_SPECIAL_CONNECTIVITY_RAW_BAD=1
COMMAND_4_VERIFY_SPECIAL_CONNECTIVITY_FILTER_STATUS=DISABLED
COMMAND_4_VERIFY_SPECIAL_CONNECTIVITY_FILTERED_RO_TERMINALS=0
COMMAND_4_VERIFY_SPECIAL_CONNECTIVITY_NON_RO_FAILURES=0
COMMAND_4_VERIFY_SPECIAL_CONNECTIVITY_FILTER_REPORT=
COMMAND_4_VERIFY_UNROUTED_NETS=UNKNOWN
COMMAND_4_VERIFY_UNROUTED_NETS_SOURCE=report_route
COMMAND_4_VERIFY_ROUTE_GATE_PASS=0
COMMAND_4_VERIFY_DRC_REPORT=/sim/ksabra/SPADMIC_work/innovus/20260701_mptdc_route_ckpt_selected_via_pin_162321/reports/04_after_command_verify_drc.rpt
COMMAND_4_VERIFY_REGULAR_CONNECTIVITY_REPORT=/sim/ksabra/SPADMIC_work/innovus/20260701_mptdc_route_ckpt_selected_via_pin_162321/reports/04_after_command_verify_connectivity_regular.rpt
COMMAND_4_VERIFY_SPECIAL_CONNECTIVITY_REPORT=/sim/ksabra/SPADMIC_work/innovus/20260701_mptdc_route_ckpt_selected_via_pin_162321/reports/04_after_command_verify_connectivity_special.rpt
COMMAND_4_VERIFY_REPORT_ROUTE=/sim/ksabra/SPADMIC_work/innovus/20260701_mptdc_route_ckpt_selected_via_pin_162321/reports/04_after_command_report_route.rpt
COMMAND_4_VERIFY_MARKER_REPORT=/sim/ksabra/SPADMIC_work/innovus/20260701_mptdc_route_ckpt_selected_via_pin_162321/reports/04_after_command_verify_drc_markers.tsv
COMMAND_4_DRC_REPORT=/sim/ksabra/SPADMIC_work/innovus/20260701_mptdc_route_ckpt_selected_via_pin_162321/reports/04_after_command_verify_drc.rpt
COMMAND_4_MARKER_REPORT=/sim/ksabra/SPADMIC_work/innovus/20260701_mptdc_route_ckpt_selected_via_pin_162321/reports/04_after_command_verify_drc_markers.tsv

COMMAND_5=setNanoRouteMode -route_with_via_only_for_block_cell_pin true
COMMAND_5_REPORT=/sim/ksabra/SPADMIC_work/innovus/20260701_mptdc_route_ckpt_selected_via_pin_162321/reports/05_command_setNanoRouteMode_-route_with_via_only_for_block_cell_pin_true.rpt
COMMAND_5_STATUS=PASS
COMMAND_5_VERIFY_DRC=1000
COMMAND_5_VERIFY_SHORTS=0
COMMAND_5_VERIFY_DRC_STATUS=FAIL
COMMAND_5_VERIFY_REGULAR_CONNECTIVITY_BAD=1
COMMAND_5_VERIFY_REGULAR_CONNECTIVITY_BAD_LINES={Net CTS_6: no routing.} {Net u_core_ro_fast_code_q[7]: no routing.} {Net u_core_ro_fast_code_q[6]: no routing.} {Net u_core_ro_fast_code_q[0]: no routing.} {Net u_core_n_57562: no routing.} {Net u_core_n_64592: no routing.} {Net u_core_gen_pd_row[1].gen_pd_col[1].u_pd/q1: no routing.} {7 Problem(s) (IMPVFC-98): Net has no global routing and no special routing.} {Verification Complete : 7 Viols.  0 Wrngs.}
COMMAND_5_VERIFY_SPECIAL_CONNECTIVITY_BAD=1
COMMAND_5_VERIFY_SPECIAL_CONNECTIVITY_BAD_LINES={Net VDD: dangling Wire.} {Net VSS: dangling Wire.} {32 Problem(s) (IMPVFC-94): The net has dangling wire(s).} {Verification Complete : 32 Viols.  0 Wrngs.}
COMMAND_5_VERIFY_SPECIAL_CONNECTIVITY_RAW_BAD=1
COMMAND_5_VERIFY_SPECIAL_CONNECTIVITY_FILTER_STATUS=DISABLED
COMMAND_5_VERIFY_SPECIAL_CONNECTIVITY_FILTERED_RO_TERMINALS=0
COMMAND_5_VERIFY_SPECIAL_CONNECTIVITY_NON_RO_FAILURES=0
COMMAND_5_VERIFY_SPECIAL_CONNECTIVITY_FILTER_REPORT=
COMMAND_5_VERIFY_UNROUTED_NETS=UNKNOWN
COMMAND_5_VERIFY_UNROUTED_NETS_SOURCE=report_route
COMMAND_5_VERIFY_ROUTE_GATE_PASS=0
COMMAND_5_VERIFY_DRC_REPORT=/sim/ksabra/SPADMIC_work/innovus/20260701_mptdc_route_ckpt_selected_via_pin_162321/reports/05_after_command_verify_drc.rpt
COMMAND_5_VERIFY_REGULAR_CONNECTIVITY_REPORT=/sim/ksabra/SPADMIC_work/innovus/20260701_mptdc_route_ckpt_selected_via_pin_162321/reports/05_after_command_verify_connectivity_regular.rpt
COMMAND_5_VERIFY_SPECIAL_CONNECTIVITY_REPORT=/sim/ksabra/SPADMIC_work/innovus/20260701_mptdc_route_ckpt_selected_via_pin_162321/reports/05_after_command_verify_connectivity_special.rpt
COMMAND_5_VERIFY_REPORT_ROUTE=/sim/ksabra/SPADMIC_work/innovus/20260701_mptdc_route_ckpt_selected_via_pin_162321/reports/05_after_command_report_route.rpt
COMMAND_5_VERIFY_MARKER_REPORT=/sim/ksabra/SPADMIC_work/innovus/20260701_mptdc_route_ckpt_selected_via_pin_162321/reports/05_after_command_verify_drc_markers.tsv
COMMAND_5_DRC_REPORT=/sim/ksabra/SPADMIC_work/innovus/20260701_mptdc_route_ckpt_selected_via_pin_162321/reports/05_after_command_verify_drc.rpt
COMMAND_5_MARKER_REPORT=/sim/ksabra/SPADMIC_work/innovus/20260701_mptdc_route_ckpt_selected_via_pin_162321/reports/05_after_command_verify_drc_markers.tsv

COMMAND_6=setNanoRouteMode -route_detail_check_mar_on_cell_pin true
COMMAND_6_REPORT=/sim/ksabra/SPADMIC_work/innovus/20260701_mptdc_route_ckpt_selected_via_pin_162321/reports/06_command_setNanoRouteMode_-route_detail_check_mar_on_cell_pin_true.rpt
COMMAND_6_STATUS=PASS
COMMAND_6_VERIFY_DRC=1000
COMMAND_6_VERIFY_SHORTS=0
COMMAND_6_VERIFY_DRC_STATUS=FAIL
COMMAND_6_VERIFY_REGULAR_CONNECTIVITY_BAD=1
COMMAND_6_VERIFY_REGULAR_CONNECTIVITY_BAD_LINES={Net CTS_6: no routing.} {Net u_core_ro_fast_code_q[7]: no routing.} {Net u_core_ro_fast_code_q[6]: no routing.} {Net u_core_ro_fast_code_q[0]: no routing.} {Net u_core_n_57562: no routing.} {Net u_core_n_64592: no routing.} {Net u_core_gen_pd_row[1].gen_pd_col[1].u_pd/q1: no routing.} {7 Problem(s) (IMPVFC-98): Net has no global routing and no special routing.} {Verification Complete : 7 Viols.  0 Wrngs.}
COMMAND_6_VERIFY_SPECIAL_CONNECTIVITY_BAD=1
COMMAND_6_VERIFY_SPECIAL_CONNECTIVITY_BAD_LINES={Net VDD: dangling Wire.} {Net VSS: dangling Wire.} {32 Problem(s) (IMPVFC-94): The net has dangling wire(s).} {Verification Complete : 32 Viols.  0 Wrngs.}
COMMAND_6_VERIFY_SPECIAL_CONNECTIVITY_RAW_BAD=1
COMMAND_6_VERIFY_SPECIAL_CONNECTIVITY_FILTER_STATUS=DISABLED
COMMAND_6_VERIFY_SPECIAL_CONNECTIVITY_FILTERED_RO_TERMINALS=0
COMMAND_6_VERIFY_SPECIAL_CONNECTIVITY_NON_RO_FAILURES=0
COMMAND_6_VERIFY_SPECIAL_CONNECTIVITY_FILTER_REPORT=
COMMAND_6_VERIFY_UNROUTED_NETS=UNKNOWN
COMMAND_6_VERIFY_UNROUTED_NETS_SOURCE=report_route
COMMAND_6_VERIFY_ROUTE_GATE_PASS=0
COMMAND_6_VERIFY_DRC_REPORT=/sim/ksabra/SPADMIC_work/innovus/20260701_mptdc_route_ckpt_selected_via_pin_162321/reports/06_after_command_verify_drc.rpt
COMMAND_6_VERIFY_REGULAR_CONNECTIVITY_REPORT=/sim/ksabra/SPADMIC_work/innovus/20260701_mptdc_route_ckpt_selected_via_pin_162321/reports/06_after_command_verify_connectivity_regular.rpt
COMMAND_6_VERIFY_SPECIAL_CONNECTIVITY_REPORT=/sim/ksabra/SPADMIC_work/innovus/20260701_mptdc_route_ckpt_selected_via_pin_162321/reports/06_after_command_verify_connectivity_special.rpt
COMMAND_6_VERIFY_REPORT_ROUTE=/sim/ksabra/SPADMIC_work/innovus/20260701_mptdc_route_ckpt_selected_via_pin_162321/reports/06_after_command_report_route.rpt
COMMAND_6_VERIFY_MARKER_REPORT=/sim/ksabra/SPADMIC_work/innovus/20260701_mptdc_route_ckpt_selected_via_pin_162321/reports/06_after_command_verify_drc_markers.tsv
COMMAND_6_DRC_REPORT=/sim/ksabra/SPADMIC_work/innovus/20260701_mptdc_route_ckpt_selected_via_pin_162321/reports/06_after_command_verify_drc.rpt
COMMAND_6_MARKER_REPORT=/sim/ksabra/SPADMIC_work/innovus/20260701_mptdc_route_ckpt_selected_via_pin_162321/reports/06_after_command_verify_drc_markers.tsv

COMMAND_7=globalDetailRoute -select
COMMAND_7_REPORT=/sim/ksabra/SPADMIC_work/innovus/20260701_mptdc_route_ckpt_selected_via_pin_162321/reports/07_command_globalDetailRoute_-select.rpt
COMMAND_7_STATUS=FAIL
COMMAND_7_ERROR=
COMMAND_7_VERIFY_DRC=1000
COMMAND_7_VERIFY_SHORTS=0
COMMAND_7_VERIFY_DRC_STATUS=FAIL
COMMAND_7_VERIFY_REGULAR_CONNECTIVITY_BAD=1
COMMAND_7_VERIFY_REGULAR_CONNECTIVITY_BAD_LINES={Net CTS_6: no routing.} {Net u_core_ro_fast_code_q[7]: no routing.} {Net u_core_ro_fast_code_q[6]: no routing.} {Net u_core_ro_fast_code_q[0]: no routing.} {Net u_core_n_57562: no routing.} {Net u_core_n_64592: no routing.} {Net u_core_gen_pd_row[1].gen_pd_col[1].u_pd/q1: no routing.} {7 Problem(s) (IMPVFC-98): Net has no global routing and no special routing.} {Verification Complete : 7 Viols.  0 Wrngs.}
COMMAND_7_VERIFY_SPECIAL_CONNECTIVITY_BAD=1
COMMAND_7_VERIFY_SPECIAL_CONNECTIVITY_BAD_LINES={Net VDD: dangling Wire.} {Net VSS: dangling Wire.} {32 Problem(s) (IMPVFC-94): The net has dangling wire(s).} {Verification Complete : 32 Viols.  0 Wrngs.}
COMMAND_7_VERIFY_SPECIAL_CONNECTIVITY_RAW_BAD=1
COMMAND_7_VERIFY_SPECIAL_CONNECTIVITY_FILTER_STATUS=DISABLED
COMMAND_7_VERIFY_SPECIAL_CONNECTIVITY_FILTERED_RO_TERMINALS=0
COMMAND_7_VERIFY_SPECIAL_CONNECTIVITY_NON_RO_FAILURES=0
COMMAND_7_VERIFY_SPECIAL_CONNECTIVITY_FILTER_REPORT=
COMMAND_7_VERIFY_UNROUTED_NETS=UNKNOWN
COMMAND_7_VERIFY_UNROUTED_NETS_SOURCE=report_route
COMMAND_7_VERIFY_ROUTE_GATE_PASS=0
COMMAND_7_VERIFY_DRC_REPORT=/sim/ksabra/SPADMIC_work/innovus/20260701_mptdc_route_ckpt_selected_via_pin_162321/reports/07_after_command_verify_drc.rpt
COMMAND_7_VERIFY_REGULAR_CONNECTIVITY_REPORT=/sim/ksabra/SPADMIC_work/innovus/20260701_mptdc_route_ckpt_selected_via_pin_162321/reports/07_after_command_verify_connectivity_regular.rpt
COMMAND_7_VERIFY_SPECIAL_CONNECTIVITY_REPORT=/sim/ksabra/SPADMIC_work/innovus/20260701_mptdc_route_ckpt_selected_via_pin_162321/reports/07_after_command_verify_connectivity_special.rpt
COMMAND_7_VERIFY_REPORT_ROUTE=/sim/ksabra/SPADMIC_work/innovus/20260701_mptdc_route_ckpt_selected_via_pin_162321/reports/07_after_command_report_route.rpt
COMMAND_7_VERIFY_MARKER_REPORT=/sim/ksabra/SPADMIC_work/innovus/20260701_mptdc_route_ckpt_selected_via_pin_162321/reports/07_after_command_verify_drc_markers.tsv
COMMAND_7_DRC_REPORT=/sim/ksabra/SPADMIC_work/innovus/20260701_mptdc_route_ckpt_selected_via_pin_162321/reports/07_after_command_verify_drc.rpt
COMMAND_7_MARKER_REPORT=/sim/ksabra/SPADMIC_work/innovus/20260701_mptdc_route_ckpt_selected_via_pin_162321/reports/07_after_command_verify_drc_markers.tsv

COMMAND_8=detailRoute -select
COMMAND_8_REPORT=/sim/ksabra/SPADMIC_work/innovus/20260701_mptdc_route_ckpt_selected_via_pin_162321/reports/08_command_detailRoute_-select.rpt
COMMAND_8_STATUS=PASS
COMMAND_8_VERIFY_DRC=1000
COMMAND_8_VERIFY_SHORTS=0
COMMAND_8_VERIFY_DRC_STATUS=FAIL
COMMAND_8_VERIFY_REGULAR_CONNECTIVITY_BAD=1
COMMAND_8_VERIFY_REGULAR_CONNECTIVITY_BAD_LINES={Net CTS_6: no routing.} {Net u_core_ro_fast_code_q[7]: no routing.} {Net u_core_ro_fast_code_q[6]: no routing.} {Net u_core_ro_fast_code_q[0]: no routing.} {Net u_core_n_57562: no routing.} {Net u_core_n_64592: no routing.} {Net u_core_gen_pd_row[1].gen_pd_col[1].u_pd/q1: no routing.} {7 Problem(s) (IMPVFC-98): Net has no global routing and no special routing.} {Verification Complete : 7 Viols.  0 Wrngs.}
COMMAND_8_VERIFY_SPECIAL_CONNECTIVITY_BAD=1
COMMAND_8_VERIFY_SPECIAL_CONNECTIVITY_BAD_LINES={Net VDD: dangling Wire.} {Net VSS: dangling Wire.} {32 Problem(s) (IMPVFC-94): The net has dangling wire(s).} {Verification Complete : 32 Viols.  0 Wrngs.}
COMMAND_8_VERIFY_SPECIAL_CONNECTIVITY_RAW_BAD=1
COMMAND_8_VERIFY_SPECIAL_CONNECTIVITY_FILTER_STATUS=DISABLED
COMMAND_8_VERIFY_SPECIAL_CONNECTIVITY_FILTERED_RO_TERMINALS=0
COMMAND_8_VERIFY_SPECIAL_CONNECTIVITY_NON_RO_FAILURES=0
COMMAND_8_VERIFY_SPECIAL_CONNECTIVITY_FILTER_REPORT=
COMMAND_8_VERIFY_UNROUTED_NETS=UNKNOWN
COMMAND_8_VERIFY_UNROUTED_NETS_SOURCE=report_route
COMMAND_8_VERIFY_ROUTE_GATE_PASS=0
COMMAND_8_VERIFY_DRC_REPORT=/sim/ksabra/SPADMIC_work/innovus/20260701_mptdc_route_ckpt_selected_via_pin_162321/reports/08_after_command_verify_drc.rpt
COMMAND_8_VERIFY_REGULAR_CONNECTIVITY_REPORT=/sim/ksabra/SPADMIC_work/innovus/20260701_mptdc_route_ckpt_selected_via_pin_162321/reports/08_after_command_verify_connectivity_regular.rpt
COMMAND_8_VERIFY_SPECIAL_CONNECTIVITY_REPORT=/sim/ksabra/SPADMIC_work/innovus/20260701_mptdc_route_ckpt_selected_via_pin_162321/reports/08_after_command_verify_connectivity_special.rpt
COMMAND_8_VERIFY_REPORT_ROUTE=/sim/ksabra/SPADMIC_work/innovus/20260701_mptdc_route_ckpt_selected_via_pin_162321/reports/08_after_command_report_route.rpt
COMMAND_8_VERIFY_MARKER_REPORT=/sim/ksabra/SPADMIC_work/innovus/20260701_mptdc_route_ckpt_selected_via_pin_162321/reports/08_after_command_verify_drc_markers.tsv
COMMAND_8_DRC_REPORT=/sim/ksabra/SPADMIC_work/innovus/20260701_mptdc_route_ckpt_selected_via_pin_162321/reports/08_after_command_verify_drc.rpt
COMMAND_8_MARKER_REPORT=/sim/ksabra/SPADMIC_work/innovus/20260701_mptdc_route_ckpt_selected_via_pin_162321/reports/08_after_command_verify_drc_markers.tsv

COMMAND_9=ecoRoute -fix_drc
COMMAND_9_REPORT=/sim/ksabra/SPADMIC_work/innovus/20260701_mptdc_route_ckpt_selected_via_pin_162321/reports/09_command_ecoRoute_-fix_drc.rpt
COMMAND_9_STATUS=PASS
COMMAND_9_VERIFY_DRC=1000
COMMAND_9_VERIFY_SHORTS=0
COMMAND_9_VERIFY_DRC_STATUS=FAIL
COMMAND_9_VERIFY_REGULAR_CONNECTIVITY_BAD=1
COMMAND_9_VERIFY_REGULAR_CONNECTIVITY_BAD_LINES={Net CTS_6: no routing.} {Net u_core_ro_fast_code_q[7]: no routing.} {Net u_core_ro_fast_code_q[6]: no routing.} {Net u_core_ro_fast_code_q[0]: no routing.} {Net u_core_n_57562: no routing.} {Net u_core_n_64592: no routing.} {Net u_core_gen_pd_row[1].gen_pd_col[1].u_pd/q1: no routing.} {7 Problem(s) (IMPVFC-98): Net has no global routing and no special routing.} {Verification Complete : 7 Viols.  0 Wrngs.}
COMMAND_9_VERIFY_SPECIAL_CONNECTIVITY_BAD=1
COMMAND_9_VERIFY_SPECIAL_CONNECTIVITY_BAD_LINES={Net VDD: dangling Wire.} {Net VSS: dangling Wire.} {32 Problem(s) (IMPVFC-94): The net has dangling wire(s).} {Verification Complete : 32 Viols.  0 Wrngs.}
COMMAND_9_VERIFY_SPECIAL_CONNECTIVITY_RAW_BAD=1
COMMAND_9_VERIFY_SPECIAL_CONNECTIVITY_FILTER_STATUS=DISABLED
COMMAND_9_VERIFY_SPECIAL_CONNECTIVITY_FILTERED_RO_TERMINALS=0
COMMAND_9_VERIFY_SPECIAL_CONNECTIVITY_NON_RO_FAILURES=0
COMMAND_9_VERIFY_SPECIAL_CONNECTIVITY_FILTER_REPORT=
COMMAND_9_VERIFY_UNROUTED_NETS=UNKNOWN
COMMAND_9_VERIFY_UNROUTED_NETS_SOURCE=report_route
COMMAND_9_VERIFY_ROUTE_GATE_PASS=0
COMMAND_9_VERIFY_DRC_REPORT=/sim/ksabra/SPADMIC_work/innovus/20260701_mptdc_route_ckpt_selected_via_pin_162321/reports/09_after_command_verify_drc.rpt
COMMAND_9_VERIFY_REGULAR_CONNECTIVITY_REPORT=/sim/ksabra/SPADMIC_work/innovus/20260701_mptdc_route_ckpt_selected_via_pin_162321/reports/09_after_command_verify_connectivity_regular.rpt
COMMAND_9_VERIFY_SPECIAL_CONNECTIVITY_REPORT=/sim/ksabra/SPADMIC_work/innovus/20260701_mptdc_route_ckpt_selected_via_pin_162321/reports/09_after_command_verify_connectivity_special.rpt
COMMAND_9_VERIFY_REPORT_ROUTE=/sim/ksabra/SPADMIC_work/innovus/20260701_mptdc_route_ckpt_selected_via_pin_162321/reports/09_after_command_report_route.rpt
COMMAND_9_VERIFY_MARKER_REPORT=/sim/ksabra/SPADMIC_work/innovus/20260701_mptdc_route_ckpt_selected_via_pin_162321/reports/09_after_command_verify_drc_markers.tsv
COMMAND_9_DRC_REPORT=/sim/ksabra/SPADMIC_work/innovus/20260701_mptdc_route_ckpt_selected_via_pin_162321/reports/09_after_command_verify_drc.rpt
COMMAND_9_MARKER_REPORT=/sim/ksabra/SPADMIC_work/innovus/20260701_mptdc_route_ckpt_selected_via_pin_162321/reports/09_after_command_verify_drc_markers.tsv

COMMAND_10=setNanoRouteMode -route_selected_net_only false
COMMAND_10_REPORT=/sim/ksabra/SPADMIC_work/innovus/20260701_mptdc_route_ckpt_selected_via_pin_162321/reports/10_command_setNanoRouteMode_-route_selected_net_only_false.rpt
COMMAND_10_STATUS=PASS
COMMAND_10_VERIFY_DRC=1000
COMMAND_10_VERIFY_SHORTS=0
COMMAND_10_VERIFY_DRC_STATUS=FAIL
COMMAND_10_VERIFY_REGULAR_CONNECTIVITY_BAD=1
COMMAND_10_VERIFY_REGULAR_CONNECTIVITY_BAD_LINES={Net CTS_6: no routing.} {Net u_core_ro_fast_code_q[7]: no routing.} {Net u_core_ro_fast_code_q[6]: no routing.} {Net u_core_ro_fast_code_q[0]: no routing.} {Net u_core_n_57562: no routing.} {Net u_core_n_64592: no routing.} {Net u_core_gen_pd_row[1].gen_pd_col[1].u_pd/q1: no routing.} {7 Problem(s) (IMPVFC-98): Net has no global routing and no special routing.} {Verification Complete : 7 Viols.  0 Wrngs.}
COMMAND_10_VERIFY_SPECIAL_CONNECTIVITY_BAD=1
COMMAND_10_VERIFY_SPECIAL_CONNECTIVITY_BAD_LINES={Net VDD: dangling Wire.} {Net VSS: dangling Wire.} {32 Problem(s) (IMPVFC-94): The net has dangling wire(s).} {Verification Complete : 32 Viols.  0 Wrngs.}
COMMAND_10_VERIFY_SPECIAL_CONNECTIVITY_RAW_BAD=1
COMMAND_10_VERIFY_SPECIAL_CONNECTIVITY_FILTER_STATUS=DISABLED
COMMAND_10_VERIFY_SPECIAL_CONNECTIVITY_FILTERED_RO_TERMINALS=0
COMMAND_10_VERIFY_SPECIAL_CONNECTIVITY_NON_RO_FAILURES=0
COMMAND_10_VERIFY_SPECIAL_CONNECTIVITY_FILTER_REPORT=
COMMAND_10_VERIFY_UNROUTED_NETS=UNKNOWN
COMMAND_10_VERIFY_UNROUTED_NETS_SOURCE=report_route
COMMAND_10_VERIFY_ROUTE_GATE_PASS=0
COMMAND_10_VERIFY_DRC_REPORT=/sim/ksabra/SPADMIC_work/innovus/20260701_mptdc_route_ckpt_selected_via_pin_162321/reports/10_after_command_verify_drc.rpt
COMMAND_10_VERIFY_REGULAR_CONNECTIVITY_REPORT=/sim/ksabra/SPADMIC_work/innovus/20260701_mptdc_route_ckpt_selected_via_pin_162321/reports/10_after_command_verify_connectivity_regular.rpt
COMMAND_10_VERIFY_SPECIAL_CONNECTIVITY_REPORT=/sim/ksabra/SPADMIC_work/innovus/20260701_mptdc_route_ckpt_selected_via_pin_162321/reports/10_after_command_verify_connectivity_special.rpt
COMMAND_10_VERIFY_REPORT_ROUTE=/sim/ksabra/SPADMIC_work/innovus/20260701_mptdc_route_ckpt_selected_via_pin_162321/reports/10_after_command_report_route.rpt
COMMAND_10_VERIFY_MARKER_REPORT=/sim/ksabra/SPADMIC_work/innovus/20260701_mptdc_route_ckpt_selected_via_pin_162321/reports/10_after_command_verify_drc_markers.tsv
COMMAND_10_DRC_REPORT=/sim/ksabra/SPADMIC_work/innovus/20260701_mptdc_route_ckpt_selected_via_pin_162321/reports/10_after_command_verify_drc.rpt
COMMAND_10_MARKER_REPORT=/sim/ksabra/SPADMIC_work/innovus/20260701_mptdc_route_ckpt_selected_via_pin_162321/reports/10_after_command_verify_drc_markers.tsv

FINAL_DRC=1000
FINAL_SHORTS=0
FINAL_DRC_STATUS=FAIL
FINAL_REGULAR_CONNECTIVITY_BAD=1
FINAL_SPECIAL_CONNECTIVITY_BAD=1
FINAL_UNROUTED_NETS=UNKNOWN
FINAL_ROUTE_GATE_PASS=0
FINAL_DEF=/sim/ksabra/SPADMIC_work/innovus/20260701_mptdc_route_ckpt_selected_via_pin_162321/def/repaired_route.def
FINAL_CHECKPOINT=/sim/ksabra/SPADMIC_work/innovus/20260701_mptdc_route_ckpt_selected_via_pin_162321/checkpoints/repaired_route.enc
FINAL_CHECKPOINT_DAT=/sim/ksabra/SPADMIC_work/innovus/20260701_mptdc_route_ckpt_selected_via_pin_162321/checkpoints/repaired_route.enc.dat
FINAL_CHECKPOINT_DAT_EXISTS=1
CHECKPOINT_REPAIR_STATUS=REVIEW_REQUIRED
