============================================================
  Generated by:           Genus(TM) Synthesis Solution 22.13-s093_1
  Generated on:           Jun 04 2026  01:40:13 pm
  Module:                 mptdc_top_asic
  Operating conditions:   typ_1_80V_25C 
  Interconnect mode:      global
  Area mode:              physical library
============================================================

Timing
--------

Analysis view       Clock       Period 
---------------------------------------
tc_view       clk_osc_fast      1333.0 
              clk_osc_fast_tap1 1333.0 
              clk_osc_fast_tap2 1333.0 
              clk_osc_fast_tap3 1333.0 
              clk_osc_fast_tap4 1333.0 
              clk_osc_fast_tap5 1333.0 
              clk_osc_fast_tap6 1333.0 
              clk_osc_fast_tap7 1333.0 
              clk_osc_slow      1430.0 
              clk_osc_slow_tap1 1430.0 
              clk_osc_slow_tap2 1430.0 
              clk_osc_slow_tap3 1430.0 
              clk_osc_slow_tap4 1430.0 
              clk_osc_slow_tap5 1430.0 
              clk_osc_slow_tap6 1430.0 
              clk_osc_slow_tap7 1430.0 
              clk_sys           6250.0 


Analysis        Cost        Critical            Violating 
  View         Group       Path Slack    TNS      Paths   
----------------------------------------------------------
tc_view       clk_osc_fast      -59.8  -3321.0         57 
         clk_osc_fast_tap1      -59.8  -3350.4         57 
         clk_osc_fast_tap2      -65.3  -3658.4         57 
         clk_osc_fast_tap3      -65.3  -3658.4         57 
         clk_osc_fast_tap4      -65.3  -3582.1         57 
         clk_osc_fast_tap5      -65.3  -3582.1         57 
         clk_osc_fast_tap6      -65.3  -3582.1         57 
         clk_osc_fast_tap7      -65.3  -3619.9         57 
              clk_osc_slow      387.4      0.0          0 
         clk_osc_slow_tap1   No paths      0.0          0 
         clk_osc_slow_tap2   No paths      0.0          0 
         clk_osc_slow_tap3   No paths      0.0          0 
         clk_osc_slow_tap4   No paths      0.0          0 
         clk_osc_slow_tap5   No paths      0.0          0 
         clk_osc_slow_tap6   No paths      0.0          0 
         clk_osc_slow_tap7   No paths      0.0          0 
                   clk_sys     2217.1      0.0          0 
                   default   No paths      0.0          0 
----------------------------------------------------------
Total                                 -28354.4        456 
                                                          

Instance Count
--------------
Leaf Instance Count             20271 
Physical Instance count             0 
Sequential Instance Count        5697 
Combinational Instance Count    14574 
Hierarchical Instance Count        79 

Area
----
Cell Area                          495417.564
Physical Cell Area                 0.000
Total Cell Area (Cell+Physical)    495417.564
Net Area                           766.718
Total Area (Cell+Physical+Net)     496184.282

Power
-----
Leakage Power                      80.487 nW
Dynamic Power                      66299514.764 nW
Total Power                        66299595.251 nW

Max Fanout                         4859 (clk_sys)
Min Fanout                         0 (local_async_rst_n)
Average Fanout                     2.5
Terms to net ratio                 4.3786
Terms to instance ratio            4.5116
Runtime                            152.44865400000003 seconds
Elapsed Runtime                    152 seconds
Genus peak memory usage            2194.96 
Innovus peak memory usage          no_value 
Hostname                           lyoelectrosrv01.in2p3.fr
