============================================================
  Generated by:           Genus(TM) Synthesis Solution 22.13-s093_1
  Generated on:           Jun 04 2026  01:45:34 pm
  Module:                 mptdc_top_asic
  Operating conditions:   typ_1_80V_25C 
  Interconnect mode:      global
  Area mode:              physical library
============================================================


Path 1: VIOLATED (-2 ps) Setup Check with Pin u_core_gen_pd_row[7].gen_pd_col[0].u_pd/nfast_hit_latched_reg[5]/C->D
           View: tc_view
          Group: clk_osc_fast
     Startpoint: (R) u_core_gen_fast_tag_col[0].u_fast_tag_tag_o_reg[5]/C
          Clock: (R) clk_osc_fast
       Endpoint: (F) u_core_gen_pd_row[7].gen_pd_col[0].u_pd/nfast_hit_latched_reg[5]/D
          Clock: (R) clk_osc_fast

                     Capture       Launch     
        Clock Edge:+    1333            0     
       Src Latency:+       0            0     
       Net Latency:+       0 (I)        0 (I) 
           Arrival:=    1333            0     
                                              
             Setup:-     268                  
       Uncertainty:-      10                  
     Required Time:=    1055                  
      Launch Clock:-       0                  
         Data Path:-    1056                  
             Slack:=      -2                  

#--------------------------------------------------------------------------------------------------------------------------------------------
#                           Timing Point                             Flags   Arc   Edge   Cell     Fanout  Load Trans Delay Arrival Instance 
#                                                                                                          (fF)  (ps)  (ps)   (ps)  Location 
#--------------------------------------------------------------------------------------------------------------------------------------------
  u_core_gen_fast_tag_col[0].u_fast_tag_tag_o_reg[5]/C               -       -     R     (arrival)     89     -   150     0       0    (-,-) 
  u_core_gen_fast_tag_col[0].u_fast_tag_tag_o_reg[5]/Q               -       C->Q  F     DFRRQHDX1      3  49.3   216   653     653    (-,-) 
  fopt83720/Q                                                        -       A->Q  F     BUHDX8         9 118.0    81   229     882    (-,-) 
  u_core_gen_pd_row[7].gen_pd_col[0].u_pd/fopt/Q                     -       A->Q  R     INHDX2         1  13.4    64    72     954    (-,-) 
  u_core_gen_pd_row[7].gen_pd_col[0].u_pd/g25/Q                      -       A->Q  F     ON22HDX1       1   9.3   119   102    1056    (-,-) 
  u_core_gen_pd_row[7].gen_pd_col[0].u_pd/nfast_hit_latched_reg[5]/D -       -     F     DFRHDX2        1     -     -     0    1056    (-,-) 
#--------------------------------------------------------------------------------------------------------------------------------------------



Path 2: VIOLATED (-2 ps) Setup Check with Pin u_core_gen_pd_row[6].gen_pd_col[0].u_pd/nfast_hit_latched_reg[5]/C->D
           View: tc_view
          Group: clk_osc_fast
     Startpoint: (R) u_core_gen_fast_tag_col[0].u_fast_tag_tag_o_reg[5]/C
          Clock: (R) clk_osc_fast
       Endpoint: (F) u_core_gen_pd_row[6].gen_pd_col[0].u_pd/nfast_hit_latched_reg[5]/D
          Clock: (R) clk_osc_fast

                     Capture       Launch     
        Clock Edge:+    1333            0     
       Src Latency:+       0            0     
       Net Latency:+       0 (I)        0 (I) 
           Arrival:=    1333            0     
                                              
             Setup:-     268                  
       Uncertainty:-      10                  
     Required Time:=    1055                  
      Launch Clock:-       0                  
         Data Path:-    1056                  
             Slack:=      -2                  

#--------------------------------------------------------------------------------------------------------------------------------------------
#                           Timing Point                             Flags   Arc   Edge   Cell     Fanout  Load Trans Delay Arrival Instance 
#                                                                                                          (fF)  (ps)  (ps)   (ps)  Location 
#--------------------------------------------------------------------------------------------------------------------------------------------
  u_core_gen_fast_tag_col[0].u_fast_tag_tag_o_reg[5]/C               -       -     R     (arrival)     89     -   150     0       0    (-,-) 
  u_core_gen_fast_tag_col[0].u_fast_tag_tag_o_reg[5]/Q               -       C->Q  F     DFRRQHDX1      3  49.3   216   653     653    (-,-) 
  fopt83720/Q                                                        -       A->Q  F     BUHDX8         9 118.0    81   229     882    (-,-) 
  u_core_gen_pd_row[6].gen_pd_col[0].u_pd/fopt/Q                     -       A->Q  R     INHDX2         1  13.4    64    72     954    (-,-) 
  u_core_gen_pd_row[6].gen_pd_col[0].u_pd/g503/Q                     -       A->Q  F     ON22HDX1       1   9.3   119   102    1056    (-,-) 
  u_core_gen_pd_row[6].gen_pd_col[0].u_pd/nfast_hit_latched_reg[5]/D -       -     F     DFRHDX2        1     -     -     0    1056    (-,-) 
#--------------------------------------------------------------------------------------------------------------------------------------------



Path 3: VIOLATED (-2 ps) Setup Check with Pin u_core_gen_pd_row[5].gen_pd_col[0].u_pd/nfast_hit_latched_reg[5]/C->D
           View: tc_view
          Group: clk_osc_fast
     Startpoint: (R) u_core_gen_fast_tag_col[0].u_fast_tag_tag_o_reg[5]/C
          Clock: (R) clk_osc_fast
       Endpoint: (F) u_core_gen_pd_row[5].gen_pd_col[0].u_pd/nfast_hit_latched_reg[5]/D
          Clock: (R) clk_osc_fast

                     Capture       Launch     
        Clock Edge:+    1333            0     
       Src Latency:+       0            0     
       Net Latency:+       0 (I)        0 (I) 
           Arrival:=    1333            0     
                                              
             Setup:-     268                  
       Uncertainty:-      10                  
     Required Time:=    1055                  
      Launch Clock:-       0                  
         Data Path:-    1056                  
             Slack:=      -2                  

#--------------------------------------------------------------------------------------------------------------------------------------------
#                           Timing Point                             Flags   Arc   Edge   Cell     Fanout  Load Trans Delay Arrival Instance 
#                                                                                                          (fF)  (ps)  (ps)   (ps)  Location 
#--------------------------------------------------------------------------------------------------------------------------------------------
  u_core_gen_fast_tag_col[0].u_fast_tag_tag_o_reg[5]/C               -       -     R     (arrival)     89     -   150     0       0    (-,-) 
  u_core_gen_fast_tag_col[0].u_fast_tag_tag_o_reg[5]/Q               -       C->Q  F     DFRRQHDX1      3  49.3   216   653     653    (-,-) 
  fopt83720/Q                                                        -       A->Q  F     BUHDX8         9 118.0    81   229     882    (-,-) 
  u_core_gen_pd_row[5].gen_pd_col[0].u_pd/fopt/Q                     -       A->Q  R     INHDX2         1  13.4    64    72     954    (-,-) 
  u_core_gen_pd_row[5].gen_pd_col[0].u_pd/g25/Q                      -       A->Q  F     ON22HDX1       1   9.3   119   102    1056    (-,-) 
  u_core_gen_pd_row[5].gen_pd_col[0].u_pd/nfast_hit_latched_reg[5]/D -       -     F     DFRHDX2        1     -     -     0    1056    (-,-) 
#--------------------------------------------------------------------------------------------------------------------------------------------



Path 4: VIOLATED (-2 ps) Setup Check with Pin u_core_gen_pd_row[4].gen_pd_col[0].u_pd/nfast_hit_latched_reg[5]/C->D
           View: tc_view
          Group: clk_osc_fast
     Startpoint: (R) u_core_gen_fast_tag_col[0].u_fast_tag_tag_o_reg[5]/C
          Clock: (R) clk_osc_fast
       Endpoint: (F) u_core_gen_pd_row[4].gen_pd_col[0].u_pd/nfast_hit_latched_reg[5]/D
          Clock: (R) clk_osc_fast

                     Capture       Launch     
        Clock Edge:+    1333            0     
       Src Latency:+       0            0     
       Net Latency:+       0 (I)        0 (I) 
           Arrival:=    1333            0     
                                              
             Setup:-     268                  
       Uncertainty:-      10                  
     Required Time:=    1055                  
      Launch Clock:-       0                  
         Data Path:-    1056                  
             Slack:=      -2                  

#--------------------------------------------------------------------------------------------------------------------------------------------
#                           Timing Point                             Flags   Arc   Edge   Cell     Fanout  Load Trans Delay Arrival Instance 
#                                                                                                          (fF)  (ps)  (ps)   (ps)  Location 
#--------------------------------------------------------------------------------------------------------------------------------------------
  u_core_gen_fast_tag_col[0].u_fast_tag_tag_o_reg[5]/C               -       -     R     (arrival)     89     -   150     0       0    (-,-) 
  u_core_gen_fast_tag_col[0].u_fast_tag_tag_o_reg[5]/Q               -       C->Q  F     DFRRQHDX1      3  49.3   216   653     653    (-,-) 
  fopt83720/Q                                                        -       A->Q  F     BUHDX8         9 118.0    81   229     882    (-,-) 
  u_core_gen_pd_row[4].gen_pd_col[0].u_pd/fopt/Q                     -       A->Q  R     INHDX2         1  13.4    64    72     954    (-,-) 
  u_core_gen_pd_row[4].gen_pd_col[0].u_pd/g25/Q                      -       A->Q  F     ON22HDX1       1   9.3   119   102    1056    (-,-) 
  u_core_gen_pd_row[4].gen_pd_col[0].u_pd/nfast_hit_latched_reg[5]/D -       -     F     DFRHDX2        1     -     -     0    1056    (-,-) 
#--------------------------------------------------------------------------------------------------------------------------------------------



Path 5: VIOLATED (-2 ps) Setup Check with Pin u_core_gen_pd_row[2].gen_pd_col[0].u_pd/nfast_hit_latched_reg[5]/C->D
           View: tc_view
          Group: clk_osc_fast
     Startpoint: (R) u_core_gen_fast_tag_col[0].u_fast_tag_tag_o_reg[5]/C
          Clock: (R) clk_osc_fast
       Endpoint: (F) u_core_gen_pd_row[2].gen_pd_col[0].u_pd/nfast_hit_latched_reg[5]/D
          Clock: (R) clk_osc_fast

                     Capture       Launch     
        Clock Edge:+    1333            0     
       Src Latency:+       0            0     
       Net Latency:+       0 (I)        0 (I) 
           Arrival:=    1333            0     
                                              
             Setup:-     268                  
       Uncertainty:-      10                  
     Required Time:=    1055                  
      Launch Clock:-       0                  
         Data Path:-    1056                  
             Slack:=      -2                  

#--------------------------------------------------------------------------------------------------------------------------------------------
#                           Timing Point                             Flags   Arc   Edge   Cell     Fanout  Load Trans Delay Arrival Instance 
#                                                                                                          (fF)  (ps)  (ps)   (ps)  Location 
#--------------------------------------------------------------------------------------------------------------------------------------------
  u_core_gen_fast_tag_col[0].u_fast_tag_tag_o_reg[5]/C               -       -     R     (arrival)     89     -   150     0       0    (-,-) 
  u_core_gen_fast_tag_col[0].u_fast_tag_tag_o_reg[5]/Q               -       C->Q  F     DFRRQHDX1      3  49.3   216   653     653    (-,-) 
  fopt83720/Q                                                        -       A->Q  F     BUHDX8         9 118.0    81   229     882    (-,-) 
  u_core_gen_pd_row[2].gen_pd_col[0].u_pd/fopt/Q                     -       A->Q  R     INHDX2         1  13.4    64    72     954    (-,-) 
  u_core_gen_pd_row[2].gen_pd_col[0].u_pd/g25/Q                      -       A->Q  F     ON22HDX1       1   9.3   119   102    1056    (-,-) 
  u_core_gen_pd_row[2].gen_pd_col[0].u_pd/nfast_hit_latched_reg[5]/D -       -     F     DFRHDX2        1     -     -     0    1056    (-,-) 
#--------------------------------------------------------------------------------------------------------------------------------------------



Path 6: VIOLATED (-2 ps) Setup Check with Pin u_core_gen_pd_row[1].gen_pd_col[0].u_pd/nfast_hit_latched_reg[5]/C->D
           View: tc_view
          Group: clk_osc_fast
     Startpoint: (R) u_core_gen_fast_tag_col[0].u_fast_tag_tag_o_reg[5]/C
          Clock: (R) clk_osc_fast
       Endpoint: (F) u_core_gen_pd_row[1].gen_pd_col[0].u_pd/nfast_hit_latched_reg[5]/D
          Clock: (R) clk_osc_fast

                     Capture       Launch     
        Clock Edge:+    1333            0     
       Src Latency:+       0            0     
       Net Latency:+       0 (I)        0 (I) 
           Arrival:=    1333            0     
                                              
             Setup:-     268                  
       Uncertainty:-      10                  
     Required Time:=    1055                  
      Launch Clock:-       0                  
         Data Path:-    1056                  
             Slack:=      -2                  

#--------------------------------------------------------------------------------------------------------------------------------------------
#                           Timing Point                             Flags   Arc   Edge   Cell     Fanout  Load Trans Delay Arrival Instance 
#                                                                                                          (fF)  (ps)  (ps)   (ps)  Location 
#--------------------------------------------------------------------------------------------------------------------------------------------
  u_core_gen_fast_tag_col[0].u_fast_tag_tag_o_reg[5]/C               -       -     R     (arrival)     89     -   150     0       0    (-,-) 
  u_core_gen_fast_tag_col[0].u_fast_tag_tag_o_reg[5]/Q               -       C->Q  F     DFRRQHDX1      3  49.3   216   653     653    (-,-) 
  fopt83720/Q                                                        -       A->Q  F     BUHDX8         9 118.0    81   229     882    (-,-) 
  u_core_gen_pd_row[1].gen_pd_col[0].u_pd/fopt/Q                     -       A->Q  R     INHDX2         1  13.4    64    72     954    (-,-) 
  u_core_gen_pd_row[1].gen_pd_col[0].u_pd/g503/Q                     -       A->Q  F     ON22HDX1       1   9.3   119   102    1056    (-,-) 
  u_core_gen_pd_row[1].gen_pd_col[0].u_pd/nfast_hit_latched_reg[5]/D -       -     F     DFRHDX2        1     -     -     0    1056    (-,-) 
#--------------------------------------------------------------------------------------------------------------------------------------------



Path 7: VIOLATED (-2 ps) Setup Check with Pin u_core_gen_pd_row[0].gen_pd_col[0].u_pd/nfast_hit_latched_reg[5]/C->D
           View: tc_view
          Group: clk_osc_fast
     Startpoint: (R) u_core_gen_fast_tag_col[0].u_fast_tag_tag_o_reg[5]/C
          Clock: (R) clk_osc_fast
       Endpoint: (F) u_core_gen_pd_row[0].gen_pd_col[0].u_pd/nfast_hit_latched_reg[5]/D
          Clock: (R) clk_osc_fast

                     Capture       Launch     
        Clock Edge:+    1333            0     
       Src Latency:+       0            0     
       Net Latency:+       0 (I)        0 (I) 
           Arrival:=    1333            0     
                                              
             Setup:-     268                  
       Uncertainty:-      10                  
     Required Time:=    1055                  
      Launch Clock:-       0                  
         Data Path:-    1056                  
             Slack:=      -2                  

#--------------------------------------------------------------------------------------------------------------------------------------------
#                           Timing Point                             Flags   Arc   Edge   Cell     Fanout  Load Trans Delay Arrival Instance 
#                                                                                                          (fF)  (ps)  (ps)   (ps)  Location 
#--------------------------------------------------------------------------------------------------------------------------------------------
  u_core_gen_fast_tag_col[0].u_fast_tag_tag_o_reg[5]/C               -       -     R     (arrival)     89     -   150     0       0    (-,-) 
  u_core_gen_fast_tag_col[0].u_fast_tag_tag_o_reg[5]/Q               -       C->Q  F     DFRRQHDX1      3  49.3   216   653     653    (-,-) 
  fopt83720/Q                                                        -       A->Q  F     BUHDX8         9 118.0    81   229     882    (-,-) 
  u_core_gen_pd_row[0].gen_pd_col[0].u_pd/fopt/Q                     -       A->Q  R     INHDX2         1  13.4    64    72     954    (-,-) 
  u_core_gen_pd_row[0].gen_pd_col[0].u_pd/g503/Q                     -       A->Q  F     ON22HDX1       1   9.3   119   102    1056    (-,-) 
  u_core_gen_pd_row[0].gen_pd_col[0].u_pd/nfast_hit_latched_reg[5]/D -       -     F     DFRHDX2        1     -     -     0    1056    (-,-) 
#--------------------------------------------------------------------------------------------------------------------------------------------


