============================================================
  Generated by:           Genus(TM) Synthesis Solution 22.13-s093_1
  Generated on:           Jun 04 2026  01:38:15 pm
  Module:                 mptdc_top_asic
  Operating conditions:   typ_1_80V_25C 
  Interconnect mode:      global
  Area mode:              physical library
============================================================


Path 1: VIOLATED (-252 ps) Setup Check with Pin u_core/gen_pd_row[7].gen_pd_col[7].u_pd/hit_latched_reg/clk->sena
           View: tc_view
          Group: clk_osc_fast_tap7
     Startpoint: (R) u_core/gen_pd_row[7].gen_pd_col[7].u_pd/hit_latched_reg/clk
          Clock: (R) clk_osc_fast_tap7
       Endpoint: (R) u_core/gen_pd_row[7].gen_pd_col[7].u_pd/hit_latched_reg/sena
          Clock: (R) clk_osc_fast_tap7

                     Capture       Launch     
        Clock Edge:+    1851          518     
       Src Latency:+       0            0     
       Net Latency:+       0 (I)        0 (I) 
           Arrival:=    1851          518     
                                              
             Setup:-     429                  
       Uncertainty:-      10                  
     Required Time:=    1412                  
      Launch Clock:-     518                  
         Data Path:-    1147                  
             Slack:=    -252                  

#----------------------------------------------------------------------------------------------------------------------------------------------
#                        Timing Point                          Flags    Arc    Edge      Cell        Fanout  Load Trans Delay Arrival Instance 
#                                                                                                            (fF)  (ps)  (ps)   (ps)  Location 
#----------------------------------------------------------------------------------------------------------------------------------------------
  u_core/gen_pd_row[7].gen_pd_col[7].u_pd/hit_latched_reg/clk  -       -       R     (arrival)           87     -   150     0     518    (-,-) 
  u_core/gen_pd_row[7].gen_pd_col[7].u_pd/hit_latched_reg/q    (u)     clk->q  F     unmapped_d_flop      4  36.8     0   682    1200    (-,-) 
  u_core/gen_pd_row[7].gen_pd_col[7].u_pd/g18/z                (u)     in_0->z R     unmapped_not         8 135.0     0   259    1460    (-,-) 
  u_core/gen_pd_row[7].gen_pd_col[7].u_pd/g27/z                (u)     in_1->z R     unmapped_and4        1  18.0     0   205    1665    (-,-) 
  u_core/gen_pd_row[7].gen_pd_col[7].u_pd/hit_latched_reg/sena -       -       R     unmapped_d_flop      1     -     -     0    1665    (-,-) 
#----------------------------------------------------------------------------------------------------------------------------------------------

(u) : Net has unmapped pin(s).



Path 2: VIOLATED (-252 ps) Setup Check with Pin u_core/gen_pd_row[7].gen_pd_col[6].u_pd/hit_latched_reg/clk->sena
           View: tc_view
          Group: clk_osc_fast_tap6
     Startpoint: (R) u_core/gen_pd_row[7].gen_pd_col[6].u_pd/hit_latched_reg/clk
          Clock: (R) clk_osc_fast_tap6
       Endpoint: (R) u_core/gen_pd_row[7].gen_pd_col[6].u_pd/hit_latched_reg/sena
          Clock: (R) clk_osc_fast_tap6

                     Capture       Launch     
        Clock Edge:+    1777          444     
       Src Latency:+       0            0     
       Net Latency:+       0 (I)        0 (I) 
           Arrival:=    1777          444     
                                              
             Setup:-     429                  
       Uncertainty:-      10                  
     Required Time:=    1338                  
      Launch Clock:-     444                  
         Data Path:-    1147                  
             Slack:=    -252                  

#----------------------------------------------------------------------------------------------------------------------------------------------
#                        Timing Point                          Flags    Arc    Edge      Cell        Fanout  Load Trans Delay Arrival Instance 
#                                                                                                            (fF)  (ps)  (ps)   (ps)  Location 
#----------------------------------------------------------------------------------------------------------------------------------------------
  u_core/gen_pd_row[7].gen_pd_col[6].u_pd/hit_latched_reg/clk  -       -       R     (arrival)           87     -   150     0     444    (-,-) 
  u_core/gen_pd_row[7].gen_pd_col[6].u_pd/hit_latched_reg/q    (u)     clk->q  F     unmapped_d_flop      4  36.8     0   682    1126    (-,-) 
  u_core/gen_pd_row[7].gen_pd_col[6].u_pd/g18/z                (u)     in_0->z R     unmapped_not         8 135.0     0   259    1386    (-,-) 
  u_core/gen_pd_row[7].gen_pd_col[6].u_pd/g27/z                (u)     in_1->z R     unmapped_and4        1  18.0     0   205    1591    (-,-) 
  u_core/gen_pd_row[7].gen_pd_col[6].u_pd/hit_latched_reg/sena -       -       R     unmapped_d_flop      1     -     -     0    1591    (-,-) 
#----------------------------------------------------------------------------------------------------------------------------------------------

(u) : Net has unmapped pin(s).



Path 3: VIOLATED (-252 ps) Setup Check with Pin u_core/gen_pd_row[7].gen_pd_col[5].u_pd/hit_latched_reg/clk->sena
           View: tc_view
          Group: clk_osc_fast_tap5
     Startpoint: (R) u_core/gen_pd_row[7].gen_pd_col[5].u_pd/hit_latched_reg/clk
          Clock: (R) clk_osc_fast_tap5
       Endpoint: (R) u_core/gen_pd_row[7].gen_pd_col[5].u_pd/hit_latched_reg/sena
          Clock: (R) clk_osc_fast_tap5

                     Capture       Launch     
        Clock Edge:+    1703          370     
       Src Latency:+       0            0     
       Net Latency:+       0 (I)        0 (I) 
           Arrival:=    1703          370     
                                              
             Setup:-     429                  
       Uncertainty:-      10                  
     Required Time:=    1264                  
      Launch Clock:-     370                  
         Data Path:-    1147                  
             Slack:=    -252                  

#----------------------------------------------------------------------------------------------------------------------------------------------
#                        Timing Point                          Flags    Arc    Edge      Cell        Fanout  Load Trans Delay Arrival Instance 
#                                                                                                            (fF)  (ps)  (ps)   (ps)  Location 
#----------------------------------------------------------------------------------------------------------------------------------------------
  u_core/gen_pd_row[7].gen_pd_col[5].u_pd/hit_latched_reg/clk  -       -       R     (arrival)           87     -   150     0     370    (-,-) 
  u_core/gen_pd_row[7].gen_pd_col[5].u_pd/hit_latched_reg/q    (u)     clk->q  F     unmapped_d_flop      4  36.8     0   682    1052    (-,-) 
  u_core/gen_pd_row[7].gen_pd_col[5].u_pd/g18/z                (u)     in_0->z R     unmapped_not         8 135.0     0   259    1312    (-,-) 
  u_core/gen_pd_row[7].gen_pd_col[5].u_pd/g27/z                (u)     in_1->z R     unmapped_and4        1  18.0     0   205    1517    (-,-) 
  u_core/gen_pd_row[7].gen_pd_col[5].u_pd/hit_latched_reg/sena -       -       R     unmapped_d_flop      1     -     -     0    1517    (-,-) 
#----------------------------------------------------------------------------------------------------------------------------------------------

(u) : Net has unmapped pin(s).



Path 4: VIOLATED (-252 ps) Setup Check with Pin u_core/gen_pd_row[7].gen_pd_col[4].u_pd/hit_latched_reg/clk->sena
           View: tc_view
          Group: clk_osc_fast_tap4
     Startpoint: (R) u_core/gen_pd_row[7].gen_pd_col[4].u_pd/hit_latched_reg/clk
          Clock: (R) clk_osc_fast_tap4
       Endpoint: (R) u_core/gen_pd_row[7].gen_pd_col[4].u_pd/hit_latched_reg/sena
          Clock: (R) clk_osc_fast_tap4

                     Capture       Launch     
        Clock Edge:+    1629          296     
       Src Latency:+       0            0     
       Net Latency:+       0 (I)        0 (I) 
           Arrival:=    1629          296     
                                              
             Setup:-     429                  
       Uncertainty:-      10                  
     Required Time:=    1190                  
      Launch Clock:-     296                  
         Data Path:-    1147                  
             Slack:=    -252                  

#----------------------------------------------------------------------------------------------------------------------------------------------
#                        Timing Point                          Flags    Arc    Edge      Cell        Fanout  Load Trans Delay Arrival Instance 
#                                                                                                            (fF)  (ps)  (ps)   (ps)  Location 
#----------------------------------------------------------------------------------------------------------------------------------------------
  u_core/gen_pd_row[7].gen_pd_col[4].u_pd/hit_latched_reg/clk  -       -       R     (arrival)           87     -   150     0     296    (-,-) 
  u_core/gen_pd_row[7].gen_pd_col[4].u_pd/hit_latched_reg/q    (u)     clk->q  F     unmapped_d_flop      4  36.8     0   682     978    (-,-) 
  u_core/gen_pd_row[7].gen_pd_col[4].u_pd/g18/z                (u)     in_0->z R     unmapped_not         8 135.0     0   259    1238    (-,-) 
  u_core/gen_pd_row[7].gen_pd_col[4].u_pd/g27/z                (u)     in_1->z R     unmapped_and4        1  18.0     0   205    1443    (-,-) 
  u_core/gen_pd_row[7].gen_pd_col[4].u_pd/hit_latched_reg/sena -       -       R     unmapped_d_flop      1     -     -     0    1443    (-,-) 
#----------------------------------------------------------------------------------------------------------------------------------------------

(u) : Net has unmapped pin(s).



Path 5: VIOLATED (-252 ps) Setup Check with Pin u_core/gen_pd_row[7].gen_pd_col[3].u_pd/hit_latched_reg/clk->sena
           View: tc_view
          Group: clk_osc_fast_tap3
     Startpoint: (R) u_core/gen_pd_row[7].gen_pd_col[3].u_pd/hit_latched_reg/clk
          Clock: (R) clk_osc_fast_tap3
       Endpoint: (R) u_core/gen_pd_row[7].gen_pd_col[3].u_pd/hit_latched_reg/sena
          Clock: (R) clk_osc_fast_tap3

                     Capture       Launch     
        Clock Edge:+    1555          222     
       Src Latency:+       0            0     
       Net Latency:+       0 (I)        0 (I) 
           Arrival:=    1555          222     
                                              
             Setup:-     429                  
       Uncertainty:-      10                  
     Required Time:=    1116                  
      Launch Clock:-     222                  
         Data Path:-    1147                  
             Slack:=    -252                  

#----------------------------------------------------------------------------------------------------------------------------------------------
#                        Timing Point                          Flags    Arc    Edge      Cell        Fanout  Load Trans Delay Arrival Instance 
#                                                                                                            (fF)  (ps)  (ps)   (ps)  Location 
#----------------------------------------------------------------------------------------------------------------------------------------------
  u_core/gen_pd_row[7].gen_pd_col[3].u_pd/hit_latched_reg/clk  -       -       R     (arrival)           87     -   150     0     222    (-,-) 
  u_core/gen_pd_row[7].gen_pd_col[3].u_pd/hit_latched_reg/q    (u)     clk->q  F     unmapped_d_flop      4  36.8     0   682     904    (-,-) 
  u_core/gen_pd_row[7].gen_pd_col[3].u_pd/g18/z                (u)     in_0->z R     unmapped_not         8 135.0     0   259    1164    (-,-) 
  u_core/gen_pd_row[7].gen_pd_col[3].u_pd/g27/z                (u)     in_1->z R     unmapped_and4        1  18.0     0   205    1369    (-,-) 
  u_core/gen_pd_row[7].gen_pd_col[3].u_pd/hit_latched_reg/sena -       -       R     unmapped_d_flop      1     -     -     0    1369    (-,-) 
#----------------------------------------------------------------------------------------------------------------------------------------------

(u) : Net has unmapped pin(s).



Path 6: VIOLATED (-252 ps) Setup Check with Pin u_core/gen_pd_row[7].gen_pd_col[2].u_pd/hit_latched_reg/clk->sena
           View: tc_view
          Group: clk_osc_fast_tap2
     Startpoint: (R) u_core/gen_pd_row[7].gen_pd_col[2].u_pd/hit_latched_reg/clk
          Clock: (R) clk_osc_fast_tap2
       Endpoint: (R) u_core/gen_pd_row[7].gen_pd_col[2].u_pd/hit_latched_reg/sena
          Clock: (R) clk_osc_fast_tap2

                     Capture       Launch     
        Clock Edge:+    1481          148     
       Src Latency:+       0            0     
       Net Latency:+       0 (I)        0 (I) 
           Arrival:=    1481          148     
                                              
             Setup:-     429                  
       Uncertainty:-      10                  
     Required Time:=    1042                  
      Launch Clock:-     148                  
         Data Path:-    1147                  
             Slack:=    -252                  

#----------------------------------------------------------------------------------------------------------------------------------------------
#                        Timing Point                          Flags    Arc    Edge      Cell        Fanout  Load Trans Delay Arrival Instance 
#                                                                                                            (fF)  (ps)  (ps)   (ps)  Location 
#----------------------------------------------------------------------------------------------------------------------------------------------
  u_core/gen_pd_row[7].gen_pd_col[2].u_pd/hit_latched_reg/clk  -       -       R     (arrival)           87     -   150     0     148    (-,-) 
  u_core/gen_pd_row[7].gen_pd_col[2].u_pd/hit_latched_reg/q    (u)     clk->q  F     unmapped_d_flop      4  36.8     0   682     830    (-,-) 
  u_core/gen_pd_row[7].gen_pd_col[2].u_pd/g18/z                (u)     in_0->z R     unmapped_not         8 135.0     0   259    1090    (-,-) 
  u_core/gen_pd_row[7].gen_pd_col[2].u_pd/g27/z                (u)     in_1->z R     unmapped_and4        1  18.0     0   205    1295    (-,-) 
  u_core/gen_pd_row[7].gen_pd_col[2].u_pd/hit_latched_reg/sena -       -       R     unmapped_d_flop      1     -     -     0    1295    (-,-) 
#----------------------------------------------------------------------------------------------------------------------------------------------

(u) : Net has unmapped pin(s).



Path 7: VIOLATED (-252 ps) Setup Check with Pin u_core/gen_pd_row[7].gen_pd_col[1].u_pd/hit_latched_reg/clk->sena
           View: tc_view
          Group: clk_osc_fast_tap1
     Startpoint: (R) u_core/gen_pd_row[7].gen_pd_col[1].u_pd/hit_latched_reg/clk
          Clock: (R) clk_osc_fast_tap1
       Endpoint: (R) u_core/gen_pd_row[7].gen_pd_col[1].u_pd/hit_latched_reg/sena
          Clock: (R) clk_osc_fast_tap1

                     Capture       Launch     
        Clock Edge:+    1407           74     
       Src Latency:+       0            0     
       Net Latency:+       0 (I)        0 (I) 
           Arrival:=    1407           74     
                                              
             Setup:-     429                  
       Uncertainty:-      10                  
     Required Time:=     968                  
      Launch Clock:-      74                  
         Data Path:-    1147                  
             Slack:=    -252                  

#----------------------------------------------------------------------------------------------------------------------------------------------
#                        Timing Point                          Flags    Arc    Edge      Cell        Fanout  Load Trans Delay Arrival Instance 
#                                                                                                            (fF)  (ps)  (ps)   (ps)  Location 
#----------------------------------------------------------------------------------------------------------------------------------------------
  u_core/gen_pd_row[7].gen_pd_col[1].u_pd/hit_latched_reg/clk  -       -       R     (arrival)           87     -   150     0      74    (-,-) 
  u_core/gen_pd_row[7].gen_pd_col[1].u_pd/hit_latched_reg/q    (u)     clk->q  F     unmapped_d_flop      4  36.8     0   682     756    (-,-) 
  u_core/gen_pd_row[7].gen_pd_col[1].u_pd/g18/z                (u)     in_0->z R     unmapped_not         8 135.0     0   259    1016    (-,-) 
  u_core/gen_pd_row[7].gen_pd_col[1].u_pd/g27/z                (u)     in_1->z R     unmapped_and4        1  18.0     0   205    1221    (-,-) 
  u_core/gen_pd_row[7].gen_pd_col[1].u_pd/hit_latched_reg/sena -       -       R     unmapped_d_flop      1     -     -     0    1221    (-,-) 
#----------------------------------------------------------------------------------------------------------------------------------------------

(u) : Net has unmapped pin(s).



Path 8: VIOLATED (-252 ps) Setup Check with Pin u_core/gen_pd_row[7].gen_pd_col[0].u_pd/hit_latched_reg/clk->sena
           View: tc_view
          Group: clk_osc_fast
     Startpoint: (R) u_core/gen_pd_row[7].gen_pd_col[0].u_pd/hit_latched_reg/clk
          Clock: (R) clk_osc_fast
       Endpoint: (R) u_core/gen_pd_row[7].gen_pd_col[0].u_pd/hit_latched_reg/sena
          Clock: (R) clk_osc_fast

                     Capture       Launch     
        Clock Edge:+    1333            0     
       Src Latency:+       0            0     
       Net Latency:+       0 (I)        0 (I) 
           Arrival:=    1333            0     
                                              
             Setup:-     429                  
       Uncertainty:-      10                  
     Required Time:=     894                  
      Launch Clock:-       0                  
         Data Path:-    1147                  
             Slack:=    -252                  

#----------------------------------------------------------------------------------------------------------------------------------------------
#                        Timing Point                          Flags    Arc    Edge      Cell        Fanout  Load Trans Delay Arrival Instance 
#                                                                                                            (fF)  (ps)  (ps)   (ps)  Location 
#----------------------------------------------------------------------------------------------------------------------------------------------
  u_core/gen_pd_row[7].gen_pd_col[0].u_pd/hit_latched_reg/clk  -       -       R     (arrival)           89     -   150     0       0    (-,-) 
  u_core/gen_pd_row[7].gen_pd_col[0].u_pd/hit_latched_reg/q    (u)     clk->q  F     unmapped_d_flop      4  36.8     0   682     682    (-,-) 
  u_core/gen_pd_row[7].gen_pd_col[0].u_pd/g18/z                (u)     in_0->z R     unmapped_not         8 135.0     0   259     942    (-,-) 
  u_core/gen_pd_row[7].gen_pd_col[0].u_pd/g27/z                (u)     in_1->z R     unmapped_and4        1  18.0     0   205    1147    (-,-) 
  u_core/gen_pd_row[7].gen_pd_col[0].u_pd/hit_latched_reg/sena -       -       R     unmapped_d_flop      1     -     -     0    1147    (-,-) 
#----------------------------------------------------------------------------------------------------------------------------------------------

(u) : Net has unmapped pin(s).



Path 9: VIOLATED (-252 ps) Setup Check with Pin u_core/gen_pd_row[6].gen_pd_col[7].u_pd/hit_latched_reg/clk->sena
           View: tc_view
          Group: clk_osc_fast_tap7
     Startpoint: (R) u_core/gen_pd_row[6].gen_pd_col[7].u_pd/hit_latched_reg/clk
          Clock: (R) clk_osc_fast_tap7
       Endpoint: (R) u_core/gen_pd_row[6].gen_pd_col[7].u_pd/hit_latched_reg/sena
          Clock: (R) clk_osc_fast_tap7

                     Capture       Launch     
        Clock Edge:+    1851          518     
       Src Latency:+       0            0     
       Net Latency:+       0 (I)        0 (I) 
           Arrival:=    1851          518     
                                              
             Setup:-     429                  
       Uncertainty:-      10                  
     Required Time:=    1412                  
      Launch Clock:-     518                  
         Data Path:-    1147                  
             Slack:=    -252                  

#----------------------------------------------------------------------------------------------------------------------------------------------
#                        Timing Point                          Flags    Arc    Edge      Cell        Fanout  Load Trans Delay Arrival Instance 
#                                                                                                            (fF)  (ps)  (ps)   (ps)  Location 
#----------------------------------------------------------------------------------------------------------------------------------------------
  u_core/gen_pd_row[6].gen_pd_col[7].u_pd/hit_latched_reg/clk  -       -       R     (arrival)           87     -   150     0     518    (-,-) 
  u_core/gen_pd_row[6].gen_pd_col[7].u_pd/hit_latched_reg/q    (u)     clk->q  F     unmapped_d_flop      4  36.8     0   682    1200    (-,-) 
  u_core/gen_pd_row[6].gen_pd_col[7].u_pd/g18/z                (u)     in_0->z R     unmapped_not         8 135.0     0   259    1460    (-,-) 
  u_core/gen_pd_row[6].gen_pd_col[7].u_pd/g27/z                (u)     in_1->z R     unmapped_and4        1  18.0     0   205    1665    (-,-) 
  u_core/gen_pd_row[6].gen_pd_col[7].u_pd/hit_latched_reg/sena -       -       R     unmapped_d_flop      1     -     -     0    1665    (-,-) 
#----------------------------------------------------------------------------------------------------------------------------------------------

(u) : Net has unmapped pin(s).



Path 10: VIOLATED (-252 ps) Setup Check with Pin u_core/gen_pd_row[6].gen_pd_col[6].u_pd/hit_latched_reg/clk->sena
           View: tc_view
          Group: clk_osc_fast_tap6
     Startpoint: (R) u_core/gen_pd_row[6].gen_pd_col[6].u_pd/hit_latched_reg/clk
          Clock: (R) clk_osc_fast_tap6
       Endpoint: (R) u_core/gen_pd_row[6].gen_pd_col[6].u_pd/hit_latched_reg/sena
          Clock: (R) clk_osc_fast_tap6

                     Capture       Launch     
        Clock Edge:+    1777          444     
       Src Latency:+       0            0     
       Net Latency:+       0 (I)        0 (I) 
           Arrival:=    1777          444     
                                              
             Setup:-     429                  
       Uncertainty:-      10                  
     Required Time:=    1338                  
      Launch Clock:-     444                  
         Data Path:-    1147                  
             Slack:=    -252                  

#----------------------------------------------------------------------------------------------------------------------------------------------
#                        Timing Point                          Flags    Arc    Edge      Cell        Fanout  Load Trans Delay Arrival Instance 
#                                                                                                            (fF)  (ps)  (ps)   (ps)  Location 
#----------------------------------------------------------------------------------------------------------------------------------------------
  u_core/gen_pd_row[6].gen_pd_col[6].u_pd/hit_latched_reg/clk  -       -       R     (arrival)           87     -   150     0     444    (-,-) 
  u_core/gen_pd_row[6].gen_pd_col[6].u_pd/hit_latched_reg/q    (u)     clk->q  F     unmapped_d_flop      4  36.8     0   682    1126    (-,-) 
  u_core/gen_pd_row[6].gen_pd_col[6].u_pd/g18/z                (u)     in_0->z R     unmapped_not         8 135.0     0   259    1386    (-,-) 
  u_core/gen_pd_row[6].gen_pd_col[6].u_pd/g27/z                (u)     in_1->z R     unmapped_and4        1  18.0     0   205    1591    (-,-) 
  u_core/gen_pd_row[6].gen_pd_col[6].u_pd/hit_latched_reg/sena -       -       R     unmapped_d_flop      1     -     -     0    1591    (-,-) 
#----------------------------------------------------------------------------------------------------------------------------------------------

(u) : Net has unmapped pin(s).



Path 11: VIOLATED (-252 ps) Setup Check with Pin u_core/gen_pd_row[6].gen_pd_col[5].u_pd/hit_latched_reg/clk->sena
           View: tc_view
          Group: clk_osc_fast_tap5
     Startpoint: (R) u_core/gen_pd_row[6].gen_pd_col[5].u_pd/hit_latched_reg/clk
          Clock: (R) clk_osc_fast_tap5
       Endpoint: (R) u_core/gen_pd_row[6].gen_pd_col[5].u_pd/hit_latched_reg/sena
          Clock: (R) clk_osc_fast_tap5

                     Capture       Launch     
        Clock Edge:+    1703          370     
       Src Latency:+       0            0     
       Net Latency:+       0 (I)        0 (I) 
           Arrival:=    1703          370     
                                              
             Setup:-     429                  
       Uncertainty:-      10                  
     Required Time:=    1264                  
      Launch Clock:-     370                  
         Data Path:-    1147                  
             Slack:=    -252                  

#----------------------------------------------------------------------------------------------------------------------------------------------
#                        Timing Point                          Flags    Arc    Edge      Cell        Fanout  Load Trans Delay Arrival Instance 
#                                                                                                            (fF)  (ps)  (ps)   (ps)  Location 
#----------------------------------------------------------------------------------------------------------------------------------------------
  u_core/gen_pd_row[6].gen_pd_col[5].u_pd/hit_latched_reg/clk  -       -       R     (arrival)           87     -   150     0     370    (-,-) 
  u_core/gen_pd_row[6].gen_pd_col[5].u_pd/hit_latched_reg/q    (u)     clk->q  F     unmapped_d_flop      4  36.8     0   682    1052    (-,-) 
  u_core/gen_pd_row[6].gen_pd_col[5].u_pd/g18/z                (u)     in_0->z R     unmapped_not         8 135.0     0   259    1312    (-,-) 
  u_core/gen_pd_row[6].gen_pd_col[5].u_pd/g27/z                (u)     in_1->z R     unmapped_and4        1  18.0     0   205    1517    (-,-) 
  u_core/gen_pd_row[6].gen_pd_col[5].u_pd/hit_latched_reg/sena -       -       R     unmapped_d_flop      1     -     -     0    1517    (-,-) 
#----------------------------------------------------------------------------------------------------------------------------------------------

(u) : Net has unmapped pin(s).



Path 12: VIOLATED (-252 ps) Setup Check with Pin u_core/gen_pd_row[6].gen_pd_col[4].u_pd/hit_latched_reg/clk->sena
           View: tc_view
          Group: clk_osc_fast_tap4
     Startpoint: (R) u_core/gen_pd_row[6].gen_pd_col[4].u_pd/hit_latched_reg/clk
          Clock: (R) clk_osc_fast_tap4
       Endpoint: (R) u_core/gen_pd_row[6].gen_pd_col[4].u_pd/hit_latched_reg/sena
          Clock: (R) clk_osc_fast_tap4

                     Capture       Launch     
        Clock Edge:+    1629          296     
       Src Latency:+       0            0     
       Net Latency:+       0 (I)        0 (I) 
           Arrival:=    1629          296     
                                              
             Setup:-     429                  
       Uncertainty:-      10                  
     Required Time:=    1190                  
      Launch Clock:-     296                  
         Data Path:-    1147                  
             Slack:=    -252                  

#----------------------------------------------------------------------------------------------------------------------------------------------
#                        Timing Point                          Flags    Arc    Edge      Cell        Fanout  Load Trans Delay Arrival Instance 
#                                                                                                            (fF)  (ps)  (ps)   (ps)  Location 
#----------------------------------------------------------------------------------------------------------------------------------------------
  u_core/gen_pd_row[6].gen_pd_col[4].u_pd/hit_latched_reg/clk  -       -       R     (arrival)           87     -   150     0     296    (-,-) 
  u_core/gen_pd_row[6].gen_pd_col[4].u_pd/hit_latched_reg/q    (u)     clk->q  F     unmapped_d_flop      4  36.8     0   682     978    (-,-) 
  u_core/gen_pd_row[6].gen_pd_col[4].u_pd/g18/z                (u)     in_0->z R     unmapped_not         8 135.0     0   259    1238    (-,-) 
  u_core/gen_pd_row[6].gen_pd_col[4].u_pd/g27/z                (u)     in_1->z R     unmapped_and4        1  18.0     0   205    1443    (-,-) 
  u_core/gen_pd_row[6].gen_pd_col[4].u_pd/hit_latched_reg/sena -       -       R     unmapped_d_flop      1     -     -     0    1443    (-,-) 
#----------------------------------------------------------------------------------------------------------------------------------------------

(u) : Net has unmapped pin(s).



Path 13: VIOLATED (-252 ps) Setup Check with Pin u_core/gen_pd_row[6].gen_pd_col[3].u_pd/hit_latched_reg/clk->sena
           View: tc_view
          Group: clk_osc_fast_tap3
     Startpoint: (R) u_core/gen_pd_row[6].gen_pd_col[3].u_pd/hit_latched_reg/clk
          Clock: (R) clk_osc_fast_tap3
       Endpoint: (R) u_core/gen_pd_row[6].gen_pd_col[3].u_pd/hit_latched_reg/sena
          Clock: (R) clk_osc_fast_tap3

                     Capture       Launch     
        Clock Edge:+    1555          222     
       Src Latency:+       0            0     
       Net Latency:+       0 (I)        0 (I) 
           Arrival:=    1555          222     
                                              
             Setup:-     429                  
       Uncertainty:-      10                  
     Required Time:=    1116                  
      Launch Clock:-     222                  
         Data Path:-    1147                  
             Slack:=    -252                  

#----------------------------------------------------------------------------------------------------------------------------------------------
#                        Timing Point                          Flags    Arc    Edge      Cell        Fanout  Load Trans Delay Arrival Instance 
#                                                                                                            (fF)  (ps)  (ps)   (ps)  Location 
#----------------------------------------------------------------------------------------------------------------------------------------------
  u_core/gen_pd_row[6].gen_pd_col[3].u_pd/hit_latched_reg/clk  -       -       R     (arrival)           87     -   150     0     222    (-,-) 
  u_core/gen_pd_row[6].gen_pd_col[3].u_pd/hit_latched_reg/q    (u)     clk->q  F     unmapped_d_flop      4  36.8     0   682     904    (-,-) 
  u_core/gen_pd_row[6].gen_pd_col[3].u_pd/g18/z                (u)     in_0->z R     unmapped_not         8 135.0     0   259    1164    (-,-) 
  u_core/gen_pd_row[6].gen_pd_col[3].u_pd/g27/z                (u)     in_1->z R     unmapped_and4        1  18.0     0   205    1369    (-,-) 
  u_core/gen_pd_row[6].gen_pd_col[3].u_pd/hit_latched_reg/sena -       -       R     unmapped_d_flop      1     -     -     0    1369    (-,-) 
#----------------------------------------------------------------------------------------------------------------------------------------------

(u) : Net has unmapped pin(s).



Path 14: VIOLATED (-252 ps) Setup Check with Pin u_core/gen_pd_row[6].gen_pd_col[2].u_pd/hit_latched_reg/clk->sena
           View: tc_view
          Group: clk_osc_fast_tap2
     Startpoint: (R) u_core/gen_pd_row[6].gen_pd_col[2].u_pd/hit_latched_reg/clk
          Clock: (R) clk_osc_fast_tap2
       Endpoint: (R) u_core/gen_pd_row[6].gen_pd_col[2].u_pd/hit_latched_reg/sena
          Clock: (R) clk_osc_fast_tap2

                     Capture       Launch     
        Clock Edge:+    1481          148     
       Src Latency:+       0            0     
       Net Latency:+       0 (I)        0 (I) 
           Arrival:=    1481          148     
                                              
             Setup:-     429                  
       Uncertainty:-      10                  
     Required Time:=    1042                  
      Launch Clock:-     148                  
         Data Path:-    1147                  
             Slack:=    -252                  

#----------------------------------------------------------------------------------------------------------------------------------------------
#                        Timing Point                          Flags    Arc    Edge      Cell        Fanout  Load Trans Delay Arrival Instance 
#                                                                                                            (fF)  (ps)  (ps)   (ps)  Location 
#----------------------------------------------------------------------------------------------------------------------------------------------
  u_core/gen_pd_row[6].gen_pd_col[2].u_pd/hit_latched_reg/clk  -       -       R     (arrival)           87     -   150     0     148    (-,-) 
  u_core/gen_pd_row[6].gen_pd_col[2].u_pd/hit_latched_reg/q    (u)     clk->q  F     unmapped_d_flop      4  36.8     0   682     830    (-,-) 
  u_core/gen_pd_row[6].gen_pd_col[2].u_pd/g18/z                (u)     in_0->z R     unmapped_not         8 135.0     0   259    1090    (-,-) 
  u_core/gen_pd_row[6].gen_pd_col[2].u_pd/g27/z                (u)     in_1->z R     unmapped_and4        1  18.0     0   205    1295    (-,-) 
  u_core/gen_pd_row[6].gen_pd_col[2].u_pd/hit_latched_reg/sena -       -       R     unmapped_d_flop      1     -     -     0    1295    (-,-) 
#----------------------------------------------------------------------------------------------------------------------------------------------

(u) : Net has unmapped pin(s).



Path 15: VIOLATED (-252 ps) Setup Check with Pin u_core/gen_pd_row[6].gen_pd_col[1].u_pd/hit_latched_reg/clk->sena
           View: tc_view
          Group: clk_osc_fast_tap1
     Startpoint: (R) u_core/gen_pd_row[6].gen_pd_col[1].u_pd/hit_latched_reg/clk
          Clock: (R) clk_osc_fast_tap1
       Endpoint: (R) u_core/gen_pd_row[6].gen_pd_col[1].u_pd/hit_latched_reg/sena
          Clock: (R) clk_osc_fast_tap1

                     Capture       Launch     
        Clock Edge:+    1407           74     
       Src Latency:+       0            0     
       Net Latency:+       0 (I)        0 (I) 
           Arrival:=    1407           74     
                                              
             Setup:-     429                  
       Uncertainty:-      10                  
     Required Time:=     968                  
      Launch Clock:-      74                  
         Data Path:-    1147                  
             Slack:=    -252                  

#----------------------------------------------------------------------------------------------------------------------------------------------
#                        Timing Point                          Flags    Arc    Edge      Cell        Fanout  Load Trans Delay Arrival Instance 
#                                                                                                            (fF)  (ps)  (ps)   (ps)  Location 
#----------------------------------------------------------------------------------------------------------------------------------------------
  u_core/gen_pd_row[6].gen_pd_col[1].u_pd/hit_latched_reg/clk  -       -       R     (arrival)           87     -   150     0      74    (-,-) 
  u_core/gen_pd_row[6].gen_pd_col[1].u_pd/hit_latched_reg/q    (u)     clk->q  F     unmapped_d_flop      4  36.8     0   682     756    (-,-) 
  u_core/gen_pd_row[6].gen_pd_col[1].u_pd/g18/z                (u)     in_0->z R     unmapped_not         8 135.0     0   259    1016    (-,-) 
  u_core/gen_pd_row[6].gen_pd_col[1].u_pd/g27/z                (u)     in_1->z R     unmapped_and4        1  18.0     0   205    1221    (-,-) 
  u_core/gen_pd_row[6].gen_pd_col[1].u_pd/hit_latched_reg/sena -       -       R     unmapped_d_flop      1     -     -     0    1221    (-,-) 
#----------------------------------------------------------------------------------------------------------------------------------------------

(u) : Net has unmapped pin(s).



Path 16: VIOLATED (-252 ps) Setup Check with Pin u_core/gen_pd_row[6].gen_pd_col[0].u_pd/hit_latched_reg/clk->sena
           View: tc_view
          Group: clk_osc_fast
     Startpoint: (R) u_core/gen_pd_row[6].gen_pd_col[0].u_pd/hit_latched_reg/clk
          Clock: (R) clk_osc_fast
       Endpoint: (R) u_core/gen_pd_row[6].gen_pd_col[0].u_pd/hit_latched_reg/sena
          Clock: (R) clk_osc_fast

                     Capture       Launch     
        Clock Edge:+    1333            0     
       Src Latency:+       0            0     
       Net Latency:+       0 (I)        0 (I) 
           Arrival:=    1333            0     
                                              
             Setup:-     429                  
       Uncertainty:-      10                  
     Required Time:=     894                  
      Launch Clock:-       0                  
         Data Path:-    1147                  
             Slack:=    -252                  

#----------------------------------------------------------------------------------------------------------------------------------------------
#                        Timing Point                          Flags    Arc    Edge      Cell        Fanout  Load Trans Delay Arrival Instance 
#                                                                                                            (fF)  (ps)  (ps)   (ps)  Location 
#----------------------------------------------------------------------------------------------------------------------------------------------
  u_core/gen_pd_row[6].gen_pd_col[0].u_pd/hit_latched_reg/clk  -       -       R     (arrival)           89     -   150     0       0    (-,-) 
  u_core/gen_pd_row[6].gen_pd_col[0].u_pd/hit_latched_reg/q    (u)     clk->q  F     unmapped_d_flop      4  36.8     0   682     682    (-,-) 
  u_core/gen_pd_row[6].gen_pd_col[0].u_pd/g18/z                (u)     in_0->z R     unmapped_not         8 135.0     0   259     942    (-,-) 
  u_core/gen_pd_row[6].gen_pd_col[0].u_pd/g27/z                (u)     in_1->z R     unmapped_and4        1  18.0     0   205    1147    (-,-) 
  u_core/gen_pd_row[6].gen_pd_col[0].u_pd/hit_latched_reg/sena -       -       R     unmapped_d_flop      1     -     -     0    1147    (-,-) 
#----------------------------------------------------------------------------------------------------------------------------------------------

(u) : Net has unmapped pin(s).



Path 17: VIOLATED (-252 ps) Setup Check with Pin u_core/gen_pd_row[5].gen_pd_col[7].u_pd/hit_latched_reg/clk->sena
           View: tc_view
          Group: clk_osc_fast_tap7
     Startpoint: (R) u_core/gen_pd_row[5].gen_pd_col[7].u_pd/hit_latched_reg/clk
          Clock: (R) clk_osc_fast_tap7
       Endpoint: (R) u_core/gen_pd_row[5].gen_pd_col[7].u_pd/hit_latched_reg/sena
          Clock: (R) clk_osc_fast_tap7

                     Capture       Launch     
        Clock Edge:+    1851          518     
       Src Latency:+       0            0     
       Net Latency:+       0 (I)        0 (I) 
           Arrival:=    1851          518     
                                              
             Setup:-     429                  
       Uncertainty:-      10                  
     Required Time:=    1412                  
      Launch Clock:-     518                  
         Data Path:-    1147                  
             Slack:=    -252                  

#----------------------------------------------------------------------------------------------------------------------------------------------
#                        Timing Point                          Flags    Arc    Edge      Cell        Fanout  Load Trans Delay Arrival Instance 
#                                                                                                            (fF)  (ps)  (ps)   (ps)  Location 
#----------------------------------------------------------------------------------------------------------------------------------------------
  u_core/gen_pd_row[5].gen_pd_col[7].u_pd/hit_latched_reg/clk  -       -       R     (arrival)           87     -   150     0     518    (-,-) 
  u_core/gen_pd_row[5].gen_pd_col[7].u_pd/hit_latched_reg/q    (u)     clk->q  F     unmapped_d_flop      4  36.8     0   682    1200    (-,-) 
  u_core/gen_pd_row[5].gen_pd_col[7].u_pd/g18/z                (u)     in_0->z R     unmapped_not         8 135.0     0   259    1460    (-,-) 
  u_core/gen_pd_row[5].gen_pd_col[7].u_pd/g27/z                (u)     in_1->z R     unmapped_and4        1  18.0     0   205    1665    (-,-) 
  u_core/gen_pd_row[5].gen_pd_col[7].u_pd/hit_latched_reg/sena -       -       R     unmapped_d_flop      1     -     -     0    1665    (-,-) 
#----------------------------------------------------------------------------------------------------------------------------------------------

(u) : Net has unmapped pin(s).



Path 18: VIOLATED (-252 ps) Setup Check with Pin u_core/gen_pd_row[5].gen_pd_col[6].u_pd/hit_latched_reg/clk->sena
           View: tc_view
          Group: clk_osc_fast_tap6
     Startpoint: (R) u_core/gen_pd_row[5].gen_pd_col[6].u_pd/hit_latched_reg/clk
          Clock: (R) clk_osc_fast_tap6
       Endpoint: (R) u_core/gen_pd_row[5].gen_pd_col[6].u_pd/hit_latched_reg/sena
          Clock: (R) clk_osc_fast_tap6

                     Capture       Launch     
        Clock Edge:+    1777          444     
       Src Latency:+       0            0     
       Net Latency:+       0 (I)        0 (I) 
           Arrival:=    1777          444     
                                              
             Setup:-     429                  
       Uncertainty:-      10                  
     Required Time:=    1338                  
      Launch Clock:-     444                  
         Data Path:-    1147                  
             Slack:=    -252                  

#----------------------------------------------------------------------------------------------------------------------------------------------
#                        Timing Point                          Flags    Arc    Edge      Cell        Fanout  Load Trans Delay Arrival Instance 
#                                                                                                            (fF)  (ps)  (ps)   (ps)  Location 
#----------------------------------------------------------------------------------------------------------------------------------------------
  u_core/gen_pd_row[5].gen_pd_col[6].u_pd/hit_latched_reg/clk  -       -       R     (arrival)           87     -   150     0     444    (-,-) 
  u_core/gen_pd_row[5].gen_pd_col[6].u_pd/hit_latched_reg/q    (u)     clk->q  F     unmapped_d_flop      4  36.8     0   682    1126    (-,-) 
  u_core/gen_pd_row[5].gen_pd_col[6].u_pd/g18/z                (u)     in_0->z R     unmapped_not         8 135.0     0   259    1386    (-,-) 
  u_core/gen_pd_row[5].gen_pd_col[6].u_pd/g27/z                (u)     in_1->z R     unmapped_and4        1  18.0     0   205    1591    (-,-) 
  u_core/gen_pd_row[5].gen_pd_col[6].u_pd/hit_latched_reg/sena -       -       R     unmapped_d_flop      1     -     -     0    1591    (-,-) 
#----------------------------------------------------------------------------------------------------------------------------------------------

(u) : Net has unmapped pin(s).



Path 19: VIOLATED (-252 ps) Setup Check with Pin u_core/gen_pd_row[5].gen_pd_col[5].u_pd/hit_latched_reg/clk->sena
           View: tc_view
          Group: clk_osc_fast_tap5
     Startpoint: (R) u_core/gen_pd_row[5].gen_pd_col[5].u_pd/hit_latched_reg/clk
          Clock: (R) clk_osc_fast_tap5
       Endpoint: (R) u_core/gen_pd_row[5].gen_pd_col[5].u_pd/hit_latched_reg/sena
          Clock: (R) clk_osc_fast_tap5

                     Capture       Launch     
        Clock Edge:+    1703          370     
       Src Latency:+       0            0     
       Net Latency:+       0 (I)        0 (I) 
           Arrival:=    1703          370     
                                              
             Setup:-     429                  
       Uncertainty:-      10                  
     Required Time:=    1264                  
      Launch Clock:-     370                  
         Data Path:-    1147                  
             Slack:=    -252                  

#----------------------------------------------------------------------------------------------------------------------------------------------
#                        Timing Point                          Flags    Arc    Edge      Cell        Fanout  Load Trans Delay Arrival Instance 
#                                                                                                            (fF)  (ps)  (ps)   (ps)  Location 
#----------------------------------------------------------------------------------------------------------------------------------------------
  u_core/gen_pd_row[5].gen_pd_col[5].u_pd/hit_latched_reg/clk  -       -       R     (arrival)           87     -   150     0     370    (-,-) 
  u_core/gen_pd_row[5].gen_pd_col[5].u_pd/hit_latched_reg/q    (u)     clk->q  F     unmapped_d_flop      4  36.8     0   682    1052    (-,-) 
  u_core/gen_pd_row[5].gen_pd_col[5].u_pd/g18/z                (u)     in_0->z R     unmapped_not         8 135.0     0   259    1312    (-,-) 
  u_core/gen_pd_row[5].gen_pd_col[5].u_pd/g27/z                (u)     in_1->z R     unmapped_and4        1  18.0     0   205    1517    (-,-) 
  u_core/gen_pd_row[5].gen_pd_col[5].u_pd/hit_latched_reg/sena -       -       R     unmapped_d_flop      1     -     -     0    1517    (-,-) 
#----------------------------------------------------------------------------------------------------------------------------------------------

(u) : Net has unmapped pin(s).



Path 20: VIOLATED (-252 ps) Setup Check with Pin u_core/gen_pd_row[5].gen_pd_col[4].u_pd/hit_latched_reg/clk->sena
           View: tc_view
          Group: clk_osc_fast_tap4
     Startpoint: (R) u_core/gen_pd_row[5].gen_pd_col[4].u_pd/hit_latched_reg/clk
          Clock: (R) clk_osc_fast_tap4
       Endpoint: (R) u_core/gen_pd_row[5].gen_pd_col[4].u_pd/hit_latched_reg/sena
          Clock: (R) clk_osc_fast_tap4

                     Capture       Launch     
        Clock Edge:+    1629          296     
       Src Latency:+       0            0     
       Net Latency:+       0 (I)        0 (I) 
           Arrival:=    1629          296     
                                              
             Setup:-     429                  
       Uncertainty:-      10                  
     Required Time:=    1190                  
      Launch Clock:-     296                  
         Data Path:-    1147                  
             Slack:=    -252                  

#----------------------------------------------------------------------------------------------------------------------------------------------
#                        Timing Point                          Flags    Arc    Edge      Cell        Fanout  Load Trans Delay Arrival Instance 
#                                                                                                            (fF)  (ps)  (ps)   (ps)  Location 
#----------------------------------------------------------------------------------------------------------------------------------------------
  u_core/gen_pd_row[5].gen_pd_col[4].u_pd/hit_latched_reg/clk  -       -       R     (arrival)           87     -   150     0     296    (-,-) 
  u_core/gen_pd_row[5].gen_pd_col[4].u_pd/hit_latched_reg/q    (u)     clk->q  F     unmapped_d_flop      4  36.8     0   682     978    (-,-) 
  u_core/gen_pd_row[5].gen_pd_col[4].u_pd/g18/z                (u)     in_0->z R     unmapped_not         8 135.0     0   259    1238    (-,-) 
  u_core/gen_pd_row[5].gen_pd_col[4].u_pd/g27/z                (u)     in_1->z R     unmapped_and4        1  18.0     0   205    1443    (-,-) 
  u_core/gen_pd_row[5].gen_pd_col[4].u_pd/hit_latched_reg/sena -       -       R     unmapped_d_flop      1     -     -     0    1443    (-,-) 
#----------------------------------------------------------------------------------------------------------------------------------------------

(u) : Net has unmapped pin(s).


