============================================================
  Generated by:           Genus(TM) Synthesis Solution 22.13-s093_1
  Generated on:           Jun 01 2026  05:36:08 pm
  Module:                 mptdc_top_asic
  Operating conditions:   slow_1_62V_125C 
  Interconnect mode:      global
  Area mode:              physical library
============================================================

                                                                     Library 
   Gate    Instances     Area                  Library                Domain 
-----------------------------------------------------------------------------
AN21HDX0           2      25.088    D_CELLS_HD_LPMOS_slow_1_62V_125C wc_cond 
AN21HDX1         108    1354.752    D_CELLS_HD_LPMOS_slow_1_62V_125C wc_cond 
AN21HDX2           2      45.158    D_CELLS_HD_LPMOS_slow_1_62V_125C wc_cond 
AN22HDX0         106    1595.597    D_CELLS_HD_LPMOS_slow_1_62V_125C wc_cond 
AN22HDX1        1983   29849.702    D_CELLS_HD_LPMOS_slow_1_62V_125C wc_cond 
AN22HDX2          96    2408.448    D_CELLS_HD_LPMOS_slow_1_62V_125C wc_cond 
AN22HDX4          32    1043.661    D_CELLS_HD_LPMOS_slow_1_62V_125C wc_cond 
AN311HDX2          1      30.106    D_CELLS_HD_LPMOS_slow_1_62V_125C wc_cond 
AN31HDX1           7     105.370    D_CELLS_HD_LPMOS_slow_1_62V_125C wc_cond 
AN31HDX2           1      25.088    D_CELLS_HD_LPMOS_slow_1_62V_125C wc_cond 
AN31HDX4           1      32.614    D_CELLS_HD_LPMOS_slow_1_62V_125C wc_cond 
AN321HDX2          1      32.614    D_CELLS_HD_LPMOS_slow_1_62V_125C wc_cond 
AN32HDX1           4      70.246    D_CELLS_HD_LPMOS_slow_1_62V_125C wc_cond 
AN32HDX2           1      30.106    D_CELLS_HD_LPMOS_slow_1_62V_125C wc_cond 
AND2HDX0         203    2546.432    D_CELLS_HD_LPMOS_slow_1_62V_125C wc_cond 
AND2HDX1         278    3487.232    D_CELLS_HD_LPMOS_slow_1_62V_125C wc_cond 
AND2HDX2         130    1956.864    D_CELLS_HD_LPMOS_slow_1_62V_125C wc_cond 
AND2HDX4          31     622.182    D_CELLS_HD_LPMOS_slow_1_62V_125C wc_cond 
AND3HDX0          11     165.581    D_CELLS_HD_LPMOS_slow_1_62V_125C wc_cond 
AND3HDX1          18     270.950    D_CELLS_HD_LPMOS_slow_1_62V_125C wc_cond 
AND3HDX2          27     474.163    D_CELLS_HD_LPMOS_slow_1_62V_125C wc_cond 
AND3HDX4           8     180.634    D_CELLS_HD_LPMOS_slow_1_62V_125C wc_cond 
AND4HDX0          10     175.616    D_CELLS_HD_LPMOS_slow_1_62V_125C wc_cond 
AND4HDX1          40     702.464    D_CELLS_HD_LPMOS_slow_1_62V_125C wc_cond 
AND4HDX2           3      60.211    D_CELLS_HD_LPMOS_slow_1_62V_125C wc_cond 
AND4HDX4           1      27.597    D_CELLS_HD_LPMOS_slow_1_62V_125C wc_cond 
AND5HDX1           2      50.176    D_CELLS_HD_LPMOS_slow_1_62V_125C wc_cond 
AND5HDX2           2      60.211    D_CELLS_HD_LPMOS_slow_1_62V_125C wc_cond 
AND6HDX1           1      27.597    D_CELLS_HD_LPMOS_slow_1_62V_125C wc_cond 
AND6HDX2         127    4142.029    D_CELLS_HD_LPMOS_slow_1_62V_125C wc_cond 
AO211HDX0          2      35.123    D_CELLS_HD_LPMOS_slow_1_62V_125C wc_cond 
AO211HDX2          1      22.579    D_CELLS_HD_LPMOS_slow_1_62V_125C wc_cond 
AO21HDX0          18     316.109    D_CELLS_HD_LPMOS_slow_1_62V_125C wc_cond 
AO21HDX1           3      52.685    D_CELLS_HD_LPMOS_slow_1_62V_125C wc_cond 
AO221HDX0          1      22.579    D_CELLS_HD_LPMOS_slow_1_62V_125C wc_cond 
AO222HDX0         17     426.496    D_CELLS_HD_LPMOS_slow_1_62V_125C wc_cond 
AO22HDX0        4301   86322.790    D_CELLS_HD_LPMOS_slow_1_62V_125C wc_cond 
AO22HDX1          10     200.704    D_CELLS_HD_LPMOS_slow_1_62V_125C wc_cond 
AO22HDX2           4      90.317    D_CELLS_HD_LPMOS_slow_1_62V_125C wc_cond 
AO311HDX1          2      40.141    D_CELLS_HD_LPMOS_slow_1_62V_125C wc_cond 
AO31HDX0           1      17.562    D_CELLS_HD_LPMOS_slow_1_62V_125C wc_cond 
AO31HDX1           2      35.123    D_CELLS_HD_LPMOS_slow_1_62V_125C wc_cond 
AO31HDX2           1      20.070    D_CELLS_HD_LPMOS_slow_1_62V_125C wc_cond 
AO32HDX0           9     180.634    D_CELLS_HD_LPMOS_slow_1_62V_125C wc_cond 
AO32HDX1           1      20.070    D_CELLS_HD_LPMOS_slow_1_62V_125C wc_cond 
BUHDX0           494    4957.389    D_CELLS_HD_LPMOS_slow_1_62V_125C wc_cond 
BUHDX1           430    4315.136    D_CELLS_HD_LPMOS_slow_1_62V_125C wc_cond 
BUHDX12           34    1705.984    D_CELLS_HD_LPMOS_slow_1_62V_125C wc_cond 
BUHDX2           107    1342.208    D_CELLS_HD_LPMOS_slow_1_62V_125C wc_cond 
BUHDX3            39     684.902    D_CELLS_HD_LPMOS_slow_1_62V_125C wc_cond 
BUHDX4            63    1264.435    D_CELLS_HD_LPMOS_slow_1_62V_125C wc_cond 
BUHDX6            58    1600.614    D_CELLS_HD_LPMOS_slow_1_62V_125C wc_cond 
BUHDX8            62    2177.638    D_CELLS_HD_LPMOS_slow_1_62V_125C wc_cond 
CAGHDX0            1      22.579    D_CELLS_HD_LPMOS_slow_1_62V_125C wc_cond 
CAGHDX1            4      90.317    D_CELLS_HD_LPMOS_slow_1_62V_125C wc_cond 
CAGHDX2            6     150.528    D_CELLS_HD_LPMOS_slow_1_62V_125C wc_cond 
DFRHDX0          107    5637.274    D_CELLS_HD_LPMOS_slow_1_62V_125C wc_cond 
DFRHDX1           65    3424.512    D_CELLS_HD_LPMOS_slow_1_62V_125C wc_cond 
DFRHDX2            4     230.810    D_CELLS_HD_LPMOS_slow_1_62V_125C wc_cond 
DFRHDX4           11     745.114    D_CELLS_HD_LPMOS_slow_1_62V_125C wc_cond 
DFRQHDX0        2406  114687.283    D_CELLS_HD_LPMOS_slow_1_62V_125C wc_cond 
DFRQHDX1        2008   95715.738    D_CELLS_HD_LPMOS_slow_1_62V_125C wc_cond 
DFRQHDX2          26    1304.576    D_CELLS_HD_LPMOS_slow_1_62V_125C wc_cond 
DFRQHDX4           2     110.387    D_CELLS_HD_LPMOS_slow_1_62V_125C wc_cond 
DFRRHDX0           3     188.160    D_CELLS_HD_LPMOS_slow_1_62V_125C wc_cond 
DFRRHDX1          67    4202.240    D_CELLS_HD_LPMOS_slow_1_62V_125C wc_cond 
DFRRHDX2          17    1151.539    D_CELLS_HD_LPMOS_slow_1_62V_125C wc_cond 
DFRRQHDX0         39    2250.394    D_CELLS_HD_LPMOS_slow_1_62V_125C wc_cond 
DFRRQHDX1        457   26369.997    D_CELLS_HD_LPMOS_slow_1_62V_125C wc_cond 
DFRRQHDX2         32    1926.758    D_CELLS_HD_LPMOS_slow_1_62V_125C wc_cond 
DFRRQHDX4        347   22634.394    D_CELLS_HD_LPMOS_slow_1_62V_125C wc_cond 
DFRSHDX1          20    1154.048    D_CELLS_HD_LPMOS_slow_1_62V_125C wc_cond 
DFRSHDX2          14     878.080    D_CELLS_HD_LPMOS_slow_1_62V_125C wc_cond 
DFRSHDX4           1      75.264    D_CELLS_HD_LPMOS_slow_1_62V_125C wc_cond 
DFRSQHDX0          1      52.685    D_CELLS_HD_LPMOS_slow_1_62V_125C wc_cond 
DFRSQHDX1         59    3108.403    D_CELLS_HD_LPMOS_slow_1_62V_125C wc_cond 
DFRSQHDX2          3     165.581    D_CELLS_HD_LPMOS_slow_1_62V_125C wc_cond 
DLHQHDX0           1      30.106    D_CELLS_HD_LPMOS_slow_1_62V_125C wc_cond 
DLHQHDX1           2      60.211    D_CELLS_HD_LPMOS_slow_1_62V_125C wc_cond 
DLLQHDX0           1      30.106    D_CELLS_HD_LPMOS_slow_1_62V_125C wc_cond 
DLLQHDX1           2      60.211    D_CELLS_HD_LPMOS_slow_1_62V_125C wc_cond 
DLLQHDX4           1      40.141    D_CELLS_HD_LPMOS_slow_1_62V_125C wc_cond 
EN2HDX0            2      40.141    D_CELLS_HD_LPMOS_slow_1_62V_125C wc_cond 
EN2HDX1           19     429.005    D_CELLS_HD_LPMOS_slow_1_62V_125C wc_cond 
EN3HDX1            5     200.704    D_CELLS_HD_LPMOS_slow_1_62V_125C wc_cond 
EN3HDX2            4     200.704    D_CELLS_HD_LPMOS_slow_1_62V_125C wc_cond 
EO2HDX0            6     120.422    D_CELLS_HD_LPMOS_slow_1_62V_125C wc_cond 
EO2HDX1           63    1264.435    D_CELLS_HD_LPMOS_slow_1_62V_125C wc_cond 
EO3HDX0            1      40.141    D_CELLS_HD_LPMOS_slow_1_62V_125C wc_cond 
EO3HDX1            1      40.141    D_CELLS_HD_LPMOS_slow_1_62V_125C wc_cond 
FAHDX1            43    2373.325    D_CELLS_HD_LPMOS_slow_1_62V_125C wc_cond 
FAHDX2             1      60.211    D_CELLS_HD_LPMOS_slow_1_62V_125C wc_cond 
HAHDX0            11     303.565    D_CELLS_HD_LPMOS_slow_1_62V_125C wc_cond 
HAHDX1            25     752.640    D_CELLS_HD_LPMOS_slow_1_62V_125C wc_cond 
HAHDX2             3     112.896    D_CELLS_HD_LPMOS_slow_1_62V_125C wc_cond 
HAHDX4             1      50.176    D_CELLS_HD_LPMOS_slow_1_62V_125C wc_cond 
INHDX0           689    5185.690    D_CELLS_HD_LPMOS_slow_1_62V_125C wc_cond 
INHDX1           272    2047.181    D_CELLS_HD_LPMOS_slow_1_62V_125C wc_cond 
INHDX12          164    5760.205    D_CELLS_HD_LPMOS_slow_1_62V_125C wc_cond 
INHDX2           225    2257.920    D_CELLS_HD_LPMOS_slow_1_62V_125C wc_cond 
INHDX3           184    2308.096    D_CELLS_HD_LPMOS_slow_1_62V_125C wc_cond 
INHDX4            51     767.693    D_CELLS_HD_LPMOS_slow_1_62V_125C wc_cond 
INHDX6            76    1525.350    D_CELLS_HD_LPMOS_slow_1_62V_125C wc_cond 
INHDX8            99    2483.712    D_CELLS_HD_LPMOS_slow_1_62V_125C wc_cond 
MU2HDX0            1      20.070    D_CELLS_HD_LPMOS_slow_1_62V_125C wc_cond 
MU2HDX1            2      45.158    D_CELLS_HD_LPMOS_slow_1_62V_125C wc_cond 
MU2IHDX1         135    2370.816    D_CELLS_HD_LPMOS_slow_1_62V_125C wc_cond 
MU2IHDX2          28     983.450    D_CELLS_HD_LPMOS_slow_1_62V_125C wc_cond 
NA22HDX0         101    1520.333    D_CELLS_HD_LPMOS_slow_1_62V_125C wc_cond 
NA22HDX1          47     707.482    D_CELLS_HD_LPMOS_slow_1_62V_125C wc_cond 
NA22HDX2          24     481.690    D_CELLS_HD_LPMOS_slow_1_62V_125C wc_cond 
NA22HDX4           1      37.632    D_CELLS_HD_LPMOS_slow_1_62V_125C wc_cond 
NA2HDX0          407    4084.326    D_CELLS_HD_LPMOS_slow_1_62V_125C wc_cond 
NA2HDX1          550    5519.360    D_CELLS_HD_LPMOS_slow_1_62V_125C wc_cond 
NA2HDX2           68    1023.590    D_CELLS_HD_LPMOS_slow_1_62V_125C wc_cond 
NA2HDX4           21     526.848    D_CELLS_HD_LPMOS_slow_1_62V_125C wc_cond 
NA2I1HDX0         12     150.528    D_CELLS_HD_LPMOS_slow_1_62V_125C wc_cond 
NA2I1HDX1         24     301.056    D_CELLS_HD_LPMOS_slow_1_62V_125C wc_cond 
NA2I1HDX2         29     509.286    D_CELLS_HD_LPMOS_slow_1_62V_125C wc_cond 
NA2I1HDX4         26     847.974    D_CELLS_HD_LPMOS_slow_1_62V_125C wc_cond 
NA3HDX0           33     413.952    D_CELLS_HD_LPMOS_slow_1_62V_125C wc_cond 
NA3HDX1           51     639.744    D_CELLS_HD_LPMOS_slow_1_62V_125C wc_cond 
NA3HDX2           16     321.126    D_CELLS_HD_LPMOS_slow_1_62V_125C wc_cond 
NA3I1HDX0          5      75.264    D_CELLS_HD_LPMOS_slow_1_62V_125C wc_cond 
NA3I1HDX1         24     361.267    D_CELLS_HD_LPMOS_slow_1_62V_125C wc_cond 
NA3I1HDX2          6     135.475    D_CELLS_HD_LPMOS_slow_1_62V_125C wc_cond 
NA3I1HDX4          4     170.598    D_CELLS_HD_LPMOS_slow_1_62V_125C wc_cond 
NA3I2HDX0          9     135.475    D_CELLS_HD_LPMOS_slow_1_62V_125C wc_cond 
NA3I2HDX1         21     316.109    D_CELLS_HD_LPMOS_slow_1_62V_125C wc_cond 
NA3I2HDX2          9     180.634    D_CELLS_HD_LPMOS_slow_1_62V_125C wc_cond 
NA3I2HDX4          1      32.614    D_CELLS_HD_LPMOS_slow_1_62V_125C wc_cond 
NA4HDX1           84    1264.435    D_CELLS_HD_LPMOS_slow_1_62V_125C wc_cond 
NA4HDX2           41    1028.608    D_CELLS_HD_LPMOS_slow_1_62V_125C wc_cond 
NA4HDX4            3     127.949    D_CELLS_HD_LPMOS_slow_1_62V_125C wc_cond 
NA4I1HDX1          1      20.070    D_CELLS_HD_LPMOS_slow_1_62V_125C wc_cond 
NA4I2HDX0          1      17.562    D_CELLS_HD_LPMOS_slow_1_62V_125C wc_cond 
NA4I2HDX1          4      70.246    D_CELLS_HD_LPMOS_slow_1_62V_125C wc_cond 
NA4I2HDX2          4     100.352    D_CELLS_HD_LPMOS_slow_1_62V_125C wc_cond 
NA4I3HDX1          4      70.246    D_CELLS_HD_LPMOS_slow_1_62V_125C wc_cond 
NA4I3HDX2          1      22.579    D_CELLS_HD_LPMOS_slow_1_62V_125C wc_cond 
NA5HDX1            1      30.106    D_CELLS_HD_LPMOS_slow_1_62V_125C wc_cond 
NA5I2HDX0          3      75.264    D_CELLS_HD_LPMOS_slow_1_62V_125C wc_cond 
NA5I3HDX1          4      80.282    D_CELLS_HD_LPMOS_slow_1_62V_125C wc_cond 
NA6I2HDX2          1      40.141    D_CELLS_HD_LPMOS_slow_1_62V_125C wc_cond 
NA6I5HDX1          1      27.597    D_CELLS_HD_LPMOS_slow_1_62V_125C wc_cond 
NO22HDX1           1      17.562    D_CELLS_HD_LPMOS_slow_1_62V_125C wc_cond 
NO2HDX0           24     240.845    D_CELLS_HD_LPMOS_slow_1_62V_125C wc_cond 
NO2HDX1          744    7466.189    D_CELLS_HD_LPMOS_slow_1_62V_125C wc_cond 
NO2HDX2           46     807.834    D_CELLS_HD_LPMOS_slow_1_62V_125C wc_cond 
NO2HDX4            7     193.178    D_CELLS_HD_LPMOS_slow_1_62V_125C wc_cond 
NO2I1HDX0         71     890.624    D_CELLS_HD_LPMOS_slow_1_62V_125C wc_cond 
NO2I1HDX1         16     200.704    D_CELLS_HD_LPMOS_slow_1_62V_125C wc_cond 
NO2I1HDX2         36     722.534    D_CELLS_HD_LPMOS_slow_1_62V_125C wc_cond 
NO2I1HDX4          7     228.301    D_CELLS_HD_LPMOS_slow_1_62V_125C wc_cond 
NO3HDX2            4      90.317    D_CELLS_HD_LPMOS_slow_1_62V_125C wc_cond 
NO3I1HDX4          2      60.211    D_CELLS_HD_LPMOS_slow_1_62V_125C wc_cond 
NO3I2HDX0          1      15.053    D_CELLS_HD_LPMOS_slow_1_62V_125C wc_cond 
NO3I2HDX1          9     135.475    D_CELLS_HD_LPMOS_slow_1_62V_125C wc_cond 
NO3I2HDX2         10     225.792    D_CELLS_HD_LPMOS_slow_1_62V_125C wc_cond 
NO3I2HDX4          8     280.986    D_CELLS_HD_LPMOS_slow_1_62V_125C wc_cond 
NO4I1HDX0         15     338.688    D_CELLS_HD_LPMOS_slow_1_62V_125C wc_cond 
NO4I1HDX1          3      67.738    D_CELLS_HD_LPMOS_slow_1_62V_125C wc_cond 
NO4I1HDX4          1      32.614    D_CELLS_HD_LPMOS_slow_1_62V_125C wc_cond 
NO4I2HDX2          1      30.106    D_CELLS_HD_LPMOS_slow_1_62V_125C wc_cond 
NO4I2HDX4          3      97.843    D_CELLS_HD_LPMOS_slow_1_62V_125C wc_cond 
NO4I3HDX1          5     100.352    D_CELLS_HD_LPMOS_slow_1_62V_125C wc_cond 
NO4I3HDX2          3      75.264    D_CELLS_HD_LPMOS_slow_1_62V_125C wc_cond 
NO4I3HDX4          1      32.614    D_CELLS_HD_LPMOS_slow_1_62V_125C wc_cond 
NO5I2HDX0          4     100.352    D_CELLS_HD_LPMOS_slow_1_62V_125C wc_cond 
NO5I2HDX1          2      50.176    D_CELLS_HD_LPMOS_slow_1_62V_125C wc_cond 
NO5I3HDX2          1      30.106    D_CELLS_HD_LPMOS_slow_1_62V_125C wc_cond 
NO5I4HDX2          2      70.246    D_CELLS_HD_LPMOS_slow_1_62V_125C wc_cond 
NO5I4HDX4          3     127.949    D_CELLS_HD_LPMOS_slow_1_62V_125C wc_cond 
NO6HDX0            1      30.106    D_CELLS_HD_LPMOS_slow_1_62V_125C wc_cond 
NO6I4HDX4          1      47.667    D_CELLS_HD_LPMOS_slow_1_62V_125C wc_cond 
NO6I5HDX2          4     140.493    D_CELLS_HD_LPMOS_slow_1_62V_125C wc_cond 
NO6I5HDX4         24    1083.802    D_CELLS_HD_LPMOS_slow_1_62V_125C wc_cond 
OA211HDX0          6     105.370    D_CELLS_HD_LPMOS_slow_1_62V_125C wc_cond 
OA211HDX1          4      80.282    D_CELLS_HD_LPMOS_slow_1_62V_125C wc_cond 
OA21HDX0          12     210.739    D_CELLS_HD_LPMOS_slow_1_62V_125C wc_cond 
OA21HDX1           7     122.931    D_CELLS_HD_LPMOS_slow_1_62V_125C wc_cond 
OA21HDX2           2      45.158    D_CELLS_HD_LPMOS_slow_1_62V_125C wc_cond 
OA21HDX4           1      27.597    D_CELLS_HD_LPMOS_slow_1_62V_125C wc_cond 
OA221HDX1          1      25.088    D_CELLS_HD_LPMOS_slow_1_62V_125C wc_cond 
OA22HDX0          50    1003.520    D_CELLS_HD_LPMOS_slow_1_62V_125C wc_cond 
OA22HDX1           3      60.211    D_CELLS_HD_LPMOS_slow_1_62V_125C wc_cond 
OA22HDX2           3      75.264    D_CELLS_HD_LPMOS_slow_1_62V_125C wc_cond 
OA311HDX0          2      45.158    D_CELLS_HD_LPMOS_slow_1_62V_125C wc_cond 
OA311HDX2          1      25.088    D_CELLS_HD_LPMOS_slow_1_62V_125C wc_cond 
OA31HDX0           3      60.211    D_CELLS_HD_LPMOS_slow_1_62V_125C wc_cond 
OA31HDX1           1      20.070    D_CELLS_HD_LPMOS_slow_1_62V_125C wc_cond 
OA31HDX2           1      25.088    D_CELLS_HD_LPMOS_slow_1_62V_125C wc_cond 
OA321HDX2          1      35.123    D_CELLS_HD_LPMOS_slow_1_62V_125C wc_cond 
ON211HDX0         15     225.792    D_CELLS_HD_LPMOS_slow_1_62V_125C wc_cond 
ON211HDX1         21     368.794    D_CELLS_HD_LPMOS_slow_1_62V_125C wc_cond 
ON211HDX2          2      55.194    D_CELLS_HD_LPMOS_slow_1_62V_125C wc_cond 
ON21HDX0           2      25.088    D_CELLS_HD_LPMOS_slow_1_62V_125C wc_cond 
ON21HDX1         655    8216.320    D_CELLS_HD_LPMOS_slow_1_62V_125C wc_cond 
ON21HDX4           1      30.106    D_CELLS_HD_LPMOS_slow_1_62V_125C wc_cond 
ON221HDX1          2      45.158    D_CELLS_HD_LPMOS_slow_1_62V_125C wc_cond 
ON22HDX0           7     105.370    D_CELLS_HD_LPMOS_slow_1_62V_125C wc_cond 
ON22HDX1          23     403.917    D_CELLS_HD_LPMOS_slow_1_62V_125C wc_cond 
ON22HDX2          12     361.267    D_CELLS_HD_LPMOS_slow_1_62V_125C wc_cond 
ON31HDX1           2      35.123    D_CELLS_HD_LPMOS_slow_1_62V_125C wc_cond 
ON31HDX2           1      25.088    D_CELLS_HD_LPMOS_slow_1_62V_125C wc_cond 
OR2HDX0           17     213.248    D_CELLS_HD_LPMOS_slow_1_62V_125C wc_cond 
OR2HDX1           48     602.112    D_CELLS_HD_LPMOS_slow_1_62V_125C wc_cond 
OR2HDX2           56     842.957    D_CELLS_HD_LPMOS_slow_1_62V_125C wc_cond 
OR2HDX4           36     722.534    D_CELLS_HD_LPMOS_slow_1_62V_125C wc_cond 
OR3HDX0            3      45.158    D_CELLS_HD_LPMOS_slow_1_62V_125C wc_cond 
OR3HDX1            3      45.158    D_CELLS_HD_LPMOS_slow_1_62V_125C wc_cond 
OR3HDX2            4      80.282    D_CELLS_HD_LPMOS_slow_1_62V_125C wc_cond 
OR3HDX4            1      22.579    D_CELLS_HD_LPMOS_slow_1_62V_125C wc_cond 
OR4HDX0            4      90.317    D_CELLS_HD_LPMOS_slow_1_62V_125C wc_cond 
OR4HDX1            1      22.579    D_CELLS_HD_LPMOS_slow_1_62V_125C wc_cond 
RO_tune4           2   23734.519    RO_tune4_real_abstract_shell     wc_cond 
-----------------------------------------------------------------------------
total          20433  549476.139                                     


             Library             Instances    Area    Instances % 
------------------------------------------------------------------
D_CELLS_HD_LPMOS_slow_1_62V_125C     20431 525741.619       100.0 
RO_tune4_real_abstract_shell             2  23734.519         0.0 

                                           
     Type      Instances    Area    Area % 
-------------------------------------------
timing_model           2  23734.519    4.3 
sequential          5696 286234.010   52.1 
inverter            1760  22335.846    4.1 
buffer              1287  18048.307    3.3 
logic              11688 199123.456   36.2 
physical_cells         0      0.000    0.0 
-------------------------------------------
total              20433 549476.139  100.0 

