PVS_RUN_CLASS=DIAGNOSTIC_COMPOSITIONAL_NOT_SIGNOFF
DIAGNOSTIC_SCOPE=BASE_DRC_PLUS_RAW_LVS
DIAGNOSTIC_ANTENNA_EXCEPTION=1
DIAGNOSTIC_RO_COMPOSITIONAL=1
RUN_DENSITY_AFTER_LVS=0
PNR_RUN_ID=20260831_175532_mptdc_tie1_minarea_clearance_v13_replay
PNR_CANDIDATE_KIND=TIE1_MINAREA_CLEAN_COMPOSITIONAL
TIE1_PG_REPLAY_GATE_COUNT=0
TIE1_PG_REPLAY_GATE_KIND=NONE
SOURCE_PNR_RUN_ID=20260831_mptdc_tie1_filler_ecoroute_reconciled_131006
SOURCE_CHECKPOINT=/sim/ksabra/SPADMIC_work/innovus/20260831_175532_mptdc_tie1_minarea_clearance_v13_replay/checkpoints/repaired_route.enc.dat
CANDIDATE_GATE_PATH=/home/validmgr/ksabra/2026_SPAD/SPADMIC/MPTDC/docs/server_snapshots/innovus/20260831_175532_mptdc_tie1_minarea_clearance_v13_replay/reports/operator_gate_tie1_minarea_endext_replay.rpt
CANDIDATE_CHECKPOINT_EXPECTED_SHA256=35fec60377b4fc7c08b83bf550ef457f7bdb3aa69580d8a749feb7a66fa4a7bf
CANDIDATE_CHECKPOINT_ACTUAL_SHA256=35fec60377b4fc7c08b83bf550ef457f7bdb3aa69580d8a749feb7a66fa4a7bf
CANDIDATE_CHECKPOINT_HASH_STATUS=PASS
DEFERRED_INNOVUS_DRC_COUNT=0
DEFERRED_INNOVUS_DRC_RULE=NONE
DEFERRED_INNOVUS_DRC_NET=NONE
DENSITY_DRC_STATUS=NOT_RUN_BY_SCOPE
SIGNOFF_ELIGIBLE=NO
