# Excerpt from /sim/ksabra/SPADMIC_work/genus/genus_matrix_ooc_rerun_20260630_1009/spadmic_top_matrix_v1/reports/elaboration/check_design_post_elab.rpt
# First 220 lines

 	 Check Design Report (c)
	 ------------------- 
No subdesign's name is greater than 1.5k in length.

 Feedthrough Module(s)
 -------------------------
design 'spadmic_top_matrix_v1' has the following feed through module(s) 
module:spadmic_top_matrix_v1/mptdc_phase_buffer_bank
Total number of feed through modules in design 'spadmic_top_matrix_v1' : 1

  Unresolved References & Empty Modules
  ------------------------------------- 
No unresolved references in design 'spadmic_top_matrix_v1'

No empty modules in design 'spadmic_top_matrix_v1'

 Unloaded Pin(s), Port(s)
 -------------------------
design 'spadmic_top_matrix_v1' has the following unloaded sequential elements
inst:spadmic_top_matrix_v1/u_tdc_r/u_tdc/u_core/u_stop_capture/phase7d_snap_o_reg
inst:spadmic_top_matrix_v1/u_tdc_r/u_tdc/u_core/u_hit_capture_bridge/snapshot_q_reg[flags][closed_by_watchdog]
inst:spadmic_top_matrix_v1/u_tdc_r/u_tdc/u_core/u_hit_capture_bridge/snapshot_q_reg[flags][closed_by_maxhits]
inst:spadmic_top_matrix_v1/u_tdc_r/u_tdc/u_core/u_hit_capture_bridge/snapshot_q_reg[flags][closed_by_fast_maxhit]
inst:spadmic_top_matrix_v1/u_tdc_r/u_tdc/u_core/u_hit_capture_bridge/snapshot_q_reg[flags][reserved]
inst:spadmic_top_matrix_v1/u_tdc_r/u_tdc/u_core/u_hit_capture_bridge/snapshot_q_reg[hit_count][0]
inst:spadmic_top_matrix_v1/u_tdc_r/u_tdc/u_core/u_hit_capture_bridge/snapshot_q_reg[hit_count][1]
inst:spadmic_top_matrix_v1/u_tdc_r/u_tdc/u_core/u_hit_capture_bridge/snapshot_q_reg[hit_count][2]
inst:spadmic_top_matrix_v1/u_tdc_r/u_tdc/u_core/u_hit_capture_bridge/snapshot_q_reg[hit_count][3]
inst:spadmic_top_matrix_v1/u_tdc_r/u_tdc/u_core/ro_slow_code_q_reg[0]
inst:spadmic_top_matrix_v1/u_tdc_r/u_tdc/u_core/ro_slow_code_q_reg[1]
inst:spadmic_top_matrix_v1/u_tdc_r/u_tdc/u_core/ro_slow_code_q_reg[2]
inst:spadmic_top_matrix_v1/u_tdc_r/u_tdc/u_core/ro_slow_code_q_reg[3]
inst:spadmic_top_matrix_v1/u_tdc_r/u_tdc/u_core/ro_slow_code_q_reg[4]
inst:spadmic_top_matrix_v1/u_tdc_r/u_tdc/u_core/ro_slow_code_q_reg[5]
inst:spadmic_top_matrix_v1/u_tdc_r/u_tdc/u_core/ro_slow_code_q_reg[6]
inst:spadmic_top_matrix_v1/u_tdc_r/u_tdc/u_core/ro_slow_code_q_reg[7]
inst:spadmic_top_matrix_v1/u_tdc_r/u_tdc/u_core/ro_fast_code_q_reg[0]
inst:spadmic_top_matrix_v1/u_tdc_r/u_tdc/u_core/ro_fast_code_q_reg[1]
inst:spadmic_top_matrix_v1/u_tdc_r/u_tdc/u_core/ro_fast_code_q_reg[2]
inst:spadmic_top_matrix_v1/u_tdc_r/u_tdc/u_core/ro_fast_code_q_reg[3]
inst:spadmic_top_matrix_v1/u_tdc_r/u_tdc/u_core/ro_fast_code_q_reg[4]
inst:spadmic_top_matrix_v1/u_tdc_r/u_tdc/u_core/ro_fast_code_q_reg[5]
inst:spadmic_top_matrix_v1/u_tdc_r/u_tdc/u_core/ro_fast_code_q_reg[6]
inst:spadmic_top_matrix_v1/u_tdc_r/u_tdc/u_core/ro_fast_code_q_reg[7]
inst:spadmic_top_matrix_v1/u_tdc_r/u_tdc/u_core/last_hit_count_r_reg[0]
inst:spadmic_top_matrix_v1/u_tdc_r/u_tdc/u_core/last_hit_count_r_reg[1]
inst:spadmic_top_matrix_v1/u_tdc_r/u_tdc/u_core/last_hit_count_r_reg[2]
inst:spadmic_top_matrix_v1/u_tdc_r/u_tdc/u_core/last_hit_count_r_reg[3]
inst:spadmic_top_matrix_v1/u_tdc_r/u_tdc/u_core/last_flags_r_reg[closed_by_watchdog]
inst:spadmic_top_matrix_v1/u_tdc_r/u_tdc/u_core/last_flags_r_reg[closed_by_maxhits]
inst:spadmic_top_matrix_v1/u_tdc_r/u_tdc/u_core/last_flags_r_reg[closed_by_fast_maxhit]
inst:spadmic_top_matrix_v1/u_tdc_r/u_tdc/u_core/last_flags_r_reg[reserved]
inst:spadmic_top_matrix_v1/u_pos_packetizer/u_r_cluster_scan/quad_q_reg[1][last_hit][0]
inst:spadmic_top_matrix_v1/u_pos_packetizer/u_r_cluster_scan/quad_q_reg[1][last_hit][1]
inst:spadmic_top_matrix_v1/u_pos_packetizer/u_r_cluster_scan/quad_q_reg[1][last_hit][2]
inst:spadmic_top_matrix_v1/u_pos_packetizer/u_r_cluster_scan/quad_q_reg[1][last_hit][3]
inst:spadmic_top_matrix_v1/u_pos_packetizer/u_r_cluster_scan/quad_q_reg[1][last_hit][4]
inst:spadmic_top_matrix_v1/u_pos_packetizer/u_r_cluster_scan/quad_q_reg[1][last_hit][5]
inst:spadmic_top_matrix_v1/u_pos_packetizer/u_r_cluster_scan/quad_q_reg[0][first_hit][0]
inst:spadmic_top_matrix_v1/u_pos_packetizer/u_r_cluster_scan/quad_q_reg[0][first_hit][1]
inst:spadmic_top_matrix_v1/u_pos_packetizer/u_r_cluster_scan/quad_q_reg[0][first_hit][2]
inst:spadmic_top_matrix_v1/u_pos_packetizer/u_r_cluster_scan/quad_q_reg[0][first_hit][3]
inst:spadmic_top_matrix_v1/u_pos_packetizer/u_r_cluster_scan/quad_q_reg[0][first_hit][4]
inst:spadmic_top_matrix_v1/u_pos_packetizer/u_r_cluster_scan/quad_q_reg[0][first_hit][5]
inst:spadmic_top_matrix_v1/u_pos_packetizer/u_r_cluster_scan/clusters_q_reg[cluster_count][0]
inst:spadmic_top_matrix_v1/u_pos_packetizer/u_r_cluster_scan/clusters_q_reg[cluster_count][1]
inst:spadmic_top_matrix_v1/u_pos_packetizer/u_r_cluster_scan/clusters_q_reg[empty]
inst:spadmic_top_matrix_v1/u_pos_packetizer/done_o_reg
inst:spadmic_top_matrix_v1/u_pos_packetizer/u_y_cluster_scan/quad_q_reg[1][last_hit][0]
inst:spadmic_top_matrix_v1/u_pos_packetizer/u_y_cluster_scan/quad_q_reg[1][last_hit][1]
inst:spadmic_top_matrix_v1/u_pos_packetizer/u_y_cluster_scan/quad_q_reg[1][last_hit][2]
inst:spadmic_top_matrix_v1/u_pos_packetizer/u_y_cluster_scan/quad_q_reg[1][last_hit][3]
inst:spadmic_top_matrix_v1/u_pos_packetizer/u_y_cluster_scan/quad_q_reg[1][last_hit][4]
inst:spadmic_top_matrix_v1/u_pos_packetizer/u_y_cluster_scan/quad_q_reg[1][last_hit][5]
inst:spadmic_top_matrix_v1/u_pos_packetizer/u_y_cluster_scan/quad_q_reg[0][first_hit][0]
inst:spadmic_top_matrix_v1/u_pos_packetizer/u_y_cluster_scan/quad_q_reg[0][first_hit][1]
inst:spadmic_top_matrix_v1/u_pos_packetizer/u_y_cluster_scan/quad_q_reg[0][first_hit][2]
inst:spadmic_top_matrix_v1/u_pos_packetizer/u_y_cluster_scan/quad_q_reg[0][first_hit][3]
inst:spadmic_top_matrix_v1/u_pos_packetizer/u_y_cluster_scan/quad_q_reg[0][first_hit][4]
inst:spadmic_top_matrix_v1/u_pos_packetizer/u_y_cluster_scan/quad_q_reg[0][first_hit][5]
inst:spadmic_top_matrix_v1/u_pos_packetizer/u_y_cluster_scan/clusters_q_reg[cluster_count][0]
inst:spadmic_top_matrix_v1/u_pos_packetizer/u_y_cluster_scan/clusters_q_reg[cluster_count][1]
inst:spadmic_top_matrix_v1/u_pos_packetizer/u_y_cluster_scan/clusters_q_reg[empty]
inst:spadmic_top_matrix_v1/u_pos_packetizer/u_b_cluster_scan/quad_q_reg[1][last_hit][0]
inst:spadmic_top_matrix_v1/u_pos_packetizer/u_b_cluster_scan/quad_q_reg[1][last_hit][1]
inst:spadmic_top_matrix_v1/u_pos_packetizer/u_b_cluster_scan/quad_q_reg[1][last_hit][2]
inst:spadmic_top_matrix_v1/u_pos_packetizer/u_b_cluster_scan/quad_q_reg[1][last_hit][3]
inst:spadmic_top_matrix_v1/u_pos_packetizer/u_b_cluster_scan/quad_q_reg[1][last_hit][4]
inst:spadmic_top_matrix_v1/u_pos_packetizer/u_b_cluster_scan/quad_q_reg[1][last_hit][5]
inst:spadmic_top_matrix_v1/u_pos_packetizer/u_b_cluster_scan/quad_q_reg[0][first_hit][0]
inst:spadmic_top_matrix_v1/u_pos_packetizer/u_b_cluster_scan/quad_q_reg[0][first_hit][1]
inst:spadmic_top_matrix_v1/u_pos_packetizer/u_b_cluster_scan/quad_q_reg[0][first_hit][2]
inst:spadmic_top_matrix_v1/u_pos_packetizer/u_b_cluster_scan/quad_q_reg[0][first_hit][3]
inst:spadmic_top_matrix_v1/u_pos_packetizer/u_b_cluster_scan/quad_q_reg[0][first_hit][4]
inst:spadmic_top_matrix_v1/u_pos_packetizer/u_b_cluster_scan/quad_q_reg[0][first_hit][5]
inst:spadmic_top_matrix_v1/u_pos_packetizer/u_b_cluster_scan/clusters_q_reg[cluster_count][0]
inst:spadmic_top_matrix_v1/u_pos_packetizer/u_b_cluster_scan/clusters_q_reg[cluster_count][1]
inst:spadmic_top_matrix_v1/u_pos_packetizer/u_b_cluster_scan/clusters_q_reg[empty]
inst:spadmic_top_matrix_v1/u_tdc_y/u_tdc/u_core/ro_slow_code_q_reg[0]
inst:spadmic_top_matrix_v1/u_tdc_y/u_tdc/u_core/ro_slow_code_q_reg[1]
inst:spadmic_top_matrix_v1/u_tdc_y/u_tdc/u_core/ro_slow_code_q_reg[2]
inst:spadmic_top_matrix_v1/u_tdc_y/u_tdc/u_core/ro_slow_code_q_reg[3]
inst:spadmic_top_matrix_v1/u_tdc_y/u_tdc/u_core/ro_slow_code_q_reg[4]
inst:spadmic_top_matrix_v1/u_tdc_y/u_tdc/u_core/ro_slow_code_q_reg[5]
inst:spadmic_top_matrix_v1/u_tdc_y/u_tdc/u_core/ro_slow_code_q_reg[6]
inst:spadmic_top_matrix_v1/u_tdc_y/u_tdc/u_core/ro_slow_code_q_reg[7]
inst:spadmic_top_matrix_v1/u_tdc_y/u_tdc/u_core/ro_fast_code_q_reg[0]
inst:spadmic_top_matrix_v1/u_tdc_y/u_tdc/u_core/ro_fast_code_q_reg[1]
inst:spadmic_top_matrix_v1/u_tdc_y/u_tdc/u_core/ro_fast_code_q_reg[2]
inst:spadmic_top_matrix_v1/u_tdc_y/u_tdc/u_core/ro_fast_code_q_reg[3]
inst:spadmic_top_matrix_v1/u_tdc_y/u_tdc/u_core/ro_fast_code_q_reg[4]
inst:spadmic_top_matrix_v1/u_tdc_y/u_tdc/u_core/ro_fast_code_q_reg[5]
inst:spadmic_top_matrix_v1/u_tdc_y/u_tdc/u_core/ro_fast_code_q_reg[6]
inst:spadmic_top_matrix_v1/u_tdc_y/u_tdc/u_core/ro_fast_code_q_reg[7]
inst:spadmic_top_matrix_v1/u_tdc_y/u_tdc/u_core/last_hit_count_r_reg[0]
inst:spadmic_top_matrix_v1/u_tdc_y/u_tdc/u_core/last_hit_count_r_reg[1]
inst:spadmic_top_matrix_v1/u_tdc_y/u_tdc/u_core/last_hit_count_r_reg[2]
inst:spadmic_top_matrix_v1/u_tdc_y/u_tdc/u_core/last_hit_count_r_reg[3]
inst:spadmic_top_matrix_v1/u_tdc_y/u_tdc/u_core/last_flags_r_reg[closed_by_watchdog]
inst:spadmic_top_matrix_v1/u_tdc_y/u_tdc/u_core/last_flags_r_reg[closed_by_maxhits]
inst:spadmic_top_matrix_v1/u_tdc_y/u_tdc/u_core/last_flags_r_reg[closed_by_fast_maxhit]
inst:spadmic_top_matrix_v1/u_tdc_y/u_tdc/u_core/last_flags_r_reg[reserved]
inst:spadmic_top_matrix_v1/u_tdc_y/u_tdc/u_core/u_stop_capture/phase7d_snap_o_reg
inst:spadmic_top_matrix_v1/u_tdc_y/u_tdc/u_core/u_hit_capture_bridge/snapshot_q_reg[flags][closed_by_watchdog]
inst:spadmic_top_matrix_v1/u_tdc_y/u_tdc/u_core/u_hit_capture_bridge/snapshot_q_reg[flags][closed_by_maxhits]
inst:spadmic_top_matrix_v1/u_tdc_y/u_tdc/u_core/u_hit_capture_bridge/snapshot_q_reg[flags][closed_by_fast_maxhit]
inst:spadmic_top_matrix_v1/u_tdc_y/u_tdc/u_core/u_hit_capture_bridge/snapshot_q_reg[flags][reserved]
inst:spadmic_top_matrix_v1/u_tdc_y/u_tdc/u_core/u_hit_capture_bridge/snapshot_q_reg[hit_count][0]
inst:spadmic_top_matrix_v1/u_tdc_y/u_tdc/u_core/u_hit_capture_bridge/snapshot_q_reg[hit_count][1]
inst:spadmic_top_matrix_v1/u_tdc_y/u_tdc/u_core/u_hit_capture_bridge/snapshot_q_reg[hit_count][2]
inst:spadmic_top_matrix_v1/u_tdc_y/u_tdc/u_core/u_hit_capture_bridge/snapshot_q_reg[hit_count][3]
inst:spadmic_top_matrix_v1/u_tdc_b/u_tdc/u_core/ro_slow_code_q_reg[0]
inst:spadmic_top_matrix_v1/u_tdc_b/u_tdc/u_core/ro_slow_code_q_reg[1]
inst:spadmic_top_matrix_v1/u_tdc_b/u_tdc/u_core/ro_slow_code_q_reg[2]
inst:spadmic_top_matrix_v1/u_tdc_b/u_tdc/u_core/ro_slow_code_q_reg[3]
inst:spadmic_top_matrix_v1/u_tdc_b/u_tdc/u_core/ro_slow_code_q_reg[4]
inst:spadmic_top_matrix_v1/u_tdc_b/u_tdc/u_core/ro_slow_code_q_reg[5]
inst:spadmic_top_matrix_v1/u_tdc_b/u_tdc/u_core/ro_slow_code_q_reg[6]
inst:spadmic_top_matrix_v1/u_tdc_b/u_tdc/u_core/ro_slow_code_q_reg[7]
inst:spadmic_top_matrix_v1/u_tdc_b/u_tdc/u_core/ro_fast_code_q_reg[0]
inst:spadmic_top_matrix_v1/u_tdc_b/u_tdc/u_core/ro_fast_code_q_reg[1]
inst:spadmic_top_matrix_v1/u_tdc_b/u_tdc/u_core/ro_fast_code_q_reg[2]
inst:spadmic_top_matrix_v1/u_tdc_b/u_tdc/u_core/ro_fast_code_q_reg[3]
inst:spadmic_top_matrix_v1/u_tdc_b/u_tdc/u_core/ro_fast_code_q_reg[4]
inst:spadmic_top_matrix_v1/u_tdc_b/u_tdc/u_core/ro_fast_code_q_reg[5]
inst:spadmic_top_matrix_v1/u_tdc_b/u_tdc/u_core/ro_fast_code_q_reg[6]
inst:spadmic_top_matrix_v1/u_tdc_b/u_tdc/u_core/ro_fast_code_q_reg[7]
inst:spadmic_top_matrix_v1/u_tdc_b/u_tdc/u_core/last_hit_count_r_reg[0]
inst:spadmic_top_matrix_v1/u_tdc_b/u_tdc/u_core/last_hit_count_r_reg[1]
inst:spadmic_top_matrix_v1/u_tdc_b/u_tdc/u_core/last_hit_count_r_reg[2]
inst:spadmic_top_matrix_v1/u_tdc_b/u_tdc/u_core/last_hit_count_r_reg[3]
inst:spadmic_top_matrix_v1/u_tdc_b/u_tdc/u_core/last_flags_r_reg[closed_by_watchdog]
inst:spadmic_top_matrix_v1/u_tdc_b/u_tdc/u_core/last_flags_r_reg[closed_by_maxhits]
inst:spadmic_top_matrix_v1/u_tdc_b/u_tdc/u_core/last_flags_r_reg[closed_by_fast_maxhit]
inst:spadmic_top_matrix_v1/u_tdc_b/u_tdc/u_core/last_flags_r_reg[reserved]
inst:spadmic_top_matrix_v1/u_tdc_b/u_tdc/u_core/u_stop_capture/phase7d_snap_o_reg
inst:spadmic_top_matrix_v1/u_tdc_b/u_tdc/u_core/u_hit_capture_bridge/snapshot_q_reg[flags][closed_by_watchdog]
inst:spadmic_top_matrix_v1/u_tdc_b/u_tdc/u_core/u_hit_capture_bridge/snapshot_q_reg[flags][closed_by_maxhits]
inst:spadmic_top_matrix_v1/u_tdc_b/u_tdc/u_core/u_hit_capture_bridge/snapshot_q_reg[flags][closed_by_fast_maxhit]
inst:spadmic_top_matrix_v1/u_tdc_b/u_tdc/u_core/u_hit_capture_bridge/snapshot_q_reg[flags][reserved]
inst:spadmic_top_matrix_v1/u_tdc_b/u_tdc/u_core/u_hit_capture_bridge/snapshot_q_reg[hit_count][0]
inst:spadmic_top_matrix_v1/u_tdc_b/u_tdc/u_core/u_hit_capture_bridge/snapshot_q_reg[hit_count][1]
inst:spadmic_top_matrix_v1/u_tdc_b/u_tdc/u_core/u_hit_capture_bridge/snapshot_q_reg[hit_count][2]
inst:spadmic_top_matrix_v1/u_tdc_b/u_tdc/u_core/u_hit_capture_bridge/snapshot_q_reg[hit_count][3]
Total number of unloaded sequential elements in design 'spadmic_top_matrix_v1' : 145

No unloaded port in 'spadmic_top_matrix_v1'

 Unloaded Combinational Pin(s)
 -------------------------------
design 'spadmic_top_matrix_v1' has the following unloaded combinational elements
pin:spadmic_top_matrix_v1/u_i2c_slave/ctl_state_q_399_23/g10/z
pin:spadmic_top_matrix_v1/u_i2c_bridge/g67/z
pin:spadmic_top_matrix_v1/u_event_coordinator/g240/z
pin:spadmic_top_matrix_v1/u_tdc_r/u_stop_qualifier/g16/z
pin:spadmic_top_matrix_v1/u_tdc_r/u_tdc/u_core/u_frontend/mux_ctx_state_o[0]_189_27/g1/z
pin:spadmic_top_matrix_v1/u_tdc_r/u_tdc/u_core/u_frontend/mux_ctx_state_o[0]_189_27/g2/z
pin:spadmic_top_matrix_v1/u_tdc_r/u_tdc/u_core/u_frontend/mux_ctx_state_o[1]_189_27/g1/z
pin:spadmic_top_matrix_v1/u_tdc_r/u_tdc/u_core/u_frontend/mux_ctx_state_o[1]_189_27/g2/z
pin:spadmic_top_matrix_v1/u_tdc_r/u_tdc/u_core/u_drain_ctrl/ctl_state_q_396_13/g5/z
pin:spadmic_top_matrix_v1/u_tdc_r/u_tdc/u_core/u_fifo/ctl_107_7/g9/z
pin:spadmic_top_matrix_v1/u_tdc_r/u_tdc/u_core/u_fifo/mux_mem[rd_ptr_q]_73_23/g15/z
pin:spadmic_top_matrix_v1/u_tdc_r/u_tdc/u_core/u_fifo/mux_mem[rd_ptr_q]_73_23/g16/z
pin:spadmic_top_matrix_v1/u_tdc_r/u_tdc/u_core/u_fifo/mux_mem[rd_ptr_q]_73_23/g17/z
pin:spadmic_top_matrix_v1/u_tdc_r/u_tdc/u_core/u_fifo/mux_mem[rd_ptr_q]_73_23/g18/z
pin:spadmic_top_matrix_v1/u_tdc_r/u_tdc/u_core/u_fifo/mux_mem[rd_ptr_q]_73_23/g26/z
pin:spadmic_top_matrix_v1/u_tdc_r/u_tdc/u_core/u_fifo/mux_mem[rd_ptr_q]_73_23/g27/z
pin:spadmic_top_matrix_v1/u_tdc_r/u_tdc/u_core/u_fifo/mux_mem[rd_ptr_q]_73_23/g28/z
pin:spadmic_top_matrix_v1/u_tdc_r/u_tdc/u_core/u_fifo/mux_mem[rd_ptr_q]_73_23/g29/z
pin:spadmic_top_matrix_v1/u_tdc_r/u_tdc/u_core/u_fifo/mux_mem[rd_ptr_q]_73_23/g30/z
pin:spadmic_top_matrix_v1/u_tdc_r/u_tdc/u_core/u_fifo/mux_mem[rd_ptr_q]_73_23/g31/z
pin:spadmic_top_matrix_v1/u_tdc_r/u_tdc/u_core/u_fifo/mux_mem[rd_ptr_q]_73_23/g32/z
pin:spadmic_top_matrix_v1/u_tdc_r/u_tdc/u_core/u_fifo/mux_mem[rd_ptr_q]_73_23/g33/z
pin:spadmic_top_matrix_v1/u_tdc_r/u_tdc/u_core/u_fifo/mux_mem[rd_ptr_q]_73_23/g34/z
pin:spadmic_top_matrix_v1/u_tdc_r/u_tdc/u_core/u_fifo/mux_mem[rd_ptr_q]_73_23/g35/z
pin:spadmic_top_matrix_v1/u_tdc_r/u_tdc/u_core/u_fifo/mux_mem[rd_ptr_q]_73_23/g36/z
pin:spadmic_top_matrix_v1/u_tdc_r/u_tdc/u_core/u_fifo/mux_mem[rd_ptr_q]_73_23/g37/z
pin:spadmic_top_matrix_v1/u_tdc_r/u_tdc/u_core/u_fifo/mux_mem[rd_ptr_q]_73_23/g38/z
pin:spadmic_top_matrix_v1/u_tdc_r/u_tdc/u_core/u_fifo/mux_mem[rd_ptr_q]_73_23/g39/z
pin:spadmic_top_matrix_v1/u_tdc_r/u_tdc/u_core/g60/z
pin:spadmic_top_matrix_v1/u_bundle_tx/g3/g4/z
pin:spadmic_top_matrix_v1/u_output_fifo/ctl_74_14/g9/z
pin:spadmic_top_matrix_v1/u_output_fifo/ctl_wr_ptr_q_72_9/g2219/z
pin:spadmic_top_matrix_v1/u_tdc_y/u_stop_qualifier/g16/z
pin:spadmic_top_matrix_v1/u_tdc_y/u_tdc/u_core/g60/z
pin:spadmic_top_matrix_v1/u_tdc_y/u_tdc/u_core/u_frontend/mux_ctx_state_o[0]_189_27/g1/z
pin:spadmic_top_matrix_v1/u_tdc_y/u_tdc/u_core/u_frontend/mux_ctx_state_o[0]_189_27/g2/z
pin:spadmic_top_matrix_v1/u_tdc_y/u_tdc/u_core/u_frontend/mux_ctx_state_o[1]_189_27/g1/z
pin:spadmic_top_matrix_v1/u_tdc_y/u_tdc/u_core/u_frontend/mux_ctx_state_o[1]_189_27/g2/z
pin:spadmic_top_matrix_v1/u_tdc_y/u_tdc/u_core/u_drain_ctrl/ctl_state_q_396_13/g5/z
pin:spadmic_top_matrix_v1/u_tdc_y/u_tdc/u_core/u_fifo/ctl_107_7/g9/z
pin:spadmic_top_matrix_v1/u_tdc_y/u_tdc/u_core/u_fifo/mux_mem[rd_ptr_q]_73_23/g15/z
pin:spadmic_top_matrix_v1/u_tdc_y/u_tdc/u_core/u_fifo/mux_mem[rd_ptr_q]_73_23/g16/z
pin:spadmic_top_matrix_v1/u_tdc_y/u_tdc/u_core/u_fifo/mux_mem[rd_ptr_q]_73_23/g17/z
pin:spadmic_top_matrix_v1/u_tdc_y/u_tdc/u_core/u_fifo/mux_mem[rd_ptr_q]_73_23/g18/z
pin:spadmic_top_matrix_v1/u_tdc_y/u_tdc/u_core/u_fifo/mux_mem[rd_ptr_q]_73_23/g26/z
pin:spadmic_top_matrix_v1/u_tdc_y/u_tdc/u_core/u_fifo/mux_mem[rd_ptr_q]_73_23/g27/z
pin:spadmic_top_matrix_v1/u_tdc_y/u_tdc/u_core/u_fifo/mux_mem[rd_ptr_q]_73_23/g28/z
pin:spadmic_top_matrix_v1/u_tdc_y/u_tdc/u_core/u_fifo/mux_mem[rd_ptr_q]_73_23/g29/z
