Power Unit: W
PDB Frame : /stim#0/frame#0
---------------------------------------------------------------------------------------------------------------------------
Cells Pct_cells     Leakage    Internal   Switching       Total Lvl Instance                                               
---------------------------------------------------------------------------------------------------------------------------
20433   100.00% 7.88465e-06 1.48185e-01 4.12225e-02 1.89416e-01   0 /mptdc_top_asic                                        
   48     0.23% 1.47212e-08 1.05149e-03 2.01531e-04 1.25304e-03   1 /mptdc_top_asic/u_core_gen_pd_row[2].gen_pd_col[3].u_pd
   48     0.23% 1.45417e-08 1.05657e-03 1.92129e-04 1.24871e-03   1 /mptdc_top_asic/u_core_gen_pd_row[5].gen_pd_col[5].u_pd
   47     0.23% 1.54958e-08 1.06069e-03 1.87107e-04 1.24781e-03   1 /mptdc_top_asic/u_core_gen_pd_row[7].gen_pd_col[5].u_pd
   47     0.23% 1.40240e-08 1.03154e-03 1.91618e-04 1.22317e-03   1 /mptdc_top_asic/u_core_gen_pd_row[6].gen_pd_col[5].u_pd
   49     0.24% 1.37827e-08 1.01869e-03 1.92457e-04 1.21117e-03   1 /mptdc_top_asic/u_core_gen_pd_row[6].gen_pd_col[3].u_pd
   46     0.23% 1.44064e-08 1.04730e-03 1.60842e-04 1.20815e-03   1 /mptdc_top_asic/u_core_gen_pd_row[2].gen_pd_col[2].u_pd
   40     0.20% 1.29719e-08 1.02366e-03 1.84184e-04 1.20786e-03   1 /mptdc_top_asic/u_core_gen_pd_row[4].gen_pd_col[1].u_pd
   49     0.24% 1.32510e-08 1.00883e-03 1.98750e-04 1.20760e-03   1 /mptdc_top_asic/u_core_gen_pd_row[3].gen_pd_col[2].u_pd
   45     0.22% 1.28097e-08 1.01365e-03 1.93788e-04 1.20745e-03   1 /mptdc_top_asic/u_core_gen_pd_row[5].gen_pd_col[3].u_pd
   50     0.24% 1.51107e-08 1.04102e-03 1.61441e-04 1.20247e-03   1 /mptdc_top_asic/u_core_gen_pd_row[0].gen_pd_col[0].u_pd
   50     0.24% 1.53151e-08 1.04162e-03 1.60673e-04 1.20231e-03   1 /mptdc_top_asic/u_core_gen_pd_row[3].gen_pd_col[7].u_pd
   49     0.24% 1.52981e-08 1.04362e-03 1.58054e-04 1.20169e-03   1 /mptdc_top_asic/u_core_gen_pd_row[3].gen_pd_col[4].u_pd
   48     0.23% 1.49777e-08 1.04322e-03 1.58098e-04 1.20133e-03   1 /mptdc_top_asic/u_core_gen_pd_row[1].gen_pd_col[6].u_pd
   49     0.24% 1.51740e-08 1.04526e-03 1.55987e-04 1.20126e-03   1 /mptdc_top_asic/u_core_gen_pd_row[3].gen_pd_col[6].u_pd
   50     0.24% 1.51420e-08 1.03914e-03 1.61934e-04 1.20109e-03   1 /mptdc_top_asic/u_core_gen_pd_row[2].gen_pd_col[0].u_pd
   50     0.24% 1.51420e-08 1.03914e-03 1.61934e-04 1.20109e-03   1 /mptdc_top_asic/u_core_gen_pd_row[7].gen_pd_col[0].u_pd
   50     0.24% 1.51420e-08 1.03914e-03 1.61934e-04 1.20109e-03   1 /mptdc_top_asic/u_core_gen_pd_row[6].gen_pd_col[0].u_pd
   50     0.24% 1.51420e-08 1.03914e-03 1.61934e-04 1.20109e-03   1 /mptdc_top_asic/u_core_gen_pd_row[3].gen_pd_col[0].u_pd
   50     0.24% 1.51420e-08 1.03914e-03 1.61934e-04 1.20109e-03   1 /mptdc_top_asic/u_core_gen_pd_row[4].gen_pd_col[0].u_pd
   47     0.23% 1.56712e-08 1.04203e-03 1.58759e-04 1.20081e-03   1 /mptdc_top_asic/u_core_gen_pd_row[3].gen_pd_col[5].u_pd
   45     0.22% 1.54046e-08 1.04539e-03 1.54952e-04 1.20036e-03   1 /mptdc_top_asic/u_core_gen_pd_row[2].gen_pd_col[5].u_pd
   49     0.24% 1.51189e-08 1.03959e-03 1.60668e-04 1.20027e-03   1 /mptdc_top_asic/u_core_gen_pd_row[1].gen_pd_col[7].u_pd
   50     0.24% 1.51420e-08 1.03913e-03 1.61092e-04 1.20024e-03   1 /mptdc_top_asic/u_core_gen_pd_row[1].gen_pd_col[0].u_pd
   49     0.24% 1.49132e-08 1.03869e-03 1.60965e-04 1.19967e-03   1 /mptdc_top_asic/u_core_gen_pd_row[5].gen_pd_col[0].u_pd
   46     0.23% 1.42718e-08 1.03901e-03 1.60167e-04 1.19919e-03   1 /mptdc_top_asic/u_core_gen_pd_row[0].gen_pd_col[2].u_pd
   46     0.23% 1.53889e-08 1.04393e-03 1.55131e-04 1.19907e-03   1 /mptdc_top_asic/u_core_gen_pd_row[0].gen_pd_col[5].u_pd
   45     0.22% 1.39200e-08 1.03232e-03 1.66639e-04 1.19897e-03   1 /mptdc_top_asic/u_core_gen_pd_row[1].gen_pd_col[3].u_pd
   49     0.24% 1.51189e-08 1.03957e-03 1.57673e-04 1.19726e-03   1 /mptdc_top_asic/u_core_gen_pd_row[7].gen_pd_col[7].u_pd
   49     0.24% 1.51189e-08 1.03957e-03 1.57673e-04 1.19726e-03   1 /mptdc_top_asic/u_core_gen_pd_row[6].gen_pd_col[7].u_pd
   49     0.24% 1.51189e-08 1.03957e-03 1.57673e-04 1.19726e-03   1 /mptdc_top_asic/u_core_gen_pd_row[2].gen_pd_col[7].u_pd
   49     0.24% 1.51189e-08 1.03957e-03 1.57673e-04 1.19726e-03   1 /mptdc_top_asic/u_core_gen_pd_row[0].gen_pd_col[7].u_pd
   49     0.24% 1.51189e-08 1.03957e-03 1.57673e-04 1.19726e-03   1 /mptdc_top_asic/u_core_gen_pd_row[5].gen_pd_col[7].u_pd
   48     0.23% 1.51019e-08 1.04157e-03 1.55054e-04 1.19664e-03   1 /mptdc_top_asic/u_core_gen_pd_row[5].gen_pd_col[4].u_pd
   48     0.23% 1.51019e-08 1.04157e-03 1.55054e-04 1.19664e-03   1 /mptdc_top_asic/u_core_gen_pd_row[0].gen_pd_col[4].u_pd
   48     0.23% 1.51019e-08 1.04157e-03 1.55054e-04 1.19664e-03   1 /mptdc_top_asic/u_core_gen_pd_row[1].gen_pd_col[4].u_pd
   48     0.23% 1.51019e-08 1.04157e-03 1.55054e-04 1.19664e-03   1 /mptdc_top_asic/u_core_gen_pd_row[2].gen_pd_col[4].u_pd
   48     0.23% 1.51019e-08 1.04157e-03 1.55054e-04 1.19664e-03   1 /mptdc_top_asic/u_core_gen_pd_row[7].gen_pd_col[4].u_pd
   48     0.23% 1.51019e-08 1.04157e-03 1.55054e-04 1.19664e-03   1 /mptdc_top_asic/u_core_gen_pd_row[6].gen_pd_col[4].u_pd
   48     0.23% 1.51019e-08 1.04157e-03 1.55054e-04 1.19664e-03   1 /mptdc_top_asic/u_core_gen_pd_row[6].gen_pd_col[1].u_pd
   48     0.23% 1.51019e-08 1.04157e-03 1.55054e-04 1.19664e-03   1 /mptdc_top_asic/u_core_gen_pd_row[5].gen_pd_col[1].u_pd
   48     0.23% 1.51019e-08 1.04157e-03 1.55054e-04 1.19664e-03   1 /mptdc_top_asic/u_core_gen_pd_row[7].gen_pd_col[1].u_pd
   46     0.23% 1.53745e-08 1.03998e-03 1.56327e-04 1.19633e-03   1 /mptdc_top_asic/u_core_gen_pd_row[1].gen_pd_col[5].u_pd
   48     0.23% 1.49777e-08 1.04320e-03 1.52987e-04 1.19620e-03   1 /mptdc_top_asic/u_core_gen_pd_row[0].gen_pd_col[6].u_pd
   48     0.23% 1.49777e-08 1.04320e-03 1.52987e-04 1.19620e-03   1 /mptdc_top_asic/u_core_gen_pd_row[2].gen_pd_col[6].u_pd
   48     0.23% 1.49777e-08 1.04320e-03 1.52987e-04 1.19620e-03   1 /mptdc_top_asic/u_core_gen_pd_row[7].gen_pd_col[6].u_pd
   48     0.23% 1.49777e-08 1.04320e-03 1.52987e-04 1.19620e-03   1 /mptdc_top_asic/u_core_gen_pd_row[5].gen_pd_col[6].u_pd
   48     0.23% 1.49777e-08 1.04320e-03 1.52987e-04 1.19620e-03   1 /mptdc_top_asic/u_core_gen_pd_row[6].gen_pd_col[6].u_pd
   49     0.24% 1.48208e-08 1.04176e-03 1.53657e-04 1.19543e-03   1 /mptdc_top_asic/u_core_gen_pd_row[4].gen_pd_col[2].u_pd
   47     0.23% 1.48851e-08 1.04206e-03 1.52749e-04 1.19482e-03   1 /mptdc_top_asic/u_core_gen_pd_row[7].gen_pd_col[2].u_pd
   47     0.23% 1.48851e-08 1.04205e-03 1.52749e-04 1.19482e-03   1 /mptdc_top_asic/u_core_gen_pd_row[5].gen_pd_col[2].u_pd
   49     0.24% 1.48213e-08 1.04107e-03 1.53187e-04 1.19427e-03   1 /mptdc_top_asic/u_core_gen_pd_row[6].gen_pd_col[2].u_pd
   46     0.23% 1.40835e-08 1.02895e-03 1.54479e-04 1.18345e-03   1 /mptdc_top_asic/u_core_gen_pd_row[7].gen_pd_col[3].u_pd
   46     0.23% 1.35775e-08 9.95196e-04 1.73845e-04 1.16905e-03   1 /mptdc_top_asic/u_core_gen_pd_row[4].gen_pd_col[3].u_pd
   46     0.23% 1.36115e-08 9.97940e-04 1.67893e-04 1.16585e-03   1 /mptdc_top_asic/u_core_gen_pd_row[2].gen_pd_col[1].u_pd
   43     0.21% 1.50648e-08 1.01314e-03 1.49450e-04 1.16260e-03   1 /mptdc_top_asic/u_core_gen_pd_row[4].gen_pd_col[5].u_pd
   46     0.23% 1.32448e-08 1.00218e-03 1.58617e-04 1.16081e-03   1 /mptdc_top_asic/u_core_gen_pd_row[0].gen_pd_col[1].u_pd
   48     0.23% 1.35865e-08 9.92516e-04 1.62539e-04 1.15507e-03   1 /mptdc_top_asic/u_core_gen_pd_row[0].gen_pd_col[3].u_pd
   47     0.23% 1.28688e-08 9.81596e-04 1.70931e-04 1.15254e-03   1 /mptdc_top_asic/u_core_gen_pd_row[3].gen_pd_col[3].u_pd
   45     0.22% 1.41594e-08 9.97257e-04 1.53435e-04 1.15071e-03   1 /mptdc_top_asic/u_core_gen_pd_row[1].gen_pd_col[1].u_pd
   48     0.23% 1.31881e-08 9.88911e-04 1.61647e-04 1.15057e-03   1 /mptdc_top_asic/u_core_gen_pd_row[1].gen_pd_col[2].u_pd
   50     0.24% 1.30643e-08 9.83671e-04 1.60818e-04 1.14450e-03   1 /mptdc_top_asic/u_core_gen_pd_row[3].gen_pd_col[1].u_pd
   47     0.23% 1.32232e-08 9.86643e-04 1.56778e-04 1.14343e-03   1 /mptdc_top_asic/u_core_gen_pd_row[4].gen_pd_col[4].u_pd
   41     0.20% 1.33225e-08 9.86674e-04 1.50019e-04 1.13671e-03   1 /mptdc_top_asic/u_core_gen_pd_row[4].gen_pd_col[6].u_pd
   47     0.23% 1.27506e-08 9.74583e-04 1.56881e-04 1.13148e-03   1 /mptdc_top_asic/u_core_gen_pd_row[4].gen_pd_col[7].u_pd
    2     0.01% 1.55554e-09 1.66256e-04 0.00000e+00 1.66257e-04   1 /mptdc_top_asic/u_core_u_rst_fast_sync                 
    6     0.03% 4.25579e-09 7.41524e-05 2.51439e-06 7.66710e-05   1 /mptdc_top_asic/u_core_u_rst_wdt_sync                  
    5     0.02% 4.56598e-09 5.35908e-05 2.19215e-05 7.55169e-05   1 /mptdc_top_asic/u_rst_core_sync                        
    5     0.02% 3.48356e-09 6.07517e-05 9.54862e-07 6.17100e-05   1 /mptdc_top_asic/u_core_u_rst_tx_sync                   
    5     0.02% 4.07900e-09 5.13821e-05 7.20807e-06 5.85943e-05   1 /mptdc_top_asic/u_core_u_rst_drain_sync                
    3     0.01% 2.12387e-09 3.65135e-05 8.23852e-07 3.73395e-05   1 /mptdc_top_asic/u_rst_csr_sync                         
    3     0.01% 2.18771e-09 3.56807e-05 3.67836e-07 3.60507e-05   1 /mptdc_top_asic/u_core_u_rst_fifo_sync                 
    2     0.01% 1.85953e-09 2.36111e-05 0.00000e+00 2.36130e-05   1 /mptdc_top_asic/u_core_u_rst_status_sync               
---------------------------------------------------------------------------------------------------------------------------
