============================================================
  Generated by:           Genus(TM) Synthesis Solution 22.13-s093_1
  Generated on:           Jun 01 2026  05:36:08 pm
  Module:                 mptdc_top_asic
  Operating conditions:   slow_1_62V_125C 
  Interconnect mode:      global
  Area mode:              physical library
============================================================

Timing
--------

Analysis view       Clock       Period 
---------------------------------------
wc_view       clk_osc_fast       900.0 
              clk_osc_fast_tap1  900.0 
              clk_osc_fast_tap2  900.0 
              clk_osc_fast_tap3  900.0 
              clk_osc_fast_tap4  900.0 
              clk_osc_fast_tap5  900.0 
              clk_osc_fast_tap6  900.0 
              clk_osc_fast_tap7  900.0 
              clk_osc_slow      1000.0 
              clk_osc_slow_tap1 1000.0 
              clk_osc_slow_tap2 1000.0 
              clk_osc_slow_tap3 1000.0 
              clk_osc_slow_tap4 1000.0 
              clk_osc_slow_tap5 1000.0 
              clk_osc_slow_tap6 1000.0 
              clk_osc_slow_tap7 1000.0 
              clk_sys           6250.0 


Analysis        Cost        Critical              Violating 
  View         Group       Path Slack     TNS       Paths   
------------------------------------------------------------
wc_view       clk_osc_fast    -2084.5  -165885.3         88 
         clk_osc_fast_tap1    -2069.4  -162305.3         87 
         clk_osc_fast_tap2    -2005.1  -160644.3         87 
         clk_osc_fast_tap3    -2045.7  -160951.3         87 
         clk_osc_fast_tap4    -2069.4  -162208.4         87 
         clk_osc_fast_tap5    -2024.0  -160247.7         87 
         clk_osc_fast_tap6    -2069.4  -162390.6         87 
         clk_osc_fast_tap7    -2069.4  -162740.3         87 
              clk_osc_slow    -1296.2   -80816.5         64 
         clk_osc_slow_tap1   No paths        0.0          0 
         clk_osc_slow_tap2   No paths        0.0          0 
         clk_osc_slow_tap3   No paths        0.0          0 
         clk_osc_slow_tap4   No paths        0.0          0 
         clk_osc_slow_tap5   No paths        0.0          0 
         clk_osc_slow_tap6   No paths        0.0          0 
         clk_osc_slow_tap7   No paths        0.0          0 
                   clk_sys     -852.8   -61397.9        233 
                   default   No paths        0.0          0 
------------------------------------------------------------
Total                                 -1439587.6        994 
                                                            

Instance Count
--------------
Leaf Instance Count             20433 
Physical Instance count             0 
Sequential Instance Count        5696 
Combinational Instance Count    14737 
Hierarchical Instance Count        72 

Area
----
Cell Area                          549476.139
Physical Cell Area                 0.000
Total Cell Area (Cell+Physical)    549476.139
Net Area                           267750.318
Total Area (Cell+Physical+Net)     817226.457

Power
-----
Leakage Power                      7884.649 nW
Dynamic Power                      189407525.851 nW
Total Power                        189415410.500 nW

Max Fanout                         4858 (clk_sys)
Min Fanout                         0 (local_async_rst_n)
Average Fanout                     2.6
Terms to net ratio                 3.6392
Terms to instance ratio            3.7182
Runtime                            1840.2511410000213 seconds
Elapsed Runtime                    1767 seconds
Genus peak memory usage            2294.98 
Innovus peak memory usage          no_value 
Hostname                           lyoelectrosrv01.in2p3.fr
