============================================================
  Generated by:           Genus(TM) Synthesis Solution 22.13-s093_1
  Generated on:           May 27 2026  09:54:28 am
  Module:                 mptdc_top_asic
  Library domain:         wc_cond
    Domain index:         0
    Technology libraries: D_CELLS_HD_LPMOS_slow_1_62V_125C 6.0.0
                          mptdc_osc_blackbox 
  Operating conditions:   slow_1_62V_125C 
  Interconnect mode:      global
  Area mode:              physical library
============================================================

 
  Hierarchy Report Format : 
 
    level instance ( module ) <status>
 
    status :    preserve_<value> -- indicating preserve hierachy or inherited_preserve value
           :    blackbox --  indicating  unresolved instance
 
==================================================================

 0 mptdc_top_asic
  1 u_rst_input_mux_sync ( mptdc_reset_sync_STAGES2 ) 
  1 u_rst_csr_sync ( mptdc_reset_sync_STAGES3 ) 
  1 u_rst_core_sync ( mptdc_reset_sync_STAGES4 ) 
  1 u_input_mux ( mptdc_input_mux ) 
     2 mux_50_41 ( bmux_3 ) 
     2 mux_47_41 ( bmux_3 ) 
  1 u_csr ( mptdc_csr_minimal ) 
     2 ctl_csr_addr_i_101_15 ( case_box ) 
     2 mux_soft_rst_pulse_o_101_15 ( mux ) 
     2 mux_soft_rst_pulse_o_100_11 ( bmux_3 ) 
     2 mux_conv_arm_o_129_11 ( bmux_3 ) 
     2 ctl_csr_addr_i_145_11 ( case_box_5 ) 
     2 mux_rd_data_next_145_11 ( mux_13 ) 
     2 mux_csr_rdata_o_213_11 ( bmux_14 ) 
     2 mux_fifo_clr_pulse_o_101_15 ( mux ) 
     2 mux_fifo_clr_pulse_o_100_11 ( bmux_3 ) 
  1 u_core ( mptdc_core ) 
     2 u_rst_status_sync ( mptdc_reset_sync_STAGES2 ) 
     2 u_rst_drain_sync ( mptdc_reset_sync_STAGES4 ) 
     2 u_rst_fifo_sync ( mptdc_reset_sync_STAGES3 ) 
     2 u_rst_tx_sync ( mptdc_reset_sync_STAGES5 ) 
     2 u_rst_wdt_sync ( mptdc_reset_sync_STAGES6 ) 
     2 u_rst_fast_sync ( mptdc_reset_sync_STAGES2 ) 
     2 u_frontend ( mptdc_async_frontend_v2 ) 
        3 g3 ( or_op ) 
        3 mux_ctx_drain_q_169_18 ( bmux_3 ) 
        3 mux_start_latched_q_119_16 ( bmux_3 ) 
        3 mux_start_accept_seen_q_128_16 ( bmux_3 ) 
        3 mux_alloc_ctx_93_11 ( bmux_3 ) 
        3 mux_alloc_ctx_93_57 ( bmux_3 ) 
        3 mux_active_ctx_q_158_9 ( bmux_3 ) 
        3 mux_ctx_drain_q_169_59 ( bmux_3 ) 
        3 mux_ctx_state_o[0]_183_16 ( bmux_3 ) 
        3 mux_ctx_state_o[0]_181_27 ( bmux ) 
        3 mux_ctx_state_o[1]_183_16 ( bmux_3 ) 
        3 mux_ctx_state_o[1]_181_27 ( bmux ) 
     2 u_osc_slow ( mptdc_osc_wrapper_NE8_TS_STEP_PS55 ) 
        3 u_stub ( mptdc_osc_stub_NE8 ) 
     2 u_osc_fast ( mptdc_osc_wrapper_NE8_TS_STEP_PS50 ) 
        3 u_stub ( mptdc_osc_stub_NE8 ) 
     2 gen_pd_row[0].gen_pd_col[0].u_pd ( mptdc_pd_cell_SAMPLE_DEPTH2 ) 
     2 gen_pd_row[0].gen_pd_col[1].u_pd ( mptdc_pd_cell_SAMPLE_DEPTH2 ) 
     2 gen_pd_row[0].gen_pd_col[2].u_pd ( mptdc_pd_cell_SAMPLE_DEPTH2 ) 
     2 gen_pd_row[0].gen_pd_col[3].u_pd ( mptdc_pd_cell_SAMPLE_DEPTH2 ) 
     2 gen_pd_row[0].gen_pd_col[4].u_pd ( mptdc_pd_cell_SAMPLE_DEPTH2 ) 
     2 gen_pd_row[0].gen_pd_col[5].u_pd ( mptdc_pd_cell_SAMPLE_DEPTH2 ) 
     2 gen_pd_row[0].gen_pd_col[6].u_pd ( mptdc_pd_cell_SAMPLE_DEPTH2 ) 
     2 gen_pd_row[0].gen_pd_col[7].u_pd ( mptdc_pd_cell_SAMPLE_DEPTH2 ) 
     2 gen_pd_row[1].gen_pd_col[0].u_pd ( mptdc_pd_cell_SAMPLE_DEPTH2 ) 
     2 gen_pd_row[1].gen_pd_col[1].u_pd ( mptdc_pd_cell_SAMPLE_DEPTH2 ) 
     2 gen_pd_row[1].gen_pd_col[2].u_pd ( mptdc_pd_cell_SAMPLE_DEPTH2 ) 
     2 gen_pd_row[1].gen_pd_col[3].u_pd ( mptdc_pd_cell_SAMPLE_DEPTH2 ) 
     2 gen_pd_row[1].gen_pd_col[4].u_pd ( mptdc_pd_cell_SAMPLE_DEPTH2 ) 
     2 gen_pd_row[1].gen_pd_col[5].u_pd ( mptdc_pd_cell_SAMPLE_DEPTH2 ) 
     2 gen_pd_row[1].gen_pd_col[6].u_pd ( mptdc_pd_cell_SAMPLE_DEPTH2 ) 
     2 gen_pd_row[1].gen_pd_col[7].u_pd ( mptdc_pd_cell_SAMPLE_DEPTH2 ) 
     2 gen_pd_row[2].gen_pd_col[0].u_pd ( mptdc_pd_cell_SAMPLE_DEPTH2 ) 
     2 gen_pd_row[2].gen_pd_col[1].u_pd ( mptdc_pd_cell_SAMPLE_DEPTH2 ) 
     2 gen_pd_row[2].gen_pd_col[2].u_pd ( mptdc_pd_cell_SAMPLE_DEPTH2 ) 
     2 gen_pd_row[2].gen_pd_col[3].u_pd ( mptdc_pd_cell_SAMPLE_DEPTH2 ) 
     2 gen_pd_row[2].gen_pd_col[4].u_pd ( mptdc_pd_cell_SAMPLE_DEPTH2 ) 
     2 gen_pd_row[2].gen_pd_col[5].u_pd ( mptdc_pd_cell_SAMPLE_DEPTH2 ) 
     2 gen_pd_row[2].gen_pd_col[6].u_pd ( mptdc_pd_cell_SAMPLE_DEPTH2 ) 
     2 gen_pd_row[2].gen_pd_col[7].u_pd ( mptdc_pd_cell_SAMPLE_DEPTH2 ) 
     2 gen_pd_row[3].gen_pd_col[0].u_pd ( mptdc_pd_cell_SAMPLE_DEPTH2 ) 
     2 gen_pd_row[3].gen_pd_col[1].u_pd ( mptdc_pd_cell_SAMPLE_DEPTH2 ) 
     2 gen_pd_row[3].gen_pd_col[2].u_pd ( mptdc_pd_cell_SAMPLE_DEPTH2 ) 
     2 gen_pd_row[3].gen_pd_col[3].u_pd ( mptdc_pd_cell_SAMPLE_DEPTH2 ) 
     2 gen_pd_row[3].gen_pd_col[4].u_pd ( mptdc_pd_cell_SAMPLE_DEPTH2 ) 
     2 gen_pd_row[3].gen_pd_col[5].u_pd ( mptdc_pd_cell_SAMPLE_DEPTH2 ) 
     2 gen_pd_row[3].gen_pd_col[6].u_pd ( mptdc_pd_cell_SAMPLE_DEPTH2 ) 
     2 gen_pd_row[3].gen_pd_col[7].u_pd ( mptdc_pd_cell_SAMPLE_DEPTH2 ) 
     2 gen_pd_row[4].gen_pd_col[0].u_pd ( mptdc_pd_cell_SAMPLE_DEPTH2 ) 
     2 gen_pd_row[4].gen_pd_col[1].u_pd ( mptdc_pd_cell_SAMPLE_DEPTH2 ) 
     2 gen_pd_row[4].gen_pd_col[2].u_pd ( mptdc_pd_cell_SAMPLE_DEPTH2 ) 
     2 gen_pd_row[4].gen_pd_col[3].u_pd ( mptdc_pd_cell_SAMPLE_DEPTH2 ) 
     2 gen_pd_row[4].gen_pd_col[4].u_pd ( mptdc_pd_cell_SAMPLE_DEPTH2 ) 
     2 gen_pd_row[4].gen_pd_col[5].u_pd ( mptdc_pd_cell_SAMPLE_DEPTH2 ) 
     2 gen_pd_row[4].gen_pd_col[6].u_pd ( mptdc_pd_cell_SAMPLE_DEPTH2 ) 
     2 gen_pd_row[4].gen_pd_col[7].u_pd ( mptdc_pd_cell_SAMPLE_DEPTH2 ) 
     2 gen_pd_row[5].gen_pd_col[0].u_pd ( mptdc_pd_cell_SAMPLE_DEPTH2 ) 
     2 gen_pd_row[5].gen_pd_col[1].u_pd ( mptdc_pd_cell_SAMPLE_DEPTH2 ) 
     2 gen_pd_row[5].gen_pd_col[2].u_pd ( mptdc_pd_cell_SAMPLE_DEPTH2 ) 
     2 gen_pd_row[5].gen_pd_col[3].u_pd ( mptdc_pd_cell_SAMPLE_DEPTH2 ) 
     2 gen_pd_row[5].gen_pd_col[4].u_pd ( mptdc_pd_cell_SAMPLE_DEPTH2 ) 
     2 gen_pd_row[5].gen_pd_col[5].u_pd ( mptdc_pd_cell_SAMPLE_DEPTH2 ) 
     2 gen_pd_row[5].gen_pd_col[6].u_pd ( mptdc_pd_cell_SAMPLE_DEPTH2 ) 
     2 gen_pd_row[5].gen_pd_col[7].u_pd ( mptdc_pd_cell_SAMPLE_DEPTH2 ) 
     2 gen_pd_row[6].gen_pd_col[0].u_pd ( mptdc_pd_cell_SAMPLE_DEPTH2 ) 
     2 gen_pd_row[6].gen_pd_col[1].u_pd ( mptdc_pd_cell_SAMPLE_DEPTH2 ) 
     2 gen_pd_row[6].gen_pd_col[2].u_pd ( mptdc_pd_cell_SAMPLE_DEPTH2 ) 
     2 gen_pd_row[6].gen_pd_col[3].u_pd ( mptdc_pd_cell_SAMPLE_DEPTH2 ) 
     2 gen_pd_row[6].gen_pd_col[4].u_pd ( mptdc_pd_cell_SAMPLE_DEPTH2 ) 
     2 gen_pd_row[6].gen_pd_col[5].u_pd ( mptdc_pd_cell_SAMPLE_DEPTH2 ) 
     2 gen_pd_row[6].gen_pd_col[6].u_pd ( mptdc_pd_cell_SAMPLE_DEPTH2 ) 
     2 gen_pd_row[6].gen_pd_col[7].u_pd ( mptdc_pd_cell_SAMPLE_DEPTH2 ) 
     2 gen_pd_row[7].gen_pd_col[0].u_pd ( mptdc_pd_cell_SAMPLE_DEPTH2 ) 
     2 gen_pd_row[7].gen_pd_col[1].u_pd ( mptdc_pd_cell_SAMPLE_DEPTH2 ) 
     2 gen_pd_row[7].gen_pd_col[2].u_pd ( mptdc_pd_cell_SAMPLE_DEPTH2 ) 
     2 gen_pd_row[7].gen_pd_col[3].u_pd ( mptdc_pd_cell_SAMPLE_DEPTH2 ) 
     2 gen_pd_row[7].gen_pd_col[4].u_pd ( mptdc_pd_cell_SAMPLE_DEPTH2 ) 
     2 gen_pd_row[7].gen_pd_col[5].u_pd ( mptdc_pd_cell_SAMPLE_DEPTH2 ) 
     2 gen_pd_row[7].gen_pd_col[6].u_pd ( mptdc_pd_cell_SAMPLE_DEPTH2 ) 
     2 gen_pd_row[7].gen_pd_col[7].u_pd ( mptdc_pd_cell_SAMPLE_DEPTH2 ) 
     2 u_stop_capture ( mptdc_stop_capture_async ) 
     2 u_slow_cnt ( mptdc_gray_cnt_sync_W7_USE_ASYNC_SNAPSHOT1_CLEAR_ON_ENABLE0_GRAY_ENCODE_NEXT1 ) 
        3 add_91_24 ( add_unsigned ) 
        3 mux_bin_next_90_14 ( bmux_41 ) 
        3 mux_bin_next_88_17 ( bmux_41 ) 
     2 u_fast_cnt ( mptdc_gray_cnt_sync_W7_USE_ASYNC_SNAPSHOT0 ) 
        3 add_91_24 ( add_unsigned ) 
        3 mux_bin_next_90_14 ( bmux_41 ) 
     2 u_meas_ctrl ( mptdc_meas_ctrl ) 
        3 add_78_65_I8 ( add_unsigned_78 ) 
        3 add_83_65_I8 ( add_unsigned_80 ) 
        3 add_86_57_I8 ( add_unsigned_82 ) 
        3 add_79_65_I8 ( add_unsigned_78 ) 
        3 add_80_65_I8 ( add_unsigned_78 ) 
        3 add_84_65_I8 ( add_unsigned_80 ) 
        3 add_81_65_I8 ( add_unsigned_78 ) 
        3 add_78_65_I7 ( add_unsigned_78 ) 
        3 add_83_65_I7 ( add_unsigned_80 ) 
        3 add_86_57_I7 ( add_unsigned_82 ) 
        3 add_79_65_I7 ( add_unsigned_78 ) 
        3 add_80_65_I7 ( add_unsigned_78 ) 
        3 add_84_65_I7 ( add_unsigned_80 ) 
        3 add_81_65_I7 ( add_unsigned_78 ) 
        3 add_78_65_I6 ( add_unsigned_78 ) 
        3 add_83_65_I6 ( add_unsigned_80 ) 
        3 add_86_57_I6 ( add_unsigned_82 ) 
        3 add_79_65_I6 ( add_unsigned_78 ) 
        3 add_80_65_I6 ( add_unsigned_78 ) 
        3 add_84_65_I6 ( add_unsigned_80 ) 
        3 add_81_65_I6 ( add_unsigned_78 ) 
        3 add_78_65_I5 ( add_unsigned_78 ) 
        3 add_83_65_I5 ( add_unsigned_80 ) 
        3 add_86_57_I5 ( add_unsigned_82 ) 
        3 add_79_65_I5 ( add_unsigned_78 ) 
        3 add_80_65_I5 ( add_unsigned_78 ) 
        3 add_84_65_I5 ( add_unsigned_80 ) 
        3 add_81_65_I5 ( add_unsigned_78 ) 
        3 add_78_65_I4 ( add_unsigned_78 ) 
        3 add_83_65_I4 ( add_unsigned_80 ) 
        3 add_86_57_I4 ( add_unsigned_82 ) 
        3 add_79_65_I4 ( add_unsigned_78 ) 
        3 add_80_65_I4 ( add_unsigned_78 ) 
        3 add_84_65_I4 ( add_unsigned_80 ) 
        3 add_81_65_I4 ( add_unsigned_78 ) 
        3 add_78_65_I3 ( add_unsigned_78 ) 
        3 add_83_65_I3 ( add_unsigned_80 ) 
        3 add_86_57_I3 ( add_unsigned_82 ) 
        3 add_79_65_I3 ( add_unsigned_78 ) 
        3 add_80_65_I3 ( add_unsigned_78 ) 
        3 add_84_65_I3 ( add_unsigned_80 ) 
        3 add_81_65_I3 ( add_unsigned_78 ) 
        3 add_78_65_I2 ( add_unsigned_78 ) 
        3 add_83_65_I2 ( add_unsigned_80 ) 
        3 add_86_57_I2 ( add_unsigned_82 ) 
        3 add_79_65_I2 ( add_unsigned_78 ) 
        3 add_80_65_I2 ( add_unsigned_78 ) 
        3 add_84_65_I2 ( add_unsigned_80 ) 
        3 add_81_65_I2 ( add_unsigned_78 ) 
        3 add_78_65_I1 ( add_unsigned_78 ) 
        3 add_83_65_I1 ( add_unsigned_80 ) 
        3 add_86_57_I1 ( add_unsigned_82 ) 
        3 add_79_65_I1 ( add_unsigned_78 ) 
        3 add_80_65_I1 ( add_unsigned_78 ) 
        3 add_84_65_I1 ( add_unsigned_80 ) 
        3 add_81_65_I1 ( add_unsigned_78 ) 
        3 gt_105_33 ( gt_unsigned ) 
        3 neq_116_62 ( nequal_unsigned ) 
        3 add_89_45 ( add_unsigned_194 ) 
        3 add_94_49 ( add_unsigned_196 ) 
        3 add_96_49 ( add_unsigned_198 ) 
        3 gte_114_62 ( geq_unsigned ) 
        3 add_90_45 ( add_unsigned_194 ) 
        3 add_91_45 ( add_unsigned_194 ) 
        3 add_95_49 ( add_unsigned_196 ) 
        3 add_92_45 ( add_unsigned_194 ) 
        3 gt_113_65 ( gt_unsigned_210 ) 
        3 ctl_state_q_121_18 ( case_box_74 ) 
        3 mux_state_d_121_18 ( mux_217 ) 
        3 mux_state_d_123_13 ( bmux_1 ) 
        3 ctl_121_18 ( case_box_75 ) 
        3 mux_state_d_121_25 ( mux_219 ) 
        3 mux_row_cnt_q[0]_145_19 ( bmux_2 ) 
        3 mux_row_cnt_q[1]_145_19 ( bmux_2 ) 
        3 mux_row_cnt_q[2]_145_19 ( bmux_2 ) 
        3 mux_row_cnt_q[3]_145_19 ( bmux_2 ) 
        3 mux_row_cnt_q[4]_145_19 ( bmux_2 ) 
        3 mux_row_cnt_q[5]_145_19 ( bmux_2 ) 
        3 mux_row_cnt_q[6]_145_19 ( bmux_2 ) 
        3 mux_row_cnt_q[7]_145_19 ( bmux_2 ) 
        3 mux_flags_q[closed_by_fast_maxhit]_145_19 ( bmux_3 ) 
        3 mux_flags_q[closed_by_maxhits]_145_19 ( bmux_3 ) 
        3 mux_flags_q[closed_by_watchdog]_145_19 ( bmux_3 ) 
        3 mux_eval_hit_count_comb_105_33 ( bmux_2 ) 
        3 mux_eval_hit_count_comb_103_28 ( bmux_2 ) 
        3 mux_hit_count_q_145_19 ( bmux_2 ) 
        3 mux_175_38 ( bmux_2 ) 
        3 mux_174_38 ( bmux_2 ) 
     2 u_hit_capture_bridge ( mptdc_hit_capture_bridge ) 
     2 u_ctx_bank ( mptdc_context_bank ) 
        3 mux_ctx_snapshot_q[0][hit_level]_52_23 ( bmux_249 ) 
        3 mux_ctx_snapshot_q[0][nfast_hit_packed]_52_23 ( bmux_250 ) 
        3 mux_ctx_snapshot_q[0][nslow_snap]_52_23 ( bmux_41 ) 
        3 mux_ctx_snapshot_q[0][nfast_snap]_52_23 ( bmux_41 ) 
        3 mux_ctx_snapshot_q[0][nfast_stop]_52_23 ( bmux_41 ) 
        3 mux_ctx_snapshot_q[0][phase0_snap]_52_23 ( bmux_3 ) 
        3 mux_ctx_snapshot_q[0][stop_slow_phase_disc]_52_23 ( bmux_1 ) 
        3 mux_ctx_snapshot_q[0][slow_boundary_inc]_52_23 ( bmux_3 ) 
        3 mux_ctx_snapshot_q[0][hit_count]_52_23 ( bmux_2 ) 
        3 mux_ctx_snapshot_q[0][flags][reserved]_52_23 ( bmux_3 ) 
        3 mux_ctx_snapshot_q[0][flags][closed_by_fast_maxhit]_52_23 ( bmux_3 ) 
        3 mux_ctx_snapshot_q[0][flags][closed_by_maxhits]_52_23 ( bmux_3 ) 
        3 mux_ctx_snapshot_q[0][flags][closed_by_watchdog]_52_23 ( bmux_3 ) 
        3 ctl_capture_ctx_i_45_7 ( case_box_107 ) 
     2 u_drain_ctrl ( mptdc_drain_ctrl ) 
        3 g7 ( not_op ) 
        3 g9 ( or_op_118 ) 
        3 dcd_ctx_release_o_212_9 ( Decoder_1_1_0 ) 
        3 mux_ctx_release_o_212_9 ( bmux_3 ) 
        3 mux_ctx_release_o_212_18 ( bmux_3 ) 
        3 mux_snapshot_i[hit_level]_114_40 ( bmux_298 ) 
        3 gte_112_38 ( geq_unsigned_306 ) 
        3 gte_113_40 ( geq_unsigned_308 ) 
        3 add_121_29 ( add_unsigned ) 
        3 add_124_29 ( add_unsigned_314 ) 
        3 add_126_29 ( add_unsigned_314 ) 
        3 add_264_42 ( add_unsigned_318 ) 
        3 mux_selected_ctx_95_11 ( bmux_3 ) 
        3 mux_selected_ctx_95_47 ( bmux_3 ) 
        3 mux_released_mask_76_18 ( bmux_3 ) 
        3 mux_released_mask_76_52 ( bmux_3 ) 
        3 mux_released_mask_74_53 ( bmux_3 ) 
        3 mux_state_d_181_13 ( bmux ) 
        3 mux_state_d_187_13 ( bmux ) 
        3 mux_advance_scan_199_15 ( bmux_3 ) 
        3 mux_advance_scan_198_22 ( bmux_3 ) 
        3 mux_state_d_196_43 ( bmux ) 
        3 mux_load_pending_wr_198_22 ( bmux_3 ) 
        3 mux_load_pending_wr_196_43 ( bmux_3 ) 
        3 ctl_state_q_178_11 ( case_box_141 ) 
        3 mux_load_pending_wr_178_11 ( mux_339 ) 
        3 mux_pending_wr_data_d[kind]_178_11 ( mux_339 ) 
        3 mux_ns_cnt_nxt_122_18 ( bmux_1 ) 
        3 mux_pending_wr_data_d[hit][ns]_199_15 ( bmux_1 ) 
        3 mux_pending_wr_data_d[hit][ns]_198_22 ( bmux_1 ) 
        3 mux_pending_wr_data_d[hit][ns]_196_43 ( bmux_1 ) 
        3 mux_pending_wr_data_d[hit][ns]_178_11 ( mux_349 ) 
        3 mux_pending_wr_data_d[hit][nf]_199_15 ( bmux_1 ) 
        3 mux_pending_wr_data_d[hit][nf]_198_22 ( bmux_1 ) 
        3 mux_pending_wr_data_d[hit][nf]_196_43 ( bmux_1 ) 
        3 mux_pending_wr_data_d[hit][nf]_178_11 ( mux_349 ) 
        3 mux_snapshot_i[nfast_hit_packed]_155_35 ( bmux_356 ) 
        3 mux_pending_wr_data_d[hit][nfast]_199_15 ( bmux_41 ) 
        3 mux_pending_wr_data_d[hit][nfast]_198_22 ( bmux_41 ) 
        3 mux_pending_wr_data_d[hit][nfast]_196_43 ( bmux_41 ) 
        3 mux_pending_wr_data_d[hit][nfast]_178_11 ( mux_360 ) 
        3 mux_pending_wr_data_d[hit][event_seq]_199_15 ( bmux_2 ) 
        3 mux_pending_wr_data_d[hit][event_seq]_198_22 ( bmux_2 ) 
        3 mux_pending_wr_data_d[hit][event_seq]_196_43 ( bmux_2 ) 
        3 mux_pending_wr_data_d[hit][event_seq]_178_11 ( mux_365 ) 
        3 mux_pending_wr_data_d[meta][nslow]_187_13 ( bmux_41 ) 
        3 mux_pending_wr_data_d[meta][nslow]_178_11 ( mux_360 ) 
        3 mux_pending_wr_data_d[meta][nfast]_187_13 ( bmux_41 ) 
        3 mux_pending_wr_data_d[meta][nfast]_178_11 ( mux_360 ) 
        3 mux_pending_wr_data_d[meta][nfast_stop]_187_13 ( bmux_41 ) 
        3 mux_pending_wr_data_d[meta][nfast_stop]_178_11 ( mux_360 ) 
        3 mux_pending_wr_data_d[meta][hit_count]_187_13 ( bmux_2 ) 
        3 mux_pending_wr_data_d[meta][hit_count]_178_11 ( mux_365 ) 
        3 mux_pending_wr_data_d[meta][flags][reserved]_187_13 ( bmux_3 ) 
        3 mux_pending_wr_data_d[meta][flags][reserved]_178_11 ( mux_339 ) 
        3 mux_pending_wr_data_d[meta][flags][closed_by_fast_maxhit]_187_13 ( bmux_3 ) 
        3 mux_pending_wr_data_d[meta][flags][closed_by_fast_maxhit]_178_11 ( mux_339 ) 
        3 mux_pending_wr_data_d[meta][flags][closed_by_maxhits]_187_13 ( bmux_3 ) 
        3 mux_pending_wr_data_d[meta][flags][closed_by_maxhits]_178_11 ( mux_339 ) 
        3 mux_pending_wr_data_d[meta][flags][closed_by_watchdog]_187_13 ( bmux_3 ) 
        3 mux_pending_wr_data_d[meta][flags][closed_by_watchdog]_178_11 ( mux_339 ) 
        3 mux_pending_wr_data_d[meta][phase0_snap]_187_13 ( bmux_3 ) 
        3 mux_pending_wr_data_d[meta][phase0_snap]_178_11 ( mux_339 ) 
        3 mux_pending_wr_data_d[meta][stop_slow_phase_disc]_187_13 ( bmux_1 ) 
        3 mux_pending_wr_data_d[meta][stop_slow_phase_disc]_178_11 ( mux_349 ) 
        3 mux_pending_wr_data_d[meta][slow_boundary_inc]_187_13 ( bmux_3 ) 
        3 mux_pending_wr_data_d[meta][slow_boundary_inc]_178_11 ( mux_339 ) 
        3 mux_pending_wr_data_d[meta][ctx_id]_187_13 ( bmux_3 ) 
        3 mux_pending_wr_data_d[meta][ctx_id]_178_11 ( mux_339 ) 
        3 mux_conv_done_o_178_11 ( mux ) 
        3 mux_ctx_release_o_178_11 ( mux_404 ) 
        3 mux_276_32 ( bmux_3 ) 
        3 mux_advance_scan_196_43 ( bmux_3 ) 
        3 mux_advance_scan_178_11 ( mux ) 
        3 ctl_state_q_247_13 ( case_box_142 ) 
        3 mux_pd_scan_q_247_13 ( mux_408 ) 
        3 mux_event_seq_q_247_13 ( mux_410 ) 
        3 mux_state_d_178_11 ( mux_412 ) 
        3 mux_nf_cnt_nxt_122_18 ( bmux_1 ) 
        3 mux_nf_cnt_q_247_13 ( mux_219 ) 
        3 mux_ns_cnt_q_247_13 ( mux_219 ) 
     2 u_fifo ( mptdc_sync_fifo_WIDTH53_DEPTH64 ) 
        3 add_110_71 ( add_unsigned_422 ) 
        3 add_114_71 ( add_unsigned_422 ) 
        3 add_84_34 ( add_unsigned ) 
        3 sub_85_34 ( sub_unsigned ) 
        3 mux_full_q_100_18 ( bmux_3 ) 
        3 mux_count_nxt_83_5 ( bmux_435 ) 
        3 mux_valid_q_100_18 ( bmux_3 ) 
        3 mux_114_33 ( bmux_21 ) 
        3 ctl_107_7 ( case_box_210 ) 
        3 mux_rd_ptr_q_107_7 ( mux_440 ) 
        3 mux_rd_ptr_q_100_18 ( bmux_21 ) 
        3 mux_110_33 ( bmux_21 ) 
        3 mux_wr_ptr_q_107_7 ( mux_440 ) 
        3 mux_wr_ptr_q_100_18 ( bmux_21 ) 
        3 mux_mem[rd_ptr_q]_73_23 ( bmux_448 ) 
        3 mux_count_q_100_18 ( bmux_41 ) 
        3 ctl_wr_ptr_q_109_11 ( case_box_211 ) 
     2 u_narrow_tx ( mptdc_narrow16_tx_v2 ) 
        3 add_127_36 ( add_unsigned_318 ) 
        3 add_198_42 ( add_unsigned_460 ) 
        3 ctl_state_q_216_11 ( case_box_227 ) 
        3 mux_narrow_valid_o_216_11 ( mux_461 ) 
        3 mux_167_37 ( bmux ) 
        3 mux_191_26 ( bmux ) 
        3 mux_narrow_data_o_216_11 ( mux_477 ) 
        3 mux_fifo_rd_en_o_216_11 ( mux_339 ) 
        3 ctl_state_q_148_13 ( case_box_228 ) 
        3 mux_hit_idx_q_148_13 ( mux_410 ) 
        3 mux_state_q_148_13 ( mux_482 ) 
     2 u_wdt ( mptdc_watchdog ) 
        3 neq_53_46 ( nequal_unsigned ) 
        3 eq_54_37 ( equal_unsigned_487 ) 
        3 add_50_32 ( add_unsigned_489 ) 
        3 add_70_54 ( add_unsigned_493 ) 
        3 mux_global_cnt_47_26 ( bmux_11 ) 
     2 g103 ( or_op_253 ) 
     2 add_241_38 ( add_unsigned_493 ) 
     2 add_604_42 ( add_unsigned_505 ) 
     2 add_610_36 ( add_unsigned_489 ) 
     2 mux_575_23 ( bmux_3 ) 
     2 mux_564_23 ( bmux_3 ) 
  1 sub_96_42 ( sub_unsigned_533 ) 
  1 mux_cfg_eff[input_sel]_103_9 ( bmux_3 ) 
  1 mux_cfg_eff[out_mode]_105_9 ( bmux ) 
