MPTDC high-fanout net audit
===========================
Generated: 2026-07-06 11:52:31 CEST
Threshold: fanout >= 20

Fanout     Net                                                                              Driver
--------------------------------------------------------------------------------------------------------------------------------------------
3982       clk_sys                                                                          clk_sys
573        u_core_n_75460                                                                   u_core_g80769/Q
524        u_core_n_72378                                                                   u_core_g80648/Q
443        u_core_n_48244                                                                   u_core_g44982/Q
379        u_core_n_67823                                                                   u_core_g80102/Q
346        u_core_n_68564                                                                   hi_fo_buf80952/Q
285        u_core_n_68661                                                                   u_core_g80105/Q
254        u_core_n_68808                                                                   u_core_g79800/Q
224        n_1520                                                                           hi_fo_buf80968/Q
193        u_core_n_68384                                                                   u_core_g80104/Q
192        u_core_n_41714                                                                   u_core_g34158/Q
176        u_core_n_68288                                                                   u_core_g79754/Q
160        n_965                                                                            hi_fo_buf80940/Q
140        u_core_n_68100                                                                   u_core_g80103/Q
132        u_core_u_stop_epoch_capture_n_392_BAR                                            u_core_g44418/Q
101        rst_core_n                                                                       u_rst_core_sync/sync_q_reg[3]/Q
90         ro_fast_tap0_o                                                                   u_core_u_phase_buf_fast/gen_phase_buf[0].u_drv/Q
89         u_core_fast_phase[1]                                                             u_core_u_phase_buf_fast/gen_phase_buf[1].u_drv/Q
89         u_core_fast_phase[2]                                                             u_core_u_phase_buf_fast/gen_phase_buf[2].u_drv/Q
89         u_core_fast_phase[3]                                                             u_core_u_phase_buf_fast/gen_phase_buf[3].u_drv/Q
89         u_core_fast_phase[4]                                                             u_core_u_phase_buf_fast/gen_phase_buf[4].u_drv/Q
89         u_core_fast_phase[5]                                                             u_core_u_phase_buf_fast/gen_phase_buf[5].u_drv/Q
89         u_core_fast_phase[6]                                                             u_core_u_phase_buf_fast/gen_phase_buf[6].u_drv/Q
89         u_core_fast_phase[7]                                                             u_core_u_phase_buf_fast/gen_phase_buf[7].u_drv/Q
74         u_core_meas_pd_clear                                                             u_core_g44658/Q
74         ro_slow_tap0_o                                                                   u_core_u_phase_buf_slow/gen_phase_buf[0].u_drv/Q
69         stop_async                                                                       g154__6783/Q
65         u_core_drain_fifo_wr_data[hit][nf][0]                                            u_core_u_drain_ctrl_pending_wr_data_q_reg[hit][nf][0]/Q
65         u_core_drain_fifo_wr_data[hit][nf][1]                                            u_core_u_drain_ctrl_pending_wr_data_q_reg[hit][nf][1]/Q
65         u_core_drain_fifo_wr_data[hit][nf][2]                                            u_core_u_drain_ctrl_pending_wr_data_q_reg[hit][nf][2]/Q
65         u_core_drain_fifo_wr_data[hit][nfast][0]                                         u_core_u_drain_ctrl_pending_wr_data_q_reg[hit][nfast][0]/Q
65         u_core_drain_fifo_wr_data[hit][nfast][1]                                         u_core_u_drain_ctrl_pending_wr_data_q_reg[hit][nfast][1]/Q
65         u_core_drain_fifo_wr_data[hit][nfast][2]                                         u_core_u_drain_ctrl_pending_wr_data_q_reg[hit][nfast][2]/Q
65         u_core_drain_fifo_wr_data[hit][nfast][3]                                         u_core_u_drain_ctrl_pending_wr_data_q_reg[hit][nfast][3]/Q
65         u_core_drain_fifo_wr_data[hit][nfast][4]                                         u_core_u_drain_ctrl_pending_wr_data_q_reg[hit][nfast][4]/Q
65         u_core_drain_fifo_wr_data[hit][nfast][5]                                         u_core_u_drain_ctrl_pending_wr_data_q_reg[hit][nfast][5]/Q
65         u_core_drain_fifo_wr_data[hit][nfast][6]                                         u_core_u_drain_ctrl_pending_wr_data_q_reg[hit][nfast][6]/Q
65         u_core_drain_fifo_wr_data[hit][ns][0]                                            u_core_u_drain_ctrl_pending_wr_data_q_reg[hit][ns][0]/Q
65         u_core_drain_fifo_wr_data[hit][ns][1]                                            u_core_u_drain_ctrl_pending_wr_data_q_reg[hit][ns][1]/Q
65         u_core_drain_fifo_wr_data[hit][ns][2]                                            u_core_u_drain_ctrl_pending_wr_data_q_reg[hit][ns][2]/Q
65         u_core_drain_fifo_wr_data[kind][0]                                               u_core_u_drain_ctrl_pending_wr_data_q_reg[kind][0]/Q
65         u_core_drain_fifo_wr_data[meta][ctx_id][0]                                       u_core_u_drain_ctrl_pending_wr_data_q_reg[meta][ctx_id][0]/Q
65         u_core_drain_fifo_wr_data[meta][flags][closed_by_fast_maxhit]                    u_core_u_drain_ctrl_pending_wr_data_q_reg[meta][flags][closed_by_fast_maxhit]/Q
65         u_core_drain_fifo_wr_data[meta][flags][closed_by_maxhits]                        u_core_u_drain_ctrl_pending_wr_data_q_reg[meta][flags][closed_by_maxhits]/Q
65         u_core_drain_fifo_wr_data[meta][flags][closed_by_watchdog]                       u_core_u_drain_ctrl_pending_wr_data_q_reg[meta][flags][closed_by_watchdog]/Q
65         u_core_drain_fifo_wr_data[meta][hit_count][0]                                    u_core_u_drain_ctrl_pending_wr_data_q_reg[meta][hit_count][0]/Q
65         u_core_drain_fifo_wr_data[meta][hit_count][1]                                    u_core_u_drain_ctrl_pending_wr_data_q_reg[meta][hit_count][1]/Q
65         u_core_drain_fifo_wr_data[meta][hit_count][2]                                    u_core_u_drain_ctrl_pending_wr_data_q_reg[meta][hit_count][2]/Q
65         u_core_drain_fifo_wr_data[meta][hit_count][3]                                    u_core_u_drain_ctrl_pending_wr_data_q_reg[meta][hit_count][3]/Q
65         u_core_drain_fifo_wr_data[meta][nslow][0]                                        u_core_u_drain_ctrl_pending_wr_data_q_reg[meta][nslow][0]/Q
65         u_core_drain_fifo_wr_data[meta][nslow][1]                                        u_core_u_drain_ctrl_pending_wr_data_q_reg[meta][nslow][1]/Q
65         u_core_drain_fifo_wr_data[meta][nslow][2]                                        u_core_u_drain_ctrl_pending_wr_data_q_reg[meta][nslow][2]/Q
65         u_core_drain_fifo_wr_data[meta][nslow][3]                                        u_core_u_drain_ctrl_pending_wr_data_q_reg[meta][nslow][3]/Q
65         u_core_drain_fifo_wr_data[meta][nslow][4]                                        u_core_u_drain_ctrl_pending_wr_data_q_reg[meta][nslow][4]/Q
65         u_core_drain_fifo_wr_data[meta][nslow][5]                                        u_core_u_drain_ctrl_pending_wr_data_q_reg[meta][nslow][5]/Q
65         u_core_drain_fifo_wr_data[meta][nslow][6]                                        u_core_u_drain_ctrl_pending_wr_data_q_reg[meta][nslow][6]/Q
65         u_core_drain_fifo_wr_data[meta][phase0_snap]                                     u_core_u_drain_ctrl_pending_wr_data_q_reg[meta][phase0_snap]/Q
65         u_core_drain_fifo_wr_data[meta][stop_slow_phase_disc][0]                         u_core_u_drain_ctrl_pending_wr_data_q_reg[meta][stop_slow_phase_disc][0]/Q
65         u_core_drain_fifo_wr_data[meta][stop_slow_phase_disc][1]                         u_core_u_drain_ctrl_pending_wr_data_q_reg[meta][stop_slow_phase_disc][1]/Q
65         u_core_drain_fifo_wr_data[meta][stop_slow_phase_disc][2]                         u_core_u_drain_ctrl_pending_wr_data_q_reg[meta][stop_slow_phase_disc][2]/Q
39         u_core_rst_sys_tx_n                                                              u_core_u_rst_tx_sync/sync_q_reg[4]/Q
34         u_core_n_64237                                                                   u_core_g78238/Q
34         u_core_n_67056                                                                   u_core_g79391/Q
33         u_core_u_fifo_n_8249                                                             g80973/Q
33         u_core_u_fifo_n_8250                                                             g961/Q
33         u_core_u_fifo_n_8251                                                             g994/Q
33         u_core_u_fifo_n_8253                                                             g957/Q
33         u_core_u_fifo_n_8254                                                             g972/Q
33         u_core_u_fifo_n_8257                                                             g969/Q
33         u_core_u_fifo_n_8258                                                             g989/Q
33         u_core_u_fifo_n_8259                                                             g996/Q
33         u_core_u_fifo_n_8260                                                             g970/Q
33         u_core_u_fifo_n_8261                                                             g1057/Q
33         u_core_u_fifo_n_8262                                                             g938/Q
33         u_core_u_fifo_n_8263                                                             g939/Q
33         u_core_u_fifo_n_8264                                                             g940/Q
33         u_core_u_fifo_n_8265                                                             g964/Q
33         u_core_u_fifo_n_8269                                                             g974/Q
33         u_core_u_fifo_n_8270                                                             g981/Q
33         u_core_u_fifo_n_8271                                                             g998/Q
33         u_core_u_fifo_n_8272                                                             g986/Q
33         u_core_u_fifo_n_8273                                                             g987/Q
33         u_core_u_fifo_n_8274                                                             g988/Q
33         u_core_u_fifo_n_8275                                                             g982/Q
33         u_core_u_fifo_n_8276                                                             g990/Q
33         u_core_u_fifo_n_8277                                                             g952/Q
33         u_core_u_fifo_n_8278                                                             g937/Q
33         u_core_u_fifo_n_8279                                                             g978/Q
33         u_core_u_fifo_n_8280                                                             g992/Q
33         u_core_u_fifo_n_8281                                                             g993/Q
33         u_core_u_fifo_n_8285                                                             g958/Q
33         u_core_u_fifo_n_8286                                                             g959/Q
33         u_core_u_fifo_n_8287                                                             g960/Q
33         u_core_u_fifo_n_8288                                                             g962/Q
33         u_core_u_fifo_n_8289                                                             g963/Q
33         u_core_u_fifo_n_8290                                                             g997/Q
33         u_core_u_fifo_n_8291                                                             g965/Q
33         u_core_u_fifo_n_8292                                                             g966/Q
33         u_core_u_fifo_n_8293                                                             g943/Q
33         u_core_u_fifo_n_8294                                                             g956/Q
33         u_core_u_fifo_n_8299                                                             g948/Q
33         u_core_u_fifo_n_8300                                                             g949/Q
33         u_core_u_fifo_n_8301                                                             g973/Q
33         u_core_u_fifo_n_8302                                                             g975/Q
33         u_core_u_fifo_n_8303                                                             g977/Q
33         u_core_u_fifo_n_8304                                                             g976/Q
33         u_core_u_fifo_n_8305                                                             g971/Q
33         u_core_u_fifo_n_8306                                                             g980/Q
33         u_core_u_fifo_n_8307                                                             g955/Q
33         u_core_u_fifo_n_8308                                                             g967/Q
33         u_core_u_fifo_n_8309                                                             g950/Q
33         u_core_u_fifo_n_8310                                                             g983/Q
33         u_core_u_fifo_n_8311                                                             g984/Q
33         u_core_u_fifo_n_8312                                                             g999/Q
33         u_core_n_61766                                                                   u_core_g75791/Q
33         u_core_n_61782                                                                   u_core_g75792/Q
33         u_core_n_61798                                                                   u_core_g75793/Q
33         u_core_n_61814                                                                   u_core_g75794/Q
33         u_core_n_61846                                                                   u_core_g75796/Q
33         u_core_n_61862                                                                   u_core_g75797/Q
33         u_core_n_61878                                                                   u_core_g75798/Q
33         u_core_n_63096                                                                   u_core_g77347/Q
33         u_core_n_63112                                                                   u_core_g77348/Q
33         u_core_n_63128                                                                   u_core_g77349/Q
33         u_core_n_63144                                                                   u_core_g77350/Q
33         u_core_n_63160                                                                   u_core_g77351/Q
33         u_core_n_63176                                                                   u_core_g77352/Q
33         u_core_n_63192                                                                   u_core_g77353/Q
33         u_core_n_63208                                                                   u_core_g77354/Q
33         u_core_n_63224                                                                   u_core_g77355/Q
33         u_core_n_63240                                                                   u_core_g77356/Q
33         u_core_n_63256                                                                   u_core_g77357/Q
33         u_core_n_63272                                                                   u_core_g77358/Q
33         u_core_n_63288                                                                   u_core_g77359/Q
33         u_core_n_63304                                                                   u_core_g77360/Q
33         u_core_n_63320                                                                   u_core_g77361/Q
33         u_core_n_63336                                                                   u_core_g77362/Q
33         u_core_n_63352                                                                   u_core_g77363/Q
33         u_core_n_63368                                                                   u_core_g77364/Q
33         u_core_n_63384                                                                   u_core_g77365/Q
33         u_core_n_63400                                                                   u_core_g77366/Q
33         u_core_n_63432                                                                   u_core_g77368/Q
33         u_core_n_63448                                                                   u_core_g77369/Q
33         u_core_n_63464                                                                   u_core_g77370/Q
33         u_core_n_63480                                                                   u_core_g77371/Q
33         u_core_n_63496                                                                   u_core_g77372/Q
33         u_core_n_63512                                                                   u_core_g77373/Q
33         u_core_n_63528                                                                   u_core_g77374/Q
33         u_core_n_63544                                                                   u_core_g77375/Q
33         u_core_n_63560                                                                   u_core_g77376/Q
33         u_core_n_63576                                                                   u_core_g77377/Q
33         u_core_n_63592                                                                   u_core_g77378/Q
33         u_core_n_63608                                                                   u_core_g77379/Q
33         u_core_n_63624                                                                   u_core_g77380/Q
33         u_core_n_63640                                                                   u_core_g77381/Q
33         u_core_n_63656                                                                   u_core_g77382/Q
33         u_core_n_63672                                                                   u_core_g77383/Q
33         u_core_n_63688                                                                   u_core_g77384/Q
33         u_core_n_63997                                                                   u_core_g78223/Q
33         u_core_n_64013                                                                   u_core_g78224/Q
33         u_core_n_64029                                                                   u_core_g78225/Q
33         u_core_n_64045                                                                   u_core_g78226/Q
33         u_core_n_64061                                                                   u_core_g78227/Q
33         u_core_n_64077                                                                   u_core_g78228/Q
33         u_core_n_64093                                                                   u_core_g78229/Q
33         u_core_n_64109                                                                   u_core_g78230/Q
33         u_core_n_64125                                                                   u_core_g78231/Q
33         u_core_n_64141                                                                   u_core_g78232/Q
33         u_core_n_64157                                                                   u_core_g78233/Q
33         u_core_n_64173                                                                   u_core_g78234/Q
33         u_core_n_64189                                                                   u_core_g78235/Q
33         u_core_n_64205                                                                   u_core_g78236/Q
33         u_core_n_64221                                                                   u_core_g78237/Q
33         u_core_n_67820                                                                   u_core_g80100/Q
33         u_core_n_75778                                                                   u_core_g80814/Q
33         u_core_n_75780                                                                   u_core_g80816/Q
33         u_core_n_75785                                                                   u_core_g80821/Q
33         u_core_n_75786                                                                   u_core_g80822/Q
32         u_core_n_58103                                                                   u_core_g71459/Q
32         u_core_n_67804                                                                   u_core_g80099/Q
32         n_1849                                                                           g10422/Q
32         n_1856                                                                           g10385/Q
32         n_1863                                                                           g10344/Q
32         n_1866                                                                           g10323/Q
32         n_1867                                                                           g10316/Q
32         n_1872                                                                           g10281/Q
32         n_1873                                                                           g10274/Q
32         n_1884                                                                           g10197/Q
32         n_1886                                                                           g10183/Q
32         n_1896                                                                           g10125/Q
32         n_1897                                                                           g10118/Q
32         n_1900                                                                           g10097/Q
32         n_1901                                                                           g10090/Q
24         async_rst_n                                                                      async_rst_n
22         u_core_n_41172                                                                   u_core_g34765/Q
22         u_core_n_48212                                                                   u_core_u_drain_ctrl_pd_scan_q_reg[3]/QN
21         u_core_n_67822                                                                   u_core_g79709/Q

Reported 197 of 197 nets at or above threshold.
