LABEL=MPTDC_PVS_DRC_GATE
STATUS=FAIL
PVS_DRC_STATUS=FAIL
PVS_DRC_VARIANT=BASE
PVS_RC=0
LAYOUT_TOP=mptdc_axis_core
DRC_TOTAL_PRIMARY=136
DRC_TOTAL_EXPANDED=136
NONZERO_RULE_COUNT=4
NONZERO_RULE_REPORT=/sim/ksabra/SPADMIC_work/innovus/20260827_mptdc_bufftap0_physical_source_vddfix_151123/reports/pvs_drc_base_nonzero_rules.tsv
NONZERO_RULE_REPORT_SHA256=e53cc0ebc7959dd702a354abcd75111f5231976cf56e3f5e6ebb6c8e8d23ffa6
LAYOUT_INPUT=/sim/ksabra/SPADMIC_work/innovus/20260827_mptdc_bufftap0_physical_source_vddfix_151123/outputs/mptdc_axis_core_merged_stdcell_ro6.gds
LAYOUT_INPUT_SHA256=1a91072f6ca4e220bc75fbd2fc0dde44626e60a411b44d14358e5a9851d6d275
HASH_MANIFEST=/sim/ksabra/SPADMIC_work/innovus/20260827_mptdc_bufftap0_physical_source_vddfix_151123/manifests/pvs_input_hashes.rpt
HASH_MANIFEST_SHA256=ddd2a6e66f952cb41f7881967061cb359b7120bf1f3ee629850eda3cc90a7fc5
SUMMARY=/sim/ksabra/SPADMIC_work/innovus/20260827_mptdc_bufftap0_physical_source_vddfix_151123/pvs_drc/mptdc_axis_core_merged_base_script/mptdc_axis_core_drc.sum
SUMMARY_SHA256=2cc79ce2e652ce6de55e43c1ba9ce2d8e2f85a2f89c1069d98e1737edd889e03
RUN_CONTROL=/sim/ksabra/SPADMIC_work/innovus/20260827_mptdc_bufftap0_physical_source_vddfix_151123/pvs_drc/mptdc_axis_core_merged_base_script/run.pvs
RUN_CONTROL_SHA256=f3042dcbd35bee6b3450b9d7cd812f182a152efc95ef1fda67654b3062313617
DRC_CONTROL=/sim/ksabra/SPADMIC_work/innovus/20260827_mptdc_bufftap0_physical_source_vddfix_151123/pvs_drc/mptdc_axis_core_merged_base_script/pvsdrcctl
DRC_CONTROL_SHA256=9c84a860e5584f90d354aa602c25f804a523c180f25e45bedb5e159bca15de1e
FINAL_PHYSICAL_SIGNOFF_READY=NO
