# MPTDC Exact Two-Via-Landing Minimum-Area Patch V1
MANUAL_ECO_MODE=EXACT_TWO_VIA_LANDING_MIN_AREA_STUBS
SOURCE_BASELINE=DRC_2_SHORTS_0_REGULAR_0_SPECIAL_NON_RO_0
TARGET_NETS=u_core_n_57960,u_core_n_57556
TARGET_VIA_POLICY=u_core_n_57960:VIA1_o@363.72,358.12;u_core_n_57556:VIA1_o@385.56,328.44
REPAIR_STUB_POLICY=u_core_n_57960:MET1:363.72,358.12->364.56,358.12;u_core_n_57556:MET1:385.56,328.44->384.72,328.44;width=0.28
PIN_CONTAINMENT_EVIDENCE=u_core_g71301/A:NO2JIHDX4:MY;FE_RC_5_0/Q:NO6I5JIHDX2:R180
VIA_EDIT_POLICY=NO_VIAS_MODIFIED
PG_EDIT_POLICY=NO_PG_SHAPES_MODIFIED
PLACEMENT_EDIT_POLICY=NO_INSTANCES_MOVED
PRE_DRC=2
PRE_SHORTS=0
PRE_REGULAR_CONNECTIVITY_BAD=0
PRE_SPECIAL_CONNECTIVITY_NON_RO_FAILURES=0
N57960_LANDING_PRE_VIA_NAMES=VIA1_o
N57556_LANDING_PRE_VIA_NAMES=VIA1_o
N57960_MET1_LANDING_PATCH_SET_EDIT_MODE_COMMAND=setEditMode -nets u_core_n_57960 -shape None -force_regular 1 -layer_horizontal MET1 -layer_vertical MET1 -snap_to_track_regular 0 -width_horizontal 0.28 -width_vertical 0.28
N57960_MET1_LANDING_PATCH_SET_EDIT_MODE_STATUS=PASS
N57960_MET1_LANDING_PATCH_SET_EDIT_MODE_RESULT=
N57960_MET1_LANDING_PATCH_SET_TOOL_COMMAND=uiSetTool addWire
N57960_MET1_LANDING_PATCH_SET_TOOL_STATUS=PASS
N57960_MET1_LANDING_PATCH_SET_TOOL_RESULT=
N57960_MET1_LANDING_PATCH_START_COMMAND=editAddRoute 363.72 358.12
N57960_MET1_LANDING_PATCH_START_STATUS=PASS
N57960_MET1_LANDING_PATCH_START_RESULT=
N57960_MET1_LANDING_PATCH_COMMIT_COMMAND=editCommitRoute 364.56 358.12
N57960_MET1_LANDING_PATCH_COMMIT_STATUS=PASS
N57960_MET1_LANDING_PATCH_COMMIT_RESULT=
N57556_MET1_LANDING_PATCH_SET_EDIT_MODE_COMMAND=setEditMode -nets u_core_n_57556 -shape None -force_regular 1 -layer_horizontal MET1 -layer_vertical MET1 -snap_to_track_regular 0 -width_horizontal 0.28 -width_vertical 0.28
N57556_MET1_LANDING_PATCH_SET_EDIT_MODE_STATUS=PASS
N57556_MET1_LANDING_PATCH_SET_EDIT_MODE_RESULT=
N57556_MET1_LANDING_PATCH_SET_TOOL_COMMAND=uiSetTool addWire
N57556_MET1_LANDING_PATCH_SET_TOOL_STATUS=PASS
N57556_MET1_LANDING_PATCH_SET_TOOL_RESULT=
N57556_MET1_LANDING_PATCH_START_COMMAND=editAddRoute 385.56 328.44
N57556_MET1_LANDING_PATCH_START_STATUS=PASS
N57556_MET1_LANDING_PATCH_START_RESULT=
N57556_MET1_LANDING_PATCH_COMMIT_COMMAND=editCommitRoute 384.72 328.44
N57556_MET1_LANDING_PATCH_COMMIT_STATUS=PASS
N57556_MET1_LANDING_PATCH_COMMIT_RESULT=
N57960_LANDING_POST_VIA_NAMES=VIA1_X_so
MANUAL_ECO_STATUS=FAIL
MANUAL_ECO_ERROR=N57960_LANDING_POST expected via names VIA1_o at 363.72 358.12, found VIA1_X_so
