LABEL=SPADMIC_PVS_HANDOFF_RESULT
MODE=LVS
PVS_RC=0
PVS_LVS_STATUS=MATCH
EVIDENCE=/sim/ksabra/SPADMIC_work/handoff/innovus/blocks/spadmic_event_coordinator/innovus_ooc_harden_event_coordinator_20260720_173527/pvs/lvs/event_exact_gds_lvs_20260721_121034/svdb/matched
SCANNED_TEXT_FILE_COUNT=46
RESULT_EVIDENCE_INVENTORY=/sim/ksabra/SPADMIC_work/handoff/innovus/blocks/spadmic_event_coordinator/innovus_ooc_harden_event_coordinator_20260720_173527/pvs/lvs/event_exact_gds_lvs_20260721_121034/pvs_result_evidence_inventory.rpt
LVS_NEGATIVE_MATCH_COUNT=0
LVS_POSITIVE_MATCH_COUNT=3
SIGNOFF_READY=NO
PACKAGE=/sim/ksabra/SPADMIC_work/handoff/innovus/blocks/spadmic_event_coordinator/innovus_ooc_harden_event_coordinator_20260720_173527
CROSS_BLOCK_CONTROL_SCAFFOLD_AUTHORIZED=YES
LAYOUT_TOP=spadmic_event_coordinator
SOURCE_TOP=spadmic_event_coordinator
GDS=/sim/ksabra/SPADMIC_work/handoff/innovus/blocks/spadmic_event_coordinator/innovus_ooc_harden_event_coordinator_20260720_173527/gds/spadmic_event_coordinator.gds
GDS_SHA256=837538f219dacc9521f02bc58b3e2e5e587f859b4e70b69a1ca4a3e5fe7b6857
LVS_SOURCE=/sim/ksabra/SPADMIC_work/handoff/innovus/blocks/spadmic_event_coordinator/innovus_ooc_harden_event_coordinator_20260720_173527/netlist/spadmic_event_coordinator.lvs.pg.v
LVS_SOURCE_SHA256=f9ec957b23b1a229c7c2ff19309fb7463dfc5cac7e570ad1ca68ad8b08089b27
STDCELL_CDL=/sim/ksabra/SPADMIC_work/handoff/innovus/blocks/spadmic_event_coordinator/innovus_ooc_harden_event_coordinator_20260720_173527/pdk/xh018_D_CELLS_JIHD.cdl
STDCELL_CDL_SHA256=5ff10b0b31003da9bb6db59eba7d52c82435e3ab68b2ba0a1956e4d9fbaef8cf
