# O13 Phase Buffer Placement Constraints
mode=final_typical
status=REVIEW_REQUIRED
generated=2026-08-25 12:38:30 CEST

pitch_um=24.0
orient=ROW_LEGAL
fixed=1
slow_ISO_origin=90.4,622.72
slow_DRV_origin=90.4,610.72
fast_ISO_origin=90.4,247.22
fast_DRV_origin=90.4,259.22

action,instance,x,y,orient,command,error
placed,u_core_u_phase_buf_slow/gen_phase_buf[0].u_iso,90.4,622.72,ROW_LEGAL,placeInstance {u_core_u_phase_buf_slow/gen_phase_buf[0].u_iso} 90.4 622.72 MX,fixed_request=1 fixed_status=PASS actual_orient=MX actual_status=fixed actual_origin={90.16 620.48} actual_box={90.16 620.48 94.64 624.96}
placed,u_core_u_phase_buf_slow/gen_phase_buf[1].u_iso,114.4,622.72,ROW_LEGAL,placeInstance {u_core_u_phase_buf_slow/gen_phase_buf[1].u_iso} 114.4 622.72 MX,fixed_request=1 fixed_status=PASS actual_orient=MX actual_status=fixed actual_origin={114.24 620.48} actual_box={114.24 620.48 118.72 624.96}
placed,u_core_u_phase_buf_slow/gen_phase_buf[2].u_iso,138.4,622.72,ROW_LEGAL,placeInstance {u_core_u_phase_buf_slow/gen_phase_buf[2].u_iso} 138.4 622.72 MX,fixed_request=1 fixed_status=PASS actual_orient=MX actual_status=fixed actual_origin={138.32 620.48} actual_box={138.32 620.48 142.8 624.96}
placed,u_core_u_phase_buf_slow/gen_phase_buf[3].u_iso,162.4,622.72,ROW_LEGAL,placeInstance {u_core_u_phase_buf_slow/gen_phase_buf[3].u_iso} 162.4 622.72 MX,fixed_request=1 fixed_status=PASS actual_orient=MX actual_status=fixed actual_origin={162.4 620.48} actual_box={162.4 620.48 166.88 624.96}
placed,u_core_u_phase_buf_slow/gen_phase_buf[4].u_iso,186.4,622.72,ROW_LEGAL,placeInstance {u_core_u_phase_buf_slow/gen_phase_buf[4].u_iso} 186.4 622.72 MX,fixed_request=1 fixed_status=PASS actual_orient=MX actual_status=fixed actual_origin={186.48 620.48} actual_box={186.48 620.48 190.96 624.96}
placed,u_core_u_phase_buf_slow/gen_phase_buf[5].u_iso,210.4,622.72,ROW_LEGAL,placeInstance {u_core_u_phase_buf_slow/gen_phase_buf[5].u_iso} 210.4 622.72 MX,fixed_request=1 fixed_status=PASS actual_orient=MX actual_status=fixed actual_origin={210.56 620.48} actual_box={210.56 620.48 215.04 624.96}
placed,u_core_u_phase_buf_slow/gen_phase_buf[6].u_iso,234.4,622.72,ROW_LEGAL,placeInstance {u_core_u_phase_buf_slow/gen_phase_buf[6].u_iso} 234.4 622.72 MX,fixed_request=1 fixed_status=PASS actual_orient=MX actual_status=fixed actual_origin={234.64 620.48} actual_box={234.64 620.48 239.12 624.96}
placed,u_core_u_phase_buf_slow/gen_phase_buf[7].u_iso,258.4,622.72,ROW_LEGAL,placeInstance {u_core_u_phase_buf_slow/gen_phase_buf[7].u_iso} 258.4 622.72 MX,fixed_request=1 fixed_status=PASS actual_orient=MX actual_status=fixed actual_origin={258.16 620.48} actual_box={258.16 620.48 262.64 624.96}
placed,u_core_u_phase_buf_slow/gen_phase_buf[0].u_drv,90.4,610.72,ROW_LEGAL,placeInstance {u_core_u_phase_buf_slow/gen_phase_buf[0].u_drv} 90.4 610.72 MX,fixed_request=1 fixed_status=PASS actual_orient=MX actual_status=fixed actual_origin={90.16 611.52} actual_box={90.16 611.52 101.36 616.0}
placed,u_core_u_phase_buf_slow/gen_phase_buf[1].u_drv,114.4,610.72,ROW_LEGAL,placeInstance {u_core_u_phase_buf_slow/gen_phase_buf[1].u_drv} 114.4 610.72 MX,fixed_request=1 fixed_status=PASS actual_orient=MX actual_status=fixed actual_origin={114.24 611.52} actual_box={114.24 611.52 125.44 616.0}
placed,u_core_u_phase_buf_slow/gen_phase_buf[2].u_drv,138.4,610.72,ROW_LEGAL,placeInstance {u_core_u_phase_buf_slow/gen_phase_buf[2].u_drv} 138.4 610.72 MX,fixed_request=1 fixed_status=PASS actual_orient=MX actual_status=fixed actual_origin={138.32 611.52} actual_box={138.32 611.52 149.52 616.0}
placed,u_core_u_phase_buf_slow/gen_phase_buf[3].u_drv,162.4,610.72,ROW_LEGAL,placeInstance {u_core_u_phase_buf_slow/gen_phase_buf[3].u_drv} 162.4 610.72 MX,fixed_request=1 fixed_status=PASS actual_orient=MX actual_status=fixed actual_origin={162.4 611.52} actual_box={162.4 611.52 173.6 616.0}
placed,u_core_u_phase_buf_slow/gen_phase_buf[4].u_drv,186.4,610.72,ROW_LEGAL,placeInstance {u_core_u_phase_buf_slow/gen_phase_buf[4].u_drv} 186.4 610.72 MX,fixed_request=1 fixed_status=PASS actual_orient=MX actual_status=fixed actual_origin={186.48 611.52} actual_box={186.48 611.52 197.68 616.0}
placed,u_core_u_phase_buf_slow/gen_phase_buf[5].u_drv,210.4,610.72,ROW_LEGAL,placeInstance {u_core_u_phase_buf_slow/gen_phase_buf[5].u_drv} 210.4 610.72 MX,fixed_request=1 fixed_status=PASS actual_orient=MX actual_status=fixed actual_origin={210.56 611.52} actual_box={210.56 611.52 221.76 616.0}
placed,u_core_u_phase_buf_slow/gen_phase_buf[6].u_drv,234.4,610.72,ROW_LEGAL,placeInstance {u_core_u_phase_buf_slow/gen_phase_buf[6].u_drv} 234.4 610.72 MX,fixed_request=1 fixed_status=PASS actual_orient=MX actual_status=fixed actual_origin={234.64 611.52} actual_box={234.64 611.52 245.84 616.0}
placed,u_core_u_phase_buf_slow/gen_phase_buf[7].u_drv,258.4,610.72,ROW_LEGAL,placeInstance {u_core_u_phase_buf_slow/gen_phase_buf[7].u_drv} 258.4 610.72 MX,fixed_request=1 fixed_status=PASS actual_orient=MX actual_status=fixed actual_origin={258.16 611.52} actual_box={258.16 611.52 269.36 616.0}
placed,u_core_u_phase_buf_fast/gen_phase_buf[0].u_iso,90.4,247.22,ROW_LEGAL,placeInstance {u_core_u_phase_buf_fast/gen_phase_buf[0].u_iso} 90.4 247.22 MX,fixed_request=1 fixed_status=PASS actual_orient=R0 actual_status=fixed actual_origin={90.16 248.64} actual_box={90.16 248.64 94.64 253.12}
placed,u_core_u_phase_buf_fast/gen_phase_buf[1].u_iso,114.4,247.22,ROW_LEGAL,placeInstance {u_core_u_phase_buf_fast/gen_phase_buf[1].u_iso} 114.4 247.22 MX,fixed_request=1 fixed_status=PASS actual_orient=R0 actual_status=fixed actual_origin={114.24 248.64} actual_box={114.24 248.64 118.72 253.12}
placed,u_core_u_phase_buf_fast/gen_phase_buf[2].u_iso,138.4,247.22,ROW_LEGAL,placeInstance {u_core_u_phase_buf_fast/gen_phase_buf[2].u_iso} 138.4 247.22 MX,fixed_request=1 fixed_status=PASS actual_orient=R0 actual_status=fixed actual_origin={138.32 248.64} actual_box={138.32 248.64 142.8 253.12}
placed,u_core_u_phase_buf_fast/gen_phase_buf[3].u_iso,162.4,247.22,ROW_LEGAL,placeInstance {u_core_u_phase_buf_fast/gen_phase_buf[3].u_iso} 162.4 247.22 MX,fixed_request=1 fixed_status=PASS actual_orient=R0 actual_status=fixed actual_origin={162.4 248.64} actual_box={162.4 248.64 166.88 253.12}
placed,u_core_u_phase_buf_fast/gen_phase_buf[4].u_iso,186.4,247.22,ROW_LEGAL,placeInstance {u_core_u_phase_buf_fast/gen_phase_buf[4].u_iso} 186.4 247.22 MX,fixed_request=1 fixed_status=PASS actual_orient=R0 actual_status=fixed actual_origin={186.48 248.64} actual_box={186.48 248.64 190.96 253.12}
placed,u_core_u_phase_buf_fast/gen_phase_buf[5].u_iso,210.4,247.22,ROW_LEGAL,placeInstance {u_core_u_phase_buf_fast/gen_phase_buf[5].u_iso} 210.4 247.22 MX,fixed_request=1 fixed_status=PASS actual_orient=R0 actual_status=fixed actual_origin={210.56 248.64} actual_box={210.56 248.64 215.04 253.12}
placed,u_core_u_phase_buf_fast/gen_phase_buf[6].u_iso,234.4,247.22,ROW_LEGAL,placeInstance {u_core_u_phase_buf_fast/gen_phase_buf[6].u_iso} 234.4 247.22 MX,fixed_request=1 fixed_status=PASS actual_orient=R0 actual_status=fixed actual_origin={234.64 248.64} actual_box={234.64 248.64 239.12 253.12}
placed,u_core_u_phase_buf_fast/gen_phase_buf[7].u_iso,258.4,247.22,ROW_LEGAL,placeInstance {u_core_u_phase_buf_fast/gen_phase_buf[7].u_iso} 258.4 247.22 MX,fixed_request=1 fixed_status=PASS actual_orient=R0 actual_status=fixed actual_origin={258.16 248.64} actual_box={258.16 248.64 262.64 253.12}
placed,u_core_u_phase_buf_fast/gen_phase_buf[0].u_drv,90.4,259.22,ROW_LEGAL,placeInstance {u_core_u_phase_buf_fast/gen_phase_buf[0].u_drv} 90.4 259.22 MX,fixed_request=1 fixed_status=PASS actual_orient=R0 actual_status=fixed actual_origin={90.16 257.6} actual_box={90.16 257.6 101.36 262.08}
placed,u_core_u_phase_buf_fast/gen_phase_buf[1].u_drv,114.4,259.22,ROW_LEGAL,placeInstance {u_core_u_phase_buf_fast/gen_phase_buf[1].u_drv} 114.4 259.22 MX,fixed_request=1 fixed_status=PASS actual_orient=R0 actual_status=fixed actual_origin={114.24 257.6} actual_box={114.24 257.6 125.44 262.08}
placed,u_core_u_phase_buf_fast/gen_phase_buf[2].u_drv,138.4,259.22,ROW_LEGAL,placeInstance {u_core_u_phase_buf_fast/gen_phase_buf[2].u_drv} 138.4 259.22 MX,fixed_request=1 fixed_status=PASS actual_orient=R0 actual_status=fixed actual_origin={138.32 257.6} actual_box={138.32 257.6 149.52 262.08}
placed,u_core_u_phase_buf_fast/gen_phase_buf[3].u_drv,162.4,259.22,ROW_LEGAL,placeInstance {u_core_u_phase_buf_fast/gen_phase_buf[3].u_drv} 162.4 259.22 MX,fixed_request=1 fixed_status=PASS actual_orient=R0 actual_status=fixed actual_origin={162.4 257.6} actual_box={162.4 257.6 173.6 262.08}
placed,u_core_u_phase_buf_fast/gen_phase_buf[4].u_drv,186.4,259.22,ROW_LEGAL,placeInstance {u_core_u_phase_buf_fast/gen_phase_buf[4].u_drv} 186.4 259.22 MX,fixed_request=1 fixed_status=PASS actual_orient=R0 actual_status=fixed actual_origin={186.48 257.6} actual_box={186.48 257.6 197.68 262.08}
placed,u_core_u_phase_buf_fast/gen_phase_buf[5].u_drv,210.4,259.22,ROW_LEGAL,placeInstance {u_core_u_phase_buf_fast/gen_phase_buf[5].u_drv} 210.4 259.22 MX,fixed_request=1 fixed_status=PASS actual_orient=R0 actual_status=fixed actual_origin={210.56 257.6} actual_box={210.56 257.6 221.76 262.08}
placed,u_core_u_phase_buf_fast/gen_phase_buf[6].u_drv,234.4,259.22,ROW_LEGAL,placeInstance {u_core_u_phase_buf_fast/gen_phase_buf[6].u_drv} 234.4 259.22 MX,fixed_request=1 fixed_status=PASS actual_orient=R0 actual_status=fixed actual_origin={234.64 257.6} actual_box={234.64 257.6 245.84 262.08}
placed,u_core_u_phase_buf_fast/gen_phase_buf[7].u_drv,258.4,259.22,ROW_LEGAL,placeInstance {u_core_u_phase_buf_fast/gen_phase_buf[7].u_drv} 258.4 259.22 MX,fixed_request=1 fixed_status=PASS actual_orient=R0 actual_status=fixed actual_origin={258.16 257.6} actual_box={258.16 257.6 269.36 262.08}
