ACTUAL_DIE_BBOX_UM=0.0 0.0 951.44 659.68
ACTUAL_DIE_HEIGHT_UM=659.680
ACTUAL_DIE_WIDTH_UM=951.440
ADD_FILLER=PASS
ANTENNA_MARKER_COUNT=0
ANTENNA_MARKER_STATUS=PASS
ANTENNA_REPAIR_ENABLED=0
CORE_HEIGHT_UM=639.520
CORE_MARGIN_UM=10.000
CORE_WIDTH_UM=931.280
CREATE_PG_PIN_VDD=PASS
CREATE_PG_PIN_VSS=PASS
CREATE_PG_STRAPS=PASS
CREATE_PG_STRAP_VDD=PASS
CREATE_PG_STRAP_VSS=PASS
CTS_DESIGN=PASS
DRC_MARKER_CLASSIFICATION=PASS
DRC_MARKER_DUMP=PASS
DRC_MARKER_TOTAL=0
EXPECTED_PG_CONNECTIVITY_MARKER_COUNT=0
EXPORT_ABSTRACT_LEF_FILE=PASS
EXPORT_DEF=PASS
EXPORT_DEF_FILE=PASS
EXPORT_GDS=PASS
EXPORT_GDS_FILE=PASS
EXPORT_LEF=PASS
EXPORT_LEF_FILE=PASS
EXPORT_NETLIST=PASS
EXPORT_NETLIST_FILE=PASS
EXPORT_NETLIST_PG=PASS
FILLER_ADD_FILLERS_WITH_DRC=DISABLE
FILLER_MODE=PASS
FLOORPLAN=PASS
GENUS_NETLIST_INPUT=PASS
GENUS_SDC_INPUT=PASS
HANDOFF_COPY=PASS
INIT_DESIGN=PASS
INNOVUS_DRC_STATUS=PASS
LIBRARY_SOURCE=PASS
MET1_MIN_AREA_MARKER_COUNT=0
MET1_MIN_AREA_MARKER_STATUS=PASS
MMMC_STATUS=DEFERRED_TYPICAL_ONLY
OA_IMPORT_STATUS=DEFERRED_USE_DEF_LEF_GDS_PACKAGE
OTHER_MARKER_COUNT=0
OTHER_MARKER_STATUS=PASS
PEX_STATUS=DEFERRED
PG_CONNECTIVITY_STATUS=PASS
PG_LOCAL_ROUTE_MODE=EXPLICIT_EXACT
PG_PIN_TOP_Y_UM=659.680
PG_PIN_VDD_CENTER_X_UM=238.000
PG_PIN_VSS_CENTER_X_UM=713.440
PG_ROUTE_STAGE=POST_CTS
PG_ROUTE_STRATEGY=EXPLICIT_EXACT
PG_STRAP_VDD_CENTER_X_UM=238.000
PG_STRAP_VDD_Y_RANGE_UM=10.080,659.680
PG_STRAP_VSS_CENTER_X_UM=713.440
PG_STRAP_VSS_Y_RANGE_UM=14.560,659.680
PLACE_DESIGN=PASS
PLACE_MAX_DENSITY=0.62
PLACE_PINS_EAST=PASS
PLACE_PINS_NORTH=PASS
PLACE_PINS_SOUTH=PASS
PLACE_PINS_WEST=PASS
POSTROUTE_ANTENNA_REPAIR=DISABLED
POSTROUTE_DRC_CLEANUP=PASS
POSTROUTE_HOLD_TIMING=PASS
POSTROUTE_MIN_AREA_REPAIR=SKIPPED_NO_MARKERS
POSTROUTE_OPT_DRV=PASS
POSTROUTE_SETUP_TIMING=PASS
PVS_STATUS=DEFERRED
REGULAR_CONNECTIVITY_STATUS=PASS
RESULT=ABSTRACT_READY_FOR_TOP_REVIEW
ROUTE_DESIGN=PASS
ROUTE_EFFORT_ENABLED=1
ROUTE_LAYER_SETUP=PASS
ROUTE_PROFILE=met1_effort
SCAN_PLACEMENT_MODE=PASS
SIGNAL_ROUTE_LAYERS=MET1-MET3
SIGNAL_ROUTE_LAYER_INDEXES=1-3
SIGNOFF_READY=NO
SROUTE_PG=PASS
TOP_RESERVATION_FIT_STATUS=PASS
TOP_RESERVATION_HEIGHT_MARGIN_UM=0.320
TOP_RESERVATION_HEIGHT_UM=660.000
TOP_RESERVATION_WIDTH_MARGIN_UM=0.255
TOP_RESERVATION_WIDTH_UM=951.695
BLOCK=position_core
TOP_MODULE=spadmic_position_core
NETLIST=/sim/ksabra/SPADMIC_work/genus/genus_ooc_position_core_20260717_101642/position_core/outputs/position_core.postsyn.v
SDC=/sim/ksabra/SPADMIC_work/genus/genus_ooc_position_core_20260717_101642/position_core/outputs/position_core.postsyn.sdc
BLOCK_ROOT=/sim/ksabra/SPADMIC_work/innovus/innovus_ooc_harden_position_core_gridfit_20260717_114810/blocks/position_core
HANDOFF_ROOT=/sim/ksabra/SPADMIC_work/handoff/abstracts/position_core/innovus_ooc_harden_position_core_gridfit_20260717_114810
LAYOUT_AUDIT_DIR=/home/validmgr/ksabra/2026_SPAD/SPADMIC/TOP/docs/layout_audits/SPADMIC2_20260709_072331
PIN_PLAN_CSV=/sim/ksabra/SPADMIC_work/innovus/innovus_ooc_harden_position_core_gridfit_20260717_114810/blocks/position_core/generated/ooc_block_pin_plan.csv
