*** timeDesign #4 [begin] : totSession cpu/real = 0:11:32.7/0:13:07.1 (0.9), mem = 2776.9M
Start to check current routing status for nets...
All nets are already routed correctly.
End to check current routing status for nets (mem=2763.3M)
OPTC: user 20.0
Starting delay calculation for Hold views
AAE_INFO: opIsDesignInPostRouteState() is 0
#################################################################################
# Design Stage: PreRoute
# Design Name: mptdc_axis_core
# Design Mode: 180nm
# Analysis Mode: MMMC Non-OCV 
# Parasitics Mode: No SPEF/RCDB 
# Signoff Settings: SI Off 
#################################################################################
Calculate delays in Single mode...
Start delay calculation (fullDC) (1 T). (MEM=2783.89)
Total number of fetched objects 14950
AAE_INFO: Total number of nets for which stage creation was skipped for all views 0
End delay calculation. (MEM=2817.59 CPU=0:00:02.5 REAL=0:00:03.0)
End delay calculation (fullDC). (MEM=2817.59 CPU=0:00:03.0 REAL=0:00:03.0)
*** Done Building Timing Graph (cpu=0:00:03.7 real=0:00:03.0 totSessionCpu=0:11:37 mem=2817.6M)

------------------------------------------------------------------
          timeDesign Summary
------------------------------------------------------------------

Hold views included:
 TC_NOMINAL 

+--------------------+---------+---------+---------+
|     Hold mode      |   all   | reg2reg | default |
+--------------------+---------+---------+---------+
|           WNS (ns):| -0.089  |  0.138  | -0.089  |
|           TNS (ns):| -0.866  |  0.000  | -0.866  |
|    Violating Paths:|   22    |    0    |   22    |
|          All Paths:|  4886   |  4862   |  2188   |
+--------------------+---------+---------+---------+

Density: 53.381%
Routing Overflow: 0.91% H and 0.02% V
------------------------------------------------------------------
Reported timing to dir ./timingReports
Total CPU time: 5.03 sec
Total Real time: 5.0 sec
Total Memory Usage: 2740.074219 Mbytes
