*** timeDesign #2 [begin] : totSession cpu/real = 0:04:28.1/0:05:00.4 (0.9), mem = 2553.0M
Start to check current routing status for nets...
All nets are already routed correctly.
End to check current routing status for nets (mem=2553.0M)

------------------------------------------------------------------
          timeDesign Summary
------------------------------------------------------------------

Setup views included:
 TC_NOMINAL 

+--------------------+---------+---------+---------+
|     Setup mode     |   all   | reg2reg | default |
+--------------------+---------+---------+---------+
|           WNS (ns):| -0.006  | -0.006  |  0.041  |
|           TNS (ns):| -0.006  | -0.006  |  0.000  |
|    Violating Paths:|    1    |    1    |    0    |
|          All Paths:|  4886   |  4862   |  2192   |
+--------------------+---------+---------+---------+

+----------------+-------------------------------+------------------+
|                |              Real             |       Total      |
|    DRVs        +------------------+------------+------------------|
|                |  Nr nets(terms)  | Worst Vio  |  Nr nets(terms)  |
+----------------+------------------+------------+------------------+
|   max_cap      |      0 (0)       |   0.000    |      0 (0)       |
|   max_tran     |      0 (0)       |   0.000    |      0 (0)       |
|   max_fanout   |      0 (0)       |     0      |      0 (0)       |
|   max_length   |      0 (0)       |     0      |      0 (0)       |
+----------------+------------------+------------+------------------+

Density: 52.833%
Routing Overflow: 0.38% H and 0.00% V
------------------------------------------------------------------
Reported timing to dir ./timingReports
Total CPU time: 1.82 sec
Total Real time: 3.0 sec
Total Memory Usage: 2553.183594 Mbytes
