# MPTDC Final Filler Status
FILLER_CELL_FAMILY=FEED*JIHD
FILLER_CANDIDATES=FEED25JIHD FEED15JIHD FEED10JIHD FEED7JIHD FEED5JIHD FEED3JIHD FEED2JIHD FEED1JIHD
FILLER_COUNT_BEFORE=0
FILLER_MODE_REPORT=/sim/ksabra/SPADMIC_work/innovus/20260824_mptdc_bufftap0_tempblk_physical_143726/reports/filler_mode_status.rpt
FILLER_MODE_STATUS=PASS_OR_REVIEW
FILLER_COUNT=25196
FILLER_DELTA=25196
FILLER_INSERTION_STATUS=PASS
FILLER_PG_CONNECTED=RECHECKED_BY_GLOBALNETCONNECT_AND_ROUTE_CONNECTIVITY
POST_FILLER_ROUTE_CLEANUP=REQUIRED_AFTER_POSTROUTE_FILLER
POST_FILLER_ROUTE_CLEANUP_POLICY=bounded_incremental_eco_then_pg_then_drc
POST_FILLER_ROUTE_REPAIR_COMMANDS={ecoRoute -target} {ecoRoute -fix_drc}
POST_FILLER_ROUTE_PRE_SROUTE_COMMAND=ecoRoute -target
POST_FILLER_ROUTE_POST_SROUTE_COMMANDS={ecoRoute -fix_drc}
POST_FILLER_ROUTE_COMMAND_PHASE=POST_FILLER_PRE_SROUTE
POST_FILLER_ROUTE_COMMAND=ecoRoute -target
POST_FILLER_ROUTE_REPORT=/sim/ksabra/SPADMIC_work/innovus/20260824_mptdc_bufftap0_tempblk_physical_143726/reports/POST_FILLER_PRE_SROUTE_ecoRoute_target.rpt
POST_FILLER_ROUTE_POST_FILLER_PRE_SROUTE_COMMAND_STATUS=PASS
POST_FILLER_ROUTE_POST_FILLER_PRE_SROUTE_ROUTER_DRC=24
POST_FILLER_ROUTE_POST_FILLER_PRE_SROUTE_ROUTER_SHORTS=19
POST_FILLER_ROUTE_POST_FILLER_PRE_SROUTE_MARKER_REPORT=/sim/ksabra/SPADMIC_work/innovus/20260824_mptdc_bufftap0_tempblk_physical_143726/reports/POST_FILLER_PRE_SROUTE_ecoRoute_target_markers.tsv
POST_FILLER_SROUTE_MODE_CORE_PIN_STOP_ROUTE_COMMAND=setSrouteMode -corePinStopRoute RowEnd
POST_FILLER_SROUTE_MODE_CORE_PIN_STOP_ROUTE_STATUS=PASS
POST_FILLER_SROUTE_MODE_EXPERIMENTS_ENABLED=0
POST_FILLER_SROUTE_MODE_STATUS=PASS
POST_FILLER_SROUTE_MODE_REASON=deterministic_core_pin_stop_only
POST_FILLER_SROUTE_PADPIN_FALLBACK_ENABLED=0

COMMAND_POST_FILLER_SROUTE=sroute -connect {corePin blockPin} -nets {VDD VSS} -blockPin all -blockPinTarget {ring stripe} -corePinTarget {ring stripe} -allowLayerChange 1
POST_FILLER_SROUTE_ATTEMPT_1_REPORT=/sim/ksabra/SPADMIC_work/innovus/20260824_mptdc_bufftap0_tempblk_physical_143726/reports/POST_FILLER_SROUTE_sroute_1.rpt
POST_FILLER_SROUTE_ATTEMPT_1_COMMAND_STATUS=PASS
POST_FILLER_SROUTE_ATTEMPT_1_STATUS=REVIEW_REQUIRED
POST_FILLER_SROUTE_ATTEMPT_1_WIRES=4
POST_FILLER_SROUTE_ATTEMPT_1_OPEN_PORTS=24
POST_FILLER_SROUTE_ATTEMPT_1_BLOCK_OPEN_PORTS=0
POST_FILLER_SROUTE_ATTEMPT_1_CORE_OPEN_PORTS=24
POST_FILLER_SROUTE_ATTEMPT_1_POWER_BUMP_OPEN_PORTS=0
POST_FILLER_SROUTE_ATTEMPT_1_REASON=open_ports_nonzero
POST_FILLER_SROUTE_STATUS=FAIL
POST_FILLER_SROUTE_REASON=all_sroute_command_variants_failed
POST_FILLER_ROUTE_COMMAND_PHASE=POST_FILLER_POST_SROUTE
POST_FILLER_ROUTE_COMMAND=ecoRoute -fix_drc
POST_FILLER_ROUTE_REPORT=/sim/ksabra/SPADMIC_work/innovus/20260824_mptdc_bufftap0_tempblk_physical_143726/reports/POST_FILLER_POST_SROUTE_ecoRoute_fix_drc.rpt
POST_FILLER_ROUTE_POST_FILLER_POST_SROUTE_COMMAND_STATUS=PASS
POST_FILLER_ROUTE_POST_FILLER_POST_SROUTE_ROUTER_DRC=20
POST_FILLER_ROUTE_POST_FILLER_POST_SROUTE_ROUTER_SHORTS=17
POST_FILLER_ROUTE_POST_FILLER_POST_SROUTE_MARKER_REPORT=/sim/ksabra/SPADMIC_work/innovus/20260824_mptdc_bufftap0_tempblk_physical_143726/reports/POST_FILLER_POST_SROUTE_ecoRoute_fix_drc_markers.tsv
POST_FILLER_VERIFY_DRC_REPORT=/sim/ksabra/SPADMIC_work/innovus/20260824_mptdc_bufftap0_tempblk_physical_143726/reports/post_filler_verify_drc.rpt
POST_FILLER_VERIFY_DRC_MARKER_REPORT=/sim/ksabra/SPADMIC_work/innovus/20260824_mptdc_bufftap0_tempblk_physical_143726/reports/post_filler_verify_drc_markers.tsv
POST_FILLER_VERIFY_DRC_CAPTURE_STATUS=PASS
POST_FILLER_VERIFY_DRC=22
POST_FILLER_VERIFY_SHORTS=19
POST_FILLER_SPECIAL_CONNECTIVITY_REPORT=/sim/ksabra/SPADMIC_work/innovus/20260824_mptdc_bufftap0_tempblk_physical_143726/reports/post_filler_verify_connectivity_special.rpt
POST_FILLER_SPECIAL_CONNECTIVITY_CAPTURE_STATUS=PASS
POST_FILLER_SPECIAL_CONNECTIVITY_COMMAND=verifyConnectivity -type special -nets {VDD VSS}
POST_FILLER_SPECIAL_CONNECTIVITY_BAD=1
POST_FILLER_SPECIAL_CONNECTIVITY_BAD_LINES={Net VDD: dangling Wire.} {Net VSS: dangling Wire.} {12 Problem(s) (IMPVFC-94): The net has dangling wire(s).} {Verification Complete : 12 Viols.  0 Wrngs.}
POST_FILLER_ALL_CONNECTIVITY_REPORT=/sim/ksabra/SPADMIC_work/innovus/20260824_mptdc_bufftap0_tempblk_physical_143726/reports/post_filler_verify_connectivity_all.rpt
POST_FILLER_ALL_CONNECTIVITY_CAPTURE_STATUS=PASS
POST_FILLER_ALL_CONNECTIVITY_BAD=1
POST_FILLER_ALL_CONNECTIVITY_BAD_LINES={Net VDD: dangling Wire.} {Net VSS: dangling Wire.} {12 Problem(s) (IMPVFC-94): The net has dangling wire(s).} {Verification Complete : 12 Viols.  0 Wrngs.}
POST_FILLER_VERIFY_STATUS=REVIEW_REQUIRED
POST_FILLER_ROUTE_STATUS=REVIEW_REQUIRED
INCREMENTAL_ROUTE_STATUS=REVIEW_REQUIRED
POST_FILLER_CLEANUP_STATUS=REVIEW_REQUIRED
POST_FILLER_GATE_NOTE=route_status_rpt_remains_the_hard_short_open_gate
