**INFO: User settings:
setNanoRouteMode -route_detail_use_min_spacing_for_blockage                               auto
setNanoRouteMode -route_extract_third_party_compatible                                    false
setNanoRouteMode -route_global_exp_timing_driven_std_delay                                57.3
setNanoRouteMode -route_global_exp_timing_driven_use_tif_timing_engine_for_import_design  false
setNanoRouteMode -route_exp_design_mode_bottom_routing_layer                              1
setNanoRouteMode -route_exp_design_mode_top_routing_layer                                 4
setNanoRouteMode -route_strict_honor_route_rule                                           false
setDesignMode -bottomRoutingLayer                                                         1
setDesignMode -process                                                                    180
setDesignMode -topRoutingLayer                                                            4


globalDetailRoute -target

#Start globalDetailRoute on Mon Aug 24 14:55:53 2026
#
#num needed restored net=0
#need_extraction net=0 (total=16311)
#NanoRoute Version 22.33-s094_1 NR230808-0153/22_13-UB
#Skip comparing routing design signature in db-snapshot flow
#WARNING (NRDB-942) Reset route_exp_with_eco_for_shielding to false because there is no existing shielding wire.
#Total number of trivial nets (e.g. < 2 pins) = 1396 (skipped).
#Total number of routable nets = 14915.
#Total number of nets in the design = 16311.
#14915 routable nets have routed wires.
#70 detail routed (routable) nets have been constrained (e.g. have preferred extra spacing, require shielding etc.)
#No nets have been global routed.
#Start routing data preparation on Mon Aug 24 14:55:54 2026
#
#Minimum voltage of a net in the design = 0.000.
#Maximum voltage of a net in the design = 1.800.
#Voltage range [0.000 - 1.800] has 16309 nets.
#Voltage range [1.800 - 1.800] has 1 net.
#Voltage range [0.000 - 0.000] has 1 net.
#Build and mark too close pins for the same net.
#Initial pin access analysis.
#Detail pin access analysis.
# MET1         H   Track-Pitch = 0.5600    Line-2-Via Pitch = 0.4850
# MET2         V   Track-Pitch = 0.5600    Line-2-Via Pitch = 0.5600
# MET3         H   Track-Pitch = 0.5600    Line-2-Via Pitch = 0.5600
# METTP        V   Track-Pitch = 1.1200    Line-2-Via Pitch = 0.9500
#Bottom routing layer index=1(MET1), bottom routing layer for shielding=1(MET1), bottom shield layer=1(MET1)
#shield_bottom_stripe_layer=1(MET1), shield_top_stripe_layer=4(METTP)
#pin_access_rlayer=2(MET2)
#shield_top_dpt_rlayer=-1 top_rlayer=4 top_trim_metal_rlayer=-1 rlayer_lowest=1 bottom_rlayer=1
#enable_trim_layer_shield=F enable_dpt_layer_shield=F has_line_end_grid=F
#enable_dpt_layer_shield=F
#has_line_end_grid=F
#Processed 25196/0 dirty instances, 0/0 dirty terms, 0/0 dirty fterms, 0/0 dirty pgterms, 0/0 misc dirty regions(25196 insts marked dirty, reset pre-exisiting dirty flag on 0 insts, 0 nets marked need extraction)
#cpu time = 00:00:00, elapsed time = 00:00:00, memory = 2496.98 (MB), peak = 2706.89 (MB)
#Regenerating Ggrids automatically.
#Auto generating G-grids with size=15 tracks, using layer MET2's pitch = 0.5600.
#Using automatically generated G-grids.
#Done routing data preparation.
#cpu time = 00:00:04, elapsed time = 00:00:04, memory = 2498.88 (MB), peak = 2706.89 (MB)
#Minimum voltage of a net in the design = 0.000.
#Maximum voltage of a net in the design = 1.800.
#Voltage range [0.000 - 1.800] has 16309 nets.
#Voltage range [1.800 - 1.800] has 1 net.
#Voltage range [0.000 - 0.000] has 1 net.
#
#Finished routing data preparation on Mon Aug 24 14:55:58 2026
#
#Cpu time = 00:00:04
#Elapsed time = 00:00:04
#Increased memory = 5.84 (MB)
#Total memory = 2498.88 (MB)
#Peak memory = 2706.89 (MB)
#
#
#Start global routing on Mon Aug 24 14:55:58 2026
#
#
#Start global routing initialization on Mon Aug 24 14:55:58 2026
#
#WARNING (NRGR-22) Design is already detail routed.
#Minimum voltage of a net in the design = 0.000.
#Maximum voltage of a net in the design = 1.800.
#Voltage range [0.000 - 1.800] has 16309 nets.
#Voltage range [1.800 - 1.800] has 1 net.
#Voltage range [0.000 - 0.000] has 1 net.
#Minimum voltage of a net in the design = 0.000.
#Maximum voltage of a net in the design = 1.800.
#Voltage range [0.000 - 1.800] has 16309 nets.
#Voltage range [1.800 - 1.800] has 1 net.
#Voltage range [0.000 - 0.000] has 1 net.
#Routing data preparation, pin analysis, global routing and track assignment statistics:
#Cpu time = 00:00:05
#Elapsed time = 00:00:05
#Increased memory = 5.84 (MB)
#Total memory = 2498.88 (MB)
#Peak memory = 2706.89 (MB)
#Minimum voltage of a net in the design = 0.000.
#Maximum voltage of a net in the design = 1.800.
#Voltage range [0.000 - 1.800] has 16309 nets.
#Voltage range [1.800 - 1.800] has 1 net.
#Voltage range [0.000 - 0.000] has 1 net.
#Minimum voltage of a net in the design = 0.000.
#Maximum voltage of a net in the design = 1.800.
#Voltage range [0.000 - 1.800] has 16309 nets.
#Voltage range [1.800 - 1.800] has 1 net.
#Voltage range [0.000 - 0.000] has 1 net.
#Minimum voltage of a net in the design = 0.000.
#Maximum voltage of a net in the design = 1.800.
#Voltage range [0.000 - 1.800] has 16309 nets.
#Voltage range [1.800 - 1.800] has 1 net.
#Voltage range [0.000 - 0.000] has 1 net.
#Minimum voltage of a net in the design = 0.000.
#Maximum voltage of a net in the design = 1.800.
#Voltage range [0.000 - 1.800] has 16309 nets.
#Voltage range [1.800 - 1.800] has 1 net.
#Voltage range [0.000 - 0.000] has 1 net.
#
#Start Detail Routing..
#start initial detail routing ...
# ECO: 82.61% of the total area was rechecked for DRC, and 0.00% required routing.
#   number of violations = 24
#
#    By Layer and Type :
#	         MetSpc    Short   Totals
#	MET1          2        0        2
#	MET2          3        1        4
#	MET3          0       18       18
#	Totals        5       19       24
#25196 out of 39469 instances (63.8%) need to be verified(marked ipoed), dirty area = 59.8%.
#17.73% of the total area is being checked for drcs
#17.7% of the total area was checked
#   number of violations = 24
#
#    By Layer and Type :
#	         MetSpc    Short   Totals
#	MET1          2        0        2
#	MET2          3        1        4
#	MET3          0       18       18
#	Totals        5       19       24
#cpu time = 00:00:20, elapsed time = 00:00:20, memory = 2500.18 (MB), peak = 2706.89 (MB)
#start 1st optimization iteration ...
#   number of violations = 24
#
#    By Layer and Type :
#	         MetSpc    Short   Totals
#	MET1          2        0        2
#	MET2          3        1        4
#	MET3          0       18       18
#	Totals        5       19       24
#    number of process antenna violations = 232
#cpu time = 00:00:01, elapsed time = 00:00:01, memory = 2500.35 (MB), peak = 2706.89 (MB)
#start 2nd optimization iteration ...
#   number of violations = 24
#
#    By Layer and Type :
#	         MetSpc    Short   Totals
#	MET1          2        0        2
#	MET2          3        1        4
#	MET3          0       18       18
#	Totals        5       19       24
#    number of process antenna violations = 232
#cpu time = 00:00:00, elapsed time = 00:00:00, memory = 2500.35 (MB), peak = 2706.89 (MB)
#start 3rd optimization iteration ...
#   number of violations = 24
#
#    By Layer and Type :
#	         MetSpc    Short   Totals
#	MET1          2        0        2
#	MET2          3        1        4
#	MET3          0       18       18
#	Totals        5       19       24
#    number of process antenna violations = 232
#cpu time = 00:00:00, elapsed time = 00:00:00, memory = 2500.35 (MB), peak = 2706.89 (MB)
#Complete Detail Routing.
#Total number of nets with non-default rule or having extra spacing = 70
#Total wire length = 817478 um.
#Total half perimeter of net bounding box = 613467 um.
#Total wire length on LAYER MET1 = 68678 um.
#Total wire length on LAYER MET2 = 392538 um.
#Total wire length on LAYER MET3 = 356151 um.
#Total wire length on LAYER METTP = 111 um.
#Total number of vias = 92943
#Total number of multi-cut vias = 86206 ( 92.8%)
#Total number of single cut vias = 6737 (  7.2%)
#Up-Via Summary (total 92943):
#                   single-cut          multi-cut      Total
#-----------------------------------------------------------
# MET1            5330 (  9.9%)     48618 ( 90.1%)      53948
# MET2            1367 (  3.5%)     37577 ( 96.5%)      38944
# MET3              40 ( 78.4%)        11 ( 21.6%)         51
#-----------------------------------------------------------
#                 6737 (  7.2%)     86206 ( 92.8%)      92943 
#
#Total number of DRC violations = 24
#Total number of violations on LAYER MET1 = 2
#Total number of violations on LAYER MET2 = 4
#Total number of violations on LAYER MET3 = 18
#Total number of violations on LAYER METTP = 0
#Cpu time = 00:00:21
#Elapsed time = 00:00:22
#Increased memory = 1.53 (MB)
#Total memory = 2500.41 (MB)
#Peak memory = 2706.89 (MB)
#detailRoute Statistics:
#Cpu time = 00:00:22
#Elapsed time = 00:00:22
#Increased memory = 1.53 (MB)
#Total memory = 2500.41 (MB)
#Peak memory = 2706.89 (MB)
#Skip updating routing design signature in db-snapshot flow
#
#globalDetailRoute statistics:
#Cpu time = 00:00:27
#Elapsed time = 00:00:27
#Increased memory = -2.77 (MB)
#Total memory = 2492.51 (MB)
#Peak memory = 2706.89 (MB)
#Number of warnings = 2
#Total number of warnings = 4
#Number of fails = 0
#Total number of fails = 0
#Complete globalDetailRoute on Mon Aug 24 14:56:20 2026
#
