# MPTDC Signal Top Route Blockage Status
SIGNAL_TOP_ROUTE_BLOCKAGE_ENABLED=1
SIGNAL_TOP_ROUTE_BLOCKAGE_TEMPORARY=1
SIGNAL_TOP_ROUTE_BLOCKAGE_LAYER=METTP
SIGNAL_TOP_ROUTE_BLOCKAGE_SCOPE=core
SIGNAL_TOP_ROUTE_BLOCKAGE_NAME=MPTDC_SIGNAL_TOP_ROUTE_BLK_METTP
SIGNAL_TOP_ROUTE_BLOCKAGE_REASON=keep_regular_signal_routes_off_reserved_top_pg_layer
SIGNAL_TOP_ROUTE_BLOCKAGE_BOX=20.16 20.16 1148.56 862.4
SIGNAL_TOP_ROUTE_BLOCKAGE_COMMAND=createRouteBlk -name MPTDC_SIGNAL_TOP_ROUTE_BLK_METTP -box 20.16 20.16 1148.56 862.4 -layer METTP
SIGNAL_TOP_ROUTE_BLOCKAGE_CREATE_STATUS=PASS
SIGNAL_TOP_ROUTE_BLOCKAGE_CREATE_COMMAND=createRouteBlk -name MPTDC_SIGNAL_TOP_ROUTE_BLK_METTP -box 20.16 20.16 1148.56 862.4 -layer METTP
SIGNAL_TOP_ROUTE_BLOCKAGE_REMOVE_REQUIRED=1
SIGNAL_TOP_ROUTE_BLOCKAGE_STATUS=ACTIVE_FOR_ROUTE
SIGNAL_TOP_ROUTE_BLOCKAGE_QUERY_BEFORE_STATUS=PASS
SIGNAL_TOP_ROUTE_BLOCKAGE_QUERY_BEFORE_COMMAND=dbGet -e top.fPlan.rBlkgs.name MPTDC_SIGNAL_TOP_ROUTE_BLK_METTP -p
SIGNAL_TOP_ROUTE_BLOCKAGE_QUERY_BEFORE_COUNT=1
SIGNAL_TOP_ROUTE_BLOCKAGE_REMOVE_COMMAND=deleteRouteBlk -name MPTDC_SIGNAL_TOP_ROUTE_BLK_METTP
SIGNAL_TOP_ROUTE_BLOCKAGE_REMOVE_USED=deleteRouteBlk -name MPTDC_SIGNAL_TOP_ROUTE_BLK_METTP
SIGNAL_TOP_ROUTE_BLOCKAGE_QUERY_AFTER_STATUS=PASS
SIGNAL_TOP_ROUTE_BLOCKAGE_QUERY_AFTER_COMMAND=dbGet -e top.fPlan.rBlkgs.name MPTDC_SIGNAL_TOP_ROUTE_BLK_METTP -p
SIGNAL_TOP_ROUTE_BLOCKAGE_QUERY_AFTER_COUNT=0
SIGNAL_TOP_ROUTE_BLOCKAGE_REMOVE_STATUS=PASS
SIGNAL_TOP_ROUTE_BLOCKAGE_STATUS=REMOVED
