*** timeDesign #3 [begin] : totSession cpu/real = 0:10:28.4/0:11:50.4 (0.9), mem = 2792.9M
Start to check current routing status for nets...
All nets are already routed correctly.
End to check current routing status for nets (mem=2752.9M)

------------------------------------------------------------------
          timeDesign Summary
------------------------------------------------------------------

Setup views included:
 TC_NOMINAL 

+--------------------+---------+---------+---------+
|     Setup mode     |   all   | reg2reg | default |
+--------------------+---------+---------+---------+
|           WNS (ns):| -0.001  | -0.001  |  0.869  |
|           TNS (ns):| -0.001  | -0.001  |  0.000  |
|    Violating Paths:|    1    |    1    |    0    |
|          All Paths:|  4886   |  4862   |  2192   |
+--------------------+---------+---------+---------+

+----------------+-------------------------------+------------------+
|                |              Real             |       Total      |
|    DRVs        +------------------+------------+------------------|
|                |  Nr nets(terms)  | Worst Vio  |  Nr nets(terms)  |
+----------------+------------------+------------+------------------+
|   max_cap      |      0 (0)       |   0.000    |      0 (0)       |
|   max_tran     |      0 (0)       |   0.000    |      0 (0)       |
|   max_fanout   |      0 (0)       |     0      |      0 (0)       |
|   max_length   |      0 (0)       |     0      |      0 (0)       |
+----------------+------------------+------------+------------------+

Density: 43.362%
Routing Overflow: 0.61% H and 0.07% V
------------------------------------------------------------------
Reported timing to dir ./timingReports
Total CPU time: 1.75 sec
Total Real time: 3.0 sec
Total Memory Usage: 2753.085938 Mbytes
