*** timeDesign #2 [begin] : totSession cpu/real = 0:04:17.2/0:04:44.9 (0.9), mem = 2553.1M
Start to check current routing status for nets...
All nets are already routed correctly.
End to check current routing status for nets (mem=2553.1M)

------------------------------------------------------------------
          timeDesign Summary
------------------------------------------------------------------

Setup views included:
 TC_NOMINAL 

+--------------------+---------+---------+---------+
|     Setup mode     |   all   | reg2reg | default |
+--------------------+---------+---------+---------+
|           WNS (ns):| -0.273  | -0.273  |  0.271  |
|           TNS (ns):| -18.922 | -18.922 |  0.000  |
|    Violating Paths:|   104   |   104   |    0    |
|          All Paths:|  4886   |  4862   |  2192   |
+--------------------+---------+---------+---------+

+----------------+-------------------------------+------------------+
|                |              Real             |       Total      |
|    DRVs        +------------------+------------+------------------|
|                |  Nr nets(terms)  | Worst Vio  |  Nr nets(terms)  |
+----------------+------------------+------------+------------------+
|   max_cap      |      0 (0)       |   0.000    |      0 (0)       |
|   max_tran     |      0 (0)       |   0.000    |      0 (0)       |
|   max_fanout   |      0 (0)       |     0      |      0 (0)       |
|   max_length   |      0 (0)       |     0      |      0 (0)       |
+----------------+------------------+------------+------------------+

Density: 42.947%
Routing Overflow: 0.33% H and 0.04% V
------------------------------------------------------------------
Reported timing to dir ./timingReports
Total CPU time: 1.67 sec
Total Real time: 3.0 sec
Total Memory Usage: 2553.273438 Mbytes
