============================================================
  Generated by:           Genus(TM) Synthesis Solution 22.13-s093_1
  Generated on:           May 27 2026  11:03:43 am
  Module:                 mptdc_top_asic
  Operating conditions:   slow_1_62V_125C 
  Interconnect mode:      global
  Area mode:              physical library
============================================================


Path 1: VIOLATED (-5316 ps) Setup Check with Pin u_core/u_meas_ctrl/hit_count_q_reg[3]/clk->d
           View: wc_view
          Group: clk_sys
     Startpoint: (R) u_core/u_meas_ctrl/row_cnt_q_reg[7][1]/clk
          Clock: (R) clk_sys
       Endpoint: (R) u_core/u_meas_ctrl/hit_count_q_reg[3]/d
          Clock: (R) clk_sys

                     Capture       Launch     
        Clock Edge:+    6250            0     
       Src Latency:+       0            0     
       Net Latency:+       0 (I)        0 (I) 
           Arrival:=    6250            0     
                                              
             Setup:-    1315                  
       Uncertainty:-     300                  
     Required Time:=    4635                  
      Launch Clock:-       0                  
         Data Path:-    9952                  
             Slack:=   -5316                  

#----------------------------------------------------------------------------------------------------------------------------------------
#                     Timing Point                       Flags     Arc    Edge      Cell        Fanout Load Trans Delay Arrival Instance 
#                                                                                                      (fF)  (ps)  (ps)   (ps)  Location 
#----------------------------------------------------------------------------------------------------------------------------------------
  u_core/u_meas_ctrl/row_cnt_q_reg[7][1]/clk             -       -        R     (arrival)         5423    -   150     0       0    (-,-) 
  u_core/u_meas_ctrl/row_cnt_q_reg[7][1]/q               (u)     clk->q   R     unmapped_d_flop      2 22.0     0  1280    1280    (-,-) 
  u_core/u_meas_ctrl/add_92_45/g6/z                      (u)     in_1->z  F     unmapped_nor2        1 11.1     0   229    1509    (-,-) 
  u_core/u_meas_ctrl/add_92_45/g12/z                     (u)     in_0->z  R     unmapped_not         2 22.0     0   193    1702    (-,-) 
  u_core/u_meas_ctrl/add_92_45/g13/z                     (u)     in_1->z  F     unmapped_nand2       1 11.1     0   229    1931    (-,-) 
  u_core/u_meas_ctrl/add_92_45/g14/z                     (u)     in_1->z  R     unmapped_nand2       3 33.0     0   323    2254    (-,-) 
  u_core/u_meas_ctrl/add_92_45/g20/z                     (u)     in_0->z  F     unmapped_nand2       1 11.1     0   229    2483    (-,-) 
  u_core/u_meas_ctrl/add_92_45/g21/z                     (u)     in_1->z  R     unmapped_nand2       1 11.0     0   229    2712    (-,-) 
  u_core/u_meas_ctrl/add_92_45/g30/z                     (u)     in_0->z  F     unmapped_xnor2       2 22.2     0   542    3254    (-,-) 
  u_core/u_meas_ctrl/add_95_49/g10/z                     (u)     in_1->z  R     unmapped_nor2        3 33.0     0   323    3576    (-,-) 
  u_core/u_meas_ctrl/add_95_49/g33/z                     (u)     in_0->z  F     unmapped_not         1 11.1     0   147    3723    (-,-) 
  u_core/u_meas_ctrl/add_95_49/g34/z                     (u)     in_0->z  R     unmapped_nand2       1 11.0     0   229    3952    (-,-) 
  u_core/u_meas_ctrl/add_95_49/g35/z                     (u)     in_1->z  R     unmapped_xnor2       2 22.0     0   542    4495    (-,-) 
  u_core/u_meas_ctrl/add_96_49/g10/z                     (u)     in_1->z  F     unmapped_nor2        3 33.3     0   323    4817    (-,-) 
  u_core/u_meas_ctrl/add_96_49/g22/z                     (u)     in_1->z  R     unmapped_nor2        1 11.0     0   229    5046    (-,-) 
  u_core/u_meas_ctrl/add_96_49/g30/z                     (u)     in_0->z  F     unmapped_nand2       1 11.1     0   229    5276    (-,-) 
  u_core/u_meas_ctrl/add_96_49/g31/z                     (u)     in_1->z  R     unmapped_nand2       3 33.0     0   323    5598    (-,-) 
  u_core/u_meas_ctrl/add_96_49/g33/z                     (u)     in_0->z  F     unmapped_nand2       1 11.1     0   229    5827    (-,-) 
  u_core/u_meas_ctrl/add_96_49/g34/z                     (u)     in_1->z  R     unmapped_nand2       1 11.0     0   229    6056    (-,-) 
  u_core/u_meas_ctrl/add_96_49/g48/z                     (u)     in_0->z  R     unmapped_xnor2       3 33.0     0   590    6646    (-,-) 
  u_core/u_meas_ctrl/gt_105_33/g3/z                      (u)     in_0->z  F     unmapped_not         2 22.2     0   193    6839    (-,-) 
  u_core/u_meas_ctrl/gt_105_33/g22/z                     (u)     in_1->z  R     unmapped_nor2        2 22.0     0   275    7114    (-,-) 
  u_core/u_meas_ctrl/gt_105_33/g36/z                     (u)     in_1->z  F     unmapped_nor2        1 11.1     0   229    7343    (-,-) 
  u_core/u_meas_ctrl/gt_105_33/g46/z                     (u)     in_0->z  R     unmapped_nand2       1 11.0     0   229    7572    (-,-) 
  u_core/u_meas_ctrl/gt_105_33/g52/z                     (u)     in_0->z  F     unmapped_not         1 11.1     0   147    7719    (-,-) 
  u_core/u_meas_ctrl/gt_105_33/g53/z                     (u)     in_1->z  R     unmapped_nand2       1 11.0     0   229    7948    (-,-) 
  u_core/u_meas_ctrl/gt_105_33/g54/z                     (u)     in_1->z  F     unmapped_nand2       1 11.1     0   229    8177    (-,-) 
  u_core/u_meas_ctrl/gt_105_33/g9/z                      (u)     in_0->z  R     unmapped_not         4 44.0     0   286    8463    (-,-) 
  u_core/u_meas_ctrl/mux_eval_hit_count_comb_105_33/g1/z (u)     sel0->z  R     unmapped_bmux2       1 11.0     0   496    8959    (-,-) 
  u_core/u_meas_ctrl/mux_eval_hit_count_comb_103_28/g1/z (u)     data0->z R     unmapped_bmux2       1 11.0     0   496    9455    (-,-) 
  u_core/u_meas_ctrl/mux_hit_count_q_146_19/g1/z         (u)     data0->z R     unmapped_bmux2       1 11.0     0   496    9952    (-,-) 
  u_core/u_meas_ctrl/hit_count_q_reg[3]/d                -       -        R     unmapped_d_flop      1    -     -     0    9952    (-,-) 
#----------------------------------------------------------------------------------------------------------------------------------------

(u) : Net has unmapped pin(s).



Path 2: VIOLATED (-5316 ps) Setup Check with Pin u_core/u_meas_ctrl/hit_count_q_reg[2]/clk->d
           View: wc_view
          Group: clk_sys
     Startpoint: (R) u_core/u_meas_ctrl/row_cnt_q_reg[7][1]/clk
          Clock: (R) clk_sys
       Endpoint: (R) u_core/u_meas_ctrl/hit_count_q_reg[2]/d
          Clock: (R) clk_sys

                     Capture       Launch     
        Clock Edge:+    6250            0     
       Src Latency:+       0            0     
       Net Latency:+       0 (I)        0 (I) 
           Arrival:=    6250            0     
                                              
             Setup:-    1315                  
       Uncertainty:-     300                  
     Required Time:=    4635                  
      Launch Clock:-       0                  
         Data Path:-    9952                  
             Slack:=   -5316                  

#----------------------------------------------------------------------------------------------------------------------------------------
#                     Timing Point                       Flags     Arc    Edge      Cell        Fanout Load Trans Delay Arrival Instance 
#                                                                                                      (fF)  (ps)  (ps)   (ps)  Location 
#----------------------------------------------------------------------------------------------------------------------------------------
  u_core/u_meas_ctrl/row_cnt_q_reg[7][1]/clk             -       -        R     (arrival)         5423    -   150     0       0    (-,-) 
  u_core/u_meas_ctrl/row_cnt_q_reg[7][1]/q               (u)     clk->q   R     unmapped_d_flop      2 22.0     0  1280    1280    (-,-) 
  u_core/u_meas_ctrl/add_92_45/g6/z                      (u)     in_1->z  F     unmapped_nor2        1 11.1     0   229    1509    (-,-) 
  u_core/u_meas_ctrl/add_92_45/g12/z                     (u)     in_0->z  R     unmapped_not         2 22.0     0   193    1702    (-,-) 
  u_core/u_meas_ctrl/add_92_45/g13/z                     (u)     in_1->z  F     unmapped_nand2       1 11.1     0   229    1931    (-,-) 
  u_core/u_meas_ctrl/add_92_45/g14/z                     (u)     in_1->z  R     unmapped_nand2       3 33.0     0   323    2254    (-,-) 
  u_core/u_meas_ctrl/add_92_45/g20/z                     (u)     in_0->z  F     unmapped_nand2       1 11.1     0   229    2483    (-,-) 
  u_core/u_meas_ctrl/add_92_45/g21/z                     (u)     in_1->z  R     unmapped_nand2       1 11.0     0   229    2712    (-,-) 
  u_core/u_meas_ctrl/add_92_45/g30/z                     (u)     in_0->z  F     unmapped_xnor2       2 22.2     0   542    3254    (-,-) 
  u_core/u_meas_ctrl/add_95_49/g10/z                     (u)     in_1->z  R     unmapped_nor2        3 33.0     0   323    3576    (-,-) 
  u_core/u_meas_ctrl/add_95_49/g33/z                     (u)     in_0->z  F     unmapped_not         1 11.1     0   147    3723    (-,-) 
  u_core/u_meas_ctrl/add_95_49/g34/z                     (u)     in_0->z  R     unmapped_nand2       1 11.0     0   229    3952    (-,-) 
  u_core/u_meas_ctrl/add_95_49/g35/z                     (u)     in_1->z  R     unmapped_xnor2       2 22.0     0   542    4495    (-,-) 
  u_core/u_meas_ctrl/add_96_49/g10/z                     (u)     in_1->z  F     unmapped_nor2        3 33.3     0   323    4817    (-,-) 
  u_core/u_meas_ctrl/add_96_49/g22/z                     (u)     in_1->z  R     unmapped_nor2        1 11.0     0   229    5046    (-,-) 
  u_core/u_meas_ctrl/add_96_49/g30/z                     (u)     in_0->z  F     unmapped_nand2       1 11.1     0   229    5276    (-,-) 
  u_core/u_meas_ctrl/add_96_49/g31/z                     (u)     in_1->z  R     unmapped_nand2       3 33.0     0   323    5598    (-,-) 
  u_core/u_meas_ctrl/add_96_49/g33/z                     (u)     in_0->z  F     unmapped_nand2       1 11.1     0   229    5827    (-,-) 
  u_core/u_meas_ctrl/add_96_49/g34/z                     (u)     in_1->z  R     unmapped_nand2       1 11.0     0   229    6056    (-,-) 
  u_core/u_meas_ctrl/add_96_49/g48/z                     (u)     in_0->z  R     unmapped_xnor2       3 33.0     0   590    6646    (-,-) 
  u_core/u_meas_ctrl/gt_105_33/g3/z                      (u)     in_0->z  F     unmapped_not         2 22.2     0   193    6839    (-,-) 
  u_core/u_meas_ctrl/gt_105_33/g22/z                     (u)     in_1->z  R     unmapped_nor2        2 22.0     0   275    7114    (-,-) 
  u_core/u_meas_ctrl/gt_105_33/g36/z                     (u)     in_1->z  F     unmapped_nor2        1 11.1     0   229    7343    (-,-) 
  u_core/u_meas_ctrl/gt_105_33/g46/z                     (u)     in_0->z  R     unmapped_nand2       1 11.0     0   229    7572    (-,-) 
  u_core/u_meas_ctrl/gt_105_33/g52/z                     (u)     in_0->z  F     unmapped_not         1 11.1     0   147    7719    (-,-) 
  u_core/u_meas_ctrl/gt_105_33/g53/z                     (u)     in_1->z  R     unmapped_nand2       1 11.0     0   229    7948    (-,-) 
  u_core/u_meas_ctrl/gt_105_33/g54/z                     (u)     in_1->z  F     unmapped_nand2       1 11.1     0   229    8177    (-,-) 
  u_core/u_meas_ctrl/gt_105_33/g9/z                      (u)     in_0->z  R     unmapped_not         4 44.0     0   286    8463    (-,-) 
  u_core/u_meas_ctrl/mux_eval_hit_count_comb_105_33/g2/z (u)     sel0->z  R     unmapped_bmux2       1 11.0     0   496    8959    (-,-) 
  u_core/u_meas_ctrl/mux_eval_hit_count_comb_103_28/g2/z (u)     data0->z R     unmapped_bmux2       1 11.0     0   496    9455    (-,-) 
  u_core/u_meas_ctrl/mux_hit_count_q_146_19/g2/z         (u)     data0->z R     unmapped_bmux2       1 11.0     0   496    9952    (-,-) 
  u_core/u_meas_ctrl/hit_count_q_reg[2]/d                -       -        R     unmapped_d_flop      1    -     -     0    9952    (-,-) 
#----------------------------------------------------------------------------------------------------------------------------------------

(u) : Net has unmapped pin(s).



Path 3: VIOLATED (-5316 ps) Setup Check with Pin u_core/u_meas_ctrl/hit_count_q_reg[1]/clk->d
           View: wc_view
          Group: clk_sys
     Startpoint: (R) u_core/u_meas_ctrl/row_cnt_q_reg[7][1]/clk
          Clock: (R) clk_sys
       Endpoint: (R) u_core/u_meas_ctrl/hit_count_q_reg[1]/d
          Clock: (R) clk_sys

                     Capture       Launch     
        Clock Edge:+    6250            0     
       Src Latency:+       0            0     
       Net Latency:+       0 (I)        0 (I) 
           Arrival:=    6250            0     
                                              
             Setup:-    1315                  
       Uncertainty:-     300                  
     Required Time:=    4635                  
      Launch Clock:-       0                  
         Data Path:-    9952                  
             Slack:=   -5316                  

#----------------------------------------------------------------------------------------------------------------------------------------
#                     Timing Point                       Flags     Arc    Edge      Cell        Fanout Load Trans Delay Arrival Instance 
#                                                                                                      (fF)  (ps)  (ps)   (ps)  Location 
#----------------------------------------------------------------------------------------------------------------------------------------
  u_core/u_meas_ctrl/row_cnt_q_reg[7][1]/clk             -       -        R     (arrival)         5423    -   150     0       0    (-,-) 
  u_core/u_meas_ctrl/row_cnt_q_reg[7][1]/q               (u)     clk->q   R     unmapped_d_flop      2 22.0     0  1280    1280    (-,-) 
  u_core/u_meas_ctrl/add_92_45/g6/z                      (u)     in_1->z  F     unmapped_nor2        1 11.1     0   229    1509    (-,-) 
  u_core/u_meas_ctrl/add_92_45/g12/z                     (u)     in_0->z  R     unmapped_not         2 22.0     0   193    1702    (-,-) 
  u_core/u_meas_ctrl/add_92_45/g13/z                     (u)     in_1->z  F     unmapped_nand2       1 11.1     0   229    1931    (-,-) 
  u_core/u_meas_ctrl/add_92_45/g14/z                     (u)     in_1->z  R     unmapped_nand2       3 33.0     0   323    2254    (-,-) 
  u_core/u_meas_ctrl/add_92_45/g20/z                     (u)     in_0->z  F     unmapped_nand2       1 11.1     0   229    2483    (-,-) 
  u_core/u_meas_ctrl/add_92_45/g21/z                     (u)     in_1->z  R     unmapped_nand2       1 11.0     0   229    2712    (-,-) 
  u_core/u_meas_ctrl/add_92_45/g30/z                     (u)     in_0->z  F     unmapped_xnor2       2 22.2     0   542    3254    (-,-) 
  u_core/u_meas_ctrl/add_95_49/g10/z                     (u)     in_1->z  R     unmapped_nor2        3 33.0     0   323    3576    (-,-) 
  u_core/u_meas_ctrl/add_95_49/g33/z                     (u)     in_0->z  F     unmapped_not         1 11.1     0   147    3723    (-,-) 
  u_core/u_meas_ctrl/add_95_49/g34/z                     (u)     in_0->z  R     unmapped_nand2       1 11.0     0   229    3952    (-,-) 
  u_core/u_meas_ctrl/add_95_49/g35/z                     (u)     in_1->z  R     unmapped_xnor2       2 22.0     0   542    4495    (-,-) 
  u_core/u_meas_ctrl/add_96_49/g10/z                     (u)     in_1->z  F     unmapped_nor2        3 33.3     0   323    4817    (-,-) 
  u_core/u_meas_ctrl/add_96_49/g22/z                     (u)     in_1->z  R     unmapped_nor2        1 11.0     0   229    5046    (-,-) 
  u_core/u_meas_ctrl/add_96_49/g30/z                     (u)     in_0->z  F     unmapped_nand2       1 11.1     0   229    5276    (-,-) 
  u_core/u_meas_ctrl/add_96_49/g31/z                     (u)     in_1->z  R     unmapped_nand2       3 33.0     0   323    5598    (-,-) 
  u_core/u_meas_ctrl/add_96_49/g33/z                     (u)     in_0->z  F     unmapped_nand2       1 11.1     0   229    5827    (-,-) 
  u_core/u_meas_ctrl/add_96_49/g34/z                     (u)     in_1->z  R     unmapped_nand2       1 11.0     0   229    6056    (-,-) 
  u_core/u_meas_ctrl/add_96_49/g48/z                     (u)     in_0->z  R     unmapped_xnor2       3 33.0     0   590    6646    (-,-) 
  u_core/u_meas_ctrl/gt_105_33/g3/z                      (u)     in_0->z  F     unmapped_not         2 22.2     0   193    6839    (-,-) 
  u_core/u_meas_ctrl/gt_105_33/g22/z                     (u)     in_1->z  R     unmapped_nor2        2 22.0     0   275    7114    (-,-) 
  u_core/u_meas_ctrl/gt_105_33/g36/z                     (u)     in_1->z  F     unmapped_nor2        1 11.1     0   229    7343    (-,-) 
  u_core/u_meas_ctrl/gt_105_33/g46/z                     (u)     in_0->z  R     unmapped_nand2       1 11.0     0   229    7572    (-,-) 
  u_core/u_meas_ctrl/gt_105_33/g52/z                     (u)     in_0->z  F     unmapped_not         1 11.1     0   147    7719    (-,-) 
  u_core/u_meas_ctrl/gt_105_33/g53/z                     (u)     in_1->z  R     unmapped_nand2       1 11.0     0   229    7948    (-,-) 
  u_core/u_meas_ctrl/gt_105_33/g54/z                     (u)     in_1->z  F     unmapped_nand2       1 11.1     0   229    8177    (-,-) 
  u_core/u_meas_ctrl/gt_105_33/g9/z                      (u)     in_0->z  R     unmapped_not         4 44.0     0   286    8463    (-,-) 
  u_core/u_meas_ctrl/mux_eval_hit_count_comb_105_33/g3/z (u)     sel0->z  R     unmapped_bmux2       1 11.0     0   496    8959    (-,-) 
  u_core/u_meas_ctrl/mux_eval_hit_count_comb_103_28/g3/z (u)     data0->z R     unmapped_bmux2       1 11.0     0   496    9455    (-,-) 
  u_core/u_meas_ctrl/mux_hit_count_q_146_19/g3/z         (u)     data0->z R     unmapped_bmux2       1 11.0     0   496    9952    (-,-) 
  u_core/u_meas_ctrl/hit_count_q_reg[1]/d                -       -        R     unmapped_d_flop      1    -     -     0    9952    (-,-) 
#----------------------------------------------------------------------------------------------------------------------------------------

(u) : Net has unmapped pin(s).



Path 4: VIOLATED (-5316 ps) Setup Check with Pin u_core/u_meas_ctrl/hit_count_q_reg[0]/clk->d
           View: wc_view
          Group: clk_sys
     Startpoint: (R) u_core/u_meas_ctrl/row_cnt_q_reg[7][1]/clk
          Clock: (R) clk_sys
       Endpoint: (R) u_core/u_meas_ctrl/hit_count_q_reg[0]/d
          Clock: (R) clk_sys

                     Capture       Launch     
        Clock Edge:+    6250            0     
       Src Latency:+       0            0     
       Net Latency:+       0 (I)        0 (I) 
           Arrival:=    6250            0     
                                              
             Setup:-    1315                  
       Uncertainty:-     300                  
     Required Time:=    4635                  
      Launch Clock:-       0                  
         Data Path:-    9952                  
             Slack:=   -5316                  

#----------------------------------------------------------------------------------------------------------------------------------------
#                     Timing Point                       Flags     Arc    Edge      Cell        Fanout Load Trans Delay Arrival Instance 
#                                                                                                      (fF)  (ps)  (ps)   (ps)  Location 
#----------------------------------------------------------------------------------------------------------------------------------------
  u_core/u_meas_ctrl/row_cnt_q_reg[7][1]/clk             -       -        R     (arrival)         5423    -   150     0       0    (-,-) 
  u_core/u_meas_ctrl/row_cnt_q_reg[7][1]/q               (u)     clk->q   R     unmapped_d_flop      2 22.0     0  1280    1280    (-,-) 
  u_core/u_meas_ctrl/add_92_45/g6/z                      (u)     in_1->z  F     unmapped_nor2        1 11.1     0   229    1509    (-,-) 
  u_core/u_meas_ctrl/add_92_45/g12/z                     (u)     in_0->z  R     unmapped_not         2 22.0     0   193    1702    (-,-) 
  u_core/u_meas_ctrl/add_92_45/g13/z                     (u)     in_1->z  F     unmapped_nand2       1 11.1     0   229    1931    (-,-) 
  u_core/u_meas_ctrl/add_92_45/g14/z                     (u)     in_1->z  R     unmapped_nand2       3 33.0     0   323    2254    (-,-) 
  u_core/u_meas_ctrl/add_92_45/g20/z                     (u)     in_0->z  F     unmapped_nand2       1 11.1     0   229    2483    (-,-) 
  u_core/u_meas_ctrl/add_92_45/g21/z                     (u)     in_1->z  R     unmapped_nand2       1 11.0     0   229    2712    (-,-) 
  u_core/u_meas_ctrl/add_92_45/g30/z                     (u)     in_0->z  F     unmapped_xnor2       2 22.2     0   542    3254    (-,-) 
  u_core/u_meas_ctrl/add_95_49/g10/z                     (u)     in_1->z  R     unmapped_nor2        3 33.0     0   323    3576    (-,-) 
  u_core/u_meas_ctrl/add_95_49/g33/z                     (u)     in_0->z  F     unmapped_not         1 11.1     0   147    3723    (-,-) 
  u_core/u_meas_ctrl/add_95_49/g34/z                     (u)     in_0->z  R     unmapped_nand2       1 11.0     0   229    3952    (-,-) 
  u_core/u_meas_ctrl/add_95_49/g35/z                     (u)     in_1->z  R     unmapped_xnor2       2 22.0     0   542    4495    (-,-) 
  u_core/u_meas_ctrl/add_96_49/g10/z                     (u)     in_1->z  F     unmapped_nor2        3 33.3     0   323    4817    (-,-) 
  u_core/u_meas_ctrl/add_96_49/g22/z                     (u)     in_1->z  R     unmapped_nor2        1 11.0     0   229    5046    (-,-) 
  u_core/u_meas_ctrl/add_96_49/g30/z                     (u)     in_0->z  F     unmapped_nand2       1 11.1     0   229    5276    (-,-) 
  u_core/u_meas_ctrl/add_96_49/g31/z                     (u)     in_1->z  R     unmapped_nand2       3 33.0     0   323    5598    (-,-) 
  u_core/u_meas_ctrl/add_96_49/g33/z                     (u)     in_0->z  F     unmapped_nand2       1 11.1     0   229    5827    (-,-) 
  u_core/u_meas_ctrl/add_96_49/g34/z                     (u)     in_1->z  R     unmapped_nand2       1 11.0     0   229    6056    (-,-) 
  u_core/u_meas_ctrl/add_96_49/g48/z                     (u)     in_0->z  R     unmapped_xnor2       3 33.0     0   590    6646    (-,-) 
  u_core/u_meas_ctrl/gt_105_33/g3/z                      (u)     in_0->z  F     unmapped_not         2 22.2     0   193    6839    (-,-) 
  u_core/u_meas_ctrl/gt_105_33/g22/z                     (u)     in_1->z  R     unmapped_nor2        2 22.0     0   275    7114    (-,-) 
  u_core/u_meas_ctrl/gt_105_33/g36/z                     (u)     in_1->z  F     unmapped_nor2        1 11.1     0   229    7343    (-,-) 
  u_core/u_meas_ctrl/gt_105_33/g46/z                     (u)     in_0->z  R     unmapped_nand2       1 11.0     0   229    7572    (-,-) 
  u_core/u_meas_ctrl/gt_105_33/g52/z                     (u)     in_0->z  F     unmapped_not         1 11.1     0   147    7719    (-,-) 
  u_core/u_meas_ctrl/gt_105_33/g53/z                     (u)     in_1->z  R     unmapped_nand2       1 11.0     0   229    7948    (-,-) 
  u_core/u_meas_ctrl/gt_105_33/g54/z                     (u)     in_1->z  F     unmapped_nand2       1 11.1     0   229    8177    (-,-) 
  u_core/u_meas_ctrl/gt_105_33/g9/z                      (u)     in_0->z  R     unmapped_not         4 44.0     0   286    8463    (-,-) 
  u_core/u_meas_ctrl/mux_eval_hit_count_comb_105_33/g4/z (u)     sel0->z  R     unmapped_bmux2       1 11.0     0   496    8959    (-,-) 
  u_core/u_meas_ctrl/mux_eval_hit_count_comb_103_28/g4/z (u)     data0->z R     unmapped_bmux2       1 11.0     0   496    9455    (-,-) 
  u_core/u_meas_ctrl/mux_hit_count_q_146_19/g4/z         (u)     data0->z R     unmapped_bmux2       1 11.0     0   496    9952    (-,-) 
  u_core/u_meas_ctrl/hit_count_q_reg[0]/d                -       -        R     unmapped_d_flop      1    -     -     0    9952    (-,-) 
#----------------------------------------------------------------------------------------------------------------------------------------

(u) : Net has unmapped pin(s).



Path 5: VIOLATED (-4878 ps) Setup Check with Pin u_core/u_slow_cnt/gray_src_cont_q_reg[5]/clk->d
           View: wc_view
          Group: clk_osc_slow
     Startpoint: (R) u_core/u_slow_cnt/bin_q_reg[0]/clk
          Clock: (R) clk_osc_slow
       Endpoint: (R) u_core/u_slow_cnt/gray_src_cont_q_reg[5]/d
          Clock: (R) clk_osc_slow

                     Capture       Launch     
        Clock Edge:+    1000            0     
       Src Latency:+       0            0     
       Net Latency:+       0 (I)        0 (I) 
           Arrival:=    1000            0     
                                              
             Setup:-     687                  
       Uncertainty:-      50                  
     Required Time:=     263                  
      Launch Clock:-       0                  
         Data Path:-    5141                  
             Slack:=   -4878                  

#----------------------------------------------------------------------------------------------------------------------------
#               Timing Point                 Flags     Arc    Edge      Cell        Fanout Load Trans Delay Arrival Instance 
#                                                                                          (fF)  (ps)  (ps)   (ps)  Location 
#----------------------------------------------------------------------------------------------------------------------------
  u_core/u_slow_cnt/bin_q_reg[0]/clk         -       -        R     (arrival)           26    -   150     0       0    (-,-) 
  u_core/u_slow_cnt/bin_q_reg[0]/q           (u)     clk->q   R     unmapped_d_flop      3 33.0     0  1327    1327    (-,-) 
  u_core/u_slow_cnt/add_91_24/g2/z           (u)     in_0->z  F     unmapped_nand2       1 11.1     0   229    1556    (-,-) 
  u_core/u_slow_cnt/add_91_24/g68/z          (u)     in_0->z  R     unmapped_not         2 22.0     0   193    1749    (-,-) 
  u_core/u_slow_cnt/add_91_24/g19/z          (u)     in_0->z  F     unmapped_nand2       1 11.1     0   229    1978    (-,-) 
  u_core/u_slow_cnt/add_91_24/g71/z          (u)     in_0->z  R     unmapped_not         3 33.0     0   240    2219    (-,-) 
  u_core/u_slow_cnt/add_91_24/g32/z          (u)     in_1->z  F     unmapped_nand2       1 11.1     0   229    2448    (-,-) 
  u_core/u_slow_cnt/add_91_24/g73/z          (u)     in_0->z  R     unmapped_not         3 33.0     0   240    2688    (-,-) 
  u_core/u_slow_cnt/add_91_24/g42/z          (u)     in_1->z  F     unmapped_nand2       1 11.1     0   229    2918    (-,-) 
  u_core/u_slow_cnt/add_91_24/g75/z          (u)     in_0->z  R     unmapped_not         1 11.0     0   147    3064    (-,-) 
  u_core/u_slow_cnt/add_91_24/g60/z          (u)     in_0->z  R     unmapped_xnor2       1 11.0     0   496    3561    (-,-) 
  u_core/u_slow_cnt/mux_bin_next_90_14/g1/z  (u)     data1->z R     unmapped_bmux2       2 22.0     0   542    4103    (-,-) 
  u_core/u_slow_cnt/mux_bin_next_88_17/g1/z  (u)     data0->z R     unmapped_bmux2       2 22.0     0   542    4645    (-,-) 
  u_core/u_slow_cnt/g37/z                    (u)     in_1->z  R     unmapped_xor2        1 11.0     0   496    5141    (-,-) 
  u_core/u_slow_cnt/gray_src_cont_q_reg[5]/d -       -        R     unmapped_d_flop      1    -     -     0    5141    (-,-) 
#----------------------------------------------------------------------------------------------------------------------------

(u) : Net has unmapped pin(s).



Path 6: VIOLATED (-4878 ps) Setup Check with Pin u_core/u_slow_cnt/gray_src_cont_q_reg[4]/clk->d
           View: wc_view
          Group: clk_osc_slow
     Startpoint: (R) u_core/u_slow_cnt/bin_q_reg[0]/clk
          Clock: (R) clk_osc_slow
       Endpoint: (R) u_core/u_slow_cnt/gray_src_cont_q_reg[4]/d
          Clock: (R) clk_osc_slow

                     Capture       Launch     
        Clock Edge:+    1000            0     
       Src Latency:+       0            0     
       Net Latency:+       0 (I)        0 (I) 
           Arrival:=    1000            0     
                                              
             Setup:-     687                  
       Uncertainty:-      50                  
     Required Time:=     263                  
      Launch Clock:-       0                  
         Data Path:-    5141                  
             Slack:=   -4878                  

#----------------------------------------------------------------------------------------------------------------------------
#               Timing Point                 Flags     Arc    Edge      Cell        Fanout Load Trans Delay Arrival Instance 
#                                                                                          (fF)  (ps)  (ps)   (ps)  Location 
#----------------------------------------------------------------------------------------------------------------------------
  u_core/u_slow_cnt/bin_q_reg[0]/clk         -       -        R     (arrival)           26    -   150     0       0    (-,-) 
  u_core/u_slow_cnt/bin_q_reg[0]/q           (u)     clk->q   R     unmapped_d_flop      3 33.0     0  1327    1327    (-,-) 
  u_core/u_slow_cnt/add_91_24/g2/z           (u)     in_0->z  F     unmapped_nand2       1 11.1     0   229    1556    (-,-) 
  u_core/u_slow_cnt/add_91_24/g68/z          (u)     in_0->z  R     unmapped_not         2 22.0     0   193    1749    (-,-) 
  u_core/u_slow_cnt/add_91_24/g19/z          (u)     in_0->z  F     unmapped_nand2       1 11.1     0   229    1978    (-,-) 
  u_core/u_slow_cnt/add_91_24/g71/z          (u)     in_0->z  R     unmapped_not         3 33.0     0   240    2219    (-,-) 
  u_core/u_slow_cnt/add_91_24/g32/z          (u)     in_1->z  F     unmapped_nand2       1 11.1     0   229    2448    (-,-) 
  u_core/u_slow_cnt/add_91_24/g73/z          (u)     in_0->z  R     unmapped_not         3 33.0     0   240    2688    (-,-) 
  u_core/u_slow_cnt/add_91_24/g40/z          (u)     in_0->z  F     unmapped_nand2       1 11.1     0   229    2918    (-,-) 
  u_core/u_slow_cnt/add_91_24/g74/z          (u)     in_0->z  R     unmapped_not         1 11.0     0   147    3064    (-,-) 
  u_core/u_slow_cnt/add_91_24/g58/z          (u)     in_0->z  R     unmapped_xnor2       1 11.0     0   496    3561    (-,-) 
  u_core/u_slow_cnt/mux_bin_next_90_14/g2/z  (u)     data1->z R     unmapped_bmux2       2 22.0     0   542    4103    (-,-) 
  u_core/u_slow_cnt/mux_bin_next_88_17/g2/z  (u)     data0->z R     unmapped_bmux2       2 22.0     0   542    4645    (-,-) 
  u_core/u_slow_cnt/g5/z                     (u)     in_1->z  R     unmapped_xor2        1 11.0     0   496    5141    (-,-) 
  u_core/u_slow_cnt/gray_src_cont_q_reg[4]/d -       -        R     unmapped_d_flop      1    -     -     0    5141    (-,-) 
#----------------------------------------------------------------------------------------------------------------------------

(u) : Net has unmapped pin(s).



Path 7: VIOLATED (-4581 ps) Setup Check with Pin u_core/u_fast_cnt/bin_q_reg[6]/clk->d
           View: wc_view
          Group: clk_osc_fast
     Startpoint: (R) u_core/u_fast_cnt/bin_q_reg[0]/clk
          Clock: (R) clk_osc_fast
       Endpoint: (R) u_core/u_fast_cnt/bin_q_reg[6]/d
          Clock: (R) clk_osc_fast

                     Capture       Launch     
        Clock Edge:+     900            0     
       Src Latency:+       0            0     
       Net Latency:+       0 (I)        0 (I) 
           Arrival:=     900            0     
                                              
             Setup:-     904                  
       Uncertainty:-      50                  
     Required Time:=     -54                  
      Launch Clock:-       0                  
         Data Path:-    4528                  
             Slack:=   -4581                  

#---------------------------------------------------------------------------------------------------------------------------
#               Timing Point                Flags     Arc    Edge      Cell        Fanout Load Trans Delay Arrival Instance 
#                                                                                         (fF)  (ps)  (ps)   (ps)  Location 
#---------------------------------------------------------------------------------------------------------------------------
  u_core/u_fast_cnt/bin_q_reg[0]/clk        -       -        R     (arrival)          195    -   150     0       0    (-,-) 
  u_core/u_fast_cnt/bin_q_reg[0]/q          (u)     clk->q   R     unmapped_d_flop     70 99.0     0  1798    1798    (-,-) 
  u_core/u_fast_cnt/add_91_24/g2/z          (u)     in_0->z  F     unmapped_nand2       1 11.1     0   229    2027    (-,-) 
  u_core/u_fast_cnt/add_91_24/g68/z         (u)     in_0->z  R     unmapped_not         2 22.0     0   193    2220    (-,-) 
  u_core/u_fast_cnt/add_91_24/g19/z         (u)     in_0->z  F     unmapped_nand2       1 11.1     0   229    2449    (-,-) 
  u_core/u_fast_cnt/add_91_24/g71/z         (u)     in_0->z  R     unmapped_not         3 33.0     0   240    2690    (-,-) 
  u_core/u_fast_cnt/add_91_24/g32/z         (u)     in_1->z  F     unmapped_nand2       1 11.1     0   229    2919    (-,-) 
  u_core/u_fast_cnt/add_91_24/g73/z         (u)     in_0->z  R     unmapped_not         3 33.0     0   240    3159    (-,-) 
  u_core/u_fast_cnt/add_91_24/g42/z         (u)     in_1->z  F     unmapped_nand2       1 11.1     0   229    3388    (-,-) 
  u_core/u_fast_cnt/add_91_24/g75/z         (u)     in_0->z  R     unmapped_not         1 11.0     0   147    3535    (-,-) 
  u_core/u_fast_cnt/add_91_24/g60/z         (u)     in_0->z  R     unmapped_xnor2       1 11.0     0   496    4031    (-,-) 
  u_core/u_fast_cnt/mux_bin_next_90_14/g1/z (u)     data1->z R     unmapped_bmux2       1 11.0     0   496    4528    (-,-) 
  u_core/u_fast_cnt/bin_q_reg[6]/d          -       -        R     unmapped_d_flop      1    -     -     0    4528    (-,-) 
#---------------------------------------------------------------------------------------------------------------------------

(u) : Net has unmapped pin(s).



Path 8: VIOLATED (-4581 ps) Setup Check with Pin u_core/u_fast_cnt/bin_q_reg[5]/clk->d
           View: wc_view
          Group: clk_osc_fast
     Startpoint: (R) u_core/u_fast_cnt/bin_q_reg[0]/clk
          Clock: (R) clk_osc_fast
       Endpoint: (R) u_core/u_fast_cnt/bin_q_reg[5]/d
          Clock: (R) clk_osc_fast

                     Capture       Launch     
        Clock Edge:+     900            0     
       Src Latency:+       0            0     
       Net Latency:+       0 (I)        0 (I) 
           Arrival:=     900            0     
                                              
             Setup:-     904                  
       Uncertainty:-      50                  
     Required Time:=     -54                  
      Launch Clock:-       0                  
         Data Path:-    4528                  
             Slack:=   -4581                  

#---------------------------------------------------------------------------------------------------------------------------
#               Timing Point                Flags     Arc    Edge      Cell        Fanout Load Trans Delay Arrival Instance 
#                                                                                         (fF)  (ps)  (ps)   (ps)  Location 
#---------------------------------------------------------------------------------------------------------------------------
  u_core/u_fast_cnt/bin_q_reg[0]/clk        -       -        R     (arrival)          195    -   150     0       0    (-,-) 
  u_core/u_fast_cnt/bin_q_reg[0]/q          (u)     clk->q   R     unmapped_d_flop     70 99.0     0  1798    1798    (-,-) 
  u_core/u_fast_cnt/add_91_24/g2/z          (u)     in_0->z  F     unmapped_nand2       1 11.1     0   229    2027    (-,-) 
  u_core/u_fast_cnt/add_91_24/g68/z         (u)     in_0->z  R     unmapped_not         2 22.0     0   193    2220    (-,-) 
  u_core/u_fast_cnt/add_91_24/g19/z         (u)     in_0->z  F     unmapped_nand2       1 11.1     0   229    2449    (-,-) 
  u_core/u_fast_cnt/add_91_24/g71/z         (u)     in_0->z  R     unmapped_not         3 33.0     0   240    2690    (-,-) 
  u_core/u_fast_cnt/add_91_24/g32/z         (u)     in_1->z  F     unmapped_nand2       1 11.1     0   229    2919    (-,-) 
  u_core/u_fast_cnt/add_91_24/g73/z         (u)     in_0->z  R     unmapped_not         3 33.0     0   240    3159    (-,-) 
  u_core/u_fast_cnt/add_91_24/g40/z         (u)     in_0->z  F     unmapped_nand2       1 11.1     0   229    3388    (-,-) 
  u_core/u_fast_cnt/add_91_24/g74/z         (u)     in_0->z  R     unmapped_not         1 11.0     0   147    3535    (-,-) 
  u_core/u_fast_cnt/add_91_24/g58/z         (u)     in_0->z  R     unmapped_xnor2       1 11.0     0   496    4031    (-,-) 
  u_core/u_fast_cnt/mux_bin_next_90_14/g2/z (u)     data1->z R     unmapped_bmux2       1 11.0     0   496    4528    (-,-) 
  u_core/u_fast_cnt/bin_q_reg[5]/d          -       -        R     unmapped_d_flop      1    -     -     0    4528    (-,-) 
#---------------------------------------------------------------------------------------------------------------------------

(u) : Net has unmapped pin(s).



Path 9: VIOLATED (-4502 ps) Setup Check with Pin u_core/u_slow_cnt/gray_src_cont_q_reg[3]/clk->d
           View: wc_view
          Group: clk_osc_slow
     Startpoint: (R) u_core/u_slow_cnt/bin_q_reg[0]/clk
          Clock: (R) clk_osc_slow
       Endpoint: (R) u_core/u_slow_cnt/gray_src_cont_q_reg[3]/d
          Clock: (R) clk_osc_slow

                     Capture       Launch     
        Clock Edge:+    1000            0     
       Src Latency:+       0            0     
       Net Latency:+       0 (I)        0 (I) 
           Arrival:=    1000            0     
                                              
             Setup:-     687                  
       Uncertainty:-      50                  
     Required Time:=     263                  
      Launch Clock:-       0                  
         Data Path:-    4765                  
             Slack:=   -4502                  

#----------------------------------------------------------------------------------------------------------------------------
#               Timing Point                 Flags     Arc    Edge      Cell        Fanout Load Trans Delay Arrival Instance 
#                                                                                          (fF)  (ps)  (ps)   (ps)  Location 
#----------------------------------------------------------------------------------------------------------------------------
  u_core/u_slow_cnt/bin_q_reg[0]/clk         -       -        R     (arrival)           26    -   150     0       0    (-,-) 
  u_core/u_slow_cnt/bin_q_reg[0]/q           (u)     clk->q   R     unmapped_d_flop      3 33.0     0  1327    1327    (-,-) 
  u_core/u_slow_cnt/add_91_24/g2/z           (u)     in_0->z  F     unmapped_nand2       1 11.1     0   229    1556    (-,-) 
  u_core/u_slow_cnt/add_91_24/g68/z          (u)     in_0->z  R     unmapped_not         2 22.0     0   193    1749    (-,-) 
  u_core/u_slow_cnt/add_91_24/g19/z          (u)     in_0->z  F     unmapped_nand2       1 11.1     0   229    1978    (-,-) 
  u_core/u_slow_cnt/add_91_24/g71/z          (u)     in_0->z  R     unmapped_not         3 33.0     0   240    2219    (-,-) 
  u_core/u_slow_cnt/add_91_24/g32/z          (u)     in_1->z  F     unmapped_nand2       1 11.1     0   229    2448    (-,-) 
  u_core/u_slow_cnt/add_91_24/g73/z          (u)     in_0->z  R     unmapped_not         3 33.0     0   240    2688    (-,-) 
  u_core/u_slow_cnt/add_91_24/g55/z          (u)     in_0->z  R     unmapped_xnor2       1 11.0     0   496    3185    (-,-) 
  u_core/u_slow_cnt/mux_bin_next_90_14/g3/z  (u)     data1->z R     unmapped_bmux2       2 22.0     0   542    3727    (-,-) 
  u_core/u_slow_cnt/mux_bin_next_88_17/g3/z  (u)     data0->z R     unmapped_bmux2       2 22.0     0   542    4269    (-,-) 
  u_core/u_slow_cnt/g4/z                     (u)     in_1->z  R     unmapped_xor2        1 11.0     0   496    4765    (-,-) 
  u_core/u_slow_cnt/gray_src_cont_q_reg[3]/d -       -        R     unmapped_d_flop      1    -     -     0    4765    (-,-) 
#----------------------------------------------------------------------------------------------------------------------------

(u) : Net has unmapped pin(s).



Path 10: VIOLATED (-4408 ps) Setup Check with Pin u_core/u_slow_cnt/gray_src_cont_q_reg[2]/clk->d
           View: wc_view
          Group: clk_osc_slow
     Startpoint: (R) u_core/u_slow_cnt/bin_q_reg[0]/clk
          Clock: (R) clk_osc_slow
       Endpoint: (R) u_core/u_slow_cnt/gray_src_cont_q_reg[2]/d
          Clock: (R) clk_osc_slow

                     Capture       Launch     
        Clock Edge:+    1000            0     
       Src Latency:+       0            0     
       Net Latency:+       0 (I)        0 (I) 
           Arrival:=    1000            0     
                                              
             Setup:-     687                  
       Uncertainty:-      50                  
     Required Time:=     263                  
      Launch Clock:-       0                  
         Data Path:-    4671                  
             Slack:=   -4408                  

#----------------------------------------------------------------------------------------------------------------------------
#               Timing Point                 Flags     Arc    Edge      Cell        Fanout Load Trans Delay Arrival Instance 
#                                                                                          (fF)  (ps)  (ps)   (ps)  Location 
#----------------------------------------------------------------------------------------------------------------------------
  u_core/u_slow_cnt/bin_q_reg[0]/clk         -       -        R     (arrival)           26    -   150     0       0    (-,-) 
  u_core/u_slow_cnt/bin_q_reg[0]/q           (u)     clk->q   R     unmapped_d_flop      3 33.0     0  1327    1327    (-,-) 
  u_core/u_slow_cnt/add_91_24/g2/z           (u)     in_0->z  F     unmapped_nand2       1 11.1     0   229    1556    (-,-) 
  u_core/u_slow_cnt/add_91_24/g68/z          (u)     in_0->z  R     unmapped_not         2 22.0     0   193    1749    (-,-) 
  u_core/u_slow_cnt/add_91_24/g19/z          (u)     in_0->z  F     unmapped_nand2       1 11.1     0   229    1978    (-,-) 
  u_core/u_slow_cnt/add_91_24/g71/z          (u)     in_0->z  R     unmapped_not         3 33.0     0   240    2219    (-,-) 
  u_core/u_slow_cnt/add_91_24/g30/z          (u)     in_0->z  F     unmapped_nand2       1 11.1     0   229    2448    (-,-) 
  u_core/u_slow_cnt/add_91_24/g72/z          (u)     in_0->z  R     unmapped_not         1 11.0     0   147    2595    (-,-) 
  u_core/u_slow_cnt/add_91_24/g53/z          (u)     in_0->z  R     unmapped_xnor2       1 11.0     0   496    3091    (-,-) 
  u_core/u_slow_cnt/mux_bin_next_90_14/g4/z  (u)     data1->z R     unmapped_bmux2       2 22.0     0   542    3633    (-,-) 
  u_core/u_slow_cnt/mux_bin_next_88_17/g4/z  (u)     data0->z R     unmapped_bmux2       2 22.0     0   542    4175    (-,-) 
  u_core/u_slow_cnt/g3/z                     (u)     in_1->z  R     unmapped_xor2        1 11.0     0   496    4671    (-,-) 
  u_core/u_slow_cnt/gray_src_cont_q_reg[2]/d -       -        R     unmapped_d_flop      1    -     -     0    4671    (-,-) 
#----------------------------------------------------------------------------------------------------------------------------

(u) : Net has unmapped pin(s).



Path 11: VIOLATED (-4382 ps) Setup Check with Pin u_core/u_slow_cnt/gray_src_cont_q_reg[6]/clk->d
           View: wc_view
          Group: clk_osc_slow
     Startpoint: (R) u_core/u_slow_cnt/bin_q_reg[0]/clk
          Clock: (R) clk_osc_slow
       Endpoint: (R) u_core/u_slow_cnt/gray_src_cont_q_reg[6]/d
          Clock: (R) clk_osc_slow

                     Capture       Launch     
        Clock Edge:+    1000            0     
       Src Latency:+       0            0     
       Net Latency:+       0 (I)        0 (I) 
           Arrival:=    1000            0     
                                              
             Setup:-     687                  
       Uncertainty:-      50                  
     Required Time:=     263                  
      Launch Clock:-       0                  
         Data Path:-    4645                  
             Slack:=   -4382                  

#----------------------------------------------------------------------------------------------------------------------------
#               Timing Point                 Flags     Arc    Edge      Cell        Fanout Load Trans Delay Arrival Instance 
#                                                                                          (fF)  (ps)  (ps)   (ps)  Location 
#----------------------------------------------------------------------------------------------------------------------------
  u_core/u_slow_cnt/bin_q_reg[0]/clk         -       -        R     (arrival)           26    -   150     0       0    (-,-) 
  u_core/u_slow_cnt/bin_q_reg[0]/q           (u)     clk->q   R     unmapped_d_flop      3 33.0     0  1327    1327    (-,-) 
  u_core/u_slow_cnt/add_91_24/g2/z           (u)     in_0->z  F     unmapped_nand2       1 11.1     0   229    1556    (-,-) 
  u_core/u_slow_cnt/add_91_24/g68/z          (u)     in_0->z  R     unmapped_not         2 22.0     0   193    1749    (-,-) 
  u_core/u_slow_cnt/add_91_24/g19/z          (u)     in_0->z  F     unmapped_nand2       1 11.1     0   229    1978    (-,-) 
  u_core/u_slow_cnt/add_91_24/g71/z          (u)     in_0->z  R     unmapped_not         3 33.0     0   240    2219    (-,-) 
  u_core/u_slow_cnt/add_91_24/g32/z          (u)     in_1->z  F     unmapped_nand2       1 11.1     0   229    2448    (-,-) 
  u_core/u_slow_cnt/add_91_24/g73/z          (u)     in_0->z  R     unmapped_not         3 33.0     0   240    2688    (-,-) 
  u_core/u_slow_cnt/add_91_24/g42/z          (u)     in_1->z  F     unmapped_nand2       1 11.1     0   229    2918    (-,-) 
  u_core/u_slow_cnt/add_91_24/g75/z          (u)     in_0->z  R     unmapped_not         1 11.0     0   147    3064    (-,-) 
  u_core/u_slow_cnt/add_91_24/g60/z          (u)     in_0->z  R     unmapped_xnor2       1 11.0     0   496    3561    (-,-) 
  u_core/u_slow_cnt/mux_bin_next_90_14/g1/z  (u)     data1->z R     unmapped_bmux2       2 22.0     0   542    4103    (-,-) 
  u_core/u_slow_cnt/mux_bin_next_88_17/g1/z  (u)     data0->z R     unmapped_bmux2       2 22.0     0   542    4645    (-,-) 
  u_core/u_slow_cnt/gray_src_cont_q_reg[6]/d -       -        R     unmapped_d_flop      2    -     -     0    4645    (-,-) 
#----------------------------------------------------------------------------------------------------------------------------

(u) : Net has unmapped pin(s).



Path 12: VIOLATED (-4323 ps) Setup Check with Pin u_core/u_fast_cnt/dst_count_continuous_reg[0]/clk->d
           View: wc_view
          Group: clk_osc_fast
     Startpoint: (R) u_core/u_fast_cnt/gray_cont_ff2_async_reg[6]/clk
          Clock: (R) clk_osc_fast
       Endpoint: (R) u_core/u_fast_cnt/dst_count_continuous_reg[0]/d
          Clock: (R) clk_osc_fast

                     Capture       Launch     
        Clock Edge:+     900            0     
       Src Latency:+       0            0     
       Net Latency:+       0 (I)        0 (I) 
           Arrival:=     900            0     
                                              
             Setup:-     687                  
       Uncertainty:-      50                  
     Required Time:=     163                  
      Launch Clock:-       0                  
         Data Path:-    4486                  
             Slack:=   -4323                  

#---------------------------------------------------------------------------------------------------------------------------------
#                  Timing Point                    Flags    Arc    Edge      Cell        Fanout Load Trans Delay Arrival Instance 
#                                                                                               (fF)  (ps)  (ps)   (ps)  Location 
#---------------------------------------------------------------------------------------------------------------------------------
  u_core/u_fast_cnt/gray_cont_ff2_async_reg[6]/clk -       -       R     (arrival)          195    -   150     0       0    (-,-) 
  u_core/u_fast_cnt/gray_cont_ff2_async_reg[6]/q   (u)     clk->q  R     unmapped_d_flop      2 22.0     0  1280    1280    (-,-) 
  u_core/u_fast_cnt/g19/z                          (u)     in_0->z R     unmapped_xor2        2 22.0     0   542    1822    (-,-) 
  u_core/u_fast_cnt/g21/z                          (u)     in_0->z R     unmapped_xor2        2 22.0     0   542    2364    (-,-) 
  u_core/u_fast_cnt/g23/z                          (u)     in_0->z R     unmapped_xor2        2 22.0     0   542    2906    (-,-) 
  u_core/u_fast_cnt/g25/z                          (u)     in_0->z R     unmapped_xor2        2 22.0     0   542    3448    (-,-) 
  u_core/u_fast_cnt/g27/z                          (u)     in_0->z R     unmapped_xor2        2 22.0     0   542    3990    (-,-) 
  u_core/u_fast_cnt/g29/z                          (u)     in_0->z R     unmapped_xor2        1 11.0     0   496    4486    (-,-) 
  u_core/u_fast_cnt/dst_count_continuous_reg[0]/d  -       -       R     unmapped_d_flop      1    -     -     0    4486    (-,-) 
#---------------------------------------------------------------------------------------------------------------------------------

(u) : Net has unmapped pin(s).



Path 13: VIOLATED (-4323 ps) Setup Check with Pin u_core/u_slow_cnt/dst_count_latched_reg[0]/clk->d
           View: wc_view
          Group: clk_osc_fast
     Startpoint: (R) u_core/u_slow_cnt/gray_snap_ff2_async_reg[6]/clk
          Clock: (R) clk_osc_fast
       Endpoint: (R) u_core/u_slow_cnt/dst_count_latched_reg[0]/d
          Clock: (R) clk_osc_fast

                     Capture       Launch     
        Clock Edge:+     900            0     
       Src Latency:+       0            0     
       Net Latency:+       0 (I)        0 (I) 
           Arrival:=     900            0     
                                              
             Setup:-     687                  
       Uncertainty:-      50                  
     Required Time:=     163                  
      Launch Clock:-       0                  
         Data Path:-    4486                  
             Slack:=   -4323                  

#---------------------------------------------------------------------------------------------------------------------------------
#                  Timing Point                    Flags    Arc    Edge      Cell        Fanout Load Trans Delay Arrival Instance 
#                                                                                               (fF)  (ps)  (ps)   (ps)  Location 
#---------------------------------------------------------------------------------------------------------------------------------
  u_core/u_slow_cnt/gray_snap_ff2_async_reg[6]/clk -       -       R     (arrival)          195    -   150     0       0    (-,-) 
  u_core/u_slow_cnt/gray_snap_ff2_async_reg[6]/q   (u)     clk->q  R     unmapped_d_flop      2 22.0     0  1280    1280    (-,-) 
  u_core/u_slow_cnt/g15/z                          (u)     in_0->z R     unmapped_xor2        2 22.0     0   542    1822    (-,-) 
  u_core/u_slow_cnt/g17/z                          (u)     in_0->z R     unmapped_xor2        2 22.0     0   542    2364    (-,-) 
  u_core/u_slow_cnt/g19/z                          (u)     in_0->z R     unmapped_xor2        2 22.0     0   542    2906    (-,-) 
  u_core/u_slow_cnt/g21/z                          (u)     in_0->z R     unmapped_xor2        2 22.0     0   542    3448    (-,-) 
  u_core/u_slow_cnt/g23/z                          (u)     in_0->z R     unmapped_xor2        2 22.0     0   542    3990    (-,-) 
  u_core/u_slow_cnt/g25/z                          (u)     in_0->z R     unmapped_xor2        1 11.0     0   496    4486    (-,-) 
  u_core/u_slow_cnt/dst_count_latched_reg[0]/d     -       -       R     unmapped_d_flop      1    -     -     0    4486    (-,-) 
#---------------------------------------------------------------------------------------------------------------------------------

(u) : Net has unmapped pin(s).



Path 14: VIOLATED (-4323 ps) Setup Check with Pin u_core/u_slow_cnt/dst_count_continuous_reg[0]/clk->d
           View: wc_view
          Group: clk_osc_fast
     Startpoint: (R) u_core/u_slow_cnt/gray_cont_ff2_async_reg[6]/clk
          Clock: (R) clk_osc_fast
       Endpoint: (R) u_core/u_slow_cnt/dst_count_continuous_reg[0]/d
          Clock: (R) clk_osc_fast

                     Capture       Launch     
        Clock Edge:+     900            0     
       Src Latency:+       0            0     
       Net Latency:+       0 (I)        0 (I) 
           Arrival:=     900            0     
                                              
             Setup:-     687                  
       Uncertainty:-      50                  
     Required Time:=     163                  
      Launch Clock:-       0                  
         Data Path:-    4486                  
             Slack:=   -4323                  

#---------------------------------------------------------------------------------------------------------------------------------
#                  Timing Point                    Flags    Arc    Edge      Cell        Fanout Load Trans Delay Arrival Instance 
#                                                                                               (fF)  (ps)  (ps)   (ps)  Location 
#---------------------------------------------------------------------------------------------------------------------------------
  u_core/u_slow_cnt/gray_cont_ff2_async_reg[6]/clk -       -       R     (arrival)          195    -   150     0       0    (-,-) 
  u_core/u_slow_cnt/gray_cont_ff2_async_reg[6]/q   (u)     clk->q  R     unmapped_d_flop      2 22.0     0  1280    1280    (-,-) 
  u_core/u_slow_cnt/g14/z                          (u)     in_0->z R     unmapped_xor2        2 22.0     0   542    1822    (-,-) 
  u_core/u_slow_cnt/g16/z                          (u)     in_0->z R     unmapped_xor2        2 22.0     0   542    2364    (-,-) 
  u_core/u_slow_cnt/g18/z                          (u)     in_0->z R     unmapped_xor2        2 22.0     0   542    2906    (-,-) 
  u_core/u_slow_cnt/g20/z                          (u)     in_0->z R     unmapped_xor2        2 22.0     0   542    3448    (-,-) 
  u_core/u_slow_cnt/g22/z                          (u)     in_0->z R     unmapped_xor2        2 22.0     0   542    3990    (-,-) 
  u_core/u_slow_cnt/g24/z                          (u)     in_0->z R     unmapped_xor2        1 11.0     0   496    4486    (-,-) 
  u_core/u_slow_cnt/dst_count_continuous_reg[0]/d  -       -       R     unmapped_d_flop      1    -     -     0    4486    (-,-) 
#---------------------------------------------------------------------------------------------------------------------------------

(u) : Net has unmapped pin(s).



Path 15: VIOLATED (-4205 ps) Setup Check with Pin u_core/u_fast_cnt/bin_q_reg[4]/clk->d
           View: wc_view
          Group: clk_osc_fast
     Startpoint: (R) u_core/u_fast_cnt/bin_q_reg[0]/clk
          Clock: (R) clk_osc_fast
       Endpoint: (R) u_core/u_fast_cnt/bin_q_reg[4]/d
          Clock: (R) clk_osc_fast

                     Capture       Launch     
        Clock Edge:+     900            0     
       Src Latency:+       0            0     
       Net Latency:+       0 (I)        0 (I) 
           Arrival:=     900            0     
                                              
             Setup:-     904                  
       Uncertainty:-      50                  
     Required Time:=     -54                  
      Launch Clock:-       0                  
         Data Path:-    4152                  
             Slack:=   -4205                  

#---------------------------------------------------------------------------------------------------------------------------
#               Timing Point                Flags     Arc    Edge      Cell        Fanout Load Trans Delay Arrival Instance 
#                                                                                         (fF)  (ps)  (ps)   (ps)  Location 
#---------------------------------------------------------------------------------------------------------------------------
  u_core/u_fast_cnt/bin_q_reg[0]/clk        -       -        R     (arrival)          195    -   150     0       0    (-,-) 
  u_core/u_fast_cnt/bin_q_reg[0]/q          (u)     clk->q   R     unmapped_d_flop     70 99.0     0  1798    1798    (-,-) 
  u_core/u_fast_cnt/add_91_24/g2/z          (u)     in_0->z  F     unmapped_nand2       1 11.1     0   229    2027    (-,-) 
  u_core/u_fast_cnt/add_91_24/g68/z         (u)     in_0->z  R     unmapped_not         2 22.0     0   193    2220    (-,-) 
  u_core/u_fast_cnt/add_91_24/g19/z         (u)     in_0->z  F     unmapped_nand2       1 11.1     0   229    2449    (-,-) 
  u_core/u_fast_cnt/add_91_24/g71/z         (u)     in_0->z  R     unmapped_not         3 33.0     0   240    2690    (-,-) 
  u_core/u_fast_cnt/add_91_24/g32/z         (u)     in_1->z  F     unmapped_nand2       1 11.1     0   229    2919    (-,-) 
  u_core/u_fast_cnt/add_91_24/g73/z         (u)     in_0->z  R     unmapped_not         3 33.0     0   240    3159    (-,-) 
  u_core/u_fast_cnt/add_91_24/g55/z         (u)     in_0->z  R     unmapped_xnor2       1 11.0     0   496    3655    (-,-) 
  u_core/u_fast_cnt/mux_bin_next_90_14/g3/z (u)     data1->z R     unmapped_bmux2       1 11.0     0   496    4152    (-,-) 
  u_core/u_fast_cnt/bin_q_reg[4]/d          -       -        R     unmapped_d_flop      1    -     -     0    4152    (-,-) 
#---------------------------------------------------------------------------------------------------------------------------

(u) : Net has unmapped pin(s).



Path 16: VIOLATED (-4111 ps) Setup Check with Pin u_core/u_fast_cnt/bin_q_reg[3]/clk->d
           View: wc_view
          Group: clk_osc_fast
     Startpoint: (R) u_core/u_fast_cnt/bin_q_reg[0]/clk
          Clock: (R) clk_osc_fast
       Endpoint: (R) u_core/u_fast_cnt/bin_q_reg[3]/d
          Clock: (R) clk_osc_fast

                     Capture       Launch     
        Clock Edge:+     900            0     
       Src Latency:+       0            0     
       Net Latency:+       0 (I)        0 (I) 
           Arrival:=     900            0     
                                              
             Setup:-     904                  
       Uncertainty:-      50                  
     Required Time:=     -54                  
      Launch Clock:-       0                  
         Data Path:-    4058                  
             Slack:=   -4111                  

#---------------------------------------------------------------------------------------------------------------------------
#               Timing Point                Flags     Arc    Edge      Cell        Fanout Load Trans Delay Arrival Instance 
#                                                                                         (fF)  (ps)  (ps)   (ps)  Location 
#---------------------------------------------------------------------------------------------------------------------------
  u_core/u_fast_cnt/bin_q_reg[0]/clk        -       -        R     (arrival)          195    -   150     0       0    (-,-) 
  u_core/u_fast_cnt/bin_q_reg[0]/q          (u)     clk->q   R     unmapped_d_flop     70 99.0     0  1798    1798    (-,-) 
  u_core/u_fast_cnt/add_91_24/g2/z          (u)     in_0->z  F     unmapped_nand2       1 11.1     0   229    2027    (-,-) 
  u_core/u_fast_cnt/add_91_24/g68/z         (u)     in_0->z  R     unmapped_not         2 22.0     0   193    2220    (-,-) 
  u_core/u_fast_cnt/add_91_24/g19/z         (u)     in_0->z  F     unmapped_nand2       1 11.1     0   229    2449    (-,-) 
  u_core/u_fast_cnt/add_91_24/g71/z         (u)     in_0->z  R     unmapped_not         3 33.0     0   240    2690    (-,-) 
  u_core/u_fast_cnt/add_91_24/g30/z         (u)     in_0->z  F     unmapped_nand2       1 11.1     0   229    2919    (-,-) 
  u_core/u_fast_cnt/add_91_24/g72/z         (u)     in_0->z  R     unmapped_not         1 11.0     0   147    3066    (-,-) 
  u_core/u_fast_cnt/add_91_24/g53/z         (u)     in_0->z  R     unmapped_xnor2       1 11.0     0   496    3562    (-,-) 
  u_core/u_fast_cnt/mux_bin_next_90_14/g4/z (u)     data1->z R     unmapped_bmux2       1 11.0     0   496    4058    (-,-) 
  u_core/u_fast_cnt/bin_q_reg[3]/d          -       -        R     unmapped_d_flop      1    -     -     0    4058    (-,-) 
#---------------------------------------------------------------------------------------------------------------------------

(u) : Net has unmapped pin(s).



Path 17: VIOLATED (-4056 ps) Setup Check with Pin u_core/u_slow_cnt/bin_q_reg[6]/clk->d
           View: wc_view
          Group: clk_osc_slow
     Startpoint: (R) u_core/u_slow_cnt/bin_q_reg[0]/clk
          Clock: (R) clk_osc_slow
       Endpoint: (R) u_core/u_slow_cnt/bin_q_reg[6]/d
          Clock: (R) clk_osc_slow

                     Capture       Launch     
        Clock Edge:+    1000            0     
       Src Latency:+       0            0     
       Net Latency:+       0 (I)        0 (I) 
           Arrival:=    1000            0     
                                              
             Setup:-     904                  
       Uncertainty:-      50                  
     Required Time:=      46                  
      Launch Clock:-       0                  
         Data Path:-    4103                  
             Slack:=   -4056                  

#---------------------------------------------------------------------------------------------------------------------------
#               Timing Point                Flags     Arc    Edge      Cell        Fanout Load Trans Delay Arrival Instance 
#                                                                                         (fF)  (ps)  (ps)   (ps)  Location 
#---------------------------------------------------------------------------------------------------------------------------
  u_core/u_slow_cnt/bin_q_reg[0]/clk        -       -        R     (arrival)           26    -   150     0       0    (-,-) 
  u_core/u_slow_cnt/bin_q_reg[0]/q          (u)     clk->q   R     unmapped_d_flop      3 33.0     0  1327    1327    (-,-) 
  u_core/u_slow_cnt/add_91_24/g2/z          (u)     in_0->z  F     unmapped_nand2       1 11.1     0   229    1556    (-,-) 
  u_core/u_slow_cnt/add_91_24/g68/z         (u)     in_0->z  R     unmapped_not         2 22.0     0   193    1749    (-,-) 
  u_core/u_slow_cnt/add_91_24/g19/z         (u)     in_0->z  F     unmapped_nand2       1 11.1     0   229    1978    (-,-) 
  u_core/u_slow_cnt/add_91_24/g71/z         (u)     in_0->z  R     unmapped_not         3 33.0     0   240    2219    (-,-) 
  u_core/u_slow_cnt/add_91_24/g32/z         (u)     in_1->z  F     unmapped_nand2       1 11.1     0   229    2448    (-,-) 
  u_core/u_slow_cnt/add_91_24/g73/z         (u)     in_0->z  R     unmapped_not         3 33.0     0   240    2688    (-,-) 
  u_core/u_slow_cnt/add_91_24/g42/z         (u)     in_1->z  F     unmapped_nand2       1 11.1     0   229    2918    (-,-) 
  u_core/u_slow_cnt/add_91_24/g75/z         (u)     in_0->z  R     unmapped_not         1 11.0     0   147    3064    (-,-) 
  u_core/u_slow_cnt/add_91_24/g60/z         (u)     in_0->z  R     unmapped_xnor2       1 11.0     0   496    3561    (-,-) 
  u_core/u_slow_cnt/mux_bin_next_90_14/g1/z (u)     data1->z R     unmapped_bmux2       2 22.0     0   542    4103    (-,-) 
  u_core/u_slow_cnt/bin_q_reg[6]/d          -       -        R     unmapped_d_flop      2    -     -     0    4103    (-,-) 
#---------------------------------------------------------------------------------------------------------------------------

(u) : Net has unmapped pin(s).



Path 18: VIOLATED (-4056 ps) Setup Check with Pin u_core/u_slow_cnt/bin_q_reg[5]/clk->d
           View: wc_view
          Group: clk_osc_slow
     Startpoint: (R) u_core/u_slow_cnt/bin_q_reg[0]/clk
          Clock: (R) clk_osc_slow
       Endpoint: (R) u_core/u_slow_cnt/bin_q_reg[5]/d
          Clock: (R) clk_osc_slow

                     Capture       Launch     
        Clock Edge:+    1000            0     
       Src Latency:+       0            0     
       Net Latency:+       0 (I)        0 (I) 
           Arrival:=    1000            0     
                                              
             Setup:-     904                  
       Uncertainty:-      50                  
     Required Time:=      46                  
      Launch Clock:-       0                  
         Data Path:-    4103                  
             Slack:=   -4056                  

#---------------------------------------------------------------------------------------------------------------------------
#               Timing Point                Flags     Arc    Edge      Cell        Fanout Load Trans Delay Arrival Instance 
#                                                                                         (fF)  (ps)  (ps)   (ps)  Location 
#---------------------------------------------------------------------------------------------------------------------------
  u_core/u_slow_cnt/bin_q_reg[0]/clk        -       -        R     (arrival)           26    -   150     0       0    (-,-) 
  u_core/u_slow_cnt/bin_q_reg[0]/q          (u)     clk->q   R     unmapped_d_flop      3 33.0     0  1327    1327    (-,-) 
  u_core/u_slow_cnt/add_91_24/g2/z          (u)     in_0->z  F     unmapped_nand2       1 11.1     0   229    1556    (-,-) 
  u_core/u_slow_cnt/add_91_24/g68/z         (u)     in_0->z  R     unmapped_not         2 22.0     0   193    1749    (-,-) 
  u_core/u_slow_cnt/add_91_24/g19/z         (u)     in_0->z  F     unmapped_nand2       1 11.1     0   229    1978    (-,-) 
  u_core/u_slow_cnt/add_91_24/g71/z         (u)     in_0->z  R     unmapped_not         3 33.0     0   240    2219    (-,-) 
  u_core/u_slow_cnt/add_91_24/g32/z         (u)     in_1->z  F     unmapped_nand2       1 11.1     0   229    2448    (-,-) 
  u_core/u_slow_cnt/add_91_24/g73/z         (u)     in_0->z  R     unmapped_not         3 33.0     0   240    2688    (-,-) 
  u_core/u_slow_cnt/add_91_24/g40/z         (u)     in_0->z  F     unmapped_nand2       1 11.1     0   229    2918    (-,-) 
  u_core/u_slow_cnt/add_91_24/g74/z         (u)     in_0->z  R     unmapped_not         1 11.0     0   147    3064    (-,-) 
  u_core/u_slow_cnt/add_91_24/g58/z         (u)     in_0->z  R     unmapped_xnor2       1 11.0     0   496    3561    (-,-) 
  u_core/u_slow_cnt/mux_bin_next_90_14/g2/z (u)     data1->z R     unmapped_bmux2       2 22.0     0   542    4103    (-,-) 
  u_core/u_slow_cnt/bin_q_reg[5]/d          -       -        R     unmapped_d_flop      2    -     -     0    4103    (-,-) 
#---------------------------------------------------------------------------------------------------------------------------

(u) : Net has unmapped pin(s).



Path 19: VIOLATED (-4032 ps) Setup Check with Pin u_core/u_slow_cnt/gray_src_cont_q_reg[1]/clk->d
           View: wc_view
          Group: clk_osc_slow
     Startpoint: (R) u_core/u_slow_cnt/bin_q_reg[0]/clk
          Clock: (R) clk_osc_slow
       Endpoint: (R) u_core/u_slow_cnt/gray_src_cont_q_reg[1]/d
          Clock: (R) clk_osc_slow

                     Capture       Launch     
        Clock Edge:+    1000            0     
       Src Latency:+       0            0     
       Net Latency:+       0 (I)        0 (I) 
           Arrival:=    1000            0     
                                              
             Setup:-     687                  
       Uncertainty:-      50                  
     Required Time:=     263                  
      Launch Clock:-       0                  
         Data Path:-    4295                  
             Slack:=   -4032                  

#----------------------------------------------------------------------------------------------------------------------------
#               Timing Point                 Flags     Arc    Edge      Cell        Fanout Load Trans Delay Arrival Instance 
#                                                                                          (fF)  (ps)  (ps)   (ps)  Location 
#----------------------------------------------------------------------------------------------------------------------------
  u_core/u_slow_cnt/bin_q_reg[0]/clk         -       -        R     (arrival)           26    -   150     0       0    (-,-) 
  u_core/u_slow_cnt/bin_q_reg[0]/q           (u)     clk->q   R     unmapped_d_flop      3 33.0     0  1327    1327    (-,-) 
  u_core/u_slow_cnt/add_91_24/g2/z           (u)     in_0->z  F     unmapped_nand2       1 11.1     0   229    1556    (-,-) 
  u_core/u_slow_cnt/add_91_24/g68/z          (u)     in_0->z  R     unmapped_not         2 22.0     0   193    1749    (-,-) 
  u_core/u_slow_cnt/add_91_24/g19/z          (u)     in_0->z  F     unmapped_nand2       1 11.1     0   229    1978    (-,-) 
  u_core/u_slow_cnt/add_91_24/g71/z          (u)     in_0->z  R     unmapped_not         3 33.0     0   240    2219    (-,-) 
  u_core/u_slow_cnt/add_91_24/g50/z          (u)     in_0->z  R     unmapped_xnor2       1 11.0     0   496    2715    (-,-) 
  u_core/u_slow_cnt/mux_bin_next_90_14/g5/z  (u)     data1->z R     unmapped_bmux2       2 22.0     0   542    3257    (-,-) 
  u_core/u_slow_cnt/mux_bin_next_88_17/g5/z  (u)     data0->z R     unmapped_bmux2       2 22.0     0   542    3799    (-,-) 
  u_core/u_slow_cnt/g2/z                     (u)     in_1->z  R     unmapped_xor2        1 11.0     0   496    4295    (-,-) 
  u_core/u_slow_cnt/gray_src_cont_q_reg[1]/d -       -        R     unmapped_d_flop      1    -     -     0    4295    (-,-) 
#----------------------------------------------------------------------------------------------------------------------------

(u) : Net has unmapped pin(s).



Path 20: VIOLATED (-4016 ps) Setup Check with Pin u_core/start_wdt_cnt_reg[5]/clk->d
           View: wc_view
          Group: clk_osc_slow
     Startpoint: (R) u_core/start_wdt_cnt_reg[0]/clk
          Clock: (R) clk_osc_slow
       Endpoint: (R) u_core/start_wdt_cnt_reg[5]/d
          Clock: (R) clk_osc_slow

                     Capture       Launch     
        Clock Edge:+    1000            0     
       Src Latency:+       0            0     
       Net Latency:+       0 (I)        0 (I) 
           Arrival:=    1000            0     
                                              
             Setup:-    1315                  
       Uncertainty:-      50                  
     Required Time:=    -365                  
      Launch Clock:-       0                  
         Data Path:-    3651                  
             Slack:=   -4016                  

#----------------------------------------------------------------------------------------------------------------
#          Timing Point           Flags    Arc    Edge      Cell        Fanout Load Trans Delay Arrival Instance 
#                                                                              (fF)  (ps)  (ps)   (ps)  Location 
#----------------------------------------------------------------------------------------------------------------
  u_core/start_wdt_cnt_reg[0]/clk -       -       R     (arrival)           26    -   150     0       0    (-,-) 
  u_core/start_wdt_cnt_reg[0]/q   (u)     clk->q  R     unmapped_d_flop      4 44.0     0  1373    1373    (-,-) 
  u_core/add_241_38/g2/z          (u)     in_0->z F     unmapped_nand2       1 11.1     0   229    1602    (-,-) 
  u_core/add_241_38/g86/z         (u)     in_0->z R     unmapped_not         2 22.0     0   193    1795    (-,-) 
  u_core/add_241_38/g21/z         (u)     in_0->z F     unmapped_nand2       1 11.1     0   229    2024    (-,-) 
  u_core/add_241_38/g89/z         (u)     in_0->z R     unmapped_not         3 33.0     0   240    2264    (-,-) 
  u_core/add_241_38/g38/z         (u)     in_1->z F     unmapped_nand2       1 11.1     0   229    2493    (-,-) 
  u_core/add_241_38/g91/z         (u)     in_0->z R     unmapped_not         4 44.0     0   286    2779    (-,-) 
  u_core/add_241_38/g51/z         (u)     in_0->z F     unmapped_nand2       1 11.1     0   229    3008    (-,-) 
  u_core/add_241_38/g92/z         (u)     in_0->z R     unmapped_not         1 11.0     0   147    3155    (-,-) 
  u_core/add_241_38/g72/z         (u)     in_0->z R     unmapped_xnor2       1 11.0     0   496    3651    (-,-) 
  u_core/start_wdt_cnt_reg[5]/d   -       -       R     unmapped_d_flop      1    -     -     0    3651    (-,-) 
#----------------------------------------------------------------------------------------------------------------

(u) : Net has unmapped pin(s).


