============================================================
  Generated by:           Genus(TM) Synthesis Solution 22.13-s093_1
  Generated on:           Jun 09 2026  03:36:44 pm
  Module:                 mptdc_top_asic
  Operating conditions:   typ_1_80V_25C 
  Interconnect mode:      global
  Area mode:              physical library
============================================================

                 Instance                              Module               Cell Count  Cell Area   Net Area   Total Area 
--------------------------------------------------------------------------------------------------------------------------
mptdc_top_asic                                                                   17356 496693.496 242335.077   739028.573 
  u_core_gen_pd_row[0].gen_pd_col[0].u_pd mptdc_pd_cell_SAMPLE_DEPTH2               34    888.115    311.743     1199.858 
  u_core_gen_pd_row[0].gen_pd_col[1].u_pd mptdc_pd_cell_SAMPLE_DEPTH2_1048          32    832.922    284.661     1117.582 
  u_core_gen_pd_row[0].gen_pd_col[2].u_pd mptdc_pd_cell_SAMPLE_DEPTH2_1047          42    863.027    319.366     1182.393 
  u_core_gen_pd_row[0].gen_pd_col[3].u_pd mptdc_pd_cell_SAMPLE_DEPTH2_1046          34    870.554    292.484     1163.038 
  u_core_gen_pd_row[0].gen_pd_col[4].u_pd mptdc_pd_cell_SAMPLE_DEPTH2_1045          42    863.027    319.366     1182.393 
  u_core_gen_pd_row[0].gen_pd_col[5].u_pd mptdc_pd_cell_SAMPLE_DEPTH2_1044          36    875.571    346.247     1221.818 
  u_core_gen_pd_row[0].gen_pd_col[6].u_pd mptdc_pd_cell_SAMPLE_DEPTH2_1043          34    878.080    311.743     1189.823 
  u_core_gen_pd_row[0].gen_pd_col[7].u_pd mptdc_pd_cell_SAMPLE_DEPTH2_1042          36    875.571    346.247     1221.818 
  u_core_gen_pd_row[1].gen_pd_col[0].u_pd mptdc_pd_cell_SAMPLE_DEPTH2_8             34    888.115    311.743     1199.858 
  u_core_gen_pd_row[1].gen_pd_col[1].u_pd mptdc_pd_cell_SAMPLE_DEPTH2_9             32    832.922    284.661     1117.582 
  u_core_gen_pd_row[1].gen_pd_col[2].u_pd mptdc_pd_cell_SAMPLE_DEPTH2_10            42    863.027    319.366     1182.393 
  u_core_gen_pd_row[1].gen_pd_col[3].u_pd mptdc_pd_cell_SAMPLE_DEPTH2_11            35    878.080    311.743     1189.823 
  u_core_gen_pd_row[1].gen_pd_col[4].u_pd mptdc_pd_cell_SAMPLE_DEPTH2_12            42    863.027    319.366     1182.393 
  u_core_gen_pd_row[1].gen_pd_col[5].u_pd mptdc_pd_cell_SAMPLE_DEPTH2_13            36    875.571    346.247     1221.818 
  u_core_gen_pd_row[1].gen_pd_col[6].u_pd mptdc_pd_cell_SAMPLE_DEPTH2_14            34    875.571    311.743     1187.314 
  u_core_gen_pd_row[1].gen_pd_col[7].u_pd mptdc_pd_cell_SAMPLE_DEPTH2_15            36    875.571    346.247     1221.818 
  u_core_gen_pd_row[2].gen_pd_col[0].u_pd mptdc_pd_cell_SAMPLE_DEPTH2_16            34    888.115    311.743     1199.858 
  u_core_gen_pd_row[2].gen_pd_col[1].u_pd mptdc_pd_cell_SAMPLE_DEPTH2_17            32    832.922    284.661     1117.582 
  u_core_gen_pd_row[2].gen_pd_col[2].u_pd mptdc_pd_cell_SAMPLE_DEPTH2_18            42    875.571    319.366     1194.937 
  u_core_gen_pd_row[2].gen_pd_col[3].u_pd mptdc_pd_cell_SAMPLE_DEPTH2_19            34    870.554    292.484     1163.038 
  u_core_gen_pd_row[2].gen_pd_col[4].u_pd mptdc_pd_cell_SAMPLE_DEPTH2_20            42    875.571    319.366     1194.937 
  u_core_gen_pd_row[2].gen_pd_col[5].u_pd mptdc_pd_cell_SAMPLE_DEPTH2_21            36    875.571    346.247     1221.818 
  u_core_gen_pd_row[2].gen_pd_col[6].u_pd mptdc_pd_cell_SAMPLE_DEPTH2_22            34    875.571    311.743     1187.314 
  u_core_gen_pd_row[2].gen_pd_col[7].u_pd mptdc_pd_cell_SAMPLE_DEPTH2_23            36    875.571    346.247     1221.818 
  u_core_gen_pd_row[3].gen_pd_col[0].u_pd mptdc_pd_cell_SAMPLE_DEPTH2_24            35    900.659    323.378     1224.037 
  u_core_gen_pd_row[3].gen_pd_col[1].u_pd mptdc_pd_cell_SAMPLE_DEPTH2_25            34    847.974    311.743     1159.717 
  u_core_gen_pd_row[3].gen_pd_col[2].u_pd mptdc_pd_cell_SAMPLE_DEPTH2_26            42    863.027    319.366     1182.393 
  u_core_gen_pd_row[3].gen_pd_col[3].u_pd mptdc_pd_cell_SAMPLE_DEPTH2_27            33    863.027    284.661     1147.688 
  u_core_gen_pd_row[3].gen_pd_col[4].u_pd mptdc_pd_cell_SAMPLE_DEPTH2_28            42    863.027    319.366     1182.393 
  u_core_gen_pd_row[3].gen_pd_col[5].u_pd mptdc_pd_cell_SAMPLE_DEPTH2_29            36    875.571    346.247     1221.818 
  u_core_gen_pd_row[3].gen_pd_col[6].u_pd mptdc_pd_cell_SAMPLE_DEPTH2_30            35    873.062    346.247     1219.309 
  u_core_gen_pd_row[3].gen_pd_col[7].u_pd mptdc_pd_cell_SAMPLE_DEPTH2_31            36    875.571    346.247     1221.818 
  u_core_gen_pd_row[4].gen_pd_col[0].u_pd mptdc_pd_cell_SAMPLE_DEPTH2_32            34    888.115    311.743     1199.858 
  u_core_gen_pd_row[4].gen_pd_col[1].u_pd mptdc_pd_cell_SAMPLE_DEPTH2_33            32    832.922    284.661     1117.582 
  u_core_gen_pd_row[4].gen_pd_col[2].u_pd mptdc_pd_cell_SAMPLE_DEPTH2_34            42    863.027    319.366     1182.393 
  u_core_gen_pd_row[4].gen_pd_col[3].u_pd mptdc_pd_cell_SAMPLE_DEPTH2_35            34    870.554    292.484     1163.038 
  u_core_gen_pd_row[4].gen_pd_col[4].u_pd mptdc_pd_cell_SAMPLE_DEPTH2_36            42    863.027    319.366     1182.393 
  u_core_gen_pd_row[4].gen_pd_col[5].u_pd mptdc_pd_cell_SAMPLE_DEPTH2_37            36    875.571    346.247     1221.818 
  u_core_gen_pd_row[4].gen_pd_col[6].u_pd mptdc_pd_cell_SAMPLE_DEPTH2_38            34    875.571    311.743     1187.314 
  u_core_gen_pd_row[4].gen_pd_col[7].u_pd mptdc_pd_cell_SAMPLE_DEPTH2_39            36    875.571    346.247     1221.818 
  u_core_gen_pd_row[5].gen_pd_col[0].u_pd mptdc_pd_cell_SAMPLE_DEPTH2_40            34    888.115    311.743     1199.858 
  u_core_gen_pd_row[5].gen_pd_col[1].u_pd mptdc_pd_cell_SAMPLE_DEPTH2_41            34    847.974    311.743     1159.717 
  u_core_gen_pd_row[5].gen_pd_col[2].u_pd mptdc_pd_cell_SAMPLE_DEPTH2_42            42    863.027    319.366     1182.393 
  u_core_gen_pd_row[5].gen_pd_col[3].u_pd mptdc_pd_cell_SAMPLE_DEPTH2_43            35    878.080    311.743     1189.823 
  u_core_gen_pd_row[5].gen_pd_col[4].u_pd mptdc_pd_cell_SAMPLE_DEPTH2_44            42    863.027    319.366     1182.393 
  u_core_gen_pd_row[5].gen_pd_col[5].u_pd mptdc_pd_cell_SAMPLE_DEPTH2_45            36    875.571    346.247     1221.818 
  u_core_gen_pd_row[5].gen_pd_col[6].u_pd mptdc_pd_cell_SAMPLE_DEPTH2_46            34    875.571    311.743     1187.314 
  u_core_gen_pd_row[5].gen_pd_col[7].u_pd mptdc_pd_cell_SAMPLE_DEPTH2_47            36    875.571    346.247     1221.818 
  u_core_gen_pd_row[6].gen_pd_col[0].u_pd mptdc_pd_cell_SAMPLE_DEPTH2_48            34    888.115    311.743     1199.858 
  u_core_gen_pd_row[6].gen_pd_col[1].u_pd mptdc_pd_cell_SAMPLE_DEPTH2_49            34    847.974    311.743     1159.717 
  u_core_gen_pd_row[6].gen_pd_col[2].u_pd mptdc_pd_cell_SAMPLE_DEPTH2_50            42    863.027    319.366     1182.393 
  u_core_gen_pd_row[6].gen_pd_col[3].u_pd mptdc_pd_cell_SAMPLE_DEPTH2_51            35    878.080    311.743     1189.823 
  u_core_gen_pd_row[6].gen_pd_col[4].u_pd mptdc_pd_cell_SAMPLE_DEPTH2_52            42    863.027    319.366     1182.393 
  u_core_gen_pd_row[6].gen_pd_col[5].u_pd mptdc_pd_cell_SAMPLE_DEPTH2_53            36    875.571    346.247     1221.818 
  u_core_gen_pd_row[6].gen_pd_col[6].u_pd mptdc_pd_cell_SAMPLE_DEPTH2_54            34    875.571    311.743     1187.314 
  u_core_gen_pd_row[6].gen_pd_col[7].u_pd mptdc_pd_cell_SAMPLE_DEPTH2_55            36    875.571    346.247     1221.818 
  u_core_gen_pd_row[7].gen_pd_col[0].u_pd mptdc_pd_cell_SAMPLE_DEPTH2_56            34    873.062    307.730     1180.793 
  u_core_gen_pd_row[7].gen_pd_col[1].u_pd mptdc_pd_cell_SAMPLE_DEPTH2_57            34    847.974    311.743     1159.717 
  u_core_gen_pd_row[7].gen_pd_col[2].u_pd mptdc_pd_cell_SAMPLE_DEPTH2_58            42    875.571    319.366     1194.937 
  u_core_gen_pd_row[7].gen_pd_col[3].u_pd mptdc_pd_cell_SAMPLE_DEPTH2_59            34    847.974    311.743     1159.717 
  u_core_gen_pd_row[7].gen_pd_col[4].u_pd mptdc_pd_cell_SAMPLE_DEPTH2_60            42    863.027    319.366     1182.393 
  u_core_gen_pd_row[7].gen_pd_col[5].u_pd mptdc_pd_cell_SAMPLE_DEPTH2_61            36    875.571    346.247     1221.818 
  u_core_gen_pd_row[7].gen_pd_col[6].u_pd mptdc_pd_cell_SAMPLE_DEPTH2_62            35    883.098    311.743     1194.840 
  u_core_gen_pd_row[7].gen_pd_col[7].u_pd mptdc_pd_cell_SAMPLE_DEPTH2_63            36    875.571    346.247     1221.818 
  u_core_u_phase_buf_fast                 mptdc_phase_buffer_bank                   16    561.971     62.589      624.560 
  u_core_u_phase_buf_slow                 mptdc_phase_buffer_bank                   16    561.971     62.589      624.560 
  u_core_u_rst_drain_sync                 mptdc_reset_sync_STAGES4                   4    230.810     23.471      254.281 
  u_core_u_rst_fast_sync                  mptdc_reset_sync_STAGES2_1050              2    115.405      7.824      123.228 
  u_core_u_rst_fifo_sync                  mptdc_reset_sync_STAGES3                   3    173.107     15.647      188.755 
  u_core_u_rst_status_sync                mptdc_reset_sync_STAGES2                   2    115.405      7.824      123.228 
  u_core_u_rst_tx_sync                    mptdc_reset_sync_STAGES5                   5    288.512     31.295      319.807 
  u_core_u_rst_wdt_sync                   mptdc_reset_sync_STAGES6                   6    346.214     39.118      385.333 
  u_rst_core_sync                         mptdc_reset_sync_STAGES4_1052              5    258.406     31.295      289.701 
  u_rst_csr_sync                          mptdc_reset_sync_STAGES3_1051              3    175.616     15.647      191.263 
