        Initializing DRC engine.
============================================================
  Generated by:           Genus(TM) Synthesis Solution 22.13-s093_1
  Generated on:           Jun 09 2026  03:36:44 pm
  Module:                 mptdc_top_asic
  Operating conditions:   typ_1_80V_25C 
  Interconnect mode:      global
  Area mode:              physical library
============================================================

Max_transition design rule (violation total = 1015)
Pin                                                               Slew           Max     Violation
----------------------------------------------------------------------------------------------------
g33116/Q                                                           511           500            11
  --> Other violations on net                                              1003
u_core_gen_pd_row[0].gen_pd_col[7].u_pd/drc_bufs468/A              511           500            11
  --> Other violations on net                                              1003
u_core_gen_pd_row[0].gen_pd_col[2].u_pd/drc_bufs472/A              511           500            11
  --> Other violations on net                                              1003
u_core_gen_pd_row[1].gen_pd_col[1].u_pd/g2/B                       511           500            11
  --> Other violations on net                                              1003
u_core_gen_pd_row[1].gen_pd_col[1].u_pd/g447__5115/A               511           500            11
  --> Other violations on net                                              1003
u_core_gen_pd_row[1].gen_pd_col[1].u_pd/g437__6783/S               511           500            11
  --> Other violations on net                                              1003
u_core_gen_pd_row[1].gen_pd_col[1].u_pd/g438__3680/A               511           500            11
  --> Other violations on net                                              1003
u_core_gen_pd_row[1].gen_pd_col[3].u_pd/drc_bufs472/A              511           500            11
  --> Other violations on net                                              1003
u_core_gen_pd_row[1].gen_pd_col[6].u_pd/drc_bufs472/A              511           500            11
  --> Other violations on net                                              1003
u_core_gen_pd_row[3].gen_pd_col[5].u_pd/drc_bufs468/A              511           500            11
  --> Other violations on net                                              1003
u_core_gen_pd_row[4].gen_pd_col[5].u_pd/drc_bufs468/A              511           500            11
  --> Other violations on net                                              1003
u_core_gen_pd_row[4].gen_pd_col[7].u_pd/drc_bufs468/A              511           500            11
  --> Other violations on net                                              1003
u_core_gen_pd_row[5].gen_pd_col[0].u_pd/drc_bufs472/A              511           500            11
  --> Other violations on net                                              1003
u_core_gen_pd_row[5].gen_pd_col[1].u_pd/drc_bufs472/A              511           500            11
  --> Other violations on net                                              1003
u_core_gen_pd_row[5].gen_pd_col[5].u_pd/drc_bufs468/A              511           500            11
  --> Other violations on net                                              1003
u_core_gen_pd_row[5].gen_pd_col[6].u_pd/drc_bufs472/A              511           500            11
  --> Other violations on net                                              1003
u_core_gen_pd_row[5].gen_pd_col[7].u_pd/drc_bufs468/A              511           500            11
  --> Other violations on net                                              1003
u_core_gen_pd_row[7].gen_pd_col[1].u_pd/drc_bufs472/A              511           500            11
  --> Other violations on net                                              1003
u_core_gen_pd_row[7].gen_pd_col[4].u_pd/drc_bufs472/A              511           500            11
  --> Other violations on net                                              1003
u_core_gen_pd_row[7].gen_pd_col[5].u_pd/drc_bufs468/A              511           500            11
  --> Other violations on net                                              1003
u_core_gen_pd_row[7].gen_pd_col[7].u_pd/drc_bufs468/A              511           500            11
  --> Other violations on net                                              1003
u_core_gen_pd_row[7].gen_pd_col[0].u_pd/drc_bufs472/A              511           500            11
  --> Other violations on net                                              1003
u_core_gen_pd_row[6].gen_pd_col[2].u_pd/drc_bufs472/A              511           500            11
  --> Other violations on net                                              1003
u_core_gen_pd_row[6].gen_pd_col[1].u_pd/drc_bufs472/A              511           500            11
  --> Other violations on net                                              1003
u_core_gen_pd_row[6].gen_pd_col[0].u_pd/drc_bufs472/A              511           500            11
  --> Other violations on net                                              1003
u_core_gen_pd_row[4].gen_pd_col[4].u_pd/drc_bufs472/A              511           500            11
  --> Other violations on net                                              1003
u_core_gen_pd_row[4].gen_pd_col[3].u_pd/drc_bufs472/A              511           500            11
  --> Other violations on net                                              1003
u_core_gen_pd_row[4].gen_pd_col[3].u_pd/g447__4733/A               511           500            11
  --> Other violations on net                                              1003
u_core_gen_pd_row[4].gen_pd_col[3].u_pd/g437__1617/S               511           500            11
  --> Other violations on net                                              1003
u_core_gen_pd_row[4].gen_pd_col[3].u_pd/g438__2802/A               511           500            11
  --> Other violations on net                                              1003
u_core_gen_pd_row[4].gen_pd_col[2].u_pd/drc_bufs472/A              511           500            11
  --> Other violations on net                                              1003
u_core_gen_pd_row[4].gen_pd_col[1].u_pd/g2/B                       511           500            11
  --> Other violations on net                                              1003
u_core_gen_pd_row[4].gen_pd_col[1].u_pd/g447__9315/A               511           500            11
  --> Other violations on net                                              1003
u_core_gen_pd_row[4].gen_pd_col[1].u_pd/g437__1705/S               511           500            11
  --> Other violations on net                                              1003
u_core_gen_pd_row[4].gen_pd_col[1].u_pd/g438__5122/A               511           500            11
  --> Other violations on net                                              1003
u_core_gen_pd_row[3].gen_pd_col[2].u_pd/drc_bufs472/A              511           500            11
  --> Other violations on net                                              1003
u_core_gen_pd_row[3].gen_pd_col[1].u_pd/drc_bufs472/A              511           500            11
  --> Other violations on net                                              1003
u_core_gen_pd_row[2].gen_pd_col[0].u_pd/drc_bufs472/A              511           500            11
  --> Other violations on net                                              1003
u_core_gen_pd_row[1].gen_pd_col[7].u_pd/drc_bufs468/A              511           500            11
  --> Other violations on net                                              1003
u_core_gen_pd_row[0].gen_pd_col[4].u_pd/drc_bufs472/A              511           500            11
  --> Other violations on net                                              1003
u_core_gen_pd_row[0].gen_pd_col[1].u_pd/g2/B                       511           500            11
  --> Other violations on net                                              1003
u_core_gen_pd_row[0].gen_pd_col[1].u_pd/g447__1666/A               511           500            11
  --> Other violations on net                                              1003
u_core_gen_pd_row[0].gen_pd_col[1].u_pd/g437__6131/S               511           500            11
  --> Other violations on net                                              1003
u_core_gen_pd_row[0].gen_pd_col[1].u_pd/g438__1881/A               511           500            11
  --> Other violations on net                                              1003
u_core_gen_pd_row[0].gen_pd_col[3].u_pd/drc_bufs472/A              511           500            11
  --> Other violations on net                                              1003
u_core_gen_pd_row[0].gen_pd_col[3].u_pd/g447__2883/A               511           500            11
  --> Other violations on net                                              1003
u_core_gen_pd_row[0].gen_pd_col[3].u_pd/g437__8246/S               511           500            11
  --> Other violations on net                                              1003
u_core_gen_pd_row[0].gen_pd_col[3].u_pd/g438__7098/A               511           500            11
  --> Other violations on net                                              1003
u_core_gen_pd_row[0].gen_pd_col[5].u_pd/drc_bufs468/A              511           500            11
  --> Other violations on net                                              1003
u_core_gen_pd_row[0].gen_pd_col[0].u_pd/drc_bufs472/A              511           500            11
  --> Other violations on net                                              1003
u_core_gen_pd_row[1].gen_pd_col[0].u_pd/drc_bufs472/A              511           500            11
  --> Other violations on net                                              1003
u_core_gen_pd_row[2].gen_pd_col[1].u_pd/g2/B                       511           500            11
  --> Other violations on net                                              1003
u_core_gen_pd_row[2].gen_pd_col[1].u_pd/g447__1617/A               511           500            11
  --> Other violations on net                                              1003
u_core_gen_pd_row[2].gen_pd_col[1].u_pd/g437__6417/S               511           500            11
  --> Other violations on net                                              1003
u_core_gen_pd_row[2].gen_pd_col[1].u_pd/g438__5477/A               511           500            11
  --> Other violations on net                                              1003
u_core_gen_pd_row[2].gen_pd_col[3].u_pd/drc_bufs472/A              511           500            11
  --> Other violations on net                                              1003
u_core_gen_pd_row[2].gen_pd_col[3].u_pd/g447__6783/A               511           500            11
  --> Other violations on net                                              1003
u_core_gen_pd_row[2].gen_pd_col[3].u_pd/g437__1666/S               511           500            11
  --> Other violations on net                                              1003
u_core_gen_pd_row[2].gen_pd_col[3].u_pd/g438__7410/A               511           500            11
  --> Other violations on net                                              1003
u_core_gen_pd_row[2].gen_pd_col[5].u_pd/drc_bufs468/A              511           500            11
  --> Other violations on net                                              1003
u_core_gen_pd_row[2].gen_pd_col[6].u_pd/drc_bufs472/A              511           500            11
  --> Other violations on net                                              1003
u_core_gen_pd_row[2].gen_pd_col[7].u_pd/drc_bufs468/A              511           500            11
  --> Other violations on net                                              1003
u_core_gen_pd_row[3].gen_pd_col[6].u_pd/drc_bufs468/A              511           500            11
  --> Other violations on net                                              1003
u_core_gen_pd_row[4].gen_pd_col[0].u_pd/drc_bufs472/A              511           500            11
  --> Other violations on net                                              1003
u_core_gen_pd_row[5].gen_pd_col[3].u_pd/drc_bufs472/A              511           500            11
  --> Other violations on net                                              1003
u_core_gen_pd_row[5].gen_pd_col[4].u_pd/drc_bufs472/A              511           500            11
  --> Other violations on net                                              1003
u_core_gen_pd_row[6].gen_pd_col[4].u_pd/drc_bufs472/A              511           500            11
  --> Other violations on net                                              1003
u_core_gen_pd_row[7].gen_pd_col[2].u_pd/drc_bufs472/A              511           500            11
  --> Other violations on net                                              1003
u_core_gen_pd_row[7].gen_pd_col[3].u_pd/drc_bufs472/A              511           500            11
  --> Other violations on net                                              1003
u_core_gen_pd_row[7].gen_pd_col[6].u_pd/drc_bufs472/A              511           500            11
  --> Other violations on net                                              1003
u_core_gen_pd_row[6].gen_pd_col[7].u_pd/drc_bufs468/A              511           500            11
  --> Other violations on net                                              1003
u_core_gen_pd_row[6].gen_pd_col[6].u_pd/drc_bufs472/A              511           500            11
  --> Other violations on net                                              1003
u_core_gen_pd_row[6].gen_pd_col[5].u_pd/drc_bufs468/A              511           500            11
  --> Other violations on net                                              1003
u_core_gen_pd_row[6].gen_pd_col[3].u_pd/drc_bufs472/A              511           500            11
  --> Other violations on net                                              1003
u_core_gen_pd_row[5].gen_pd_col[2].u_pd/drc_bufs472/A              511           500            11
  --> Other violations on net                                              1003
u_core_gen_pd_row[4].gen_pd_col[6].u_pd/drc_bufs472/A              511           500            11
  --> Other violations on net                                              1003
u_core_gen_pd_row[3].gen_pd_col[7].u_pd/drc_bufs468/A              511           500            11
  --> Other violations on net                                              1003
u_core_gen_pd_row[3].gen_pd_col[4].u_pd/drc_bufs472/A              511           500            11
  --> Other violations on net                                              1003
u_core_gen_pd_row[3].gen_pd_col[3].u_pd/g2/B                       511           500            11
  --> Other violations on net                                              1003
u_core_gen_pd_row[3].gen_pd_col[3].u_pd/g447__6417/A               511           500            11
  --> Other violations on net                                              1003
u_core_gen_pd_row[3].gen_pd_col[3].u_pd/g437__5115/S               511           500            11
  --> Other violations on net                                              1003
u_core_gen_pd_row[3].gen_pd_col[3].u_pd/g438__7482/A               511           500            11
  --> Other violations on net                                              1003
u_core_gen_pd_row[3].gen_pd_col[0].u_pd/drc_bufs468/A              511           500            11
  --> Other violations on net                                              1003
u_core_gen_pd_row[2].gen_pd_col[4].u_pd/drc_bufs472/A              511           500            11
  --> Other violations on net                                              1003
u_core_gen_pd_row[2].gen_pd_col[2].u_pd/drc_bufs472/A              511           500            11
  --> Other violations on net                                              1003
u_core_gen_pd_row[1].gen_pd_col[5].u_pd/drc_bufs468/A              511           500            11
  --> Other violations on net                                              1003
u_core_gen_pd_row[1].gen_pd_col[4].u_pd/drc_bufs472/A              511           500            11
  --> Other violations on net                                              1003
u_core_gen_pd_row[0].gen_pd_col[6].u_pd/drc_bufs472/A              511           500            11
  --> Other violations on net                                              1003
u_core_gen_pd_row[1].gen_pd_col[2].u_pd/drc_bufs472/A              511           500            11
  --> Other violations on net                                              1003


Max_capacitance design rule: no violations.


Max_fanout design rule: no violations.



