============================================================
  Generated by:           Genus(TM) Synthesis Solution 22.13-s093_1
  Generated on:           Jun 09 2026  03:36:45 pm
  Module:                 mptdc_top_asic
  Operating conditions:   typ_1_80V_25C 
  Interconnect mode:      global
  Area mode:              physical library
============================================================

Timing
--------

Analysis view         Clock         Period 
-------------------------------------------
tc_view       clk_osc_fast          1333.0 
              clk_osc_fast_buf_tap0 1333.0 
              clk_osc_fast_buf_tap1 1333.0 
              clk_osc_fast_buf_tap2 1333.0 
              clk_osc_fast_buf_tap3 1333.0 
              clk_osc_fast_buf_tap4 1333.0 
              clk_osc_fast_buf_tap5 1333.0 
              clk_osc_fast_buf_tap6 1333.0 
              clk_osc_fast_buf_tap7 1333.0 
              clk_osc_fast_tap1     1333.0 
              clk_osc_fast_tap2     1333.0 
              clk_osc_fast_tap3     1333.0 
              clk_osc_fast_tap4     1333.0 
              clk_osc_fast_tap5     1333.0 
              clk_osc_fast_tap6     1333.0 
              clk_osc_fast_tap7     1333.0 
              clk_osc_slow          1430.0 
              clk_osc_slow_buf_tap0 1430.0 
              clk_osc_slow_buf_tap1 1430.0 
              clk_osc_slow_buf_tap2 1430.0 
              clk_osc_slow_buf_tap3 1430.0 
              clk_osc_slow_buf_tap4 1430.0 
              clk_osc_slow_buf_tap5 1430.0 
              clk_osc_slow_buf_tap6 1430.0 
              clk_osc_slow_buf_tap7 1430.0 
              clk_osc_slow_tap1     1430.0 
              clk_osc_slow_tap2     1430.0 
              clk_osc_slow_tap3     1430.0 
              clk_osc_slow_tap4     1430.0 
              clk_osc_slow_tap5     1430.0 
              clk_osc_slow_tap6     1430.0 
              clk_osc_slow_tap7     1430.0 
              clk_sys               6250.0 


Analysis          Cost          Critical         Violating 
  View           Group         Path Slack  TNS     Paths   
-----------------------------------------------------------
tc_view           clk_osc_fast   No paths   0.0          0 
         clk_osc_fast_buf_tap0        0.4   0.0          0 
         clk_osc_fast_buf_tap1       -0.7  -5.6          8 
         clk_osc_fast_buf_tap2        0.2   0.0          0 
         clk_osc_fast_buf_tap3       -0.8  -6.3          8 
         clk_osc_fast_buf_tap4        0.2   0.0          0 
         clk_osc_fast_buf_tap5       -3.5 -29.7          9 
         clk_osc_fast_buf_tap6       -1.1  -5.8          8 
         clk_osc_fast_buf_tap7       -3.5 -29.7          9 
             clk_osc_fast_tap1   No paths   0.0          0 
             clk_osc_fast_tap2   No paths   0.0          0 
             clk_osc_fast_tap3   No paths   0.0          0 
             clk_osc_fast_tap4   No paths   0.0          0 
             clk_osc_fast_tap5   No paths   0.0          0 
             clk_osc_fast_tap6   No paths   0.0          0 
             clk_osc_fast_tap7   No paths   0.0          0 
                  clk_osc_slow   No paths   0.0          0 
         clk_osc_slow_buf_tap0      448.8   0.0          0 
         clk_osc_slow_buf_tap1   No paths   0.0          0 
         clk_osc_slow_buf_tap2   No paths   0.0          0 
         clk_osc_slow_buf_tap3   No paths   0.0          0 
         clk_osc_slow_buf_tap4   No paths   0.0          0 
         clk_osc_slow_buf_tap5   No paths   0.0          0 
         clk_osc_slow_buf_tap6   No paths   0.0          0 
         clk_osc_slow_buf_tap7   No paths   0.0          0 
             clk_osc_slow_tap1   No paths   0.0          0 
             clk_osc_slow_tap2   No paths   0.0          0 
             clk_osc_slow_tap3   No paths   0.0          0 
             clk_osc_slow_tap4   No paths   0.0          0 
             clk_osc_slow_tap5   No paths   0.0          0 
             clk_osc_slow_tap6   No paths   0.0          0 
             clk_osc_slow_tap7   No paths   0.0          0 
                       clk_sys       27.4   0.0          0 
                       default   No paths   0.0          0 
-----------------------------------------------------------
Total                                     -77.1         42 
                                                           

Instance Count
--------------
Leaf Instance Count             17356 
Physical Instance count             0 
Sequential Instance Count        5697 
Combinational Instance Count    11659 
Hierarchical Instance Count        74 

Area
----
Cell Area                          496693.496
Physical Cell Area                 0.000
Total Cell Area (Cell+Physical)    496693.496
Net Area                           242335.077
Total Area (Cell+Physical+Net)     739028.573

Power
-----
Leakage Power                      100.713 nW
Dynamic Power                      163069144.500 nW
Total Power                        163069245.213 nW

Max Fanout                         4859 (clk_sys)
Min Fanout                         0 (local_async_rst_n)
Average Fanout                     2.8
Terms to net ratio                 3.8179
Terms to instance ratio            3.9639
Runtime                            553.407964999999 seconds
Elapsed Runtime                    524 seconds
Genus peak memory usage            2307.12 
Innovus peak memory usage          no_value 
Hostname                           lyoelectrosrv01.in2p3.fr
