--- Compiling/running VIP test with xrun ---
TOOL:	xrun(64)	23.03-s007: Started on May 27, 2026 at 12:34:24 CEST
xrun(64): 23.03-s007: (c) Copyright 1995-2023 Cadence Design Systems, Inc.
file: rtl/pkg/mptdc_pkg.sv
	package worklib.mptdc_pkg:sv
		errors: 0, warnings: 0
file: rtl/cdc/mptdc_reset_sync.sv
	module worklib.mptdc_reset_sync:sv
		errors: 0, warnings: 0
file: rtl/cdc/mptdc_pulse_sync.sv
	module worklib.mptdc_pulse_sync:sv
		errors: 0, warnings: 0
file: rtl/cdc/mptdc_gray_cnt_sync.sv
	module worklib.mptdc_gray_cnt_sync:sv
		errors: 0, warnings: 0
file: rtl/cdc/mptdc_sync_fifo.sv
	module worklib.mptdc_sync_fifo:sv
		errors: 0, warnings: 0
file: rtl/osc/mptdc_osc_model.sv
	module worklib.mptdc_osc_model:sv
		errors: 0, warnings: 0
file: rtl/osc/mptdc_osc_stub.sv
	module worklib.mptdc_osc_stub:sv
		errors: 0, warnings: 0
file: rtl/osc/mptdc_osc_wrapper.sv
	module worklib.mptdc_osc_wrapper:sv
		errors: 0, warnings: 0
file: rtl/pd/mptdc_pd_cell.sv
	module worklib.mptdc_pd_cell:sv
		errors: 0, warnings: 0
file: rtl/async/mptdc_stop_capture_async.sv
	module worklib.mptdc_stop_capture_async:sv
		errors: 0, warnings: 0
file: rtl/async/mptdc_async_frontend_v2.sv
	module worklib.mptdc_async_frontend_v2:sv
		errors: 0, warnings: 0
file: rtl/async/mptdc_hit_capture_bridge.sv
  input  stop_phase_disc_t            stop_slow_phase_disc_i,
                                                           |
xmvlog: *W,NODNTW (rtl/async/mptdc_hit_capture_bridge.sv,25|59): Implicit net port (stop_slow_phase_disc_i) is not allowed since `default_nettype is declared as 'none'; 'wire' used instead [19.2(IEEE 2001)].
	module worklib.mptdc_hit_capture_bridge:sv
		errors: 0, warnings: 1
file: rtl/async/mptdc_context_bank.sv
  input  mptdc_ctx_snapshot_t           capture_snapshot_i,
                                                         |
xmvlog: *W,NODNTW (rtl/async/mptdc_context_bank.sv,23|57): Implicit net port (capture_snapshot_i) is not allowed since `default_nettype is declared as 'none'; 'wire' used instead [19.2(IEEE 2001)].
	module worklib.mptdc_context_bank:sv
		errors: 0, warnings: 1
file: rtl/ctrl/mptdc_input_mux.sv
    input  mptdc_pkg::input_sel_e  input_sel_i,
                                             |
xmvlog: *W,NODNTW (rtl/ctrl/mptdc_input_mux.sv,40|45): Implicit net port (input_sel_i) is not allowed since `default_nettype is declared as 'none'; 'wire' used instead [19.2(IEEE 2001)].
	module worklib.mptdc_input_mux:sv
		errors: 0, warnings: 1
file: rtl/ctrl/mptdc_meas_ctrl.sv
	module worklib.mptdc_meas_ctrl:sv
		errors: 0, warnings: 0
file: rtl/ctrl/mptdc_drain_ctrl.sv
  input  mptdc_pkg::mptdc_ctx_snapshot_t     snapshot_i,
                                                      |
xmvlog: *W,NODNTW (rtl/ctrl/mptdc_drain_ctrl.sv,36|54): Implicit net port (snapshot_i) is not allowed since `default_nettype is declared as 'none'; 'wire' used instead [19.2(IEEE 2001)].
	module worklib.mptdc_drain_ctrl:sv
		errors: 0, warnings: 1
file: rtl/ctrl/mptdc_watchdog.sv
	module worklib.mptdc_watchdog:sv
		errors: 0, warnings: 0
file: rtl/readout/mptdc_tconv_reco.sv
	module worklib.mptdc_tconv_reco:sv
		errors: 0, warnings: 0
file: rtl/readout/mptdc_narrow16_tx_v2.sv
  input  mptdc_pkg::out_mode_e  out_mode_i,
                                         |
xmvlog: *W,NODNTW (rtl/readout/mptdc_narrow16_tx_v2.sv,31|41): Implicit net port (out_mode_i) is not allowed since `default_nettype is declared as 'none'; 'wire' used instead [19.2(IEEE 2001)].
  input  mptdc_pkg::mptdc_acq_rec_t fifo_rd_data_i,
                                                 |
xmvlog: *W,NODNTW (rtl/readout/mptdc_narrow16_tx_v2.sv,35|49): Implicit net port (fifo_rd_data_i) is not allowed since `default_nettype is declared as 'none'; 'wire' used instead [19.2(IEEE 2001)].
	module worklib.mptdc_narrow16_tx_v2:sv
		errors: 0, warnings: 2
file: rtl/readout/mptdc_csr_minimal.sv
  input  mptdc_pkg::mptdc_status_t  status_i,
                                           |
xmvlog: *W,NODNTW (rtl/readout/mptdc_csr_minimal.sv,45|43): Implicit net port (status_i) is not allowed since `default_nettype is declared as 'none'; 'wire' used instead [19.2(IEEE 2001)].
	module worklib.mptdc_csr_minimal:sv
		errors: 0, warnings: 1
file: rtl/top/mptdc_core.sv
  input  mptdc_pkg::mptdc_cfg_t cfg_i,
                                    |
xmvlog: *W,NODNTW (rtl/top/mptdc_core.sv,44|36): Implicit net port (cfg_i) is not allowed since `default_nettype is declared as 'none'; 'wire' used instead [19.2(IEEE 2001)].
	module worklib.mptdc_core:sv
		errors: 0, warnings: 1
file: rtl/top/mptdc_top_asic.sv
  input  mptdc_pkg::input_sel_e  input_sel_override_i,
                                                    |
xmvlog: *W,NODNTW (rtl/top/mptdc_top_asic.sv,42|52): Implicit net port (input_sel_override_i) is not allowed since `default_nettype is declared as 'none'; 'wire' used instead [19.2(IEEE 2001)].
  input  mptdc_pkg::out_mode_e   out_mode_override_i,
                                                   |
xmvlog: *W,NODNTW (rtl/top/mptdc_top_asic.sv,44|51): Implicit net port (out_mode_override_i) is not allowed since `default_nettype is declared as 'none'; 'wire' used instead [19.2(IEEE 2001)].
	module worklib.mptdc_top_asic:sv
		errors: 0, warnings: 2
file: tb/common/mptdc_tb_pkg.sv
	package worklib.mptdc_tb_pkg:sv
		errors: 0, warnings: 0
file: tb/vip/interfaces/mptdc_csr_if.sv
	interface worklib.mptdc_csr_if:sv
		errors: 0, warnings: 0
file: tb/vip/interfaces/mptdc_async_io_if.sv
	interface worklib.mptdc_async_io_if:sv
		errors: 0, warnings: 0
file: tb/vip/interfaces/mptdc_ref_stop_if.sv
	interface worklib.mptdc_ref_stop_if:sv
		errors: 0, warnings: 0
file: tb/vip/interfaces/mptdc_narrow_if.sv
	interface worklib.mptdc_narrow_if:sv
		errors: 0, warnings: 0
file: tb/vip/pkg/mptdc_vip_pkg.sv
	package worklib.mptdc_vip_pkg:sv
		errors: 0, warnings: 0
file: tb/tests/mptdc_vip_tb.sv
	module worklib.mptdc_vip_tb:sv
		errors: 0, warnings: 0
xmvlog: *W,SPDUSD: Include directory tb/vip/interfaces given but not used.
xmvlog: *W,SPDUSD: Include directory tb/vip/pkg given but not used.
xmvlog: *W,SPDUSD: Include directory tb/tests given but not used.
	Total errors/warnings found outside modules and primitives:
		errors: 0, warnings: 3
	Elaborating the design hierarchy:
		Caching library 'worklib' ....... Done
	Top level design units:
		mptdc_pkg
		mptdc_vip_pkg
		mptdc_tb_pkg
		mptdc_vip_tb

	Extracting FSMs for coverage:
		worklib.mptdc_reset_sync
		worklib.mptdc_input_mux
		worklib.mptdc_csr_minimal
		worklib.mptdc_async_frontend_v2
		worklib.mptdc_osc_model
		worklib.mptdc_osc_wrapper
		worklib.mptdc_pd_cell
		worklib.mptdc_stop_capture_async
		worklib.mptdc_gray_cnt_sync
		worklib.mptdc_meas_ctrl
			FSM extracted for state register state_q
		worklib.mptdc_hit_capture_bridge
		worklib.mptdc_context_bank
		worklib.mptdc_drain_ctrl
			FSM extracted for state register state_q
		worklib.mptdc_sync_fifo
		worklib.mptdc_narrow16_tx_v2
			FSM extracted for state register state_q
		worklib.mptdc_watchdog
		worklib.mptdc_core
		worklib.mptdc_top_asic
		worklib.mptdc_vip_tb
	Total FSMs extracted = 3
xmelab: *W,COVEOS: Currently, by default, coverage is not scored for expressions containing struct datatypes. In 13.1 release, such expressions can be scored using the "set_expr_scoring -struct" coverage configuration file command. In subsequent releases, the default scoring of expressions containing struct datatypes will be enabled. This change may prevent refinements from 13.1 release to be applied on coverage databases generated using subsequent releases in the default mode.
	Building instance overlay tables: 
xmelab: *W,COVFDP: FSM description matching across instance of a module for "COVFDM" warning has been moved from elaboration to simulation dumping. To restore old matching behavior, use "set_backward_compat -COVFDM_during_elab". Also, it is recommended to use set_parameterized_module_coverage CCF command to avoid coverage loss due to FSM description difference across instances of a module.
xmelab: *W,COVFHT: FSM hold transitions (transitions to the current state) are not extracted for any FSM in default mode.
.................... Done
	Enabling instrumentation for coverage types: block expression FSM toggle functional
xmelab: *W,COVDCL: By default expression coverage is scored only for Verilog logical operators (|| and &&) and VHDL logical operators (OR, AND, NOR, and NAND), and is scored only in condition expressions. To score coverage for other operators and for expressions in other statements, use the "set_expr_coverable_operators" and "set_expr_coverable_statements" coverage configuration file commands with suitable options at elaboration.
	Generating native compiled code:
		worklib.mptdc_watchdog:sv <0x776c133f>
			streams:   6, words:  3500
		worklib.mptdc_sync_fifo:sv <0x45429a50>
			streams:  19, words: 16836
		worklib.mptdc_drain_ctrl:sv <0x448a958a>
			streams:  31, words: 35553
		worklib.mptdc_context_bank:sv <0x23e69cb1>
			streams:   8, words:  8493
		worklib.mptdc_hit_capture_bridge:sv <0x1bb2adfd>
			streams:  17, words: 12550
		worklib.mptdc_meas_ctrl:sv <0x0ddd9c91>
			streams:  21, words: 26004
		worklib.mptdc_gray_cnt_sync:sv <0x69256cbd>
			streams:  24, words: 15348
		worklib.mptdc_gray_cnt_sync:sv <0x3e916207>
			streams:  24, words: 15301
		worklib.mptdc_stop_capture_async:sv <0x7ea33782>
			streams:   5, words:  2667
		worklib.mptdc_pd_cell:sv <0x6e4e5309>
			streams:   6, words:  5992
		worklib.mptdc_osc_wrapper:sv <0x5d6f0d6c>
			streams:   1, words:   473
		worklib.mptdc_osc_wrapper:sv <0x50e28137>
			streams:   1, words:   473
		worklib.mptdc_reset_sync:sv <0x4ffa3793>
			streams:   4, words:   976
		worklib.mptdc_reset_sync:sv <0x773b3392>
			streams:   4, words:   978
		worklib.mptdc_reset_sync:sv <0x1c7cf87b>
			streams:   4, words:   978
		worklib.mptdc_csr_minimal:sv <0x1b55dd6f>
			streams:  16, words: 18672
		worklib.mptdc_input_mux:sv <0x4a4e7a5b>
			streams:   2, words:   532
		worklib.mptdc_reset_sync:sv <0x5570d45d>
			streams:   4, words:   978
		worklib.mptdc_reset_sync:sv <0x6fabb3eb>
			streams:   4, words:   978
		worklib.mptdc_reset_sync:sv <0x14c2a711>
			streams:   4, words:   976
		worklib.mptdc_top_asic:sv <0x20852202>
			streams:  14, words:  6895
		worklib.mptdc_vip_tb:sv <0x7f79631c>
			streams:  28, words: 44830
		worklib.mptdc_vip_pkg:sv <0x6210dd73>
			streams: 316, words: 424457
		worklib.mptdc_tb_pkg:sv <0x358a5746>
			streams:  15, words: 24002
		worklib.mptdc_narrow_if:sv <0x56f68bc8>
			streams:   4, words:  3264
		worklib.mptdc_async_frontend_v2:sv <0x7915620e>
			streams:  22, words: 20814
		worklib.mptdc_osc_model:sv <0x43767ef2>
			streams:   4, words: 10275
		worklib.mptdc_osc_model:sv <0x1df3c981>
			streams:   4, words: 10275
		worklib.mptdc_core:sv <0x175b8e6f>
			streams:  63, words: 30126
		worklib.mptdc_csr_if:sv <0x66c66e00>
			streams:   9, words: 16706
		worklib.mptdc_async_io_if:sv <0x2b2dec4b>
			streams:   6, words: 21934
		worklib.mptdc_narrow16_tx_v2:sv <0x6d61fca9>
			streams:  17, words: 22899
		worklib.mptdc_pkg:sv <0x5a04a657>
			streams:   3, words:  1065
		worklib.mptdc_ref_stop_if:sv <0x515f4be0>
			streams:   5, words:  5554
xmelab: *W,COVNOEN: By default, toggle coverage is not supported for systemverilog enumerated nets and variables. To enable toggle coverage of these objects, specify the 'set_toggle_scoring -sv_enum' command in the coverage configuration file.
  integer osc_jitter_sigma_ps;
                            |
xmelab: *W,COVUTA (./rtl/osc/mptdc_osc_model.sv,55|28): Toggle coverage is not supported for SystemVerilog integer, real, string, dynamic array, sparse memory and reference ports. It is also not supported for VHDL multi-dimensional array and array of record. There may also be other such objects in the design.
  mptdc_ctx_snapshot_t ctx_snapshot_q [N_CTX];
                                    |
xmelab: *W,COVMDD (./rtl/async/mptdc_context_bank.sv,31|36): Toggle coverage for bit, logic, reg, wire, enum and struct multi-dimensional static arrays and vectors is not supported by default. To enable toggle coverage for enum multi-dimensional static arrays specify 'set_toggle_scoring -sv_enum enable_mda' and for other multi-dimensional static arrays, specify 'set_toggle_scoring -sv_mda [<max_bit_base2_exponent>] [-sv_mda_of_struct]' ccf command in the coverage configuration file.
	Building instance specific data structures.
xmelab: *W,CGPIDF: Covergroup "per_instance" option , by default, is set as 0.
xmelab: *N,COVCGN: Coverage configuration file command "set_covergroup -new_instance_reporting" can be specified to improve the scoping and naming of covergroup instances. It may be noted that subsequent merging of a coverage database saved with this command and a coverage database saved without this command is not allowed.
	Loading native compiled code:     .................... Done
	Design hierarchy summary:
		                      Instances  Unique
		Modules:                     93      19
		Interfaces:                   4       4
		Verilog packages:             3       3
		Registers:                 1274     951
		Scalar wires:               275       -
		Expanded wires:             503      67
		Vectored wires:              85       -
		Always blocks:              225      69
		Initial blocks:              39      14
		Parallel blocks:              3       3
		Cont. assignments:           93      99
		Pseudo assignments:         112       -
		Assertions:                  82      19
		Covergroup Instances:         0       2
		SV Class declarations:       37      37
		SV Class specializations:    37      37
		Simulation timescale:       1ps
	Writing initial simulation snapshot: worklib.mptdc_vip_tb:sv
Loading snapshot worklib.mptdc_vip_tb:sv .................... Done
SVSEED default: 1
xcelium> source /eda/cadence/2023-24/RHELx86/XCELIUM_23.03.007/tools/xcelium/files/xmsimrc
xcelium> run
[OSC_WRAPPER] MODE = MODEL (behavioural simulation with #delays)
[OSC_MODEL] NE=8 TS_STEP_PS=55 HALF_PERIOD=440
[OSC_MODEL] jitter_sigma_ps=0 jitter_bound_ps=0
[OSC_WRAPPER] MODE = MODEL (behavioural simulation with #delays)
[OSC_MODEL] NE=8 TS_STEP_PS=50 HALF_PERIOD=400
[OSC_MODEL] jitter_sigma_ps=0 jitter_bound_ps=0
[VIP][TB] Starting test=global_watchdog_recovery seed=7000 stop_model=1 ref_phase_ps=4922 jitter_sigma_ps=0 jitter_bound_ps=0 num_conv=0
[VIP][DRV] RESET[reset] low=100000 settle=100000
[VIP][DRV] CFG[cfg_global_trip] mode=0 input=0 out=0 max_hits=0 eff_max_hits=0 wdt_ctx=65535 wdt_global=128
[VIP][DRV] BP[bp_ready] mode=always_ready seed=7000
[VIP][DRV] CONV[global_trip_start_only] attempt=0 event=-1 src=0 stop_model=qualified_ref delay=10000 arm_settle=0 pulse_w=1000 start_only=1 expect_packet=0 accepted=0 cfg_mode=0 out=0 conv_id_chk=0 exp_conv_id=0
[VIP][DRV] CFG[cfg_global_recovery] mode=0 input=0 out=0 max_hits=15 eff_max_hits=15 wdt_ctx=65535 wdt_global=0
[VIP][DRV] CONV[global_wdt_recovery_probe] attempt=1 event=-1 src=0 stop_model=qualified_ref delay=10000 arm_settle=200000 pulse_w=1000 start_only=0 expect_packet=1 accepted=0 cfg_mode=0 out=0 conv_id_chk=1 exp_conv_id=0
[VIP][SB] PASS CONV[global_wdt_recovery_probe] attempt=1 event=0 src=0 stop_model=qualified_ref delay=10000 arm_settle=200000 pulse_w=1000 start_only=0 expect_packet=1 accepted=1 cfg_mode=0 out=0 conv_id_chk=1 exp_conv_id=0 -> PKT[packet] ctx=0 hits=0 out_mode=0 flags=0001 conv_id=0 words=2
[VIP][DRV] CONV[global_wdt_recovery_confirm] attempt=2 event=-1 src=0 stop_model=qualified_ref delay=18000 arm_settle=200000 pulse_w=1000 start_only=0 expect_packet=1 accepted=0 cfg_mode=0 out=0 conv_id_chk=1 exp_conv_id=1
[VIP][SB] PASS CONV[global_wdt_recovery_confirm] attempt=2 event=1 src=0 stop_model=qualified_ref delay=18000 arm_settle=200000 pulse_w=1000 start_only=0 expect_packet=1 accepted=1 cfg_mode=0 out=0 conv_id_chk=1 exp_conv_id=1 -> PKT[packet] ctx=0 hits=15 out_mode=0 flags=0010 conv_id=1 words=32
[VIP][DRV] End-of-test transaction observed
[VIP][SB] Scoreboard done: 2 packets checked
[VIP][TEST] global_watchdog_recovery WDT_STATUS global_trip_cnt=5
[VIP][TEST] global_watchdog_recovery PASSED
[VIP][TB] TEST COMPLETE: global_watchdog_recovery
Simulation complete via $finish(1) at time 8034375 PS + 1
./tb/tests/mptdc_vip_tb.sv:272     $finish;
xcelium> exit
xmsim: *N,COVCGN: Coverage configuration file command "set_covergroup -new_instance_reporting" can be specified to improve the scoping and naming of covergroup instances. It may be noted that subsequent merging of a coverage database saved with this command and a coverage database saved without this command is not allowed.
xmsim: *W,CGDEFN: Default name "mptdc_vip_tb.test.mptdc_base_test::env.cov.stim_cg" will be generated for covergroup instance "stim_cg" as the name of the covergroup instance is not specified explicitly: ./tb/vip/pkg/mptdc_vip_pkg.sv, 624.
xmsim: *W,CGDEFN: Default name "mptdc_vip_tb.test.mptdc_base_test::env.cov.pkt_cg" will be generated for covergroup instance "pkt_cg" as the name of the covergroup instance is not specified explicitly: ./tb/vip/pkg/mptdc_vip_pkg.sv, 694.

coverage setup:
  workdir  :  /home/validmgr/ksabra/2026_SPAD/SPADMIC/MPTDC/results/xcelium/20260527_1115_h1_drain_pipeline_xcelium_retry/vip/cov_work
  dutinst  :  mptdc_vip_tb(mptdc_vip_tb)
  scope    :  scope
  testname :  global_watchdog_recovery__seed_7000

coverage files:
  model(design data) :  /home/validmgr/ksabra/2026_SPAD/SPADMIC/MPTDC/results/xcelium/20260527_1115_h1_drain_pipeline_xcelium_retry/vip/cov_work/scope/icc_3f27991c_24588a3e.ucm
  data               :  /home/validmgr/ksabra/2026_SPAD/SPADMIC/MPTDC/results/xcelium/20260527_1115_h1_drain_pipeline_xcelium_retry/vip/cov_work/scope/global_watchdog_recovery__seed_7000/icc_3f27991c_24588a3e.ucd
TOOL:	xrun(64)	23.03-s007: Exiting on May 27, 2026 at 12:34:26 CEST  (total: 00:00:02)
