# O5 Standard-Cell PD Check

post_synth_netlist=/home/validmgr/ksabra/2026_SPAD/SPADMIC/results/genus_osc_pd/20260602_o5_pd_stdcell_closure_o5_noreset_ts_fast/mptdc_top_asic.postsyn.v

## RO_tune4 instance lines
27249:  RO_tune4 u_ro_tune4(.code (8'b0), .rstb (en), .S (phase));
27262:  RO_tune4 u_ro_tune4(.code (8'b0), .rstb (en), .S (phase));

## O5 tag/epoch references
7:module mptdc_fast_epoch_tag_W7_SEED1(clk_fast, rst_n, clear_window,
40:module mptdc_fast_epoch_tag_W7_SEED1_1263(clk_fast, rst_n,
68:module mptdc_fast_epoch_tag_W7_SEED1_1262(clk_fast, rst_n,
96:module mptdc_fast_epoch_tag_W7_SEED1_1261(clk_fast, rst_n,
124:module mptdc_fast_epoch_tag_W7_SEED1_1260(clk_fast, rst_n,
152:module mptdc_fast_epoch_tag_W7_SEED1_1259(clk_fast, rst_n,
180:module mptdc_fast_epoch_tag_W7_SEED1_1258(clk_fast, rst_n,
208:module mptdc_fast_epoch_tag_W7_SEED1_1257(clk_fast, rst_n,
27359:module mptdc_slow_epoch_johnson_STAGES64(clk_slow, rst_n, clear_window,
27528:module mptdc_stop_epoch_capture_async(rst_n, async_clr_i, stop_async_i,
28642:  mptdc_fast_epoch_tag_W7_SEED1 \u_core_gen_fast_tag_col[0].u_fast_tag
28646:  mptdc_fast_epoch_tag_W7_SEED1_1263
28647:       \u_core_gen_fast_tag_col[1].u_fast_tag (.clk_fast
28651:  mptdc_fast_epoch_tag_W7_SEED1_1262
28652:       \u_core_gen_fast_tag_col[2].u_fast_tag (.clk_fast
28656:  mptdc_fast_epoch_tag_W7_SEED1_1261
28657:       \u_core_gen_fast_tag_col[3].u_fast_tag (.clk_fast
28661:  mptdc_fast_epoch_tag_W7_SEED1_1260
28662:       \u_core_gen_fast_tag_col[4].u_fast_tag (.clk_fast
28666:  mptdc_fast_epoch_tag_W7_SEED1_1259
28667:       \u_core_gen_fast_tag_col[5].u_fast_tag (.clk_fast
28671:  mptdc_fast_epoch_tag_W7_SEED1_1258
28672:       \u_core_gen_fast_tag_col[6].u_fast_tag (.clk_fast
28676:  mptdc_fast_epoch_tag_W7_SEED1_1257
28677:       \u_core_gen_fast_tag_col[7].u_fast_tag (.clk_fast
29390:  mptdc_slow_epoch_johnson_STAGES64 u_core_u_slow_epoch(.clk_slow
29403:  mptdc_stop_epoch_capture_async u_core_u_stop_epoch_capture(.rst_n

## timestamp flop/reset and clock-gating references
254:  DFRSQHDX2 \nfast_hit_latched_reg[0] (.SN (1'b1), .C (fast_phase), .D
257:  DFRQHDX1 \nfast_hit_latched_reg[1] (.C (fast_phase), .D (n_30), .Q
260:  DFRQHDX1 \nfast_hit_latched_reg[4] (.C (fast_phase), .D (n_29), .Q
262:  DFRQHDX1 \nfast_hit_latched_reg[3] (.C (fast_phase), .D (n_28), .Q
264:  DFRQHDX1 \nfast_hit_latched_reg[2] (.C (fast_phase), .D (n_27), .Q
266:  DFRQHDX1 \nfast_hit_latched_reg[5] (.C (fast_phase), .D (n_25), .Q
268:  DFRQHDX1 \nfast_hit_latched_reg[6] (.C (fast_phase), .D (n_26), .Q
332:  DFRSQHDX2 \nfast_hit_latched_reg[0] (.SN (1'b1), .C (fast_phase), .D
336:  DFRQHDX2 \nfast_hit_latched_reg[4] (.C (fast_phase), .D (n_27), .Q
338:  DFRQHDX2 \nfast_hit_latched_reg[2] (.C (fast_phase), .D (n_29), .Q
340:  DFRQHDX1 \nfast_hit_latched_reg[5] (.C (fast_phase), .D (n_31), .Q
383:  DFRHDX2 \nfast_hit_latched_reg[1] (.C (fast_phase), .D (n_28), .Q
385:  DFRHDX2 \nfast_hit_latched_reg[3] (.C (fast_phase), .D (n_30), .Q
387:  DFRHDX2 \nfast_hit_latched_reg[6] (.C (fast_phase), .D (n_26), .Q
411:  DFRSQHDX2 \nfast_hit_latched_reg[0] (.SN (1'b1), .C (fast_phase), .D
415:  DFRQHDX1 \nfast_hit_latched_reg[4] (.C (fast_phase), .D (n_27), .Q
417:  DFRQHDX1 \nfast_hit_latched_reg[2] (.C (fast_phase), .D (n_29), .Q
419:  DFRQHDX1 \nfast_hit_latched_reg[5] (.C (fast_phase), .D (n_31), .Q
462:  DFRHDX2 \nfast_hit_latched_reg[1] (.C (fast_phase), .D (n_28), .Q
464:  DFRHDX2 \nfast_hit_latched_reg[3] (.C (fast_phase), .D (n_30), .Q
466:  DFRHDX2 \nfast_hit_latched_reg[6] (.C (fast_phase), .D (n_26), .Q
489:  DFRSQHDX2 \nfast_hit_latched_reg[0] (.SN (1'b1), .C (fast_phase), .D
492:  DFRQHDX1 \nfast_hit_latched_reg[1] (.C (fast_phase), .D (n_29), .Q
495:  DFRQHDX2 \nfast_hit_latched_reg[4] (.C (fast_phase), .D (n_28), .Q
497:  DFRQHDX2 \nfast_hit_latched_reg[3] (.C (fast_phase), .D (n_31), .Q
499:  DFRQHDX1 \nfast_hit_latched_reg[2] (.C (fast_phase), .D (n_30), .Q
501:  DFRQHDX1 \nfast_hit_latched_reg[5] (.C (fast_phase), .D (n_32), .Q
503:  DFRQHDX2 \nfast_hit_latched_reg[6] (.C (fast_phase), .D (n_27), .Q
568:  DFRSQHDX2 \nfast_hit_latched_reg[0] (.SN (1'b1), .C (fast_phase), .D
571:  DFRQHDX1 \nfast_hit_latched_reg[1] (.C (fast_phase), .D (n_29), .Q
574:  DFRQHDX1 \nfast_hit_latched_reg[4] (.C (fast_phase), .D (n_28), .Q
576:  DFRQHDX1 \nfast_hit_latched_reg[3] (.C (fast_phase), .D (n_31), .Q
578:  DFRQHDX1 \nfast_hit_latched_reg[2] (.C (fast_phase), .D (n_30), .Q
580:  DFRQHDX1 \nfast_hit_latched_reg[5] (.C (fast_phase), .D (n_32), .Q
582:  DFRQHDX1 \nfast_hit_latched_reg[6] (.C (fast_phase), .D (n_27), .Q
647:  DFRSQHDX2 \nfast_hit_latched_reg[0] (.SN (1'b1), .C (fast_phase), .D
650:  DFRQHDX1 \nfast_hit_latched_reg[1] (.C (fast_phase), .D (n_29), .Q
653:  DFRQHDX2 \nfast_hit_latched_reg[4] (.C (fast_phase), .D (n_28), .Q
655:  DFRQHDX2 \nfast_hit_latched_reg[3] (.C (fast_phase), .D (n_31), .Q
657:  DFRQHDX1 \nfast_hit_latched_reg[2] (.C (fast_phase), .D (n_30), .Q
659:  DFRQHDX1 \nfast_hit_latched_reg[5] (.C (fast_phase), .D (n_32), .Q
661:  DFRQHDX1 \nfast_hit_latched_reg[6] (.C (fast_phase), .D (n_27), .Q
726:  DFRSQHDX2 \nfast_hit_latched_reg[0] (.SN (1'b1), .C (fast_phase), .D
729:  DFRQHDX1 \nfast_hit_latched_reg[1] (.C (fast_phase), .D (n_29), .Q
732:  DFRQHDX1 \nfast_hit_latched_reg[4] (.C (fast_phase), .D (n_28), .Q
734:  DFRQHDX1 \nfast_hit_latched_reg[3] (.C (fast_phase), .D (n_31), .Q
736:  DFRQHDX1 \nfast_hit_latched_reg[2] (.C (fast_phase), .D (n_30), .Q
738:  DFRQHDX1 \nfast_hit_latched_reg[5] (.C (fast_phase), .D (n_32), .Q
740:  DFRQHDX1 \nfast_hit_latched_reg[6] (.C (fast_phase), .D (n_27), .Q
806:  DFRSQHDX2 \nfast_hit_latched_reg[0] (.SN (1'b1), .C (fast_phase), .D
810:  DFRQHDX1 \nfast_hit_latched_reg[4] (.C (fast_phase), .D (n_27), .Q
812:  DFRQHDX1 \nfast_hit_latched_reg[2] (.C (fast_phase), .D (n_29), .Q
814:  DFRQHDX1 \nfast_hit_latched_reg[5] (.C (fast_phase), .D (n_31), .Q
857:  DFRHDX2 \nfast_hit_latched_reg[1] (.C (fast_phase), .D (n_28), .Q
859:  DFRHDX2 \nfast_hit_latched_reg[3] (.C (fast_phase), .D (n_30), .Q
861:  DFRHDX2 \nfast_hit_latched_reg[6] (.C (fast_phase), .D (n_26), .Q
884:  DFRSQHDX2 \nfast_hit_latched_reg[0] (.SN (1'b1), .C (fast_phase), .D
887:  DFRQHDX1 \nfast_hit_latched_reg[1] (.C (fast_phase), .D (n_30), .Q
890:  DFRQHDX1 \nfast_hit_latched_reg[4] (.C (fast_phase), .D (n_29), .Q
892:  DFRQHDX1 \nfast_hit_latched_reg[3] (.C (fast_phase), .D (n_28), .Q
894:  DFRQHDX2 \nfast_hit_latched_reg[2] (.C (fast_phase), .D (n_27), .Q
896:  DFRQHDX1 \nfast_hit_latched_reg[5] (.C (fast_phase), .D (n_25), .Q
898:  DFRQHDX2 \nfast_hit_latched_reg[6] (.C (fast_phase), .D (n_26), .Q
962:  DFRSQHDX2 \nfast_hit_latched_reg[0] (.SN (1'b1), .C (fast_phase), .D
966:  DFRQHDX2 \nfast_hit_latched_reg[4] (.C (fast_phase), .D (n_27), .Q
968:  DFRQHDX1 \nfast_hit_latched_reg[2] (.C (fast_phase), .D (n_29), .Q
970:  DFRQHDX1 \nfast_hit_latched_reg[5] (.C (fast_phase), .D (n_31), .Q
1013:  DFRHDX2 \nfast_hit_latched_reg[1] (.C (fast_phase), .D (n_28), .Q
1015:  DFRHDX2 \nfast_hit_latched_reg[3] (.C (fast_phase), .D (n_30), .Q
1017:  DFRHDX2 \nfast_hit_latched_reg[6] (.C (fast_phase), .D (n_26), .Q
1041:  DFRSQHDX2 \nfast_hit_latched_reg[0] (.SN (1'b1), .C (fast_phase), .D
1045:  DFRQHDX1 \nfast_hit_latched_reg[4] (.C (fast_phase), .D (n_27), .Q
1047:  DFRQHDX1 \nfast_hit_latched_reg[2] (.C (fast_phase), .D (n_29), .Q
1049:  DFRQHDX1 \nfast_hit_latched_reg[5] (.C (fast_phase), .D (n_31), .Q
1092:  DFRHDX2 \nfast_hit_latched_reg[1] (.C (fast_phase), .D (n_28), .Q
1094:  DFRHDX2 \nfast_hit_latched_reg[3] (.C (fast_phase), .D (n_30), .Q
1096:  DFRHDX2 \nfast_hit_latched_reg[6] (.C (fast_phase), .D (n_26), .Q
1119:  DFRSQHDX2 \nfast_hit_latched_reg[0] (.SN (1'b1), .C (fast_phase), .D
1122:  DFRQHDX1 \nfast_hit_latched_reg[1] (.C (fast_phase), .D (n_29), .Q
1125:  DFRQHDX1 \nfast_hit_latched_reg[4] (.C (fast_phase), .D (n_28), .Q
1127:  DFRQHDX1 \nfast_hit_latched_reg[3] (.C (fast_phase), .D (n_31), .Q
1129:  DFRQHDX1 \nfast_hit_latched_reg[2] (.C (fast_phase), .D (n_30), .Q
1131:  DFRQHDX1 \nfast_hit_latched_reg[5] (.C (fast_phase), .D (n_32), .Q
1133:  DFRQHDX1 \nfast_hit_latched_reg[6] (.C (fast_phase), .D (n_27), .Q
1198:  DFRSQHDX2 \nfast_hit_latched_reg[0] (.SN (1'b1), .C (fast_phase), .D
1201:  DFRQHDX1 \nfast_hit_latched_reg[1] (.C (fast_phase), .D (n_29), .Q
1204:  DFRQHDX1 \nfast_hit_latched_reg[4] (.C (fast_phase), .D (n_28), .Q
1206:  DFRQHDX1 \nfast_hit_latched_reg[3] (.C (fast_phase), .D (n_31), .Q
1208:  DFRQHDX1 \nfast_hit_latched_reg[2] (.C (fast_phase), .D (n_30), .Q
1210:  DFRQHDX1 \nfast_hit_latched_reg[5] (.C (fast_phase), .D (n_32), .Q
1212:  DFRQHDX1 \nfast_hit_latched_reg[6] (.C (fast_phase), .D (n_27), .Q
1277:  DFRSQHDX2 \nfast_hit_latched_reg[0] (.SN (1'b1), .C (fast_phase), .D
1280:  DFRQHDX1 \nfast_hit_latched_reg[1] (.C (fast_phase), .D (n_29), .Q
1283:  DFRQHDX1 \nfast_hit_latched_reg[4] (.C (fast_phase), .D (n_28), .Q
1285:  DFRQHDX1 \nfast_hit_latched_reg[3] (.C (fast_phase), .D (n_31), .Q
1287:  DFRQHDX1 \nfast_hit_latched_reg[2] (.C (fast_phase), .D (n_30), .Q
1289:  DFRQHDX1 \nfast_hit_latched_reg[5] (.C (fast_phase), .D (n_32), .Q
1291:  DFRQHDX1 \nfast_hit_latched_reg[6] (.C (fast_phase), .D (n_27), .Q
1356:  DFRSQHDX2 \nfast_hit_latched_reg[0] (.SN (1'b1), .C (fast_phase), .D
1359:  DFRQHDX1 \nfast_hit_latched_reg[1] (.C (fast_phase), .D (n_29), .Q
1362:  DFRQHDX1 \nfast_hit_latched_reg[4] (.C (fast_phase), .D (n_28), .Q
1364:  DFRQHDX1 \nfast_hit_latched_reg[3] (.C (fast_phase), .D (n_31), .Q
1366:  DFRQHDX1 \nfast_hit_latched_reg[2] (.C (fast_phase), .D (n_30), .Q
1368:  DFRQHDX1 \nfast_hit_latched_reg[5] (.C (fast_phase), .D (n_32), .Q
1370:  DFRQHDX1 \nfast_hit_latched_reg[6] (.C (fast_phase), .D (n_27), .Q
1436:  DFRSQHDX2 \nfast_hit_latched_reg[0] (.SN (1'b1), .C (fast_phase), .D
1440:  DFRQHDX1 \nfast_hit_latched_reg[4] (.C (fast_phase), .D (n_27), .Q
1442:  DFRQHDX1 \nfast_hit_latched_reg[2] (.C (fast_phase), .D (n_29), .Q
1444:  DFRQHDX1 \nfast_hit_latched_reg[5] (.C (fast_phase), .D (n_31), .Q
1487:  DFRHDX2 \nfast_hit_latched_reg[1] (.C (fast_phase), .D (n_28), .Q
1489:  DFRHDX2 \nfast_hit_latched_reg[3] (.C (fast_phase), .D (n_30), .Q
1491:  DFRHDX2 \nfast_hit_latched_reg[6] (.C (fast_phase), .D (n_26), .Q
1514:  DFRSQHDX2 \nfast_hit_latched_reg[0] (.SN (1'b1), .C (fast_phase), .D
1517:  DFRQHDX1 \nfast_hit_latched_reg[1] (.C (fast_phase), .D (n_30), .Q
1520:  DFRQHDX1 \nfast_hit_latched_reg[4] (.C (fast_phase), .D (n_29), .Q
1522:  DFRQHDX1 \nfast_hit_latched_reg[3] (.C (fast_phase), .D (n_28), .Q
1524:  DFRQHDX1 \nfast_hit_latched_reg[2] (.C (fast_phase), .D (n_27), .Q
1526:  DFRQHDX1 \nfast_hit_latched_reg[5] (.C (fast_phase), .D (n_25), .Q
1528:  DFRQHDX1 \nfast_hit_latched_reg[6] (.C (fast_phase), .D (n_26), .Q
1592:  DFRSQHDX2 \nfast_hit_latched_reg[0] (.SN (1'b1), .C (fast_phase), .D
1596:  DFRQHDX1 \nfast_hit_latched_reg[4] (.C (fast_phase), .D (n_27), .Q
1598:  DFRQHDX1 \nfast_hit_latched_reg[2] (.C (fast_phase), .D (n_29), .Q
1600:  DFRQHDX1 \nfast_hit_latched_reg[5] (.C (fast_phase), .D (n_31), .Q
1643:  DFRHDX2 \nfast_hit_latched_reg[1] (.C (fast_phase), .D (n_28), .Q
1645:  DFRHDX2 \nfast_hit_latched_reg[3] (.C (fast_phase), .D (n_30), .Q
1647:  DFRHDX2 \nfast_hit_latched_reg[6] (.C (fast_phase), .D (n_26), .Q
1671:  DFRSQHDX2 \nfast_hit_latched_reg[0] (.SN (1'b1), .C (fast_phase), .D
1675:  DFRQHDX1 \nfast_hit_latched_reg[4] (.C (fast_phase), .D (n_27), .Q
1677:  DFRQHDX1 \nfast_hit_latched_reg[2] (.C (fast_phase), .D (n_29), .Q
1679:  DFRQHDX1 \nfast_hit_latched_reg[5] (.C (fast_phase), .D (n_31), .Q
1722:  DFRHDX2 \nfast_hit_latched_reg[1] (.C (fast_phase), .D (n_28), .Q
1724:  DFRHDX2 \nfast_hit_latched_reg[3] (.C (fast_phase), .D (n_30), .Q
1726:  DFRHDX2 \nfast_hit_latched_reg[6] (.C (fast_phase), .D (n_26), .Q
1749:  DFRSQHDX2 \nfast_hit_latched_reg[0] (.SN (1'b1), .C (fast_phase), .D
1752:  DFRQHDX1 \nfast_hit_latched_reg[1] (.C (fast_phase), .D (n_29), .Q
1755:  DFRQHDX1 \nfast_hit_latched_reg[4] (.C (fast_phase), .D (n_28), .Q
1757:  DFRQHDX1 \nfast_hit_latched_reg[3] (.C (fast_phase), .D (n_31), .Q
1759:  DFRQHDX1 \nfast_hit_latched_reg[2] (.C (fast_phase), .D (n_30), .Q
1761:  DFRQHDX1 \nfast_hit_latched_reg[5] (.C (fast_phase), .D (n_32), .Q
1763:  DFRQHDX1 \nfast_hit_latched_reg[6] (.C (fast_phase), .D (n_27), .Q
1828:  DFRSQHDX2 \nfast_hit_latched_reg[0] (.SN (1'b1), .C (fast_phase), .D
1831:  DFRQHDX1 \nfast_hit_latched_reg[1] (.C (fast_phase), .D (n_29), .Q
1834:  DFRQHDX1 \nfast_hit_latched_reg[4] (.C (fast_phase), .D (n_28), .Q
1836:  DFRQHDX1 \nfast_hit_latched_reg[3] (.C (fast_phase), .D (n_31), .Q
1838:  DFRQHDX1 \nfast_hit_latched_reg[2] (.C (fast_phase), .D (n_30), .Q
1840:  DFRQHDX1 \nfast_hit_latched_reg[5] (.C (fast_phase), .D (n_32), .Q
1842:  DFRQHDX1 \nfast_hit_latched_reg[6] (.C (fast_phase), .D (n_27), .Q
1907:  DFRSQHDX2 \nfast_hit_latched_reg[0] (.SN (1'b1), .C (fast_phase), .D
1910:  DFRQHDX1 \nfast_hit_latched_reg[1] (.C (fast_phase), .D (n_29), .Q
1913:  DFRQHDX1 \nfast_hit_latched_reg[4] (.C (fast_phase), .D (n_28), .Q
1915:  DFRQHDX1 \nfast_hit_latched_reg[3] (.C (fast_phase), .D (n_31), .Q
1917:  DFRQHDX1 \nfast_hit_latched_reg[2] (.C (fast_phase), .D (n_30), .Q
1919:  DFRQHDX2 \nfast_hit_latched_reg[5] (.C (fast_phase), .D (n_32), .Q
1921:  DFRQHDX2 \nfast_hit_latched_reg[6] (.C (fast_phase), .D (n_27), .Q
1986:  DFRSQHDX2 \nfast_hit_latched_reg[0] (.SN (1'b1), .C (fast_phase), .D
1989:  DFRQHDX1 \nfast_hit_latched_reg[1] (.C (fast_phase), .D (n_29), .Q
1992:  DFRQHDX1 \nfast_hit_latched_reg[4] (.C (fast_phase), .D (n_28), .Q
1994:  DFRQHDX2 \nfast_hit_latched_reg[3] (.C (fast_phase), .D (n_31), .Q
1996:  DFRQHDX1 \nfast_hit_latched_reg[2] (.C (fast_phase), .D (n_30), .Q
1998:  DFRQHDX1 \nfast_hit_latched_reg[5] (.C (fast_phase), .D (n_32), .Q
2000:  DFRQHDX1 \nfast_hit_latched_reg[6] (.C (fast_phase), .D (n_27), .Q
2066:  DFRSQHDX2 \nfast_hit_latched_reg[0] (.SN (1'b1), .C (fast_phase), .D
2070:  DFRQHDX1 \nfast_hit_latched_reg[4] (.C (fast_phase), .D (n_27), .Q
2072:  DFRQHDX1 \nfast_hit_latched_reg[2] (.C (fast_phase), .D (n_29), .Q
2074:  DFRQHDX1 \nfast_hit_latched_reg[5] (.C (fast_phase), .D (n_31), .Q
2117:  DFRHDX2 \nfast_hit_latched_reg[1] (.C (fast_phase), .D (n_28), .Q
2119:  DFRHDX2 \nfast_hit_latched_reg[3] (.C (fast_phase), .D (n_30), .Q
2121:  DFRHDX2 \nfast_hit_latched_reg[6] (.C (fast_phase), .D (n_26), .Q
2144:  DFRSQHDX2 \nfast_hit_latched_reg[0] (.SN (1'b1), .C (fast_phase), .D
2147:  DFRQHDX1 \nfast_hit_latched_reg[1] (.C (fast_phase), .D (n_30), .Q
2150:  DFRQHDX1 \nfast_hit_latched_reg[4] (.C (fast_phase), .D (n_29), .Q
2152:  DFRQHDX1 \nfast_hit_latched_reg[3] (.C (fast_phase), .D (n_28), .Q
2154:  DFRQHDX1 \nfast_hit_latched_reg[2] (.C (fast_phase), .D (n_27), .Q
2156:  DFRQHDX1 \nfast_hit_latched_reg[5] (.C (fast_phase), .D (n_25), .Q
2158:  DFRQHDX1 \nfast_hit_latched_reg[6] (.C (fast_phase), .D (n_26), .Q
2222:  DFRSQHDX2 \nfast_hit_latched_reg[0] (.SN (1'b1), .C (fast_phase), .D
2226:  DFRQHDX1 \nfast_hit_latched_reg[4] (.C (fast_phase), .D (n_27), .Q
2228:  DFRQHDX2 \nfast_hit_latched_reg[2] (.C (fast_phase), .D (n_29), .Q
2230:  DFRQHDX1 \nfast_hit_latched_reg[5] (.C (fast_phase), .D (n_31), .Q
2273:  DFRHDX2 \nfast_hit_latched_reg[1] (.C (fast_phase), .D (n_28), .Q
2275:  DFRHDX2 \nfast_hit_latched_reg[3] (.C (fast_phase), .D (n_30), .Q
2277:  DFRHDX2 \nfast_hit_latched_reg[6] (.C (fast_phase), .D (n_26), .Q
2301:  DFRSQHDX2 \nfast_hit_latched_reg[0] (.SN (1'b1), .C (fast_phase), .D
2305:  DFRQHDX1 \nfast_hit_latched_reg[4] (.C (fast_phase), .D (n_27), .Q
2307:  DFRQHDX1 \nfast_hit_latched_reg[2] (.C (fast_phase), .D (n_29), .Q
2309:  DFRQHDX1 \nfast_hit_latched_reg[5] (.C (fast_phase), .D (n_31), .Q
2352:  DFRHDX2 \nfast_hit_latched_reg[1] (.C (fast_phase), .D (n_28), .Q
2354:  DFRHDX2 \nfast_hit_latched_reg[3] (.C (fast_phase), .D (n_30), .Q
2356:  DFRHDX2 \nfast_hit_latched_reg[6] (.C (fast_phase), .D (n_26), .Q
2379:  DFRSQHDX2 \nfast_hit_latched_reg[0] (.SN (1'b1), .C (fast_phase), .D
2382:  DFRQHDX1 \nfast_hit_latched_reg[1] (.C (fast_phase), .D (n_29), .Q
2385:  DFRQHDX1 \nfast_hit_latched_reg[4] (.C (fast_phase), .D (n_28), .Q
2387:  DFRQHDX1 \nfast_hit_latched_reg[3] (.C (fast_phase), .D (n_31), .Q
2389:  DFRQHDX1 \nfast_hit_latched_reg[2] (.C (fast_phase), .D (n_30), .Q
2391:  DFRQHDX2 \nfast_hit_latched_reg[5] (.C (fast_phase), .D (n_32), .Q
2393:  DFRQHDX2 \nfast_hit_latched_reg[6] (.C (fast_phase), .D (n_27), .Q
2458:  DFRSQHDX2 \nfast_hit_latched_reg[0] (.SN (1'b1), .C (fast_phase), .D
2461:  DFRQHDX1 \nfast_hit_latched_reg[1] (.C (fast_phase), .D (n_29), .Q
2464:  DFRQHDX2 \nfast_hit_latched_reg[4] (.C (fast_phase), .D (n_28), .Q
2466:  DFRQHDX1 \nfast_hit_latched_reg[3] (.C (fast_phase), .D (n_31), .Q
2468:  DFRQHDX1 \nfast_hit_latched_reg[2] (.C (fast_phase), .D (n_30), .Q
2470:  DFRQHDX1 \nfast_hit_latched_reg[5] (.C (fast_phase), .D (n_32), .Q
2472:  DFRQHDX1 \nfast_hit_latched_reg[6] (.C (fast_phase), .D (n_27), .Q
2537:  DFRSQHDX2 \nfast_hit_latched_reg[0] (.SN (1'b1), .C (fast_phase), .D
2540:  DFRQHDX1 \nfast_hit_latched_reg[1] (.C (fast_phase), .D (n_29), .Q
2543:  DFRQHDX1 \nfast_hit_latched_reg[4] (.C (fast_phase), .D (n_28), .Q
2545:  DFRQHDX1 \nfast_hit_latched_reg[3] (.C (fast_phase), .D (n_31), .Q
2547:  DFRQHDX1 \nfast_hit_latched_reg[2] (.C (fast_phase), .D (n_30), .Q
2549:  DFRQHDX1 \nfast_hit_latched_reg[5] (.C (fast_phase), .D (n_32), .Q
2551:  DFRQHDX1 \nfast_hit_latched_reg[6] (.C (fast_phase), .D (n_27), .Q
2616:  DFRSQHDX2 \nfast_hit_latched_reg[0] (.SN (1'b1), .C (fast_phase), .D
2619:  DFRQHDX1 \nfast_hit_latched_reg[1] (.C (fast_phase), .D (n_29), .Q
2622:  DFRQHDX1 \nfast_hit_latched_reg[4] (.C (fast_phase), .D (n_28), .Q
2624:  DFRQHDX1 \nfast_hit_latched_reg[3] (.C (fast_phase), .D (n_31), .Q
2626:  DFRQHDX1 \nfast_hit_latched_reg[2] (.C (fast_phase), .D (n_30), .Q
2628:  DFRQHDX1 \nfast_hit_latched_reg[5] (.C (fast_phase), .D (n_32), .Q
2630:  DFRQHDX1 \nfast_hit_latched_reg[6] (.C (fast_phase), .D (n_27), .Q
2696:  DFRSQHDX2 \nfast_hit_latched_reg[0] (.SN (1'b1), .C (fast_phase), .D
2700:  DFRQHDX1 \nfast_hit_latched_reg[4] (.C (fast_phase), .D (n_27), .Q
2702:  DFRQHDX1 \nfast_hit_latched_reg[2] (.C (fast_phase), .D (n_29), .Q
2704:  DFRQHDX1 \nfast_hit_latched_reg[5] (.C (fast_phase), .D (n_31), .Q
2747:  DFRHDX2 \nfast_hit_latched_reg[1] (.C (fast_phase), .D (n_28), .Q
2749:  DFRHDX2 \nfast_hit_latched_reg[3] (.C (fast_phase), .D (n_30), .Q
2751:  DFRHDX2 \nfast_hit_latched_reg[6] (.C (fast_phase), .D (n_26), .Q
2774:  DFRSQHDX2 \nfast_hit_latched_reg[0] (.SN (1'b1), .C (fast_phase), .D
2777:  DFRQHDX1 \nfast_hit_latched_reg[1] (.C (fast_phase), .D (n_30), .Q
2780:  DFRQHDX1 \nfast_hit_latched_reg[4] (.C (fast_phase), .D (n_29), .Q
2782:  DFRQHDX1 \nfast_hit_latched_reg[3] (.C (fast_phase), .D (n_28), .Q
2784:  DFRQHDX1 \nfast_hit_latched_reg[2] (.C (fast_phase), .D (n_27), .Q
2786:  DFRQHDX1 \nfast_hit_latched_reg[5] (.C (fast_phase), .D (n_25), .Q
2788:  DFRQHDX1 \nfast_hit_latched_reg[6] (.C (fast_phase), .D (n_26), .Q
2852:  DFRSQHDX2 \nfast_hit_latched_reg[0] (.SN (1'b1), .C (fast_phase), .D
2856:  DFRQHDX1 \nfast_hit_latched_reg[4] (.C (fast_phase), .D (n_27), .Q
2858:  DFRQHDX1 \nfast_hit_latched_reg[2] (.C (fast_phase), .D (n_29), .Q
2860:  DFRQHDX1 \nfast_hit_latched_reg[5] (.C (fast_phase), .D (n_31), .Q
2903:  DFRHDX2 \nfast_hit_latched_reg[1] (.C (fast_phase), .D (n_28), .Q
2905:  DFRHDX2 \nfast_hit_latched_reg[3] (.C (fast_phase), .D (n_30), .Q
2907:  DFRHDX2 \nfast_hit_latched_reg[6] (.C (fast_phase), .D (n_26), .Q
2931:  DFRSQHDX2 \nfast_hit_latched_reg[0] (.SN (1'b1), .C (fast_phase), .D
2935:  DFRQHDX1 \nfast_hit_latched_reg[4] (.C (fast_phase), .D (n_27), .Q
2937:  DFRQHDX1 \nfast_hit_latched_reg[2] (.C (fast_phase), .D (n_29), .Q
2939:  DFRQHDX1 \nfast_hit_latched_reg[5] (.C (fast_phase), .D (n_31), .Q
2982:  DFRHDX2 \nfast_hit_latched_reg[1] (.C (fast_phase), .D (n_28), .Q
2984:  DFRHDX2 \nfast_hit_latched_reg[3] (.C (fast_phase), .D (n_30), .Q
2986:  DFRHDX2 \nfast_hit_latched_reg[6] (.C (fast_phase), .D (n_26), .Q
3009:  DFRSQHDX2 \nfast_hit_latched_reg[0] (.SN (1'b1), .C (fast_phase), .D
3012:  DFRQHDX1 \nfast_hit_latched_reg[1] (.C (fast_phase), .D (n_29), .Q
3015:  DFRQHDX1 \nfast_hit_latched_reg[4] (.C (fast_phase), .D (n_28), .Q
3017:  DFRQHDX1 \nfast_hit_latched_reg[3] (.C (fast_phase), .D (n_31), .Q
3019:  DFRQHDX1 \nfast_hit_latched_reg[2] (.C (fast_phase), .D (n_30), .Q
3021:  DFRQHDX1 \nfast_hit_latched_reg[5] (.C (fast_phase), .D (n_32), .Q
3023:  DFRQHDX1 \nfast_hit_latched_reg[6] (.C (fast_phase), .D (n_27), .Q
3088:  DFRSQHDX2 \nfast_hit_latched_reg[0] (.SN (1'b1), .C (fast_phase), .D
3091:  DFRQHDX1 \nfast_hit_latched_reg[1] (.C (fast_phase), .D (n_29), .Q
3094:  DFRQHDX1 \nfast_hit_latched_reg[4] (.C (fast_phase), .D (n_28), .Q
3096:  DFRQHDX1 \nfast_hit_latched_reg[3] (.C (fast_phase), .D (n_31), .Q
3098:  DFRQHDX1 \nfast_hit_latched_reg[2] (.C (fast_phase), .D (n_30), .Q
3100:  DFRQHDX1 \nfast_hit_latched_reg[5] (.C (fast_phase), .D (n_32), .Q
3102:  DFRQHDX1 \nfast_hit_latched_reg[6] (.C (fast_phase), .D (n_27), .Q
3167:  DFRSQHDX2 \nfast_hit_latched_reg[0] (.SN (1'b1), .C (fast_phase), .D
3170:  DFRQHDX1 \nfast_hit_latched_reg[1] (.C (fast_phase), .D (n_29), .Q
3173:  DFRQHDX2 \nfast_hit_latched_reg[4] (.C (fast_phase), .D (n_28), .Q
3175:  DFRQHDX1 \nfast_hit_latched_reg[3] (.C (fast_phase), .D (n_31), .Q
3177:  DFRQHDX1 \nfast_hit_latched_reg[2] (.C (fast_phase), .D (n_30), .Q
3179:  DFRQHDX2 \nfast_hit_latched_reg[5] (.C (fast_phase), .D (n_32), .Q
3181:  DFRQHDX1 \nfast_hit_latched_reg[6] (.C (fast_phase), .D (n_27), .Q
3246:  DFRSQHDX2 \nfast_hit_latched_reg[0] (.SN (1'b1), .C (fast_phase), .D
3249:  DFRQHDX2 \nfast_hit_latched_reg[1] (.C (fast_phase), .D (n_29), .Q
3252:  DFRQHDX1 \nfast_hit_latched_reg[4] (.C (fast_phase), .D (n_28), .Q
3254:  DFRQHDX1 \nfast_hit_latched_reg[3] (.C (fast_phase), .D (n_31), .Q
3256:  DFRQHDX1 \nfast_hit_latched_reg[2] (.C (fast_phase), .D (n_30), .Q
3258:  DFRQHDX1 \nfast_hit_latched_reg[5] (.C (fast_phase), .D (n_32), .Q
3260:  DFRQHDX1 \nfast_hit_latched_reg[6] (.C (fast_phase), .D (n_27), .Q
3326:  DFRSQHDX2 \nfast_hit_latched_reg[0] (.SN (1'b1), .C (fast_phase), .D
3330:  DFRQHDX1 \nfast_hit_latched_reg[4] (.C (fast_phase), .D (n_27), .Q
3332:  DFRQHDX1 \nfast_hit_latched_reg[2] (.C (fast_phase), .D (n_29), .Q
3334:  DFRQHDX1 \nfast_hit_latched_reg[5] (.C (fast_phase), .D (n_31), .Q
3377:  DFRHDX2 \nfast_hit_latched_reg[1] (.C (fast_phase), .D (n_28), .Q
3379:  DFRHDX2 \nfast_hit_latched_reg[3] (.C (fast_phase), .D (n_30), .Q
3381:  DFRHDX2 \nfast_hit_latched_reg[6] (.C (fast_phase), .D (n_26), .Q
3404:  DFRSQHDX2 \nfast_hit_latched_reg[0] (.SN (1'b1), .C (fast_phase), .D
3407:  DFRQHDX1 \nfast_hit_latched_reg[1] (.C (fast_phase), .D (n_30), .Q
3410:  DFRQHDX1 \nfast_hit_latched_reg[4] (.C (fast_phase), .D (n_29), .Q
3412:  DFRQHDX1 \nfast_hit_latched_reg[3] (.C (fast_phase), .D (n_28), .Q
3414:  DFRQHDX1 \nfast_hit_latched_reg[2] (.C (fast_phase), .D (n_27), .Q
3416:  DFRQHDX1 \nfast_hit_latched_reg[5] (.C (fast_phase), .D (n_25), .Q
3418:  DFRQHDX1 \nfast_hit_latched_reg[6] (.C (fast_phase), .D (n_26), .Q
3482:  DFRSQHDX2 \nfast_hit_latched_reg[0] (.SN (1'b1), .C (fast_phase), .D
3486:  DFRQHDX1 \nfast_hit_latched_reg[4] (.C (fast_phase), .D (n_27), .Q
3488:  DFRQHDX1 \nfast_hit_latched_reg[2] (.C (fast_phase), .D (n_29), .Q
3490:  DFRQHDX1 \nfast_hit_latched_reg[5] (.C (fast_phase), .D (n_31), .Q
3533:  DFRHDX2 \nfast_hit_latched_reg[1] (.C (fast_phase), .D (n_28), .Q
3535:  DFRHDX2 \nfast_hit_latched_reg[3] (.C (fast_phase), .D (n_30), .Q
3537:  DFRHDX2 \nfast_hit_latched_reg[6] (.C (fast_phase), .D (n_26), .Q
3561:  DFRSQHDX2 \nfast_hit_latched_reg[0] (.SN (1'b1), .C (fast_phase), .D
3565:  DFRQHDX1 \nfast_hit_latched_reg[4] (.C (fast_phase), .D (n_27), .Q
3567:  DFRQHDX1 \nfast_hit_latched_reg[2] (.C (fast_phase), .D (n_29), .Q
3569:  DFRQHDX1 \nfast_hit_latched_reg[5] (.C (fast_phase), .D (n_31), .Q
3612:  DFRHDX2 \nfast_hit_latched_reg[1] (.C (fast_phase), .D (n_28), .Q
3614:  DFRHDX2 \nfast_hit_latched_reg[3] (.C (fast_phase), .D (n_30), .Q
3616:  DFRHDX2 \nfast_hit_latched_reg[6] (.C (fast_phase), .D (n_26), .Q
3639:  DFRSQHDX2 \nfast_hit_latched_reg[0] (.SN (1'b1), .C (fast_phase), .D
3642:  DFRQHDX1 \nfast_hit_latched_reg[1] (.C (fast_phase), .D (n_29), .Q
3645:  DFRQHDX2 \nfast_hit_latched_reg[4] (.C (fast_phase), .D (n_28), .Q
3647:  DFRQHDX1 \nfast_hit_latched_reg[3] (.C (fast_phase), .D (n_31), .Q
3649:  DFRQHDX1 \nfast_hit_latched_reg[2] (.C (fast_phase), .D (n_30), .Q
3651:  DFRQHDX1 \nfast_hit_latched_reg[5] (.C (fast_phase), .D (n_32), .Q
3653:  DFRQHDX1 \nfast_hit_latched_reg[6] (.C (fast_phase), .D (n_27), .Q
3718:  DFRSQHDX2 \nfast_hit_latched_reg[0] (.SN (1'b1), .C (fast_phase), .D
3721:  DFRQHDX2 \nfast_hit_latched_reg[1] (.C (fast_phase), .D (n_29), .Q
3724:  DFRQHDX1 \nfast_hit_latched_reg[4] (.C (fast_phase), .D (n_28), .Q
3726:  DFRQHDX1 \nfast_hit_latched_reg[3] (.C (fast_phase), .D (n_31), .Q
3728:  DFRQHDX2 \nfast_hit_latched_reg[2] (.C (fast_phase), .D (n_30), .Q
3730:  DFRQHDX1 \nfast_hit_latched_reg[5] (.C (fast_phase), .D (n_32), .Q
3732:  DFRQHDX1 \nfast_hit_latched_reg[6] (.C (fast_phase), .D (n_27), .Q
3797:  DFRSQHDX2 \nfast_hit_latched_reg[0] (.SN (1'b1), .C (fast_phase), .D
3800:  DFRQHDX1 \nfast_hit_latched_reg[1] (.C (fast_phase), .D (n_29), .Q
3803:  DFRQHDX1 \nfast_hit_latched_reg[4] (.C (fast_phase), .D (n_28), .Q
3805:  DFRQHDX1 \nfast_hit_latched_reg[3] (.C (fast_phase), .D (n_31), .Q
3807:  DFRQHDX1 \nfast_hit_latched_reg[2] (.C (fast_phase), .D (n_30), .Q
3809:  DFRQHDX1 \nfast_hit_latched_reg[5] (.C (fast_phase), .D (n_32), .Q
3811:  DFRQHDX1 \nfast_hit_latched_reg[6] (.C (fast_phase), .D (n_27), .Q
3876:  DFRSQHDX2 \nfast_hit_latched_reg[0] (.SN (1'b1), .C (fast_phase), .D
3879:  DFRQHDX2 \nfast_hit_latched_reg[1] (.C (fast_phase), .D (n_29), .Q
3882:  DFRQHDX1 \nfast_hit_latched_reg[4] (.C (fast_phase), .D (n_28), .Q
3884:  DFRQHDX1 \nfast_hit_latched_reg[3] (.C (fast_phase), .D (n_31), .Q
3886:  DFRQHDX1 \nfast_hit_latched_reg[2] (.C (fast_phase), .D (n_30), .Q
3888:  DFRQHDX1 \nfast_hit_latched_reg[5] (.C (fast_phase), .D (n_32), .Q
3890:  DFRQHDX1 \nfast_hit_latched_reg[6] (.C (fast_phase), .D (n_27), .Q
3956:  DFRSQHDX2 \nfast_hit_latched_reg[0] (.SN (1'b1), .C (fast_phase), .D
3960:  DFRQHDX1 \nfast_hit_latched_reg[4] (.C (fast_phase), .D (n_27), .Q
3962:  DFRQHDX1 \nfast_hit_latched_reg[2] (.C (fast_phase), .D (n_29), .Q
3964:  DFRQHDX1 \nfast_hit_latched_reg[5] (.C (fast_phase), .D (n_31), .Q
4007:  DFRHDX2 \nfast_hit_latched_reg[1] (.C (fast_phase), .D (n_28), .Q
4009:  DFRHDX2 \nfast_hit_latched_reg[3] (.C (fast_phase), .D (n_30), .Q
4011:  DFRHDX2 \nfast_hit_latched_reg[6] (.C (fast_phase), .D (n_26), .Q
4034:  DFRSQHDX2 \nfast_hit_latched_reg[0] (.SN (1'b1), .C (fast_phase), .D
4037:  DFRQHDX1 \nfast_hit_latched_reg[1] (.C (fast_phase), .D (n_30), .Q
4040:  DFRQHDX1 \nfast_hit_latched_reg[4] (.C (fast_phase), .D (n_29), .Q
4042:  DFRQHDX1 \nfast_hit_latched_reg[3] (.C (fast_phase), .D (n_28), .Q
4044:  DFRQHDX1 \nfast_hit_latched_reg[2] (.C (fast_phase), .D (n_27), .Q
4046:  DFRQHDX1 \nfast_hit_latched_reg[5] (.C (fast_phase), .D (n_25), .Q
4048:  DFRQHDX1 \nfast_hit_latched_reg[6] (.C (fast_phase), .D (n_26), .Q
4112:  DFRSQHDX2 \nfast_hit_latched_reg[0] (.SN (1'b1), .C (fast_phase), .D
4116:  DFRQHDX1 \nfast_hit_latched_reg[4] (.C (fast_phase), .D (n_27), .Q
4118:  DFRQHDX1 \nfast_hit_latched_reg[2] (.C (fast_phase), .D (n_29), .Q
4120:  DFRQHDX1 \nfast_hit_latched_reg[5] (.C (fast_phase), .D (n_31), .Q
4163:  DFRHDX2 \nfast_hit_latched_reg[1] (.C (fast_phase), .D (n_28), .Q
4165:  DFRHDX2 \nfast_hit_latched_reg[3] (.C (fast_phase), .D (n_30), .Q
4167:  DFRHDX2 \nfast_hit_latched_reg[6] (.C (fast_phase), .D (n_26), .Q
4191:  DFRSQHDX2 \nfast_hit_latched_reg[0] (.SN (1'b1), .C (fast_phase), .D
4195:  DFRQHDX1 \nfast_hit_latched_reg[4] (.C (fast_phase), .D (n_27), .Q
4197:  DFRQHDX1 \nfast_hit_latched_reg[2] (.C (fast_phase), .D (n_29), .Q
4199:  DFRQHDX1 \nfast_hit_latched_reg[5] (.C (fast_phase), .D (n_31), .Q
4242:  DFRHDX2 \nfast_hit_latched_reg[1] (.C (fast_phase), .D (n_28), .Q
4244:  DFRHDX2 \nfast_hit_latched_reg[3] (.C (fast_phase), .D (n_30), .Q
4246:  DFRHDX2 \nfast_hit_latched_reg[6] (.C (fast_phase), .D (n_26), .Q
4269:  DFRSQHDX2 \nfast_hit_latched_reg[0] (.SN (1'b1), .C (fast_phase), .D
4272:  DFRQHDX1 \nfast_hit_latched_reg[1] (.C (fast_phase), .D (n_29), .Q
4275:  DFRQHDX1 \nfast_hit_latched_reg[4] (.C (fast_phase), .D (n_28), .Q
4277:  DFRQHDX1 \nfast_hit_latched_reg[3] (.C (fast_phase), .D (n_31), .Q
4279:  DFRQHDX1 \nfast_hit_latched_reg[2] (.C (fast_phase), .D (n_30), .Q
4281:  DFRQHDX1 \nfast_hit_latched_reg[5] (.C (fast_phase), .D (n_32), .Q
4283:  DFRQHDX1 \nfast_hit_latched_reg[6] (.C (fast_phase), .D (n_27), .Q
4348:  DFRSQHDX2 \nfast_hit_latched_reg[0] (.SN (1'b1), .C (fast_phase), .D
4351:  DFRQHDX2 \nfast_hit_latched_reg[1] (.C (fast_phase), .D (n_29), .Q
4354:  DFRQHDX1 \nfast_hit_latched_reg[4] (.C (fast_phase), .D (n_28), .Q
4356:  DFRQHDX2 \nfast_hit_latched_reg[3] (.C (fast_phase), .D (n_31), .Q
4358:  DFRQHDX2 \nfast_hit_latched_reg[2] (.C (fast_phase), .D (n_30), .Q
4360:  DFRQHDX1 \nfast_hit_latched_reg[5] (.C (fast_phase), .D (n_32), .Q
4362:  DFRQHDX1 \nfast_hit_latched_reg[6] (.C (fast_phase), .D (n_27), .Q
4427:  DFRSQHDX2 \nfast_hit_latched_reg[0] (.SN (1'b1), .C (fast_phase), .D
4430:  DFRQHDX1 \nfast_hit_latched_reg[1] (.C (fast_phase), .D (n_29), .Q
4433:  DFRQHDX1 \nfast_hit_latched_reg[4] (.C (fast_phase), .D (n_28), .Q
4435:  DFRQHDX1 \nfast_hit_latched_reg[3] (.C (fast_phase), .D (n_31), .Q
4437:  DFRQHDX1 \nfast_hit_latched_reg[2] (.C (fast_phase), .D (n_30), .Q
4439:  DFRQHDX1 \nfast_hit_latched_reg[5] (.C (fast_phase), .D (n_32), .Q
4441:  DFRQHDX1 \nfast_hit_latched_reg[6] (.C (fast_phase), .D (n_27), .Q
4506:  DFRSQHDX2 \nfast_hit_latched_reg[0] (.SN (1'b1), .C (fast_phase), .D
4509:  DFRQHDX1 \nfast_hit_latched_reg[1] (.C (fast_phase), .D (n_29), .Q
4512:  DFRQHDX1 \nfast_hit_latched_reg[4] (.C (fast_phase), .D (n_28), .Q
4514:  DFRQHDX1 \nfast_hit_latched_reg[3] (.C (fast_phase), .D (n_31), .Q
4516:  DFRQHDX1 \nfast_hit_latched_reg[2] (.C (fast_phase), .D (n_30), .Q
4518:  DFRQHDX1 \nfast_hit_latched_reg[5] (.C (fast_phase), .D (n_32), .Q
4520:  DFRQHDX1 \nfast_hit_latched_reg[6] (.C (fast_phase), .D (n_27), .Q
4586:  DFRSQHDX2 \nfast_hit_latched_reg[0] (.SN (1'b1), .C (fast_phase), .D
4590:  DFRQHDX1 \nfast_hit_latched_reg[4] (.C (fast_phase), .D (n_27), .Q
4592:  DFRQHDX1 \nfast_hit_latched_reg[2] (.C (fast_phase), .D (n_29), .Q
4594:  DFRQHDX1 \nfast_hit_latched_reg[5] (.C (fast_phase), .D (n_31), .Q
4637:  DFRHDX2 \nfast_hit_latched_reg[1] (.C (fast_phase), .D (n_28), .Q
4639:  DFRHDX2 \nfast_hit_latched_reg[3] (.C (fast_phase), .D (n_30), .Q
4641:  DFRHDX2 \nfast_hit_latched_reg[6] (.C (fast_phase), .D (n_26), .Q
4664:  DFRSQHDX2 \nfast_hit_latched_reg[0] (.SN (1'b1), .C (fast_phase), .D
4667:  DFRQHDX1 \nfast_hit_latched_reg[1] (.C (fast_phase), .D (n_30), .Q
4670:  DFRQHDX1 \nfast_hit_latched_reg[4] (.C (fast_phase), .D (n_29), .Q
4672:  DFRQHDX1 \nfast_hit_latched_reg[3] (.C (fast_phase), .D (n_28), .Q
4674:  DFRQHDX1 \nfast_hit_latched_reg[2] (.C (fast_phase), .D (n_27), .Q
4676:  DFRQHDX2 \nfast_hit_latched_reg[5] (.C (fast_phase), .D (n_25), .Q
4678:  DFRQHDX2 \nfast_hit_latched_reg[6] (.C (fast_phase), .D (n_26), .Q
4742:  DFRSQHDX2 \nfast_hit_latched_reg[0] (.SN (1'b1), .C (fast_phase), .D
4746:  DFRQHDX1 \nfast_hit_latched_reg[4] (.C (fast_phase), .D (n_27), .Q
4748:  DFRQHDX1 \nfast_hit_latched_reg[2] (.C (fast_phase), .D (n_29), .Q
4750:  DFRQHDX1 \nfast_hit_latched_reg[5] (.C (fast_phase), .D (n_31), .Q
4793:  DFRHDX2 \nfast_hit_latched_reg[1] (.C (fast_phase), .D (n_28), .Q
4795:  DFRHDX2 \nfast_hit_latched_reg[3] (.C (fast_phase), .D (n_30), .Q
4797:  DFRHDX2 \nfast_hit_latched_reg[6] (.C (fast_phase), .D (n_26), .Q
4821:  DFRSQHDX2 \nfast_hit_latched_reg[0] (.SN (1'b1), .C (fast_phase), .D
4825:  DFRQHDX1 \nfast_hit_latched_reg[4] (.C (fast_phase), .D (n_27), .Q
4827:  DFRQHDX1 \nfast_hit_latched_reg[2] (.C (fast_phase), .D (n_29), .Q
4829:  DFRQHDX1 \nfast_hit_latched_reg[5] (.C (fast_phase), .D (n_31), .Q
4872:  DFRHDX2 \nfast_hit_latched_reg[1] (.C (fast_phase), .D (n_28), .Q
4874:  DFRHDX2 \nfast_hit_latched_reg[3] (.C (fast_phase), .D (n_30), .Q
4876:  DFRHDX2 \nfast_hit_latched_reg[6] (.C (fast_phase), .D (n_26), .Q
4899:  DFRSQHDX2 \nfast_hit_latched_reg[0] (.SN (1'b1), .C (fast_phase), .D
4902:  DFRQHDX1 \nfast_hit_latched_reg[1] (.C (fast_phase), .D (n_29), .Q
4905:  DFRQHDX1 \nfast_hit_latched_reg[4] (.C (fast_phase), .D (n_28), .Q
4907:  DFRQHDX1 \nfast_hit_latched_reg[3] (.C (fast_phase), .D (n_31), .Q
4909:  DFRQHDX1 \nfast_hit_latched_reg[2] (.C (fast_phase), .D (n_30), .Q
4911:  DFRQHDX1 \nfast_hit_latched_reg[5] (.C (fast_phase), .D (n_32), .Q
4913:  DFRQHDX1 \nfast_hit_latched_reg[6] (.C (fast_phase), .D (n_27), .Q
4978:  DFRSQHDX2 \nfast_hit_latched_reg[0] (.SN (1'b1), .C (fast_phase), .D
4981:  DFRQHDX2 \nfast_hit_latched_reg[1] (.C (fast_phase), .D (n_29), .Q
4984:  DFRQHDX1 \nfast_hit_latched_reg[4] (.C (fast_phase), .D (n_28), .Q
4986:  DFRQHDX1 \nfast_hit_latched_reg[3] (.C (fast_phase), .D (n_31), .Q
4988:  DFRQHDX1 \nfast_hit_latched_reg[2] (.C (fast_phase), .D (n_30), .Q
4990:  DFRQHDX1 \nfast_hit_latched_reg[5] (.C (fast_phase), .D (n_32), .Q
4992:  DFRQHDX1 \nfast_hit_latched_reg[6] (.C (fast_phase), .D (n_27), .Q
5057:  DFRSQHDX2 \nfast_hit_latched_reg[0] (.SN (1'b1), .C (fast_phase), .D
5060:  DFRQHDX2 \nfast_hit_latched_reg[1] (.C (fast_phase), .D (n_29), .Q
5063:  DFRQHDX1 \nfast_hit_latched_reg[4] (.C (fast_phase), .D (n_28), .Q
5065:  DFRQHDX1 \nfast_hit_latched_reg[3] (.C (fast_phase), .D (n_31), .Q
5067:  DFRQHDX1 \nfast_hit_latched_reg[2] (.C (fast_phase), .D (n_30), .Q
5069:  DFRQHDX1 \nfast_hit_latched_reg[5] (.C (fast_phase), .D (n_32), .Q
5071:  DFRQHDX1 \nfast_hit_latched_reg[6] (.C (fast_phase), .D (n_27), .Q
5136:  DFRSQHDX2 \nfast_hit_latched_reg[0] (.SN (1'b1), .C (fast_phase), .D
5139:  DFRQHDX1 \nfast_hit_latched_reg[1] (.C (fast_phase), .D (n_29), .Q
5142:  DFRQHDX1 \nfast_hit_latched_reg[4] (.C (fast_phase), .D (n_28), .Q
5144:  DFRQHDX1 \nfast_hit_latched_reg[3] (.C (fast_phase), .D (n_31), .Q
5146:  DFRQHDX1 \nfast_hit_latched_reg[2] (.C (fast_phase), .D (n_30), .Q
5148:  DFRQHDX1 \nfast_hit_latched_reg[5] (.C (fast_phase), .D (n_32), .Q
5150:  DFRQHDX1 \nfast_hit_latched_reg[6] (.C (fast_phase), .D (n_27), .Q
5216:  DFRSQHDX2 \nfast_hit_latched_reg[0] (.SN (1'b1), .C (fast_phase), .D
5220:  DFRQHDX1 \nfast_hit_latched_reg[4] (.C (fast_phase), .D (n_27), .Q
5222:  DFRQHDX1 \nfast_hit_latched_reg[2] (.C (fast_phase), .D (n_29), .Q
5224:  DFRQHDX1 \nfast_hit_latched_reg[5] (.C (fast_phase), .D (n_31), .Q
5267:  DFRHDX2 \nfast_hit_latched_reg[1] (.C (fast_phase), .D (n_28), .Q
5269:  DFRHDX2 \nfast_hit_latched_reg[3] (.C (fast_phase), .D (n_30), .Q
5271:  DFRHDX2 \nfast_hit_latched_reg[6] (.C (fast_phase), .D (n_26), .Q

## old counter residue
