============================================================
  Generated by:           Genus(TM) Synthesis Solution 22.13-s093_1
  Generated on:           Jun 02 2026  12:53:51 pm
  Module:                 mptdc_top_asic
  Operating conditions:   slow_1_62V_125C 
  Interconnect mode:      global
  Area mode:              physical library
============================================================

Timing
--------

Analysis view       Clock       Period 
---------------------------------------
wc_view       clk_osc_fast       900.0 
              clk_osc_fast_tap1  900.0 
              clk_osc_fast_tap2  900.0 
              clk_osc_fast_tap3  900.0 
              clk_osc_fast_tap4  900.0 
              clk_osc_fast_tap5  900.0 
              clk_osc_fast_tap6  900.0 
              clk_osc_fast_tap7  900.0 
              clk_osc_slow      1000.0 
              clk_osc_slow_tap1 1000.0 
              clk_osc_slow_tap2 1000.0 
              clk_osc_slow_tap3 1000.0 
              clk_osc_slow_tap4 1000.0 
              clk_osc_slow_tap5 1000.0 
              clk_osc_slow_tap6 1000.0 
              clk_osc_slow_tap7 1000.0 
              clk_sys           6250.0 


Analysis        Cost        Critical              Violating 
  View         Group       Path Slack     TNS       Paths   
------------------------------------------------------------
wc_view       clk_osc_fast    -1754.1  -142008.9         88 
         clk_osc_fast_tap1    -1777.0  -142038.6         87 
         clk_osc_fast_tap2    -1777.0  -142093.6         87 
         clk_osc_fast_tap3    -1785.8  -142420.4         87 
         clk_osc_fast_tap4    -1785.8  -142404.6         87 
         clk_osc_fast_tap5    -1785.8  -142412.8         87 
         clk_osc_fast_tap6    -1785.8  -142484.2         87 
         clk_osc_fast_tap7    -1777.0  -142110.0         87 
              clk_osc_slow     -781.9   -46794.4         64 
         clk_osc_slow_tap1   No paths        0.0          0 
         clk_osc_slow_tap2   No paths        0.0          0 
         clk_osc_slow_tap3   No paths        0.0          0 
         clk_osc_slow_tap4   No paths        0.0          0 
         clk_osc_slow_tap5   No paths        0.0          0 
         clk_osc_slow_tap6   No paths        0.0          0 
         clk_osc_slow_tap7   No paths        0.0          0 
                   clk_sys    -1129.6   -68194.6        110 
                   default   No paths        0.0          0 
------------------------------------------------------------
Total                                 -1252962.1        871 
                                                            

Instance Count
--------------
Leaf Instance Count             19222 
Physical Instance count             0 
Sequential Instance Count        5697 
Combinational Instance Count    13525 
Hierarchical Instance Count        90 

Area
----
Cell Area                          578608.324
Physical Cell Area                 0.000
Total Cell Area (Cell+Physical)    578608.324
Net Area                           264883.650
Total Area (Cell+Physical+Net)     843491.974

Power
-----
Leakage Power                      9174.515 nW
Dynamic Power                      198405113.907 nW
Total Power                        198414288.422 nW

Max Fanout                         4859 (clk_sys)
Min Fanout                         0 (local_async_rst_n)
Average Fanout                     2.3
Terms to net ratio                 3.3353
Terms to instance ratio            3.8971
Runtime                            804.1397560000078 seconds
Elapsed Runtime                    748 seconds
Genus peak memory usage            2221.81 
Innovus peak memory usage          no_value 
Hostname                           lyoelectrosrv01.in2p3.fr
