Power Unit: W
PDB Frame : /stim#0/frame#0
---------------------------------------------------------------------------------------------------------------------------
Cells Pct_cells     Leakage    Internal   Switching       Total Lvl Instance                                               
---------------------------------------------------------------------------------------------------------------------------
21235   100.00% 7.84763e-06 1.49400e-01 3.69796e-02 1.86387e-01   0 /mptdc_top_asic                                        
    4     0.02% 4.90835e-10 4.71524e-05 1.07358e-02 1.07830e-02   1 /mptdc_top_asic/u_core_u_osc_fast_u_stub               
   40     0.19% 1.68719e-08 1.26839e-03 1.92793e-04 1.46120e-03   1 /mptdc_top_asic/u_core_gen_pd_row[2].gen_pd_col[3].u_pd
   40     0.19% 1.68719e-08 1.26839e-03 1.92142e-04 1.46054e-03   1 /mptdc_top_asic/u_core_gen_pd_row[6].gen_pd_col[3].u_pd
   42     0.20% 1.77745e-08 1.21471e-03 2.13472e-04 1.42820e-03   1 /mptdc_top_asic/u_core_gen_pd_row[1].gen_pd_col[3].u_pd
   43     0.20% 1.55276e-08 1.19303e-03 2.27899e-04 1.42095e-03   1 /mptdc_top_asic/u_core_gen_pd_row[2].gen_pd_col[2].u_pd
   44     0.21% 1.54753e-08 1.19649e-03 2.12299e-04 1.40881e-03   1 /mptdc_top_asic/u_core_gen_pd_row[5].gen_pd_col[5].u_pd
   44     0.21% 1.54753e-08 1.19661e-03 2.10001e-04 1.40663e-03   1 /mptdc_top_asic/u_core_gen_pd_row[0].gen_pd_col[5].u_pd
   41     0.19% 1.70020e-08 1.19490e-03 2.11423e-04 1.40634e-03   1 /mptdc_top_asic/u_core_gen_pd_row[4].gen_pd_col[3].u_pd
   41     0.19% 1.64071e-08 1.21001e-03 1.95626e-04 1.40565e-03   1 /mptdc_top_asic/u_core_gen_pd_row[5].gen_pd_col[6].u_pd
   41     0.19% 1.65480e-08 1.21040e-03 1.93218e-04 1.40364e-03   1 /mptdc_top_asic/u_core_gen_pd_row[2].gen_pd_col[6].u_pd
   41     0.19% 1.59625e-08 1.18901e-03 1.94155e-04 1.38318e-03   1 /mptdc_top_asic/u_core_gen_pd_row[4].gen_pd_col[6].u_pd
   39     0.18% 1.64938e-08 1.19202e-03 1.89984e-04 1.38202e-03   1 /mptdc_top_asic/u_core_gen_pd_row[1].gen_pd_col[5].u_pd
   43     0.20% 1.53092e-08 1.18236e-03 1.99266e-04 1.38164e-03   1 /mptdc_top_asic/u_core_gen_pd_row[0].gen_pd_col[2].u_pd
   39     0.18% 1.64938e-08 1.19220e-03 1.89297e-04 1.38151e-03   1 /mptdc_top_asic/u_core_gen_pd_row[3].gen_pd_col[5].u_pd
   42     0.20% 1.64051e-08 1.16662e-03 2.12325e-04 1.37896e-03   1 /mptdc_top_asic/u_core_gen_pd_row[7].gen_pd_col[3].u_pd
   39     0.18% 1.48928e-08 1.18844e-03 1.89721e-04 1.37818e-03   1 /mptdc_top_asic/u_core_gen_pd_row[5].gen_pd_col[3].u_pd
   41     0.19% 1.61380e-08 1.17438e-03 2.02377e-04 1.37678e-03   1 /mptdc_top_asic/u_core_gen_pd_row[1].gen_pd_col[2].u_pd
   44     0.21% 1.47746e-08 1.16391e-03 2.09789e-04 1.37371e-03   1 /mptdc_top_asic/u_core_gen_pd_row[2].gen_pd_col[5].u_pd
   42     0.20% 1.53350e-08 1.18129e-03 1.91996e-04 1.37330e-03   1 /mptdc_top_asic/u_core_gen_pd_row[4].gen_pd_col[7].u_pd
   41     0.19% 1.62089e-08 1.16384e-03 2.09083e-04 1.37294e-03   1 /mptdc_top_asic/u_core_gen_pd_row[3].gen_pd_col[3].u_pd
   42     0.20% 1.53350e-08 1.18138e-03 1.90894e-04 1.37229e-03   1 /mptdc_top_asic/u_core_gen_pd_row[3].gen_pd_col[7].u_pd
   39     0.18% 1.46489e-08 1.18035e-03 1.90138e-04 1.37051e-03   1 /mptdc_top_asic/u_core_gen_pd_row[0].gen_pd_col[6].u_pd
   43     0.20% 1.53332e-08 1.17799e-03 1.92406e-04 1.37041e-03   1 /mptdc_top_asic/u_core_gen_pd_row[7].gen_pd_col[2].u_pd
   41     0.19% 1.53732e-08 1.16957e-03 1.96989e-04 1.36657e-03   1 /mptdc_top_asic/u_core_gen_pd_row[3].gen_pd_col[6].u_pd
   39     0.18% 1.63638e-08 1.18256e-03 1.81589e-04 1.36416e-03   1 /mptdc_top_asic/u_core_gen_pd_row[4].gen_pd_col[5].u_pd
   39     0.18% 1.63638e-08 1.18258e-03 1.80443e-04 1.36303e-03   1 /mptdc_top_asic/u_core_gen_pd_row[6].gen_pd_col[5].u_pd
   41     0.19% 1.53732e-08 1.16988e-03 1.91978e-04 1.36188e-03   1 /mptdc_top_asic/u_core_gen_pd_row[1].gen_pd_col[6].u_pd
   41     0.19% 1.37741e-08 1.15614e-03 2.05651e-04 1.36180e-03   1 /mptdc_top_asic/u_core_gen_pd_row[5].gen_pd_col[7].u_pd
   41     0.19% 1.37741e-08 1.15614e-03 2.05632e-04 1.36178e-03   1 /mptdc_top_asic/u_core_gen_pd_row[7].gen_pd_col[7].u_pd
   39     0.18% 1.43836e-08 1.17071e-03 1.90548e-04 1.36128e-03   1 /mptdc_top_asic/u_core_gen_pd_row[7].gen_pd_col[5].u_pd
   43     0.20% 1.44993e-08 1.16293e-03 1.96454e-04 1.35939e-03   1 /mptdc_top_asic/u_core_gen_pd_row[2].gen_pd_col[1].u_pd
   41     0.19% 1.46913e-08 1.16280e-03 1.93662e-04 1.35648e-03   1 /mptdc_top_asic/u_core_gen_pd_row[5].gen_pd_col[2].u_pd
   40     0.19% 1.46470e-08 1.16555e-03 1.90296e-04 1.35586e-03   1 /mptdc_top_asic/u_core_gen_pd_row[7].gen_pd_col[6].u_pd
   41     0.19% 1.55211e-08 1.15618e-03 1.96994e-04 1.35319e-03   1 /mptdc_top_asic/u_core_gen_pd_row[5].gen_pd_col[1].u_pd
   41     0.19% 1.35512e-08 1.14988e-03 2.00916e-04 1.35081e-03   1 /mptdc_top_asic/u_core_gen_pd_row[1].gen_pd_col[7].u_pd
   43     0.20% 1.50342e-08 1.14260e-03 2.08111e-04 1.35073e-03   1 /mptdc_top_asic/u_core_gen_pd_row[6].gen_pd_col[7].u_pd
   38     0.18% 1.56416e-08 1.17471e-03 1.73265e-04 1.34799e-03   1 /mptdc_top_asic/u_core_gen_pd_row[6].gen_pd_col[2].u_pd
   42     0.20% 1.46349e-08 1.14871e-03 1.93498e-04 1.34222e-03   1 /mptdc_top_asic/u_core_gen_pd_row[2].gen_pd_col[7].u_pd
   40     0.19% 1.49047e-08 1.15011e-03 1.91263e-04 1.34139e-03   1 /mptdc_top_asic/u_core_gen_pd_row[6].gen_pd_col[6].u_pd
   41     0.19% 1.38959e-08 1.14526e-03 1.85722e-04 1.33099e-03   1 /mptdc_top_asic/u_core_gen_pd_row[6].gen_pd_col[1].u_pd
   42     0.20% 1.50897e-08 1.12895e-03 2.01469e-04 1.33044e-03   1 /mptdc_top_asic/u_core_gen_pd_row[4].gen_pd_col[1].u_pd
   43     0.20% 1.38719e-08 1.12758e-03 1.99818e-04 1.32741e-03   1 /mptdc_top_asic/u_core_gen_pd_row[1].gen_pd_col[1].u_pd
   43     0.20% 1.38719e-08 1.12780e-03 1.97600e-04 1.32542e-03   1 /mptdc_top_asic/u_core_gen_pd_row[0].gen_pd_col[1].u_pd
   39     0.18% 1.49692e-08 1.14844e-03 1.76741e-04 1.32520e-03   1 /mptdc_top_asic/u_core_gen_pd_row[0].gen_pd_col[3].u_pd
   38     0.18% 1.50564e-08 1.14818e-03 1.74814e-04 1.32301e-03   1 /mptdc_top_asic/u_core_gen_pd_row[4].gen_pd_col[2].u_pd
   39     0.18% 1.52508e-08 1.14781e-03 1.74872e-04 1.32270e-03   1 /mptdc_top_asic/u_core_gen_pd_row[3].gen_pd_col[2].u_pd
   40     0.19% 1.50816e-08 1.12802e-03 1.89218e-04 1.31725e-03   1 /mptdc_top_asic/u_core_gen_pd_row[0].gen_pd_col[4].u_pd
   40     0.19% 1.39892e-08 1.10861e-03 2.02932e-04 1.31156e-03   1 /mptdc_top_asic/u_core_gen_pd_row[7].gen_pd_col[1].u_pd
   40     0.19% 1.32049e-08 1.12013e-03 1.88938e-04 1.30908e-03   1 /mptdc_top_asic/u_core_gen_pd_row[0].gen_pd_col[7].u_pd
   40     0.19% 1.39910e-08 1.10719e-03 2.00001e-04 1.30721e-03   1 /mptdc_top_asic/u_core_gen_pd_row[3].gen_pd_col[1].u_pd
   39     0.18% 1.38349e-08 1.09696e-03 1.90483e-04 1.28746e-03   1 /mptdc_top_asic/u_core_gen_pd_row[3].gen_pd_col[4].u_pd
   39     0.18% 1.37304e-08 1.09440e-03 1.88813e-04 1.28322e-03   1 /mptdc_top_asic/u_core_gen_pd_row[4].gen_pd_col[4].u_pd
   39     0.18% 1.40097e-08 1.09582e-03 1.84600e-04 1.28043e-03   1 /mptdc_top_asic/u_core_gen_pd_row[7].gen_pd_col[4].u_pd
   40     0.19% 1.38625e-08 1.08746e-03 1.92338e-04 1.27981e-03   1 /mptdc_top_asic/u_core_gen_pd_row[5].gen_pd_col[4].u_pd
   39     0.18% 1.35832e-08 1.08287e-03 1.90837e-04 1.27372e-03   1 /mptdc_top_asic/u_core_gen_pd_row[2].gen_pd_col[4].u_pd
   39     0.18% 1.35832e-08 1.08314e-03 1.87930e-04 1.27108e-03   1 /mptdc_top_asic/u_core_gen_pd_row[6].gen_pd_col[4].u_pd
   39     0.18% 1.29111e-08 1.06269e-03 1.93630e-04 1.25633e-03   1 /mptdc_top_asic/u_core_gen_pd_row[1].gen_pd_col[4].u_pd
   42     0.20% 1.31436e-08 1.06067e-03 1.71211e-04 1.23189e-03   1 /mptdc_top_asic/u_core_gen_pd_row[2].gen_pd_col[0].u_pd
   42     0.20% 1.31492e-08 1.04918e-03 1.73404e-04 1.22260e-03   1 /mptdc_top_asic/u_core_gen_pd_row[3].gen_pd_col[0].u_pd
   31     0.15% 1.21411e-08 1.03641e-03 1.54954e-04 1.19138e-03   1 /mptdc_top_asic/u_core_gen_pd_row[7].gen_pd_col[0].u_pd
   39     0.18% 1.19277e-08 1.01172e-03 1.66232e-04 1.17796e-03   1 /mptdc_top_asic/u_core_gen_pd_row[1].gen_pd_col[0].u_pd
   39     0.18% 1.18344e-08 1.01261e-03 1.61167e-04 1.17379e-03   1 /mptdc_top_asic/u_core_gen_pd_row[0].gen_pd_col[0].u_pd
   33     0.16% 1.20738e-08 1.02292e-03 1.46398e-04 1.16933e-03   1 /mptdc_top_asic/u_core_gen_pd_row[6].gen_pd_col[0].u_pd
   41     0.19% 1.19076e-08 9.93443e-04 1.54867e-04 1.14832e-03   1 /mptdc_top_asic/u_core_gen_pd_row[4].gen_pd_col[0].u_pd
   39     0.18% 1.14883e-08 9.87718e-04 1.56180e-04 1.14391e-03   1 /mptdc_top_asic/u_core_gen_pd_row[5].gen_pd_col[0].u_pd
    5     0.02% 7.45466e-10 1.02417e-04 7.08376e-04 8.10794e-04   1 /mptdc_top_asic/u_core_u_osc_slow_u_stub               
    2     0.01% 1.55554e-09 1.66255e-04 0.00000e+00 1.66257e-04   1 /mptdc_top_asic/u_core_u_rst_fast_sync                 
    5     0.02% 4.56598e-09 5.35932e-05 2.29242e-05 7.65220e-05   1 /mptdc_top_asic/u_rst_core_sync                        
    6     0.03% 4.16818e-09 7.37947e-05 2.00294e-06 7.58018e-05   1 /mptdc_top_asic/u_core_u_rst_wdt_sync                  
    5     0.02% 3.52026e-09 6.12583e-05 1.34285e-06 6.26046e-05   1 /mptdc_top_asic/u_core_u_rst_tx_sync                   
    4     0.02% 2.83563e-09 4.82158e-05 6.42453e-07 4.88611e-05   1 /mptdc_top_asic/u_core_u_rst_drain_sync                
    3     0.01% 2.12387e-09 3.65134e-05 7.70944e-07 3.72864e-05   1 /mptdc_top_asic/u_rst_csr_sync                         
    3     0.01% 2.22018e-09 3.61900e-05 3.67836e-07 3.65601e-05   1 /mptdc_top_asic/u_core_u_rst_fifo_sync                 
    2     0.01% 1.63848e-09 2.35721e-05 0.00000e+00 2.35737e-05   1 /mptdc_top_asic/u_core_u_rst_status_sync               
---------------------------------------------------------------------------------------------------------------------------
