**INFO: User settings:
setNanoRouteMode -drouteStartIteration                                                    0
setNanoRouteMode -route_detail_use_min_spacing_for_blockage                               auto
setNanoRouteMode -route_extract_third_party_compatible                                    false
setNanoRouteMode -route_global_exp_timing_driven_std_delay                                57.3
setNanoRouteMode -route_global_exp_timing_driven_use_tif_timing_engine_for_import_design  false
setNanoRouteMode -route_exp_design_mode_bottom_routing_layer                              1
setNanoRouteMode -route_exp_design_mode_top_routing_layer                                 4
setNanoRouteMode -route_strict_honor_route_rule                                           false
setDesignMode -bottomRoutingLayer                                                         1
setDesignMode -process                                                                    180
setDesignMode -topRoutingLayer                                                            4


detailRoute -fix_drc

#Start detailRoute on Tue Jun 30 15:40:23 2026
#
#num needed restored net=0
#need_extraction net=0 (total=16362)
#NanoRoute Version 22.33-s094_1 NR230808-0153/22_13-UB
#WARNING (NRDB-942) Reset route_exp_with_eco_for_shielding to false because there is no existing shielding wire.
#Start routing data preparation on Tue Jun 30 15:40:23 2026
#
#Minimum voltage of a net in the design = 0.000.
#Maximum voltage of a net in the design = 1.800.
#Voltage range [0.000 - 1.800] has 16360 nets.
#Voltage range [1.800 - 1.800] has 1 net.
#Voltage range [0.000 - 0.000] has 1 net.
#Build and mark too close pins for the same net.
#Initial pin access analysis.
#Detail pin access analysis.
# MET1         H   Track-Pitch = 0.5600    Line-2-Via Pitch = 0.4850
# MET2         V   Track-Pitch = 0.5600    Line-2-Via Pitch = 0.5600
# MET3         H   Track-Pitch = 0.5600    Line-2-Via Pitch = 0.5600
# METTP        V   Track-Pitch = 1.1200    Line-2-Via Pitch = 0.9500
#Bottom routing layer index=1(MET1), bottom routing layer for shielding=1(MET1), bottom shield layer=1(MET1)
#shield_bottom_stripe_layer=1(MET1), shield_top_stripe_layer=4(METTP)
#pin_access_rlayer=2(MET2)
#shield_top_dpt_rlayer=-1 top_rlayer=4 top_trim_metal_rlayer=-1 rlayer_lowest=1 bottom_rlayer=1
#enable_trim_layer_shield=F enable_dpt_layer_shield=F has_line_end_grid=F
#enable_dpt_layer_shield=F
#has_line_end_grid=F
#Processed 0/0 dirty instances, 0/0 dirty terms, 0/0 dirty fterms, 0/0 dirty pgterms, 0/0 misc dirty regions(0 insts marked dirty, reset pre-exisiting dirty flag on 0 insts, 0 nets marked need extraction)
#cpu time = 00:00:00, elapsed time = 00:00:00, memory = 2425.49 (MB), peak = 2637.70 (MB)
#Regenerating Ggrids automatically.
#Auto generating G-grids with size=15 tracks, using layer MET2's pitch = 0.5600.
#Using automatically generated G-grids.
#Done routing data preparation.
#cpu time = 00:00:04, elapsed time = 00:00:04, memory = 2427.48 (MB), peak = 2637.70 (MB)
#Minimum voltage of a net in the design = 0.000.
#Maximum voltage of a net in the design = 1.800.
#Voltage range [0.000 - 1.800] has 16360 nets.
#Voltage range [1.800 - 1.800] has 1 net.
#Voltage range [0.000 - 0.000] has 1 net.
#Minimum voltage of a net in the design = 0.000.
#Maximum voltage of a net in the design = 1.800.
#Voltage range [0.000 - 1.800] has 16360 nets.
#Voltage range [1.800 - 1.800] has 1 net.
#Voltage range [0.000 - 0.000] has 1 net.
#Minimum voltage of a net in the design = 0.000.
#Maximum voltage of a net in the design = 1.800.
#Voltage range [0.000 - 1.800] has 16360 nets.
#Voltage range [1.800 - 1.800] has 1 net.
#Voltage range [0.000 - 0.000] has 1 net.
#
#Start Detail Routing..
#start initial detail routing ...
#   number of violations = 58
#
#    By Layer and Type :
#	          Short      Mar   Totals
#	MET1          0        4        4
#	MET2         33        0       33
#	MET3         21        0       21
#	Totals       54        4       58
#cpu time = 00:00:00, elapsed time = 00:00:00, memory = 2427.55 (MB), peak = 2637.70 (MB)
#start 1st fixing drc iteration ...
#   number of violations = 16
#
#    By Layer and Type :
#	          Short   Totals
#	MET1          0        0
#	MET2         15       15
#	MET3          1        1
#	Totals       16       16
#cpu time = 00:00:02, elapsed time = 00:00:02, memory = 2427.74 (MB), peak = 2637.70 (MB)
#start 2nd fixing drc iteration ...
#   number of violations = 18
#
#    By Layer and Type :
#	          Short   Totals
#	MET1          0        0
#	MET2         15       15
#	MET3          3        3
#	Totals       18       18
#cpu time = 00:00:00, elapsed time = 00:00:00, memory = 2428.65 (MB), peak = 2637.70 (MB)
#start 3rd fixing drc iteration ...
#   number of violations = 18
#
#    By Layer and Type :
#	          Short   Totals
#	MET1          0        0
#	MET2         16       16
#	MET3          2        2
#	Totals       18       18
#cpu time = 00:00:00, elapsed time = 00:00:00, memory = 2428.95 (MB), peak = 2637.70 (MB)
#start 4th fixing drc iteration ...
#   number of violations = 16
#
#    By Layer and Type :
#	          Short   Totals
#	MET1          0        0
#	MET2         14       14
#	MET3          2        2
#	Totals       16       16
#cpu time = 00:00:01, elapsed time = 00:00:01, memory = 2430.31 (MB), peak = 2637.70 (MB)
#start 5th fixing drc iteration ...
#   number of violations = 16
#
#    By Layer and Type :
#	          Short   Totals
#	MET1          0        0
#	MET2         14       14
#	MET3          2        2
#	Totals       16       16
#cpu time = 00:00:01, elapsed time = 00:00:01, memory = 2429.79 (MB), peak = 2637.70 (MB)
#start 6th fixing drc iteration ...
#   number of violations = 18
#
#    By Layer and Type :
#	          Short   Totals
#	MET1          0        0
#	MET2         14       14
#	MET3          4        4
#	Totals       18       18
#cpu time = 00:00:01, elapsed time = 00:00:01, memory = 2428.31 (MB), peak = 2637.70 (MB)
#start 7th fixing drc iteration ...
#   number of violations = 18
#
#    By Layer and Type :
#	          Short   Totals
#	MET1          0        0
#	MET2         14       14
#	MET3          4        4
#	Totals       18       18
#cpu time = 00:00:00, elapsed time = 00:00:00, memory = 2429.41 (MB), peak = 2637.70 (MB)
#start 8th fixing drc iteration ...
#   number of violations = 18
#
#    By Layer and Type :
#	          Short   Totals
#	MET1          0        0
#	MET2         14       14
#	MET3          4        4
#	Totals       18       18
#cpu time = 00:00:00, elapsed time = 00:00:00, memory = 2429.50 (MB), peak = 2637.70 (MB)
#start 9th fixing drc iteration ...
#   number of violations = 18
#
#    By Layer and Type :
#	          Short   Totals
#	MET1          0        0
#	MET2         14       14
#	MET3          4        4
#	Totals       18       18
#cpu time = 00:00:00, elapsed time = 00:00:00, memory = 2430.24 (MB), peak = 2637.70 (MB)
#start 10th fixing drc iteration ...
#   number of violations = 18
#
#    By Layer and Type :
#	          Short   Totals
#	MET1          0        0
#	MET2         15       15
#	MET3          3        3
#	Totals       18       18
#cpu time = 00:00:01, elapsed time = 00:00:01, memory = 2430.73 (MB), peak = 2637.70 (MB)
#start 11th fixing drc iteration ...
#   number of violations = 18
#
#    By Layer and Type :
#	          Short   Totals
#	MET1          0        0
#	MET2         13       13
#	MET3          5        5
#	Totals       18       18
#cpu time = 00:00:01, elapsed time = 00:00:01, memory = 2429.41 (MB), peak = 2637.70 (MB)
#start 12th fixing drc iteration ...
#   number of violations = 18
#
#    By Layer and Type :
#	          Short   Totals
#	MET1          0        0
#	MET2         16       16
#	MET3          2        2
#	Totals       18       18
#cpu time = 00:00:01, elapsed time = 00:00:01, memory = 2429.24 (MB), peak = 2637.70 (MB)
#start 13th fixing drc iteration ...
#   number of violations = 17
#
#    By Layer and Type :
#	          Short   Totals
#	MET1          0        0
#	MET2         14       14
#	MET3          3        3
#	Totals       17       17
#cpu time = 00:00:00, elapsed time = 00:00:00, memory = 2430.45 (MB), peak = 2637.70 (MB)
#start 14th fixing drc iteration ...
#   number of violations = 18
#
#    By Layer and Type :
#	          Short   Totals
#	MET1          0        0
#	MET2         15       15
#	MET3          3        3
#	Totals       18       18
#cpu time = 00:00:00, elapsed time = 00:00:00, memory = 2431.21 (MB), peak = 2637.70 (MB)
#start 15th fixing drc iteration ...
#   number of violations = 18
#
#    By Layer and Type :
#	          Short   Totals
#	MET1          0        0
#	MET2         15       15
#	MET3          3        3
#	Totals       18       18
#cpu time = 00:00:01, elapsed time = 00:00:01, memory = 2429.86 (MB), peak = 2637.70 (MB)
#start 16th fixing drc iteration ...
#   number of violations = 18
#
#    By Layer and Type :
#	          Short   Totals
#	MET1          0        0
#	MET2         15       15
#	MET3          3        3
#	Totals       18       18
#cpu time = 00:00:01, elapsed time = 00:00:01, memory = 2429.50 (MB), peak = 2637.70 (MB)
#start 17th fixing drc iteration ...
#   number of violations = 18
#
#    By Layer and Type :
#	          Short   Totals
#	MET1          0        0
#	MET2         15       15
#	MET3          3        3
#	Totals       18       18
#cpu time = 00:00:01, elapsed time = 00:00:01, memory = 2428.46 (MB), peak = 2637.70 (MB)
#start 18th fixing drc iteration ...
#   number of violations = 18
#
#    By Layer and Type :
#	          Short   Totals
#	MET1          0        0
#	MET2         15       15
#	MET3          3        3
#	Totals       18       18
#cpu time = 00:00:01, elapsed time = 00:00:01, memory = 2428.36 (MB), peak = 2637.70 (MB)
#start 19th fixing drc iteration ...
#   number of violations = 18
#
#    By Layer and Type :
#	          Short   Totals
#	MET1          0        0
#	MET2         16       16
#	MET3          2        2
#	Totals       18       18
#cpu time = 00:00:00, elapsed time = 00:00:00, memory = 2429.93 (MB), peak = 2637.70 (MB)
#Complete Detail Routing.
#Total number of nets with non-default rule or having extra spacing = 69
#Total wire length = 771895 um.
#Total half perimeter of net bounding box = 596503 um.
#Total wire length on LAYER MET1 = 62800 um.
#Total wire length on LAYER MET2 = 273072 um.
#Total wire length on LAYER MET3 = 314454 um.
#Total wire length on LAYER METTP = 121569 um.
#Total number of vias = 89564
#Total number of multi-cut vias = 84775 ( 94.7%)
#Total number of single cut vias = 4789 (  5.3%)
#Up-Via Summary (total 89564):
#                   single-cut          multi-cut      Total
#-----------------------------------------------------------
# MET1            4199 (  8.1%)     47413 ( 91.9%)      51612
# MET2             452 (  1.4%)     32107 ( 98.6%)      32559
# MET3             138 (  2.6%)      5255 ( 97.4%)       5393
#-----------------------------------------------------------
#                 4789 (  5.3%)     84775 ( 94.7%)      89564 
#
#Total number of DRC violations = 18
#Total number of violations on LAYER MET1 = 0
#Total number of violations on LAYER MET2 = 16
#Total number of violations on LAYER MET3 = 2
#Total number of violations on LAYER METTP = 0
#Cpu time = 00:00:18
#Elapsed time = 00:00:18
#Increased memory = 8.81 (MB)
#Total memory = 2430.04 (MB)
#Peak memory = 2637.70 (MB)
#
#detailRoute statistics:
#Cpu time = 00:00:19
#Elapsed time = 00:00:19
#Increased memory = 6.29 (MB)
#Total memory = 2426.41 (MB)
#Peak memory = 2637.70 (MB)
#Number of warnings = 1
#Total number of warnings = 6
#Number of fails = 0
#Total number of fails = 0
#Complete detailRoute on Tue Jun 30 15:40:42 2026
#
