=== MPTDC v2.7 TB Runner ===
  Testbench: tb_backpressure
  Simulator: verilator
  Build dir: /home/karim/SPADMIC/MPTDC/build/tb_backpressure

--- Compiling with Verilator ---
make: Entering directory '/home/karim/SPADMIC/MPTDC/build/tb_backpressure'
make: Nothing to be done for 'default'.
make: Leaving directory '/home/karim/SPADMIC/MPTDC/build/tb_backpressure'
- V e r i l a t i o n   R e p o r t: Verilator 5.040 2025-08-30 rev v5.040-50-g0a9d9db5a
- Verilator: Built from 0.000 MB sources in 0 modules, into 0.000 MB in 0 C++ files needing 0.000 MB
- Verilator: Walltime 0.006 s (elab=0.000, cvt=0.000, bld=0.005); cpu 0.001 s on 1 threads; alloced 29.258 MB

--- Running simulation ---
[OSC_WRAPPER] MODE = MODEL (behavioural simulation with #delays)
[OSC_MODEL] NE=8 TS_STEP_PS=55 HALF_PERIOD=440
[OSC_MODEL] jitter_sigma_ps=0 jitter_bound_ps=0
[OSC_WRAPPER] MODE = MODEL (behavioural simulation with #delays)
[OSC_MODEL] NE=8 TS_STEP_PS=50 HALF_PERIOD=400
[OSC_MODEL] jitter_sigma_ps=0 jitter_bound_ps=0
[TB] ──── Scenario A: intermittent stall ────
[TB] ScenA: PASS — 32 words, 15 hits, conv_id=0
[TB] ──── Scenario B: full stall then release ────
[TB] ScenB pkt0: PASS — 32 words, 15 hits, conv_id=0
[TB] ScenB pkt1: PASS — 32 words, 15 hits, conv_id=1
[TB] ScenB: sequential conv_ids OK (0, 1)
[TB] ──── Scenario C: data integrity ────
[TB] ScenC ref: PASS — 32 words, 15 hits, conv_id=0
[TB] ScenC bp: PASS — 32 words, 15 hits, conv_id=0
[TB] ScenC: data integrity OK — both packets have 32 words, 15 hits
[TB] ===== TEST PASSED =====
- /home/karim/SPADMIC/MPTDC/tb/int/tb_backpressure.sv:377: Verilog $finish
- S i m u l a t i o n   R e p o r t: Verilator 5.040 2025-08-30
- Verilator: $finish at 500us; walltime 0.006 s; speed 73.762 ms/s
- Verilator: cpu 0.007 s on 1 threads; alloced 95 MB

=== SIMULATION PASSED ===
