Power Unit: W
PDB Frame : /stim#0/frame#0
---------------------------------------------------------------------------------------------------------------------------
Cells Pct_cells     Leakage    Internal   Switching       Total Lvl Instance                                               
---------------------------------------------------------------------------------------------------------------------------
19720   100.00% 7.75593e-06 1.47786e-01 3.84016e-02 1.86195e-01   0 /mptdc_top_asic                                        
    4     0.02% 4.95973e-10 4.70066e-05 1.07271e-02 1.07741e-02   1 /mptdc_top_asic/u_core_u_osc_fast_u_stub               
   42     0.21% 1.63312e-08 1.20784e-03 2.07971e-04 1.41583e-03   1 /mptdc_top_asic/u_core_gen_pd_row[1].gen_pd_col[4].u_pd
   42     0.21% 1.61444e-08 1.20629e-03 2.08742e-04 1.41505e-03   1 /mptdc_top_asic/u_core_gen_pd_row[3].gen_pd_col[5].u_pd
   42     0.21% 1.63312e-08 1.20795e-03 2.06589e-04 1.41455e-03   1 /mptdc_top_asic/u_core_gen_pd_row[2].gen_pd_col[4].u_pd
   42     0.21% 1.63312e-08 1.20802e-03 2.04591e-04 1.41263e-03   1 /mptdc_top_asic/u_core_gen_pd_row[3].gen_pd_col[4].u_pd
   42     0.21% 1.61444e-08 1.20650e-03 2.06078e-04 1.41259e-03   1 /mptdc_top_asic/u_core_gen_pd_row[2].gen_pd_col[5].u_pd
   42     0.21% 1.63209e-08 1.20641e-03 2.05443e-04 1.41187e-03   1 /mptdc_top_asic/u_core_gen_pd_row[5].gen_pd_col[4].u_pd
   41     0.21% 1.61349e-08 1.20575e-03 2.06068e-04 1.41184e-03   1 /mptdc_top_asic/u_core_gen_pd_row[0].gen_pd_col[4].u_pd
   42     0.21% 1.63209e-08 1.20633e-03 2.05448e-04 1.41179e-03   1 /mptdc_top_asic/u_core_gen_pd_row[4].gen_pd_col[4].u_pd
   42     0.21% 1.63209e-08 1.20633e-03 2.05448e-04 1.41179e-03   1 /mptdc_top_asic/u_core_gen_pd_row[6].gen_pd_col[4].u_pd
   42     0.21% 1.63226e-08 1.20540e-03 2.05507e-04 1.41092e-03   1 /mptdc_top_asic/u_core_gen_pd_row[6].gen_pd_col[5].u_pd
   42     0.21% 1.61444e-08 1.20662e-03 2.03881e-04 1.41052e-03   1 /mptdc_top_asic/u_core_gen_pd_row[1].gen_pd_col[5].u_pd
   42     0.21% 1.61342e-08 1.20488e-03 2.04883e-04 1.40978e-03   1 /mptdc_top_asic/u_core_gen_pd_row[4].gen_pd_col[5].u_pd
   41     0.21% 1.59482e-08 1.20432e-03 2.04181e-04 1.40852e-03   1 /mptdc_top_asic/u_core_gen_pd_row[0].gen_pd_col[5].u_pd
   41     0.21% 1.59379e-08 1.20300e-03 2.00281e-04 1.40330e-03   1 /mptdc_top_asic/u_core_gen_pd_row[5].gen_pd_col[5].u_pd
   42     0.21% 1.57350e-08 1.18554e-03 2.05354e-04 1.39091e-03   1 /mptdc_top_asic/u_core_gen_pd_row[7].gen_pd_col[5].u_pd
   42     0.21% 1.51485e-08 1.16574e-03 2.04270e-04 1.37002e-03   1 /mptdc_top_asic/u_core_gen_pd_row[7].gen_pd_col[4].u_pd
   39     0.20% 1.53350e-08 1.17695e-03 1.87279e-04 1.36424e-03   1 /mptdc_top_asic/u_core_gen_pd_row[2].gen_pd_col[7].u_pd
   39     0.20% 1.53350e-08 1.17702e-03 1.85932e-04 1.36297e-03   1 /mptdc_top_asic/u_core_gen_pd_row[1].gen_pd_col[7].u_pd
   39     0.20% 1.53136e-08 1.17524e-03 1.86691e-04 1.36195e-03   1 /mptdc_top_asic/u_core_gen_pd_row[0].gen_pd_col[7].u_pd
   39     0.20% 1.41370e-08 1.16403e-03 1.89967e-04 1.35401e-03   1 /mptdc_top_asic/u_core_gen_pd_row[0].gen_pd_col[2].u_pd
   39     0.20% 1.48432e-08 1.15767e-03 1.87073e-04 1.34476e-03   1 /mptdc_top_asic/u_core_gen_pd_row[0].gen_pd_col[6].u_pd
   39     0.20% 1.48432e-08 1.15767e-03 1.87063e-04 1.34475e-03   1 /mptdc_top_asic/u_core_gen_pd_row[2].gen_pd_col[6].u_pd
   39     0.20% 1.48432e-08 1.15787e-03 1.86491e-04 1.34437e-03   1 /mptdc_top_asic/u_core_gen_pd_row[1].gen_pd_col[6].u_pd
   39     0.20% 1.48432e-08 1.15796e-03 1.84279e-04 1.34225e-03   1 /mptdc_top_asic/u_core_gen_pd_row[3].gen_pd_col[6].u_pd
   39     0.20% 1.47474e-08 1.15661e-03 1.84419e-04 1.34105e-03   1 /mptdc_top_asic/u_core_gen_pd_row[7].gen_pd_col[7].u_pd
   39     0.20% 1.38854e-08 1.14809e-03 1.91673e-04 1.33978e-03   1 /mptdc_top_asic/u_core_gen_pd_row[5].gen_pd_col[2].u_pd
   39     0.20% 1.36183e-08 1.14391e-03 1.93428e-04 1.33735e-03   1 /mptdc_top_asic/u_core_gen_pd_row[4].gen_pd_col[2].u_pd
   39     0.20% 1.35477e-08 1.14388e-03 1.90416e-04 1.33431e-03   1 /mptdc_top_asic/u_core_gen_pd_row[3].gen_pd_col[2].u_pd
   39     0.20% 1.35477e-08 1.14401e-03 1.87694e-04 1.33171e-03   1 /mptdc_top_asic/u_core_gen_pd_row[1].gen_pd_col[2].u_pd
   38     0.19% 1.34220e-08 1.14211e-03 1.88309e-04 1.33043e-03   1 /mptdc_top_asic/u_core_gen_pd_row[6].gen_pd_col[2].u_pd
   38     0.19% 1.34220e-08 1.14198e-03 1.88348e-04 1.33034e-03   1 /mptdc_top_asic/u_core_gen_pd_row[7].gen_pd_col[2].u_pd
   39     0.20% 1.45101e-08 1.14057e-03 1.88072e-04 1.32866e-03   1 /mptdc_top_asic/u_core_gen_pd_row[5].gen_pd_col[7].u_pd
   39     0.20% 1.45101e-08 1.14059e-03 1.86712e-04 1.32731e-03   1 /mptdc_top_asic/u_core_gen_pd_row[6].gen_pd_col[7].u_pd
   39     0.20% 1.45101e-08 1.14059e-03 1.86708e-04 1.32731e-03   1 /mptdc_top_asic/u_core_gen_pd_row[4].gen_pd_col[7].u_pd
   39     0.20% 1.45101e-08 1.14069e-03 1.85343e-04 1.32605e-03   1 /mptdc_top_asic/u_core_gen_pd_row[3].gen_pd_col[7].u_pd
   39     0.20% 1.42556e-08 1.13714e-03 1.88280e-04 1.32543e-03   1 /mptdc_top_asic/u_core_gen_pd_row[7].gen_pd_col[6].u_pd
   37     0.19% 1.51871e-08 1.15119e-03 1.66101e-04 1.31731e-03   1 /mptdc_top_asic/u_core_gen_pd_row[2].gen_pd_col[3].u_pd
   37     0.19% 1.51871e-08 1.15119e-03 1.66101e-04 1.31731e-03   1 /mptdc_top_asic/u_core_gen_pd_row[0].gen_pd_col[3].u_pd
   37     0.19% 1.51871e-08 1.15124e-03 1.64927e-04 1.31618e-03   1 /mptdc_top_asic/u_core_gen_pd_row[3].gen_pd_col[3].u_pd
   37     0.19% 1.51871e-08 1.15137e-03 1.63743e-04 1.31513e-03   1 /mptdc_top_asic/u_core_gen_pd_row[1].gen_pd_col[3].u_pd
   39     0.20% 1.40183e-08 1.12126e-03 1.86992e-04 1.30827e-03   1 /mptdc_top_asic/u_core_gen_pd_row[4].gen_pd_col[6].u_pd
   38     0.19% 1.38221e-08 1.11927e-03 1.85980e-04 1.30527e-03   1 /mptdc_top_asic/u_core_gen_pd_row[5].gen_pd_col[6].u_pd
   37     0.19% 1.48077e-08 1.13845e-03 1.66739e-04 1.30521e-03   1 /mptdc_top_asic/u_core_gen_pd_row[5].gen_pd_col[3].u_pd
   37     0.19% 1.48077e-08 1.13851e-03 1.65559e-04 1.30409e-03   1 /mptdc_top_asic/u_core_gen_pd_row[7].gen_pd_col[3].u_pd
   38     0.19% 1.38221e-08 1.11954e-03 1.81836e-04 1.30139e-03   1 /mptdc_top_asic/u_core_gen_pd_row[6].gen_pd_col[6].u_pd
   37     0.19% 1.45912e-08 1.12950e-03 1.64200e-04 1.29371e-03   1 /mptdc_top_asic/u_core_gen_pd_row[4].gen_pd_col[3].u_pd
   37     0.19% 1.45912e-08 1.12940e-03 1.64257e-04 1.29367e-03   1 /mptdc_top_asic/u_core_gen_pd_row[6].gen_pd_col[3].u_pd
   37     0.19% 1.35757e-08 1.10036e-03 1.68674e-04 1.26904e-03   1 /mptdc_top_asic/u_core_gen_pd_row[2].gen_pd_col[2].u_pd
   33     0.17% 1.30644e-08 1.08747e-03 1.74695e-04 1.26218e-03   1 /mptdc_top_asic/u_core_gen_pd_row[3].gen_pd_col[0].u_pd
   37     0.19% 1.30107e-08 1.08384e-03 1.67847e-04 1.25170e-03   1 /mptdc_top_asic/u_core_gen_pd_row[4].gen_pd_col[1].u_pd
   37     0.19% 1.30218e-08 1.08296e-03 1.68676e-04 1.25165e-03   1 /mptdc_top_asic/u_core_gen_pd_row[3].gen_pd_col[1].u_pd
   37     0.19% 1.30189e-08 1.08368e-03 1.67612e-04 1.25130e-03   1 /mptdc_top_asic/u_core_gen_pd_row[1].gen_pd_col[1].u_pd
   37     0.19% 1.30136e-08 1.08317e-03 1.67734e-04 1.25092e-03   1 /mptdc_top_asic/u_core_gen_pd_row[7].gen_pd_col[1].u_pd
   37     0.19% 1.30218e-08 1.08309e-03 1.67481e-04 1.25058e-03   1 /mptdc_top_asic/u_core_gen_pd_row[2].gen_pd_col[1].u_pd
   37     0.19% 1.30218e-08 1.08296e-03 1.67555e-04 1.25052e-03   1 /mptdc_top_asic/u_core_gen_pd_row[0].gen_pd_col[1].u_pd
   37     0.19% 1.30136e-08 1.08346e-03 1.65375e-04 1.24885e-03   1 /mptdc_top_asic/u_core_gen_pd_row[6].gen_pd_col[1].u_pd
   37     0.19% 1.30107e-08 1.08407e-03 1.64312e-04 1.24839e-03   1 /mptdc_top_asic/u_core_gen_pd_row[5].gen_pd_col[1].u_pd
   36     0.18% 1.22550e-08 1.03996e-03 1.56983e-04 1.19695e-03   1 /mptdc_top_asic/u_core_gen_pd_row[2].gen_pd_col[0].u_pd
   36     0.18% 1.22024e-08 1.03135e-03 1.64792e-04 1.19615e-03   1 /mptdc_top_asic/u_core_gen_pd_row[0].gen_pd_col[0].u_pd
   36     0.18% 1.21136e-08 1.02633e-03 1.69774e-04 1.19612e-03   1 /mptdc_top_asic/u_core_gen_pd_row[1].gen_pd_col[0].u_pd
   36     0.18% 1.19392e-08 1.02537e-03 1.64976e-04 1.19036e-03   1 /mptdc_top_asic/u_core_gen_pd_row[6].gen_pd_col[0].u_pd
   36     0.18% 1.19998e-08 1.02253e-03 1.63362e-04 1.18591e-03   1 /mptdc_top_asic/u_core_gen_pd_row[7].gen_pd_col[0].u_pd
   36     0.18% 1.20132e-08 1.02573e-03 1.55479e-04 1.18122e-03   1 /mptdc_top_asic/u_core_gen_pd_row[4].gen_pd_col[0].u_pd
   36     0.18% 1.21413e-08 1.01303e-03 1.46780e-04 1.15982e-03   1 /mptdc_top_asic/u_core_gen_pd_row[5].gen_pd_col[0].u_pd
    5     0.03% 7.51513e-10 1.04115e-04 6.73886e-04 7.78002e-04   1 /mptdc_top_asic/u_core_u_osc_slow_u_stub               
    2     0.01% 1.55554e-09 1.66255e-04 0.00000e+00 1.66257e-04   1 /mptdc_top_asic/u_core_u_rst_fast_sync                 
    5     0.03% 4.56598e-09 5.35938e-05 2.31661e-05 7.67645e-05   1 /mptdc_top_asic/u_rst_core_sync                        
    6     0.03% 4.16818e-09 7.37942e-05 1.87193e-06 7.56703e-05   1 /mptdc_top_asic/u_core_u_rst_wdt_sync                  
    5     0.03% 3.52026e-09 6.12582e-05 1.34285e-06 6.26045e-05   1 /mptdc_top_asic/u_core_u_rst_tx_sync                   
    4     0.02% 2.87234e-09 4.87228e-05 1.05564e-06 4.97813e-05   1 /mptdc_top_asic/u_core_u_rst_drain_sync                
    3     0.02% 2.08883e-09 3.60011e-05 3.30045e-07 3.63332e-05   1 /mptdc_top_asic/u_rst_csr_sync                         
    3     0.02% 2.18771e-09 3.56812e-05 5.39157e-07 3.62225e-05   1 /mptdc_top_asic/u_core_u_rst_fifo_sync                 
    2     0.01% 1.63848e-09 2.35721e-05 0.00000e+00 2.35737e-05   1 /mptdc_top_asic/u_core_u_rst_status_sync               
---------------------------------------------------------------------------------------------------------------------------
