============================================================
  Generated by:           Genus(TM) Synthesis Solution 22.13-s093_1
  Generated on:           May 12 2026  04:18:08 pm
  Module:                 mptdc_top_asic
  Operating conditions:   slow_1_62V_125C 
  Interconnect mode:      global
  Area mode:              physical library
============================================================

Timing
--------

Analysis view     Clock    Period 
----------------------------------
wc_view       clk_osc_fast  900.0 
              clk_osc_slow 1000.0 
              clk_sys      6250.0 


Analysis     Cost      Critical               Violating 
  View       Group    Path Slack     TNS        Paths   
--------------------------------------------------------
wc_view  clk_osc_fast    -5661.5  -4313363.5       1199 
         clk_osc_slow    -2342.8    -44759.2         22 
              clk_sys    -3695.1  -9337506.3       2814 
              default   No paths         0.0          0 
--------------------------------------------------------
Total                            -13695629.0       4035 
                                                        

Instance Count
--------------
Leaf Instance Count             17717 
Physical Instance count             0 
Sequential Instance Count        4775 
Combinational Instance Count    12942 
Hierarchical Instance Count        74 

Area
----
Cell Area                          466378.394
Physical Cell Area                 0.000
Total Cell Area (Cell+Physical)    466378.394
Net Area                           246756.042
Total Area (Cell+Physical+Net)     713134.436

Power
-----
Leakage Power                      7322.307 nW
Dynamic Power                      258541567.613 nW
Total Power                        258548889.920 nW

Max Fanout                         2970 (clk_sys)
Min Fanout                         0 (local_async_rst_n)
Average Fanout                     2.2
Terms to net ratio                 3.2589
Terms to instance ratio            3.9074
Runtime                            4276.789051999971 seconds
Elapsed Runtime                    4091 seconds
Genus peak memory usage            3378.98 
Innovus peak memory usage          no_value 
Hostname                           lyoelectrosrv01.in2p3.fr
