*** timeDesign #4 [begin] : totSession cpu/real = 0:10:41.1/0:12:08.0 (0.9), mem = 2766.1M
Start to check current routing status for nets...
All nets are already routed correctly.
End to check current routing status for nets (mem=2752.6M)
OPTC: user 20.0
Starting delay calculation for Hold views
AAE_INFO: opIsDesignInPostRouteState() is 0
#################################################################################
# Design Stage: PreRoute
# Design Name: mptdc_axis_core
# Design Mode: 180nm
# Analysis Mode: MMMC Non-OCV 
# Parasitics Mode: No SPEF/RCDB 
# Signoff Settings: SI Off 
#################################################################################
Calculate delays in Single mode...
Start delay calculation (fullDC) (1 T). (MEM=2773.12)
Total number of fetched objects 14935
AAE_INFO: Total number of nets for which stage creation was skipped for all views 0
End delay calculation. (MEM=2825.9 CPU=0:00:02.4 REAL=0:00:02.0)
End delay calculation (fullDC). (MEM=2825.9 CPU=0:00:02.9 REAL=0:00:03.0)
*** Done Building Timing Graph (cpu=0:00:03.8 real=0:00:04.0 totSessionCpu=0:10:46 mem=2825.9M)

------------------------------------------------------------------
          timeDesign Summary
------------------------------------------------------------------

Hold views included:
 TC_NOMINAL 

+--------------------+---------+---------+---------+
|     Hold mode      |   all   | reg2reg | default |
+--------------------+---------+---------+---------+
|           WNS (ns):| -0.075  |  0.140  | -0.075  |
|           TNS (ns):| -0.625  |  0.000  | -0.625  |
|    Violating Paths:|   22    |    0    |   22    |
|          All Paths:|  4886   |  4862   |  2188   |
+--------------------+---------+---------+---------+

Density: 43.362%
Routing Overflow: 0.61% H and 0.07% V
------------------------------------------------------------------
Reported timing to dir ./timingReports
Total CPU time: 5.15 sec
Total Real time: 6.0 sec
Total Memory Usage: 2729.382812 Mbytes
