**INFO: User settings:
setNanoRouteMode -drouteStartIteration                                                    0
setNanoRouteMode -route_detail_use_min_spacing_for_blockage                               auto
setNanoRouteMode -route_extract_third_party_compatible                                    false
setNanoRouteMode -route_global_exp_timing_driven_std_delay                                57.3
setNanoRouteMode -route_global_exp_timing_driven_use_tif_timing_engine_for_import_design  false
setNanoRouteMode -route_exp_design_mode_bottom_routing_layer                              1
setNanoRouteMode -route_exp_design_mode_top_routing_layer                                 4
setNanoRouteMode -route_strict_honor_route_rule                                           false
setDesignMode -bottomRoutingLayer                                                         1
setDesignMode -process                                                                    180
setDesignMode -topRoutingLayer                                                            4


detailRoute -fix_drc

#Start detailRoute on Wed Jul  1 15:50:58 2026
#
#num needed restored net=0
#need_extraction net=0 (total=16362)
#NanoRoute Version 22.33-s094_1 NR230808-0153/22_13-UB
#WARNING (NRDB-942) Reset route_exp_with_eco_for_shielding to false because there is no existing shielding wire.
#Start routing data preparation on Wed Jul  1 15:50:59 2026
#
#Minimum voltage of a net in the design = 0.000.
#Maximum voltage of a net in the design = 1.800.
#Voltage range [0.000 - 1.800] has 16360 nets.
#Voltage range [1.800 - 1.800] has 1 net.
#Voltage range [0.000 - 0.000] has 1 net.
#Build and mark too close pins for the same net.
#Initial pin access analysis.
#Detail pin access analysis.
# MET1         H   Track-Pitch = 0.5600    Line-2-Via Pitch = 0.4850
# MET2         V   Track-Pitch = 0.5600    Line-2-Via Pitch = 0.5600
# MET3         H   Track-Pitch = 0.5600    Line-2-Via Pitch = 0.5600
# METTP        V   Track-Pitch = 1.1200    Line-2-Via Pitch = 0.9500
#Bottom routing layer index=1(MET1), bottom routing layer for shielding=1(MET1), bottom shield layer=1(MET1)
#shield_bottom_stripe_layer=1(MET1), shield_top_stripe_layer=4(METTP)
#pin_access_rlayer=2(MET2)
#shield_top_dpt_rlayer=-1 top_rlayer=4 top_trim_metal_rlayer=-1 rlayer_lowest=1 bottom_rlayer=1
#enable_trim_layer_shield=F enable_dpt_layer_shield=F has_line_end_grid=F
#enable_dpt_layer_shield=F
#has_line_end_grid=F
#Processed 0/0 dirty instances, 0/0 dirty terms, 0/0 dirty fterms, 0/0 dirty pgterms, 0/0 misc dirty regions(0 insts marked dirty, reset pre-exisiting dirty flag on 0 insts, 0 nets marked need extraction)
#cpu time = 00:00:00, elapsed time = 00:00:00, memory = 2488.93 (MB), peak = 2705.98 (MB)
#Regenerating Ggrids automatically.
#Auto generating G-grids with size=15 tracks, using layer MET2's pitch = 0.5600.
#Using automatically generated G-grids.
#Done routing data preparation.
#cpu time = 00:00:04, elapsed time = 00:00:04, memory = 2490.72 (MB), peak = 2705.98 (MB)
#Minimum voltage of a net in the design = 0.000.
#Maximum voltage of a net in the design = 1.800.
#Voltage range [0.000 - 1.800] has 16360 nets.
#Voltage range [1.800 - 1.800] has 1 net.
#Voltage range [0.000 - 0.000] has 1 net.
#Minimum voltage of a net in the design = 0.000.
#Maximum voltage of a net in the design = 1.800.
#Voltage range [0.000 - 1.800] has 16360 nets.
#Voltage range [1.800 - 1.800] has 1 net.
#Voltage range [0.000 - 0.000] has 1 net.
#Minimum voltage of a net in the design = 0.000.
#Maximum voltage of a net in the design = 1.800.
#Voltage range [0.000 - 1.800] has 16360 nets.
#Voltage range [1.800 - 1.800] has 1 net.
#Voltage range [0.000 - 0.000] has 1 net.
#
#Start Detail Routing..
#start initial detail routing ...
#   number of violations = 28
#
#    By Layer and Type :
#	         MetSpc    Short      Mar   Totals
#	MET1          7        7        2       16
#	MET2          0        9        3       12
#	Totals        7       16        5       28
#cpu time = 00:00:00, elapsed time = 00:00:00, memory = 2490.80 (MB), peak = 2705.98 (MB)
#start 1st fixing drc iteration ...
#   number of violations = 22
#
#    By Layer and Type :
#	         MetSpc    Short      Mar   Totals
#	MET1          7        7        0       14
#	MET2          0        5        3        8
#	Totals        7       12        3       22
#cpu time = 00:00:02, elapsed time = 00:00:02, memory = 2491.02 (MB), peak = 2705.98 (MB)
#start 2nd fixing drc iteration ...
#   number of violations = 11
#
#    By Layer and Type :
#	         MetSpc    Short      Mar   Totals
#	MET1          1        2        0        3
#	MET2          0        5        3        8
#	Totals        1        7        3       11
#cpu time = 00:00:00, elapsed time = 00:00:00, memory = 2490.86 (MB), peak = 2705.98 (MB)
#start 3rd fixing drc iteration ...
#   number of violations = 7
#
#    By Layer and Type :
#	         MetSpc    Short      Mar   Totals
#	MET1          1        2        0        3
#	MET2          0        3        1        4
#	Totals        1        5        1        7
#cpu time = 00:00:00, elapsed time = 00:00:00, memory = 2490.77 (MB), peak = 2705.98 (MB)
#start 4th fixing drc iteration ...
#   number of violations = 7
#
#    By Layer and Type :
#	         MetSpc    Short      Mar   Totals
#	MET1          1        2        0        3
#	MET2          0        3        1        4
#	Totals        1        5        1        7
#cpu time = 00:00:00, elapsed time = 00:00:00, memory = 2490.91 (MB), peak = 2705.98 (MB)
#start 5th fixing drc iteration ...
#   number of violations = 6
#
#    By Layer and Type :
#	         MetSpc    Short   Totals
#	MET1          1        2        3
#	MET2          0        3        3
#	Totals        1        5        6
#cpu time = 00:00:00, elapsed time = 00:00:00, memory = 2491.07 (MB), peak = 2705.98 (MB)
#start 6th fixing drc iteration ...
#   number of violations = 6
#
#    By Layer and Type :
#	         MetSpc    Short   Totals
#	MET1          1        2        3
#	MET2          0        3        3
#	Totals        1        5        6
#cpu time = 00:00:01, elapsed time = 00:00:01, memory = 2490.95 (MB), peak = 2705.98 (MB)
#start 7th fixing drc iteration ...
#   number of violations = 6
#
#    By Layer and Type :
#	         MetSpc    Short   Totals
#	MET1          1        2        3
#	MET2          0        3        3
#	Totals        1        5        6
#cpu time = 00:00:00, elapsed time = 00:00:00, memory = 2491.19 (MB), peak = 2705.98 (MB)
#start 8th fixing drc iteration ...
#   number of violations = 6
#
#    By Layer and Type :
#	         MetSpc    Short   Totals
#	MET1          1        2        3
#	MET2          0        3        3
#	Totals        1        5        6
#cpu time = 00:00:00, elapsed time = 00:00:00, memory = 2491.29 (MB), peak = 2705.98 (MB)
#start 9th fixing drc iteration ...
#   number of violations = 6
#
#    By Layer and Type :
#	         MetSpc    Short   Totals
#	MET1          1        2        3
#	MET2          0        3        3
#	Totals        1        5        6
#cpu time = 00:00:00, elapsed time = 00:00:00, memory = 2492.26 (MB), peak = 2705.98 (MB)
#start 10th fixing drc iteration ...
#   number of violations = 6
#
#    By Layer and Type :
#	         MetSpc    Short   Totals
#	MET1          1        2        3
#	MET2          0        3        3
#	Totals        1        5        6
#cpu time = 00:00:00, elapsed time = 00:00:00, memory = 2491.34 (MB), peak = 2705.98 (MB)
#start 11th fixing drc iteration ...
#   number of violations = 6
#
#    By Layer and Type :
#	         MetSpc    Short   Totals
#	MET1          1        2        3
#	MET2          0        3        3
#	Totals        1        5        6
#cpu time = 00:00:00, elapsed time = 00:00:00, memory = 2491.72 (MB), peak = 2705.98 (MB)
#start 12th fixing drc iteration ...
#   number of violations = 6
#
#    By Layer and Type :
#	         MetSpc    Short   Totals
#	MET1          1        2        3
#	MET2          0        3        3
#	Totals        1        5        6
#cpu time = 00:00:00, elapsed time = 00:00:00, memory = 2491.40 (MB), peak = 2705.98 (MB)
#start 13th fixing drc iteration ...
#   number of violations = 6
#
#    By Layer and Type :
#	         MetSpc    Short   Totals
#	MET1          1        2        3
#	MET2          0        3        3
#	Totals        1        5        6
#cpu time = 00:00:00, elapsed time = 00:00:00, memory = 2491.43 (MB), peak = 2705.98 (MB)
#start 14th fixing drc iteration ...
#   number of violations = 6
#
#    By Layer and Type :
#	         MetSpc    Short   Totals
#	MET1          1        2        3
#	MET2          0        3        3
#	Totals        1        5        6
#cpu time = 00:00:00, elapsed time = 00:00:00, memory = 2491.78 (MB), peak = 2705.98 (MB)
#start 15th fixing drc iteration ...
#   number of violations = 6
#
#    By Layer and Type :
#	         MetSpc    Short   Totals
#	MET1          1        2        3
#	MET2          0        3        3
#	Totals        1        5        6
#cpu time = 00:00:00, elapsed time = 00:00:00, memory = 2492.46 (MB), peak = 2705.98 (MB)
#start 16th fixing drc iteration ...
#   number of violations = 6
#
#    By Layer and Type :
#	         MetSpc    Short   Totals
#	MET1          1        2        3
#	MET2          0        3        3
#	Totals        1        5        6
#cpu time = 00:00:00, elapsed time = 00:00:00, memory = 2492.50 (MB), peak = 2705.98 (MB)
#start 17th fixing drc iteration ...
#   number of violations = 6
#
#    By Layer and Type :
#	         MetSpc    Short   Totals
#	MET1          1        2        3
#	MET2          0        3        3
#	Totals        1        5        6
#cpu time = 00:00:00, elapsed time = 00:00:00, memory = 2491.73 (MB), peak = 2705.98 (MB)
#start 18th fixing drc iteration ...
#   number of violations = 6
#
#    By Layer and Type :
#	         MetSpc    Short   Totals
#	MET1          1        2        3
#	MET2          0        3        3
#	Totals        1        5        6
#cpu time = 00:00:01, elapsed time = 00:00:01, memory = 2491.32 (MB), peak = 2705.98 (MB)
#start 19th fixing drc iteration ...
#   number of violations = 6
#
#    By Layer and Type :
#	         MetSpc    Short   Totals
#	MET1          1        2        3
#	MET2          0        3        3
#	Totals        1        5        6
#cpu time = 00:00:00, elapsed time = 00:00:00, memory = 2491.93 (MB), peak = 2705.98 (MB)
#Complete Detail Routing.
#Total number of nets with non-default rule or having extra spacing = 69
#Total wire length = 806405 um.
#Total half perimeter of net bounding box = 601168 um.
#Total wire length on LAYER MET1 = 67792 um.
#Total wire length on LAYER MET2 = 277097 um.
#Total wire length on LAYER MET3 = 318036 um.
#Total wire length on LAYER METTP = 143480 um.
#Total number of vias = 93036
#Total number of multi-cut vias = 88062 ( 94.7%)
#Total number of single cut vias = 4974 (  5.3%)
#Up-Via Summary (total 93036):
#                   single-cut          multi-cut      Total
#-----------------------------------------------------------
# MET1            4330 (  8.1%)     49177 ( 91.9%)      53507
# MET2             444 (  1.3%)     33030 ( 98.7%)      33474
# MET3             200 (  3.3%)      5855 ( 96.7%)       6055
#-----------------------------------------------------------
#                 4974 (  5.3%)     88062 ( 94.7%)      93036 
#
#Total number of DRC violations = 6
#Total number of violations on LAYER MET1 = 3
#Total number of violations on LAYER MET2 = 3
#Total number of violations on LAYER MET3 = 0
#Total number of violations on LAYER METTP = 0
#Cpu time = 00:00:13
#Elapsed time = 00:00:13
#Increased memory = 7.21 (MB)
#Total memory = 2491.93 (MB)
#Peak memory = 2705.98 (MB)
#
#detailRoute statistics:
#Cpu time = 00:00:14
#Elapsed time = 00:00:14
#Increased memory = 3.71 (MB)
#Total memory = 2487.84 (MB)
#Peak memory = 2705.98 (MB)
#Number of warnings = 1
#Total number of warnings = 5
#Number of fails = 0
#Total number of fails = 0
#Complete detailRoute on Wed Jul  1 15:51:12 2026
#
