# MPTDC Route Gate Recovery
ROUTE_GATE_RECOVERY_INITIAL_DRC=9
ROUTE_GATE_RECOVERY_INITIAL_SHORTS=5
ROUTE_GATE_RECOVERY_REPAIR_COMMANDS={ecoRoute -target} {ecoRoute -fix_drc}
ROUTE_GATE_SROUTE_RECOVERY=DISABLED_BY_ENV
ROUTE_GATE_RECOVERY_COMMAND=ecoRoute -target
ROUTE_GATE_RECOVERY_COMMAND_REPORT=/sim/ksabra/SPADMIC_work/innovus/20260701_mptdc_tc_ro6_pnrlef_v2_recovery_153333/reports/route_recovery_ecoRoute_target.rpt
ROUTE_GATE_RECOVERY_ATTEMPT_ROUTER_DRC=19
ROUTE_GATE_RECOVERY_ATTEMPT_ROUTER_SHORTS=11
ROUTE_GATE_RECOVERY_ATTEMPT_VERIFY_DRC=9
ROUTE_GATE_RECOVERY_ATTEMPT_VERIFY_SHORTS=5
ROUTE_GATE_RECOVERY_ATTEMPT_DRC=9
ROUTE_GATE_RECOVERY_ATTEMPT_SHORTS=5
ROUTE_GATE_RECOVERY_ATTEMPT_MARKER_REPORT=/sim/ksabra/SPADMIC_work/innovus/20260701_mptdc_tc_ro6_pnrlef_v2_recovery_153333/reports/route_recovery_ecoRoute_target_markers.tsv
ROUTE_GATE_RECOVERY_ATTEMPT_STATUS=REVIEW_REQUIRED
ROUTE_GATE_RECOVERY_COMMAND=ecoRoute -fix_drc
ROUTE_GATE_RECOVERY_COMMAND_REPORT=/sim/ksabra/SPADMIC_work/innovus/20260701_mptdc_tc_ro6_pnrlef_v2_recovery_153333/reports/route_recovery_ecoRoute_fix_drc.rpt
ROUTE_GATE_RECOVERY_ATTEMPT_ROUTER_DRC=6
ROUTE_GATE_RECOVERY_ATTEMPT_ROUTER_SHORTS=5
ROUTE_GATE_RECOVERY_ATTEMPT_VERIFY_DRC=7
ROUTE_GATE_RECOVERY_ATTEMPT_VERIFY_SHORTS=5
ROUTE_GATE_RECOVERY_ATTEMPT_DRC=7
ROUTE_GATE_RECOVERY_ATTEMPT_SHORTS=5
ROUTE_GATE_RECOVERY_ATTEMPT_MARKER_REPORT=/sim/ksabra/SPADMIC_work/innovus/20260701_mptdc_tc_ro6_pnrlef_v2_recovery_153333/reports/route_recovery_ecoRoute_fix_drc_markers.tsv
ROUTE_GATE_RECOVERY_ATTEMPT_STATUS=REVIEW_REQUIRED
ROUTE_GATE_RECOVERY_STATUS=REVIEW_REQUIRED
