STEP=RO6_OA_VDD_EXPORT_CLASSIFICATION
OA_SUMMARY_TERMINAL_COUNT=21
OA_TERMINAL_NAME_COUNT=21
OA_TERMINAL_NAME_SET=S<0>,S<1>,S<2>,S<3>,S<4>,S<5>,S<6>,S<7>,VDD,VSS,code<0>,code<1>,code<2>,code<3>,code<4>,code<5>,code<6>,code<7>,gnd!,rstb,vdd!
OA_EXPECTED_TERMINAL_SET_STATUS=FAIL
OA_VDD_TERMINAL_COUNT=1
OA_VDD_PIN_COUNT=0
OA_VDD_PIN_FIG_COUNT=0
OA_VDD_NET_SET=VDD
OA_VDD_PIN_LPP_SET=NONE
OA_VDD_PIN_BOX_SET=NONE
OA_VDD_EXPLICIT_LABEL_COUNT=0
OA_VDD_GLOBAL_LABEL_SHAPE_COUNT=0
OA_VDD_PIN_FIG_TEXT_COUNT=0
OA_VDD_LABEL_LPP_SET=NONE
OA_VDD_LABEL_BOX_SET=NONE
OA_VDD_LIKE_LABEL_COUNT=0
OA_VDD_LIKE_LABEL_TEXT_SET=NONE
OA_VDD_LIKE_LABEL_LPP_SET=NONE
OA_VSS_TERMINAL_COUNT=1
OA_VSS_PIN_COUNT=2
OA_VSS_PIN_FIG_COUNT=2
OA_VSS_NET_SET=VSS
OA_VSS_PIN_LPP_SET=MET1:pin,METTP:pin
OA_VSS_PIN_BOX_SET=-68.695000,-53.315000,-67.015000,-45.650000
OA_VSS_EXPLICIT_LABEL_COUNT=2
OA_VSS_GLOBAL_LABEL_SHAPE_COUNT=2
OA_VSS_PIN_FIG_TEXT_COUNT=0
OA_VSS_LABEL_LPP_SET=MET1:TEXT
OA_VSS_LABEL_BOX_SET=-68.594000,-53.235000,-68.316000,-53.135000
OA_VSS_LIKE_LABEL_COUNT=2
OA_VSS_LIKE_LABEL_TEXT_SET=VSS
OA_EXPLICIT_LABELLED_TERMINAL_COUNT=18
OA_EXPLICIT_LABELLED_TERMINAL_SET=S<0>,S<1>,S<2>,S<3>,S<4>,S<5>,S<6>,S<7>,VSS,code<0>,code<1>,code<2>,code<3>,code<4>,code<5>,code<6>,code<7>,rstb
OA_VDD_EXPORT_DIAGNOSIS=PROBE_INCOMPLETE_OR_OA_TERMINAL_CONTRACT_INVALID
OA_VDD_EXPORT_REVIEW_ACTION=STOP_AND_REVIEW_OA_PROBE_EVIDENCE
ERROR_COUNT=3
ERROR_1=CHECK_FAILED:SUMMARY_TERMINAL_COUNT
ERROR_2=CHECK_FAILED:EXACT_TERMINAL_NAMES
ERROR_3=CHECK_FAILED:VDD_PIN_FIGURES
OA_PROBE_CLASSIFICATION_STATUS=FAIL
