STEP=RO6_STANDALONE_VDD_MISMATCH_CLASSIFICATION
CLS_FILE=/sim/ksabra/SPADMIC_work/innovus/20260827_mptdc_ro6_standalone_lvs_envfix_131803/pvs_lvs/RO_tune6_standalone_script/RO_tune6_lvs.sum.cls
CLS_RUN_RESULT=MISMATCH
CLS_TOP_CELL_PAIR_STATUS=PASS
CLS_BLACKBOXED_CELL_COUNT=0
CLS_INITIAL_LAYOUT_PIN_COUNT=18
CLS_INITIAL_SCHEMATIC_PIN_COUNT=19
CLS_COMPARE_LAYOUT_PIN_COUNT=18
CLS_COMPARE_SCHEMATIC_PIN_COUNT=19
CLS_REDUCED_LAYOUT_DEVICE_COUNT=190
CLS_REDUCED_SCHEMATIC_DEVICE_COUNT=190
CLS_UNMATCHED_LAYOUT_DEVICE_COUNT=0
CLS_UNMATCHED_SCHEMATIC_DEVICE_COUNT=0
CLS_REDUCED_LAYOUT_PIN_COUNT=18
CLS_REDUCED_SCHEMATIC_PIN_COUNT=19
CLS_REDUCED_LAYOUT_NET_COUNT=45
CLS_REDUCED_SCHEMATIC_NET_COUNT=44
CLS_NON_VDD_INITIAL_CORRESPONDENCE_COUNT=18
CLS_UNMATCHED_SCHEMATIC_PIN_COUNT=1
CLS_UNMATCHED_SCHEMATIC_PIN=VDD
CLS_VDD_MATCHED_LAYOUT_PIN_STATUS=MISSING
CLS_VDD_MATCHED_LAYOUT_NET=12
CLS_VDD_ONLY_MISSING_PIN_STATUS=PASS
ERROR_COUNT=0
RO6_STANDALONE_MISMATCH_CLASSIFICATION=PASS
