# Excerpt from /sim/ksabra/SPADMIC_work/genus/genus_matrix_ooc_rerun_20260630_1009/event_bundle_tx/reports/qor/report_qor.rpt
# First 220 lines
============================================================
  Generated by:           Genus(TM) Synthesis Solution 22.13-s093_1
  Generated on:           Jun 30 2026  10:26:15 am
  Module:                 spadmic_event_bundle_tx
  Operating conditions:   typ_1_80V_25C 
  Interconnect mode:      global
  Area mode:              physical library
============================================================

Timing
--------

 Clock  Period 
---------------
clk_sys 6250.0 


  Cost    Critical         Violating 
 Group   Path Slack  TNS     Paths   
-------------------------------------
clk_sys      2799.2   0.0          0 
default    No paths   0.0            
-------------------------------------
Total                 0.0          0 

Instance Count
--------------
Leaf Instance Count             132 
Physical Instance count           0 
Sequential Instance Count        28 
Combinational Instance Count    104 
Hierarchical Instance Count       0 

Area
----
Cell Area                          3590.093
Physical Cell Area                 0.000
Total Cell Area (Cell+Physical)    3590.093
Net Area                           2687.726
Total Area (Cell+Physical+Net)     6277.819

Max Fanout                         28 (clk_sys)
Min Fanout                         0 (rst_n)
Average Fanout                     2.1
Terms to net ratio                 2.6496
Terms to instance ratio            4.6970
Runtime                            28.625632 seconds
Elapsed Runtime                    28 seconds
Genus peak memory usage            1868.14 
Innovus peak memory usage          no_value 
Hostname                           lyoelectrosrv01.in2p3.fr
