============================================================
  Generated by:           Genus(TM) Synthesis Solution 22.13-s093_1
  Generated on:           Jun 01 2026  05:10:34 pm
  Module:                 mptdc_top_asic
  Operating conditions:   slow_1_62V_125C 
  Interconnect mode:      global
  Area mode:              physical library
============================================================

Timing
--------

Analysis view       Clock       Period 
---------------------------------------
wc_view       clk_osc_fast       900.0 
              clk_osc_fast_tap1  900.0 
              clk_osc_fast_tap2  900.0 
              clk_osc_fast_tap3  900.0 
              clk_osc_fast_tap4  900.0 
              clk_osc_fast_tap5  900.0 
              clk_osc_fast_tap6  900.0 
              clk_osc_fast_tap7  900.0 
              clk_osc_slow      1000.0 
              clk_osc_slow_tap1 1000.0 
              clk_osc_slow_tap2 1000.0 
              clk_osc_slow_tap3 1000.0 
              clk_osc_slow_tap4 1000.0 
              clk_osc_slow_tap5 1000.0 
              clk_osc_slow_tap6 1000.0 
              clk_osc_slow_tap7 1000.0 
              clk_sys           6250.0 


Analysis        Cost        Critical              Violating 
  View         Group       Path Slack     TNS       Paths   
------------------------------------------------------------
wc_view       clk_osc_fast    -2409.3  -177096.2         80 
         clk_osc_fast_tap1    -2452.1  -177410.3         79 
         clk_osc_fast_tap2    -2452.1  -175912.3         79 
         clk_osc_fast_tap3    -2452.1  -176821.6         79 
         clk_osc_fast_tap4    -2452.1  -177410.3         79 
         clk_osc_fast_tap5    -2409.3  -175323.6         79 
         clk_osc_fast_tap6    -2452.1  -177410.3         79 
         clk_osc_fast_tap7    -2409.3  -175901.8         79 
              clk_osc_slow    -1534.1   -98182.4         64 
         clk_osc_slow_tap1   No paths        0.0          0 
         clk_osc_slow_tap2   No paths        0.0          0 
         clk_osc_slow_tap3   No paths        0.0          0 
         clk_osc_slow_tap4   No paths        0.0          0 
         clk_osc_slow_tap5   No paths        0.0          0 
         clk_osc_slow_tap6   No paths        0.0          0 
         clk_osc_slow_tap7   No paths        0.0          0 
                   clk_sys    -1727.2  -106626.3         87 
                   default   No paths        0.0          0 
------------------------------------------------------------
Total                                 -1618095.1        784 
                                                            

Instance Count
--------------
Leaf Instance Count             29321 
Physical Instance count             0 
Sequential Instance Count        5696 
Combinational Instance Count    23625 
Hierarchical Instance Count        81 

Area
----
Cell Area                          615386.757
Physical Cell Area                 0.000
Total Cell Area (Cell+Physical)    615386.757
Net Area                           766.718
Total Area (Cell+Physical+Net)     616153.475

Power
-----
Leakage Power                      6152.303 nW
Dynamic Power                      77106094.089 nW
Total Power                        77112246.392 nW

Max Fanout                         4858 (clk_sys)
Min Fanout                         0 (local_async_rst_n)
Average Fanout                     2.1
Terms to net ratio                 3.9587
Terms to instance ratio            4.0450
Runtime                            239.699499 seconds
Elapsed Runtime                    235 seconds
Genus peak memory usage            2294.98 
Innovus peak memory usage          no_value 
Hostname                           lyoelectrosrv01.in2p3.fr
