MPTDC Innovus estimate manifest
===============================
Generated: 2026-05-19 10:39:01 CEST
Top: mptdc_top_asic
Optimization goal: area_first
Metal stack: 1P4M
Core utilization: 0.60
Placement max density: 0.70
Aspect ratio: 1.0
Core margin um: 20.0
Signal routing layers: MET1-MET3
Signal routing layer indexes: 1-3
Reserved power layer: METTP
Phase METTP exception enabled: 1
Phase exception top layer: METTP
Phase exception top layer index: 4
Explicit PG pin connect enabled: 1
VDD PG pin candidates: vdd
VSS PG pin candidates: gnd
Expected routing directions: MET1=horizontal, MET2=vertical, MET3=horizontal, METTP=vertical
PD symmetry prep enabled: 1
PD target grid: 8x8
PD group: mptdc_pd_matrix
PD instance patterns: *gen_pd_row*gen_pd_col*u_pd* *mptdc_pd_cell* *u_pd*
PD region margin um: 10.0
PD region target width/height um: 300 / 300
Oscillator macro estimate width/height um: 300 / 100
Oscillator macro halo/gap um: 10 / 20
Vectorless activity enabled: 1
Vectorless toggle/static probability: 0.2 / 0.5
Pre-CTS opt enabled: 1
Detail route enabled: 1
Netlist: /home/validmgr/ksabra/2026_SPAD/SPADMIC/MPTDC/syn/outputs/mptdc_top_asic.postsyn.v
SDC: /home/validmgr/ksabra/2026_SPAD/SPADMIC/MPTDC/syn/outputs/mptdc_top_asic.postsyn.sdc
MMMC: /home/validmgr/ksabra/2026_SPAD/SPADMIC/MPTDC/pnr/inputs/mptdc_innovus.mmmc
LEF: /data/pdk/xfab/xh018/cadence/v9_0/techLEF/v9_0_1/xh018_xx41_HD_MET4_METMID.lef /data/pdk/xfab/xh018/diglibs/D_CELLS_HD/v6_0/LEF/v6_0_0/xh018_D_CELLS_HD.lef

Review checklist
----------------
   extra_report_congestion*.rpt contain valid hotspot/overflow data or command failures to fix.
   pd_matrix_symmetry.rpt shows a grid-snapped sandwich region and oscillator keepouts.
   phase_mesh_route_intent.rpt shows whether Innovus accepted phase-net route attributes.
   extra_phase_mesh_audit.rpt lists only intended phase-like nets for the METTP exception.
   extra_cdc_floorplan_audit.rpt keeps synchronizers, u_meas_ctrl, and u_ctx_bank recognizable.
   timing reports separate u_meas_ctrl/context logic-depth blockers from placement/wire blockers.
