============================================================
  Generated by:           Genus(TM) Synthesis Solution 22.13-s093_1
  Generated on:           Jun 02 2026  01:36:57 pm
  Module:                 mptdc_top_asic
  Operating conditions:   slow_1_62V_125C 
  Interconnect mode:      global
  Area mode:              physical library
============================================================

 
  Hierarchy Report Format : 
 
    level instance ( module ) <status>
 
    status :    preserve_<value> -- indicating preserve hierachy or inherited_preserve value
           :    blackbox --  indicating  unresolved instance
 
==================================================================

 0 mptdc_top_asic
  1 RC_CG_HIER_INST95 ( RC_CG_MOD_221 ) 
  1 RC_CG_HIER_INST97 ( RC_CG_MOD_1199 ) 
  1 u_core_RC_CG_HIER_INST2 ( RC_CG_MOD_2 ) 
  1 u_core_RC_CG_HIER_INST3 ( RC_CG_MOD_3 ) 
  1 u_core_RC_CG_HIER_INST4 ( RC_CG_MOD_4 ) 
  1 u_core_RC_CG_HIER_INST5 ( RC_CG_MOD_5 ) 
  1 u_core_RC_CG_HIER_INST6 ( RC_CG_MOD_6 ) 
  1 u_core_gen_pd_row[0].gen_pd_col[0].u_pd ( mptdc_pd_cell_SAMPLE_DEPTH2 ) 
     2 RC_CG_HIER_INST26 ( RC_CG_MOD_89 ) 
  1 u_core_gen_pd_row[0].gen_pd_col[1].u_pd ( mptdc_pd_cell_SAMPLE_DEPTH2_1 ) 
     2 RC_CG_HIER_INST26 ( RC_CG_MOD_88 ) 
  1 u_core_gen_pd_row[0].gen_pd_col[2].u_pd ( mptdc_pd_cell_SAMPLE_DEPTH2_2 ) 
     2 RC_CG_HIER_INST26 ( RC_CG_MOD_87 ) 
  1 u_core_gen_pd_row[0].gen_pd_col[3].u_pd ( mptdc_pd_cell_SAMPLE_DEPTH2_3 ) 
     2 RC_CG_HIER_INST26 ( RC_CG_MOD_86 ) 
  1 u_core_gen_pd_row[0].gen_pd_col[4].u_pd ( mptdc_pd_cell_SAMPLE_DEPTH2_4 ) 
     2 RC_CG_HIER_INST26 ( RC_CG_MOD_85 ) 
  1 u_core_gen_pd_row[0].gen_pd_col[5].u_pd ( mptdc_pd_cell_SAMPLE_DEPTH2_5 ) 
     2 RC_CG_HIER_INST26 ( RC_CG_MOD_84 ) 
  1 u_core_gen_pd_row[0].gen_pd_col[6].u_pd ( mptdc_pd_cell_SAMPLE_DEPTH2_6 ) 
     2 RC_CG_HIER_INST26 ( RC_CG_MOD_83 ) 
  1 u_core_gen_pd_row[0].gen_pd_col[7].u_pd ( mptdc_pd_cell_SAMPLE_DEPTH2_7 ) 
     2 RC_CG_HIER_INST26 ( RC_CG_MOD_82 ) 
  1 u_core_gen_pd_row[1].gen_pd_col[0].u_pd ( mptdc_pd_cell_SAMPLE_DEPTH2_8 ) 
     2 RC_CG_HIER_INST26 ( RC_CG_MOD_81 ) 
  1 u_core_gen_pd_row[1].gen_pd_col[1].u_pd ( mptdc_pd_cell_SAMPLE_DEPTH2_9 ) 
     2 RC_CG_HIER_INST26 ( RC_CG_MOD_80 ) 
  1 u_core_gen_pd_row[1].gen_pd_col[2].u_pd ( mptdc_pd_cell_SAMPLE_DEPTH2_10 ) 
     2 RC_CG_HIER_INST26 ( RC_CG_MOD_79 ) 
  1 u_core_gen_pd_row[1].gen_pd_col[3].u_pd ( mptdc_pd_cell_SAMPLE_DEPTH2_11 ) 
     2 RC_CG_HIER_INST26 ( RC_CG_MOD_78 ) 
  1 u_core_gen_pd_row[1].gen_pd_col[4].u_pd ( mptdc_pd_cell_SAMPLE_DEPTH2_12 ) 
     2 RC_CG_HIER_INST26 ( RC_CG_MOD_77 ) 
  1 u_core_gen_pd_row[1].gen_pd_col[5].u_pd ( mptdc_pd_cell_SAMPLE_DEPTH2_13 ) 
     2 RC_CG_HIER_INST26 ( RC_CG_MOD_76 ) 
  1 u_core_gen_pd_row[1].gen_pd_col[6].u_pd ( mptdc_pd_cell_SAMPLE_DEPTH2_14 ) 
     2 RC_CG_HIER_INST26 ( RC_CG_MOD_75 ) 
  1 u_core_gen_pd_row[1].gen_pd_col[7].u_pd ( mptdc_pd_cell_SAMPLE_DEPTH2_15 ) 
     2 RC_CG_HIER_INST26 ( RC_CG_MOD_74 ) 
  1 u_core_gen_pd_row[2].gen_pd_col[0].u_pd ( mptdc_pd_cell_SAMPLE_DEPTH2_16 ) 
     2 RC_CG_HIER_INST26 ( RC_CG_MOD_73 ) 
  1 u_core_gen_pd_row[2].gen_pd_col[1].u_pd ( mptdc_pd_cell_SAMPLE_DEPTH2_17 ) 
     2 RC_CG_HIER_INST26 ( RC_CG_MOD_72 ) 
  1 u_core_gen_pd_row[2].gen_pd_col[2].u_pd ( mptdc_pd_cell_SAMPLE_DEPTH2_18 ) 
     2 RC_CG_HIER_INST26 ( RC_CG_MOD_71 ) 
  1 u_core_gen_pd_row[2].gen_pd_col[3].u_pd ( mptdc_pd_cell_SAMPLE_DEPTH2_19 ) 
     2 RC_CG_HIER_INST26 ( RC_CG_MOD_70 ) 
  1 u_core_gen_pd_row[2].gen_pd_col[4].u_pd ( mptdc_pd_cell_SAMPLE_DEPTH2_20 ) 
     2 RC_CG_HIER_INST26 ( RC_CG_MOD_69 ) 
  1 u_core_gen_pd_row[2].gen_pd_col[5].u_pd ( mptdc_pd_cell_SAMPLE_DEPTH2_21 ) 
     2 RC_CG_HIER_INST26 ( RC_CG_MOD_68 ) 
  1 u_core_gen_pd_row[2].gen_pd_col[6].u_pd ( mptdc_pd_cell_SAMPLE_DEPTH2_22 ) 
     2 RC_CG_HIER_INST26 ( RC_CG_MOD_67 ) 
  1 u_core_gen_pd_row[2].gen_pd_col[7].u_pd ( mptdc_pd_cell_SAMPLE_DEPTH2_23 ) 
     2 RC_CG_HIER_INST26 ( RC_CG_MOD_66 ) 
  1 u_core_gen_pd_row[3].gen_pd_col[0].u_pd ( mptdc_pd_cell_SAMPLE_DEPTH2_24 ) 
     2 RC_CG_HIER_INST26 ( RC_CG_MOD_65 ) 
  1 u_core_gen_pd_row[3].gen_pd_col[1].u_pd ( mptdc_pd_cell_SAMPLE_DEPTH2_25 ) 
     2 RC_CG_HIER_INST26 ( RC_CG_MOD_64 ) 
  1 u_core_gen_pd_row[3].gen_pd_col[2].u_pd ( mptdc_pd_cell_SAMPLE_DEPTH2_26 ) 
     2 RC_CG_HIER_INST26 ( RC_CG_MOD_63 ) 
  1 u_core_gen_pd_row[3].gen_pd_col[3].u_pd ( mptdc_pd_cell_SAMPLE_DEPTH2_27 ) 
     2 RC_CG_HIER_INST26 ( RC_CG_MOD_62 ) 
  1 u_core_gen_pd_row[3].gen_pd_col[4].u_pd ( mptdc_pd_cell_SAMPLE_DEPTH2_28 ) 
     2 RC_CG_HIER_INST26 ( RC_CG_MOD_61 ) 
  1 u_core_gen_pd_row[3].gen_pd_col[5].u_pd ( mptdc_pd_cell_SAMPLE_DEPTH2_29 ) 
     2 RC_CG_HIER_INST26 ( RC_CG_MOD_60 ) 
  1 u_core_gen_pd_row[3].gen_pd_col[6].u_pd ( mptdc_pd_cell_SAMPLE_DEPTH2_30 ) 
     2 RC_CG_HIER_INST26 ( RC_CG_MOD_59 ) 
  1 u_core_gen_pd_row[3].gen_pd_col[7].u_pd ( mptdc_pd_cell_SAMPLE_DEPTH2_31 ) 
     2 RC_CG_HIER_INST26 ( RC_CG_MOD_58 ) 
  1 u_core_gen_pd_row[4].gen_pd_col[0].u_pd ( mptdc_pd_cell_SAMPLE_DEPTH2_32 ) 
     2 RC_CG_HIER_INST26 ( RC_CG_MOD_57 ) 
  1 u_core_gen_pd_row[4].gen_pd_col[1].u_pd ( mptdc_pd_cell_SAMPLE_DEPTH2_33 ) 
     2 RC_CG_HIER_INST26 ( RC_CG_MOD_56 ) 
  1 u_core_gen_pd_row[4].gen_pd_col[2].u_pd ( mptdc_pd_cell_SAMPLE_DEPTH2_34 ) 
     2 RC_CG_HIER_INST26 ( RC_CG_MOD_55 ) 
  1 u_core_gen_pd_row[4].gen_pd_col[3].u_pd ( mptdc_pd_cell_SAMPLE_DEPTH2_35 ) 
     2 RC_CG_HIER_INST26 ( RC_CG_MOD_54 ) 
  1 u_core_gen_pd_row[4].gen_pd_col[4].u_pd ( mptdc_pd_cell_SAMPLE_DEPTH2_36 ) 
     2 RC_CG_HIER_INST26 ( RC_CG_MOD_53 ) 
  1 u_core_gen_pd_row[4].gen_pd_col[5].u_pd ( mptdc_pd_cell_SAMPLE_DEPTH2_37 ) 
     2 RC_CG_HIER_INST26 ( RC_CG_MOD_52 ) 
  1 u_core_gen_pd_row[4].gen_pd_col[6].u_pd ( mptdc_pd_cell_SAMPLE_DEPTH2_38 ) 
     2 RC_CG_HIER_INST26 ( RC_CG_MOD_51 ) 
  1 u_core_gen_pd_row[4].gen_pd_col[7].u_pd ( mptdc_pd_cell_SAMPLE_DEPTH2_39 ) 
     2 RC_CG_HIER_INST26 ( RC_CG_MOD_50 ) 
  1 u_core_gen_pd_row[5].gen_pd_col[0].u_pd ( mptdc_pd_cell_SAMPLE_DEPTH2_40 ) 
     2 RC_CG_HIER_INST26 ( RC_CG_MOD_49 ) 
  1 u_core_gen_pd_row[5].gen_pd_col[1].u_pd ( mptdc_pd_cell_SAMPLE_DEPTH2_41 ) 
     2 RC_CG_HIER_INST26 ( RC_CG_MOD_48 ) 
  1 u_core_gen_pd_row[5].gen_pd_col[2].u_pd ( mptdc_pd_cell_SAMPLE_DEPTH2_42 ) 
     2 RC_CG_HIER_INST26 ( RC_CG_MOD_47 ) 
  1 u_core_gen_pd_row[5].gen_pd_col[3].u_pd ( mptdc_pd_cell_SAMPLE_DEPTH2_43 ) 
     2 RC_CG_HIER_INST26 ( RC_CG_MOD_46 ) 
  1 u_core_gen_pd_row[5].gen_pd_col[4].u_pd ( mptdc_pd_cell_SAMPLE_DEPTH2_44 ) 
     2 RC_CG_HIER_INST26 ( RC_CG_MOD_45 ) 
  1 u_core_gen_pd_row[5].gen_pd_col[5].u_pd ( mptdc_pd_cell_SAMPLE_DEPTH2_45 ) 
     2 RC_CG_HIER_INST26 ( RC_CG_MOD_44 ) 
  1 u_core_gen_pd_row[5].gen_pd_col[6].u_pd ( mptdc_pd_cell_SAMPLE_DEPTH2_46 ) 
     2 RC_CG_HIER_INST26 ( RC_CG_MOD_43 ) 
  1 u_core_gen_pd_row[5].gen_pd_col[7].u_pd ( mptdc_pd_cell_SAMPLE_DEPTH2_47 ) 
     2 RC_CG_HIER_INST26 ( RC_CG_MOD_42 ) 
  1 u_core_gen_pd_row[6].gen_pd_col[0].u_pd ( mptdc_pd_cell_SAMPLE_DEPTH2_48 ) 
     2 RC_CG_HIER_INST26 ( RC_CG_MOD_41 ) 
  1 u_core_gen_pd_row[6].gen_pd_col[1].u_pd ( mptdc_pd_cell_SAMPLE_DEPTH2_49 ) 
     2 RC_CG_HIER_INST26 ( RC_CG_MOD_40 ) 
  1 u_core_gen_pd_row[6].gen_pd_col[2].u_pd ( mptdc_pd_cell_SAMPLE_DEPTH2_50 ) 
     2 RC_CG_HIER_INST26 ( RC_CG_MOD_39 ) 
  1 u_core_gen_pd_row[6].gen_pd_col[3].u_pd ( mptdc_pd_cell_SAMPLE_DEPTH2_51 ) 
     2 RC_CG_HIER_INST26 ( RC_CG_MOD_38 ) 
  1 u_core_gen_pd_row[6].gen_pd_col[4].u_pd ( mptdc_pd_cell_SAMPLE_DEPTH2_52 ) 
     2 RC_CG_HIER_INST26 ( RC_CG_MOD_37 ) 
  1 u_core_gen_pd_row[6].gen_pd_col[5].u_pd ( mptdc_pd_cell_SAMPLE_DEPTH2_53 ) 
     2 RC_CG_HIER_INST26 ( RC_CG_MOD_36 ) 
  1 u_core_gen_pd_row[6].gen_pd_col[6].u_pd ( mptdc_pd_cell_SAMPLE_DEPTH2_54 ) 
     2 RC_CG_HIER_INST26 ( RC_CG_MOD_35 ) 
  1 u_core_gen_pd_row[6].gen_pd_col[7].u_pd ( mptdc_pd_cell_SAMPLE_DEPTH2_55 ) 
     2 RC_CG_HIER_INST26 ( RC_CG_MOD_34 ) 
  1 u_core_gen_pd_row[7].gen_pd_col[0].u_pd ( mptdc_pd_cell_SAMPLE_DEPTH2_56 ) 
     2 RC_CG_HIER_INST26 ( RC_CG_MOD_33 ) 
  1 u_core_gen_pd_row[7].gen_pd_col[1].u_pd ( mptdc_pd_cell_SAMPLE_DEPTH2_57 ) 
     2 RC_CG_HIER_INST26 ( RC_CG_MOD_32 ) 
  1 u_core_gen_pd_row[7].gen_pd_col[2].u_pd ( mptdc_pd_cell_SAMPLE_DEPTH2_58 ) 
     2 RC_CG_HIER_INST26 ( RC_CG_MOD_31 ) 
  1 u_core_gen_pd_row[7].gen_pd_col[3].u_pd ( mptdc_pd_cell_SAMPLE_DEPTH2_59 ) 
     2 RC_CG_HIER_INST26 ( RC_CG_MOD_30 ) 
  1 u_core_gen_pd_row[7].gen_pd_col[4].u_pd ( mptdc_pd_cell_SAMPLE_DEPTH2_60 ) 
     2 RC_CG_HIER_INST26 ( RC_CG_MOD_29 ) 
  1 u_core_gen_pd_row[7].gen_pd_col[5].u_pd ( mptdc_pd_cell_SAMPLE_DEPTH2_61 ) 
     2 RC_CG_HIER_INST26 ( RC_CG_MOD_28 ) 
  1 u_core_gen_pd_row[7].gen_pd_col[6].u_pd ( mptdc_pd_cell_SAMPLE_DEPTH2_62 ) 
     2 RC_CG_HIER_INST26 ( RC_CG_MOD_27 ) 
  1 u_core_gen_pd_row[7].gen_pd_col[7].u_pd ( mptdc_pd_cell_SAMPLE_DEPTH2_63 ) 
     2 RC_CG_HIER_INST26 ( RC_CG_MOD_26 ) 
  1 u_core_u_ctx_bank_RC_CG_HIER_INST0 ( RC_CG_MOD ) 
  1 u_core_u_ctx_bank_RC_CG_HIER_INST1 ( RC_CG_MOD_1 ) 
  1 u_core_u_drain_ctrl_RC_CG_HIER_INST10 ( RC_CG_MOD_10 ) 
  1 u_core_u_drain_ctrl_RC_CG_HIER_INST11 ( RC_CG_MOD_11 ) 
  1 u_core_u_drain_ctrl_RC_CG_HIER_INST12 ( RC_CG_MOD_12 ) 
  1 u_core_u_drain_ctrl_RC_CG_HIER_INST13 ( RC_CG_MOD_13 ) 
  1 u_core_u_drain_ctrl_RC_CG_HIER_INST14 ( RC_CG_MOD_14 ) 
  1 u_core_u_drain_ctrl_RC_CG_HIER_INST15 ( RC_CG_MOD_15 ) 
  1 u_core_u_fifo ( mptdc_sync_fifo_WIDTH53_DEPTH64 ) 
     2 RC_CG_HIER_INST28 ( RC_CG_MOD_154 ) 
     2 RC_CG_HIER_INST29 ( RC_CG_MOD_155 ) 
     2 RC_CG_HIER_INST30 ( RC_CG_MOD_156 ) 
     2 RC_CG_HIER_INST31 ( RC_CG_MOD_157 ) 
     2 RC_CG_HIER_INST32 ( RC_CG_MOD_158 ) 
     2 RC_CG_HIER_INST33 ( RC_CG_MOD_159 ) 
     2 RC_CG_HIER_INST34 ( RC_CG_MOD_160 ) 
     2 RC_CG_HIER_INST35 ( RC_CG_MOD_161 ) 
     2 RC_CG_HIER_INST36 ( RC_CG_MOD_162 ) 
     2 RC_CG_HIER_INST37 ( RC_CG_MOD_163 ) 
     2 RC_CG_HIER_INST38 ( RC_CG_MOD_164 ) 
     2 RC_CG_HIER_INST39 ( RC_CG_MOD_165 ) 
     2 RC_CG_HIER_INST40 ( RC_CG_MOD_166 ) 
     2 RC_CG_HIER_INST41 ( RC_CG_MOD_167 ) 
     2 RC_CG_HIER_INST42 ( RC_CG_MOD_168 ) 
     2 RC_CG_HIER_INST43 ( RC_CG_MOD_169 ) 
     2 RC_CG_HIER_INST44 ( RC_CG_MOD_170 ) 
     2 RC_CG_HIER_INST45 ( RC_CG_MOD_171 ) 
     2 RC_CG_HIER_INST46 ( RC_CG_MOD_172 ) 
     2 RC_CG_HIER_INST47 ( RC_CG_MOD_173 ) 
     2 RC_CG_HIER_INST48 ( RC_CG_MOD_174 ) 
     2 RC_CG_HIER_INST49 ( RC_CG_MOD_175 ) 
     2 RC_CG_HIER_INST50 ( RC_CG_MOD_176 ) 
     2 RC_CG_HIER_INST51 ( RC_CG_MOD_177 ) 
     2 RC_CG_HIER_INST52 ( RC_CG_MOD_178 ) 
     2 RC_CG_HIER_INST53 ( RC_CG_MOD_179 ) 
     2 RC_CG_HIER_INST54 ( RC_CG_MOD_180 ) 
     2 RC_CG_HIER_INST55 ( RC_CG_MOD_181 ) 
     2 RC_CG_HIER_INST56 ( RC_CG_MOD_182 ) 
     2 RC_CG_HIER_INST57 ( RC_CG_MOD_183 ) 
     2 RC_CG_HIER_INST58 ( RC_CG_MOD_184 ) 
     2 RC_CG_HIER_INST59 ( RC_CG_MOD_185 ) 
     2 RC_CG_HIER_INST60 ( RC_CG_MOD_186 ) 
     2 RC_CG_HIER_INST61 ( RC_CG_MOD_187 ) 
     2 RC_CG_HIER_INST62 ( RC_CG_MOD_188 ) 
     2 RC_CG_HIER_INST63 ( RC_CG_MOD_189 ) 
     2 RC_CG_HIER_INST64 ( RC_CG_MOD_190 ) 
     2 RC_CG_HIER_INST65 ( RC_CG_MOD_191 ) 
     2 RC_CG_HIER_INST66 ( RC_CG_MOD_192 ) 
     2 RC_CG_HIER_INST67 ( RC_CG_MOD_193 ) 
     2 RC_CG_HIER_INST68 ( RC_CG_MOD_194 ) 
     2 RC_CG_HIER_INST69 ( RC_CG_MOD_195 ) 
     2 RC_CG_HIER_INST70 ( RC_CG_MOD_196 ) 
     2 RC_CG_HIER_INST71 ( RC_CG_MOD_197 ) 
     2 RC_CG_HIER_INST72 ( RC_CG_MOD_198 ) 
     2 RC_CG_HIER_INST73 ( RC_CG_MOD_199 ) 
     2 RC_CG_HIER_INST74 ( RC_CG_MOD_200 ) 
     2 RC_CG_HIER_INST75 ( RC_CG_MOD_201 ) 
     2 RC_CG_HIER_INST76 ( RC_CG_MOD_202 ) 
     2 RC_CG_HIER_INST77 ( RC_CG_MOD_203 ) 
     2 RC_CG_HIER_INST78 ( RC_CG_MOD_204 ) 
     2 RC_CG_HIER_INST79 ( RC_CG_MOD_205 ) 
     2 RC_CG_HIER_INST80 ( RC_CG_MOD_206 ) 
     2 RC_CG_HIER_INST81 ( RC_CG_MOD_207 ) 
     2 RC_CG_HIER_INST82 ( RC_CG_MOD_208 ) 
     2 RC_CG_HIER_INST83 ( RC_CG_MOD_209 ) 
     2 RC_CG_HIER_INST84 ( RC_CG_MOD_210 ) 
     2 RC_CG_HIER_INST85 ( RC_CG_MOD_211 ) 
     2 RC_CG_HIER_INST86 ( RC_CG_MOD_212 ) 
     2 RC_CG_HIER_INST87 ( RC_CG_MOD_213 ) 
     2 RC_CG_HIER_INST88 ( RC_CG_MOD_214 ) 
     2 RC_CG_HIER_INST89 ( RC_CG_MOD_215 ) 
     2 RC_CG_HIER_INST90 ( RC_CG_MOD_216 ) 
     2 RC_CG_HIER_INST91 ( RC_CG_MOD_217 ) 
     2 RC_CG_HIER_INST92 ( RC_CG_MOD_218 ) 
     2 RC_CG_HIER_INST93 ( RC_CG_MOD_219 ) 
     2 RC_CG_HIER_INST94 ( RC_CG_MOD_220 ) 
  1 u_core_u_hit_capture_bridge ( mptdc_hit_capture_bridge ) 
     2 RC_CG_HIER_INST16 ( RC_CG_MOD_16 ) 
  1 u_core_u_meas_ctrl ( mptdc_meas_ctrl ) 
     2 RC_CG_HIER_INST17 ( RC_CG_MOD_17 ) 
     2 RC_CG_HIER_INST18 ( RC_CG_MOD_18 ) 
     2 RC_CG_HIER_INST19 ( RC_CG_MOD_19 ) 
     2 RC_CG_HIER_INST20 ( RC_CG_MOD_20 ) 
  1 u_core_u_narrow_tx ( mptdc_narrow16_tx_v2 ) 
     2 RC_CG_HIER_INST21 ( RC_CG_MOD_21 ) 
     2 RC_CG_HIER_INST22 ( RC_CG_MOD_22 ) 
     2 RC_CG_HIER_INST23 ( RC_CG_MOD_23 ) 
     2 RC_CG_HIER_INST24 ( RC_CG_MOD_24 ) 
     2 RC_CG_HIER_INST25 ( RC_CG_MOD_25 ) 
  1 u_core_u_osc_fast ( mptdc_osc_wrapper_NE8_TS_STEP_PS50 ) 
  1 u_core_u_osc_slow ( mptdc_osc_wrapper_NE8_TS_STEP_PS55 ) 
  1 u_core_u_rst_drain_sync ( mptdc_reset_sync_STAGES4 ) 
  1 u_core_u_rst_fast_sync ( mptdc_reset_sync_STAGES2_1041 ) 
  1 u_core_u_rst_fifo_sync ( mptdc_reset_sync_STAGES3 ) 
  1 u_core_u_rst_status_sync ( mptdc_reset_sync_STAGES2 ) 
  1 u_core_u_rst_tx_sync ( mptdc_reset_sync_STAGES5 ) 
  1 u_core_u_rst_wdt_sync ( mptdc_reset_sync_STAGES6 ) 
  1 u_core_u_slow_epoch ( mptdc_slow_epoch_johnson_STAGES64 ) 
  1 u_core_u_stop_epoch_capture ( mptdc_stop_epoch_capture_async ) 
  1 u_csr_RC_CG_HIER_INST7 ( RC_CG_MOD_7 ) 
  1 u_csr_RC_CG_HIER_INST8 ( RC_CG_MOD_8 ) 
  1 u_csr_RC_CG_HIER_INST9 ( RC_CG_MOD_9 ) 
  1 u_csr_RC_CG_HIER_INST96 ( RC_CG_MOD_222 ) 
  1 u_rst_core_sync ( mptdc_reset_sync_STAGES4_1043 ) 
  1 u_rst_csr_sync ( mptdc_reset_sync_STAGES3_1042 ) 
  1 RC_CG_DECLONE_HIER_INST ( RC_CG_MOD_153 ) 
  1 RC_CG_DECLONE_HIER_INST23840 ( RC_CG_MOD_152 ) 
  1 RC_CG_DECLONE_HIER_INST23841 ( RC_CG_MOD_143 ) 
  1 RC_CG_DECLONE_HIER_INST23842 ( RC_CG_MOD_142 ) 
  1 RC_CG_DECLONE_HIER_INST23843 ( RC_CG_MOD_141 ) 
  1 RC_CG_DECLONE_HIER_INST23844 ( RC_CG_MOD_140 ) 
  1 RC_CG_DECLONE_HIER_INST23845 ( RC_CG_MOD_139 ) 
  1 RC_CG_DECLONE_HIER_INST23846 ( RC_CG_MOD_138 ) 
