STEP=TIE1_INSERTION_TRIAL
PROBE_RUN_ID=20260828_mptdc_tie1_checkpoint_probe_envfix_093807
BOUNDARY_PVS_RUN_ID=20260828_mptdc_bufftap0_ro6_boundary_fillernorm_controlfix_090320
SOURCE_PVS_RUN_ID=20260827_mptdc_bufftap0_physical_source_fillernorm_154339
SOURCE_PNR_RUN_ID=20260826_mptdc_bufftap0_route_minarea_patch_trial_v6r_180659
SOURCE_CHECKPOINT=/sim/ksabra/SPADMIC_work/innovus/20260826_mptdc_bufftap0_route_minarea_patch_trial_v6r_180659/checkpoints/repaired_route.enc.dat
SAFE_CHECKPOINT=/sim/ksabra/SPADMIC_work/innovus/20260828_mptdc_tie1_insertion_trial_instancepin_104318/source_checkpoint_safe/repaired_route.enc.dat
CANDIDATE_CHECKPOINT=/sim/ksabra/SPADMIC_work/innovus/20260828_mptdc_tie1_insertion_trial_instancepin_104318/checkpoints/repaired_route.enc.dat
CANDIDATE_CHECKPOINT_SHA256=MISSING
AUTHORIZATION=EXACT_MPTDC_TIE1_HIGH_TRIAL
HIGH_MASTER=LOGIC1DJIHD
LOW_MASTER=LOGIC0DJIHD
MAX_FANOUT=8
MAX_DISTANCE_UM=20
INNOVUS_RC=1
TIE1_INSERTION_TRIAL_STATUS=FAIL
ADD_TIE_SELECTION_MODE=EXACT_INSTANCE_PIN_FILE
INSTANCE_PIN_INPUT_GENERATION_STATUS=PASS
INSTANCE_PIN_TARGET_FILE=/sim/ksabra/SPADMIC_work/innovus/20260828_mptdc_tie1_insertion_trial_instancepin_104318/manifests/tie1_instance_pin_targets.txt
INSTANCE_PIN_TARGET_FILE_STATUS=PASS
INSTANCE_PIN_TARGET_COUNT=91
INSTANCE_PIN_TARGET_UNIQUE_COUNT=91
INSTANCE_PIN_TARGET_INVALID_COUNT=0
INSTANCE_PIN_TARGET_MATCH_STATUS=PASS
SET_TIE_MODE_STATUS=PASS
ADD_TIE_STATUS=PASS
ADD_TIE_EFFECT_STATUS=FAIL
ADD_TIE_EFFECT_REASON=NO_ELIGIBLE_TARGET_WAS_CONNECTED
SELECTED_ROUTE_STATUS=NOT_RUN
BASELINE_PLACEMENT_STATUS=PASS
FINAL_PLACEMENT_STATUS=PASS
FINAL_CONNECTED_HIGH_TERM_COUNT=0
FINAL_DISCONNECTED_HIGH_TERM_COUNT=91
FINAL_FLAGGED_LOW_TERM_COUNT=0
FINAL_TIE_NET_COUNT=0
TIE_NET_SOURCE_CONTRACT_STATUS=PASS
TIE_NET_ROUTE_STATUS=PASS
TIE_FANOUT_STATUS=PASS
MAX_OBSERVED_TIE_FANOUT=0
NUMERIC_GATE_STATUS=FAIL
TIE_HIGH_INSTANCE_DELTA=0
TARGET_HIGH_INSTANCE_DELTA=0
ALTERNATE_TIE_MASTER_DELTA=0
TIE_LOW_INSTANCE_DELTA=0
FILLER_COUNT_AFTER=24797
UNEXPLAINED_INSTANCE_DELTA=0
PHYSICAL_DEBT_PRESERVATION_STATUS=PASS
BASELINE_DRC=1
BASELINE_SHORTS=0
BASELINE_REGULAR_CONNECTIVITY_BAD=0
BASELINE_SPECIAL_CONNECTIVITY_BAD=1
BASELINE_UNROUTED_NETS=0
BASELINE_REPORT_ROUTE_ZERO_STATUS=PASS
BASELINE_DRC_MARKER_SIGNATURE_COUNT=1
FINAL_DRC=1
FINAL_SHORTS=0
FINAL_REGULAR_CONNECTIVITY_BAD=0
FINAL_SPECIAL_CONNECTIVITY_BAD=1
FINAL_SPECIAL_CONNECTIVITY_RAW_BAD=1
FINAL_SPECIAL_CONNECTIVITY_NON_RO_FAILURES=0
FINAL_UNROUTED_NETS=0
FINAL_REPORT_ROUTE_ZERO_STATUS=PASS
FINAL_DRC_MARKER_SIGNATURE_COUNT=1
DRC_MARKER_SIGNATURE_MATCH_STATUS=PASS
CHECKPOINT_SAVE_STATUS=NOT_RUN
SOURCE_CHECKPOINT_HASH_STATUS=PASS
SAFE_COPY_MATCH_STATUS=PASS
SAFE_INPUT_READ_ONLY_STATUS=PASS
PROBE_EVIDENCE_READ_ONLY_STATUS=PASS
TRIAL_TCL_READ_ONLY_STATUS=PASS
INSTANCE_PIN_INPUT_READ_ONLY_STATUS=PASS
INSTANCE_PIN_TARGET_SHA256_PRE=aede577d16cd1b844db07ade5acbe18a3ee886d2893f14dbab19499db3735b8e
INSTANCE_PIN_TARGET_SHA256_POST=aede577d16cd1b844db07ade5acbe18a3ee886d2893f14dbab19499db3735b8e
CANDIDATE_CHECKPOINT_STATUS=FAIL
TIMING_STATUS=NOT_RUN_BY_DIAGNOSTIC_TRIAL_SCOPE
FOUNDRY_DRC_STATUS=NOT_RUN
LVS_STATUS=NOT_RUN
SIGNOFF_ELIGIBLE=NO
DECISION=FAIL_STOP
NEXT_STAGE=STOP_AND_REVIEW_PUBLISHED_EVIDENCE
