VERIFY_CONNECTIVITY use new engine.

******** Start: VERIFY CONNECTIVITY ********
Start Time: Fri Aug 28 14:41:05 2026

Design Name: mptdc_axis_core
Database Units: 1000
Design Boundary: (0.0000, 0.0000) (1112.7200, 837.7600)
Error Limit = 1000; Warning Limit = 50
Check all nets
Net u_core_gen_pd_row[7].gen_pd_col[7].u_pd/FE_DBTN51_hit_latched_41: no routing.
Net u_core_gen_pd_row[7].gen_pd_col[1].u_pd/FE_DBTN50_hit_latched_41: no routing.
Net u_core_gen_pd_row[6].gen_pd_col[4].u_pd/FE_DBTN49_hit_latched_41: no routing.
Net u_core_gen_pd_row[6].gen_pd_col[0].u_pd/FE_DBTN48_hit_latched_41: no routing.
Net u_core_gen_pd_row[5].gen_pd_col[4].u_pd/FE_DBTN47_hit_latched_41: no routing.
Net u_core_gen_pd_row[5].gen_pd_col[0].u_pd/FE_DBTN46_hit_latched_41: no routing.
Net u_core_gen_pd_row[4].gen_pd_col[5].u_pd/FE_DBTN45_hit_latched_41: no routing.
Net u_core_gen_pd_row[4].gen_pd_col[4].u_pd/FE_DBTN44_hit_latched_41: no routing.
Net u_core_gen_pd_row[4].gen_pd_col[1].u_pd/FE_DBTN43_hit_latched_41: no routing.
Net u_core_gen_pd_row[4].gen_pd_col[0].u_pd/FE_DBTN42_hit_latched_41: no routing.
Net u_core_gen_pd_row[3].gen_pd_col[6].u_pd/FE_DBTN41_hit_latched_41: no routing.
Net u_core_gen_pd_row[3].gen_pd_col[4].u_pd/FE_DBTN40_hit_latched_41: no routing.
Net u_core_gen_pd_row[2].gen_pd_col[6].u_pd/FE_DBTN39_hit_latched_41: no routing.
Net u_core_gen_pd_row[2].gen_pd_col[4].u_pd/FE_DBTN38_hit_latched_41: no routing.
Net u_core_gen_pd_row[1].gen_pd_col[7].u_pd/FE_DBTN37_hit_latched_41: no routing.
Net u_core_gen_pd_row[1].gen_pd_col[1].u_pd/FE_DBTN36_hit_latched_41: no routing.
Net u_core_gen_pd_row[0].gen_pd_col[6].u_pd/FE_DBTN35_hit_latched_41: no routing.
Net u_core_gen_pd_row[0].gen_pd_col[4].u_pd/FE_DBTN34_hit_latched_41: no routing.
Net FE_DBTN33_u_core_pd_hit_level_59: no routing.
Net FE_DBTN32_u_core_pd_hit_level_58: no routing.
Net FE_DBTN31_u_core_pd_hit_level_51: no routing.
Net FE_DBTN30_u_core_pd_hit_level_50: no routing.
Net FE_DBTN29_u_core_pd_hit_level_43: no routing.
Net FE_DBTN28_u_core_pd_hit_level_42: no routing.
Net FE_DBTN27_u_core_pd_hit_level_35: no routing.
Net FE_DBTN26_u_core_pd_hit_level_34: no routing.
Net FE_DBTN25_u_core_pd_hit_level_27: no routing.
Net FE_DBTN24_u_core_pd_hit_level_26: no routing.
Net FE_DBTN23_u_core_pd_hit_level_19: no routing.
Net FE_DBTN22_u_core_pd_hit_level_18: no routing.
Net FE_DBTN21_u_core_pd_hit_level_11: no routing.
Net FE_DBTN20_u_core_pd_hit_level_10: no routing.
Net FE_DBTN19_u_core_pd_hit_level_3: no routing.
Net FE_DBTN18_u_core_pd_hit_level_2: no routing.
Net FE_DBTN17_u_core_drain_read_ctx_0: no routing.
Net FE_DBTN16_u_core_n_1526: no routing.
Net FE_DBTN15_u_core_n_1532: no routing.
Net FE_DBTN14_u_core_n_1550: no routing.
Net FE_DBTN13_u_core_n_1556: no routing.
Net FE_DBTN12_u_core_n_1562: no routing.
Net FE_DBTN11_u_core_n_1568: no routing.
Net FE_DBTN10_u_core_n_1527: no routing.
Net FE_DBTN9_u_core_n_1533: no routing.
Net FE_DBTN8_u_core_n_1538: no routing.
Net FE_DBTN7_u_core_n_1539: no routing.
Net FE_DBTN6_u_core_n_1544: no routing.
Net FE_DBTN5_u_core_n_1545: no routing.
Net FE_DBTN4_u_core_n_1551: no routing.
Net FE_DBTN3_u_core_n_1557: no routing.
Net FE_DBTN2_u_core_n_1563: no routing.
Net FE_DBTN1_u_core_n_1569: no routing.
Net FE_DBTN0_u_core_rst_sys_drain_n: no routing.
Net clk_sys: no routing.
Net async_rst_n: no routing.
Net start_spad_async_i: no routing.
Net stop_spad_async_i: no routing.
Net cal_start_async_i: no routing.
Net cal_stop_async_i: no routing.
Net input_sel_i[0]: no routing.
Net conv_arm_i: no routing.
Net fifo_clr_i: no routing.
Net soft_reset_i: no routing.
Net max_hits_i[3]: no routing.
Net max_hits_i[2]: no routing.
Net max_hits_i[1]: no routing.
Net max_hits_i[0]: no routing.
Net ro_slow_code_i[7]: no routing.
Net ro_slow_code_i[6]: no routing.
Net ro_slow_code_i[5]: no routing.
Net ro_slow_code_i[4]: no routing.
Net ro_slow_code_i[3]: no routing.
Net ro_slow_code_i[2]: no routing.
Net ro_slow_code_i[1]: no routing.
Net ro_slow_code_i[0]: no routing.
Net ro_fast_code_i[7]: no routing.
Net ro_fast_code_i[6]: no routing.
Net ro_fast_code_i[5]: no routing.
Net ro_fast_code_i[4]: no routing.
Net ro_fast_code_i[3]: no routing.
Net ro_fast_code_i[2]: no routing.
Net ro_fast_code_i[1]: no routing.
Net ro_fast_code_i[0]: no routing.
Net pkt_valid_o: no routing.
Net pkt_ready_i: no routing.
Net pkt_data_o[15]: no routing.
Net pkt_data_o[14]: no routing.
Net pkt_data_o[13]: no routing.
Net pkt_data_o[12]: no routing.
Net pkt_data_o[11]: no routing.
Net pkt_data_o[10]: no routing.
Net pkt_data_o[9]: no routing.
Net pkt_data_o[8]: no routing.
Net pkt_data_o[7]: no routing.
Net pkt_data_o[6]: no routing.
Net pkt_data_o[5]: no routing.
Net pkt_data_o[4]: no routing.
Net pkt_data_o[3]: no routing.
Net pkt_data_o[2]: no routing.
Net pkt_data_o[1]: no routing.
Net pkt_data_o[0]: no routing.
Net pkt_sop_o: no routing.
Net pkt_eop_o: no routing.
Net packet_active_o: no routing.
Net packet_pending_o: no routing.
Net ro_slow_tap0_o: no routing.
Net ro_fast_tap0_o: no routing.
Net ready_o: no routing.
Net busy_o: no routing.
Net fifo_full_o: no routing.
Net soft_rst_hold_q[1]: no routing.
Net soft_rst_hold_q[0]: no routing.
Net u_core_fast_tag_col[0][4]: no routing.
Net u_core_fast_tag_col[0][3]: no routing.
Net u_core_fast_tag_col[0][2]: no routing.
Net u_core_fast_tag_col[0][1]: no routing.
Net u_core_fast_tag_col[0][0]: no routing.
Net u_core_pd_hit_level[63]: no routing.
Net u_core_pd_hit_level[62]: no routing.
Net u_core_pd_hit_level[61]: no routing.
Net u_core_pd_hit_level[60]: no routing.
Net u_core_pd_hit_level[59]: no routing.
Net u_core_pd_hit_level[58]: no routing.
Net u_core_pd_hit_level[57]: no routing.
Net u_core_pd_hit_level[56]: no routing.
Net u_core_pd_hit_level[55]: no routing.
Net u_core_pd_hit_level[54]: no routing.
Net u_core_pd_hit_level[53]: no routing.
Net u_core_pd_hit_level[52]: no routing.
Net u_core_pd_hit_level[51]: no routing.
Net u_core_pd_hit_level[50]: no routing.
Net u_core_pd_hit_level[49]: no routing.
Net u_core_pd_hit_level[48]: no routing.
Net u_core_pd_hit_level[47]: no routing.
Net u_core_pd_hit_level[46]: no routing.
Net u_core_pd_hit_level[45]: no routing.
Net u_core_pd_hit_level[44]: no routing.
Net u_core_pd_hit_level[43]: no routing.
Net u_core_pd_hit_level[42]: no routing.
Net u_core_pd_hit_level[41]: no routing.
Net u_core_pd_hit_level[40]: no routing.
Net u_core_pd_hit_level[39]: no routing.
Net u_core_pd_hit_level[38]: no routing.
Net u_core_pd_hit_level[37]: no routing.
Net u_core_pd_hit_level[36]: no routing.
Net u_core_pd_hit_level[35]: no routing.
Net u_core_pd_hit_level[34]: no routing.
Net u_core_pd_hit_level[33]: no routing.
Net u_core_pd_hit_level[32]: no routing.
Net u_core_pd_hit_level[31]: no routing.
Net u_core_pd_hit_level[30]: no routing.
Net u_core_pd_hit_level[29]: no routing.
Net u_core_pd_hit_level[28]: no routing.
Net u_core_pd_hit_level[27]: no routing.
Net u_core_pd_hit_level[26]: no routing.
Net u_core_pd_hit_level[25]: no routing.
Net u_core_pd_hit_level[24]: no routing.
Net u_core_pd_hit_level[23]: no routing.
Net u_core_pd_hit_level[22]: no routing.
Net u_core_pd_hit_level[21]: no routing.
Net u_core_pd_hit_level[20]: no routing.
Net u_core_pd_hit_level[19]: no routing.
Net u_core_pd_hit_level[18]: no routing.
Net u_core_pd_hit_level[17]: no routing.
Net u_core_pd_hit_level[16]: no routing.
Net u_core_pd_hit_level[15]: no routing.
Net u_core_pd_hit_level[14]: no routing.
Net u_core_pd_hit_level[13]: no routing.
Net u_core_pd_hit_level[12]: no routing.
Net u_core_pd_hit_level[11]: no routing.
Net u_core_pd_hit_level[10]: no routing.
Net u_core_pd_hit_level[9]: no routing.
Net u_core_pd_hit_level[8]: no routing.
Net u_core_pd_hit_level[7]: no routing.
Net u_core_pd_hit_level[6]: no routing.
Net u_core_pd_hit_level[5]: no routing.
Net u_core_pd_hit_level[4]: no routing.
Net u_core_pd_hit_level[3]: no routing.
Net u_core_pd_hit_level[2]: no routing.
Net u_core_pd_hit_level[1]: no routing.
Net u_core_pd_hit_level[0]: no routing.
Net u_core_pd_nfast_hit_packed[447]: no routing.
Net u_core_pd_nfast_hit_packed[446]: no routing.
Net u_core_pd_nfast_hit_packed[445]: no routing.
Net u_core_pd_nfast_hit_packed[444]: no routing.
Net u_core_pd_nfast_hit_packed[443]: no routing.
Net u_core_pd_nfast_hit_packed[442]: no routing.
Net u_core_pd_nfast_hit_packed[441]: no routing.
Net u_core_pd_nfast_hit_packed[440]: no routing.
Net u_core_pd_nfast_hit_packed[439]: no routing.
Net u_core_pd_nfast_hit_packed[438]: no routing.
Net u_core_pd_nfast_hit_packed[437]: no routing.
Net u_core_pd_nfast_hit_packed[436]: no routing.
Net u_core_pd_nfast_hit_packed[435]: no routing.
Net u_core_pd_nfast_hit_packed[434]: no routing.
Net u_core_pd_nfast_hit_packed[433]: no routing.
Net u_core_pd_nfast_hit_packed[432]: no routing.
Net u_core_pd_nfast_hit_packed[431]: no routing.
Net u_core_pd_nfast_hit_packed[430]: no routing.
Net u_core_pd_nfast_hit_packed[429]: no routing.
Net u_core_pd_nfast_hit_packed[428]: no routing.
Net u_core_pd_nfast_hit_packed[427]: no routing.
Net u_core_pd_nfast_hit_packed[426]: no routing.
Net u_core_pd_nfast_hit_packed[425]: no routing.
Net u_core_pd_nfast_hit_packed[424]: no routing.
Net u_core_pd_nfast_hit_packed[423]: no routing.
Net u_core_pd_nfast_hit_packed[422]: no routing.
Net u_core_pd_nfast_hit_packed[421]: no routing.
Net u_core_pd_nfast_hit_packed[420]: no routing.
Net u_core_pd_nfast_hit_packed[419]: no routing.
Net u_core_pd_nfast_hit_packed[418]: no routing.
Net u_core_pd_nfast_hit_packed[417]: no routing.
Net u_core_pd_nfast_hit_packed[416]: no routing.
Net u_core_pd_nfast_hit_packed[415]: no routing.
Net u_core_pd_nfast_hit_packed[414]: no routing.
Net u_core_pd_nfast_hit_packed[413]: no routing.
Net u_core_pd_nfast_hit_packed[412]: no routing.
Net u_core_pd_nfast_hit_packed[411]: no routing.
Net u_core_pd_nfast_hit_packed[410]: no routing.
Net u_core_pd_nfast_hit_packed[409]: no routing.
Net u_core_pd_nfast_hit_packed[408]: no routing.
Net u_core_pd_nfast_hit_packed[407]: no routing.
Net u_core_pd_nfast_hit_packed[406]: no routing.
Net u_core_pd_nfast_hit_packed[405]: no routing.
Net u_core_pd_nfast_hit_packed[404]: no routing.
Net u_core_pd_nfast_hit_packed[403]: no routing.
Net u_core_pd_nfast_hit_packed[402]: no routing.
Net u_core_pd_nfast_hit_packed[401]: no routing.
Net u_core_pd_nfast_hit_packed[400]: no routing.
Net u_core_pd_nfast_hit_packed[399]: no routing.
Net u_core_pd_nfast_hit_packed[398]: no routing.
Net u_core_pd_nfast_hit_packed[397]: no routing.
Net u_core_pd_nfast_hit_packed[396]: no routing.
Net u_core_pd_nfast_hit_packed[395]: no routing.
Net u_core_pd_nfast_hit_packed[394]: no routing.
Net u_core_pd_nfast_hit_packed[393]: no routing.
Net u_core_pd_nfast_hit_packed[392]: no routing.
Net u_core_pd_nfast_hit_packed[391]: no routing.
Net u_core_pd_nfast_hit_packed[390]: no routing.
Net u_core_pd_nfast_hit_packed[389]: no routing.
Net u_core_pd_nfast_hit_packed[388]: no routing.
Net u_core_pd_nfast_hit_packed[387]: no routing.
Net u_core_pd_nfast_hit_packed[386]: no routing.
Net u_core_pd_nfast_hit_packed[385]: no routing.
Net u_core_pd_nfast_hit_packed[384]: no routing.
Net u_core_pd_nfast_hit_packed[383]: no routing.
Net u_core_pd_nfast_hit_packed[382]: no routing.
Net u_core_pd_nfast_hit_packed[381]: no routing.
Net u_core_pd_nfast_hit_packed[380]: no routing.
Net u_core_pd_nfast_hit_packed[379]: no routing.
Net u_core_pd_nfast_hit_packed[378]: no routing.
Net u_core_pd_nfast_hit_packed[377]: no routing.
Net u_core_pd_nfast_hit_packed[376]: no routing.
Net u_core_pd_nfast_hit_packed[375]: no routing.
Net u_core_pd_nfast_hit_packed[374]: no routing.
Net u_core_pd_nfast_hit_packed[373]: no routing.
Net u_core_pd_nfast_hit_packed[372]: no routing.
Net u_core_pd_nfast_hit_packed[371]: no routing.
Net u_core_pd_nfast_hit_packed[370]: no routing.
Net u_core_pd_nfast_hit_packed[369]: no routing.
Net u_core_pd_nfast_hit_packed[368]: no routing.
Net u_core_pd_nfast_hit_packed[367]: no routing.
Net u_core_pd_nfast_hit_packed[366]: no routing.
Net u_core_pd_nfast_hit_packed[365]: no routing.
Net u_core_pd_nfast_hit_packed[364]: no routing.
Net u_core_pd_nfast_hit_packed[363]: no routing.
Net u_core_pd_nfast_hit_packed[362]: no routing.
Net u_core_pd_nfast_hit_packed[361]: no routing.
Net u_core_pd_nfast_hit_packed[360]: no routing.
Net u_core_pd_nfast_hit_packed[359]: no routing.
Net u_core_pd_nfast_hit_packed[358]: no routing.
Net u_core_pd_nfast_hit_packed[357]: no routing.
Net u_core_pd_nfast_hit_packed[356]: no routing.
Net u_core_pd_nfast_hit_packed[355]: no routing.
Net u_core_pd_nfast_hit_packed[354]: no routing.
Net u_core_pd_nfast_hit_packed[353]: no routing.
Net u_core_pd_nfast_hit_packed[352]: no routing.
Net u_core_pd_nfast_hit_packed[351]: no routing.
Net u_core_pd_nfast_hit_packed[350]: no routing.
Net u_core_pd_nfast_hit_packed[349]: no routing.
Net u_core_pd_nfast_hit_packed[348]: no routing.
Net u_core_pd_nfast_hit_packed[347]: no routing.
Net u_core_pd_nfast_hit_packed[346]: no routing.
Net u_core_pd_nfast_hit_packed[345]: no routing.
Net u_core_pd_nfast_hit_packed[344]: no routing.
Net u_core_pd_nfast_hit_packed[343]: no routing.
Net u_core_pd_nfast_hit_packed[342]: no routing.
Net u_core_pd_nfast_hit_packed[341]: no routing.
Net u_core_pd_nfast_hit_packed[340]: no routing.
Net u_core_pd_nfast_hit_packed[339]: no routing.
Net u_core_pd_nfast_hit_packed[338]: no routing.
Net u_core_pd_nfast_hit_packed[337]: no routing.
Net u_core_pd_nfast_hit_packed[336]: no routing.
Net u_core_pd_nfast_hit_packed[335]: no routing.
Net u_core_pd_nfast_hit_packed[334]: no routing.
Net u_core_pd_nfast_hit_packed[333]: no routing.
Net u_core_pd_nfast_hit_packed[332]: no routing.
Net u_core_pd_nfast_hit_packed[331]: no routing.
Net u_core_pd_nfast_hit_packed[330]: no routing.
Net u_core_pd_nfast_hit_packed[329]: no routing.
Net u_core_pd_nfast_hit_packed[328]: no routing.
Net u_core_pd_nfast_hit_packed[327]: no routing.
Net u_core_pd_nfast_hit_packed[326]: no routing.
Net u_core_pd_nfast_hit_packed[325]: no routing.
Net u_core_pd_nfast_hit_packed[324]: no routing.
Net u_core_pd_nfast_hit_packed[323]: no routing.
Net u_core_pd_nfast_hit_packed[322]: no routing.
Net u_core_pd_nfast_hit_packed[321]: no routing.
Net u_core_pd_nfast_hit_packed[320]: no routing.
Net u_core_pd_nfast_hit_packed[319]: no routing.
Net u_core_pd_nfast_hit_packed[318]: no routing.
Net u_core_pd_nfast_hit_packed[317]: no routing.
Net u_core_pd_nfast_hit_packed[316]: no routing.
Net u_core_pd_nfast_hit_packed[315]: no routing.
Net u_core_pd_nfast_hit_packed[314]: no routing.
Net u_core_pd_nfast_hit_packed[313]: no routing.
Net u_core_pd_nfast_hit_packed[312]: no routing.
Net u_core_pd_nfast_hit_packed[311]: no routing.
Net u_core_pd_nfast_hit_packed[310]: no routing.
Net u_core_pd_nfast_hit_packed[309]: no routing.
Net u_core_pd_nfast_hit_packed[308]: no routing.
Net u_core_pd_nfast_hit_packed[307]: no routing.
Net u_core_pd_nfast_hit_packed[306]: no routing.
Net u_core_pd_nfast_hit_packed[305]: no routing.
Net u_core_pd_nfast_hit_packed[304]: no routing.
Net u_core_pd_nfast_hit_packed[303]: no routing.
Net u_core_pd_nfast_hit_packed[302]: no routing.
Net u_core_pd_nfast_hit_packed[301]: no routing.
Net u_core_pd_nfast_hit_packed[300]: no routing.
Net u_core_pd_nfast_hit_packed[299]: no routing.
Net u_core_pd_nfast_hit_packed[298]: no routing.
Net u_core_pd_nfast_hit_packed[297]: no routing.
Net u_core_pd_nfast_hit_packed[296]: no routing.
Net u_core_pd_nfast_hit_packed[295]: no routing.
Net u_core_pd_nfast_hit_packed[294]: no routing.
Net u_core_pd_nfast_hit_packed[293]: no routing.
Net u_core_pd_nfast_hit_packed[292]: no routing.
Net u_core_pd_nfast_hit_packed[291]: no routing.
Net u_core_pd_nfast_hit_packed[290]: no routing.
Net u_core_pd_nfast_hit_packed[289]: no routing.
Net u_core_pd_nfast_hit_packed[288]: no routing.
Net u_core_pd_nfast_hit_packed[287]: no routing.
Net u_core_pd_nfast_hit_packed[286]: no routing.
Net u_core_pd_nfast_hit_packed[285]: no routing.
Net u_core_pd_nfast_hit_packed[284]: no routing.
Net u_core_pd_nfast_hit_packed[283]: no routing.
Net u_core_pd_nfast_hit_packed[282]: no routing.
Net u_core_pd_nfast_hit_packed[281]: no routing.
Net u_core_pd_nfast_hit_packed[280]: no routing.
Net u_core_pd_nfast_hit_packed[279]: no routing.
Net u_core_pd_nfast_hit_packed[278]: no routing.
Net u_core_pd_nfast_hit_packed[277]: no routing.
Net u_core_pd_nfast_hit_packed[276]: no routing.
Net u_core_pd_nfast_hit_packed[275]: no routing.
Net u_core_pd_nfast_hit_packed[274]: no routing.
Net u_core_pd_nfast_hit_packed[273]: no routing.
Net u_core_pd_nfast_hit_packed[272]: no routing.
Net u_core_pd_nfast_hit_packed[271]: no routing.
Net u_core_pd_nfast_hit_packed[270]: no routing.
Net u_core_pd_nfast_hit_packed[269]: no routing.
Net u_core_pd_nfast_hit_packed[268]: no routing.
Net u_core_pd_nfast_hit_packed[267]: no routing.
Net u_core_pd_nfast_hit_packed[266]: no routing.
Net u_core_pd_nfast_hit_packed[265]: no routing.
Net u_core_pd_nfast_hit_packed[264]: no routing.
Net u_core_pd_nfast_hit_packed[263]: no routing.
Net u_core_pd_nfast_hit_packed[262]: no routing.
Net u_core_pd_nfast_hit_packed[261]: no routing.
Net u_core_pd_nfast_hit_packed[260]: no routing.
Net u_core_pd_nfast_hit_packed[259]: no routing.
Net u_core_pd_nfast_hit_packed[258]: no routing.
Net u_core_pd_nfast_hit_packed[257]: no routing.
Net u_core_pd_nfast_hit_packed[256]: no routing.
Net u_core_pd_nfast_hit_packed[255]: no routing.
Net u_core_pd_nfast_hit_packed[254]: no routing.
Net u_core_pd_nfast_hit_packed[253]: no routing.
Net u_core_pd_nfast_hit_packed[252]: no routing.
Net u_core_pd_nfast_hit_packed[251]: no routing.
Net u_core_pd_nfast_hit_packed[250]: no routing.
Net u_core_pd_nfast_hit_packed[249]: no routing.
Net u_core_pd_nfast_hit_packed[248]: no routing.
Net u_core_pd_nfast_hit_packed[247]: no routing.
Net u_core_pd_nfast_hit_packed[246]: no routing.
Net u_core_pd_nfast_hit_packed[245]: no routing.
Net u_core_pd_nfast_hit_packed[244]: no routing.
Net u_core_pd_nfast_hit_packed[243]: no routing.
Net u_core_pd_nfast_hit_packed[242]: no routing.
Net u_core_pd_nfast_hit_packed[241]: no routing.
Net u_core_pd_nfast_hit_packed[240]: no routing.
Net u_core_pd_nfast_hit_packed[239]: no routing.
Net u_core_pd_nfast_hit_packed[238]: no routing.
Net u_core_pd_nfast_hit_packed[237]: no routing.
Net u_core_pd_nfast_hit_packed[236]: no routing.
Net u_core_pd_nfast_hit_packed[235]: no routing.
Net u_core_pd_nfast_hit_packed[234]: no routing.
Net u_core_pd_nfast_hit_packed[233]: no routing.
Net u_core_pd_nfast_hit_packed[232]: no routing.
Net u_core_pd_nfast_hit_packed[231]: no routing.
Net u_core_pd_nfast_hit_packed[230]: no routing.
Net u_core_pd_nfast_hit_packed[229]: no routing.
Net u_core_pd_nfast_hit_packed[228]: no routing.
Net u_core_pd_nfast_hit_packed[227]: no routing.
Net u_core_pd_nfast_hit_packed[226]: no routing.
Net u_core_pd_nfast_hit_packed[225]: no routing.
Net u_core_pd_nfast_hit_packed[224]: no routing.
Net u_core_pd_nfast_hit_packed[223]: no routing.
Net u_core_pd_nfast_hit_packed[222]: no routing.
Net u_core_pd_nfast_hit_packed[221]: no routing.
Net u_core_pd_nfast_hit_packed[220]: no routing.
Net u_core_pd_nfast_hit_packed[219]: no routing.
Net u_core_pd_nfast_hit_packed[218]: no routing.
Net u_core_pd_nfast_hit_packed[217]: no routing.
Net u_core_pd_nfast_hit_packed[216]: no routing.
Net u_core_pd_nfast_hit_packed[215]: no routing.
Net u_core_pd_nfast_hit_packed[214]: no routing.
Net u_core_pd_nfast_hit_packed[213]: no routing.
Net u_core_pd_nfast_hit_packed[212]: no routing.
Net u_core_pd_nfast_hit_packed[211]: no routing.
Net u_core_pd_nfast_hit_packed[210]: no routing.
Net u_core_pd_nfast_hit_packed[209]: no routing.
Net u_core_pd_nfast_hit_packed[208]: no routing.
Net u_core_pd_nfast_hit_packed[207]: no routing.
Net u_core_pd_nfast_hit_packed[206]: no routing.
Net u_core_pd_nfast_hit_packed[205]: no routing.
Net u_core_pd_nfast_hit_packed[204]: no routing.
Net u_core_pd_nfast_hit_packed[203]: no routing.
Net u_core_pd_nfast_hit_packed[202]: no routing.
Net u_core_pd_nfast_hit_packed[201]: no routing.
Net u_core_pd_nfast_hit_packed[200]: no routing.
Net u_core_pd_nfast_hit_packed[199]: no routing.
Net u_core_pd_nfast_hit_packed[198]: no routing.
Net u_core_pd_nfast_hit_packed[197]: no routing.
Net u_core_pd_nfast_hit_packed[196]: no routing.
Net u_core_pd_nfast_hit_packed[195]: no routing.
Net u_core_pd_nfast_hit_packed[194]: no routing.
Net u_core_pd_nfast_hit_packed[193]: no routing.
Net u_core_pd_nfast_hit_packed[192]: no routing.
Net u_core_pd_nfast_hit_packed[191]: no routing.
Net u_core_pd_nfast_hit_packed[190]: no routing.
Net u_core_pd_nfast_hit_packed[189]: no routing.
Net u_core_pd_nfast_hit_packed[188]: no routing.
Net u_core_pd_nfast_hit_packed[187]: no routing.
Net u_core_pd_nfast_hit_packed[186]: no routing.
Net u_core_pd_nfast_hit_packed[185]: no routing.
Net u_core_pd_nfast_hit_packed[184]: no routing.
Net u_core_pd_nfast_hit_packed[183]: no routing.
Net u_core_pd_nfast_hit_packed[182]: no routing.
Net u_core_pd_nfast_hit_packed[181]: no routing.
Net u_core_pd_nfast_hit_packed[180]: no routing.
Net u_core_pd_nfast_hit_packed[179]: no routing.
Net u_core_pd_nfast_hit_packed[178]: no routing.
Net u_core_pd_nfast_hit_packed[177]: no routing.
Net u_core_pd_nfast_hit_packed[176]: no routing.
Net u_core_pd_nfast_hit_packed[175]: no routing.
Net u_core_pd_nfast_hit_packed[174]: no routing.
Net u_core_pd_nfast_hit_packed[173]: no routing.
Net u_core_pd_nfast_hit_packed[172]: no routing.
Net u_core_pd_nfast_hit_packed[171]: no routing.
Net u_core_pd_nfast_hit_packed[170]: no routing.
Net u_core_pd_nfast_hit_packed[169]: no routing.
Net u_core_pd_nfast_hit_packed[168]: no routing.
Net u_core_pd_nfast_hit_packed[167]: no routing.
Net u_core_pd_nfast_hit_packed[166]: no routing.
Net u_core_pd_nfast_hit_packed[165]: no routing.
Net u_core_pd_nfast_hit_packed[164]: no routing.
Net u_core_pd_nfast_hit_packed[163]: no routing.
Net u_core_pd_nfast_hit_packed[162]: no routing.
Net u_core_pd_nfast_hit_packed[161]: no routing.
Net u_core_pd_nfast_hit_packed[160]: no routing.
Net u_core_pd_nfast_hit_packed[159]: no routing.
Net u_core_pd_nfast_hit_packed[158]: no routing.
Net u_core_pd_nfast_hit_packed[157]: no routing.
Net u_core_pd_nfast_hit_packed[156]: no routing.
Net u_core_pd_nfast_hit_packed[155]: no routing.
Net u_core_pd_nfast_hit_packed[154]: no routing.
Net u_core_pd_nfast_hit_packed[153]: no routing.
Net u_core_pd_nfast_hit_packed[152]: no routing.
Net u_core_pd_nfast_hit_packed[151]: no routing.
Net u_core_pd_nfast_hit_packed[150]: no routing.
Net u_core_pd_nfast_hit_packed[149]: no routing.
Net u_core_pd_nfast_hit_packed[148]: no routing.
Net u_core_pd_nfast_hit_packed[147]: no routing.
Net u_core_pd_nfast_hit_packed[146]: no routing.
Net u_core_pd_nfast_hit_packed[145]: no routing.
Net u_core_pd_nfast_hit_packed[144]: no routing.
Net u_core_pd_nfast_hit_packed[143]: no routing.
Net u_core_pd_nfast_hit_packed[142]: no routing.
Net u_core_pd_nfast_hit_packed[141]: no routing.
Net u_core_pd_nfast_hit_packed[140]: no routing.
Net u_core_pd_nfast_hit_packed[139]: no routing.
Net u_core_pd_nfast_hit_packed[138]: no routing.
Net u_core_pd_nfast_hit_packed[137]: no routing.
Net u_core_pd_nfast_hit_packed[136]: no routing.
Net u_core_pd_nfast_hit_packed[135]: no routing.
Net u_core_pd_nfast_hit_packed[134]: no routing.
Net u_core_pd_nfast_hit_packed[133]: no routing.
Net u_core_pd_nfast_hit_packed[132]: no routing.
Net u_core_pd_nfast_hit_packed[131]: no routing.
Net u_core_pd_nfast_hit_packed[130]: no routing.
Net u_core_pd_nfast_hit_packed[129]: no routing.
Net u_core_pd_nfast_hit_packed[128]: no routing.
Net u_core_pd_nfast_hit_packed[127]: no routing.
Net u_core_pd_nfast_hit_packed[126]: no routing.
Net u_core_pd_nfast_hit_packed[125]: no routing.
Net u_core_pd_nfast_hit_packed[124]: no routing.
Net u_core_pd_nfast_hit_packed[123]: no routing.
Net u_core_pd_nfast_hit_packed[122]: no routing.
Net u_core_pd_nfast_hit_packed[121]: no routing.
Net u_core_pd_nfast_hit_packed[120]: no routing.
Net u_core_pd_nfast_hit_packed[119]: no routing.
Net u_core_pd_nfast_hit_packed[118]: no routing.
Net u_core_pd_nfast_hit_packed[117]: no routing.
Net u_core_pd_nfast_hit_packed[116]: no routing.
Net u_core_pd_nfast_hit_packed[115]: no routing.
Net u_core_pd_nfast_hit_packed[114]: no routing.
Net u_core_pd_nfast_hit_packed[113]: no routing.
Net u_core_pd_nfast_hit_packed[112]: no routing.
Net u_core_pd_nfast_hit_packed[111]: no routing.
Net u_core_pd_nfast_hit_packed[110]: no routing.
Net u_core_pd_nfast_hit_packed[109]: no routing.
Net u_core_pd_nfast_hit_packed[108]: no routing.
Net u_core_pd_nfast_hit_packed[107]: no routing.
Net u_core_pd_nfast_hit_packed[106]: no routing.
Net u_core_pd_nfast_hit_packed[105]: no routing.
Net u_core_pd_nfast_hit_packed[104]: no routing.
Net u_core_pd_nfast_hit_packed[103]: no routing.
Net u_core_pd_nfast_hit_packed[102]: no routing.
Net u_core_pd_nfast_hit_packed[101]: no routing.
Net u_core_pd_nfast_hit_packed[100]: no routing.
Net u_core_pd_nfast_hit_packed[99]: no routing.
Net u_core_pd_nfast_hit_packed[98]: no routing.
Net u_core_pd_nfast_hit_packed[97]: no routing.
Net u_core_pd_nfast_hit_packed[96]: no routing.
Net u_core_pd_nfast_hit_packed[95]: no routing.
Net u_core_pd_nfast_hit_packed[94]: no routing.
Net u_core_pd_nfast_hit_packed[93]: no routing.
Net u_core_pd_nfast_hit_packed[92]: no routing.
Net u_core_pd_nfast_hit_packed[91]: no routing.
Net u_core_pd_nfast_hit_packed[90]: no routing.
Net u_core_pd_nfast_hit_packed[89]: no routing.
Net u_core_pd_nfast_hit_packed[88]: no routing.
Net u_core_pd_nfast_hit_packed[87]: no routing.
Net u_core_pd_nfast_hit_packed[86]: no routing.
Net u_core_pd_nfast_hit_packed[85]: no routing.
Net u_core_pd_nfast_hit_packed[84]: no routing.
Net u_core_pd_nfast_hit_packed[83]: no routing.
Net u_core_pd_nfast_hit_packed[82]: no routing.
Net u_core_pd_nfast_hit_packed[81]: no routing.
Net u_core_pd_nfast_hit_packed[80]: no routing.
Net u_core_pd_nfast_hit_packed[79]: no routing.
Net u_core_pd_nfast_hit_packed[78]: no routing.
Net u_core_pd_nfast_hit_packed[77]: no routing.
Net u_core_pd_nfast_hit_packed[76]: no routing.
Net u_core_pd_nfast_hit_packed[75]: no routing.
Net u_core_pd_nfast_hit_packed[74]: no routing.
Net u_core_pd_nfast_hit_packed[73]: no routing.
Net u_core_pd_nfast_hit_packed[72]: no routing.
Net u_core_pd_nfast_hit_packed[71]: no routing.
Net u_core_pd_nfast_hit_packed[70]: no routing.
Net u_core_pd_nfast_hit_packed[69]: no routing.
Net u_core_pd_nfast_hit_packed[68]: no routing.
Net u_core_pd_nfast_hit_packed[67]: no routing.
Net u_core_pd_nfast_hit_packed[66]: no routing.
Net u_core_pd_nfast_hit_packed[65]: no routing.
Net u_core_pd_nfast_hit_packed[64]: no routing.
Net u_core_pd_nfast_hit_packed[63]: no routing.
Net u_core_pd_nfast_hit_packed[62]: no routing.
Net u_core_pd_nfast_hit_packed[61]: no routing.
Net u_core_pd_nfast_hit_packed[60]: no routing.
Net u_core_pd_nfast_hit_packed[59]: no routing.
Net u_core_pd_nfast_hit_packed[58]: no routing.
Net u_core_pd_nfast_hit_packed[57]: no routing.
Net u_core_pd_nfast_hit_packed[56]: no routing.
Net u_core_pd_nfast_hit_packed[55]: no routing.
Net u_core_pd_nfast_hit_packed[54]: no routing.
Net u_core_pd_nfast_hit_packed[53]: no routing.
Net u_core_pd_nfast_hit_packed[52]: no routing.
Net u_core_pd_nfast_hit_packed[51]: no routing.
Net u_core_pd_nfast_hit_packed[50]: no routing.
Net u_core_pd_nfast_hit_packed[49]: no routing.
Net u_core_pd_nfast_hit_packed[48]: no routing.
Net u_core_pd_nfast_hit_packed[47]: no routing.
Net u_core_pd_nfast_hit_packed[46]: no routing.
Net u_core_pd_nfast_hit_packed[45]: no routing.
Net u_core_pd_nfast_hit_packed[44]: no routing.
Net u_core_pd_nfast_hit_packed[43]: no routing.
Net u_core_pd_nfast_hit_packed[42]: no routing.
Net u_core_pd_nfast_hit_packed[41]: no routing.
Net u_core_pd_nfast_hit_packed[40]: no routing.
Net u_core_pd_nfast_hit_packed[39]: no routing.
Net u_core_pd_nfast_hit_packed[38]: no routing.
Net u_core_pd_nfast_hit_packed[37]: no routing.
Net u_core_pd_nfast_hit_packed[36]: no routing.
Net u_core_pd_nfast_hit_packed[35]: no routing.
Net u_core_pd_nfast_hit_packed[34]: no routing.
Net u_core_pd_nfast_hit_packed[33]: no routing.
Net u_core_pd_nfast_hit_packed[32]: no routing.
Net u_core_pd_nfast_hit_packed[31]: no routing.
Net u_core_pd_nfast_hit_packed[30]: no routing.
Net u_core_pd_nfast_hit_packed[29]: no routing.
Net u_core_pd_nfast_hit_packed[28]: no routing.
Net u_core_pd_nfast_hit_packed[27]: no routing.
Net u_core_pd_nfast_hit_packed[26]: no routing.
Net u_core_pd_nfast_hit_packed[25]: no routing.
Net u_core_pd_nfast_hit_packed[24]: no routing.
Net u_core_pd_nfast_hit_packed[23]: no routing.
Net u_core_pd_nfast_hit_packed[22]: no routing.
Net u_core_pd_nfast_hit_packed[21]: no routing.
Net u_core_pd_nfast_hit_packed[20]: no routing.
Net u_core_pd_nfast_hit_packed[19]: no routing.
Net u_core_pd_nfast_hit_packed[18]: no routing.
Net u_core_pd_nfast_hit_packed[17]: no routing.
Net u_core_pd_nfast_hit_packed[16]: no routing.
Net u_core_pd_nfast_hit_packed[15]: no routing.
Net u_core_pd_nfast_hit_packed[14]: no routing.
Net u_core_pd_nfast_hit_packed[13]: no routing.
Net u_core_pd_nfast_hit_packed[12]: no routing.
Net u_core_pd_nfast_hit_packed[11]: no routing.
Net u_core_pd_nfast_hit_packed[10]: no routing.
Net u_core_pd_nfast_hit_packed[9]: no routing.
Net u_core_pd_nfast_hit_packed[8]: no routing.
Net u_core_pd_nfast_hit_packed[7]: no routing.
Net u_core_pd_nfast_hit_packed[6]: no routing.
Net u_core_pd_nfast_hit_packed[5]: no routing.
Net u_core_pd_nfast_hit_packed[4]: no routing.
Net u_core_pd_nfast_hit_packed[3]: no routing.
Net u_core_pd_nfast_hit_packed[2]: no routing.
Net u_core_pd_nfast_hit_packed[1]: no routing.
Net u_core_pd_nfast_hit_packed[0]: no routing.
Net u_core_fast_phase[7]: no routing.
Net u_core_fast_phase[6]: no routing.
Net u_core_fast_phase[5]: no routing.
Net u_core_fast_phase[4]: no routing.
Net u_core_fast_phase[3]: no routing.
Net u_core_fast_phase[2]: no routing.
Net u_core_fast_phase[1]: no routing.
Net u_core_fast_tag_col[1][4]: no routing.
Net u_core_fast_tag_col[1][3]: no routing.
Net u_core_fast_tag_col[1][2]: no routing.
Net u_core_fast_tag_col[1][1]: no routing.
Net u_core_fast_tag_col[1][0]: no routing.
Net u_core_fast_tag_col[2][4]: no routing.
Net u_core_fast_tag_col[2][3]: no routing.
Net u_core_fast_tag_col[2][2]: no routing.
Net u_core_fast_tag_col[2][1]: no routing.
Net u_core_fast_tag_col[2][0]: no routing.
Net u_core_fast_tag_col[3][4]: no routing.
Net u_core_fast_tag_col[3][3]: no routing.
Net u_core_fast_tag_col[3][2]: no routing.
Net u_core_fast_tag_col[3][1]: no routing.
Net u_core_fast_tag_col[3][0]: no routing.
Net u_core_fast_tag_col[4][4]: no routing.
Net u_core_fast_tag_col[4][3]: no routing.
Net u_core_fast_tag_col[4][2]: no routing.
Net u_core_fast_tag_col[4][1]: no routing.
Net u_core_fast_tag_col[4][0]: no routing.
Net u_core_fast_tag_col[5][4]: no routing.
Net u_core_fast_tag_col[5][3]: no routing.
Net u_core_fast_tag_col[5][2]: no routing.
Net u_core_fast_tag_col[5][1]: no routing.
Net u_core_fast_tag_col[5][0]: no routing.
Net u_core_fast_tag_col[6][4]: no routing.
Net u_core_fast_tag_col[6][3]: no routing.
Net u_core_fast_tag_col[6][2]: no routing.
Net u_core_fast_tag_col[6][1]: no routing.
Net u_core_fast_tag_col[6][0]: no routing.
Net u_core_fast_tag_col[7][4]: no routing.
Net u_core_fast_tag_col[7][3]: no routing.
Net u_core_fast_tag_col[7][2]: no routing.
Net u_core_fast_tag_col[7][1]: no routing.
Net u_core_fast_tag_col[7][0]: no routing.
Net u_core_slow_phase[7]: no routing.
Net u_core_slow_phase[6]: no routing.
Net u_core_slow_phase[5]: no routing.
Net u_core_slow_phase[4]: no routing.
Net u_core_slow_phase[3]: no routing.
Net u_core_slow_phase[2]: no routing.
Net u_core_slow_phase[1]: no routing.
Net u_core_rst_fast_tap_n[7]: no routing.
Net u_core_rst_fast_tap_n[6]: no routing.
Net u_core_rst_fast_tap_n[5]: no routing.
Net u_core_rst_fast_tap_n[4]: no routing.
Net u_core_rst_fast_tap_n[3]: no routing.
Net u_core_rst_fast_tap_n[2]: no routing.
Net u_core_rst_fast_tap_n[1]: no routing.
Net u_core_rst_fast_tap_n[0]: no routing.
Net u_core_ro_fast_code_q[7]: no routing.
Net u_core_ro_fast_code_q[6]: no routing.
Net u_core_ro_fast_code_q[5]: no routing.
Net u_core_ro_fast_code_q[4]: no routing.
Net u_core_ro_fast_code_q[3]: no routing.
Net u_core_ro_fast_code_q[2]: no routing.
Net u_core_ro_fast_code_q[1]: no routing.
Net u_core_ro_fast_code_q[0]: no routing.
Net u_core_fast_phase_raw[7]: no routing.
Net u_core_fast_phase_raw[6]: no routing.
Net u_core_fast_phase_raw[5]: no routing.
Net u_core_fast_phase_raw[4]: no routing.
Net u_core_fast_phase_raw[3]: no routing.
Net u_core_fast_phase_raw[2]: no routing.
Net u_core_fast_phase_raw[1]: no routing.
Net u_core_fast_phase_raw[0]: no routing.
Net u_core_ro_slow_code_q[7]: no routing.
Net u_core_ro_slow_code_q[6]: no routing.
Net u_core_ro_slow_code_q[5]: no routing.
Net u_core_ro_slow_code_q[4]: no routing.
Net u_core_ro_slow_code_q[3]: no routing.
Net u_core_ro_slow_code_q[2]: no routing.
Net u_core_ro_slow_code_q[1]: no routing.
Net u_core_ro_slow_code_q[0]: no routing.
Net u_core_slow_phase_raw[7]: no routing.
Net u_core_slow_phase_raw[6]: no routing.
Net u_core_slow_phase_raw[5]: no routing.
Net u_core_slow_phase_raw[4]: no routing.
Net u_core_slow_phase_raw[3]: no routing.
Net u_core_slow_phase_raw[2]: no routing.
Net u_core_slow_phase_raw[1]: no routing.
Net u_core_slow_phase_raw[0]: no routing.
Net u_core_u_drain_ctrl_pd_scan_q[6]: no routing.
Net u_core_u_drain_ctrl_pd_scan_q[4]: no routing.
Net u_core_u_drain_ctrl_pd_scan_q[3]: no routing.
Net u_core_u_drain_ctrl_pd_scan_q[2]: no routing.
Net u_core_u_drain_ctrl_pd_scan_q[1]: no routing.
Net u_core_ctx_snapshot[hit_level][62]: no routing.
Net u_core_ctx_snapshot[hit_level][60]: no routing.
Net u_core_ctx_snapshot[hit_level][58]: no routing.
Net u_core_ctx_snapshot[hit_level][56]: no routing.
Net u_core_ctx_snapshot[hit_level][54]: no routing.
Net u_core_ctx_snapshot[hit_level][52]: no routing.
Net u_core_ctx_snapshot[hit_level][50]: no routing.
Net u_core_ctx_snapshot[hit_level][48]: no routing.
Net u_core_ctx_snapshot[hit_level][46]: no routing.
Net u_core_ctx_snapshot[hit_level][44]: no routing.
Net u_core_ctx_snapshot[hit_level][42]: no routing.
Net u_core_ctx_snapshot[hit_level][40]: no routing.
Net u_core_ctx_snapshot[hit_level][38]: no routing.
Net u_core_ctx_snapshot[hit_level][36]: no routing.
Net u_core_ctx_snapshot[hit_level][34]: no routing.
Net u_core_ctx_snapshot[hit_level][32]: no routing.
Net u_core_ctx_snapshot[hit_level][30]: no routing.
Net u_core_ctx_snapshot[hit_level][28]: no routing.
Net u_core_ctx_snapshot[hit_level][26]: no routing.
Net u_core_ctx_snapshot[hit_level][24]: no routing.
Net u_core_ctx_snapshot[hit_level][22]: no routing.
Net u_core_ctx_snapshot[hit_level][20]: no routing.
Net u_core_ctx_snapshot[hit_level][18]: no routing.
Net u_core_ctx_snapshot[hit_level][16]: no routing.
Net u_core_ctx_snapshot[hit_level][14]: no routing.
Net u_core_ctx_snapshot[hit_level][12]: no routing.
Net u_core_ctx_snapshot[hit_level][10]: no routing.
Net u_core_ctx_snapshot[hit_level][8]: no routing.
Net u_core_ctx_snapshot[hit_level][6]: no routing.
Net u_core_ctx_snapshot[hit_level][4]: no routing.
Net u_core_ctx_snapshot[hit_level][2]: no routing.
Net u_core_ctx_snapshot[hit_level][0]: no routing.
Net u_core_drain_read_ctx[0]: no routing.
Net u_core_fe_ctx_drain[1]: no routing.
Net u_core_fe_ctx_drain[0]: no routing.
Net u_core_ctx_drain_sync_ff1[1]: no routing.
Net u_core_ctx_drain_sync_ff1[0]: no routing.
Net u_core_ctx_drain_sync_ff2[1]: no routing.
Net u_core_ctx_drain_sync_ff2[0]: no routing.
Net u_core_ro_code_osc_fast_en_sync_q[1]: no routing.
Net u_core_ro_code_osc_fast_en_sync_q[0]: no routing.
Net u_core_ro_code_osc_slow_en_sync_q[1]: no routing.
Net u_core_ro_code_osc_slow_en_sync_q[0]: no routing.
Net u_core_start_sync_pipe[1]: no routing.
Net u_core_start_sync_pipe[0]: no routing.
Net u_core_stop_sync_pipe[1]: no routing.
Net u_core_stop_sync_pipe[0]: no routing.
Net u_core_slow_epoch_johnson[63]: no routing.
Net u_core_slow_epoch_johnson[62]: no routing.
Net u_core_slow_epoch_johnson[61]: no routing.
Net u_core_slow_epoch_johnson[60]: no routing.
Net u_core_slow_epoch_johnson[59]: no routing.
Net u_core_slow_epoch_johnson[58]: no routing.
Net u_core_slow_epoch_johnson[57]: no routing.
Net u_core_slow_epoch_johnson[56]: no routing.
Net u_core_slow_epoch_johnson[55]: no routing.
Net u_core_slow_epoch_johnson[54]: no routing.
Net u_core_slow_epoch_johnson[53]: no routing.
Net u_core_slow_epoch_johnson[52]: no routing.
Net u_core_slow_epoch_johnson[51]: no routing.
Net u_core_slow_epoch_johnson[50]: no routing.
Net u_core_slow_epoch_johnson[49]: no routing.
Net u_core_slow_epoch_johnson[48]: no routing.
Net u_core_slow_epoch_johnson[47]: no routing.
Net u_core_slow_epoch_johnson[46]: no routing.
Net u_core_slow_epoch_johnson[45]: no routing.
Net u_core_slow_epoch_johnson[44]: no routing.
Net u_core_slow_epoch_johnson[43]: no routing.
Net u_core_slow_epoch_johnson[42]: no routing.
Net u_core_slow_epoch_johnson[41]: no routing.
Net u_core_slow_epoch_johnson[40]: no routing.
Net u_core_slow_epoch_johnson[39]: no routing.
Net u_core_slow_epoch_johnson[38]: no routing.
Net u_core_slow_epoch_johnson[37]: no routing.
Net u_core_slow_epoch_johnson[36]: no routing.
Net u_core_slow_epoch_johnson[35]: no routing.
Net u_core_slow_epoch_johnson[34]: no routing.
Net u_core_slow_epoch_johnson[33]: no routing.
Net u_core_slow_epoch_johnson[32]: no routing.
Net u_core_slow_epoch_johnson[31]: no routing.
Net u_core_slow_epoch_johnson[30]: no routing.
Net u_core_slow_epoch_johnson[29]: no routing.
Net u_core_slow_epoch_johnson[28]: no routing.
Net u_core_slow_epoch_johnson[27]: no routing.
Net u_core_slow_epoch_johnson[26]: no routing.
Net u_core_slow_epoch_johnson[25]: no routing.
Net u_core_slow_epoch_johnson[24]: no routing.
Net u_core_slow_epoch_johnson[23]: no routing.
Net u_core_slow_epoch_johnson[22]: no routing.
Net u_core_slow_epoch_johnson[21]: no routing.
Net u_core_slow_epoch_johnson[20]: no routing.
Net u_core_slow_epoch_johnson[19]: no routing.
Net u_core_slow_epoch_johnson[18]: no routing.
Net u_core_slow_epoch_johnson[17]: no routing.
Net u_core_slow_epoch_johnson[16]: no routing.
Net u_core_slow_epoch_johnson[15]: no routing.
Net u_core_slow_epoch_johnson[14]: no routing.
Net u_core_slow_epoch_johnson[13]: no routing.
Net u_core_slow_epoch_johnson[12]: no routing.
Net u_core_slow_epoch_johnson[11]: no routing.
Net u_core_slow_epoch_johnson[10]: no routing.
Net u_core_slow_epoch_johnson[9]: no routing.
Net u_core_slow_epoch_johnson[8]: no routing.
Net u_core_slow_epoch_johnson[7]: no routing.
Net u_core_slow_epoch_johnson[6]: no routing.
Net u_core_slow_epoch_johnson[5]: no routing.
Net u_core_slow_epoch_johnson[4]: no routing.
Net u_core_slow_epoch_johnson[3]: no routing.
Net u_core_slow_epoch_johnson[2]: no routing.
Net u_core_slow_epoch_johnson[1]: no routing.
Net u_core_slow_epoch_johnson[0]: no routing.
Net u_core_stop_slow_phase_disc[2]: no routing.
Net u_core_stop_slow_phase_disc[1]: no routing.
Net u_core_stop_slow_phase_disc[0]: no routing.
Net u_core_slow_epoch_johnson_stop[63]: no routing.
Net u_core_slow_epoch_johnson_stop[62]: no routing.
Net u_core_slow_epoch_johnson_stop[61]: no routing.
Net u_core_slow_epoch_johnson_stop[60]: no routing.
Net u_core_slow_epoch_johnson_stop[59]: no routing.
Net u_core_slow_epoch_johnson_stop[58]: no routing.
Net u_core_slow_epoch_johnson_stop[57]: no routing.
Net u_core_slow_epoch_johnson_stop[56]: no routing.
Net u_core_slow_epoch_johnson_stop[55]: no routing.
Net u_core_slow_epoch_johnson_stop[54]: no routing.
Net u_core_slow_epoch_johnson_stop[53]: no routing.
Net u_core_slow_epoch_johnson_stop[52]: no routing.
Net u_core_slow_epoch_johnson_stop[51]: no routing.
Net u_core_slow_epoch_johnson_stop[50]: no routing.
Net u_core_slow_epoch_johnson_stop[49]: no routing.
Net u_core_slow_epoch_johnson_stop[48]: no routing.
Net u_core_slow_epoch_johnson_stop[47]: no routing.
Net u_core_slow_epoch_johnson_stop[46]: no routing.
Net u_core_slow_epoch_johnson_stop[45]: no routing.
Net u_core_slow_epoch_johnson_stop[44]: no routing.
Net u_core_slow_epoch_johnson_stop[43]: no routing.
Net u_core_slow_epoch_johnson_stop[42]: no routing.
Net u_core_slow_epoch_johnson_stop[41]: no routing.
Net u_core_slow_epoch_johnson_stop[40]: no routing.
Net u_core_slow_epoch_johnson_stop[38]: no routing.
Net u_core_slow_epoch_johnson_stop[37]: no routing.
Net u_core_slow_epoch_johnson_stop[36]: no routing.
Net u_core_slow_epoch_johnson_stop[35]: no routing.
Net u_core_slow_epoch_johnson_stop[34]: no routing.
Net u_core_slow_epoch_johnson_stop[33]: no routing.
Net u_core_slow_epoch_johnson_stop[32]: no routing.
Net u_core_slow_epoch_johnson_stop[31]: no routing.
Net u_core_slow_epoch_johnson_stop[30]: no routing.
Net u_core_slow_epoch_johnson_stop[29]: no routing.
Net u_core_slow_epoch_johnson_stop[28]: no routing.
Net u_core_slow_epoch_johnson_stop[27]: no routing.
Net u_core_slow_epoch_johnson_stop[26]: no routing.
Net u_core_slow_epoch_johnson_stop[25]: no routing.
Net u_core_slow_epoch_johnson_stop[24]: no routing.
Net u_core_slow_epoch_johnson_stop[23]: no routing.
Net u_core_slow_epoch_johnson_stop[22]: no routing.
Net u_core_slow_epoch_johnson_stop[21]: no routing.
Net u_core_slow_epoch_johnson_stop[20]: no routing.
Net u_core_slow_epoch_johnson_stop[19]: no routing.
Net u_core_slow_epoch_johnson_stop[18]: no routing.
Net u_core_slow_epoch_johnson_stop[17]: no routing.
Net u_core_slow_epoch_johnson_stop[16]: no routing.
Net u_core_slow_epoch_johnson_stop[15]: no routing.
Net u_core_slow_epoch_johnson_stop[14]: no routing.
Net u_core_slow_epoch_johnson_stop[13]: no routing.
Net u_core_slow_epoch_johnson_stop[12]: no routing.
Net u_core_slow_epoch_johnson_stop[11]: no routing.
Net u_core_slow_epoch_johnson_stop[10]: no routing.
Net u_core_slow_epoch_johnson_stop[9]: no routing.
Net u_core_slow_epoch_johnson_stop[8]: no routing.
Net u_core_slow_epoch_johnson_stop[7]: no routing.
Net u_core_slow_epoch_johnson_stop[6]: no routing.
Net u_core_slow_epoch_johnson_stop[5]: no routing.
Net u_core_slow_epoch_johnson_stop[4]: no routing.
Net u_core_slow_epoch_johnson_stop[3]: no routing.
Net u_core_slow_epoch_johnson_stop[2]: no routing.
Net u_core_slow_epoch_johnson_stop[1]: no routing.
Net u_core_slow_epoch_johnson_stop[0]: no routing.
Net u_core_u_drain_ctrl_hit_rec_idx[0]: no routing.
Net u_core_u_drain_ctrl_ns_cnt_q[2]: no routing.
Net u_core_meas_state[1]: no routing.
Net u_core_meas_state[0]: no routing.
Net u_core_u_packet_tx_hit_count_q[3]: no routing.
Net u_core_u_packet_tx_hit_count_q[2]: no routing.
Net u_core_u_packet_tx_hit_count_q[1]: no routing.
Net u_core_u_packet_tx_hit_count_q[0]: no routing.
Net u_core_u_packet_tx_nslow_q[6]: no routing.
Net u_core_u_packet_tx_nslow_q[5]: no routing.
Net u_core_u_packet_tx_nslow_q[4]: no routing.
Net u_core_u_packet_tx_nslow_q[3]: no routing.
Net u_core_u_packet_tx_nslow_q[2]: no routing.
Net u_core_u_packet_tx_nslow_q[1]: no routing.
Net u_core_u_packet_tx_nslow_q[0]: no routing.
Net u_core_u_packet_tx_nf_q[2]: no routing.
Net u_core_u_packet_tx_nf_q[1]: no routing.
Net u_core_u_packet_tx_nf_q[0]: no routing.
Net u_core_u_packet_tx_nfast_q[6]: no routing.
Net u_core_u_packet_tx_nfast_q[5]: no routing.
Net u_core_u_packet_tx_nfast_q[4]: no routing.
Net u_core_u_packet_tx_nfast_q[3]: no routing.
Net u_core_u_packet_tx_nfast_q[2]: no routing.
Net u_core_u_packet_tx_nfast_q[1]: no routing.
Net u_core_u_packet_tx_nfast_q[0]: no routing.
Net u_core_u_packet_tx_ctx_id_q[0]: no routing.
Net u_core_u_packet_tx_ns_q[2]: no routing.
Net u_core_u_packet_tx_ns_q[1]: no routing.
Net u_core_u_packet_tx_ns_q[0]: no routing.
Net u_core_u_packet_tx_stop_slow_phase_disc_q[2]: no routing.
Net u_core_u_packet_tx_stop_slow_phase_disc_q[1]: no routing.
Net u_core_u_packet_tx_stop_slow_phase_disc_q[0]: no routing.
Net u_core_u_packet_tx_state_q[2]: no routing.
Net u_core_u_packet_tx_state_q[1]: no routing.
Net u_core_u_packet_tx_state_q[0]: no routing.
Net u_core_u_ctx_bank_ctx_snapshot_q[0][nfast_hit_packed][447]: no routing.
Net u_core_u_ctx_bank_ctx_snapshot_q[0][nfast_hit_packed][446]: no routing.
Net u_core_u_ctx_bank_ctx_snapshot_q[0][nfast_hit_packed][445]: no routing.
Net u_core_u_ctx_bank_ctx_snapshot_q[0][nfast_hit_packed][444]: no routing.
Net u_core_u_ctx_bank_ctx_snapshot_q[0][nfast_hit_packed][443]: no routing.
Net u_core_u_ctx_bank_ctx_snapshot_q[0][nfast_hit_packed][442]: no routing.
Net u_core_u_ctx_bank_ctx_snapshot_q[0][nfast_hit_packed][441]: no routing.
Net u_core_u_ctx_bank_ctx_snapshot_q[0][nfast_hit_packed][440]: no routing.
Net u_core_u_ctx_bank_ctx_snapshot_q[0][nfast_hit_packed][439]: no routing.
Net u_core_u_ctx_bank_ctx_snapshot_q[0][nfast_hit_packed][438]: no routing.
Net u_core_u_ctx_bank_ctx_snapshot_q[0][nfast_hit_packed][437]: no routing.
Net u_core_u_ctx_bank_ctx_snapshot_q[0][nfast_hit_packed][436]: no routing.
Net u_core_u_ctx_bank_ctx_snapshot_q[0][nfast_hit_packed][435]: no routing.
Net u_core_u_ctx_bank_ctx_snapshot_q[0][nfast_hit_packed][434]: no routing.
Net u_core_u_ctx_bank_ctx_snapshot_q[0][nfast_hit_packed][433]: no routing.
Net u_core_u_ctx_bank_ctx_snapshot_q[0][nfast_hit_packed][432]: no routing.
Net u_core_u_ctx_bank_ctx_snapshot_q[0][nfast_hit_packed][431]: no routing.
Net u_core_u_ctx_bank_ctx_snapshot_q[0][nfast_hit_packed][430]: no routing.
Net u_core_u_ctx_bank_ctx_snapshot_q[0][nfast_hit_packed][429]: no routing.
Net u_core_u_ctx_bank_ctx_snapshot_q[0][nfast_hit_packed][428]: no routing.
Net u_core_u_ctx_bank_ctx_snapshot_q[0][nfast_hit_packed][427]: no routing.
Net u_core_u_ctx_bank_ctx_snapshot_q[0][nfast_hit_packed][426]: no routing.
Net u_core_u_ctx_bank_ctx_snapshot_q[0][nfast_hit_packed][425]: no routing.
Net u_core_u_ctx_bank_ctx_snapshot_q[0][nfast_hit_packed][424]: no routing.
Net u_core_u_ctx_bank_ctx_snapshot_q[0][nfast_hit_packed][423]: no routing.
Net u_core_u_ctx_bank_ctx_snapshot_q[0][nfast_hit_packed][422]: no routing.
Net u_core_u_ctx_bank_ctx_snapshot_q[0][nfast_hit_packed][421]: no routing.
Net u_core_u_ctx_bank_ctx_snapshot_q[0][nfast_hit_packed][420]: no routing.
Net u_core_u_ctx_bank_ctx_snapshot_q[0][nfast_hit_packed][419]: no routing.
Net u_core_u_ctx_bank_ctx_snapshot_q[0][nfast_hit_packed][418]: no routing.
Net u_core_u_ctx_bank_ctx_snapshot_q[0][nfast_hit_packed][417]: no routing.
Net u_core_u_ctx_bank_ctx_snapshot_q[0][nfast_hit_packed][416]: no routing.
Net u_core_u_ctx_bank_ctx_snapshot_q[0][nfast_hit_packed][415]: no routing.
Net u_core_u_ctx_bank_ctx_snapshot_q[0][nfast_hit_packed][414]: no routing.
Net u_core_u_ctx_bank_ctx_snapshot_q[0][nfast_hit_packed][413]: no routing.
Net u_core_u_ctx_bank_ctx_snapshot_q[0][nfast_hit_packed][412]: no routing.
Net u_core_u_ctx_bank_ctx_snapshot_q[0][nfast_hit_packed][411]: no routing.
Net u_core_u_ctx_bank_ctx_snapshot_q[0][nfast_hit_packed][410]: no routing.
Net u_core_u_ctx_bank_ctx_snapshot_q[0][nfast_hit_packed][409]: no routing.
Net u_core_u_ctx_bank_ctx_snapshot_q[0][nfast_hit_packed][408]: no routing.
Net u_core_u_ctx_bank_ctx_snapshot_q[0][nfast_hit_packed][407]: no routing.
Net u_core_u_ctx_bank_ctx_snapshot_q[0][nfast_hit_packed][406]: no routing.
Net u_core_u_ctx_bank_ctx_snapshot_q[0][nfast_hit_packed][405]: no routing.
Net u_core_u_ctx_bank_ctx_snapshot_q[0][nfast_hit_packed][404]: no routing.
Net u_core_u_ctx_bank_ctx_snapshot_q[0][nfast_hit_packed][403]: no routing.
Net u_core_u_ctx_bank_ctx_snapshot_q[0][nfast_hit_packed][402]: no routing.
Net u_core_u_ctx_bank_ctx_snapshot_q[0][nfast_hit_packed][401]: no routing.
Net u_core_u_ctx_bank_ctx_snapshot_q[0][nfast_hit_packed][400]: no routing.
Net u_core_u_ctx_bank_ctx_snapshot_q[0][nfast_hit_packed][399]: no routing.
Net u_core_u_ctx_bank_ctx_snapshot_q[0][nfast_hit_packed][398]: no routing.
Net u_core_u_ctx_bank_ctx_snapshot_q[0][nfast_hit_packed][397]: no routing.
Net u_core_u_ctx_bank_ctx_snapshot_q[0][nfast_hit_packed][396]: no routing.
Net u_core_u_ctx_bank_ctx_snapshot_q[0][nfast_hit_packed][395]: no routing.
Net u_core_u_ctx_bank_ctx_snapshot_q[0][nfast_hit_packed][394]: no routing.
Net u_core_u_ctx_bank_ctx_snapshot_q[0][nfast_hit_packed][393]: no routing.
Net u_core_u_ctx_bank_ctx_snapshot_q[0][nfast_hit_packed][392]: no routing.
Net u_core_u_ctx_bank_ctx_snapshot_q[0][nfast_hit_packed][391]: no routing.
Net u_core_u_ctx_bank_ctx_snapshot_q[0][nfast_hit_packed][390]: no routing.
Net u_core_u_ctx_bank_ctx_snapshot_q[0][nfast_hit_packed][389]: no routing.
Net u_core_u_ctx_bank_ctx_snapshot_q[0][nfast_hit_packed][388]: no routing.
Net u_core_u_ctx_bank_ctx_snapshot_q[0][nfast_hit_packed][387]: no routing.
Net u_core_u_ctx_bank_ctx_snapshot_q[0][nfast_hit_packed][386]: no routing.
Net u_core_u_ctx_bank_ctx_snapshot_q[0][nfast_hit_packed][385]: no routing.
Net u_core_u_ctx_bank_ctx_snapshot_q[0][nfast_hit_packed][384]: no routing.
Net u_core_u_ctx_bank_ctx_snapshot_q[0][nfast_hit_packed][383]: no routing.
Net u_core_u_ctx_bank_ctx_snapshot_q[0][nfast_hit_packed][382]: no routing.
**WARN: (IMPVFC-3):	Verify Connectivity stopped: Number of errors exceeds the limit 1000
Type 'man IMPVFC-3' for more detail.

Begin Summary 
    1000 Problem(s) (IMPVFC-98): Net has no global routing and no special routing.
    1000 total info(s) created.
End Summary

End Time: Fri Aug 28 14:41:05 2026
Time Elapsed: 0:00:00.0

******** End: VERIFY CONNECTIVITY ********
  Verification Complete : 1000 Viols.  0 Wrngs.
  (CPU Time: 0:00:00.1  MEM: 0.000M)

