# MPTDC PG Topology Dump
DUMP_LABEL=POSTPLACE_PRE_ROUTE_AFTER_RO_PG_HOOKUP
SCHEMA_marker_REPORT=/sim/ksabra/SPADMIC_work/innovus/20260828_mptdc_free_pnr_macrostatefix_143954_u50/reports/postplace_pre_route_pg_topology_after_ro_pg_hookup_marker_schema.rpt
SCHEMA_marker_STATUS=PASS
SCHEMA_sWire_REPORT=/sim/ksabra/SPADMIC_work/innovus/20260828_mptdc_free_pnr_macrostatefix_143954_u50/reports/postplace_pre_route_pg_topology_after_ro_pg_hookup_sWire_schema.rpt
SCHEMA_sWire_STATUS=PASS
SCHEMA_term_REPORT=/sim/ksabra/SPADMIC_work/innovus/20260828_mptdc_free_pnr_macrostatefix_143954_u50/reports/postplace_pre_route_pg_topology_after_ro_pg_hookup_term_schema.rpt
SCHEMA_term_STATUS=PASS
SCHEMA_pin_REPORT=/sim/ksabra/SPADMIC_work/innovus/20260828_mptdc_free_pnr_macrostatefix_143954_u50/reports/postplace_pre_route_pg_topology_after_ro_pg_hookup_pin_schema.rpt
SCHEMA_pin_STATUS=PASS
SCHEMA_pinShape_REPORT=/sim/ksabra/SPADMIC_work/innovus/20260828_mptdc_free_pnr_macrostatefix_143954_u50/reports/postplace_pre_route_pg_topology_after_ro_pg_hookup_pinShape_schema.rpt
SCHEMA_pinShape_STATUS=PASS

TOP_NAME_COMMAND=dbGet top.name
TOP_NAME_BEGIN
TOP_NAME_STATUS=PASS
TOP_NAME_VALUE=mptdc_axis_core
TOP_NAME_END

CORE_BOX_COMMAND=dbGet top.fPlan.coreBox
CORE_BOX_BEGIN
CORE_BOX_STATUS=PASS
CORE_BOX_VALUE={20.16 20.16 1092.56 817.6}
CORE_BOX_END

PG_TERM_NAMES_COMMAND=dbGet top.pgTerms.name
PG_TERM_NAMES_BEGIN
PG_TERM_NAMES_STATUS=PASS
PG_TERM_NAMES_VALUE=VDD_LEFT VSS_LEFT VDD_RIGHT VSS_RIGHT
PG_TERM_NAMES_END

PG_TERM_NETS_COMMAND=dbGet top.pgTerms.net.name
PG_TERM_NETS_BEGIN
PG_TERM_NETS_STATUS=PASS
PG_TERM_NETS_VALUE=VDD VSS VDD VSS
PG_TERM_NETS_END

PG_TERM_LAYERS_COMMAND=dbGet top.pgTerms.pins.allShapes.layer.name
PG_TERM_LAYERS_BEGIN
PG_TERM_LAYERS_STATUS=PASS
PG_TERM_LAYERS_VALUE=METTP METTP METTP METTP
PG_TERM_LAYERS_END

VDD_PGTERM_NAMES_COMMAND=dbGet [dbGet top.pgTerms.net.name VDD -p2].name
VDD_PGTERM_NAMES_BEGIN
VDD_PGTERM_NAMES_STATUS=PASS
VDD_PGTERM_NAMES_VALUE=VDD_LEFT VDD_RIGHT
VDD_PGTERM_NAMES_END

VSS_PGTERM_NAMES_COMMAND=dbGet [dbGet top.pgTerms.net.name VSS -p2].name
VSS_PGTERM_NAMES_BEGIN
VSS_PGTERM_NAMES_STATUS=PASS
VSS_PGTERM_NAMES_VALUE=VSS_LEFT VSS_RIGHT
VSS_PGTERM_NAMES_END

VDD_SWIRE_COUNT_COMMAND=llength [dbGet [dbGet top.nets.name VDD -p].sWires]
VDD_SWIRE_COUNT_BEGIN
VDD_SWIRE_COUNT_STATUS=PASS
VDD_SWIRE_COUNT_VALUE=36
VDD_SWIRE_COUNT_END

VSS_SWIRE_COUNT_COMMAND=llength [dbGet [dbGet top.nets.name VSS -p].sWires]
VSS_SWIRE_COUNT_BEGIN
VSS_SWIRE_COUNT_STATUS=PASS
VSS_SWIRE_COUNT_VALUE=36
VSS_SWIRE_COUNT_END

SWIRE_NON_FOLLOWPIN_TABLE_BEGIN
net	idx	shape	layer	status	width	geomType	box	pts
VDD	1	ring	METTP	routed	2.0	pathSeg	{16.16 16.16 18.16 821.6}	{{17.16 16.16} {17.16 821.6}}
VDD	2	ring	METTP	routed	2.0	pathSeg	{1094.56 16.16 1096.56 821.6}	{{1095.56 16.16} {1095.56 821.6}}
VDD	3	ring	MET3	routed	2.0	pathSeg	{16.16 16.16 1096.56 18.16}	{{16.16 17.16} {1096.56 17.16}}
VDD	4	ring	MET3	routed	2.0	pathSeg	{16.16 819.6 1096.56 821.6}	{{16.16 820.6} {1096.56 820.6}}
VDD	5	stripe	METTP	routed	2.0	pathSeg	{40.16 16.16 42.16 622.73}	{{41.16 16.16} {41.16 622.73}}
VDD	6	stripe	METTP	routed	2.0	pathSeg	{40.16 696.095 42.16 720.32}	{{41.16 696.095} {41.16 720.32}}
VDD	7	stripe	METTP	routed	2.0	pathSeg	{40.16 794.03 42.16 821.6}	{{41.16 794.03} {41.16 821.6}}
VDD	8	stripe	METTP	routed	2.0	pathSeg	{120.16 16.16 122.16 620.79}	{{121.16 16.16} {121.16 620.79}}
VDD	9	stripe	METTP	routed	2.0	pathSeg	{120.16 696.095 122.16 720.32}	{{121.16 696.095} {121.16 720.32}}
VDD	10	stripe	METTP	routed	2.0	pathSeg	{120.16 795.62 122.16 821.6}	{{121.16 795.62} {121.16 821.6}}
VDD	11	stripe	METTP	routed	2.0	pathSeg	{200.16 16.16 202.16 620.79}	{{201.16 16.16} {201.16 620.79}}
VDD	12	stripe	METTP	routed	2.0	pathSeg	{200.16 696.095 202.16 720.32}	{{201.16 696.095} {201.16 720.32}}
VDD	13	stripe	METTP	routed	2.0	pathSeg	{200.16 795.62 202.16 821.6}	{{201.16 795.62} {201.16 821.6}}
VDD	14	stripe	METTP	routed	2.0	pathSeg	{280.16 16.16 282.16 821.6}	{{281.16 16.16} {281.16 821.6}}
VDD	15	stripe	METTP	routed	2.0	pathSeg	{360.16 16.16 362.16 821.6}	{{361.16 16.16} {361.16 821.6}}
VDD	16	stripe	METTP	routed	2.0	pathSeg	{440.16 16.16 442.16 821.6}	{{441.16 16.16} {441.16 821.6}}
VDD	17	stripe	METTP	routed	2.0	pathSeg	{520.16 16.16 522.16 821.6}	{{521.16 16.16} {521.16 821.6}}
VDD	18	stripe	METTP	routed	2.0	pathSeg	{600.16 16.16 602.16 821.6}	{{601.16 16.16} {601.16 821.6}}
VDD	19	stripe	METTP	routed	2.0	pathSeg	{680.16 16.16 682.16 821.6}	{{681.16 16.16} {681.16 821.6}}
VDD	20	stripe	METTP	routed	2.0	pathSeg	{760.16 16.16 762.16 821.6}	{{761.16 16.16} {761.16 821.6}}
VDD	21	stripe	METTP	routed	2.0	pathSeg	{840.16 16.16 842.16 821.6}	{{841.16 16.16} {841.16 821.6}}
VDD	22	stripe	METTP	routed	2.0	pathSeg	{920.16 16.16 922.16 821.6}	{{921.16 16.16} {921.16 821.6}}
VDD	23	stripe	METTP	routed	2.0	pathSeg	{1000.16 16.16 1002.16 821.6}	{{1001.16 16.16} {1001.16 821.6}}
VDD	24	stripe	METTP	routed	2.0	pathSeg	{1080.16 16.16 1082.16 821.6}	{{1081.16 16.16} {1081.16 821.6}}
VDD	25	stripe	MET3	routed	2.0	pathSeg	{16.16 40.16 1096.56 42.16}	{{16.16 41.16} {1096.56 41.16}}
VDD	26	stripe	MET3	routed	2.0	pathSeg	{16.16 120.16 1096.56 122.16}	{{16.16 121.16} {1096.56 121.16}}
VDD	27	stripe	MET3	routed	2.0	pathSeg	{16.16 200.16 1096.56 202.16}	{{16.16 201.16} {1096.56 201.16}}
VDD	28	stripe	MET3	routed	2.0	pathSeg	{16.16 280.16 1096.56 282.16}	{{16.16 281.16} {1096.56 281.16}}
VDD	29	stripe	MET3	routed	2.0	pathSeg	{16.16 360.16 1096.56 362.16}	{{16.16 361.16} {1096.56 361.16}}
VDD	30	stripe	MET3	routed	2.0	pathSeg	{16.16 440.16 1096.56 442.16}	{{16.16 441.16} {1096.56 441.16}}
VDD	31	stripe	MET3	routed	2.0	pathSeg	{16.16 520.16 1096.56 522.16}	{{16.16 521.16} {1096.56 521.16}}
VDD	32	stripe	MET3	routed	2.0	pathSeg	{16.16 600.16 1096.56 602.16}	{{16.16 601.16} {1096.56 601.16}}
VDD	33	stripe	MET3	routed	2.0	pathSeg	{16.16 680.16 38.61 682.16}	{{16.16 681.16} {38.61 681.16}}
VDD	34	stripe	MET3	routed	2.0	pathSeg	{212.365 680.16 1096.56 682.16}	{{212.365 681.16} {1096.56 681.16}}
VDD	35	stripe	MET3	routed	2.0	pathSeg	{16.16 760.16 38.605 762.16}	{{16.16 761.16} {38.605 761.16}}
VDD	36	stripe	MET3	routed	2.0	pathSeg	{212.36 760.16 1096.56 762.16}	{{212.36 761.16} {1096.56 761.16}}
VDD	FOLLOWPIN_ROWS_SKIPPED	0
VSS	1	ring	METTP	routed	2.0	pathSeg	{13.16 13.16 15.16 824.6}	{{14.16 13.16} {14.16 824.6}}
VSS	2	ring	METTP	routed	2.0	pathSeg	{1097.56 13.16 1099.56 824.6}	{{1098.56 13.16} {1098.56 824.6}}
VSS	3	ring	MET3	routed	2.0	pathSeg	{13.16 13.16 1099.56 15.16}	{{13.16 14.16} {1099.56 14.16}}
VSS	4	ring	MET3	routed	2.0	pathSeg	{13.16 822.6 1099.56 824.6}	{{13.16 823.6} {1099.56 823.6}}
VSS	5	stripe	METTP	routed	2.0	pathSeg	{44.16 13.16 46.16 620.79}	{{45.16 13.16} {45.16 620.79}}
VSS	6	stripe	METTP	routed	2.0	pathSeg	{44.16 696.095 46.16 721.82}	{{45.16 696.095} {45.16 721.82}}
VSS	7	stripe	METTP	routed	2.0	pathSeg	{44.16 793.75 46.16 824.6}	{{45.16 793.75} {45.16 824.6}}
VSS	8	stripe	METTP	routed	2.0	pathSeg	{124.16 13.16 126.16 620.79}	{{125.16 13.16} {125.16 620.79}}
VSS	9	stripe	METTP	routed	2.0	pathSeg	{124.16 696.095 126.16 720.32}	{{125.16 696.095} {125.16 720.32}}
VSS	10	stripe	METTP	routed	2.0	pathSeg	{124.16 795.62 126.16 824.6}	{{125.16 795.62} {125.16 824.6}}
VSS	11	stripe	METTP	routed	2.0	pathSeg	{204.16 13.16 206.16 620.79}	{{205.16 13.16} {205.16 620.79}}
VSS	12	stripe	METTP	routed	2.0	pathSeg	{204.16 696.095 206.16 720.32}	{{205.16 696.095} {205.16 720.32}}
VSS	13	stripe	METTP	routed	2.0	pathSeg	{204.16 795.62 206.16 824.6}	{{205.16 795.62} {205.16 824.6}}
VSS	14	stripe	METTP	routed	2.0	pathSeg	{284.16 13.16 286.16 824.6}	{{285.16 13.16} {285.16 824.6}}
VSS	15	stripe	METTP	routed	2.0	pathSeg	{364.16 13.16 366.16 824.6}	{{365.16 13.16} {365.16 824.6}}
VSS	16	stripe	METTP	routed	2.0	pathSeg	{444.16 13.16 446.16 824.6}	{{445.16 13.16} {445.16 824.6}}
VSS	17	stripe	METTP	routed	2.0	pathSeg	{524.16 13.16 526.16 824.6}	{{525.16 13.16} {525.16 824.6}}
VSS	18	stripe	METTP	routed	2.0	pathSeg	{604.16 13.16 606.16 824.6}	{{605.16 13.16} {605.16 824.6}}
VSS	19	stripe	METTP	routed	2.0	pathSeg	{684.16 13.16 686.16 824.6}	{{685.16 13.16} {685.16 824.6}}
VSS	20	stripe	METTP	routed	2.0	pathSeg	{764.16 13.16 766.16 824.6}	{{765.16 13.16} {765.16 824.6}}
VSS	21	stripe	METTP	routed	2.0	pathSeg	{844.16 13.16 846.16 824.6}	{{845.16 13.16} {845.16 824.6}}
VSS	22	stripe	METTP	routed	2.0	pathSeg	{924.16 13.16 926.16 824.6}	{{925.16 13.16} {925.16 824.6}}
VSS	23	stripe	METTP	routed	2.0	pathSeg	{1004.16 13.16 1006.16 824.6}	{{1005.16 13.16} {1005.16 824.6}}
VSS	24	stripe	METTP	routed	2.0	pathSeg	{1084.16 13.16 1086.16 824.6}	{{1085.16 13.16} {1085.16 824.6}}
VSS	25	stripe	MET3	routed	2.0	pathSeg	{13.16 44.16 1099.56 46.16}	{{13.16 45.16} {1099.56 45.16}}
VSS	26	stripe	MET3	routed	2.0	pathSeg	{13.16 124.16 1099.56 126.16}	{{13.16 125.16} {1099.56 125.16}}
VSS	27	stripe	MET3	routed	2.0	pathSeg	{13.16 204.16 1099.56 206.16}	{{13.16 205.16} {1099.56 205.16}}
VSS	28	stripe	MET3	routed	2.0	pathSeg	{13.16 284.16 1099.56 286.16}	{{13.16 285.16} {1099.56 285.16}}
VSS	29	stripe	MET3	routed	2.0	pathSeg	{13.16 364.16 1099.56 366.16}	{{13.16 365.16} {1099.56 365.16}}
VSS	30	stripe	MET3	routed	2.0	pathSeg	{13.16 444.16 1099.56 446.16}	{{13.16 445.16} {1099.56 445.16}}
VSS	31	stripe	MET3	routed	2.0	pathSeg	{13.16 524.16 1099.56 526.16}	{{13.16 525.16} {1099.56 525.16}}
VSS	32	stripe	MET3	routed	2.0	pathSeg	{13.16 604.16 1099.56 606.16}	{{13.16 605.16} {1099.56 605.16}}
VSS	33	stripe	MET3	routed	2.0	pathSeg	{13.16 684.16 38.61 686.16}	{{13.16 685.16} {38.61 685.16}}
VSS	34	stripe	MET3	routed	2.0	pathSeg	{212.365 684.16 1099.56 686.16}	{{212.365 685.16} {1099.56 685.16}}
VSS	35	stripe	MET3	routed	2.0	pathSeg	{13.16 764.16 38.605 766.16}	{{13.16 765.16} {38.605 765.16}}
VSS	36	stripe	MET3	routed	2.0	pathSeg	{212.36 764.16 1099.56 766.16}	{{212.36 765.16} {1099.56 765.16}}
VSS	FOLLOWPIN_ROWS_SKIPPED	0
SWIRE_NON_FOLLOWPIN_TABLE_END

VERIFY_SPECIAL_REPORT=/sim/ksabra/SPADMIC_work/innovus/20260828_mptdc_free_pnr_macrostatefix_143954_u50/reports/postplace_pre_route_pg_topology_after_ro_pg_hookup_verify_special.rpt
VERIFY_SPECIAL_CONSOLE=/sim/ksabra/SPADMIC_work/innovus/20260828_mptdc_free_pnr_macrostatefix_143954_u50/reports/postplace_pre_route_pg_topology_after_ro_pg_hookup_verify_special.console.rpt
VERIFY_SPECIAL_STATUS=PASS

MARKER_TABLE_BEGIN
idx	handle	box	layer	type	subType	message
1	0x7ff0e9afe0b0	{960.28 744.89 961.18 745.52}	MET1	Connectivity	UnConnectedPin	Net VDD Pin: u_core_u_fifo_mem_reg[1][3]/vddi; Direction: INOUT; Use: POWER;
2	0x7ff0e9afe0e0	{955.8 753.85 956.7 754.48}	MET1	Connectivity	UnConnectedPin	Net VDD Pin: u_core_u_fifo_mem_reg[3][3]/vddi; Direction: INOUT; Use: POWER;
3	0x7ff0e9afe110	{851.08 744.89 851.98 745.52}	MET1	Connectivity	UnConnectedPin	Net VDD Pin: u_core_u_fifo_mem_reg[3][39]/vddi; Direction: INOUT; Use: POWER;
4	0x7ff0e9afe140	{854.9 735.93 855.8 736.56}	MET1	Connectivity	UnConnectedPin	Net VDD Pin: u_core_u_fifo_mem_reg[5][39]/vddi; Direction: INOUT; Use: POWER;
5	0x7ff0e9afe170	{837.08 746.32 837.98 746.95}	MET1	Connectivity	UnConnectedPin	Net VDD Pin: u_core_u_fifo_mem_reg[7][39]/vddi; Direction: INOUT; Use: POWER;
6	0x7ff0e9afe2c0	{1088.52 710.48 1089.42 711.11}	MET1	Connectivity	UnConnectedPin	Net VDD Pin: u_core_u_fifo_mem_reg[12][3]/vddi; Direction: INOUT; Use: POWER;
7	0x7ff0e9afe320	{1088.52 718.01 1089.42 718.64}	MET1	Connectivity	UnConnectedPin	Net VDD Pin: u_core_u_fifo_mem_reg[13][3]/vddi; Direction: INOUT; Use: POWER;
8	0x7ff0e9afe350	{1075.08 726.97 1075.98 727.6}	MET1	Connectivity	UnConnectedPin	Net VDD Pin: u_core_u_fifo_mem_reg[13][4]/vddi; Direction: INOUT; Use: POWER;
9	0x7ff0e9afe3e0	{1030.74 735.93 1031.64 736.56}	MET1	Connectivity	UnConnectedPin	Net VDD Pin: u_core_u_fifo_mem_reg[16][3]/vddi; Direction: INOUT; Use: POWER;
10	0x7ff0e9afe440	{999.48 744.89 1000.38 745.52}	MET1	Connectivity	UnConnectedPin	Net VDD Pin: u_core_u_fifo_mem_reg[20][4]/vddi; Direction: INOUT; Use: POWER;
11	0x7ff0e9afe4a0	{908.66 744.89 909.56 745.52}	MET1	Connectivity	UnConnectedPin	Net VDD Pin: u_core_u_fifo_mem_reg[24][3]/vddi; Direction: INOUT; Use: POWER;
12	0x7ff0e9afe4d0	{904.28 744.89 905.18 745.52}	MET1	Connectivity	UnConnectedPin	Net VDD Pin: u_core_u_fifo_mem_reg[24][4]/vddi; Direction: INOUT; Use: POWER;
13	0x7ff0e9afe710	{917.06 735.93 917.96 736.56}	MET1	Connectivity	UnConnectedPin	Net VDD Pin: u_core_u_fifo_mem_reg[30][3]/vddi; Direction: INOUT; Use: POWER;
14	0x7ff0e9aff610	{1072.18 717.48 1072.49 717.78}	MET1	Connectivity	UnConnectedPin	Net VDD Pin: u_core_g73610/vddi; Direction: INOUT; Use: POWER;
15	0x7ff0e9aff7f0	{983.7 726.44 984.01 726.74}	MET1	Connectivity	UnConnectedPin	Net VDD Pin: u_core_g73808/vddi; Direction: INOUT; Use: POWER;
16	0x7ff0e9affb80	{1074.42 711.34 1074.73 711.64}	MET1	Connectivity	UnConnectedPin	Net VDD Pin: u_core_g74848/vddi; Direction: INOUT; Use: POWER;
17	0x7ff0e9affbb0	{1006.1 699.56 1006.41 699.86}	MET1	Connectivity	UnConnectedPin	Net VDD Pin: u_core_g74884/vddi; Direction: INOUT; Use: POWER;
18	0x7ff0e9b48950	{1000.72 727.6 1004.08 728.4}	MET1	Connectivity	UnConnectedPin	Net VDD Pin: g8942/vddi; Direction: INOUT; Use: POWER;
19	0x7ff0e9b48e30	{896.0 700.72 899.36 701.52}	MET1	Connectivity	UnConnectedPin	Net VDD Pin: g9471/vddi; Direction: INOUT; Use: POWER;
20	0x7ff0e9b48fe0	{1062.32 709.68 1065.68 710.48}	MET1	Connectivity	UnConnectedPin	Net VDD Pin: g9578/vddi; Direction: INOUT; Use: POWER;
21	0x7ff0e9b490a0	{1005.76 727.6 1009.12 728.4}	MET1	Connectivity	UnConnectedPin	Net VDD Pin: g9643/vddi; Direction: INOUT; Use: POWER;
22	0x7ff0e9b490d0	{896.0 709.68 899.36 710.48}	MET1	Connectivity	UnConnectedPin	Net VDD Pin: g9648/vddi; Direction: INOUT; Use: POWER;
23	0x7ff0a3e8b580	{879.2 718.055 883.68 720.6}	POLY1	Connectivity	Open	Net VDD
24	0x7ff0e9afe080	{818.6 744.89 819.5 745.52}	MET1	Connectivity	UnConnectedPin	Net VDD Pin: u_core_u_fifo_mem_reg[0][39]/vddi; Direction: INOUT; Use: POWER;
25	0x7ff0e9afe1a0	{736.28 735.93 737.18 736.56}	MET1	Connectivity	UnConnectedPin	Net VDD Pin: u_core_u_fifo_mem_reg[8][40]/vddi; Direction: INOUT; Use: POWER;
26	0x7ff0e9afe200	{725.64 728.4 726.54 729.03}	MET1	Connectivity	UnConnectedPin	Net VDD Pin: u_core_u_fifo_mem_reg[9][40]/vddi; Direction: INOUT; Use: POWER;
27	0x7ff0e9afe410	{778.28 744.89 779.18 745.52}	MET1	Connectivity	UnConnectedPin	Net VDD Pin: u_core_u_fifo_mem_reg[19][39]/vddi; Direction: INOUT; Use: POWER;
28	0x7ff0e9afe470	{809.08 726.97 809.98 727.6}	MET1	Connectivity	UnConnectedPin	Net VDD Pin: u_core_u_fifo_mem_reg[23][39]/vddi; Direction: INOUT; Use: POWER;
29	0x7ff0e9afe500	{702.02 737.36 702.92 737.99}	MET1	Connectivity	UnConnectedPin	Net VDD Pin: u_core_u_fifo_mem_reg[24][39]/vddi; Direction: INOUT; Use: POWER;
30	0x7ff0e9afe530	{696.52 735.93 697.42 736.56}	MET1	Connectivity	UnConnectedPin	Net VDD Pin: u_core_u_fifo_mem_reg[25][39]/vddi; Direction: INOUT; Use: POWER;
31	0x7ff0e9afe560	{668.52 719.44 669.42 720.07}	MET1	Connectivity	UnConnectedPin	Net VDD Pin: u_core_u_fifo_mem_reg[26][39]/vddi; Direction: INOUT; Use: POWER;
32	0x7ff0e9afe590	{677.94 726.97 678.84 727.6}	MET1	Connectivity	UnConnectedPin	Net VDD Pin: u_core_u_fifo_mem_reg[26][40]/vddi; Direction: INOUT; Use: POWER;
33	0x7ff0e9aff5e0	{787.83 738.22 788.14 738.52}	MET1	Connectivity	UnConnectedPin	Net VDD Pin: u_core_g73560/vddi; Direction: INOUT; Use: POWER;
34	0x7ff0e9b491f0	{768.32 709.68 771.68 710.48}	MET1	Connectivity	UnConnectedPin	Net VDD Pin: g9820/vddi; Direction: INOUT; Use: POWER;
35	0x7ff0e9afe260	{1080.58 638.8 1081.48 639.43}	MET1	Connectivity	UnConnectedPin	Net VDD Pin: u_core_u_fifo_mem_reg[11][2]/vddi; Direction: INOUT; Use: POWER;
36	0x7ff0e9afe3b0	{1090.2 585.04 1091.1 585.67}	MET1	Connectivity	UnConnectedPin	Net VDD Pin: u_core_u_fifo_mem_reg[13][32]/vddi; Direction: INOUT; Use: POWER;
37	0x7ff0e9affb50	{1080.02 612.78 1080.33 613.08}	MET1	Connectivity	UnConnectedPin	Net VDD Pin: u_core_g74825/vddi; Direction: INOUT; Use: POWER;
38	0x7ff0e9affdc0	{1031.3 690.6 1031.61 690.9}	MET1	Connectivity	UnConnectedPin	Net VDD Pin: u_core_g75181/vddi; Direction: INOUT; Use: POWER;
39	0x7ff0e9affdf0	{1062.66 690.6 1062.97 690.9}	MET1	Connectivity	UnConnectedPin	Net VDD Pin: u_core_g75280/vddi; Direction: INOUT; Use: POWER;
40	0x7ff0e9affe50	{1026.26 693.42 1026.57 693.72}	MET1	Connectivity	UnConnectedPin	Net VDD Pin: u_core_g75313/vddi; Direction: INOUT; Use: POWER;
41	0x7ff0e9aec200	{1052.02 693.42 1052.33 693.72}	MET1	Connectivity	UnConnectedPin	Net VDD Pin: u_core_g75860/vddi; Direction: INOUT; Use: POWER;
42	0x7ff0e9aec230	{1045.86 567.98 1046.17 568.28}	MET1	Connectivity	UnConnectedPin	Net VDD Pin: u_core_g75875/vddi; Direction: INOUT; Use: POWER;
43	0x7ff0e9aec410	{1015.06 693.42 1015.37 693.72}	MET1	Connectivity	UnConnectedPin	Net VDD Pin: u_core_g76060/vddi; Direction: INOUT; Use: POWER;
44	0x7ff0e9aec470	{1007.22 559.02 1007.53 559.32}	MET1	Connectivity	UnConnectedPin	Net VDD Pin: u_core_g76068/vddi; Direction: INOUT; Use: POWER;
45	0x7ff0e9b48890	{1001.84 638.0 1005.2 638.8}	MET1	Connectivity	UnConnectedPin	Net VDD Pin: g8892/vddi; Direction: INOUT; Use: POWER;
46	0x7ff0e9b488c0	{1000.72 691.76 1004.08 692.56}	MET1	Connectivity	UnConnectedPin	Net VDD Pin: g8914/vddi; Direction: INOUT; Use: POWER;
47	0x7ff0e9b48da0	{1021.44 691.76 1024.8 692.56}	MET1	Connectivity	UnConnectedPin	Net VDD Pin: g9462/vddi; Direction: INOUT; Use: POWER;
48	0x7ff0e9b48dd0	{1007.44 691.76 1010.8 692.56}	MET1	Connectivity	UnConnectedPin	Net VDD Pin: g9463/vddi; Direction: INOUT; Use: POWER;
49	0x7ff0e9b48e00	{986.72 673.84 990.08 674.64}	MET1	Connectivity	UnConnectedPin	Net VDD Pin: g9464/vddi; Direction: INOUT; Use: POWER;
50	0x7ff0e9b49010	{1047.2 691.76 1050.56 692.56}	MET1	Connectivity	UnConnectedPin	Net VDD Pin: g9582/vddi; Direction: INOUT; Use: POWER;
51	0x7ff0a3e8bbe0	{985.04 619.245 1001.28 621.465}	POLY1	Connectivity	Open	Net VDD
52	0x7ff0a3e8bc40	{1008.0 618.92 1019.76 621.56}	POLY1	Connectivity	Open	Net VDD
53	0x7ff0a3e8bc70	{1020.32 618.92 1058.96 622.04}	POLY1	Connectivity	Open	Net VDD
54	0x7ff0a3e8bd00	{1019.76 609.96 1052.8 613.08}	POLY1	Connectivity	Open	Net VDD
55	0x7ff0a3e8bd30	{1054.48 610.535 1059.52 612.23}	POLY1	Connectivity	Open	Net VDD
56	0x7ff0a3e8bd60	{1074.08 610.535 1078.56 613.08}	POLY1	Connectivity	Open	Net VDD
57	0x7ff0a3e8bd90	{1061.2 610.44 1071.84 613.08}	POLY1	Connectivity	Open	Net VDD
58	0x7ff0e9afe5c0	{893.64 601.53 894.54 602.16}	MET1	Connectivity	UnConnectedPin	Net VDD Pin: u_core_u_fifo_mem_reg[26][46]/vddi; Direction: INOUT; Use: POWER;
59	0x7ff0e9afe650	{896.9 583.61 897.8 584.24}	MET1	Connectivity	UnConnectedPin	Net VDD Pin: u_core_u_fifo_mem_reg[27][32]/vddi; Direction: INOUT; Use: POWER;
60	0x7ff0e9aff760	{862.74 603.82 863.05 604.12}	MET1	Connectivity	UnConnectedPin	Net VDD Pin: u_core_g73783/vddi; Direction: INOUT; Use: POWER;
61	0x7ff0e9aff850	{843.83 559.02 844.14 559.32}	MET1	Connectivity	UnConnectedPin	Net VDD Pin: u_core_g73874/vddi; Direction: INOUT; Use: POWER;
62	0x7ff0e9affb20	{936.79 594.86 937.1 595.16}	MET1	Connectivity	UnConnectedPin	Net VDD Pin: u_core_g74808/vddi; Direction: INOUT; Use: POWER;
63	0x7ff0e9affc70	{880.66 603.82 880.97 604.12}	MET1	Connectivity	UnConnectedPin	Net VDD Pin: u_core_g74971/vddi; Direction: INOUT; Use: POWER;
64	0x7ff0e9affd00	{860.5 639.66 860.81 639.96}	MET1	Connectivity	UnConnectedPin	Net VDD Pin: u_core_g75138/vddi; Direction: INOUT; Use: POWER;
65	0x7ff0e9b49160	{962.64 593.2 966.0 594.0}	MET1	Connectivity	UnConnectedPin	Net VDD Pin: g9737/vddi; Direction: INOUT; Use: POWER;
66	0x7ff0e9b49190	{967.12 593.2 970.48 594.0}	MET1	Connectivity	UnConnectedPin	Net VDD Pin: g9740/vddi; Direction: INOUT; Use: POWER;
67	0x7ff0a3e8bac0	{847.28 663.72 869.12 666.36}	POLY1	Connectivity	Open	Net VDD
68	0x7ff0a3e8bb20	{881.44 636.84 885.92 639.385}	POLY1	Connectivity	Open	Net VDD
69	0x7ff0a3e8bb50	{839.44 655.24 880.32 657.88}	POLY1	Connectivity	Open	Net VDD
70	0x7ff0a3e8bb80	{882.0 645.8 914.48 648.44}	POLY1	Connectivity	Open	Net VDD
71	0x7ff0a3e8be50	{934.64 618.92 970.48 622.04}	POLY1	Connectivity	Open	Net VDD
72	0x7ff0a3e8cc50	{838.32 627.88 849.52 630.52}	POLY1	Connectivity	Open	Net VDD
73	0x7ff0a3e8baf0	{915.04 645.8 974.96 648.92}	POLY1	Connectivity	Open	Net VDD
74	0x7ff0a3e8bdf0	{938.0 601.0 976.64 604.12}	POLY1	Connectivity	Open	Net VDD
75	0x7ff0a3e8beb0	{937.44 609.96 982.8 613.08}	POLY1	Connectivity	Open	Net VDD
76	0x7ff0a3e8bf10	{962.08 574.695 974.96 577.24}	POLY1	Connectivity	Open	Net VDD
77	0x7ff0b699fc10	{1052.33 458.22 1052.62 458.8}	MET1	Connectivity	UnConnectedPin	Net VDD Pin: FE_OFC208_u_core_n_75790/vddi; Direction: INOUT; Use: POWER;
78	0x7ff0e9b37460	{1019.2 458.8 1023.68 459.6}	MET1	Connectivity	UnConnectedPin	Net VDD Pin: u_core_g44388/vddi; Direction: INOUT; Use: POWER;
79	0x7ff0e9b37490	{1090.46 459.6 1090.79 460.18}	MET1	Connectivity	UnConnectedPin	Net VDD Pin: u_core_g44413/vddi; Direction: INOUT; Use: POWER;
80	0x7ff0e9b374f0	{1083.78 440.3 1084.07 440.88}	MET1	Connectivity	UnConnectedPin	Net VDD Pin: u_core_g44420/vddi; Direction: INOUT; Use: POWER;
81	0x7ff0e9b379d0	{1076.88 440.88 1079.68 441.68}	MET1	Connectivity	UnConnectedPin	Net VDD Pin: u_core_g44928/vddi; Direction: INOUT; Use: POWER;
82	0x7ff0e9afe230	{1090.2 547.77 1091.1 548.4}	MET1	Connectivity	UnConnectedPin	Net VDD Pin: u_core_u_fifo_mem_reg[10][29]/vddi; Direction: INOUT; Use: POWER;
83	0x7ff0e9afe290	{1090.2 540.24 1091.1 540.87}	MET1	Connectivity	UnConnectedPin	Net VDD Pin: u_core_u_fifo_mem_reg[11][29]/vddi; Direction: INOUT; Use: POWER;
84	0x7ff0e9afe2f0	{1076.1 468.56 1077.0 469.19}	MET1	Connectivity	UnConnectedPin	Net VDD Pin: u_core_u_fifo_mem_reg[12][31]/vddi; Direction: INOUT; Use: POWER;
85	0x7ff0e9afe380	{1082.26 522.32 1083.16 522.95}	MET1	Connectivity	UnConnectedPin	Net VDD Pin: u_core_u_fifo_mem_reg[13][30]/vddi; Direction: INOUT; Use: POWER;
86	0x7ff0e9aff3d0	{1038.24 458.8 1042.72 459.6}	MET1	Connectivity	UnConnectedPin	Net VDD Pin: u_core_g71599/vddi; Direction: INOUT; Use: POWER;
87	0x7ff0e9aff790	{994.47 547.24 994.78 547.54}	MET1	Connectivity	UnConnectedPin	Net VDD Pin: u_core_g73793/vddi; Direction: INOUT; Use: POWER;
88	0x7ff0e9affbe0	{982.71 523.18 983.02 523.48}	MET1	Connectivity	UnConnectedPin	Net VDD Pin: u_core_g74926/vddi; Direction: INOUT; Use: POWER;
89	0x7ff0e9affc10	{986.5 457.64 986.81 457.94}	MET1	Connectivity	UnConnectedPin	Net VDD Pin: u_core_g74927/vddi; Direction: INOUT; Use: POWER;
90	0x7ff0e9affd30	{1058.87 502.44 1059.18 502.74}	MET1	Connectivity	UnConnectedPin	Net VDD Pin: u_core_g75147/vddi; Direction: INOUT; Use: POWER;
91	0x7ff0e9aec2c0	{985.94 523.18 986.25 523.48}	MET1	Connectivity	UnConnectedPin	Net VDD Pin: u_core_g75904/vddi; Direction: INOUT; Use: POWER;
92	0x7ff0e9aec2f0	{1002.18 541.1 1002.49 541.4}	MET1	Connectivity	UnConnectedPin	Net VDD Pin: u_core_g75907/vddi; Direction: INOUT; Use: POWER;
93	0x7ff0e9b49280	{980.56 458.8 983.92 459.6}	MET1	Connectivity	UnConnectedPin	Net VDD Pin: g9849/vddi; Direction: INOUT; Use: POWER;
94	0x7ff0e9b492b0	{993.44 467.76 996.8 468.56}	MET1	Connectivity	UnConnectedPin	Net VDD Pin: g9850/vddi; Direction: INOUT; Use: POWER;
95	0x7ff0e9b49760	{1024.24 458.22 1037.68 460.185}	POLY1	Connectivity	Open	Net VDD
96	0x7ff0a3e8c560	{997.36 547.72 1009.12 549.785}	POLY1	Connectivity	Open	Net VDD
97	0x7ff0a3e8c6e0	{1074.08 547.24 1080.24 549.785}	POLY1	Connectivity	Open	Net VDD
98	0x7ff0a3e8cd10	{990.08 520.36 1002.96 523.0}	POLY1	Connectivity	Open	Net VDD
99	0x7ff0a3e8cd70	{1005.76 520.935 1010.24 523.48}	POLY1	Connectivity	Open	Net VDD
100	0x7ff0a3e8cda0	{1023.68 511.725 1050.56 514.52}	POLY1	Connectivity	Open	Net VDD
101	0x7ff0a3e8ce30	{1028.16 520.36 1052.8 523.0}	POLY1	Connectivity	Open	Net VDD
102	0x7ff0a3e8ce90	{1074.64 520.935 1080.8 523.48}	POLY1	Connectivity	Open	Net VDD
103	0x7ff0a3e8cef0	{1055.04 520.36 1060.64 522.905}	POLY1	Connectivity	Open	Net VDD
104	0x7ff0a3e8cf20	{1051.68 511.88 1076.88 514.52}	POLY1	Connectivity	Open	Net VDD
105	0x7ff0e9aff820	{965.91 523.18 966.22 523.48}	MET1	Connectivity	UnConnectedPin	Net VDD Pin: u_core_g73857/vddi; Direction: INOUT; Use: POWER;
106	0x7ff0e9aedf70	{875.84 458.8 878.08 459.6}	MET1	Connectivity	UnConnectedPin	Net VDD Pin: g947/vddi; Direction: INOUT; Use: POWER;
107	0x7ff0e9aedfa0	{878.08 476.72 881.44 477.52}	MET1	Connectivity	UnConnectedPin	Net VDD Pin: g948/vddi; Direction: INOUT; Use: POWER;
108	0x7ff0e9b48020	{888.72 458.8 892.08 459.6}	MET1	Connectivity	UnConnectedPin	Net VDD Pin: g963/vddi; Direction: INOUT; Use: POWER;
109	0x7ff0e9b48050	{892.64 467.76 896.0 468.56}	MET1	Connectivity	UnConnectedPin	Net VDD Pin: g980/vddi; Direction: INOUT; Use: POWER;
110	0x7ff0e9b48080	{892.64 485.68 896.0 486.48}	MET1	Connectivity	UnConnectedPin	Net VDD Pin: g983/vddi; Direction: INOUT; Use: POWER;
111	0x7ff0e9b480b0	{890.4 494.64 893.76 495.44}	MET1	Connectivity	UnConnectedPin	Net VDD Pin: g985/vddi; Direction: INOUT; Use: POWER;
112	0x7ff0e9b488f0	{852.32 458.8 856.24 459.6}	MET1	Connectivity	UnConnectedPin	Net VDD Pin: g8930/vddi; Direction: INOUT; Use: POWER;
113	0x7ff0e9b48f20	{847.28 458.8 850.64 459.6}	MET1	Connectivity	UnConnectedPin	Net VDD Pin: g9511/vddi; Direction: INOUT; Use: POWER;
114	0x7ff0e9b48f50	{946.4 503.6 949.76 504.4}	MET1	Connectivity	UnConnectedPin	Net VDD Pin: g9513/vddi; Direction: INOUT; Use: POWER;
115	0x7ff0e9b49730	{881.44 422.28 896.0 424.17}	POLY1	Connectivity	Open	Net VDD
116	0x7ff0e9b49970	{879.2 440.47 883.12 442.09}	POLY1	Connectivity	Open	Net VDD
117	0x7ff0e9b49e20	{870.24 431.33 888.16 433.31}	POLY1	Connectivity	Open	Net VDD
118	0x7ff0e9b49e50	{880.88 494.05 889.28 496.025}	POLY1	Connectivity	Open	Net VDD
119	0x7ff0a3e8b100	{896.56 422.28 925.12 424.92}	POLY1	Connectivity	Open	Net VDD
120	0x7ff0a3e8b130	{848.96 440.2 876.4 442.63}	POLY1	Connectivity	Open	Net VDD
121	0x7ff0a3e8b160	{868.0 422.28 879.76 424.17}	POLY1	Connectivity	Open	Net VDD
122	0x7ff0a3e8b190	{889.84 440.2 921.76 442.36}	POLY1	Connectivity	Open	Net VDD
123	0x7ff0a3e8b5b0	{836.64 502.92 848.96 505.56}	POLY1	Connectivity	Open	Net VDD
124	0x7ff0a3e8cb00	{857.36 467.08 883.12 469.72}	POLY1	Connectivity	Open	Net VDD
125	0x7ff0a3e8cbf0	{860.72 511.4 938.56 514.52}	POLY1	Connectivity	Open	Net VDD
126	0x7ff0a3e8cc20	{853.44 485.095 878.08 487.16}	POLY1	Connectivity	Open	Net VDD
127	0x7ff0a3e8ccb0	{899.92 520.36 910.56 522.905}	POLY1	Connectivity	Open	Net VDD
128	0x7ff0a3e8cf50	{911.12 520.36 946.4 523.48}	POLY1	Connectivity	Open	Net VDD
129	0x7ff0a3e8d010	{948.64 520.36 960.4 523.0}	POLY1	Connectivity	Open	Net VDD
130	0x7ff0a3e8d430	{922.32 458.215 926.8 460.01}	POLY1	Connectivity	Open	Net VDD
131	0x7ff0a3e8d4c0	{901.04 457.64 915.04 460.28}	POLY1	Connectivity	Open	Net VDD
132	0x7ff0a3e8d520	{902.72 467.175 913.36 469.24}	POLY1	Connectivity	Open	Net VDD
133	0x7ff0a3e8cd40	{939.68 511.4 990.64 514.52}	POLY1	Connectivity	Open	Net VDD
134	0x7ff0a3e8cfb0	{967.68 520.84 978.88 523.48}	POLY1	Connectivity	Open	Net VDD
135	0x7ff0a3e8c410	{917.84 556.68 945.84 559.32}	POLY1	Connectivity	Open	Net VDD
136	0x7ff0a3e8c440	{879.2 556.2 916.16 559.32}	POLY1	Connectivity	Open	Net VDD
137	0x7ff0a3e8c4d0	{995.12 556.775 999.6 559.32}	POLY1	Connectivity	Open	Net VDD
138	0x7ff0a3e8c530	{966.56 556.2 994.0 558.84}	POLY1	Connectivity	Open	Net VDD
139	0x7ff0a3e8c590	{1011.92 556.2 1036.56 558.84}	POLY1	Connectivity	Open	Net VDD
140	0x7ff0a3e8c620	{1050.0 556.68 1061.2 559.32}	POLY1	Connectivity	Open	Net VDD
141	0x7ff0a3e8c680	{1061.76 556.775 1074.08 559.32}	POLY1	Connectivity	Open	Net VDD
142	0x7ff0a3e8c770	{946.96 556.68 957.6 559.32}	POLY1	Connectivity	Open	Net VDD
143	0x7ff0a3e8c7d0	{959.84 556.775 963.76 558.47}	POLY1	Connectivity	Open	Net VDD
144	0x7ff0e9afe1d0	{727.32 611.92 728.22 612.55}	MET1	Connectivity	UnConnectedPin	Net VDD Pin: u_core_u_fifo_mem_reg[8][43]/vddi; Direction: INOUT; Use: POWER;
145	0x7ff0e9aff9a0	{817.38 603.82 817.69 604.12}	MET1	Connectivity	UnConnectedPin	Net VDD Pin: u_core_g74589/vddi; Direction: INOUT; Use: POWER;
146	0x7ff0e9affaf0	{809.67 663.72 809.98 664.02}	MET1	Connectivity	UnConnectedPin	Net VDD Pin: u_core_g74773/vddi; Direction: INOUT; Use: POWER;
147	0x7ff0e9affe20	{726.23 693.42 726.54 693.72}	MET1	Connectivity	UnConnectedPin	Net VDD Pin: u_core_g75298/vddi; Direction: INOUT; Use: POWER;
148	0x7ff0e9aec260	{752.42 663.72 752.73 664.02}	MET1	Connectivity	UnConnectedPin	Net VDD Pin: u_core_g75878/vddi; Direction: INOUT; Use: POWER;
149	0x7ff0e9aec290	{744.58 675.5 744.89 675.8}	MET1	Connectivity	UnConnectedPin	Net VDD Pin: u_core_g75881/vddi; Direction: INOUT; Use: POWER;
150	0x7ff0e9aec440	{786.58 592.04 786.89 592.34}	MET1	Connectivity	UnConnectedPin	Net VDD Pin: u_core_g76064/vddi; Direction: INOUT; Use: POWER;
151	0x7ff0e9b48860	{822.64 584.24 826.0 585.04}	MET1	Connectivity	UnConnectedPin	Net VDD Pin: g8872/vddi; Direction: INOUT; Use: POWER;
152	0x7ff0e9b48b30	{814.24 584.24 817.6 585.04}	MET1	Connectivity	UnConnectedPin	Net VDD Pin: g9200/vddi; Direction: INOUT; Use: POWER;
153	0x7ff0e9b48b60	{787.36 682.8 790.72 683.6}	MET1	Connectivity	UnConnectedPin	Net VDD Pin: g9202/vddi; Direction: INOUT; Use: POWER;
154	0x7ff0e9b48b90	{714.0 584.24 717.36 585.04}	MET1	Connectivity	UnConnectedPin	Net VDD Pin: g9213/vddi; Direction: INOUT; Use: POWER;
155	0x7ff0a3e8b5e0	{785.68 646.28 818.16 648.92}	POLY1	Connectivity	Open	Net VDD
156	0x7ff0a3e8b610	{783.44 574.695 787.92 577.24}	POLY1	Connectivity	Open	Net VDD
157	0x7ff0a3e8b640	{717.36 574.12 781.76 577.24}	POLY1	Connectivity	Open	Net VDD
158	0x7ff0a3e8b670	{774.48 645.8 784.0 648.345}	POLY1	Connectivity	Open	Net VDD
159	0x7ff0a3e8b6a0	{796.32 655.335 800.8 657.88}	POLY1	Connectivity	Open	Net VDD
160	0x7ff0a3e8b820	{731.36 655.24 784.0 657.88}	POLY1	Connectivity	Open	Net VDD
TRUNCATED	max_marker_rows=160
MARKER_COUNT=161
MARKER_TABLE_END
