###############################################################
#  Generated by:      Cadence Innovus 22.33-s094_1
#  OS:                Linux x86_64(Host ID lyoelectrosrv01.in2p3.fr)
#  Generated on:      Fri Aug 28 14:52:01 2026
#  Design:            mptdc_axis_core
#  Command:           verifyConnectivity -type special -nets {VDD VSS} -report /sim/ksabra/SPADMIC_work/innovus/20260828_mptdc_free_pnr_macrostatefix_143954_u50/reports/postplace_pre_route_pg_topology_after_sroute_verify_special.rpt > /sim/ksabra/SPADMIC_work/innovus/20260828_mptdc_free_pnr_macrostatefix_143954_u50/reports/postplace_pre_route_pg_topology_after_sroute_verify_special.console.rpt
###############################################################
Verify Connectivity Report is created on Fri Aug 28 14:52:01 2026



Net VDD, Pin Pin: u_core_u_osc_fast_u_ro_tune4/VDD; Direction: INOUT; Use: POWER;: has an unconnected terminal at (41.019, 635.294) (43.049, 637.129)
Net VDD, Pin Pin: u_core_u_osc_slow_u_ro_tune4/VDD; Direction: INOUT; Use: POWER;: has an unconnected terminal at (41.011, 779.285) (43.041, 781.120)
Net VDD: has special routes with opens at (16.160, 16.160) (1096.560, 821.600)
Net VDD: dangling Wire at (40.780, 629.440) (40.780, 629.440) on layer: MET1
Net VDD: dangling Wire at (40.780, 638.400) (40.780, 638.400) on layer: MET1
Net VDD: dangling Wire at (40.780, 647.360) (40.780, 647.360) on layer: MET1
Net VDD: dangling Wire at (210.195, 656.320) (210.195, 656.320) on layer: MET1
Net VDD: dangling Wire at (210.195, 665.280) (210.195, 665.280) on layer: MET1
Net VDD: dangling Wire at (40.780, 665.280) (40.780, 665.280) on layer: MET1
Net VDD: dangling Wire at (210.195, 674.240) (210.195, 674.240) on layer: MET1
Net VDD: dangling Wire at (40.780, 674.240) (40.780, 674.240) on layer: MET1
Net VDD: dangling Wire at (210.195, 683.200) (210.195, 683.200) on layer: MET1
Net VDD: dangling Wire at (40.780, 683.200) (40.780, 683.200) on layer: MET1
Net VDD: dangling Wire at (40.780, 692.160) (40.780, 692.160) on layer: MET1
Net VDD: dangling Wire at (40.775, 728.000) (40.775, 728.000) on layer: MET1
Net VDD: dangling Wire at (40.775, 736.960) (40.775, 736.960) on layer: MET1
Net VDD: dangling Wire at (40.775, 745.920) (40.775, 745.920) on layer: MET1
Net VDD: dangling Wire at (210.190, 754.880) (210.190, 754.880) on layer: MET1
Net VDD: dangling Wire at (210.190, 763.840) (210.190, 763.840) on layer: MET1
Net VDD: dangling Wire at (40.775, 763.840) (40.775, 763.840) on layer: MET1
Net VDD: dangling Wire at (210.190, 772.800) (210.190, 772.800) on layer: MET1
Net VDD: dangling Wire at (40.775, 772.800) (40.775, 772.800) on layer: MET1
Net VDD: dangling Wire at (210.190, 781.760) (210.190, 781.760) on layer: MET1
Net VDD: dangling Wire at (40.775, 781.760) (40.775, 781.760) on layer: MET1
Net VDD: dangling Wire at (40.775, 790.720) (40.775, 790.720) on layer: MET1
Net VDD: dangling Wire at (212.360, 761.160) (212.360, 761.160) on layer: MET3
Net VDD: dangling Wire at (38.605, 761.160) (38.605, 761.160) on layer: MET3
Net VDD: dangling Wire at (212.365, 681.160) (212.365, 681.160) on layer: MET3
Net VDD: dangling Wire at (38.610, 681.160) (38.610, 681.160) on layer: MET3
Net VDD: dangling Wire at (201.160, 696.095) (201.160, 696.095) on layer: METTP
Net VDD: dangling Wire at (121.160, 795.620) (121.160, 795.620) on layer: METTP
Net VDD: dangling Wire at (41.160, 794.030) (41.160, 794.030) on layer: METTP
Net VDD: dangling Wire at (41.160, 696.095) (41.160, 696.095) on layer: METTP
Net VDD: dangling Wire at (41.160, 622.730) (41.160, 622.730) on layer: METTP
Net VSS, Pin Pin: u_core_u_osc_fast_u_ro_tune4/VSS; Direction: INOUT; Use: GROUND;: has an unconnected terminal at (41.024, 650.829) (42.704, 652.499)
Net VSS, Pin Pin: u_core_u_osc_slow_u_ro_tune4/VSS; Direction: INOUT; Use: GROUND;: has an unconnected terminal at (41.016, 763.915) (42.696, 765.585)
Net VSS: has special routes with opens at (13.160, 13.160) (1099.560, 824.600)
Net VSS: dangling Wire at (210.195, 633.920) (210.195, 633.920) on layer: MET1
Net VSS: dangling Wire at (210.195, 642.880) (210.195, 642.880) on layer: MET1
Net VSS: dangling Wire at (210.190, 732.480) (210.190, 732.480) on layer: MET1
Net VSS: dangling Wire at (210.190, 741.440) (210.190, 741.440) on layer: MET1
Net VSS: dangling Wire at (212.360, 765.160) (212.360, 765.160) on layer: MET3
Net VSS: dangling Wire at (38.605, 765.160) (38.605, 765.160) on layer: MET3
Net VSS: dangling Wire at (212.365, 685.160) (212.365, 685.160) on layer: MET3
Net VSS: dangling Wire at (38.610, 685.160) (38.610, 685.160) on layer: MET3
Net VSS: dangling Wire at (205.160, 795.620) (205.160, 795.620) on layer: METTP
Net VSS: dangling Wire at (125.160, 795.620) (125.160, 795.620) on layer: METTP
Net VSS: dangling Wire at (125.160, 720.320) (125.160, 720.320) on layer: METTP
Net VSS: dangling Wire at (125.160, 620.790) (125.160, 620.790) on layer: METTP

Begin Summary
    4 Problem(s) (IMPVFC-96): Terminal(s) are not connected.
    2 Problem(s) (IMPVFC-200): Special Wires: Pieces of the net are not connected together.
    43 Problem(s) (IMPVFC-94): The net has dangling wire(s).
    49 total info(s) created.
End Summary
