# MPTDC RO PG Hookup Status
RO_PG_HOOKUP_ENABLE=1
RO_PG_HOOKUP_REQUIRED=1
RO_PG_HOOKUP_SEARCH_UM=45.0
RO_PG_HOOKUP_MARGIN_UM=1.0
RO_PG_HOOKUP_SPACING_UM=2.0
RO_PG_HOOKUP_SET_DISTANCE_UM=5000.0
RO_PG_HOOKUP_PASS_MEANING=geometry_commands_created_not_connectivity_proof
RO_PG_HOOKUP_REQUIRED_DOWNSTREAM_PROOF=verifyConnectivity -type special -nets {VDD VSS}
RO_PG_PIN_SHAPE_COUNT=10
RO_PG_PIN_SHAPE_SOURCES=lef_orientation_fallback:MX=5 lef_orientation_fallback:R0=5

RO_PG_1_VDD_MET3_INST=u_core_u_osc_fast_u_ro_tune4
RO_PG_1_VDD_MET3_PIN=VDD
RO_PG_1_VDD_MET3_NET=VDD
RO_PG_1_VDD_MET3_PIN_LAYER=MET3
RO_PG_1_VDD_MET3_PIN_BOX=41.019 635.294 43.049 637.129
RO_PG_1_VDD_MET3_TARGET_STATUS=PASS
RO_PG_1_VDD_MET3_TARGET_SHAPE=stripe
RO_PG_1_VDD_MET3_TARGET_LAYER=MET3
RO_PG_1_VDD_MET3_TARGET_DISTANCE_UM=33.134
RO_PG_1_VDD_MET3_TARGET_BOX=16.16 600.16 1096.56 602.16
RO_PG_1_VDD_MET3_BRIDGE_DIRECTION=vertical
RO_PG_1_VDD_MET3_BRIDGE_AREA=41.034 599.160 43.034 637.129
RO_PG_1_VDD_MET3_BRIDGE_COORD=42.034
RO_PG_1_VDD_MET3_BRIDGE_WIDTH=2.0

COMMAND_RO_PG_1_VDD_MET3_PIN_LAYER=addStripe -nets VDD -layer MET3 -direction vertical -width 2.0 -spacing 2.0 -set_to_set_distance 5000.0 -start_from left -start_offset 42.034 -number_of_sets 1 -area {41.034 599.160 43.034 637.129}
RO_PG_1_VDD_MET3_PIN_LAYER_STATUS=PASS

RO_PG_2_VDD_MET2_INST=u_core_u_osc_fast_u_ro_tune4
RO_PG_2_VDD_MET2_PIN=VDD
RO_PG_2_VDD_MET2_NET=VDD
RO_PG_2_VDD_MET2_PIN_LAYER=MET2
RO_PG_2_VDD_MET2_PIN_BOX=41.019 635.294 43.049 637.129
RO_PG_2_VDD_MET2_TARGET_STATUS=PASS
RO_PG_2_VDD_MET2_TARGET_SHAPE=stripe
RO_PG_2_VDD_MET2_TARGET_LAYER=METTP
RO_PG_2_VDD_MET2_TARGET_DISTANCE_UM=12.564
RO_PG_2_VDD_MET2_TARGET_BOX=40.16 16.16 42.16 622.73
RO_PG_2_VDD_MET2_BRIDGE_DIRECTION=vertical
RO_PG_2_VDD_MET2_BRIDGE_AREA=41.034 15.160 43.034 637.129
RO_PG_2_VDD_MET2_BRIDGE_COORD=42.034
RO_PG_2_VDD_MET2_BRIDGE_WIDTH=0.8

COMMAND_RO_PG_2_VDD_MET2_PIN_LAYER=addStripe -nets VDD -layer MET2 -direction vertical -width 0.8 -spacing 2.0 -set_to_set_distance 5000.0 -start_from left -start_offset 42.034 -number_of_sets 1 -area {41.034 15.160 43.034 637.129}
RO_PG_2_VDD_MET2_PIN_LAYER_STATUS=PASS
RO_PG_2_VDD_MET2_TARGET_BRIDGE_COORD=42.034
RO_PG_2_VDD_MET2_TARGET_BRIDGE_WIDTH=2.0

COMMAND_RO_PG_2_VDD_MET2_TARGET_LAYER=addStripe -nets VDD -layer METTP -direction vertical -width 2.0 -spacing 2.0 -set_to_set_distance 5000.0 -start_from left -start_offset 42.034 -number_of_sets 1 -area {41.034 15.160 43.034 637.129}
RO_PG_2_VDD_MET2_TARGET_LAYER_STATUS=PASS

RO_PG_3_VDD_METTP_INST=u_core_u_osc_fast_u_ro_tune4
RO_PG_3_VDD_METTP_PIN=VDD
RO_PG_3_VDD_METTP_NET=VDD
RO_PG_3_VDD_METTP_PIN_LAYER=METTP
RO_PG_3_VDD_METTP_PIN_BOX=41.019 635.294 43.049 637.129
RO_PG_3_VDD_METTP_TARGET_STATUS=PASS
RO_PG_3_VDD_METTP_TARGET_SHAPE=stripe
RO_PG_3_VDD_METTP_TARGET_LAYER=METTP
RO_PG_3_VDD_METTP_TARGET_DISTANCE_UM=12.564
RO_PG_3_VDD_METTP_TARGET_BOX=40.16 16.16 42.16 622.73
RO_PG_3_VDD_METTP_BRIDGE_DIRECTION=vertical
RO_PG_3_VDD_METTP_BRIDGE_AREA=41.034 15.160 43.034 637.129
RO_PG_3_VDD_METTP_BRIDGE_COORD=42.034
RO_PG_3_VDD_METTP_BRIDGE_WIDTH=2.0

COMMAND_RO_PG_3_VDD_METTP_PIN_LAYER=addStripe -nets VDD -layer METTP -direction vertical -width 2.0 -spacing 2.0 -set_to_set_distance 5000.0 -start_from left -start_offset 42.034 -number_of_sets 1 -area {41.034 15.160 43.034 637.129}
RO_PG_3_VDD_METTP_PIN_LAYER_STATUS=PASS

RO_PG_4_VDD_MET1_INST=u_core_u_osc_fast_u_ro_tune4
RO_PG_4_VDD_MET1_PIN=VDD
RO_PG_4_VDD_MET1_NET=VDD
RO_PG_4_VDD_MET1_PIN_LAYER=MET1
RO_PG_4_VDD_MET1_PIN_BOX=41.019 635.294 42.844 637.129
RO_PG_4_VDD_MET1_TARGET_STATUS=PASS
RO_PG_4_VDD_MET1_TARGET_SHAPE=stripe
RO_PG_4_VDD_MET1_TARGET_LAYER=METTP
RO_PG_4_VDD_MET1_TARGET_DISTANCE_UM=12.564
RO_PG_4_VDD_MET1_TARGET_BOX=40.16 16.16 42.16 622.73
RO_PG_4_VDD_MET1_BRIDGE_DIRECTION=vertical
RO_PG_4_VDD_MET1_BRIDGE_AREA=40.931 15.160 42.931 637.129
RO_PG_4_VDD_MET1_BRIDGE_COORD=41.931
RO_PG_4_VDD_MET1_BRIDGE_WIDTH=0.8

COMMAND_RO_PG_4_VDD_MET1_PIN_LAYER=addStripe -nets VDD -layer MET1 -direction vertical -width 0.8 -spacing 2.0 -set_to_set_distance 5000.0 -start_from left -start_offset 41.931 -number_of_sets 1 -area {40.931 15.160 42.931 637.129}
RO_PG_4_VDD_MET1_PIN_LAYER_STATUS=PASS
RO_PG_4_VDD_MET1_TARGET_BRIDGE_COORD=41.931
RO_PG_4_VDD_MET1_TARGET_BRIDGE_WIDTH=2.0

COMMAND_RO_PG_4_VDD_MET1_TARGET_LAYER=addStripe -nets VDD -layer METTP -direction vertical -width 2.0 -spacing 2.0 -set_to_set_distance 5000.0 -start_from left -start_offset 41.931 -number_of_sets 1 -area {40.931 15.160 42.931 637.129}
RO_PG_4_VDD_MET1_TARGET_LAYER_STATUS=PASS

RO_PG_5_VSS_METTP_INST=u_core_u_osc_fast_u_ro_tune4
RO_PG_5_VSS_METTP_PIN=VSS
RO_PG_5_VSS_METTP_NET=VSS
RO_PG_5_VSS_METTP_PIN_LAYER=METTP
RO_PG_5_VSS_METTP_PIN_BOX=41.024 650.829 42.704 652.499
RO_PG_5_VSS_METTP_TARGET_STATUS=PASS
RO_PG_5_VSS_METTP_TARGET_SHAPE=ring
RO_PG_5_VSS_METTP_TARGET_LAYER=METTP
RO_PG_5_VSS_METTP_TARGET_DISTANCE_UM=25.864
RO_PG_5_VSS_METTP_TARGET_BOX=13.16 13.16 15.16 824.6
RO_PG_5_VSS_METTP_BRIDGE_DIRECTION=horizontal
RO_PG_5_VSS_METTP_BRIDGE_AREA=12.160 650.664 42.704 652.664
RO_PG_5_VSS_METTP_BRIDGE_COORD=651.664
RO_PG_5_VSS_METTP_BRIDGE_WIDTH=2.0

COMMAND_RO_PG_5_VSS_METTP_PIN_LAYER=addStripe -nets VSS -layer METTP -direction horizontal -width 2.0 -spacing 2.0 -set_to_set_distance 5000.0 -start_from bottom -start_offset 651.664 -number_of_sets 1 -area {12.160 650.664 42.704 652.664}
RO_PG_5_VSS_METTP_PIN_LAYER_STATUS=PASS

RO_PG_6_VDD_MET3_INST=u_core_u_osc_slow_u_ro_tune4
RO_PG_6_VDD_MET3_PIN=VDD
RO_PG_6_VDD_MET3_NET=VDD
RO_PG_6_VDD_MET3_PIN_LAYER=MET3
RO_PG_6_VDD_MET3_PIN_BOX=41.011 779.285 43.041 781.12
RO_PG_6_VDD_MET3_TARGET_STATUS=PASS
RO_PG_6_VDD_MET3_TARGET_SHAPE=stripe
RO_PG_6_VDD_MET3_TARGET_LAYER=MET3
RO_PG_6_VDD_MET3_TARGET_DISTANCE_UM=17.293
RO_PG_6_VDD_MET3_TARGET_BOX=16.16 760.16 38.605 762.16
RO_PG_6_VDD_MET3_BRIDGE_DIRECTION=vertical
RO_PG_6_VDD_MET3_BRIDGE_AREA=15.160 759.160 44.041 782.120
RO_PG_6_VDD_MET3_BRIDGE_COORD=42.026
RO_PG_6_VDD_MET3_BRIDGE_WIDTH=2.0

COMMAND_RO_PG_6_VDD_MET3_PIN_LAYER=addStripe -nets VDD -layer MET3 -direction vertical -width 2.0 -spacing 2.0 -set_to_set_distance 5000.0 -start_from left -start_offset 42.026 -number_of_sets 1 -area {15.160 759.160 44.041 782.120}
RO_PG_6_VDD_MET3_PIN_LAYER_STATUS=PASS

RO_PG_7_VDD_MET2_INST=u_core_u_osc_slow_u_ro_tune4
RO_PG_7_VDD_MET2_PIN=VDD
RO_PG_7_VDD_MET2_NET=VDD
RO_PG_7_VDD_MET2_PIN_LAYER=MET2
RO_PG_7_VDD_MET2_PIN_BOX=41.011 779.285 43.041 781.12
RO_PG_7_VDD_MET2_TARGET_STATUS=PASS
RO_PG_7_VDD_MET2_TARGET_SHAPE=stripe
RO_PG_7_VDD_MET2_TARGET_LAYER=METTP
RO_PG_7_VDD_MET2_TARGET_DISTANCE_UM=12.910
RO_PG_7_VDD_MET2_TARGET_BOX=40.16 794.03 42.16 821.6
RO_PG_7_VDD_MET2_BRIDGE_DIRECTION=vertical
RO_PG_7_VDD_MET2_BRIDGE_AREA=41.026 779.285 43.026 822.600
RO_PG_7_VDD_MET2_BRIDGE_COORD=42.026
RO_PG_7_VDD_MET2_BRIDGE_WIDTH=0.8

COMMAND_RO_PG_7_VDD_MET2_PIN_LAYER=addStripe -nets VDD -layer MET2 -direction vertical -width 0.8 -spacing 2.0 -set_to_set_distance 5000.0 -start_from left -start_offset 42.026 -number_of_sets 1 -area {41.026 779.285 43.026 822.600}
RO_PG_7_VDD_MET2_PIN_LAYER_STATUS=PASS
RO_PG_7_VDD_MET2_TARGET_BRIDGE_COORD=42.026
RO_PG_7_VDD_MET2_TARGET_BRIDGE_WIDTH=2.0

COMMAND_RO_PG_7_VDD_MET2_TARGET_LAYER=addStripe -nets VDD -layer METTP -direction vertical -width 2.0 -spacing 2.0 -set_to_set_distance 5000.0 -start_from left -start_offset 42.026 -number_of_sets 1 -area {41.026 779.285 43.026 822.600}
RO_PG_7_VDD_MET2_TARGET_LAYER_STATUS=PASS

RO_PG_8_VDD_METTP_INST=u_core_u_osc_slow_u_ro_tune4
RO_PG_8_VDD_METTP_PIN=VDD
RO_PG_8_VDD_METTP_NET=VDD
RO_PG_8_VDD_METTP_PIN_LAYER=METTP
RO_PG_8_VDD_METTP_PIN_BOX=41.011 779.285 43.041 781.12
RO_PG_8_VDD_METTP_TARGET_STATUS=PASS
RO_PG_8_VDD_METTP_TARGET_SHAPE=stripe
RO_PG_8_VDD_METTP_TARGET_LAYER=METTP
RO_PG_8_VDD_METTP_TARGET_DISTANCE_UM=12.910
RO_PG_8_VDD_METTP_TARGET_BOX=40.16 794.03 42.16 821.6
RO_PG_8_VDD_METTP_BRIDGE_DIRECTION=vertical
RO_PG_8_VDD_METTP_BRIDGE_AREA=41.026 779.285 43.026 822.600
RO_PG_8_VDD_METTP_BRIDGE_COORD=42.026
RO_PG_8_VDD_METTP_BRIDGE_WIDTH=2.0

COMMAND_RO_PG_8_VDD_METTP_PIN_LAYER=addStripe -nets VDD -layer METTP -direction vertical -width 2.0 -spacing 2.0 -set_to_set_distance 5000.0 -start_from left -start_offset 42.026 -number_of_sets 1 -area {41.026 779.285 43.026 822.600}
RO_PG_8_VDD_METTP_PIN_LAYER_STATUS=PASS

RO_PG_9_VDD_MET1_INST=u_core_u_osc_slow_u_ro_tune4
RO_PG_9_VDD_MET1_PIN=VDD
RO_PG_9_VDD_MET1_NET=VDD
RO_PG_9_VDD_MET1_PIN_LAYER=MET1
RO_PG_9_VDD_MET1_PIN_BOX=41.011 779.285 42.836 781.12
RO_PG_9_VDD_MET1_TARGET_STATUS=PASS
RO_PG_9_VDD_MET1_TARGET_SHAPE=stripe
RO_PG_9_VDD_MET1_TARGET_LAYER=METTP
RO_PG_9_VDD_MET1_TARGET_DISTANCE_UM=12.910
RO_PG_9_VDD_MET1_TARGET_BOX=40.16 794.03 42.16 821.6
RO_PG_9_VDD_MET1_BRIDGE_DIRECTION=vertical
RO_PG_9_VDD_MET1_BRIDGE_AREA=40.923 779.285 42.923 822.600
RO_PG_9_VDD_MET1_BRIDGE_COORD=41.923
RO_PG_9_VDD_MET1_BRIDGE_WIDTH=0.8

COMMAND_RO_PG_9_VDD_MET1_PIN_LAYER=addStripe -nets VDD -layer MET1 -direction vertical -width 0.8 -spacing 2.0 -set_to_set_distance 5000.0 -start_from left -start_offset 41.923 -number_of_sets 1 -area {40.923 779.285 42.923 822.600}
RO_PG_9_VDD_MET1_PIN_LAYER_STATUS=PASS
RO_PG_9_VDD_MET1_TARGET_BRIDGE_COORD=41.923
RO_PG_9_VDD_MET1_TARGET_BRIDGE_WIDTH=2.0

COMMAND_RO_PG_9_VDD_MET1_TARGET_LAYER=addStripe -nets VDD -layer METTP -direction vertical -width 2.0 -spacing 2.0 -set_to_set_distance 5000.0 -start_from left -start_offset 41.923 -number_of_sets 1 -area {40.923 779.285 42.923 822.600}
RO_PG_9_VDD_MET1_TARGET_LAYER_STATUS=PASS

RO_PG_10_VSS_METTP_INST=u_core_u_osc_slow_u_ro_tune4
RO_PG_10_VSS_METTP_PIN=VSS
RO_PG_10_VSS_METTP_NET=VSS
RO_PG_10_VSS_METTP_PIN_LAYER=METTP
RO_PG_10_VSS_METTP_PIN_BOX=41.016 763.915 42.696 765.585
RO_PG_10_VSS_METTP_TARGET_STATUS=PASS
RO_PG_10_VSS_METTP_TARGET_SHAPE=ring
RO_PG_10_VSS_METTP_TARGET_LAYER=METTP
RO_PG_10_VSS_METTP_TARGET_DISTANCE_UM=25.856
RO_PG_10_VSS_METTP_TARGET_BOX=13.16 13.16 15.16 824.6
RO_PG_10_VSS_METTP_BRIDGE_DIRECTION=horizontal
RO_PG_10_VSS_METTP_BRIDGE_AREA=12.160 763.750 42.696 765.750
RO_PG_10_VSS_METTP_BRIDGE_COORD=764.750
RO_PG_10_VSS_METTP_BRIDGE_WIDTH=2.0

COMMAND_RO_PG_10_VSS_METTP_PIN_LAYER=addStripe -nets VSS -layer METTP -direction horizontal -width 2.0 -spacing 2.0 -set_to_set_distance 5000.0 -start_from bottom -start_offset 764.750 -number_of_sets 1 -area {12.160 763.750 42.696 765.750}
RO_PG_10_VSS_METTP_PIN_LAYER_STATUS=PASS

RO_PG_HOOKUP_CREATED_STRIPE_COUNT=14
RO_PG_HOOKUP_SKIPPED_COUNT=0
RO_PG_HOOKUP_STATUS=PASS
