    Hinst Name                           Module Name                      Inst Count           Total Area
------------------------------------------------------------------------------------------------------
mptdc_top_asic                                                                 20010           546918.400
  u_core_gen_pd_row[0].gen_pd_col[0].u_pd mptdc_pd_cell_SAMPLE_DEPTH2              33              953.344
  u_core_gen_pd_row[0].gen_pd_col[1].u_pd mptdc_pd_cell_SAMPLE_DEPTH2_1449         28              852.992
  u_core_gen_pd_row[0].gen_pd_col[2].u_pd mptdc_pd_cell_SAMPLE_DEPTH2_1448         27              847.974
  u_core_gen_pd_row[0].gen_pd_col[3].u_pd mptdc_pd_cell_SAMPLE_DEPTH2_1447         26              830.413
  u_core_gen_pd_row[0].gen_pd_col[4].u_pd mptdc_pd_cell_SAMPLE_DEPTH2_1446         28              845.466
  u_core_gen_pd_row[0].gen_pd_col[5].u_pd mptdc_pd_cell_SAMPLE_DEPTH2_1445         27              842.957
  u_core_gen_pd_row[0].gen_pd_col[6].u_pd mptdc_pd_cell_SAMPLE_DEPTH2_1444         25              825.395
  u_core_gen_pd_row[0].gen_pd_col[7].u_pd mptdc_pd_cell_SAMPLE_DEPTH2_1443         27              840.448
  u_core_gen_pd_row[1].gen_pd_col[0].u_pd mptdc_pd_cell_SAMPLE_DEPTH2_1442         42             1056.205
  u_core_gen_pd_row[1].gen_pd_col[1].u_pd mptdc_pd_cell_SAMPLE_DEPTH2_1441         27              842.957
  u_core_gen_pd_row[1].gen_pd_col[2].u_pd mptdc_pd_cell_SAMPLE_DEPTH2_1440         30              865.536
  u_core_gen_pd_row[1].gen_pd_col[3].u_pd mptdc_pd_cell_SAMPLE_DEPTH2_1439         27              842.957
  u_core_gen_pd_row[1].gen_pd_col[4].u_pd mptdc_pd_cell_SAMPLE_DEPTH2_1438         31              873.062
  u_core_gen_pd_row[1].gen_pd_col[5].u_pd mptdc_pd_cell_SAMPLE_DEPTH2_1437         26              837.939
  u_core_gen_pd_row[1].gen_pd_col[6].u_pd mptdc_pd_cell_SAMPLE_DEPTH2_1436         29              858.010
  u_core_gen_pd_row[1].gen_pd_col[7].u_pd mptdc_pd_cell_SAMPLE_DEPTH2_1435         27              837.939
  u_core_gen_pd_row[2].gen_pd_col[0].u_pd mptdc_pd_cell_SAMPLE_DEPTH2_1434         35             1011.046
  u_core_gen_pd_row[2].gen_pd_col[1].u_pd mptdc_pd_cell_SAMPLE_DEPTH2_1433         24              815.360
  u_core_gen_pd_row[2].gen_pd_col[2].u_pd mptdc_pd_cell_SAMPLE_DEPTH2_1432         29              852.992
  u_core_gen_pd_row[2].gen_pd_col[3].u_pd mptdc_pd_cell_SAMPLE_DEPTH2_1431         26              830.413
  u_core_gen_pd_row[2].gen_pd_col[4].u_pd mptdc_pd_cell_SAMPLE_DEPTH2_1430         25              825.395
  u_core_gen_pd_row[2].gen_pd_col[5].u_pd mptdc_pd_cell_SAMPLE_DEPTH2_1429         26              830.413
  u_core_gen_pd_row[2].gen_pd_col[6].u_pd mptdc_pd_cell_SAMPLE_DEPTH2_1428         27              842.957
  u_core_gen_pd_row[2].gen_pd_col[7].u_pd mptdc_pd_cell_SAMPLE_DEPTH2_1427         24              817.869
  u_core_gen_pd_row[3].gen_pd_col[0].u_pd mptdc_pd_cell_SAMPLE_DEPTH2_1426         34             1003.520
  u_core_gen_pd_row[3].gen_pd_col[1].u_pd mptdc_pd_cell_SAMPLE_DEPTH2_1425         29              868.045
  u_core_gen_pd_row[3].gen_pd_col[2].u_pd mptdc_pd_cell_SAMPLE_DEPTH2_1424         30              860.518
  u_core_gen_pd_row[3].gen_pd_col[3].u_pd mptdc_pd_cell_SAMPLE_DEPTH2_1423         24              817.869
  u_core_gen_pd_row[3].gen_pd_col[4].u_pd mptdc_pd_cell_SAMPLE_DEPTH2_1422         27              840.448
  u_core_gen_pd_row[3].gen_pd_col[5].u_pd mptdc_pd_cell_SAMPLE_DEPTH2_1421         24              815.360
  u_core_gen_pd_row[3].gen_pd_col[6].u_pd mptdc_pd_cell_SAMPLE_DEPTH2_1420         24              815.360
  u_core_gen_pd_row[3].gen_pd_col[7].u_pd mptdc_pd_cell_SAMPLE_DEPTH2_1419         27              842.957
  u_core_gen_pd_row[4].gen_pd_col[0].u_pd mptdc_pd_cell_SAMPLE_DEPTH2_1418         37             1021.082
  u_core_gen_pd_row[4].gen_pd_col[1].u_pd mptdc_pd_cell_SAMPLE_DEPTH2_1417         26              830.413
  u_core_gen_pd_row[4].gen_pd_col[2].u_pd mptdc_pd_cell_SAMPLE_DEPTH2_1416         27              842.957
  u_core_gen_pd_row[4].gen_pd_col[3].u_pd mptdc_pd_cell_SAMPLE_DEPTH2_1415         30              860.518
  u_core_gen_pd_row[4].gen_pd_col[4].u_pd mptdc_pd_cell_SAMPLE_DEPTH2_1414         29              860.518
  u_core_gen_pd_row[4].gen_pd_col[5].u_pd mptdc_pd_cell_SAMPLE_DEPTH2_1413         26              835.430
  u_core_gen_pd_row[4].gen_pd_col[6].u_pd mptdc_pd_cell_SAMPLE_DEPTH2_1412         29              858.010
  u_core_gen_pd_row[4].gen_pd_col[7].u_pd mptdc_pd_cell_SAMPLE_DEPTH2_1411         28              852.992
  u_core_gen_pd_row[5].gen_pd_col[0].u_pd mptdc_pd_cell_SAMPLE_DEPTH2_1410         35              988.467
  u_core_gen_pd_row[5].gen_pd_col[1].u_pd mptdc_pd_cell_SAMPLE_DEPTH2_1409         27              845.466
  u_core_gen_pd_row[5].gen_pd_col[2].u_pd mptdc_pd_cell_SAMPLE_DEPTH2_1408         26              830.413
  u_core_gen_pd_row[5].gen_pd_col[3].u_pd mptdc_pd_cell_SAMPLE_DEPTH2_1407         26              835.430
  u_core_gen_pd_row[5].gen_pd_col[4].u_pd mptdc_pd_cell_SAMPLE_DEPTH2_1406         29              873.062
  u_core_gen_pd_row[5].gen_pd_col[5].u_pd mptdc_pd_cell_SAMPLE_DEPTH2_1405         28              845.466
  u_core_gen_pd_row[5].gen_pd_col[6].u_pd mptdc_pd_cell_SAMPLE_DEPTH2_1404         29              868.045
  u_core_gen_pd_row[5].gen_pd_col[7].u_pd mptdc_pd_cell_SAMPLE_DEPTH2_1403         28              845.466
  u_core_gen_pd_row[6].gen_pd_col[0].u_pd mptdc_pd_cell_SAMPLE_DEPTH2_1402         35             1036.134
  u_core_gen_pd_row[6].gen_pd_col[1].u_pd mptdc_pd_cell_SAMPLE_DEPTH2_1401         28              850.483
  u_core_gen_pd_row[6].gen_pd_col[2].u_pd mptdc_pd_cell_SAMPLE_DEPTH2_1400         26              830.413
  u_core_gen_pd_row[6].gen_pd_col[3].u_pd mptdc_pd_cell_SAMPLE_DEPTH2_1399         26              830.413
  u_core_gen_pd_row[6].gen_pd_col[4].u_pd mptdc_pd_cell_SAMPLE_DEPTH2_1398         26              845.466
  u_core_gen_pd_row[6].gen_pd_col[5].u_pd mptdc_pd_cell_SAMPLE_DEPTH2_1397         26              835.430
  u_core_gen_pd_row[6].gen_pd_col[6].u_pd mptdc_pd_cell_SAMPLE_DEPTH2_1396         27              840.448
  u_core_gen_pd_row[6].gen_pd_col[7].u_pd mptdc_pd_cell_SAMPLE_DEPTH2_1395         25              832.922
  u_core_gen_pd_row[7].gen_pd_col[0].u_pd mptdc_pd_cell_SAMPLE_DEPTH2_1394         34              970.906
  u_core_gen_pd_row[7].gen_pd_col[1].u_pd mptdc_pd_cell_SAMPLE_DEPTH2_1393         27              855.501
  u_core_gen_pd_row[7].gen_pd_col[2].u_pd mptdc_pd_cell_SAMPLE_DEPTH2_1392         24              815.360
  u_core_gen_pd_row[7].gen_pd_col[3].u_pd mptdc_pd_cell_SAMPLE_DEPTH2_1391         28              845.466
  u_core_gen_pd_row[7].gen_pd_col[4].u_pd mptdc_pd_cell_SAMPLE_DEPTH2_1390         27              842.957
  u_core_gen_pd_row[7].gen_pd_col[5].u_pd mptdc_pd_cell_SAMPLE_DEPTH2_1389         25              825.395
  u_core_gen_pd_row[7].gen_pd_col[6].u_pd mptdc_pd_cell_SAMPLE_DEPTH2_1388         26              837.939
  u_core_gen_pd_row[7].gen_pd_col[7].u_pd mptdc_pd_cell_SAMPLE_DEPTH2_1387         28              852.992
  u_core_u_osc_fast_u_stub               mptdc_osc_stub_NE8_1386                   2               45.158
  u_core_u_osc_slow_u_stub               mptdc_osc_stub_NE8                        3               32.614
  u_core_u_rst_drain_sync                mptdc_reset_sync_STAGES4                  4              230.810
  u_core_u_rst_fast_sync                 mptdc_reset_sync_STAGES2_1450             2              117.914
  u_core_u_rst_fifo_sync                 mptdc_reset_sync_STAGES3                  3              173.107
  u_core_u_rst_status_sync               mptdc_reset_sync_STAGES2                  2              115.405
  u_core_u_rst_tx_sync                   mptdc_reset_sync_STAGES5                  5              288.512
  u_core_u_rst_wdt_sync                  mptdc_reset_sync_STAGES6                  6              346.214
  u_rst_core_sync                        mptdc_reset_sync_STAGES4_1452             4              233.318
  u_rst_csr_sync                         mptdc_reset_sync_STAGES3_1451             3              173.107
