Updating ideal nets and annotations...
Clock tree spec update: Ideal nets, transition and delay annotations were updated to match active timing constraints.
Updating ideal nets and annotations done. (took cpu=0:00:00.0 real=0:00:00.0)
Clock tree timing engine global stage delay update for tc_corner:both.early...
Clock tree timing engine global stage delay update for tc_corner:both.early done. (took cpu=0:00:00.2 real=0:00:00.2)
Clock tree timing engine global stage delay update for tc_corner:both.late...
Clock tree timing engine global stage delay update for tc_corner:both.late done. (took cpu=0:00:00.1 real=0:00:00.1)

Clock DAG stats:
================

----------------------------------------------------------
Cell type                 Count    Area        Capacitance
----------------------------------------------------------
Buffers                    68      2839.962       2.308
Inverters                   0         0.000       0.000
Integrated Clock Gates      0         0.000       0.000
Discrete Clock Gates        0         0.000       0.000
Clock Logic                 0         0.000       0.000
All                        68      2839.962       2.308
----------------------------------------------------------

Clock DAG miscellaneous counts:
===============================

------------------------------
Type                     Count
------------------------------
Roots                      1
Preserved Ports            0
Multiple Clock Inputs      0
------------------------------


Clock DAG sink counts:
======================

-------------------------
Sink type           Count
-------------------------
Regular             3982
Enable Latch           0
Load Capacitance       0
Antenna Diode          0
Node Sink              0
Total               3982
-------------------------


Clock DAG wire lengths:
=======================

--------------------
Type     Wire Length
--------------------
Top           0.000
Trunk      5127.240
Leaf      51891.400
Total     57018.640
--------------------


Clock DAG hp wire lengths:
==========================

-----------------------
Type     hp Wire Length
-----------------------
Top            0.000
Trunk       2707.600
Leaf       13230.840
Total      15938.440
-----------------------


Clock DAG capacitances:
=======================

----------------------------------
Type     Gate      Wire     Total
----------------------------------
Top       0.000    0.000     0.000
Trunk     2.308    0.654     2.962
Leaf     17.916    7.268    25.184
Total    20.224    7.922    28.146
----------------------------------


Clock DAG sink capacitances:
============================

------------------------------------------------
Total     Average    Std. Dev.    Min      Max
------------------------------------------------
17.910     0.004       0.000      0.004    0.005
------------------------------------------------


Clock DAG net violations:
=========================

None


Clock DAG primary half-corner transition distribution:
======================================================

----------------------------------------------------------------------------------------------------------------------------------------------------------------
Net Type    Target    Count    Average    Std. Dev.    Min      Max      Distribution                                                                Over Target
----------------------------------------------------------------------------------------------------------------------------------------------------------------
Trunk       0.350       6       0.229       0.102      0.040    0.320    {1 <= 0.210ns, 3 <= 0.280ns, 0 <= 0.315ns, 2 <= 0.332ns, 0 <= 0.350ns}           -
Leaf        0.350      63       0.262       0.045      0.202    0.307    {20 <= 0.210ns, 5 <= 0.280ns, 38 <= 0.315ns, 0 <= 0.332ns, 0 <= 0.350ns}         -
----------------------------------------------------------------------------------------------------------------------------------------------------------------


Clock DAG library cell distribution:
====================================

------------------------------------------
Name         Type      Inst     Inst Area 
                       Count    (um^2)
------------------------------------------
BUJIHDX12    buffer     30       1505.280
BUJIHDX8     buffer     38       1334.682
------------------------------------------



Please note that the following tables reflect only the defined clock trees, so the flop counts might not include all flops in your design.

Clock Tree Summary:
===================

-----------------------------------------------------------------------------------------------------------------------
Clock Tree  Clock  Bufs  Invs  Other  Max       Max     Max      Max          Standard   Wire   Gate    Clock Tree Root
Name        Gates              Clock  Non-leaf  Leaf    Length   Source-sink  cell area  cap    cap     
                               Cells  Fanout    Fanout  (um)     Resistance   (um^2)     (pF)   (pF)    
                                                                 (Ohms)                                 
-----------------------------------------------------------------------------------------------------------------------
clk_sys       0     68    0      0       14       64    976.075    1995.84    2839.962   7.922  20.224  clk_sys
-----------------------------------------------------------------------------------------------------------------------

Clock Sink Summary:
===================

-------------------------------------------------------------------------------------------------------------------------------------------
Clock Tree  Explicit      Implicit      Explicit     Implicit     Explicit   Implicit   Posedge  Negedge  Memory  Enable  Non enable  Other
Name        exclude pins  exclude pins  ignore pins  ignore pins  stop pins  stop pins  Flops    Flops    Clock   Latch   Latch       Sinks
                                                                                                          Pins    Sinks   Sinks       
-------------------------------------------------------------------------------------------------------------------------------------------
clk_sys          0             0             0            0           0          0       3982       0       0       0         0         0
-------------------------------------------------------------------------------------------------------------------------------------------

Summary across all clock trees:
===============================

-------------------------------------------------------------------------------------------------------------
Clock  Bufs  Invs  Other  Max       Average   Max     Average  Max      Max          Standard   Wire   Gate
Gates              Clock  Non-leaf  Non-leaf  Leaf    Leaf     Length   Source-sink  cell area  cap    cap
                   Cells  Fanout    Fanout    Fanout  Fanout   (um)     Resistance   (um^2)     (pF)   (pF)
                                                                        (Ohms)                         
-------------------------------------------------------------------------------------------------------------
  0     68    0      0       14     11.3333     64    63.2063  976.075    199.584    2839.962   7.922  20.224
-------------------------------------------------------------------------------------------------------------

Clock Sink Summary across all clock trees:
==========================================

-------------------------------------------------------------------------------------------------------------------------------
Explicit      Implicit      Explicit     Implicit     Explicit   Implicit   Posedge  Negedge  Memory  Enable  Non enable  Other
exclude pins  exclude pins  ignore pins  ignore pins  stop pins  stop pins  Flops    Flops    Clock   Latch   Latch       Sinks
                                                                                              Pins    Sinks   Sinks       
-------------------------------------------------------------------------------------------------------------------------------
     0             0             0            0           0          0       3982       0       0       0         0         0
-------------------------------------------------------------------------------------------------------------------------------

Physical metrics across all clock trees:
========================================

-----------------------------------------------------------------------
Metric                               Minimum  Average  Maximum  Std.dev
-----------------------------------------------------------------------
Source-sink routed net length (um)   103.040  203.706  976.075  122.914
Source-sink manhattan distance (um)   99.450  191.417  974.680  121.294
Source-sink resistance (Ohm)          46.587   68.859  199.584   23.148
-----------------------------------------------------------------------

Transition distribution for half-corner tc_corner:both.late:
============================================================

----------------------------------------------------------------------------------------------------------------------------------------------------------------
Net Type    Target    Count    Average    Std. Dev.    Min      Max      Distribution                                                                Over Target
----------------------------------------------------------------------------------------------------------------------------------------------------------------
Trunk       0.350       6       0.229       0.102      0.040    0.320    {1 <= 0.210ns, 3 <= 0.280ns, 0 <= 0.315ns, 2 <= 0.332ns, 0 <= 0.350ns}           -
Leaf        0.350      63       0.262       0.045      0.202    0.307    {20 <= 0.210ns, 5 <= 0.280ns, 38 <= 0.315ns, 0 <= 0.332ns, 0 <= 0.350ns}         -
----------------------------------------------------------------------------------------------------------------------------------------------------------------

Count of violations across all clock trees:
===========================================

---------------------------------------------------------------------------------------
Clock Tree  # Max capacitance  # Max resistance  # Max length  # Max fanout  # Slew
Name        violations         violations        violations    violations    violations
---------------------------------------------------------------------------------------
clk_sys             0                 0               0             0            0
---------------------------------------------------------------------------------------
Total               0                 0               0             0            0
---------------------------------------------------------------------------------------

Note the above table per clock tree is based on CCOpt clock tree view. The violations are counted across half corners.

Found a total of 0 clock tree pins with max capacitance violations.
Found a total of 0 clock tree nets with max resistance violations.
Found a total of 0 clock tree nets with max length violations.
Found a total of 0 clock tree nets with max fanout violations.
Found a total of 0 clock tree pins with a slew violation.

Report for clock tree: clk_sys:
===============================

Clock Tree Gating Structure (Logical):

# Full cycle clock gates   : 0
Minimum clock gating depth : 0
Maximum clock gating depth : 0
Clock gate area (um^2)     : 0.000

Clock Tree Buffering Structure (Logical):

# Buffers             :   68
# Inverters           :    0
  Total               :   68
Minimum depth         :    2
Maximum depth         :    2
Buffering area (um^2) : 2839.962

Clock Tree Level Structure (Logical):

-----------------------------------------------------------------
Level  Full   Posedge  Negedge  Memory  Enable  Non enable  Other
       Cycle  Flops    Flops    Clock   Latch   Latch       Sinks
                                Pins    Sinks   Sinks       
-----------------------------------------------------------------
root     0     3982       0       0       0         0         0
-----------------------------------------------------------------
Total    0     3982       0       0       0         0         0
-----------------------------------------------------------------

Target and measured clock slews (in ns):

-------------------------------------------------------------------------------------------------------------------------------
Timing Corner         Worst Rising  Worst Falling  Worst Rising  Worst Falling  Leaf Slew    Leaf Slew  Trunk Slew   Trunk Slew
                      Leaf Slew     Leaf Slew      Trunk Slew    Trunk Slew     Target Type  Target     Target Type  Target
-------------------------------------------------------------------------------------------------------------------------------
tc_corner:both.early     0.243          0.170         0.234          0.165      ignored          -      ignored          -
tc_corner:both.late      0.307          0.227         0.320          0.246      explicit      0.350     explicit      0.350
-------------------------------------------------------------------------------------------------------------------------------

* - indicates that target was not met.

auto extracted - target was extracted from SDC.
auto computed - target was computed when balancing trees.


