# MPTDC Block PG Pin Status
BLOCK_PG_PIN_ENABLE=1
BLOCK_PG_PIN_LAYER=METTP
BLOCK_PG_PIN_STYLE=ring_aligned_vdd_vss_pair
BLOCK_PG_PIN_WIDTH_UM=4.0
BLOCK_PG_PIN_DEPTH_UM=28.0
BLOCK_PG_PIN_OUTSIDE_OVERLAP_UM=8.0
BLOCK_PG_PIN_MESH_ALIGNED=1
BLOCK_PG_RING_WIDTH_UM=2.0
BLOCK_PG_RING_SPACING_UM=1.0
BLOCK_PG_RING_OFFSET_UM=2.0
BLOCK_PG_STRIPE_WIDTH_UM=2.0
BLOCK_PG_STRIPE_SPACING_UM=2.0
BLOCK_PG_STRIPE_PITCH_UM=80.0
BLOCK_PG_STRIPE_START_OFFSET_UM=20.0
CORE_BBOX=20.16 20.16 1148.56 862.4
BLOCK_PG_PIN_REQUESTED_COUNT=2

BLOCK_PG_PIN_NET=VDD
BLOCK_PG_PIN_NAME=VDD
BLOCK_PG_PIN_SIDE=LEFT
BLOCK_PG_PIN_LAYER_EFFECTIVE=METTP
BLOCK_PG_PIN_Y_FRACTION=0.50
BLOCK_PG_PIN_RECT=16.160 439.160 18.160 443.160
BLOCK_PG_PIN_VDD_CREATE_MODE=geom
BLOCK_PG_PIN_VDD_EDITPIN_FALLBACK=DISABLED
BLOCK_PG_PIN_VDD_COMMAND=createPGPin VDD -net VDD -geom METTP 16.160 439.160 18.160 443.160 -dir bidi
BLOCK_PG_PIN_VDD_CREATE_STATUS=PASS
BLOCK_PG_PIN_VDD_CREATE_COMMAND=createPGPin VDD -net VDD -geom METTP 16.160 439.160 18.160 443.160 -dir bidi
BLOCK_PG_PIN_VDD_VERIFY_STATUS=PASS
BLOCK_PG_PIN_VDD_VERIFY_SOURCE=dbGet top.pgTerms.name
BLOCK_PG_PIN_VDD_VERIFY_DETAIL=VDD

BLOCK_PG_PIN_NET=VSS
BLOCK_PG_PIN_NAME=VSS
BLOCK_PG_PIN_SIDE=RIGHT
BLOCK_PG_PIN_LAYER_EFFECTIVE=METTP
BLOCK_PG_PIN_Y_FRACTION=0.50
BLOCK_PG_PIN_RECT=1153.560 443.160 1155.560 447.160
BLOCK_PG_PIN_VSS_CREATE_MODE=geom
BLOCK_PG_PIN_VSS_EDITPIN_FALLBACK=DISABLED
BLOCK_PG_PIN_VSS_COMMAND=createPGPin VSS -net VSS -geom METTP 1153.560 443.160 1155.560 447.160 -dir bidi
BLOCK_PG_PIN_VSS_CREATE_STATUS=PASS
BLOCK_PG_PIN_VSS_CREATE_COMMAND=createPGPin VSS -net VSS -geom METTP 1153.560 443.160 1155.560 447.160 -dir bidi
BLOCK_PG_PIN_VSS_VERIFY_STATUS=PASS
BLOCK_PG_PIN_VSS_VERIFY_SOURCE=dbGet top.pgTerms.name
BLOCK_PG_PIN_VSS_VERIFY_DETAIL=VDD VSS
BLOCK_PG_PIN_STATUS=PASS
