*** timeDesign #4 [begin] : totSession cpu/real = 0:09:09.5/0:10:30.7 (0.9), mem = 2754.8M
Start to check current routing status for nets...
All nets are already routed correctly.
End to check current routing status for nets (mem=2741.2M)
OPTC: user 20.0
Starting delay calculation for Hold views
AAE_INFO: opIsDesignInPostRouteState() is 0
#################################################################################
# Design Stage: PreRoute
# Design Name: mptdc_axis_core
# Design Mode: 180nm
# Analysis Mode: MMMC Non-OCV 
# Parasitics Mode: No SPEF/RCDB 
# Signoff Settings: SI Off 
#################################################################################
Calculate delays in Single mode...
Start delay calculation (fullDC) (1 T). (MEM=2761.78)
Total number of fetched objects 14919
AAE_INFO: Total number of nets for which stage creation was skipped for all views 0
End delay calculation. (MEM=2795.48 CPU=0:00:02.4 REAL=0:00:02.0)
End delay calculation (fullDC). (MEM=2795.48 CPU=0:00:02.9 REAL=0:00:03.0)
*** Done Building Timing Graph (cpu=0:00:03.6 real=0:00:04.0 totSessionCpu=0:09:14 mem=2795.5M)

------------------------------------------------------------------
          timeDesign Summary
------------------------------------------------------------------

Hold views included:
 TC_NOMINAL 

+--------------------+---------+---------+---------+
|     Hold mode      |   all   | reg2reg | default |
+--------------------+---------+---------+---------+
|           WNS (ns):| -0.110  |  0.143  | -0.110  |
|           TNS (ns):| -1.219  |  0.000  | -1.219  |
|    Violating Paths:|   22    |    0    |   22    |
|          All Paths:|  4886   |  4862   |  2188   |
+--------------------+---------+---------+---------+

Density: 43.334%
Routing Overflow: 0.62% H and 0.06% V
------------------------------------------------------------------
Reported timing to dir ./timingReports
Total CPU time: 4.82 sec
Total Real time: 5.0 sec
Total Memory Usage: 2717.960938 Mbytes
