STEP=PHYSICAL_PNR
PNR_RC=1
ROUTE_STATUS=FAIL
INNOVUS_VERIFY_DRC_STATUS=FAIL
GEOMETRY_DRC_VIOLATIONS=3
SHORTS=1
REGULAR_NET_CONNECTIVITY_BAD=0
SPECIAL_NET_CONNECTIVITY_BAD=1
SPECIAL_NET_CONNECTIVITY_RAW_BAD=1
SPECIAL_NET_CONNECTIVITY_NON_RO_FAILURES=0
UNROUTED_NETS=UNKNOWN
signal_top_layer=MET3
router_command_top_layer=METTP
ROUTE_COMMAND_STATUS=PASS
SIGNAL_TOP_ROUTE_BLOCKAGE_TEMPORARY=1
SIGNAL_TOP_ROUTE_BLOCKAGE_CREATE_STATUS=PASS
SIGNAL_TOP_ROUTE_BLOCKAGE_REMOVE_STATUS=PASS
SIGNAL_TOP_ROUTE_BLOCKAGE_STATUS=REMOVED
PRE_ROUTE_SROUTE_STATUS=PASS
PRE_ROUTE_DANGLING_MODE=PNR_LEF_ONE_MARKER_CONTINUATION
PRE_ROUTE_DANGLING_ONLY_STATUS=DANGLING_ONLY
PRE_ROUTE_DANGLING_COUNT=35
PRE_ROUTE_DANGLING_MAX=35
PRE_ROUTE_DANGLING_FATAL_COUNT=0
PRE_ROUTE_PG_CROSS_NET_SHORT_COUNT=0
PNR_LEF_REQUESTED=/sim/ksabra/SPADMIC_work/lef/RO_tune6_pnr_pin_access_tempblk_met3_20260824_151753.lef
PNR_LEF_SUMMARY=/sim/ksabra/SPADMIC_work/lef/RO_tune6_pnr_pin_access_tempblk_met3_20260824_151753.summary.txt
PNR_LEF_SUMMARY_BINDING_STATUS=PASS
PNR_LEF_ACTUAL=/sim/ksabra/SPADMIC_work/lef/RO_tune6_pnr_pin_access_tempblk_met3_20260824_151753.lef
PNR_LEF_PATH_MATCH_STATUS=PASS
PNR_LEF_EVIDENCE_STATUS=PASS
PNR_LEF_REQUESTED_SHA256=6788f856561a3e8c002dc7f2536ac338b16fc76b56aaae9d2062f4dccfec8469
PNR_LEF_ACTUAL_SHA256=6788f856561a3e8c002dc7f2536ac338b16fc76b56aaae9d2062f4dccfec8469
PNR_LEF_GATE_STATUS=PASS
IO_PIN_PLACEMENT_STATUS=OK
ro_slow_tap0_o_SOUTH_MET3_PLAN_COUNT=1
ro_fast_tap0_o_SOUTH_MET3_PLAN_COUNT=1
ro_slow_tap0_o_COUNT=1
ro_fast_tap0_o_COUNT=1
RO_TAP_OBSERVABILITY_PIN_COUNT=2
DECISION=FAIL_STOP
