mptdc_axis_core 1000
R1M2P1
6 6 4 Aug 27 15:15:02 2026
Rule File Pathname: /sim/ksabra/SPADMIC_work/innovus/20260827_mptdc_bufftap0_physical_source_vddfix_151123/pvs_drc/mptdc_axis_core_merged_base_script/.config.rul
Rule File Title:  " XH018 PVS DRC/LVS File v10.1.1 : MET3 / METMID "
"Maximum ratio of MET2 area to connected GATE area ... 400"
"(gate output)"
p 1 4
58760 178325
58940 178325
58940 179045
58760 179045
p 2 4
61310 171040
61490 171040
61490 173815
61310 173815
p 3 4
58865 175220
59285 175220
59285 175400
58865 175400
p 4 4
82710 178325
82890 178325
82890 179045
82710 179045
p 5 4
85260 171040
85440 171040
85440 173815
85260 173815
p 6 4
82815 175220
83235 175220
83235 175400
82815 175400
R2M2P1
7 7 4 Aug 27 15:15:02 2026
Rule File Pathname: /sim/ksabra/SPADMIC_work/innovus/20260827_mptdc_bufftap0_physical_source_vddfix_151123/pvs_drc/mptdc_axis_core_merged_base_script/.config.rul
Rule File Title:  " XH018 PVS DRC/LVS File v10.1.1 : MET3 / METMID "
"Maximum ratio of MET2 area to connected GATE area ... 400"
"(met2 output)"
p 1 32
649180 91420
649740 91420
649740 41350
649220 41350
649220 40970
650020 40970
650020 91700
649460 91700
649460 103740
650020 103740
650020 124740
649460 124740
649460 130620
650020 130620
650020 137620
649460 137620
649460 153580
650020 153580
650020 193850
650540 193850
650540 194230
649740 194230
649740 153860
649180 153860
649180 137340
649740 137340
649740 130900
649180 130900
649180 124460
649740 124460
649740 104020
649180 104020
p 2 8
113540 158060
113820 158060
113820 152970
114100 152970
114100 158340
113820 158340
113820 160490
113540 160490
p 3 22
116060 159180
116620 159180
116620 154140
118300 154140
118300 133700
117740 133700
117740 60340
117180 60340
117180 40970
117980 40970
117980 41350
117460 41350
117460 60060
118020 60060
118020 133420
118580 133420
118580 154420
116900 154420
116900 159460
116340 159460
116340 160045
116060 160045
p 4 8
126180 152970
126700 152970
126700 39850
127500 39850
127500 40230
126980 40230
126980 153350
126180 153350
p 5 24
641900 83580
642460 83580
642460 40230
641940 40230
641940 39850
642740 39850
642740 83860
642180 83860
642180 94780
642740 94780
642740 133700
642180 133700
642180 142940
642740 142940
642740 160810
643260 160810
643260 161190
642460 161190
642460 143220
641900 143220
641900 133420
642460 133420
642460 95060
641900 95060
p 6 14
59485 174290
59865 174290
59865 174420
61170 174420
61170 169910
61350 169910
61350 162445
61630 162445
61630 174985
61170 174985
61170 174700
59865 174700
59865 175090
59485 175090
p 7 14
83435 174290
83815 174290
83815 174420
85120 174420
85120 169910
85300 169910
85300 164870
85580 164870
85580 174985
85120 174985
85120 174700
83815 174700
83815 175090
83435 175090
R1M3P1
68 68 4 Aug 27 15:15:02 2026
Rule File Pathname: /sim/ksabra/SPADMIC_work/innovus/20260827_mptdc_bufftap0_physical_source_vddfix_151123/pvs_drc/mptdc_axis_core_merged_base_script/.config.rul
Rule File Title:  " XH018 PVS DRC/LVS File v10.1.1 : MET3 / METMID "
"Maximum ratio of MET3 area to connected GATE area ... 400"
"(gate output)"
p 1 8
715740 450900
715920 450900
715920 451220
716020 451320
716020 452310
715840 452310
715840 451440
715740 451340
p 2 4
789310 537770
789490 537770
789490 539180
789310 539180
p 3 4
789310 536020
789490 536020
789490 536910
789310 536910
p 4 4
791350 537770
791530 537770
791530 539180
791350 539180
p 5 4
791600 536020
791780 536020
791780 536910
791600 536910
p 6 4
688370 278270
688550 278270
688550 278990
688370 278990
p 7 4
688370 276650
688550 276650
688550 277070
688370 277070
p 8 4
688370 273970
688550 273970
688550 274390
688370 274390
p 9 4
688370 272050
688550 272050
688550 272770
688370 272770
p 10 4
688370 265010
688550 265010
688550 265430
688370 265430
p 11 4
688370 263090
688550 263090
688550 263810
688370 263810
p 12 4
690610 269310
690790 269310
690790 270030
690610 270030
p 13 4
690610 267690
690790 267690
690790 268110
690610 268110
p 14 4
693410 291890
693590 291890
693590 292310
693410 292310
p 15 4
693410 289970
693590 289970
693590 290690
693410 290690
p 16 4
693410 278270
693590 278270
693590 278990
693410 278990
p 17 4
693410 276650
693590 276650
693590 277070
693410 277070
p 18 4
694530 256050
694710 256050
694710 256470
694530 256470
p 19 4
694530 254130
694710 254130
694710 254850
694530 254850
p 20 4
696890 265010
697070 265010
697070 265430
696890 265430
p 21 4
696890 263090
697070 263090
697070 263810
696890 263810
p 22 4
707970 278270
708150 278270
708150 278990
707970 278990
p 23 4
707970 276650
708150 276650
708150 277070
707970 277070
p 24 4
708530 273970
708710 273970
708710 274390
708530 274390
p 25 4
708530 272050
708710 272050
708710 272770
708530 272770
p 26 4
709650 265010
709830 265010
709830 265430
709650 265430
p 27 4
709650 263090
709830 263090
709830 263810
709650 263810
p 28 4
709650 260350
709830 260350
709830 261070
709650 261070
p 29 4
709650 258730
709830 258730
709830 259150
709650 259150
p 30 4
710210 251390
710390 251390
710390 252110
710210 252110
p 31 4
710210 249770
710390 249770
710390 250190
710210 250190
p 32 4
714650 424430
714830 424430
714830 425430
714650 425430
p 33 4
714690 305150
714870 305150
714870 305870
714690 305870
p 34 4
714690 303530
714870 303530
714870 303950
714690 303950
p 35 4
714690 291890
714870 291890
714870 292310
714690 292310
p 36 4
714690 289970
714870 289970
714870 290690
714690 290690
p 37 4
714690 287230
714870 287230
714870 287950
714690 287950
p 38 4
714690 285610
714870 285610
714870 286030
714690 286030
p 39 4
714960 426290
715140 426290
715140 427180
714960 427180
p 40 4
715200 406100
715380 406100
715380 406760
715200 406760
p 41 4
715570 408840
715750 408840
715750 409260
715570 409260
p 42 4
715750 453170
715930 453170
715930 454060
715750 454060
p 43 4
715785 420010
715965 420010
715965 420430
715785 420430
p 44 4
715790 421465
715970 421465
715970 422170
715790 422170
p 45 4
716220 417330
716400 417330
716400 418220
716220 418220
p 46 4
716505 420010
716685 420010
716685 420430
716505 420430
p 47 4
716510 421465
716690 421465
716690 422170
716510 422170
p 48 4
716510 415460
716690 415460
716690 416470
716510 416470
p 49 4
723600 406100
723780 406100
723780 406760
723600 406760
p 50 4
723970 408840
724150 408840
724150 409260
723970 409260
p 51 4
724180 419540
724360 419540
724360 420430
724180 420430
p 52 4
724320 415470
724500 415470
724500 416470
724320 416470
p 53 4
724380 417330
724560 417330
724560 418220
724380 418220
p 54 4
724420 421290
724600 421290
724600 422700
724420 422700
p 55 4
730320 406100
730500 406100
730500 406760
730320 406760
p 56 4
730690 408840
730870 408840
730870 409260
730690 409260
p 57 4
735920 406100
736100 406100
736100 406760
735920 406760
p 58 4
735960 428970
736140 428970
736140 429390
735960 429390
p 59 4
736160 412540
736340 412540
736340 413170
736160 413170
p 60 4
736160 411050
736340 411050
736340 411470
736160 411470
p 61 4
736225 430250
736405 430250
736405 430970
736225 430970
p 62 4
736290 408840
736470 408840
736470 409260
736290 409260
p 63 4
736680 430250
736860 430250
736860 430970
736680 430970
p 64 4
736680 428970
736860 428970
736860 429390
736680 429390
p 65 4
737135 430250
737315 430250
737315 430970
737135 430970
p 66 4
737280 428500
737460 428500
737460 428920
737280 428920
p 67 4
739280 419540
739460 419540
739460 420430
739280 420430
p 68 4
739340 421290
739520 421290
739520 422290
739340 422290
R2M3P1
55 55 4 Aug 27 15:15:02 2026
Rule File Pathname: /sim/ksabra/SPADMIC_work/innovus/20260827_mptdc_bufftap0_physical_source_vddfix_151123/pvs_drc/mptdc_axis_core_merged_base_script/.config.rul
Rule File Title:  " XH018 PVS DRC/LVS File v10.1.1 : MET3 / METMID "
"Maximum ratio of MET3 area to connected GATE area ... 400"
"(met3 output)"
p 1 44
791370 538300
793100 538300
793100 537740
801220 537740
801220 538860
816900 538860
816900 539980
827260 539980
827260 539140
838460 539140
838460 538860
848260 538860
848260 539140
855260 539140
855260 538860
865620 538860
865620 539420
874300 539420
874300 538860
876260 538860
876260 539420
902070 539420
902070 539700
875980 539700
875980 539140
874580 539140
874580 539700
865340 539700
865340 539140
855540 539140
855540 539420
847980 539420
847980 539140
838740 539140
838740 539420
827540 539420
827540 540260
816620 540260
816620 539140
800940 539140
800940 538020
793380 538020
793380 538580
791370 538580
p 2 30
901690 561260
976780 561260
976780 560700
985460 560700
985460 561260
1010940 561260
1010940 560980
1037540 560980
1037540 561260
1053220 561260
1053220 561820
1082620 561820
1082620 561260
1157530 561260
1157530 561640
1157050 561640
1157050 561540
1082900 561540
1082900 562100
1052940 562100
1052940 561540
1037260 561540
1037260 561260
1011220 561260
1011220 561540
985180 561540
985180 560980
977060 560980
977060 561540
901690 561540
p 3 10
1145850 819420
1154860 819420
1154860 818300
1158650 818300
1158650 818680
1158170 818680
1158170 818580
1155140 818580
1155140 819700
1145850 819700
p 4 10
1143050 630140
1155140 630140
1155140 631260
1158170 631260
1158170 631160
1158650 631160
1158650 631540
1154860 631540
1154860 630420
1143050 630420
p 5 12
688330 276780
706860 276780
706860 276220
713300 276220
713300 276780
724550 276780
724550 277060
713020 277060
713020 276500
707140 276500
707140 277060
688330 277060
p 6 12
716330 415100
718340 415100
718340 415660
728700 415660
728700 415100
730710 415100
730710 415380
728980 415380
728980 415940
718060 415940
718060 415380
716330 415380
p 7 12
717450 429100
723380 429100
723380 429660
732060 429660
732060 429100
736310 429100
736310 429380
732340 429380
732340 429940
723100 429940
723100 429380
717450 429380
p 8 16
695610 228060
722820 228060
722820 228620
738220 228620
738220 228060
743540 228060
743540 228620
745270 228620
745270 228900
743260 228900
743260 228340
738500 228340
738500 228900
722540 228900
722540 228340
695610 228340
p 9 20
712970 232540
714980 232540
714980 233100
722540 233100
722540 232540
731220 232540
731220 233660
748860 233660
748860 232540
750870 232540
750870 232820
749140 232820
749140 233940
730940 233940
730940 232820
722820 232820
722820 233380
714700 233380
714700 232820
712970 232820
p 10 12
710730 230300
741860 230300
741860 230860
747740 230860
747740 230300
752550 230300
752550 230580
748020 230580
748020 231140
741580 231140
741580 230580
710730 230580
p 11 24
692250 229740
709660 229740
709660 229180
721140 229180
721140 229460
742980 229460
742980 229740
746620 229740
746620 229180
753620 229180
753620 229740
755350 229740
755350 230020
753340 230020
753340 229460
746900 229460
746900 230020
742700 230020
742700 229740
720860 229740
720860 229460
709940 229460
709940 230020
692250 230020
p 12 40
696170 265020
700140 265020
700140 264460
707420 264460
707420 263900
714420 263900
714420 264740
721980 264740
721980 263900
732900 263900
732900 265020
750260 265020
750260 265300
756700 265300
756700 265020
761180 265020
761180 263900
769300 263900
769300 265020
779990 265020
779990 265300
769020 265300
769020 264180
761460 264180
761460 265300
756980 265300
756980 265580
749980 265580
749980 265300
732620 265300
732620 264180
722260 264180
722260 265020
714140 265020
714140 264180
707700 264180
707700 264740
700420 264740
700420 265300
696170 265300
p 13 12
728090 211820
735980 211820
735980 211260
743540 211260
743540 211820
798470 211820
798470 212100
743260 212100
743260 211540
736260 211540
736260 212100
728090 212100
p 14 36
690010 231980
692020 231980
692020 232540
700140 232540
700140 231980
732900 231980
732900 232540
741020 232540
741020 231980
771540 231980
771540 232260
777980 232260
777980 231980
779660 231980
779660 231420
788900 231420
788900 231980
801270 231980
801270 232260
788620 232260
788620 231700
779940 231700
779940 232260
778260 232260
778260 232540
771260 232540
771260 232260
741300 232260
741300 232820
732620 232820
732620 232260
700420 232260
700420 232820
691740 232820
691740 232260
690010 232260
p 15 36
691690 225260
709940 225260
709940 225820
715260 225820
715260 225260
740740 225260
740740 225820
747180 225820
747180 225260
763700 225260
763700 225820
789180 225820
789180 225260
798700 225260
798700 224700
803460 224700
803460 225260
805190 225260
805190 225540
803180 225540
803180 224980
798980 224980
798980 225540
789460 225540
789460 226100
763420 226100
763420 225540
747460 225540
747460 226100
740460 226100
740460 225540
715540 225540
715540 226100
709660 226100
709660 225540
691690 225540
p 16 20
724170 401660
757260 401660
757260 401380
763140 401380
763140 401660
820820 401660
820820 401940
828940 401940
828940 401660
861750 401660
861750 401940
829220 401940
829220 402220
820540 402220
820540 401940
762860 401940
762860 401660
757540 401660
757540 401940
724170 401940
p 17 108
709610 295260
711620 295260
711620 295820
718620 295820
718620 295260
732340 295260
732340 295820
740460 295820
740460 295260
757820 295260
757820 294700
797300 294700
797300 294980
807100 294980
807100 294700
842380 294700
842380 294420
848540 294420
848540 293580
860020 293580
860020 294700
874300 294700
874300 294140
882420 294140
882420 294700
891100 294700
891100 294140
898660 294140
898660 294700
918820 294700
918820 295260
928620 295260
928620 294700
937020 294700
937020 294140
943460 294140
943460 294700
956620 294700
956620 294420
967260 294420
967260 294140
981540 294140
981540 294700
987420 294700
987420 294420
996100 294420
996100 294700
1008420 294700
1008420 295820
1017380 295820
1017380 296100
1026900 296100
1026900 296380
1028630 296380
1028630 296660
1026620 296660
1026620 296380
1017100 296380
1017100 296100
1008140 296100
1008140 294980
995820 294980
995820 294700
987700 294700
987700 294980
981260 294980
981260 294420
967540 294420
967540 294700
956900 294700
956900 294980
943180 294980
943180 294420
937300 294420
937300 294980
928900 294980
928900 295540
918540 295540
918540 294980
898380 294980
898380 294420
891380 294420
891380 294980
882140 294980
882140 294420
874580 294420
874580 294980
859740 294980
859740 293860
848820 293860
848820 294700
842660 294700
842660 294980
807380 294980
807380 295260
797020 295260
797020 294980
758100 294980
758100 295540
740740 295540
740740 296100
732060 296100
732060 295540
718900 295540
718900 296100
711340 296100
711340 295540
709610 295540
p 18 36
1028250 304220
1034180 304220
1034180 305340
1048460 305340
1048460 303660
1061620 303660
1061620 304220
1067500 304220
1067500 303660
1071420 303660
1071420 303100
1082900 303100
1082900 303660
1087660 303660
1087660 303100
1100260 303100
1100260 303660
1109270 303660
1109270 303940
1099980 303940
1099980 303380
1087940 303380
1087940 303940
1082620 303940
1082620 303380
1071700 303380
1071700 303940
1067780 303940
1067780 304500
1061340 304500
1061340 303940
1048740 303940
1048740 305620
1033900 305620
1033900 304500
1028250 304500
p 19 92
724170 320460
730660 320460
730660 321020
731500 321020
731500 320460
740180 320460
740180 321020
768180 321020
768180 321580
775180 321580
775180 321020
791420 321020
791420 320460
800100 320460
800100 320740
805700 320740
805700 321020
847420 321020
847420 320460
854420 320460
854420 321020
858340 321020
858340 321580
862540 321580
862540 321020
875700 321020
875700 321300
888860 321300
888860 321020
907900 321020
907900 320740
916580 320740
916580 321020
927500 321020
927500 320460
933380 320460
933380 321020
943460 321020
943460 321580
947660 321580
947660 321020
1089340 321020
1089340 320460
1098580 320460
1098580 321020
1112630 321020
1112630 321300
1098300 321300
1098300 320740
1089620 320740
1089620 321300
947940 321300
947940 321860
943180 321860
943180 321300
933100 321300
933100 320740
927780 320740
927780 321300
916300 321300
916300 321020
908180 321020
908180 321300
889140 321300
889140 321580
875420 321580
875420 321300
862820 321300
862820 321860
858060 321860
858060 321300
854140 321300
854140 320740
847700 320740
847700 321300
805420 321300
805420 321020
799820 321020
799820 320740
791700 320740
791700 321300
775460 321300
775460 321860
767900 321860
767900 321300
739900 321300
739900 320740
731780 320740
731780 321300
730380 321300
730380 320740
724170 320740
p 20 124
732570 498540
743820 498540
743820 498260
749980 498260
749980 497980
756980 497980
756980 498260
762020 498260
762020 498540
777140 498540
777140 499100
782460 499100
782460 498540
824740 498540
824740 499100
842380 499100
842380 498540
847700 498540
847700 499100
858620 499100
858620 498540
871780 498540
871780 498820
881580 498820
881580 498540
892220 498540
892220 497980
905940 497980
905940 498540
916580 498540
916580 499100
922460 499100
922460 498540
931700 498540
931700 499100
937580 499100
937580 498540
945140 498540
945140 499100
952140 499100
952140 498540
989100 498540
989100 497980
995540 497980
995540 498540
1015980 498540
1015980 498260
1021860 498260
1021860 498540
1039780 498540
1039780 499100
1043980 499100
1043980 498540
1089900 498540
1089900 497980
1096340 497980
1096340 498540
1104180 498540
1104180 498820
1112860 498820
1112860 498540
1143430 498540
1143430 498820
1113140 498820
1113140 499100
1103900 499100
1103900 498820
1096060 498820
1096060 498260
1090180 498260
1090180 498820
1044260 498820
1044260 499380
1039500 499380
1039500 498820
1021580 498820
1021580 498540
1016260 498540
1016260 498820
995260 498820
995260 498260
989380 498260
989380 498820
952420 498820
952420 499380
944860 499380
944860 498820
937860 498820
937860 499380
931420 499380
931420 498820
922740 498820
922740 499380
916300 499380
916300 498820
905660 498820
905660 498260
892500 498260
892500 498820
881860 498820
881860 499100
871500 499100
871500 498820
858900 498820
858900 499380
847420 499380
847420 498820
842660 498820
842660 499380
824460 499380
824460 498820
782740 498820
782740 499380
776860 499380
776860 498820
761740 498820
761740 498540
756700 498540
756700 498260
750260 498260
750260 498540
744100 498540
744100 498820
732570 498820
p 21 84
715770 454300
762860 454300
762860 453740
788620 453740
788620 453460
801780 453460
801780 453740
816060 453740
816060 453460
825860 453460
825860 453740
866180 453740
866180 454020
883820 454020
883820 453740
889140 453740
889140 454020
893900 454020
893900 453740
897820 453740
897820 453460
902580 453460
902580 453740
915740 453740
915740 453460
924420 453460
924420 453740
936180 453740
936180 454020
942340 454020
942340 454300
949900 454300
949900 453740
959140 453740
959140 454300
965580 454300
965580 453740
1053500 453740
1053500 453460
1065540 453460
1065540 453740
1146790 453740
1146790 454020
1065260 454020
1065260 453740
1053780 453740
1053780 454020
965860 454020
965860 454580
958860 454580
958860 454020
950180 454020
950180 454580
942060 454580
942060 454300
935900 454300
935900 454020
924140 454020
924140 453740
916020 453740
916020 454020
902300 454020
902300 453740
898100 453740
898100 454020
894180 454020
894180 454300
888860 454300
888860 454020
884100 454020
884100 454300
865900 454300
865900 454020
825580 454020
825580 453740
816340 453740
816340 454020
801500 454020
801500 453740
788900 453740
788900 454020
763140 454020
763140 454580
715770 454580
p 22 10
1112250 377580
1145900 377580
1145900 376460
1149690 376460
1149690 376840
1149210 376840
1149210 376740
1146180 376740
1146180 377860
1112250 377860
p 23 10
1108890 346220
1145900 346220
1145900 345100
1149690 345100
1149690 345480
1149210 345480
1149210 345380
1146180 345380
1146180 346500
1108890 346500
p 24 10
1112250 314860
1145900 314860
1145900 313740
1149690 313740
1149690 314120
1149210 314120
1149210 314020
1146180 314020
1146180 315140
1112250 315140
p 25 90
695050 267260
704900 267260
704900 267540
709100 267540
709100 267260
718900 267260
718900 267820
733180 267820
733180 267260
749700 267260
749700 267820
761180 267820
761180 267260
797860 267260
797860 267540
818860 267540
818860 267260
834820 267260
834820 267540
845740 267540
845740 267260
847420 267260
847420 266700
880740 266700
880740 267260
916860 267260
916860 266700
922740 266700
922740 267260
937580 267260
937580 266700
961940 266700
961940 267260
1023540 267260
1023540 267540
1029980 267540
1029980 267260
1052100 267260
1052100 267820
1058540 267820
1058540 267260
1136940 267260
1136940 266140
1149690 266140
1149690 266520
1149210 266520
1149210 266420
1137220 266420
1137220 267540
1058820 267540
1058820 268100
1051820 268100
1051820 267540
1030260 267540
1030260 267820
1023260 267820
1023260 267540
961660 267540
961660 266980
937860 266980
937860 267540
922460 267540
922460 266980
917140 266980
917140 267540
880460 267540
880460 266980
847700 266980
847700 267540
846020 267540
846020 267820
834540 267820
834540 267540
819140 267540
819140 267820
797580 267820
797580 267540
761460 267540
761460 268100
749420 268100
749420 267540
733460 267540
733460 268100
718620 268100
718620 267540
709380 267540
709380 267820
704620 267820
704620 267540
695050 267540
p 26 106
710170 249340
717220 249340
717220 249900
721980 249900
721980 249340
737660 249340
737660 249060
755860 249060
755860 249340
767340 249340
767340 248780
782740 248780
782740 249060
790580 249060
790580 249340
793660 249340
793660 248780
810740 248780
810740 249060
842660 249060
842660 249340
852460 249340
852460 248780
863940 248780
863940 249060
873180 249060
873180 248780
883540 248780
883540 249340
895020 249340
895020 248780
902580 248780
902580 249060
922740 249060
922740 249340
941500 249340
941500 249060
969220 249060
969220 249340
1024100 249340
1024100 249620
1032780 249620
1032780 249340
1050700 249340
1050700 248780
1056020 248780
1056020 249340
1058540 249340
1058540 248780
1078980 248780
1078980 249340
1149690 249340
1149690 249720
1149210 249720
1149210 249620
1078700 249620
1078700 249060
1058820 249060
1058820 249620
1055740 249620
1055740 249060
1050980 249060
1050980 249620
1033060 249620
1033060 249900
1023820 249900
1023820 249620
968940 249620
968940 249340
941780 249340
941780 249620
922460 249620
922460 249340
902300 249340
902300 249060
895300 249060
895300 249620
883260 249620
883260 249060
873460 249060
873460 249340
863660 249340
863660 249060
852740 249060
852740 249620
842380 249620
842380 249340
810460 249340
810460 249060
793940 249060
793940 249620
790300 249620
790300 249340
782460 249340
782460 249060
767620 249060
767620 249620
755580 249620
755580 249340
737940 249340
737940 249620
722260 249620
722260 250180
716940 250180
716940 249620
710170 249620
p 27 22
745450 191100
963620 191100
963620 191660
969500 191660
969500 191100
983220 191100
983220 191660
994700 191660
994700 191100
1149690 191100
1149690 191480
1149210 191480
1149210 191380
994980 191380
994980 191940
982940 191940
982940 191380
969780 191380
969780 191940
963340 191940
963340 191380
745450 191380
p 28 90
701210 301420
719460 301420
719460 301980
730380 301980
730380 301420
739340 301420
739340 300860
751380 300860
751380 301420
815500 301420
815500 300860
826420 300860
826420 301420
836500 301420
836500 301700
842380 301700
842380 301420
855820 301420
855820 300860
868420 300860
868420 301140
879620 301140
879620 301420
905380 301420
905380 301980
915180 301980
915180 301420
972860 301420
972860 301140
977620 301140
977620 301420
981260 301420
981260 301140
987140 301140
987140 301420
1007860 301420
1007860 301700
1022700 301700
1022700 301420
1039500 301420
1039500 301140
1054900 301140
1054900 301420
1157530 301420
1157530 301800
1157050 301800
1157050 301700
1054620 301700
1054620 301420
1039780 301420
1039780 301700
1022980 301700
1022980 301980
1007580 301980
1007580 301700
986860 301700
986860 301420
981540 301420
981540 301700
977340 301700
977340 301420
973140 301420
973140 301700
915460 301700
915460 302260
905100 302260
905100 301700
879340 301700
879340 301420
868140 301420
868140 301140
856100 301140
856100 301700
842660 301700
842660 301980
836220 301980
836220 301700
826140 301700
826140 301140
815780 301140
815780 301700
751100 301700
751100 301140
739620 301140
739620 301700
730660 301700
730660 302260
719180 302260
719180 301700
701210 301700
p 29 6
1104970 252140
1157530 252140
1157530 252520
1157050 252520
1157050 252420
1104970 252420
p 30 58
730890 220780
883260 220780
883260 220500
892500 220500
892500 220780
904540 220780
904540 220500
924420 220500
924420 220780
933100 220780
933100 220500
940660 220500
940660 220780
942340 220780
942340 221340
952700 221340
952700 220780
983500 220780
983500 220500
988540 220500
988540 220220
1002260 220220
1002260 220780
1007860 220780
1007860 221340
1036700 221340
1036700 220780
1157530 220780
1157530 221160
1157050 221160
1157050 221060
1036980 221060
1036980 221620
1007580 221620
1007580 221060
1001980 221060
1001980 220500
988820 220500
988820 220780
983780 220780
983780 221060
952980 221060
952980 221620
942060 221620
942060 221060
940380 221060
940380 220780
933380 220780
933380 221060
924140 221060
924140 220780
904820 220780
904820 221060
892220 221060
892220 220780
883540 220780
883540 221060
730890 221060
p 31 118
736490 464380
738500 464380
738500 464660
747180 464660
747180 464380
750820 464380
750820 465500
766220 465500
766220 464380
789460 464380
789460 464660
795060 464660
795060 464940
799260 464940
799260 464380
807380 464380
807380 464660
827260 464660
827260 464380
830900 464380
830900 464660
835100 464660
835100 464380
851900 464380
851900 464100
857780 464100
857780 464380
865620 464380
865620 464660
872060 464660
872060 464380
873740 464380
873740 464100
880180 464100
880180 464380
885780 464380
885780 464940
895020 464940
895020 464380
896700 464380
896700 464100
908180 464100
908180 464380
945140 464380
945140 464940
949340 464940
949340 464380
1087660 464380
1087660 464100
1097460 464100
1097460 464380
1102220 464380
1102220 463820
1108100 463820
1108100 464380
1146180 464380
1146180 465500
1158170 465500
1158170 465400
1158650 465400
1158650 465780
1145900 465780
1145900 464660
1107820 464660
1107820 464100
1102500 464100
1102500 464660
1097180 464660
1097180 464380
1087940 464380
1087940 464660
949620 464660
949620 465220
944860 465220
944860 464660
907900 464660
907900 464380
896980 464380
896980 464660
895300 464660
895300 465220
885500 465220
885500 464660
879900 464660
879900 464380
874020 464380
874020 464660
872340 464660
872340 464940
865340 464940
865340 464660
857500 464660
857500 464380
852180 464380
852180 464660
835380 464660
835380 464940
830620 464940
830620 464660
827540 464660
827540 464940
807100 464940
807100 464660
799540 464660
799540 465220
794780 465220
794780 464940
789180 464940
789180 464660
766500 464660
766500 465780
750540 465780
750540 464660
747460 464660
747460 464940
738220 464940
738220 464660
736490 464660
p 32 74
861370 410620
872340 410620
872340 410900
876540 410900
876540 410620
903980 410620
903980 410340
922740 410340
922740 410620
927500 410620
927500 410340
938420 410340
938420 410620
941500 410620
941500 410060
955780 410060
955780 410620
957460 410620
957460 410900
962220 410900
962220 410620
993580 410620
993580 410060
998340 410060
998340 410620
1034460 410620
1034460 410060
1043140 410060
1043140 410620
1071980 410620
1071980 410060
1081220 410060
1081220 410620
1140580 410620
1140580 411740
1158170 411740
1158170 411640
1158650 411640
1158650 412020
1140300 412020
1140300 410900
1080940 410900
1080940 410340
1072260 410340
1072260 410900
1042860 410900
1042860 410340
1034740 410340
1034740 410900
998060 410900
998060 410340
993860 410340
993860 410900
962500 410900
962500 411180
957180 411180
957180 410900
955500 410900
955500 410340
941780 410340
941780 410900
938140 410900
938140 410620
927780 410620
927780 410900
922460 410900
922460 410620
904260 410620
904260 410900
876820 410900
876820 411180
872060 411180
872060 410900
861370 410900
p 33 74
730890 401100
732620 401100
732620 400540
762860 400540
762860 399980
810460 399980
810460 398860
816340 398860
816340 399420
818020 399420
818020 399700
822500 399700
822500 399980
864220 399980
864220 399700
884100 399700
884100 399980
897260 399980
897260 399700
909300 399700
909300 399980
980980 399980
980980 400540
987420 400540
987420 399980
1049580 399980
1049580 399420
1054340 399420
1054340 399980
1058260 399980
1058260 400540
1066380 400540
1066380 399980
1140300 399980
1140300 398860
1158650 398860
1158650 399240
1158170 399240
1158170 399140
1140580 399140
1140580 400260
1066660 400260
1066660 400820
1057980 400820
1057980 400260
1054060 400260
1054060 399700
1049860 399700
1049860 400260
987700 400260
987700 400820
980700 400820
980700 400260
909020 400260
909020 399980
897540 399980
897540 400260
883820 400260
883820 399980
864500 399980
864500 400260
822220 400260
822220 399980
817740 399980
817740 399700
816060 399700
816060 399140
810740 399140
810740 400260
763140 400260
763140 400820
732900 400820
732900 401380
730890 401380
p 34 98
708490 265580
713300 265580
713300 266140
717500 266140
717500 265860
723100 265860
723100 265580
731780 265580
731780 265860
737940 265860
737940 266140
751380 266140
751380 266700
757820 266700
757820 266140
762300 266140
762300 265580
768180 265580
768180 266140
780780 266140
780780 265580
807660 265580
807660 265300
824180 265300
824180 265580
889980 265580
889980 265020
901460 265020
901460 265580
992180 265580
992180 266140
1002540 266140
1002540 265580
1015980 265580
1015980 265300
1024660 265300
1024660 265580
1032220 265580
1032220 265300
1039220 265300
1039220 265580
1045380 265580
1045380 266140
1057420 266140
1057420 265580
1135820 265580
1135820 264460
1158650 264460
1158650 264840
1158170 264840
1158170 264740
1136100 264740
1136100 265860
1057700 265860
1057700 266420
1045100 266420
1045100 265860
1038940 265860
1038940 265580
1032500 265580
1032500 265860
1024380 265860
1024380 265580
1016260 265580
1016260 265860
1002820 265860
1002820 266420
991900 266420
991900 265860
901180 265860
901180 265300
890260 265300
890260 265860
823900 265860
823900 265580
807940 265580
807940 265860
781060 265860
781060 266420
767900 266420
767900 265860
762580 265860
762580 266420
758100 266420
758100 266980
751100 266980
751100 266420
737660 266420
737660 266140
731500 266140
731500 265860
723380 265860
723380 266140
717780 266140
717780 266420
713020 266420
713020 265860
708490 265860
p 35 16
798090 182140
953260 182140
953260 181580
964460 181580
964460 181020
966980 181020
966980 182140
1105350 182140
1105350 182420
966700 182420
966700 181300
964740 181300
964740 181860
953540 181860
953540 182420
798090 182420
p 36 14
779610 180460
956620 180460
956620 179900
968100 179900
968100 180460
1149210 180460
1149210 180360
1149690 180360
1149690 180740
967820 180740
967820 180180
956900 180180
956900 180740
779610 180740
p 37 10
752170 175980
1132460 175980
1132460 174860
1149690 174860
1149690 175240
1149210 175240
1149210 175140
1132740 175140
1132740 176260
752170 176260
p 38 10
750490 170940
1128260 170940
1128260 172060
1149210 172060
1149210 171960
1149690 171960
1149690 172340
1127980 172340
1127980 171220
750490 171220
p 39 10
754410 168700
1131620 168700
1131620 169820
1149210 169820
1149210 169720
1149690 169720
1149690 170100
1131340 170100
1131340 168980
754410 168980
p 40 10
755530 158060
1131620 158060
1131620 159180
1149210 159180
1149210 159080
1149690 159080
1149690 159460
1131340 159460
1131340 158340
755530 158340
p 41 8
1166570 126140
1167920 126140
1167920 126080
1168720 126080
1168720 126480
1167920 126480
1167920 126420
1166570 126420
p 42 4
690570 262780
692070 262780
692070 263060
690570 263060
p 43 4
687770 270060
701590 270060
701590 270340
687770 270340
p 44 4
708490 274540
711110 274540
711110 274820
708490 274820
p 45 4
709050 272860
713350 272860
713350 273140
709050 273140
p 46 4
715210 420700
717270 420700
717270 420980
715210 420980
p 47 4
715210 304220
723430 304220
723430 304500
715210 304500
p 48 4
715210 290220
725110 290220
725110 290500
715210 290500
p 49 4
723050 296940
725670 296940
725670 297220
723050 297220
p 50 4
714650 275100
728470 275100
728470 275380
714650 275380
p 51 4
724730 252700
730150 252700
730150 252980
724730 252980
p 52 4
724170 419020
734070 419020
734070 419300
724170 419300
p 53 4
733690 430780
737430 430780
737430 431060
733690 431060
p 54 4
725850 253260
753670 253260
753670 253540
725850 253540
p 55 4
804810 178220
1112630 178220
1112630 178500
804810 178500
