###############################################################
#  Generated by:      Cadence Innovus 22.33-s094_1
#  OS:                Linux x86_64(Host ID lyoelectrosrv01.in2p3.fr)
#  Generated on:      Thu Jun  4 14:57:52 2026
#  Design:            mptdc_top_asic
#  Command:           report_constraint -all_violators > /home/validmgr/ksabra/2026_SPAD/SPADMIC/results/innovus/20260604_o10_typical_feasibility/reports/drv_post_route.rpt
###############################################################
# format : frame 1 : split 1

max_delay/setup
---------------------------
     +----------------------------------------------------------------------------------+ 
     |                                          End Point | Slack  |    Cause |    View | 
     |----------------------------------------------------+--------+----------+---------| 
     |                                   acq_data_o[35] r | -1.343 | VIOLATED | tc_view | 
     |                                   acq_data_o[37] r | -1.275 | VIOLATED | tc_view | 
     |                                   acq_data_o[36] r | -1.178 | VIOLATED | tc_view | 
     |                                   acq_data_o[26] r | -1.176 | VIOLATED | tc_view | 
     |                                   acq_data_o[23] r | -1.126 | VIOLATED | tc_view | 
     |                                   acq_data_o[22] r | -1.105 | VIOLATED | tc_view | 
     |                                   acq_data_o[25] r | -0.983 | VIOLATED | tc_view | 
     |                                   acq_data_o[27] r | -0.979 | VIOLATED | tc_view | 
     |                                   acq_data_o[21] r | -0.866 | VIOLATED | tc_view | 
     |                                   acq_data_o[24] r | -0.864 | VIOLATED | tc_view | 
     |                                   acq_data_o[38] r | -0.809 | VIOLATED | tc_view | 
     | u_core_gen_fast_tag_col[1].u_fast_tag_tag_o_reg[6] | -0.624 | VIOLATED | tc_view | 
     |                                              /RN r |        |          |         | 
     | u_core_gen_fast_tag_col[1].u_fast_tag_tag_o_reg[5] | -0.624 | VIOLATED | tc_view | 
     |                                              /RN r |        |          |         | 
     | u_core_gen_fast_tag_col[1].u_fast_tag_tag_o_reg[4] | -0.624 | VIOLATED | tc_view | 
     |                                              /RN r |        |          |         | 
     | u_core_gen_fast_tag_col[1].u_fast_tag_tag_o_reg[3] | -0.624 | VIOLATED | tc_view | 
     |                                              /RN r |        |          |         | 
     | u_core_gen_fast_tag_col[1].u_fast_tag_tag_o_reg[2] | -0.624 | VIOLATED | tc_view | 
     |                                              /RN r |        |          |         | 
     | u_core_gen_fast_tag_col[1].u_fast_tag_tag_o_reg[1] | -0.624 | VIOLATED | tc_view | 
     |                                              /RN r |        |          |         | 
     | u_core_gen_fast_tag_col[2].u_fast_tag_tag_o_reg[4] | -0.613 | VIOLATED | tc_view | 
     |                                              /RN r |        |          |         | 
     | u_core_gen_fast_tag_col[2].u_fast_tag_tag_o_reg[2] | -0.613 | VIOLATED | tc_view | 
     |                                              /RN r |        |          |         | 
     | u_core_gen_fast_tag_col[2].u_fast_tag_tag_o_reg[3] | -0.613 | VIOLATED | tc_view | 
     |                                              /RN r |        |          |         | 
     | u_core_gen_fast_tag_col[2].u_fast_tag_tag_o_reg[1] | -0.613 | VIOLATED | tc_view | 
     |                                              /RN r |        |          |         | 
     | u_core_gen_fast_tag_col[2].u_fast_tag_tag_o_reg[5] | -0.613 | VIOLATED | tc_view | 
     |                                              /RN r |        |          |         | 
     | u_core_gen_fast_tag_col[2].u_fast_tag_tag_o_reg[6] | -0.613 | VIOLATED | tc_view | 
     |                                              /RN r |        |          |         | 
     | u_core_gen_fast_tag_col[4].u_fast_tag_tag_o_reg[4] | -0.598 | VIOLATED | tc_view | 
     |                                              /RN r |        |          |         | 
     | u_core_gen_fast_tag_col[4].u_fast_tag_tag_o_reg[2] | -0.598 | VIOLATED | tc_view | 
     |                                              /RN r |        |          |         | 
     | u_core_gen_fast_tag_col[4].u_fast_tag_tag_o_reg[1] | -0.598 | VIOLATED | tc_view | 
     |                                              /RN r |        |          |         | 
     | u_core_gen_fast_tag_col[4].u_fast_tag_tag_o_reg[3] | -0.598 | VIOLATED | tc_view | 
     |                                              /RN r |        |          |         | 
     | u_core_gen_fast_tag_col[4].u_fast_tag_tag_o_reg[5] | -0.597 | VIOLATED | tc_view | 
     |                                              /RN r |        |          |         | 
     | u_core_gen_fast_tag_col[4].u_fast_tag_tag_o_reg[6] | -0.597 | VIOLATED | tc_view | 
     |                                              /RN r |        |          |         | 
     | u_core_gen_fast_tag_col[6].u_fast_tag_tag_o_reg[2] | -0.588 | VIOLATED | tc_view | 
     |                                              /RN r |        |          |         | 
     | u_core_gen_fast_tag_col[6].u_fast_tag_tag_o_reg[1] | -0.588 | VIOLATED | tc_view | 
     |                                              /RN r |        |          |         | 
     | u_core_gen_fast_tag_col[2].u_fast_tag_tag_o_reg[0] | -0.588 | VIOLATED | tc_view | 
     |                                              /SN r |        |          |         | 
     | u_core_gen_fast_tag_col[5].u_fast_tag_tag_o_reg[6] | -0.557 | VIOLATED | tc_view | 
     |                                              /RN r |        |          |         | 
     | u_core_gen_fast_tag_col[7].u_fast_tag_tag_o_reg[6] | -0.557 | VIOLATED | tc_view | 
     |                                              /RN r |        |          |         | 
     | u_core_gen_fast_tag_col[7].u_fast_tag_tag_o_reg[1] | -0.557 | VIOLATED | tc_view | 
     |                                              /RN r |        |          |         | 
     | u_core_gen_fast_tag_col[4].u_fast_tag_tag_o_reg[0] | -0.553 | VIOLATED | tc_view | 
     |                                              /SN r |        |          |         | 
     | u_core_gen_fast_tag_col[1].u_fast_tag_tag_o_reg[0] | -0.551 | VIOLATED | tc_view | 
     |                                              /SN r |        |          |         | 
     | u_core_gen_fast_tag_col[7].u_fast_tag_tag_o_reg[2] | -0.540 | VIOLATED | tc_view | 
     |                                              /RN r |        |          |         | 
     | u_core_gen_fast_tag_col[3].u_fast_tag_tag_o_reg[6] | -0.539 | VIOLATED | tc_view | 
     |                                              /RN r |        |          |         | 
     | u_core_gen_fast_tag_col[3].u_fast_tag_tag_o_reg[3] | -0.539 | VIOLATED | tc_view | 
     |                                              /RN r |        |          |         | 
     | u_core_gen_fast_tag_col[3].u_fast_tag_tag_o_reg[5] | -0.539 | VIOLATED | tc_view | 
     |                                              /RN r |        |          |         | 
     | u_core_gen_fast_tag_col[3].u_fast_tag_tag_o_reg[2] | -0.537 | VIOLATED | tc_view | 
     |                                              /RN r |        |          |         | 
     | u_core_gen_fast_tag_col[3].u_fast_tag_tag_o_reg[1] | -0.537 | VIOLATED | tc_view | 
     |                                              /RN r |        |          |         | 
     | u_core_gen_fast_tag_col[3].u_fast_tag_tag_o_reg[4] | -0.537 | VIOLATED | tc_view | 
     |                                              /RN r |        |          |         | 
     | u_core_gen_fast_tag_col[3].u_fast_tag_tag_o_reg[0] | -0.533 | VIOLATED | tc_view | 
     |                                              /SN r |        |          |         | 
     | u_core_gen_fast_tag_col[7].u_fast_tag_tag_o_reg[3] | -0.526 | VIOLATED | tc_view | 
     |                                              /RN r |        |          |         | 
     | u_core_gen_fast_tag_col[6].u_fast_tag_tag_o_reg[4] | -0.524 | VIOLATED | tc_view | 
     |                                              /RN r |        |          |         | 
     | u_core_gen_fast_tag_col[6].u_fast_tag_tag_o_reg[3] | -0.524 | VIOLATED | tc_view | 
     |                                              /RN r |        |          |         | 
     | u_core_gen_fast_tag_col[6].u_fast_tag_tag_o_reg[5] | -0.524 | VIOLATED | tc_view | 
     |                                              /RN r |        |          |         | 
     | u_core_gen_fast_tag_col[6].u_fast_tag_tag_o_reg[6] | -0.524 | VIOLATED | tc_view | 
     |                                              /RN r |        |          |         | 
     | u_core_gen_fast_tag_col[5].u_fast_tag_tag_o_reg[4] | -0.522 | VIOLATED | tc_view | 
     |                                              /RN r |        |          |         | 
     | u_core_gen_fast_tag_col[5].u_fast_tag_tag_o_reg[3] | -0.522 | VIOLATED | tc_view | 
     |                                              /RN r |        |          |         | 
     | u_core_gen_fast_tag_col[5].u_fast_tag_tag_o_reg[2] | -0.522 | VIOLATED | tc_view | 
     |                                              /RN r |        |          |         | 
     | u_core_gen_fast_tag_col[5].u_fast_tag_tag_o_reg[1] | -0.521 | VIOLATED | tc_view | 
     |                                              /RN r |        |          |         | 
     | u_core_gen_fast_tag_col[5].u_fast_tag_tag_o_reg[5] | -0.521 | VIOLATED | tc_view | 
     |                                              /RN r |        |          |         | 
     | u_core_gen_fast_tag_col[6].u_fast_tag_tag_o_reg[0] | -0.410 | VIOLATED | tc_view | 
     |                                              /SN r |        |          |         | 
     | u_core_gen_fast_tag_col[7].u_fast_tag_tag_o_reg[5] | -0.409 | VIOLATED | tc_view | 
     |                                              /RN r |        |          |         | 
     | u_core_gen_fast_tag_col[5].u_fast_tag_tag_o_reg[0] | -0.383 | VIOLATED | tc_view | 
     |                                              /SN r |        |          |         | 
     | u_core_gen_fast_tag_col[7].u_fast_tag_tag_o_reg[0] | -0.372 | VIOLATED | tc_view | 
     |                                              /SN r |        |          |         | 
     | u_core_gen_fast_tag_col[7].u_fast_tag_tag_o_reg[4] | -0.370 | VIOLATED | tc_view | 
     |                                              /RN r |        |          |         | 
     | u_core_gen_pd_row[7].gen_pd_col[1].u_pd/nfast_hit_ | -0.073 | VIOLATED | tc_view | 
     |                                 latched_reg[0]/D f |        |          |         | 
     | u_core_gen_pd_row[1].gen_pd_col[4].u_pd/nfast_hit_ | -0.068 | VIOLATED | tc_view | 
     |                                 latched_reg[0]/D f |        |          |         | 
     | u_core_gen_pd_row[2].gen_pd_col[1].u_pd/nfast_hit_ | -0.067 | VIOLATED | tc_view | 
     |                                 latched_reg[0]/D f |        |          |         | 
     | u_core_gen_pd_row[6].gen_pd_col[4].u_pd/nfast_hit_ | -0.064 | VIOLATED | tc_view | 
     |                                 latched_reg[0]/D f |        |          |         | 
     | u_core_gen_pd_row[5].gen_pd_col[4].u_pd/nfast_hit_ | -0.062 | VIOLATED | tc_view | 
     |                                 latched_reg[0]/D f |        |          |         | 
     | u_core_gen_pd_row[4].gen_pd_col[1].u_pd/nfast_hit_ | -0.060 | VIOLATED | tc_view | 
     |                                 latched_reg[0]/D f |        |          |         | 
     | u_core_gen_pd_row[0].gen_pd_col[4].u_pd/nfast_hit_ | -0.056 | VIOLATED | tc_view | 
     |                                 latched_reg[0]/D f |        |          |         | 
     | u_core_gen_pd_row[0].gen_pd_col[1].u_pd/nfast_hit_ | -0.049 | VIOLATED | tc_view | 
     |                                 latched_reg[0]/D f |        |          |         | 
     | u_core_gen_fast_tag_col[4].u_fast_tag_tag_o_reg[1] | -0.046 | VIOLATED | tc_view | 
     |                                               /D f |        |          |         | 
     | u_core_gen_pd_row[3].gen_pd_col[4].u_pd/nfast_hit_ | -0.046 | VIOLATED | tc_view | 
     |                                 latched_reg[0]/D f |        |          |         | 
     | u_core_gen_pd_row[2].gen_pd_col[4].u_pd/nfast_hit_ | -0.044 | VIOLATED | tc_view | 
     |                                 latched_reg[0]/D f |        |          |         | 
     | u_core_gen_pd_row[1].gen_pd_col[1].u_pd/nfast_hit_ | -0.043 | VIOLATED | tc_view | 
     |                                 latched_reg[0]/D f |        |          |         | 
     | u_core_u_drain_ctrl_emit_wr_data_q_reg[meta][nfast | -0.038 | VIOLATED | tc_view | 
     |                                           ][6]/D f |        |          |         | 
     | u_core_u_drain_ctrl_emit_wr_data_q_reg[meta][nslow | -0.034 | VIOLATED | tc_view | 
     |                                           ][2]/D f |        |          |         | 
     | u_core_gen_fast_tag_col[1].u_fast_tag_tag_o_reg[1] | -0.020 | VIOLATED | tc_view | 
     |                                               /D f |        |          |         | 
     | u_core_gen_pd_row[7].gen_pd_col[4].u_pd/nfast_hit_ | -0.018 | VIOLATED | tc_view | 
     |                                 latched_reg[0]/D f |        |          |         | 
     | u_core_gen_pd_row[5].gen_pd_col[1].u_pd/nfast_hit_ | -0.018 | VIOLATED | tc_view | 
     |                                 latched_reg[0]/D f |        |          |         | 
     | u_core_gen_pd_row[4].gen_pd_col[4].u_pd/nfast_hit_ | -0.014 | VIOLATED | tc_view | 
     |                                 latched_reg[0]/D f |        |          |         | 
     | u_core_gen_pd_row[3].gen_pd_col[1].u_pd/nfast_hit_ | -0.013 | VIOLATED | tc_view | 
     |                                 latched_reg[0]/D f |        |          |         | 
     | u_core_gen_pd_row[6].gen_pd_col[1].u_pd/nfast_hit_ | -0.013 | VIOLATED | tc_view | 
     |                                 latched_reg[0]/D f |        |          |         | 
     | u_core_gen_fast_tag_col[2].u_fast_tag_tag_o_reg[1] | -0.010 | VIOLATED | tc_view | 
     |                                               /D f |        |          |         | 
     | u_core_gen_pd_row[3].gen_pd_col[2].u_pd/nfast_hit_ | -0.007 | VIOLATED | tc_view | 
     |                                 latched_reg[0]/D f |        |          |         | 
     | u_core_gen_fast_tag_col[4].u_fast_tag_tag_o_reg[0] | -0.007 | VIOLATED | tc_view | 
     |                                               /D f |        |          |         | 
     | u_core_gen_pd_row[1].gen_pd_col[2].u_pd/nfast_hit_ | -0.006 | VIOLATED | tc_view | 
     |                                 latched_reg[0]/D f |        |          |         | 
     | u_core_gen_pd_row[2].gen_pd_col[2].u_pd/nfast_hit_ | -0.004 | VIOLATED | tc_view | 
     |                                 latched_reg[0]/D f |        |          |         | 
     | u_core_gen_pd_row[0].gen_pd_col[2].u_pd/nfast_hit_ | -0.003 | VIOLATED | tc_view | 
     |                                 latched_reg[0]/D f |        |          |         | 
     | u_core_gen_pd_row[3].gen_pd_col[2].u_pd/nfast_hit_ | -0.001 | VIOLATED | tc_view | 
     |                                 latched_reg[5]/D f |        |          |         | 
     +----------------------------------------------------------------------------------+ 

Check type : clock_period
---------------------------
No paths found

Check type : skew
---------------------------
No paths found

Check type : pulse_width
---------------------------
     +-------------------------------------------------------------------------------------------+ 
     |                          SEQUENTIAL CLOCK PULSE WIDTH                           |         | 
     |---------------------------------------------------------------------------------+---------| 
     | Pin                                                | Required | Actual |  Slack | View    | 
     |                                                    |  Pulse   |  Pulse |        | Name    | 
     |                                                    |  Width   |  Width |        |         | 
     |----------------------------------------------------+----------+--------+--------+---------| 
     | u_core_gen_fast_tag_col[1].u_fast_tag_tag_o_reg[0] |  0.817   |  0.656 | -0.160 | tc_view | 
     | /C (high)                                          |          |        |        |         | 
     | u_core_gen_fast_tag_col[2].u_fast_tag_tag_o_reg[0] |  0.817   |  0.656 | -0.160 | tc_view | 
     | /C (high)                                          |          |        |        |         | 
     | u_core_gen_fast_tag_col[4].u_fast_tag_tag_o_reg[0] |  0.817   |  0.656 | -0.160 | tc_view | 
     | /C (high)                                          |          |        |        |         | 
     | u_core_gen_pd_row[5].gen_pd_col[0].u_pd/nfast_hit_ |  0.758   |  0.656 | -0.102 | tc_view | 
     | latched_reg[2]/C (high)                            |          |        |        |         | 
     | u_core_gen_pd_row[5].gen_pd_col[0].u_pd/nfast_hit_ |  0.758   |  0.656 | -0.102 | tc_view | 
     | latched_reg[5]/C (high)                            |          |        |        |         | 
     | u_core_gen_pd_row[5].gen_pd_col[0].u_pd/nfast_hit_ |  0.758   |  0.656 | -0.102 | tc_view | 
     | latched_reg[6]/C (high)                            |          |        |        |         | 
     | u_core_gen_pd_row[1].gen_pd_col[0].u_pd/nfast_hit_ |  0.758   |  0.656 | -0.102 | tc_view | 
     | latched_reg[2]/C (high)                            |          |        |        |         | 
     | u_core_gen_pd_row[5].gen_pd_col[0].u_pd/nfast_hit_ |  0.758   |  0.656 | -0.102 | tc_view | 
     | latched_reg[3]/C (high)                            |          |        |        |         | 
     | u_core_gen_pd_row[5].gen_pd_col[0].u_pd/nfast_hit_ |  0.758   |  0.656 | -0.102 | tc_view | 
     | latched_reg[4]/C (high)                            |          |        |        |         | 
     | u_core_gen_pd_row[0].gen_pd_col[0].u_pd/nfast_hit_ |  0.758   |  0.656 | -0.102 | tc_view | 
     | latched_reg[3]/C (high)                            |          |        |        |         | 
     | u_core_gen_pd_row[0].gen_pd_col[0].u_pd/nfast_hit_ |  0.758   |  0.656 | -0.102 | tc_view | 
     | latched_reg[2]/C (high)                            |          |        |        |         | 
     | u_core_u_rst_fast_sync/sync_q_reg[0]/C (low)       |  0.701   |  0.656 | -0.044 | tc_view | 
     | u_core_gen_pd_row[3].gen_pd_col[0].u_pd/nfast_hit_ |  0.700   |  0.656 | -0.044 | tc_view | 
     | latched_reg[5]/C (high)                            |          |        |        |         | 
     | u_core_gen_pd_row[0].gen_pd_col[1].u_pd/nfast_hit_ |  0.700   |  0.656 | -0.044 | tc_view | 
     | latched_reg[6]/C (high)                            |          |        |        |         | 
     | u_core_gen_pd_row[5].gen_pd_col[2].u_pd/nfast_hit_ |  0.700   |  0.656 | -0.044 | tc_view | 
     | latched_reg[6]/C (high)                            |          |        |        |         | 
     | u_core_gen_pd_row[2].gen_pd_col[2].u_pd/nfast_hit_ |  0.700   |  0.656 | -0.044 | tc_view | 
     | latched_reg[6]/C (high)                            |          |        |        |         | 
     | u_core_gen_pd_row[6].gen_pd_col[2].u_pd/nfast_hit_ |  0.700   |  0.656 | -0.044 | tc_view | 
     | latched_reg[6]/C (high)                            |          |        |        |         | 
     | u_core_gen_pd_row[0].gen_pd_col[2].u_pd/nfast_hit_ |  0.700   |  0.656 | -0.044 | tc_view | 
     | latched_reg[6]/C (high)                            |          |        |        |         | 
     | u_core_gen_pd_row[1].gen_pd_col[3].u_pd/nfast_hit_ |  0.700   |  0.656 | -0.044 | tc_view | 
     | latched_reg[6]/C (high)                            |          |        |        |         | 
     | u_core_gen_pd_row[0].gen_pd_col[3].u_pd/nfast_hit_ |  0.700   |  0.656 | -0.044 | tc_view | 
     | latched_reg[6]/C (high)                            |          |        |        |         | 
     | u_core_gen_pd_row[5].gen_pd_col[4].u_pd/nfast_hit_ |  0.700   |  0.656 | -0.044 | tc_view | 
     | latched_reg[6]/C (high)                            |          |        |        |         | 
     | u_core_gen_pd_row[1].gen_pd_col[7].u_pd/nfast_hit_ |  0.700   |  0.656 | -0.044 | tc_view | 
     | latched_reg[6]/C (high)                            |          |        |        |         | 
     | u_core_gen_pd_row[0].gen_pd_col[7].u_pd/nfast_hit_ |  0.700   |  0.656 | -0.044 | tc_view | 
     | latched_reg[6]/C (high)                            |          |        |        |         | 
     | u_core_gen_pd_row[4].gen_pd_col[5].u_pd/nfast_hit_ |  0.680   |  0.656 | -0.023 | tc_view | 
     | latched_reg[0]/C (low)                             |          |        |        |         | 
     | u_core_gen_pd_row[3].gen_pd_col[5].u_pd/nfast_hit_ |  0.680   |  0.656 | -0.023 | tc_view | 
     | latched_reg[0]/C (low)                             |          |        |        |         | 
     | u_core_gen_pd_row[6].gen_pd_col[5].u_pd/nfast_hit_ |  0.680   |  0.656 | -0.023 | tc_view | 
     | latched_reg[0]/C (low)                             |          |        |        |         | 
     | u_core_gen_pd_row[5].gen_pd_col[5].u_pd/nfast_hit_ |  0.680   |  0.656 | -0.023 | tc_view | 
     | latched_reg[0]/C (low)                             |          |        |        |         | 
     | u_core_gen_pd_row[2].gen_pd_col[5].u_pd/nfast_hit_ |  0.680   |  0.656 | -0.023 | tc_view | 
     | latched_reg[0]/C (low)                             |          |        |        |         | 
     | u_core_gen_pd_row[7].gen_pd_col[5].u_pd/nfast_hit_ |  0.680   |  0.656 | -0.023 | tc_view | 
     | latched_reg[0]/C (low)                             |          |        |        |         | 
     | u_core_gen_pd_row[4].gen_pd_col[7].u_pd/nfast_hit_ |  0.680   |  0.656 | -0.023 | tc_view | 
     | latched_reg[0]/C (low)                             |          |        |        |         | 
     | u_core_gen_pd_row[3].gen_pd_col[7].u_pd/nfast_hit_ |  0.680   |  0.656 | -0.023 | tc_view | 
     | latched_reg[0]/C (low)                             |          |        |        |         | 
     | u_core_gen_pd_row[6].gen_pd_col[7].u_pd/nfast_hit_ |  0.680   |  0.656 | -0.023 | tc_view | 
     | latched_reg[0]/C (low)                             |          |        |        |         | 
     | u_core_gen_pd_row[4].gen_pd_col[0].u_pd/nfast_hit_ |  0.680   |  0.656 | -0.023 | tc_view | 
     | latched_reg[0]/C (low)                             |          |        |        |         | 
     | u_core_gen_pd_row[3].gen_pd_col[0].u_pd/nfast_hit_ |  0.680   |  0.656 | -0.023 | tc_view | 
     | latched_reg[0]/C (low)                             |          |        |        |         | 
     | u_core_gen_pd_row[2].gen_pd_col[0].u_pd/nfast_hit_ |  0.680   |  0.656 | -0.023 | tc_view | 
     | latched_reg[0]/C (low)                             |          |        |        |         | 
     | u_core_gen_pd_row[1].gen_pd_col[0].u_pd/nfast_hit_ |  0.680   |  0.656 | -0.023 | tc_view | 
     | latched_reg[0]/C (low)                             |          |        |        |         | 
     | u_core_gen_pd_row[6].gen_pd_col[0].u_pd/nfast_hit_ |  0.680   |  0.656 | -0.023 | tc_view | 
     | latched_reg[0]/C (low)                             |          |        |        |         | 
     | u_core_gen_pd_row[5].gen_pd_col[0].u_pd/nfast_hit_ |  0.680   |  0.656 | -0.023 | tc_view | 
     | latched_reg[0]/C (low)                             |          |        |        |         | 
     | u_core_gen_pd_row[0].gen_pd_col[0].u_pd/nfast_hit_ |  0.680   |  0.656 | -0.023 | tc_view | 
     | latched_reg[0]/C (low)                             |          |        |        |         | 
     | u_core_gen_pd_row[7].gen_pd_col[0].u_pd/nfast_hit_ |  0.680   |  0.656 | -0.023 | tc_view | 
     | latched_reg[0]/C (low)                             |          |        |        |         | 
     | u_core_gen_pd_row[5].gen_pd_col[1].u_pd/nfast_hit_ |  0.680   |  0.656 | -0.023 | tc_view | 
     | latched_reg[0]/C (low)                             |          |        |        |         | 
     | u_core_gen_pd_row[4].gen_pd_col[1].u_pd/nfast_hit_ |  0.680   |  0.656 | -0.023 | tc_view | 
     | latched_reg[0]/C (low)                             |          |        |        |         | 
     | u_core_gen_pd_row[2].gen_pd_col[1].u_pd/nfast_hit_ |  0.680   |  0.656 | -0.023 | tc_view | 
     | latched_reg[0]/C (low)                             |          |        |        |         | 
     | u_core_gen_pd_row[7].gen_pd_col[1].u_pd/nfast_hit_ |  0.680   |  0.656 | -0.023 | tc_view | 
     | latched_reg[0]/C (low)                             |          |        |        |         | 
     | u_core_gen_pd_row[4].gen_pd_col[3].u_pd/nfast_hit_ |  0.680   |  0.656 | -0.023 | tc_view | 
     | latched_reg[0]/C (low)                             |          |        |        |         | 
     | u_core_gen_pd_row[3].gen_pd_col[3].u_pd/nfast_hit_ |  0.680   |  0.656 | -0.023 | tc_view | 
     | latched_reg[0]/C (low)                             |          |        |        |         | 
     | u_core_gen_pd_row[6].gen_pd_col[3].u_pd/nfast_hit_ |  0.680   |  0.656 | -0.023 | tc_view | 
     | latched_reg[0]/C (low)                             |          |        |        |         | 
     | u_core_gen_pd_row[2].gen_pd_col[3].u_pd/nfast_hit_ |  0.680   |  0.656 | -0.023 | tc_view | 
     | latched_reg[0]/C (low)                             |          |        |        |         | 
     | u_core_gen_pd_row[7].gen_pd_col[3].u_pd/nfast_hit_ |  0.680   |  0.656 | -0.023 | tc_view | 
     | latched_reg[0]/C (low)                             |          |        |        |         | 
     | u_core_gen_pd_row[5].gen_pd_col[6].u_pd/nfast_hit_ |  0.680   |  0.656 | -0.023 | tc_view | 
     | latched_reg[0]/C (low)                             |          |        |        |         | 
     | u_core_gen_pd_row[4].gen_pd_col[6].u_pd/nfast_hit_ |  0.680   |  0.656 | -0.023 | tc_view | 
     | latched_reg[0]/C (low)                             |          |        |        |         | 
     | u_core_gen_pd_row[2].gen_pd_col[6].u_pd/nfast_hit_ |  0.680   |  0.656 | -0.023 | tc_view | 
     | latched_reg[0]/C (low)                             |          |        |        |         | 
     | u_core_gen_pd_row[1].gen_pd_col[6].u_pd/nfast_hit_ |  0.680   |  0.656 | -0.023 | tc_view | 
     | latched_reg[0]/C (low)                             |          |        |        |         | 
     | u_core_gen_pd_row[7].gen_pd_col[6].u_pd/nfast_hit_ |  0.680   |  0.656 | -0.023 | tc_view | 
     | latched_reg[0]/C (low)                             |          |        |        |         | 
     | u_core_gen_pd_row[6].gen_pd_col[6].u_pd/nfast_hit_ |  0.680   |  0.656 | -0.023 | tc_view | 
     | latched_reg[0]/C (low)                             |          |        |        |         | 
     | u_core_gen_pd_row[0].gen_pd_col[6].u_pd/nfast_hit_ |  0.680   |  0.656 | -0.023 | tc_view | 
     | latched_reg[0]/C (low)                             |          |        |        |         | 
     | u_core_gen_fast_tag_col[6].u_fast_tag_tag_o_reg[0] |  0.679   |  0.656 | -0.022 | tc_view | 
     | /C (low)                                           |          |        |        |         | 
     | u_core_u_rst_fast_sync/sync_q_reg[1]/C (low)       |  0.678   |  0.656 | -0.021 | tc_view | 
     | u_core_gen_pd_row[7].gen_pd_col[0].u_pd/hit_latche |  0.678   |  0.656 | -0.021 | tc_view | 
     | d_reg/C (low)                                      |          |        |        |         | 
     | u_core_gen_pd_row[6].gen_pd_col[0].u_pd/hit_latche |  0.678   |  0.656 | -0.021 | tc_view | 
     | d_reg/C (low)                                      |          |        |        |         | 
     | u_core_gen_pd_row[5].gen_pd_col[0].u_pd/hit_latche |  0.678   |  0.656 | -0.021 | tc_view | 
     | d_reg/C (low)                                      |          |        |        |         | 
     | u_core_gen_pd_row[4].gen_pd_col[0].u_pd/hit_latche |  0.678   |  0.656 | -0.021 | tc_view | 
     | d_reg/C (low)                                      |          |        |        |         | 
     | u_core_gen_pd_row[3].gen_pd_col[0].u_pd/hit_latche |  0.678   |  0.656 | -0.021 | tc_view | 
     | d_reg/C (low)                                      |          |        |        |         | 
     | u_core_gen_pd_row[2].gen_pd_col[0].u_pd/hit_latche |  0.678   |  0.656 | -0.021 | tc_view | 
     | d_reg/C (low)                                      |          |        |        |         | 
     | u_core_gen_fast_tag_col[0].u_fast_tag_tag_o_reg[4] |  0.678   |  0.656 | -0.021 | tc_view | 
     | /C (low)                                           |          |        |        |         | 
     | u_core_gen_fast_tag_col[0].u_fast_tag_tag_o_reg[3] |  0.678   |  0.656 | -0.021 | tc_view | 
     | /C (low)                                           |          |        |        |         | 
     | u_core_gen_fast_tag_col[0].u_fast_tag_tag_o_reg[2] |  0.678   |  0.656 | -0.021 | tc_view | 
     | /C (low)                                           |          |        |        |         | 
     | u_core_gen_fast_tag_col[0].u_fast_tag_tag_o_reg[1] |  0.678   |  0.656 | -0.021 | tc_view | 
     | /C (low)                                           |          |        |        |         | 
     | u_core_gen_pd_row[1].gen_pd_col[0].u_pd/hit_latche |  0.678   |  0.656 | -0.021 | tc_view | 
     | d_reg/C (low)                                      |          |        |        |         | 
     | u_core_gen_fast_tag_col[0].u_fast_tag_tag_o_reg[5] |  0.678   |  0.656 | -0.021 | tc_view | 
     | /C (low)                                           |          |        |        |         | 
     | u_core_gen_pd_row[0].gen_pd_col[0].u_pd/hit_latche |  0.678   |  0.656 | -0.021 | tc_view | 
     | d_reg/C (low)                                      |          |        |        |         | 
     | u_core_gen_fast_tag_col[0].u_fast_tag_tag_o_reg[6] |  0.678   |  0.656 | -0.021 | tc_view | 
     | /C (low)                                           |          |        |        |         | 
     | u_core_gen_pd_row[5].gen_pd_col[1].u_pd/hit_latche |  0.678   |  0.656 | -0.021 | tc_view | 
     | d_reg/C (low)                                      |          |        |        |         | 
     | u_core_gen_pd_row[4].gen_pd_col[1].u_pd/hit_latche |  0.678   |  0.656 | -0.021 | tc_view | 
     | d_reg/C (low)                                      |          |        |        |         | 
     | u_core_gen_pd_row[3].gen_pd_col[1].u_pd/hit_latche |  0.678   |  0.656 | -0.021 | tc_view | 
     | d_reg/C (low)                                      |          |        |        |         | 
     | u_core_gen_fast_tag_col[1].u_fast_tag_tag_o_reg[3] |  0.678   |  0.656 | -0.021 | tc_view | 
     | /C (low)                                           |          |        |        |         | 
     | u_core_gen_fast_tag_col[1].u_fast_tag_tag_o_reg[2] |  0.678   |  0.656 | -0.021 | tc_view | 
     | /C (low)                                           |          |        |        |         | 
     | u_core_gen_fast_tag_col[1].u_fast_tag_tag_o_reg[1] |  0.678   |  0.656 | -0.021 | tc_view | 
     | /C (low)                                           |          |        |        |         | 
     | u_core_gen_pd_row[6].gen_pd_col[1].u_pd/hit_latche |  0.678   |  0.656 | -0.021 | tc_view | 
     | d_reg/C (low)                                      |          |        |        |         | 
     | u_core_gen_pd_row[2].gen_pd_col[1].u_pd/hit_latche |  0.678   |  0.656 | -0.021 | tc_view | 
     | d_reg/C (low)                                      |          |        |        |         | 
     | u_core_gen_fast_tag_col[1].u_fast_tag_tag_o_reg[5] |  0.678   |  0.656 | -0.021 | tc_view | 
     | /C (low)                                           |          |        |        |         | 
     | u_core_gen_fast_tag_col[1].u_fast_tag_tag_o_reg[4] |  0.678   |  0.656 | -0.021 | tc_view | 
     | /C (low)                                           |          |        |        |         | 
     | u_core_gen_pd_row[0].gen_pd_col[1].u_pd/hit_latche |  0.678   |  0.656 | -0.021 | tc_view | 
     | d_reg/C (low)                                      |          |        |        |         | 
     | u_core_gen_fast_tag_col[1].u_fast_tag_tag_o_reg[6] |  0.678   |  0.656 | -0.021 | tc_view | 
     | /C (low)                                           |          |        |        |         | 
     | u_core_gen_pd_row[7].gen_pd_col[2].u_pd/hit_latche |  0.678   |  0.656 | -0.021 | tc_view | 
     | d_reg/C (low)                                      |          |        |        |         | 
     | u_core_gen_pd_row[6].gen_pd_col[2].u_pd/hit_latche |  0.678   |  0.656 | -0.021 | tc_view | 
     | d_reg/C (low)                                      |          |        |        |         | 
     | u_core_gen_pd_row[5].gen_pd_col[2].u_pd/hit_latche |  0.678   |  0.656 | -0.021 | tc_view | 
     | d_reg/C (low)                                      |          |        |        |         | 
     | u_core_gen_fast_tag_col[2].u_fast_tag_tag_o_reg[4] |  0.678   |  0.656 | -0.021 | tc_view | 
     | /C (low)                                           |          |        |        |         | 
     | u_core_gen_fast_tag_col[2].u_fast_tag_tag_o_reg[3] |  0.678   |  0.656 | -0.021 | tc_view | 
     | /C (low)                                           |          |        |        |         | 
     | u_core_gen_fast_tag_col[2].u_fast_tag_tag_o_reg[2] |  0.678   |  0.656 | -0.021 | tc_view | 
     | /C (low)                                           |          |        |        |         | 
     | u_core_gen_fast_tag_col[2].u_fast_tag_tag_o_reg[1] |  0.678   |  0.656 | -0.021 | tc_view | 
     | /C (low)                                           |          |        |        |         | 
     | u_core_gen_pd_row[4].gen_pd_col[2].u_pd/hit_latche |  0.678   |  0.656 | -0.021 | tc_view | 
     | d_reg/C (low)                                      |          |        |        |         | 
     | u_core_gen_pd_row[3].gen_pd_col[2].u_pd/hit_latche |  0.678   |  0.656 | -0.021 | tc_view | 
     | d_reg/C (low)                                      |          |        |        |         | 
     | u_core_gen_pd_row[1].gen_pd_col[2].u_pd/hit_latche |  0.678   |  0.656 | -0.021 | tc_view | 
     | d_reg/C (low)                                      |          |        |        |         | 
     | u_core_gen_fast_tag_col[2].u_fast_tag_tag_o_reg[5] |  0.678   |  0.656 | -0.021 | tc_view | 
     | /C (low)                                           |          |        |        |         | 
     | u_core_gen_pd_row[0].gen_pd_col[2].u_pd/hit_latche |  0.678   |  0.656 | -0.021 | tc_view | 
     | d_reg/C (low)                                      |          |        |        |         | 
     | u_core_gen_fast_tag_col[2].u_fast_tag_tag_o_reg[6] |  0.678   |  0.656 | -0.021 | tc_view | 
     | /C (low)                                           |          |        |        |         | 
     | u_core_gen_pd_row[7].gen_pd_col[3].u_pd/hit_latche |  0.678   |  0.656 | -0.021 | tc_view | 
     | d_reg/C (low)                                      |          |        |        |         | 
     | u_core_gen_pd_row[6].gen_pd_col[3].u_pd/hit_latche |  0.678   |  0.656 | -0.021 | tc_view | 
     | d_reg/C (low)                                      |          |        |        |         | 
     | u_core_gen_pd_row[5].gen_pd_col[3].u_pd/hit_latche |  0.678   |  0.656 | -0.021 | tc_view | 
     | d_reg/C (low)                                      |          |        |        |         | 
     | u_core_gen_pd_row[4].gen_pd_col[3].u_pd/hit_latche |  0.678   |  0.656 | -0.021 | tc_view | 
     | d_reg/C (low)                                      |          |        |        |         | 
     | u_core_gen_pd_row[3].gen_pd_col[3].u_pd/hit_latche |  0.678   |  0.656 | -0.021 | tc_view | 
     | d_reg/C (low)                                      |          |        |        |         | 
     | u_core_gen_pd_row[2].gen_pd_col[3].u_pd/hit_latche |  0.678   |  0.656 | -0.021 | tc_view | 
     | d_reg/C (low)                                      |          |        |        |         | 
     | u_core_gen_fast_tag_col[3].u_fast_tag_tag_o_reg[4] |  0.678   |  0.656 | -0.021 | tc_view | 
     | /C (low)                                           |          |        |        |         | 
     | u_core_gen_fast_tag_col[3].u_fast_tag_tag_o_reg[3] |  0.678   |  0.656 | -0.021 | tc_view | 
     | /C (low)                                           |          |        |        |         | 
     | u_core_gen_fast_tag_col[3].u_fast_tag_tag_o_reg[2] |  0.678   |  0.656 | -0.021 | tc_view | 
     | /C (low)                                           |          |        |        |         | 
     | u_core_gen_fast_tag_col[3].u_fast_tag_tag_o_reg[1] |  0.678   |  0.656 | -0.021 | tc_view | 
     | /C (low)                                           |          |        |        |         | 
     | u_core_gen_pd_row[1].gen_pd_col[3].u_pd/hit_latche |  0.678   |  0.656 | -0.021 | tc_view | 
     | d_reg/C (low)                                      |          |        |        |         | 
     | u_core_gen_fast_tag_col[3].u_fast_tag_tag_o_reg[5] |  0.678   |  0.656 | -0.021 | tc_view | 
     | /C (low)                                           |          |        |        |         | 
     | u_core_gen_pd_row[0].gen_pd_col[3].u_pd/hit_latche |  0.678   |  0.656 | -0.021 | tc_view | 
     | d_reg/C (low)                                      |          |        |        |         | 
     | u_core_gen_fast_tag_col[3].u_fast_tag_tag_o_reg[6] |  0.678   |  0.656 | -0.021 | tc_view | 
     | /C (low)                                           |          |        |        |         | 
     | u_core_gen_pd_row[6].gen_pd_col[4].u_pd/hit_latche |  0.678   |  0.656 | -0.021 | tc_view | 
     | d_reg/C (low)                                      |          |        |        |         | 
     | u_core_gen_pd_row[5].gen_pd_col[4].u_pd/hit_latche |  0.678   |  0.656 | -0.021 | tc_view | 
     | d_reg/C (low)                                      |          |        |        |         | 
     | u_core_gen_pd_row[4].gen_pd_col[4].u_pd/hit_latche |  0.678   |  0.656 | -0.021 | tc_view | 
     | d_reg/C (low)                                      |          |        |        |         | 
     | u_core_gen_fast_tag_col[4].u_fast_tag_tag_o_reg[3] |  0.678   |  0.656 | -0.021 | tc_view | 
     | /C (low)                                           |          |        |        |         | 
     | u_core_gen_fast_tag_col[4].u_fast_tag_tag_o_reg[2] |  0.678   |  0.656 | -0.021 | tc_view | 
     | /C (low)                                           |          |        |        |         | 
     | u_core_gen_fast_tag_col[4].u_fast_tag_tag_o_reg[1] |  0.678   |  0.656 | -0.021 | tc_view | 
     | /C (low)                                           |          |        |        |         | 
     | u_core_gen_pd_row[7].gen_pd_col[4].u_pd/hit_latche |  0.678   |  0.656 | -0.021 | tc_view | 
     | d_reg/C (low)                                      |          |        |        |         | 
     | u_core_gen_pd_row[3].gen_pd_col[4].u_pd/hit_latche |  0.678   |  0.656 | -0.021 | tc_view | 
     | d_reg/C (low)                                      |          |        |        |         | 
     | u_core_gen_fast_tag_col[4].u_fast_tag_tag_o_reg[5] |  0.678   |  0.656 | -0.021 | tc_view | 
     | /C (low)                                           |          |        |        |         | 
     | u_core_gen_fast_tag_col[4].u_fast_tag_tag_o_reg[4] |  0.678   |  0.656 | -0.021 | tc_view | 
     | /C (low)                                           |          |        |        |         | 
     | u_core_gen_pd_row[1].gen_pd_col[4].u_pd/hit_latche |  0.678   |  0.656 | -0.021 | tc_view | 
     | d_reg/C (low)                                      |          |        |        |         | 
     | u_core_gen_fast_tag_col[4].u_fast_tag_tag_o_reg[6] |  0.678   |  0.656 | -0.021 | tc_view | 
     | /C (low)                                           |          |        |        |         | 
     | u_core_gen_pd_row[6].gen_pd_col[5].u_pd/hit_latche |  0.678   |  0.656 | -0.021 | tc_view | 
     | d_reg/C (low)                                      |          |        |        |         | 
     | u_core_gen_pd_row[5].gen_pd_col[5].u_pd/hit_latche |  0.678   |  0.656 | -0.021 | tc_view | 
     | d_reg/C (low)                                      |          |        |        |         | 
     | u_core_gen_pd_row[4].gen_pd_col[5].u_pd/hit_latche |  0.678   |  0.656 | -0.021 | tc_view | 
     | d_reg/C (low)                                      |          |        |        |         | 
     | u_core_gen_fast_tag_col[5].u_fast_tag_tag_o_reg[3] |  0.678   |  0.656 | -0.021 | tc_view | 
     | /C (low)                                           |          |        |        |         | 
     | u_core_gen_fast_tag_col[5].u_fast_tag_tag_o_reg[2] |  0.678   |  0.656 | -0.021 | tc_view | 
     | /C (low)                                           |          |        |        |         | 
     | u_core_gen_fast_tag_col[5].u_fast_tag_tag_o_reg[1] |  0.678   |  0.656 | -0.021 | tc_view | 
     | /C (low)                                           |          |        |        |         | 
     | u_core_gen_pd_row[7].gen_pd_col[5].u_pd/hit_latche |  0.678   |  0.656 | -0.021 | tc_view | 
     | d_reg/C (low)                                      |          |        |        |         | 
     | u_core_gen_pd_row[3].gen_pd_col[5].u_pd/hit_latche |  0.678   |  0.656 | -0.021 | tc_view | 
     | d_reg/C (low)                                      |          |        |        |         | 
     | u_core_gen_pd_row[2].gen_pd_col[5].u_pd/hit_latche |  0.678   |  0.656 | -0.021 | tc_view | 
     | d_reg/C (low)                                      |          |        |        |         | 
     | u_core_gen_pd_row[1].gen_pd_col[5].u_pd/hit_latche |  0.678   |  0.656 | -0.021 | tc_view | 
     | d_reg/C (low)                                      |          |        |        |         | 
     | u_core_gen_fast_tag_col[5].u_fast_tag_tag_o_reg[5] |  0.678   |  0.656 | -0.021 | tc_view | 
     | /C (low)                                           |          |        |        |         | 
     | u_core_gen_fast_tag_col[5].u_fast_tag_tag_o_reg[4] |  0.678   |  0.656 | -0.021 | tc_view | 
     | /C (low)                                           |          |        |        |         | 
     | u_core_gen_pd_row[0].gen_pd_col[5].u_pd/hit_latche |  0.678   |  0.656 | -0.021 | tc_view | 
     | d_reg/C (low)                                      |          |        |        |         | 
     | u_core_gen_fast_tag_col[5].u_fast_tag_tag_o_reg[6] |  0.678   |  0.656 | -0.021 | tc_view | 
     | /C (low)                                           |          |        |        |         | 
     | u_core_gen_pd_row[7].gen_pd_col[6].u_pd/hit_latche |  0.678   |  0.656 | -0.021 | tc_view | 
     | d_reg/C (low)                                      |          |        |        |         | 
     | u_core_gen_pd_row[6].gen_pd_col[6].u_pd/hit_latche |  0.678   |  0.656 | -0.021 | tc_view | 
     | d_reg/C (low)                                      |          |        |        |         | 
     | u_core_gen_pd_row[5].gen_pd_col[6].u_pd/hit_latche |  0.678   |  0.656 | -0.021 | tc_view | 
     | d_reg/C (low)                                      |          |        |        |         | 
     | u_core_gen_pd_row[4].gen_pd_col[6].u_pd/hit_latche |  0.678   |  0.656 | -0.021 | tc_view | 
     | d_reg/C (low)                                      |          |        |        |         | 
     | u_core_gen_pd_row[3].gen_pd_col[6].u_pd/hit_latche |  0.678   |  0.656 | -0.021 | tc_view | 
     | d_reg/C (low)                                      |          |        |        |         | 
     | u_core_gen_pd_row[2].gen_pd_col[6].u_pd/hit_latche |  0.678   |  0.656 | -0.021 | tc_view | 
     | d_reg/C (low)                                      |          |        |        |         | 
     | u_core_gen_fast_tag_col[6].u_fast_tag_tag_o_reg[4] |  0.678   |  0.656 | -0.021 | tc_view | 
     | /C (low)                                           |          |        |        |         | 
     | u_core_gen_fast_tag_col[6].u_fast_tag_tag_o_reg[3] |  0.678   |  0.656 | -0.021 | tc_view | 
     | /C (low)                                           |          |        |        |         | 
     | u_core_gen_fast_tag_col[6].u_fast_tag_tag_o_reg[2] |  0.678   |  0.656 | -0.021 | tc_view | 
     | /C (low)                                           |          |        |        |         | 
     | u_core_gen_fast_tag_col[6].u_fast_tag_tag_o_reg[1] |  0.678   |  0.656 | -0.021 | tc_view | 
     | /C (low)                                           |          |        |        |         | 
     | u_core_gen_pd_row[1].gen_pd_col[6].u_pd/hit_latche |  0.678   |  0.656 | -0.021 | tc_view | 
     | d_reg/C (low)                                      |          |        |        |         | 
     | u_core_gen_fast_tag_col[6].u_fast_tag_tag_o_reg[5] |  0.678   |  0.656 | -0.021 | tc_view | 
     | /C (low)                                           |          |        |        |         | 
     | u_core_gen_pd_row[0].gen_pd_col[6].u_pd/hit_latche |  0.678   |  0.656 | -0.021 | tc_view | 
     | d_reg/C (low)                                      |          |        |        |         | 
     | u_core_gen_fast_tag_col[6].u_fast_tag_tag_o_reg[6] |  0.678   |  0.656 | -0.021 | tc_view | 
     | /C (low)                                           |          |        |        |         | 
     | u_core_gen_pd_row[6].gen_pd_col[7].u_pd/hit_latche |  0.678   |  0.656 | -0.021 | tc_view | 
     | d_reg/C (low)                                      |          |        |        |         | 
     | u_core_gen_pd_row[5].gen_pd_col[7].u_pd/hit_latche |  0.678   |  0.656 | -0.021 | tc_view | 
     | d_reg/C (low)                                      |          |        |        |         | 
     | u_core_gen_pd_row[4].gen_pd_col[7].u_pd/hit_latche |  0.678   |  0.656 | -0.021 | tc_view | 
     | d_reg/C (low)                                      |          |        |        |         | 
     | u_core_gen_fast_tag_col[7].u_fast_tag_tag_o_reg[3] |  0.678   |  0.656 | -0.021 | tc_view | 
     | /C (low)                                           |          |        |        |         | 
     | u_core_gen_fast_tag_col[7].u_fast_tag_tag_o_reg[2] |  0.678   |  0.656 | -0.021 | tc_view | 
     | /C (low)                                           |          |        |        |         | 
     | u_core_gen_fast_tag_col[7].u_fast_tag_tag_o_reg[1] |  0.678   |  0.656 | -0.021 | tc_view | 
     | /C (low)                                           |          |        |        |         | 
     | u_core_gen_pd_row[7].gen_pd_col[7].u_pd/hit_latche |  0.678   |  0.656 | -0.021 | tc_view | 
     | d_reg/C (low)                                      |          |        |        |         | 
     | u_core_gen_pd_row[3].gen_pd_col[7].u_pd/hit_latche |  0.678   |  0.656 | -0.021 | tc_view | 
     | d_reg/C (low)                                      |          |        |        |         | 
     | u_core_gen_fast_tag_col[7].u_fast_tag_tag_o_reg[5] |  0.678   |  0.656 | -0.021 | tc_view | 
     | /C (low)                                           |          |        |        |         | 
     | u_core_gen_fast_tag_col[7].u_fast_tag_tag_o_reg[4] |  0.678   |  0.656 | -0.021 | tc_view | 
     | /C (low)                                           |          |        |        |         | 
     | u_core_gen_pd_row[2].gen_pd_col[7].u_pd/hit_latche |  0.678   |  0.656 | -0.021 | tc_view | 
     | d_reg/C (low)                                      |          |        |        |         | 
     | u_core_gen_fast_tag_col[7].u_fast_tag_tag_o_reg[6] |  0.678   |  0.656 | -0.021 | tc_view | 
     | /C (low)                                           |          |        |        |         | 
     | u_core_gen_pd_row[7].gen_pd_col[1].u_pd/hit_latche |  0.676   |  0.656 | -0.020 | tc_view | 
     | d_reg/C (low)                                      |          |        |        |         | 
     | u_core_gen_pd_row[1].gen_pd_col[1].u_pd/hit_latche |  0.676   |  0.656 | -0.020 | tc_view | 
     | d_reg/C (low)                                      |          |        |        |         | 
     | u_core_gen_pd_row[2].gen_pd_col[2].u_pd/hit_latche |  0.676   |  0.656 | -0.020 | tc_view | 
     | d_reg/C (low)                                      |          |        |        |         | 
     | u_core_gen_pd_row[0].gen_pd_col[4].u_pd/hit_latche |  0.676   |  0.656 | -0.020 | tc_view | 
     | d_reg/C (low)                                      |          |        |        |         | 
     | u_core_gen_pd_row[2].gen_pd_col[4].u_pd/hit_latche |  0.676   |  0.656 | -0.020 | tc_view | 
     | d_reg/C (low)                                      |          |        |        |         | 
     | u_core_gen_pd_row[0].gen_pd_col[7].u_pd/hit_latche |  0.676   |  0.656 | -0.020 | tc_view | 
     | d_reg/C (low)                                      |          |        |        |         | 
     | u_core_gen_pd_row[1].gen_pd_col[7].u_pd/hit_latche |  0.676   |  0.656 | -0.020 | tc_view | 
     | d_reg/C (low)                                      |          |        |        |         | 
     | u_core_gen_pd_row[4].gen_pd_col[5].u_pd/q2_reg/C ( |  0.671   |  0.656 | -0.014 | tc_view | 
     | low)                                               |          |        |        |         | 
     | u_core_gen_pd_row[3].gen_pd_col[5].u_pd/q1_reg/C ( |  0.671   |  0.656 | -0.014 | tc_view | 
     | low)                                               |          |        |        |         | 
     | u_core_gen_pd_row[3].gen_pd_col[5].u_pd/q2_reg/C ( |  0.671   |  0.656 | -0.014 | tc_view | 
     | low)                                               |          |        |        |         | 
     | u_core_gen_pd_row[2].gen_pd_col[5].u_pd/q1_reg/C ( |  0.671   |  0.656 | -0.014 | tc_view | 
     | low)                                               |          |        |        |         | 
     | u_core_gen_pd_row[2].gen_pd_col[5].u_pd/q2_reg/C ( |  0.671   |  0.656 | -0.014 | tc_view | 
     | low)                                               |          |        |        |         | 
     | u_core_gen_pd_row[6].gen_pd_col[5].u_pd/q2_reg/C ( |  0.671   |  0.656 | -0.014 | tc_view | 
     | low)                                               |          |        |        |         | 
     | u_core_gen_pd_row[5].gen_pd_col[5].u_pd/q1_reg/C ( |  0.671   |  0.656 | -0.014 | tc_view | 
     | low)                                               |          |        |        |         | 
     | u_core_gen_pd_row[5].gen_pd_col[5].u_pd/q2_reg/C ( |  0.671   |  0.656 | -0.014 | tc_view | 
     | low)                                               |          |        |        |         | 
     | u_core_gen_pd_row[4].gen_pd_col[5].u_pd/q1_reg/C ( |  0.671   |  0.656 | -0.014 | tc_view | 
     | low)                                               |          |        |        |         | 
     | u_core_gen_pd_row[1].gen_pd_col[5].u_pd/q1_reg/C ( |  0.671   |  0.656 | -0.014 | tc_view | 
     | low)                                               |          |        |        |         | 
     | u_core_gen_pd_row[1].gen_pd_col[5].u_pd/q2_reg/C ( |  0.671   |  0.656 | -0.014 | tc_view | 
     | low)                                               |          |        |        |         | 
     | u_core_gen_pd_row[7].gen_pd_col[5].u_pd/q2_reg/C ( |  0.671   |  0.656 | -0.014 | tc_view | 
     | low)                                               |          |        |        |         | 
     | u_core_gen_pd_row[6].gen_pd_col[5].u_pd/q1_reg/C ( |  0.671   |  0.656 | -0.014 | tc_view | 
     | low)                                               |          |        |        |         | 
     | u_core_gen_pd_row[0].gen_pd_col[5].u_pd/q1_reg/C ( |  0.671   |  0.656 | -0.014 | tc_view | 
     | low)                                               |          |        |        |         | 
     | u_core_gen_pd_row[7].gen_pd_col[5].u_pd/q1_reg/C ( |  0.671   |  0.656 | -0.014 | tc_view | 
     | low)                                               |          |        |        |         | 
     | u_core_gen_pd_row[0].gen_pd_col[5].u_pd/q2_reg/C ( |  0.671   |  0.656 | -0.014 | tc_view | 
     | low)                                               |          |        |        |         | 
     | u_core_gen_fast_tag_col[5].u_fast_tag_tag_o_reg[0] |  0.671   |  0.656 | -0.014 | tc_view | 
     | /C (low)                                           |          |        |        |         | 
     | u_core_gen_pd_row[3].gen_pd_col[7].u_pd/q1_reg/C ( |  0.671   |  0.656 | -0.014 | tc_view | 
     | low)                                               |          |        |        |         | 
     | u_core_gen_pd_row[3].gen_pd_col[7].u_pd/q2_reg/C ( |  0.671   |  0.656 | -0.014 | tc_view | 
     | low)                                               |          |        |        |         | 
     | u_core_gen_pd_row[2].gen_pd_col[7].u_pd/nfast_hit_ |  0.671   |  0.656 | -0.014 | tc_view | 
     | latched_reg[0]/C (low)                             |          |        |        |         | 
     | u_core_gen_pd_row[2].gen_pd_col[7].u_pd/q1_reg/C ( |  0.671   |  0.656 | -0.014 | tc_view | 
     | low)                                               |          |        |        |         | 
     | u_core_gen_pd_row[2].gen_pd_col[7].u_pd/q2_reg/C ( |  0.671   |  0.656 | -0.014 | tc_view | 
     | low)                                               |          |        |        |         | 
     | u_core_gen_pd_row[5].gen_pd_col[7].u_pd/q1_reg/C ( |  0.671   |  0.656 | -0.014 | tc_view | 
     | low)                                               |          |        |        |         | 
     | u_core_gen_pd_row[5].gen_pd_col[7].u_pd/q2_reg/C ( |  0.671   |  0.656 | -0.014 | tc_view | 
     | low)                                               |          |        |        |         | 
     | u_core_gen_pd_row[4].gen_pd_col[7].u_pd/q1_reg/C ( |  0.671   |  0.656 | -0.014 | tc_view | 
     | low)                                               |          |        |        |         | 
     | u_core_gen_pd_row[4].gen_pd_col[7].u_pd/q2_reg/C ( |  0.671   |  0.656 | -0.014 | tc_view | 
     | low)                                               |          |        |        |         | 
     | u_core_gen_pd_row[1].gen_pd_col[7].u_pd/q1_reg/C ( |  0.671   |  0.656 | -0.014 | tc_view | 
     | low)                                               |          |        |        |         | 
     | u_core_gen_pd_row[1].gen_pd_col[7].u_pd/q2_reg/C ( |  0.671   |  0.656 | -0.014 | tc_view | 
     | low)                                               |          |        |        |         | 
     | u_core_gen_pd_row[7].gen_pd_col[7].u_pd/q2_reg/C ( |  0.671   |  0.656 | -0.014 | tc_view | 
     | low)                                               |          |        |        |         | 
     | u_core_gen_pd_row[6].gen_pd_col[7].u_pd/q1_reg/C ( |  0.671   |  0.656 | -0.014 | tc_view | 
     | low)                                               |          |        |        |         | 
     | u_core_gen_pd_row[6].gen_pd_col[7].u_pd/q2_reg/C ( |  0.671   |  0.656 | -0.014 | tc_view | 
     | low)                                               |          |        |        |         | 
     | u_core_gen_pd_row[5].gen_pd_col[7].u_pd/nfast_hit_ |  0.671   |  0.656 | -0.014 | tc_view | 
     | latched_reg[0]/C (low)                             |          |        |        |         | 
     | u_core_gen_pd_row[0].gen_pd_col[7].u_pd/q1_reg/C ( |  0.671   |  0.656 | -0.014 | tc_view | 
     | low)                                               |          |        |        |         | 
     | u_core_gen_pd_row[7].gen_pd_col[7].u_pd/nfast_hit_ |  0.671   |  0.656 | -0.014 | tc_view | 
     | latched_reg[0]/C (low)                             |          |        |        |         | 
     | u_core_gen_pd_row[7].gen_pd_col[7].u_pd/q1_reg/C ( |  0.671   |  0.656 | -0.014 | tc_view | 
     | low)                                               |          |        |        |         | 
     | u_core_gen_pd_row[0].gen_pd_col[7].u_pd/q2_reg/C ( |  0.671   |  0.656 | -0.014 | tc_view | 
     | low)                                               |          |        |        |         | 
     | u_core_gen_fast_tag_col[7].u_fast_tag_tag_o_reg[0] |  0.671   |  0.656 | -0.014 | tc_view | 
     | /C (low)                                           |          |        |        |         | 
     | u_core_gen_pd_row[4].gen_pd_col[0].u_pd/q2_reg/C ( |  0.671   |  0.656 | -0.014 | tc_view | 
     | low)                                               |          |        |        |         | 
     | u_core_gen_pd_row[3].gen_pd_col[0].u_pd/q1_reg/C ( |  0.671   |  0.656 | -0.014 | tc_view | 
     | low)                                               |          |        |        |         | 
     | u_core_gen_pd_row[3].gen_pd_col[0].u_pd/q2_reg/C ( |  0.671   |  0.656 | -0.014 | tc_view | 
     | low)                                               |          |        |        |         | 
     | u_core_gen_pd_row[2].gen_pd_col[0].u_pd/q1_reg/C ( |  0.671   |  0.656 | -0.014 | tc_view | 
     | low)                                               |          |        |        |         | 
     | u_core_gen_pd_row[2].gen_pd_col[0].u_pd/q2_reg/C ( |  0.671   |  0.656 | -0.014 | tc_view | 
     | low)                                               |          |        |        |         | 
     | u_core_gen_pd_row[6].gen_pd_col[0].u_pd/q2_reg/C ( |  0.671   |  0.656 | -0.014 | tc_view | 
     | low)                                               |          |        |        |         | 
     | u_core_gen_pd_row[5].gen_pd_col[0].u_pd/q1_reg/C ( |  0.671   |  0.656 | -0.014 | tc_view | 
     | low)                                               |          |        |        |         | 
     | u_core_gen_pd_row[5].gen_pd_col[0].u_pd/q2_reg/C ( |  0.671   |  0.656 | -0.014 | tc_view | 
     | low)                                               |          |        |        |         | 
     | u_core_gen_pd_row[4].gen_pd_col[0].u_pd/q1_reg/C ( |  0.671   |  0.656 | -0.014 | tc_view | 
     | low)                                               |          |        |        |         | 
     | u_core_gen_pd_row[1].gen_pd_col[0].u_pd/q1_reg/C ( |  0.671   |  0.656 | -0.014 | tc_view | 
     | low)                                               |          |        |        |         | 
     | u_core_gen_pd_row[1].gen_pd_col[0].u_pd/q2_reg/C ( |  0.671   |  0.656 | -0.014 | tc_view | 
     | low)                                               |          |        |        |         | 
     | u_core_gen_pd_row[7].gen_pd_col[0].u_pd/q2_reg/C ( |  0.671   |  0.656 | -0.014 | tc_view | 
     | low)                                               |          |        |        |         | 
     | u_core_gen_pd_row[6].gen_pd_col[0].u_pd/q1_reg/C ( |  0.671   |  0.656 | -0.014 | tc_view | 
     | low)                                               |          |        |        |         | 
     | u_core_gen_pd_row[0].gen_pd_col[0].u_pd/q1_reg/C ( |  0.671   |  0.656 | -0.014 | tc_view | 
     | low)                                               |          |        |        |         | 
     | u_core_gen_pd_row[7].gen_pd_col[0].u_pd/q1_reg/C ( |  0.671   |  0.656 | -0.014 | tc_view | 
     | low)                                               |          |        |        |         | 
     | u_core_gen_pd_row[0].gen_pd_col[0].u_pd/q2_reg/C ( |  0.671   |  0.656 | -0.014 | tc_view | 
     | low)                                               |          |        |        |         | 
     | u_core_gen_fast_tag_col[0].u_fast_tag_tag_o_reg[0] |  0.671   |  0.656 | -0.014 | tc_view | 
     | /C (low)                                           |          |        |        |         | 
     | u_core_gen_pd_row[3].gen_pd_col[1].u_pd/nfast_hit_ |  0.671   |  0.656 | -0.014 | tc_view | 
     | latched_reg[0]/C (low)                             |          |        |        |         | 
     | u_core_gen_pd_row[3].gen_pd_col[1].u_pd/q1_reg/C ( |  0.671   |  0.656 | -0.014 | tc_view | 
     | low)                                               |          |        |        |         | 
     | u_core_gen_pd_row[3].gen_pd_col[1].u_pd/q2_reg/C ( |  0.671   |  0.656 | -0.014 | tc_view | 
     | low)                                               |          |        |        |         | 
     | u_core_gen_pd_row[2].gen_pd_col[1].u_pd/q1_reg/C ( |  0.671   |  0.656 | -0.014 | tc_view | 
     | low)                                               |          |        |        |         | 
     | u_core_gen_pd_row[2].gen_pd_col[1].u_pd/q2_reg/C ( |  0.671   |  0.656 | -0.014 | tc_view | 
     | low)                                               |          |        |        |         | 
     | u_core_gen_pd_row[5].gen_pd_col[1].u_pd/q1_reg/C ( |  0.671   |  0.656 | -0.014 | tc_view | 
     | low)                                               |          |        |        |         | 
     | u_core_gen_pd_row[5].gen_pd_col[1].u_pd/q2_reg/C ( |  0.671   |  0.656 | -0.014 | tc_view | 
     | low)                                               |          |        |        |         | 
     | u_core_gen_pd_row[4].gen_pd_col[1].u_pd/q1_reg/C ( |  0.671   |  0.656 | -0.014 | tc_view | 
     | low)                                               |          |        |        |         | 
     | u_core_gen_pd_row[4].gen_pd_col[1].u_pd/q2_reg/C ( |  0.671   |  0.656 | -0.014 | tc_view | 
     | low)                                               |          |        |        |         | 
     | u_core_gen_pd_row[1].gen_pd_col[1].u_pd/q1_reg/C ( |  0.671   |  0.656 | -0.014 | tc_view | 
     | low)                                               |          |        |        |         | 
     | u_core_gen_pd_row[1].gen_pd_col[1].u_pd/q2_reg/C ( |  0.671   |  0.656 | -0.014 | tc_view | 
     | low)                                               |          |        |        |         | 
     | u_core_gen_pd_row[6].gen_pd_col[1].u_pd/q1_reg/C ( |  0.671   |  0.656 | -0.014 | tc_view | 
     | low)                                               |          |        |        |         | 
     | u_core_gen_pd_row[6].gen_pd_col[1].u_pd/q2_reg/C ( |  0.671   |  0.656 | -0.014 | tc_view | 
     | low)                                               |          |        |        |         | 
     | u_core_gen_pd_row[0].gen_pd_col[1].u_pd/q1_reg/C ( |  0.671   |  0.656 | -0.014 | tc_view | 
     | low)                                               |          |        |        |         | 
     | u_core_gen_pd_row[7].gen_pd_col[1].u_pd/q2_reg/C ( |  0.671   |  0.656 | -0.014 | tc_view | 
     | low)                                               |          |        |        |         | 
     | u_core_gen_pd_row[6].gen_pd_col[1].u_pd/nfast_hit_ |  0.671   |  0.656 | -0.014 | tc_view | 
     | latched_reg[0]/C (low)                             |          |        |        |         | 
     | u_core_gen_pd_row[0].gen_pd_col[1].u_pd/q2_reg/C ( |  0.671   |  0.656 | -0.014 | tc_view | 
     | low)                                               |          |        |        |         | 
     | u_core_gen_pd_row[7].gen_pd_col[1].u_pd/q1_reg/C ( |  0.671   |  0.656 | -0.014 | tc_view | 
     | low)                                               |          |        |        |         | 
     | u_core_gen_pd_row[4].gen_pd_col[2].u_pd/q2_reg/C ( |  0.671   |  0.656 | -0.014 | tc_view | 
     | low)                                               |          |        |        |         | 
     | u_core_gen_pd_row[3].gen_pd_col[2].u_pd/q1_reg/C ( |  0.671   |  0.656 | -0.014 | tc_view | 
     | low)                                               |          |        |        |         | 
     | u_core_gen_pd_row[3].gen_pd_col[2].u_pd/q2_reg/C ( |  0.671   |  0.656 | -0.014 | tc_view | 
     | low)                                               |          |        |        |         | 
     | u_core_gen_pd_row[2].gen_pd_col[2].u_pd/q1_reg/C ( |  0.671   |  0.656 | -0.014 | tc_view | 
     | low)                                               |          |        |        |         | 
     | u_core_gen_pd_row[2].gen_pd_col[2].u_pd/q2_reg/C ( |  0.671   |  0.656 | -0.014 | tc_view | 
     | low)                                               |          |        |        |         | 
     | u_core_gen_pd_row[1].gen_pd_col[2].u_pd/q1_reg/C ( |  0.671   |  0.656 | -0.014 | tc_view | 
     | low)                                               |          |        |        |         | 
     | u_core_gen_pd_row[1].gen_pd_col[2].u_pd/q2_reg/C ( |  0.671   |  0.656 | -0.014 | tc_view | 
     | low)                                               |          |        |        |         | 
     | u_core_gen_pd_row[6].gen_pd_col[2].u_pd/q2_reg/C ( |  0.671   |  0.656 | -0.014 | tc_view | 
     | low)                                               |          |        |        |         | 
     | u_core_gen_pd_row[5].gen_pd_col[2].u_pd/q1_reg/C ( |  0.671   |  0.656 | -0.014 | tc_view | 
     | low)                                               |          |        |        |         | 
     | u_core_gen_pd_row[5].gen_pd_col[2].u_pd/q2_reg/C ( |  0.671   |  0.656 | -0.014 | tc_view | 
     | low)                                               |          |        |        |         | 
     | u_core_gen_pd_row[4].gen_pd_col[2].u_pd/q1_reg/C ( |  0.671   |  0.656 | -0.014 | tc_view | 
     | low)                                               |          |        |        |         | 
     | u_core_gen_pd_row[0].gen_pd_col[2].u_pd/q1_reg/C ( |  0.671   |  0.656 | -0.014 | tc_view | 
     | low)                                               |          |        |        |         | 
     | u_core_gen_pd_row[7].gen_pd_col[2].u_pd/q2_reg/C ( |  0.671   |  0.656 | -0.014 | tc_view | 
     | low)                                               |          |        |        |         | 
     | u_core_gen_pd_row[6].gen_pd_col[2].u_pd/q1_reg/C ( |  0.671   |  0.656 | -0.014 | tc_view | 
     | low)                                               |          |        |        |         | 
     | u_core_gen_pd_row[0].gen_pd_col[2].u_pd/q2_reg/C ( |  0.671   |  0.656 | -0.014 | tc_view | 
     | low)                                               |          |        |        |         | 
     | u_core_gen_pd_row[7].gen_pd_col[2].u_pd/q1_reg/C ( |  0.671   |  0.656 | -0.014 | tc_view | 
     | low)                                               |          |        |        |         | 
     | u_core_gen_pd_row[4].gen_pd_col[3].u_pd/q2_reg/C ( |  0.671   |  0.656 | -0.014 | tc_view | 
     | low)                                               |          |        |        |         | 
     | u_core_gen_pd_row[3].gen_pd_col[3].u_pd/q1_reg/C ( |  0.671   |  0.656 | -0.014 | tc_view | 
     | low)                                               |          |        |        |         | 
     | u_core_gen_pd_row[3].gen_pd_col[3].u_pd/q2_reg/C ( |  0.671   |  0.656 | -0.014 | tc_view | 
     | low)                                               |          |        |        |         | 
     | u_core_gen_pd_row[2].gen_pd_col[3].u_pd/q1_reg/C ( |  0.671   |  0.656 | -0.014 | tc_view | 
     | low)                                               |          |        |        |         | 
     | u_core_gen_pd_row[2].gen_pd_col[3].u_pd/q2_reg/C ( |  0.671   |  0.656 | -0.014 | tc_view | 
     | low)                                               |          |        |        |         | 
     | u_core_gen_pd_row[5].gen_pd_col[3].u_pd/nfast_hit_ |  0.671   |  0.656 | -0.014 | tc_view | 
     | latched_reg[0]/C (low)                             |          |        |        |         | 
     | u_core_gen_pd_row[5].gen_pd_col[3].u_pd/q1_reg/C ( |  0.671   |  0.656 | -0.014 | tc_view | 
     | low)                                               |          |        |        |         | 
     | u_core_gen_pd_row[5].gen_pd_col[3].u_pd/q2_reg/C ( |  0.671   |  0.656 | -0.014 | tc_view | 
     | low)                                               |          |        |        |         | 
     | u_core_gen_pd_row[4].gen_pd_col[3].u_pd/q1_reg/C ( |  0.671   |  0.656 | -0.014 | tc_view | 
     | low)                                               |          |        |        |         | 
     | u_core_gen_pd_row[1].gen_pd_col[3].u_pd/q1_reg/C ( |  0.671   |  0.656 | -0.014 | tc_view | 
     | low)                                               |          |        |        |         | 
     | u_core_gen_pd_row[1].gen_pd_col[3].u_pd/q2_reg/C ( |  0.671   |  0.656 | -0.014 | tc_view | 
     | low)                                               |          |        |        |         | 
     | u_core_gen_pd_row[6].gen_pd_col[3].u_pd/q1_reg/C ( |  0.671   |  0.656 | -0.014 | tc_view | 
     | low)                                               |          |        |        |         | 
     | u_core_gen_pd_row[6].gen_pd_col[3].u_pd/q2_reg/C ( |  0.671   |  0.656 | -0.014 | tc_view | 
     | low)                                               |          |        |        |         | 
     | u_core_gen_pd_row[0].gen_pd_col[3].u_pd/q1_reg/C ( |  0.671   |  0.656 | -0.014 | tc_view | 
     | low)                                               |          |        |        |         | 
     | u_core_gen_pd_row[7].gen_pd_col[3].u_pd/q1_reg/C ( |  0.671   |  0.656 | -0.014 | tc_view | 
     | low)                                               |          |        |        |         | 
     | u_core_gen_pd_row[7].gen_pd_col[3].u_pd/q2_reg/C ( |  0.671   |  0.656 | -0.014 | tc_view | 
     | low)                                               |          |        |        |         | 
     | u_core_gen_pd_row[0].gen_pd_col[3].u_pd/q2_reg/C ( |  0.671   |  0.656 | -0.014 | tc_view | 
     | low)                                               |          |        |        |         | 
     | u_core_gen_fast_tag_col[3].u_fast_tag_tag_o_reg[0] |  0.671   |  0.656 | -0.014 | tc_view | 
     | /C (low)                                           |          |        |        |         | 
     | u_core_gen_pd_row[3].gen_pd_col[4].u_pd/q2_reg/C ( |  0.671   |  0.656 | -0.014 | tc_view | 
     | low)                                               |          |        |        |         | 
     | u_core_gen_pd_row[2].gen_pd_col[4].u_pd/q1_reg/C ( |  0.671   |  0.656 | -0.014 | tc_view | 
     | low)                                               |          |        |        |         | 
     | u_core_gen_pd_row[2].gen_pd_col[4].u_pd/q2_reg/C ( |  0.671   |  0.656 | -0.014 | tc_view | 
     | low)                                               |          |        |        |         | 
     | u_core_gen_pd_row[6].gen_pd_col[4].u_pd/q2_reg/C ( |  0.671   |  0.656 | -0.014 | tc_view | 
     | low)                                               |          |        |        |         | 
     | u_core_gen_pd_row[5].gen_pd_col[4].u_pd/q1_reg/C ( |  0.671   |  0.656 | -0.014 | tc_view | 
     | low)                                               |          |        |        |         | 
     | u_core_gen_pd_row[5].gen_pd_col[4].u_pd/q2_reg/C ( |  0.671   |  0.656 | -0.014 | tc_view | 
     | low)                                               |          |        |        |         | 
     | u_core_gen_pd_row[4].gen_pd_col[4].u_pd/q1_reg/C ( |  0.671   |  0.656 | -0.014 | tc_view | 
     | low)                                               |          |        |        |         | 
     | u_core_gen_pd_row[4].gen_pd_col[4].u_pd/q2_reg/C ( |  0.671   |  0.656 | -0.014 | tc_view | 
     | low)                                               |          |        |        |         | 
     | u_core_gen_pd_row[3].gen_pd_col[4].u_pd/q1_reg/C ( |  0.671   |  0.656 | -0.014 | tc_view | 
     | low)                                               |          |        |        |         | 
     | u_core_gen_pd_row[1].gen_pd_col[4].u_pd/q1_reg/C ( |  0.671   |  0.656 | -0.014 | tc_view | 
     | low)                                               |          |        |        |         | 
     | u_core_gen_pd_row[1].gen_pd_col[4].u_pd/q2_reg/C ( |  0.671   |  0.656 | -0.014 | tc_view | 
     | low)                                               |          |        |        |         | 
     | u_core_gen_pd_row[7].gen_pd_col[4].u_pd/q2_reg/C ( |  0.671   |  0.656 | -0.014 | tc_view | 
     | low)                                               |          |        |        |         | 
     | u_core_gen_pd_row[6].gen_pd_col[4].u_pd/q1_reg/C ( |  0.671   |  0.656 | -0.014 | tc_view | 
     | low)                                               |          |        |        |         | 
     | u_core_gen_pd_row[0].gen_pd_col[4].u_pd/q1_reg/C ( |  0.671   |  0.656 | -0.014 | tc_view | 
     | low)                                               |          |        |        |         | 
     | u_core_gen_pd_row[0].gen_pd_col[4].u_pd/q2_reg/C ( |  0.671   |  0.656 | -0.014 | tc_view | 
     | low)                                               |          |        |        |         | 
     | u_core_gen_pd_row[7].gen_pd_col[4].u_pd/q1_reg/C ( |  0.671   |  0.656 | -0.014 | tc_view | 
     | low)                                               |          |        |        |         | 
     | u_core_gen_pd_row[7].gen_pd_col[6].u_pd/q2_reg/C ( |  0.671   |  0.656 | -0.014 | tc_view | 
     | low)                                               |          |        |        |         | 
     | u_core_gen_pd_row[6].gen_pd_col[6].u_pd/q1_reg/C ( |  0.671   |  0.656 | -0.014 | tc_view | 
     | low)                                               |          |        |        |         | 
     | u_core_gen_pd_row[6].gen_pd_col[6].u_pd/q2_reg/C ( |  0.671   |  0.656 | -0.014 | tc_view | 
     | low)                                               |          |        |        |         | 
     | u_core_gen_pd_row[5].gen_pd_col[6].u_pd/q1_reg/C ( |  0.671   |  0.656 | -0.014 | tc_view | 
     | low)                                               |          |        |        |         | 
     | u_core_gen_pd_row[5].gen_pd_col[6].u_pd/q2_reg/C ( |  0.671   |  0.656 | -0.014 | tc_view | 
     | low)                                               |          |        |        |         | 
     | u_core_gen_pd_row[4].gen_pd_col[6].u_pd/q1_reg/C ( |  0.671   |  0.656 | -0.014 | tc_view | 
     | low)                                               |          |        |        |         | 
     | u_core_gen_pd_row[4].gen_pd_col[6].u_pd/q2_reg/C ( |  0.671   |  0.656 | -0.014 | tc_view | 
     | low)                                               |          |        |        |         | 
     | u_core_gen_pd_row[3].gen_pd_col[6].u_pd/q1_reg/C ( |  0.671   |  0.656 | -0.014 | tc_view | 
     | low)                                               |          |        |        |         | 
     | u_core_gen_pd_row[3].gen_pd_col[6].u_pd/q2_reg/C ( |  0.671   |  0.656 | -0.014 | tc_view | 
     | low)                                               |          |        |        |         | 
     | u_core_gen_pd_row[2].gen_pd_col[6].u_pd/q1_reg/C ( |  0.671   |  0.656 | -0.014 | tc_view | 
     | low)                                               |          |        |        |         | 
     | u_core_gen_pd_row[2].gen_pd_col[6].u_pd/q2_reg/C ( |  0.671   |  0.656 | -0.014 | tc_view | 
     | low)                                               |          |        |        |         | 
     | u_core_gen_pd_row[1].gen_pd_col[6].u_pd/q1_reg/C ( |  0.671   |  0.656 | -0.014 | tc_view | 
     | low)                                               |          |        |        |         | 
     | u_core_gen_pd_row[1].gen_pd_col[6].u_pd/q2_reg/C ( |  0.671   |  0.656 | -0.014 | tc_view | 
     | low)                                               |          |        |        |         | 
     | u_core_gen_pd_row[0].gen_pd_col[6].u_pd/q1_reg/C ( |  0.671   |  0.656 | -0.014 | tc_view | 
     | low)                                               |          |        |        |         | 
     | u_core_gen_pd_row[0].gen_pd_col[6].u_pd/q2_reg/C ( |  0.671   |  0.656 | -0.014 | tc_view | 
     | low)                                               |          |        |        |         | 
     | u_core_gen_pd_row[7].gen_pd_col[6].u_pd/q1_reg/C ( |  0.671   |  0.656 | -0.014 | tc_view | 
     | low)                                               |          |        |        |         | 
     | u_core_gen_fast_tag_col[1].u_fast_tag_tag_o_reg[0] |  0.660   |  0.656 | -0.003 | tc_view | 
     | /C (low)                                           |          |        |        |         | 
     | u_core_gen_fast_tag_col[2].u_fast_tag_tag_o_reg[0] |  0.660   |  0.656 | -0.003 | tc_view | 
     | /C (low)                                           |          |        |        |         | 
     | u_core_gen_fast_tag_col[4].u_fast_tag_tag_o_reg[0] |  0.660   |  0.656 | -0.003 | tc_view | 
     | /C (low)                                           |          |        |        |         | 
     | u_core_gen_pd_row[1].gen_pd_col[5].u_pd/nfast_hit_ |  0.658   |  0.656 | -0.002 | tc_view | 
     | latched_reg[6]/C (low)                             |          |        |        |         | 
     | u_core_gen_pd_row[1].gen_pd_col[1].u_pd/nfast_hit_ |  0.658   |  0.656 | -0.002 | tc_view | 
     | latched_reg[6]/C (low)                             |          |        |        |         | 
     | u_core_gen_pd_row[3].gen_pd_col[2].u_pd/nfast_hit_ |  0.658   |  0.656 | -0.002 | tc_view | 
     | latched_reg[6]/C (low)                             |          |        |        |         | 
     | u_core_gen_pd_row[1].gen_pd_col[2].u_pd/nfast_hit_ |  0.658   |  0.656 | -0.002 | tc_view | 
     | latched_reg[6]/C (low)                             |          |        |        |         | 
     | u_core_gen_pd_row[4].gen_pd_col[2].u_pd/nfast_hit_ |  0.658   |  0.656 | -0.002 | tc_view | 
     | latched_reg[6]/C (low)                             |          |        |        |         | 
     | u_core_gen_pd_row[3].gen_pd_col[4].u_pd/nfast_hit_ |  0.658   |  0.656 | -0.002 | tc_view | 
     | latched_reg[6]/C (low)                             |          |        |        |         | 
     | u_core_gen_pd_row[2].gen_pd_col[4].u_pd/nfast_hit_ |  0.658   |  0.656 | -0.002 | tc_view | 
     | latched_reg[6]/C (low)                             |          |        |        |         | 
     | u_core_gen_pd_row[1].gen_pd_col[4].u_pd/nfast_hit_ |  0.658   |  0.656 | -0.002 | tc_view | 
     | latched_reg[6]/C (low)                             |          |        |        |         | 
     | u_core_gen_pd_row[3].gen_pd_col[6].u_pd/nfast_hit_ |  0.657   |  0.656 | -0.000 | tc_view | 
     | latched_reg[4]/C (low)                             |          |        |        |         | 
     +-------------------------------------------------------------------------------------------+ 

Check type : max_transition
---------------------------
     +--------------------------------------------------------------------+ 
     | Pin Name                    | Required | Actual | Slack  | View    | 
     |-----------------------------+----------+--------+--------+---------| 
     | acq_valid_o                 | 0.500    | 4.951  | -4.451 | tc_view | 
     | g33106/Q                    | 0.500    | 4.949  | -4.449 | tc_view | 
     | csr_rvalid_o                | 0.500    | 3.817  | -3.317 | tc_view | 
     | u_csr_csr_rvalid_o_reg/Q    | 0.500    | 3.816  | -3.316 | tc_view | 
     | csr_rdata_o[1]              | 0.500    | 3.657  | -3.157 | tc_view | 
     | u_csr_csr_rdata_o_reg[1]/Q  | 0.500    | 3.656  | -3.156 | tc_view | 
     | csr_rdata_o[5]              | 0.500    | 3.588  | -3.088 | tc_view | 
     | u_csr_csr_rdata_o_reg[5]/Q  | 0.500    | 3.586  | -3.086 | tc_view | 
     | csr_rdata_o[0]              | 0.500    | 3.581  | -3.081 | tc_view | 
     | u_csr_csr_rdata_o_reg[0]/Q  | 0.500    | 3.580  | -3.080 | tc_view | 
     | narrow_data_o[15]           | 0.500    | 3.559  | -3.059 | tc_view | 
     | g83771/Q                    | 0.500    | 3.557  | -3.057 | tc_view | 
     | csr_rdata_o[3]              | 0.500    | 3.527  | -3.027 | tc_view | 
     | u_csr_csr_rdata_o_reg[3]/Q  | 0.500    | 3.526  | -3.026 | tc_view | 
     | csr_rdata_o[2]              | 0.500    | 3.516  | -3.016 | tc_view | 
     | u_csr_csr_rdata_o_reg[2]/Q  | 0.500    | 3.516  | -3.016 | tc_view | 
     | narrow_data_o[9]            | 0.500    | 3.489  | -2.989 | tc_view | 
     | g44921/Q                    | 0.500    | 3.486  | -2.986 | tc_view | 
     | narrow_data_o[7]            | 0.500    | 3.471  | -2.971 | tc_view | 
     | g44923/Q                    | 0.500    | 3.468  | -2.968 | tc_view | 
     | narrow_data_o[8]            | 0.500    | 3.466  | -2.966 | tc_view | 
     | narrow_data_o[12]           | 0.500    | 3.465  | -2.965 | tc_view | 
     | narrow_data_o[11]           | 0.500    | 3.464  | -2.964 | tc_view | 
     | g44922/Q                    | 0.500    | 3.464  | -2.964 | tc_view | 
     | g44915/Q                    | 0.500    | 3.462  | -2.962 | tc_view | 
     | g44913/Q                    | 0.500    | 3.461  | -2.961 | tc_view | 
     | csr_rdata_o[4]              | 0.500    | 3.459  | -2.959 | tc_view | 
     | u_csr_csr_rdata_o_reg[4]/Q  | 0.500    | 3.458  | -2.958 | tc_view | 
     | csr_rdata_o[7]              | 0.500    | 3.458  | -2.958 | tc_view | 
     | u_csr_csr_rdata_o_reg[7]/Q  | 0.500    | 3.457  | -2.957 | tc_view | 
     | csr_rdata_o[13]             | 0.500    | 3.414  | -2.914 | tc_view | 
     | u_csr_csr_rdata_o_reg[13]/Q | 0.500    | 3.413  | -2.913 | tc_view | 
     | csr_rdata_o[11]             | 0.500    | 3.413  | -2.913 | tc_view | 
     | u_csr_csr_rdata_o_reg[11]/Q | 0.500    | 3.412  | -2.912 | tc_view | 
     | csr_rdata_o[6]              | 0.500    | 3.390  | -2.890 | tc_view | 
     | u_csr_csr_rdata_o_reg[6]/Q  | 0.500    | 3.389  | -2.889 | tc_view | 
     | csr_rdata_o[10]             | 0.500    | 3.386  | -2.886 | tc_view | 
     | u_csr_csr_rdata_o_reg[10]/Q | 0.500    | 3.385  | -2.885 | tc_view | 
     | csr_rdata_o[9]              | 0.500    | 3.363  | -2.863 | tc_view | 
     | u_csr_csr_rdata_o_reg[9]/Q  | 0.500    | 3.362  | -2.862 | tc_view | 
     | csr_rdata_o[8]              | 0.500    | 3.348  | -2.848 | tc_view | 
     | u_csr_csr_rdata_o_reg[8]/Q  | 0.500    | 3.347  | -2.847 | tc_view | 
     | acq_data_o[26]              | 0.500    | 3.347  | -2.847 | tc_view | 
     | g10159/Q                    | 0.500    | 3.345  | -2.845 | tc_view | 
     | csr_rdata_o[15]             | 0.500    | 3.338  | -2.838 | tc_view | 
     | u_csr_csr_rdata_o_reg[15]/Q | 0.500    | 3.337  | -2.837 | tc_view | 
     | acq_data_o[27]              | 0.500    | 3.327  | -2.827 | tc_view | 
     | g10157/Q                    | 0.500    | 3.325  | -2.825 | tc_view | 
     | csr_rdata_o[12]             | 0.500    | 3.298  | -2.798 | tc_view | 
     | acq_data_o[22]              | 0.500    | 3.297  | -2.797 | tc_view | 
     | u_csr_csr_rdata_o_reg[12]/Q | 0.500    | 3.297  | -2.797 | tc_view | 
     | g10166/Q                    | 0.500    | 3.295  | -2.795 | tc_view | 
     | csr_rdata_o[14]             | 0.500    | 3.290  | -2.790 | tc_view | 
     | u_csr_csr_rdata_o_reg[14]/Q | 0.500    | 3.289  | -2.789 | tc_view | 
     | acq_data_o[36]              | 0.500    | 3.287  | -2.787 | tc_view | 
     | g10171/Q                    | 0.500    | 3.285  | -2.785 | tc_view | 
     | acq_data_o[35]              | 0.500    | 3.275  | -2.775 | tc_view | 
     | g10174/Q                    | 0.500    | 3.273  | -2.773 | tc_view | 
     | acq_data_o[24]              | 0.500    | 3.253  | -2.753 | tc_view | 
     | g10163/Q                    | 0.500    | 3.251  | -2.751 | tc_view | 
     | acq_data_o[25]              | 0.500    | 3.221  | -2.721 | tc_view | 
     | g10162/Q                    | 0.500    | 3.219  | -2.719 | tc_view | 
     | csr_rdata_o[21]             | 0.500    | 3.213  | -2.713 | tc_view | 
     | u_csr_csr_rdata_o_reg[21]/Q | 0.500    | 3.213  | -2.713 | tc_view | 
     | acq_data_o[23]              | 0.500    | 3.209  | -2.709 | tc_view | 
     | g10164/Q                    | 0.500    | 3.207  | -2.707 | tc_view | 
     | csr_rdata_o[20]             | 0.500    | 3.185  | -2.685 | tc_view | 
     | u_csr_csr_rdata_o_reg[20]/Q | 0.500    | 3.184  | -2.684 | tc_view | 
     | csr_rdata_o[31]             | 0.500    | 3.171  | -2.671 | tc_view | 
     | u_csr_csr_rdata_o_reg[31]/Q | 0.500    | 3.170  | -2.670 | tc_view | 
     | csr_rdata_o[19]             | 0.500    | 3.170  | -2.670 | tc_view | 
     | u_csr_csr_rdata_o_reg[19]/Q | 0.500    | 3.169  | -2.669 | tc_view | 
     | u_csr_csr_rdata_o_reg[18]/Q | 0.500    | 3.135  | -2.635 | tc_view | 
     | csr_rdata_o[18]             | 0.500    | 3.135  | -2.635 | tc_view | 
     | acq_data_o[21]              | 0.500    | 3.118  | -2.618 | tc_view | 
     | g10167/Q                    | 0.500    | 3.117  | -2.617 | tc_view | 
     | u_csr_csr_rdata_o_reg[17]/Q | 0.500    | 3.116  | -2.616 | tc_view | 
     | csr_rdata_o[17]             | 0.500    | 3.116  | -2.616 | tc_view | 
     | acq_data_o[37]              | 0.500    | 3.115  | -2.615 | tc_view | 
     | g10165/Q                    | 0.500    | 3.114  | -2.614 | tc_view | 
     | u_csr_csr_rdata_o_reg[16]/Q | 0.500    | 3.101  | -2.601 | tc_view | 
     | csr_rdata_o[16]             | 0.500    | 3.101  | -2.601 | tc_view | 
     | acq_data_o[38]              | 0.500    | 3.094  | -2.594 | tc_view | 
     | g10161/Q                    | 0.500    | 3.093  | -2.593 | tc_view | 
     | u_csr_csr_rdata_o_reg[22]/Q | 0.500    | 3.065  | -2.565 | tc_view | 
     | u_csr_csr_rdata_o_reg[29]/Q | 0.500    | 3.065  | -2.565 | tc_view | 
     | csr_rdata_o[29]             | 0.500    | 3.065  | -2.565 | tc_view | 
     | csr_rdata_o[22]             | 0.500    | 3.065  | -2.565 | tc_view | 
     | u_csr_csr_rdata_o_reg[30]/Q | 0.500    | 3.038  | -2.538 | tc_view | 
     | csr_rdata_o[30]             | 0.500    | 3.038  | -2.538 | tc_view | 
     | u_csr_csr_rdata_o_reg[23]/Q | 0.500    | 3.037  | -2.537 | tc_view | 
     | csr_rdata_o[23]             | 0.500    | 3.037  | -2.537 | tc_view | 
     | u_csr_csr_rdata_o_reg[28]/Q | 0.500    | 3.009  | -2.509 | tc_view | 
     | csr_rdata_o[28]             | 0.500    | 3.009  | -2.509 | tc_view | 
     | u_csr_csr_rdata_o_reg[24]/Q | 0.500    | 2.995  | -2.495 | tc_view | 
     | csr_rdata_o[24]             | 0.500    | 2.995  | -2.495 | tc_view | 
     | u_csr_csr_rdata_o_reg[26]/Q | 0.500    | 2.964  | -2.464 | tc_view | 
     | csr_rdata_o[26]             | 0.500    | 2.964  | -2.464 | tc_view | 
     | u_csr_csr_rdata_o_reg[25]/Q | 0.500    | 2.950  | -2.450 | tc_view | 
     | csr_rdata_o[25]             | 0.500    | 2.950  | -2.450 | tc_view | 
     | u_csr_csr_rdata_o_reg[27]/Q | 0.500    | 2.912  | -2.412 | tc_view | 
     | csr_rdata_o[27]             | 0.500    | 2.911  | -2.411 | tc_view | 
     | narrow_data_o[13]           | 0.500    | 2.436  | -1.936 | tc_view | 
     | narrow_data_o[6]            | 0.500    | 2.435  | -1.935 | tc_view | 
     | narrow_data_o[14]           | 0.500    | 2.435  | -1.935 | tc_view | 
     | g44942/Q                    | 0.500    | 2.431  | -1.931 | tc_view | 
     | g44960/Q                    | 0.500    | 2.430  | -1.930 | tc_view | 
     | g527/Q                      | 0.500    | 2.430  | -1.930 | tc_view | 
     | narrow_data_o[0]            | 0.500    | 2.425  | -1.925 | tc_view | 
     | narrow_data_o[10]           | 0.500    | 2.423  | -1.923 | tc_view | 
     | g44983/Q                    | 0.500    | 2.421  | -1.921 | tc_view | 
     | narrow_data_o[2]            | 0.500    | 2.420  | -1.920 | tc_view | 
     | g44918/Q                    | 0.500    | 2.417  | -1.917 | tc_view | 
     | g44914/Q                    | 0.500    | 2.414  | -1.914 | tc_view | 
     | narrow_data_o[1]            | 0.500    | 2.408  | -1.908 | tc_view | 
     | g44920/Q                    | 0.500    | 2.403  | -1.903 | tc_view | 
     | narrow_data_o[3]            | 0.500    | 2.396  | -1.896 | tc_view | 
     | g44917/Q                    | 0.500    | 2.390  | -1.890 | tc_view | 
     | narrow_data_o[4]            | 0.500    | 2.385  | -1.885 | tc_view | 
     | g44916/Q                    | 0.500    | 2.380  | -1.880 | tc_view | 
     | narrow_data_o[5]            | 0.500    | 2.370  | -1.870 | tc_view | 
     | g44919/Q                    | 0.500    | 2.364  | -1.864 | tc_view | 
     | g10153/D                    | 0.500    | 0.627  | -0.127 | tc_view | 
     | FE_OFC1155_n_9556/Q         | 0.500    | 0.627  | -0.127 | tc_view | 
     | FE_OFC1400_n_7336/A         | 0.500    | 0.596  | -0.096 | tc_view | 
     | g224__5526/Q                | 0.500    | 0.596  | -0.096 | tc_view | 
     | g10291/Q                    | 0.500    | 0.591  | -0.091 | tc_view | 
     | g10201/B                    | 0.500    | 0.591  | -0.091 | tc_view | 
     | g10221/A                    | 0.500    | 0.543  | -0.043 | tc_view | 
     | FE_OFC1066_n_9485/Q         | 0.500    | 0.542  | -0.042 | tc_view | 
     | FE_OFC1091_n_9510/Q         | 0.500    | 0.517  | -0.017 | tc_view | 
     | g10195/A                    | 0.500    | 0.517  | -0.017 | tc_view | 
     | g10196/A                    | 0.500    | 0.510  | -0.010 | tc_view | 
     | FE_OFC1095_n_9515/Q         | 0.500    | 0.509  | -0.009 | tc_view | 
     | FE_OFC2223_n_742/A          | 0.500    | 0.505  | -0.005 | tc_view | 
     | g80046/A                    | 0.500    | 0.505  | -0.005 | tc_view | 
     | g80047/A                    | 0.500    | 0.505  | -0.005 | tc_view | 
     | FE_OFC598_n_742/Q           | 0.500    | 0.504  | -0.004 | tc_view | 
     | g10227/A                    | 0.500    | 0.503  | -0.003 | tc_view | 
     | g10278/Q                    | 0.500    | 0.503  | -0.003 | tc_view | 
     +--------------------------------------------------------------------+ 

Check type : max_capacitance
---------------------------
     +--------------------------------------------------------------------------+ 
     | Pin Name                          | Required | Actual | Slack  | View    | 
     |-----------------------------------+----------+--------+--------+---------| 
     | u_core_u_osc_fast_u_ro_tune4/S[4] | 0.050    | 0.709  | -0.659 | tc_view | 
     | u_core_u_osc_fast_u_ro_tune4/S[5] | 0.050    | 0.685  | -0.635 | tc_view | 
     | u_core_u_osc_fast_u_ro_tune4/S[0] | 0.050    | 0.667  | -0.617 | tc_view | 
     | u_core_u_osc_fast_u_ro_tune4/S[6] | 0.050    | 0.663  | -0.613 | tc_view | 
     | u_core_u_osc_fast_u_ro_tune4/S[7] | 0.050    | 0.648  | -0.598 | tc_view | 
     | u_core_u_osc_fast_u_ro_tune4/S[1] | 0.050    | 0.634  | -0.584 | tc_view | 
     | u_core_u_osc_fast_u_ro_tune4/S[3] | 0.050    | 0.608  | -0.558 | tc_view | 
     | u_core_u_osc_fast_u_ro_tune4/S[2] | 0.050    | 0.567  | -0.517 | tc_view | 
     | u_core_u_osc_slow_u_ro_tune4/S[0] | 0.050    | 0.517  | -0.467 | tc_view | 
     | g33106/Q                          | 0.335    | 0.398  | -0.063 | tc_view | 
     +--------------------------------------------------------------------------+ 

Check type : max_fanout
---------------------------
     +------------------------------------------------+ 
     | Pin     | Required | Actual | Slack  | View    | 
     | Name    |          |        |        |         | 
     |---------+----------+--------+--------+---------| 
     | clk_sys | 20.000   | 23.324 | -3.324 | tc_view | 
     +------------------------------------------------+ 
