============================================================
  Generated by:           Genus(TM) Synthesis Solution 22.13-s093_1
  Generated on:           Jun 04 2026  11:30:09 am
  Module:                 mptdc_top_asic
  Operating conditions:   typ_1_80V_25C 
  Interconnect mode:      global
  Area mode:              physical library
============================================================

 
  Hierarchy Report Format : 
 
    level instance ( module ) <status>
 
    status :    preserve_<value> -- indicating preserve hierachy or inherited_preserve value
           :    blackbox --  indicating  unresolved instance
 
==================================================================

 0 mptdc_top_asic
  1 u_core_gen_fast_tag_col[0].u_fast_tag ( mptdc_fast_epoch_tag_W7_SEED1_TAG_ENCODING_SEL0 ) 
  1 u_core_gen_fast_tag_col[1].u_fast_tag ( mptdc_fast_epoch_tag_W7_SEED1_TAG_ENCODING_SEL0_1263 ) 
  1 u_core_gen_fast_tag_col[2].u_fast_tag ( mptdc_fast_epoch_tag_W7_SEED1_TAG_ENCODING_SEL0_1262 ) 
  1 u_core_gen_fast_tag_col[3].u_fast_tag ( mptdc_fast_epoch_tag_W7_SEED1_TAG_ENCODING_SEL0_1261 ) 
  1 u_core_gen_fast_tag_col[4].u_fast_tag ( mptdc_fast_epoch_tag_W7_SEED1_TAG_ENCODING_SEL0_1260 ) 
  1 u_core_gen_fast_tag_col[5].u_fast_tag ( mptdc_fast_epoch_tag_W7_SEED1_TAG_ENCODING_SEL0_1259 ) 
  1 u_core_gen_fast_tag_col[6].u_fast_tag ( mptdc_fast_epoch_tag_W7_SEED1_TAG_ENCODING_SEL0_1258 ) 
  1 u_core_gen_fast_tag_col[7].u_fast_tag ( mptdc_fast_epoch_tag_W7_SEED1_TAG_ENCODING_SEL0_1257 ) 
  1 u_core_gen_pd_row[0].gen_pd_col[0].u_pd ( mptdc_pd_cell_SAMPLE_DEPTH2 ) 
  1 u_core_gen_pd_row[0].gen_pd_col[1].u_pd ( mptdc_pd_cell_SAMPLE_DEPTH2_1326 ) 
  1 u_core_gen_pd_row[0].gen_pd_col[2].u_pd ( mptdc_pd_cell_SAMPLE_DEPTH2_1325 ) 
  1 u_core_gen_pd_row[0].gen_pd_col[3].u_pd ( mptdc_pd_cell_SAMPLE_DEPTH2_1324 ) 
  1 u_core_gen_pd_row[0].gen_pd_col[4].u_pd ( mptdc_pd_cell_SAMPLE_DEPTH2_1323 ) 
  1 u_core_gen_pd_row[0].gen_pd_col[5].u_pd ( mptdc_pd_cell_SAMPLE_DEPTH2_1322 ) 
  1 u_core_gen_pd_row[0].gen_pd_col[6].u_pd ( mptdc_pd_cell_SAMPLE_DEPTH2_1321 ) 
  1 u_core_gen_pd_row[0].gen_pd_col[7].u_pd ( mptdc_pd_cell_SAMPLE_DEPTH2_1320 ) 
  1 u_core_gen_pd_row[1].gen_pd_col[0].u_pd ( mptdc_pd_cell_SAMPLE_DEPTH2_1319 ) 
  1 u_core_gen_pd_row[1].gen_pd_col[1].u_pd ( mptdc_pd_cell_SAMPLE_DEPTH2_1318 ) 
  1 u_core_gen_pd_row[1].gen_pd_col[2].u_pd ( mptdc_pd_cell_SAMPLE_DEPTH2_1317 ) 
  1 u_core_gen_pd_row[1].gen_pd_col[3].u_pd ( mptdc_pd_cell_SAMPLE_DEPTH2_1316 ) 
  1 u_core_gen_pd_row[1].gen_pd_col[4].u_pd ( mptdc_pd_cell_SAMPLE_DEPTH2_1315 ) 
  1 u_core_gen_pd_row[1].gen_pd_col[5].u_pd ( mptdc_pd_cell_SAMPLE_DEPTH2_1314 ) 
  1 u_core_gen_pd_row[1].gen_pd_col[6].u_pd ( mptdc_pd_cell_SAMPLE_DEPTH2_1313 ) 
  1 u_core_gen_pd_row[1].gen_pd_col[7].u_pd ( mptdc_pd_cell_SAMPLE_DEPTH2_1312 ) 
  1 u_core_gen_pd_row[2].gen_pd_col[0].u_pd ( mptdc_pd_cell_SAMPLE_DEPTH2_1311 ) 
  1 u_core_gen_pd_row[2].gen_pd_col[1].u_pd ( mptdc_pd_cell_SAMPLE_DEPTH2_1310 ) 
  1 u_core_gen_pd_row[2].gen_pd_col[2].u_pd ( mptdc_pd_cell_SAMPLE_DEPTH2_1309 ) 
  1 u_core_gen_pd_row[2].gen_pd_col[3].u_pd ( mptdc_pd_cell_SAMPLE_DEPTH2_1308 ) 
  1 u_core_gen_pd_row[2].gen_pd_col[4].u_pd ( mptdc_pd_cell_SAMPLE_DEPTH2_1307 ) 
  1 u_core_gen_pd_row[2].gen_pd_col[5].u_pd ( mptdc_pd_cell_SAMPLE_DEPTH2_1306 ) 
  1 u_core_gen_pd_row[2].gen_pd_col[6].u_pd ( mptdc_pd_cell_SAMPLE_DEPTH2_1305 ) 
  1 u_core_gen_pd_row[2].gen_pd_col[7].u_pd ( mptdc_pd_cell_SAMPLE_DEPTH2_1304 ) 
  1 u_core_gen_pd_row[3].gen_pd_col[0].u_pd ( mptdc_pd_cell_SAMPLE_DEPTH2_1303 ) 
  1 u_core_gen_pd_row[3].gen_pd_col[1].u_pd ( mptdc_pd_cell_SAMPLE_DEPTH2_1302 ) 
  1 u_core_gen_pd_row[3].gen_pd_col[2].u_pd ( mptdc_pd_cell_SAMPLE_DEPTH2_1301 ) 
  1 u_core_gen_pd_row[3].gen_pd_col[3].u_pd ( mptdc_pd_cell_SAMPLE_DEPTH2_1300 ) 
  1 u_core_gen_pd_row[3].gen_pd_col[4].u_pd ( mptdc_pd_cell_SAMPLE_DEPTH2_1299 ) 
  1 u_core_gen_pd_row[3].gen_pd_col[5].u_pd ( mptdc_pd_cell_SAMPLE_DEPTH2_1298 ) 
  1 u_core_gen_pd_row[3].gen_pd_col[6].u_pd ( mptdc_pd_cell_SAMPLE_DEPTH2_1297 ) 
  1 u_core_gen_pd_row[3].gen_pd_col[7].u_pd ( mptdc_pd_cell_SAMPLE_DEPTH2_1296 ) 
  1 u_core_gen_pd_row[4].gen_pd_col[0].u_pd ( mptdc_pd_cell_SAMPLE_DEPTH2_1295 ) 
  1 u_core_gen_pd_row[4].gen_pd_col[1].u_pd ( mptdc_pd_cell_SAMPLE_DEPTH2_1294 ) 
  1 u_core_gen_pd_row[4].gen_pd_col[2].u_pd ( mptdc_pd_cell_SAMPLE_DEPTH2_1293 ) 
  1 u_core_gen_pd_row[4].gen_pd_col[3].u_pd ( mptdc_pd_cell_SAMPLE_DEPTH2_1292 ) 
  1 u_core_gen_pd_row[4].gen_pd_col[4].u_pd ( mptdc_pd_cell_SAMPLE_DEPTH2_1291 ) 
  1 u_core_gen_pd_row[4].gen_pd_col[5].u_pd ( mptdc_pd_cell_SAMPLE_DEPTH2_1290 ) 
  1 u_core_gen_pd_row[4].gen_pd_col[6].u_pd ( mptdc_pd_cell_SAMPLE_DEPTH2_1289 ) 
  1 u_core_gen_pd_row[4].gen_pd_col[7].u_pd ( mptdc_pd_cell_SAMPLE_DEPTH2_1288 ) 
  1 u_core_gen_pd_row[5].gen_pd_col[0].u_pd ( mptdc_pd_cell_SAMPLE_DEPTH2_1287 ) 
  1 u_core_gen_pd_row[5].gen_pd_col[1].u_pd ( mptdc_pd_cell_SAMPLE_DEPTH2_1286 ) 
  1 u_core_gen_pd_row[5].gen_pd_col[2].u_pd ( mptdc_pd_cell_SAMPLE_DEPTH2_1285 ) 
  1 u_core_gen_pd_row[5].gen_pd_col[3].u_pd ( mptdc_pd_cell_SAMPLE_DEPTH2_1284 ) 
  1 u_core_gen_pd_row[5].gen_pd_col[4].u_pd ( mptdc_pd_cell_SAMPLE_DEPTH2_1283 ) 
  1 u_core_gen_pd_row[5].gen_pd_col[5].u_pd ( mptdc_pd_cell_SAMPLE_DEPTH2_1282 ) 
  1 u_core_gen_pd_row[5].gen_pd_col[6].u_pd ( mptdc_pd_cell_SAMPLE_DEPTH2_1281 ) 
  1 u_core_gen_pd_row[5].gen_pd_col[7].u_pd ( mptdc_pd_cell_SAMPLE_DEPTH2_1280 ) 
  1 u_core_gen_pd_row[6].gen_pd_col[0].u_pd ( mptdc_pd_cell_SAMPLE_DEPTH2_1279 ) 
  1 u_core_gen_pd_row[6].gen_pd_col[1].u_pd ( mptdc_pd_cell_SAMPLE_DEPTH2_1278 ) 
  1 u_core_gen_pd_row[6].gen_pd_col[2].u_pd ( mptdc_pd_cell_SAMPLE_DEPTH2_1277 ) 
  1 u_core_gen_pd_row[6].gen_pd_col[3].u_pd ( mptdc_pd_cell_SAMPLE_DEPTH2_1276 ) 
  1 u_core_gen_pd_row[6].gen_pd_col[4].u_pd ( mptdc_pd_cell_SAMPLE_DEPTH2_1275 ) 
  1 u_core_gen_pd_row[6].gen_pd_col[5].u_pd ( mptdc_pd_cell_SAMPLE_DEPTH2_1274 ) 
  1 u_core_gen_pd_row[6].gen_pd_col[6].u_pd ( mptdc_pd_cell_SAMPLE_DEPTH2_1273 ) 
  1 u_core_gen_pd_row[6].gen_pd_col[7].u_pd ( mptdc_pd_cell_SAMPLE_DEPTH2_1272 ) 
  1 u_core_gen_pd_row[7].gen_pd_col[0].u_pd ( mptdc_pd_cell_SAMPLE_DEPTH2_1271 ) 
  1 u_core_gen_pd_row[7].gen_pd_col[1].u_pd ( mptdc_pd_cell_SAMPLE_DEPTH2_1270 ) 
  1 u_core_gen_pd_row[7].gen_pd_col[2].u_pd ( mptdc_pd_cell_SAMPLE_DEPTH2_1269 ) 
  1 u_core_gen_pd_row[7].gen_pd_col[3].u_pd ( mptdc_pd_cell_SAMPLE_DEPTH2_1268 ) 
  1 u_core_gen_pd_row[7].gen_pd_col[4].u_pd ( mptdc_pd_cell_SAMPLE_DEPTH2_1267 ) 
  1 u_core_gen_pd_row[7].gen_pd_col[5].u_pd ( mptdc_pd_cell_SAMPLE_DEPTH2_1266 ) 
  1 u_core_gen_pd_row[7].gen_pd_col[6].u_pd ( mptdc_pd_cell_SAMPLE_DEPTH2_1265 ) 
  1 u_core_gen_pd_row[7].gen_pd_col[7].u_pd ( mptdc_pd_cell_SAMPLE_DEPTH2_1264 ) 
  1 u_core_u_fifo ( mptdc_sync_fifo_WIDTH53_DEPTH64 ) 
  1 u_core_u_hit_capture_bridge ( mptdc_hit_capture_bridge ) 
  1 u_core_u_meas_ctrl ( mptdc_meas_ctrl ) 
  1 u_core_u_narrow_tx ( mptdc_narrow16_tx_v2 ) 
  1 u_core_u_osc_fast ( mptdc_osc_wrapper_NE8_TS_STEP_PS50 ) 
  1 u_core_u_osc_slow ( mptdc_osc_wrapper_NE8_TS_STEP_PS55 ) 
  1 u_core_u_rst_drain_sync ( mptdc_reset_sync_STAGES4 ) 
  1 u_core_u_rst_fast_sync ( mptdc_reset_sync_STAGES2_1327 ) 
  1 u_core_u_rst_fifo_sync ( mptdc_reset_sync_STAGES3 ) 
  1 u_core_u_rst_status_sync ( mptdc_reset_sync_STAGES2 ) 
  1 u_core_u_rst_tx_sync ( mptdc_reset_sync_STAGES5 ) 
  1 u_core_u_rst_wdt_sync ( mptdc_reset_sync_STAGES6 ) 
  1 u_core_u_slow_epoch ( mptdc_slow_epoch_johnson_STAGES64 ) 
  1 u_core_u_stop_capture ( mptdc_stop_capture_async ) 
  1 u_core_u_stop_epoch_capture ( mptdc_stop_epoch_capture_async ) 
  1 u_core_u_wdt ( mptdc_watchdog ) 
  1 u_rst_core_sync ( mptdc_reset_sync_STAGES4_1329 ) 
  1 u_rst_csr_sync ( mptdc_reset_sync_STAGES3_1328 ) 
