# Excerpt from /sim/ksabra/SPADMIC_work/genus/genus_matrix_ooc_evidence_20260630_1117/spadmic_top_matrix_v1/reports/timing/report_timing_post_generic.rpt
# First 220 lines
============================================================
  Generated by:           Genus(TM) Synthesis Solution 22.13-s093_1
  Generated on:           Jun 30 2026  12:01:54 pm
  Module:                 spadmic_top_matrix_v1
  Operating conditions:   typ_1_80V_25C 
  Interconnect mode:      global
  Area mode:              physical library
============================================================


Path 1: MET (0 ps)
          Group: clk_ref_40m
     Startpoint: (F) clk_ref_40m
          Clock: (F) clk_ref_40m
       Endpoint: (F) u_tdc_y_u_stop_qualifier_pulse_seen_q_reg/d
          Clock: (F) clk_ref_40m

                     Capture       Launch     
        Clock Edge:+   12500        12500     
        Drv Adjust:+       0            0     
       Src Latency:+       0            0     
       Net Latency:+       0 (I)        0 (I) 
           Arrival:=   12500        12500     
                                              
     Time Borrowed:+     164                  
     Required Time:=   12664                  
      Launch Clock:-   12500                  
       Input Delay:-       0                  
         Data Path:-     164                  
             Slack:=       0                  

Exceptions/Constraints:
  input_delay              0              create_clock_delay_domain_1_clk_ref_40m_F_0 

#---------------------------------------------------------------------------------------------------------------------------
#                Timing Point                 Flags    Arc    Edge      Cell       Fanout Load Trans Delay Arrival Instance 
#                                                                                         (fF)  (ps)  (ps)   (ps)  Location 
#---------------------------------------------------------------------------------------------------------------------------
  clk_ref_40m                                 (u)     -       F     (arrival)           4 36.8     0     0   12500    (-,-) 
  g208263/z                                   (i,u)   in_1->z R     unmapped_nand2      7  0.0     0    72   12572    (-,-) 
  u_tdc_y_u_stop_qualifier_g17/z              (u)     in_0->z F     unmapped_not        3 27.6     0    92   12664    (-,-) 
  u_tdc_y_u_stop_qualifier_pulse_seen_q_reg/d -       -       F     unmapped_latch      3    -     -     0   12664    (-,-) 
#---------------------------------------------------------------------------------------------------------------------------

(i) : Net is ideal.
(u) : Net has unmapped pin(s).



Path 2: MET (0 ps)
          Group: clk_ref_40m
     Startpoint: (F) clk_ref_40m
          Clock: (F) clk_ref_40m
       Endpoint: (F) u_tdc_r_u_stop_qualifier_pulse_seen_q_reg/d
          Clock: (F) clk_ref_40m

                     Capture       Launch     
        Clock Edge:+   12500        12500     
        Drv Adjust:+       0            0     
       Src Latency:+       0            0     
       Net Latency:+       0 (I)        0 (I) 
           Arrival:=   12500        12500     
                                              
     Time Borrowed:+     164                  
     Required Time:=   12664                  
      Launch Clock:-   12500                  
       Input Delay:-       0                  
         Data Path:-     164                  
             Slack:=       0                  

Exceptions/Constraints:
  input_delay              0              create_clock_delay_domain_1_clk_ref_40m_F_0 

#---------------------------------------------------------------------------------------------------------------------------
#                Timing Point                 Flags    Arc    Edge      Cell       Fanout Load Trans Delay Arrival Instance 
#                                                                                         (fF)  (ps)  (ps)   (ps)  Location 
#---------------------------------------------------------------------------------------------------------------------------
  clk_ref_40m                                 (u)     -       F     (arrival)           4 36.8     0     0   12500    (-,-) 
  g208263/z                                   (i,u)   in_1->z R     unmapped_nand2      7  0.0     0    72   12572    (-,-) 
  u_tdc_y_u_stop_qualifier_g17/z              (u)     in_0->z F     unmapped_not        3 27.6     0    92   12664    (-,-) 
  u_tdc_r_u_stop_qualifier_pulse_seen_q_reg/d -       -       F     unmapped_latch      3    -     -     0   12664    (-,-) 
#---------------------------------------------------------------------------------------------------------------------------

(i) : Net is ideal.
(u) : Net has unmapped pin(s).



Path 3: MET (0 ps)
          Group: clk_ref_40m
     Startpoint: (F) clk_ref_40m
          Clock: (F) clk_ref_40m
       Endpoint: (F) u_tdc_b_u_stop_qualifier_pulse_seen_q_reg/d
          Clock: (F) clk_ref_40m

                     Capture       Launch     
        Clock Edge:+   12500        12500     
        Drv Adjust:+       0            0     
       Src Latency:+       0            0     
       Net Latency:+       0 (I)        0 (I) 
           Arrival:=   12500        12500     
                                              
     Time Borrowed:+     164                  
     Required Time:=   12664                  
      Launch Clock:-   12500                  
       Input Delay:-       0                  
         Data Path:-     164                  
             Slack:=       0                  

Exceptions/Constraints:
  input_delay              0              create_clock_delay_domain_1_clk_ref_40m_F_0 

#---------------------------------------------------------------------------------------------------------------------------
#                Timing Point                 Flags    Arc    Edge      Cell       Fanout Load Trans Delay Arrival Instance 
#                                                                                         (fF)  (ps)  (ps)   (ps)  Location 
#---------------------------------------------------------------------------------------------------------------------------
  clk_ref_40m                                 (u)     -       F     (arrival)           4 36.8     0     0   12500    (-,-) 
  g208263/z                                   (i,u)   in_1->z R     unmapped_nand2      7  0.0     0    72   12572    (-,-) 
  u_tdc_y_u_stop_qualifier_g17/z              (u)     in_0->z F     unmapped_not        3 27.6     0    92   12664    (-,-) 
  u_tdc_b_u_stop_qualifier_pulse_seen_q_reg/d -       -       F     unmapped_latch      3    -     -     0   12664    (-,-) 
#---------------------------------------------------------------------------------------------------------------------------

(i) : Net is ideal.
(u) : Net has unmapped pin(s).



Path 4: MET (1787 ps) Setup Check with Pin u_snapshot/snapshot_Y_o_reg[63]/clk->d
          Group: clk_sys
     Startpoint: (R) u_matrix_top_csr_watchdog_cycles_o_reg[1]/clk
          Clock: (R) clk_sys
       Endpoint: (R) u_snapshot/snapshot_Y_o_reg[63]/d
          Clock: (R) clk_sys

                     Capture       Launch     
        Clock Edge:+    6250            0     
       Src Latency:+       0            0     
       Net Latency:+       0 (I)        0 (I) 
           Arrival:=    6250            0     
                                              
             Setup:-     326                  
     Required Time:=    5924                  
      Launch Clock:-       0                  
         Data Path:-    4137                  
             Slack:=    1787                  

#--------------------------------------------------------------------------------------------------------------------------------
#                 Timing Point                  Flags    Arc    Edge       Cell         Fanout Load Trans Delay Arrival Instance 
#                                                                                              (fF)  (ps)  (ps)   (ps)  Location 
#--------------------------------------------------------------------------------------------------------------------------------
  u_matrix_top_csr_watchdog_cycles_o_reg[1]/clk -       -       R     (arrival)          23857    -     0     0       0    (-,-) 
  u_matrix_top_csr_watchdog_cycles_o_reg[1]/q   (u)     clk->q  R     unmapped_d_flop        4 36.0     0   657     657    (-,-) 
  u_snapshot/g28146/z                           (u)     in_1->z R     unmapped_or2           1  9.0     0   100     757    (-,-) 
  u_snapshot/g27959/z                           (u)     in_0->z R     unmapped_or2           4 36.0     0   148     905    (-,-) 
  u_snapshot/g20327/z                           (u)     in_0->z R     unmapped_or2           3 27.0     0   133    1039    (-,-) 
  u_snapshot/g27775/z                           (u)     in_0->z R     unmapped_or2           4 36.0     0   148    1187    (-,-) 
  u_snapshot/g27669/z                           (u)     in_1->z R     unmapped_or2           3 27.0     0   133    1320    (-,-) 
  u_snapshot/g27665/z                           (u)     in_0->z R     unmapped_or2           4 36.0     0   148    1468    (-,-) 
  u_snapshot/g27600/z                           (u)     in_0->z R     unmapped_or2           3 27.0     0   133    1602    (-,-) 
  u_snapshot/g20515/z                           (u)     in_0->z R     unmapped_or2           4 36.0     0   148    1750    (-,-) 
  u_snapshot/g27512/z                           (u)     in_0->z R     unmapped_or2           3 27.0     0   133    1883    (-,-) 
  u_snapshot/g27482/z                           (u)     in_0->z R     unmapped_or2           3 27.0     0   133    2016    (-,-) 
  u_snapshot/g27481/z                           (u)     in_1->z F     unmapped_nand2         2 18.4     0   119    2135    (-,-) 
  u_snapshot/g27437/z                           (u)     in_0->z F     unmapped_complex2      2 18.4     0   119    2254    (-,-) 
  u_snapshot/g28832/z                           (u)     in_0->z R     unmapped_complex2      1  9.0     0   100    2354    (-,-) 
  u_snapshot/g29234/z                           (u)     in_1->z F     unmapped_nand2         1  9.2     0   100    2454    (-,-) 
  u_snapshot/g27365/z                           (u)     in_1->z R     unmapped_nand2         1  9.0     0   100    2554    (-,-) 
  u_snapshot/g26915/z                           (u)     in_1->z R     unmapped_complex2      1  9.0     0   100    2654    (-,-) 
  u_snapshot/g28857/z                           (u)     in_1->z R     unmapped_complex2      1  9.0     0   100    2754    (-,-) 
  u_snapshot/g26726/z                           (u)     in_1->z R     unmapped_complex2      1  9.0     0   100    2854    (-,-) 
  u_snapshot/g21201/z                           (u)     in_0->z F     unmapped_nand2         2 18.4     0   119    2973    (-,-) 
  u_snapshot/g26721/z                           (u)     in_0->z R     unmapped_nand2         1  9.0     0   100    3073    (-,-) 
  u_snapshot/g26716/z                           (u)     in_0->z F     unmapped_complex2      4 36.8     0   148    3221    (-,-) 
  u_snapshot/g26715/z                           (u)     in_0->z F     unmapped_complex2    193 36.8     0   308    3529    (-,-) 
  u_snapshot/g26703/z                           (u)     in_0->z F     unmapped_complex2    192 36.8     0   308    3837    (-,-) 
  u_snapshot/g29133/z                           (u)     in_0->z F     unmapped_complex2      1  9.2     0   100    3937    (-,-) 
  u_snapshot/g25924/z                           (u)     in_0->z R     unmapped_nand2         1  9.0     0   100    4037    (-,-) 
  u_snapshot/g29094/z                           (u)     in_0->z R     unmapped_complex2      1  9.0     0   100    4137    (-,-) 
  u_snapshot/snapshot_Y_o_reg[63]/d             -       -       R     unmapped_d_flop        1    -     -     0    4137    (-,-) 
#--------------------------------------------------------------------------------------------------------------------------------

(u) : Net has unmapped pin(s).



Path 5: MET (1787 ps) Setup Check with Pin u_snapshot/snapshot_Y_o_reg[62]/clk->d
          Group: clk_sys
     Startpoint: (R) u_matrix_top_csr_watchdog_cycles_o_reg[1]/clk
          Clock: (R) clk_sys
       Endpoint: (R) u_snapshot/snapshot_Y_o_reg[62]/d
          Clock: (R) clk_sys

                     Capture       Launch     
        Clock Edge:+    6250            0     
       Src Latency:+       0            0     
       Net Latency:+       0 (I)        0 (I) 
           Arrival:=    6250            0     
                                              
             Setup:-     326                  
     Required Time:=    5924                  
      Launch Clock:-       0                  
         Data Path:-    4137                  
             Slack:=    1787                  

#--------------------------------------------------------------------------------------------------------------------------------
#                 Timing Point                  Flags    Arc    Edge       Cell         Fanout Load Trans Delay Arrival Instance 
#                                                                                              (fF)  (ps)  (ps)   (ps)  Location 
#--------------------------------------------------------------------------------------------------------------------------------
  u_matrix_top_csr_watchdog_cycles_o_reg[1]/clk -       -       R     (arrival)          23857    -     0     0       0    (-,-) 
  u_matrix_top_csr_watchdog_cycles_o_reg[1]/q   (u)     clk->q  R     unmapped_d_flop        4 36.0     0   657     657    (-,-) 
  u_snapshot/g28146/z                           (u)     in_1->z R     unmapped_or2           1  9.0     0   100     757    (-,-) 
  u_snapshot/g27959/z                           (u)     in_0->z R     unmapped_or2           4 36.0     0   148     905    (-,-) 
  u_snapshot/g20327/z                           (u)     in_0->z R     unmapped_or2           3 27.0     0   133    1039    (-,-) 
  u_snapshot/g27775/z                           (u)     in_0->z R     unmapped_or2           4 36.0     0   148    1187    (-,-) 
  u_snapshot/g27669/z                           (u)     in_1->z R     unmapped_or2           3 27.0     0   133    1320    (-,-) 
  u_snapshot/g27665/z                           (u)     in_0->z R     unmapped_or2           4 36.0     0   148    1468    (-,-) 
  u_snapshot/g27600/z                           (u)     in_0->z R     unmapped_or2           3 27.0     0   133    1602    (-,-) 
  u_snapshot/g20515/z                           (u)     in_0->z R     unmapped_or2           4 36.0     0   148    1750    (-,-) 
  u_snapshot/g27512/z                           (u)     in_0->z R     unmapped_or2           3 27.0     0   133    1883    (-,-) 
  u_snapshot/g27482/z                           (u)     in_0->z R     unmapped_or2           3 27.0     0   133    2016    (-,-) 
