# Excerpt from /sim/ksabra/SPADMIC_work/genus/genus_matrix_ooc_rerun_20260630_1009/i2c_slave/reports/qor/report_qor.rpt
# First 220 lines
============================================================
  Generated by:           Genus(TM) Synthesis Solution 22.13-s093_1
  Generated on:           Jun 30 2026  10:31:42 am
  Module:                 spadmic_i2c_slave
  Operating conditions:   typ_1_80V_25C 
  Interconnect mode:      global
  Area mode:              physical library
============================================================

Timing
--------

 Clock  Period 
---------------
clk_sys 6250.0 


  Cost    Critical         Violating 
 Group   Path Slack  TNS     Paths   
-------------------------------------
clk_sys      2160.5   0.0          0 
default    No paths   0.0            
-------------------------------------
Total                 0.0          0 

Instance Count
--------------
Leaf Instance Count             407 
Physical Instance count           0 
Sequential Instance Count       156 
Combinational Instance Count    251 
Hierarchical Instance Count       0 

Area
----
Cell Area                          13968.998
Physical Cell Area                 0.000
Total Cell Area (Cell+Physical)    13968.998
Net Area                           6276.978
Total Area (Cell+Physical+Net)     20245.976

Max Fanout                         156 (clk_sys)
Min Fanout                         0 (rst_n)
Average Fanout                     2.9
Terms to net ratio                 4.0593
Terms to instance ratio            4.5381
Runtime                            33.479543 seconds
Elapsed Runtime                    33 seconds
Genus peak memory usage            1871.73 
Innovus peak memory usage          no_value 
Hostname                           lyoelectrosrv01.in2p3.fr
