VERIFY_CONNECTIVITY use new engine.

******** Start: VERIFY CONNECTIVITY ********
Start Time: Fri Aug 28 15:32:17 2026

Design Name: mptdc_axis_core
Database Units: 1000
Design Boundary: (0.0000, 0.0000) (1112.7200, 837.7600)
Error Limit = 1000; Warning Limit = 50
Check specified nets
*** Checking Net VDD
Net VDD: dangling Wire.
*** Checking Net VSS
Net VSS: has an unconnected terminal, has special routes with opens, dangling Wire.

Begin Summary 
    2 Problem(s) (IMPVFC-96): Terminal(s) are not connected.
    1 Problem(s) (IMPVFC-200): Special Wires: Pieces of the net are not connected together.
    25 Problem(s) (IMPVFC-94): The net has dangling wire(s).
    28 total info(s) created.
End Summary

End Time: Fri Aug 28 15:32:17 2026
Time Elapsed: 0:00:00.0

******** End: VERIFY CONNECTIVITY ********
  Verification Complete : 28 Viols.  0 Wrngs.
  (CPU Time: 0:00:00.2  MEM: 0.000M)

