###############################################################
#  Generated by:      Cadence Innovus 22.33-s094_1
#  OS:                Linux x86_64(Host ID lyoelectrosrv01.in2p3.fr)
#  Generated on:      Tue Jul  7 22:46:32 2026
#  Design:            mptdc_axis_core
#  Command:           verifyConnectivity -type special -nets {VDD VSS} -report /sim/ksabra/SPADMIC_work/innovus/mptdc_ro6_via_stack_ckpt_proof_20260707_224542/reports/01_after_command_verify_connectivity_special_detailed.rpt > /sim/ksabra/SPADMIC_work/innovus/mptdc_ro6_via_stack_ckpt_proof_20260707_224542/reports/01_after_command_verify_connectivity_special_detailed.console.rpt
###############################################################
Verify Connectivity Report is created on Tue Jul  7 22:46:32 2026



Net VDD: dangling Wire at (1041.040, 772.800) (1041.040, 772.800) on layer: MET1
Net VDD: dangling Wire at (47.000, 681.160) (47.000, 681.160) on layer: MET3
Net VDD: dangling Wire at (47.000, 121.160) (47.000, 121.160) on layer: MET3
Net VDD: dangling Wire at (221.745, 681.160) (221.745, 681.160) on layer: MET3
Net VDD: dangling Wire at (221.745, 121.160) (221.745, 121.160) on layer: MET3
Net VDD: dangling Wire at (201.160, 683.300) (201.160, 683.300) on layer: METTP
Net VSS, Pin Pin: u_core_u_osc_fast_u_ro_tune4/VSS; Direction: INOUT; Use: GROUND;: has an unconnected terminal at (50.460, 149.600) (56.065, 152.600)
Net VSS, Pin Pin: u_core_u_osc_slow_u_ro_tune4/VSS; Direction: INOUT; Use: GROUND;: has an unconnected terminal at (50.460, 648.700) (56.065, 651.700)
Net VSS: has special routes with opens at (13.160, 13.160) (1048.040, 788.760)
Net VSS: dangling Wire at (224.560, 150.080) (224.560, 150.080) on layer: MET1
Net VSS: dangling Wire at (224.560, 159.040) (224.560, 159.040) on layer: MET1
Net VSS: dangling Wire at (224.560, 168.000) (224.560, 168.000) on layer: MET1
Net VSS: dangling Wire at (224.560, 633.920) (224.560, 633.920) on layer: MET1
Net VSS: dangling Wire at (224.560, 642.880) (224.560, 642.880) on layer: MET1
Net VSS: dangling Wire at (224.560, 651.840) (224.560, 651.840) on layer: MET1
Net VSS: dangling Wire at (125.160, 118.000) (125.160, 118.000) on layer: METTP
Net VSS: dangling Wire at (125.160, 681.930) (125.160, 681.930) on layer: METTP
Net VSS: dangling Wire at (125.160, 193.300) (125.160, 193.300) on layer: METTP

Begin Summary
    2 Problem(s) (IMPVFC-96): Terminal(s) are not connected.
    1 Problem(s) (IMPVFC-200): Special Wires: Pieces of the net are not connected together.
    15 Problem(s) (IMPVFC-94): The net has dangling wire(s).
    18 total info(s) created.
End Summary
