# MPTDC Route Checkpoint Repair
SOURCE_CHECKPOINT=/sim/ksabra/SPADMIC_work/innovus/mptdc_tc_ro6_realobs_freeint_reroute_20260707_183153/checkpoints/03_cts.enc.dat
RESULT_DIR=/sim/ksabra/SPADMIC_work/innovus/mptdc_ro6_via_stack_ckpt_proof_20260707_224542
TOP_CELL=mptdc_axis_core
COMMANDS_FILE=/tmp/mptdc_ro6_via_stack_ckpt_proof_20260707_224542.commands.tcl
INITIAL_DRC=1000
INITIAL_SHORTS=29
INITIAL_DRC_STATUS=FAIL
INITIAL_REGULAR_CONNECTIVITY_BAD=1
INITIAL_REGULAR_CONNECTIVITY_BAD_LINES={Net FE_OCPN68763_u_core_fast_tag_col_0__1: has an unconnected terminal, has regular routing with opens, dangling Wire.} {Net FE_OCPN68761_FE_OFN149_u_core_fast_tag_col_0__2: has an unconnected terminal, has regular routing with opens, dangling Wire.} {Net FE_OFN68758_u_core_n_41714: has an unconnected terminal, has regular routing with opens, dangling Wire.} {Net FE_OFN68757_n: has an unconnected terminal, has regular routing with opens, dangling Wire.} {Net FE_OFN68756_n: has an unconnected terminal, has regular routing with opens.} {Net FE_OCPN68681_FE_OFN159_u_core_fast_tag_col_0__4: has an unconnected terminal, has regular routing with opens, dangling Wire.} {Net FE_OCPN68671_FE_DBTN13_u_core_n_1556: has an unconnected terminal, has regular routing with opens, dangling Wire.} {Net FE_OCPN48301_u_core_fast_tag_col_0__1: has an unconnected terminal, has regular routing with opens, dangling Wire.} {Net FE_OCPN48292_u_core_n_1557: has an unconnected terminal, has regular routing with opens, dangling Wire.} {Net CTS_67: has an unconnected terminal, has regular routing with opens, dangling Wire.}
INITIAL_SPECIAL_CONNECTIVITY_BAD=1
INITIAL_SPECIAL_CONNECTIVITY_BAD_LINES={Net VDD: has an unconnected terminal, has special routes with opens, has regular routing with opens.} {726 Problem(s) (IMPVFC-96): Terminal(s) are not connected.} {1 Problem(s) (IMPVFC-200): Special Wires: Pieces of the net are not connected together.} {273 Problem(s) (IMPVFC-92): Pieces of the net are not connected together.} {Verification Complete : 1000 Viols.  0 Wrngs.}
INITIAL_SPECIAL_CONNECTIVITY_RAW_BAD=1
INITIAL_SPECIAL_CONNECTIVITY_FILTER_STATUS=DISABLED
INITIAL_SPECIAL_CONNECTIVITY_FILTERED_RO_TERMINALS=0
INITIAL_SPECIAL_CONNECTIVITY_NON_RO_FAILURES=0
INITIAL_SPECIAL_CONNECTIVITY_FILTER_REPORT=
INITIAL_UNROUTED_NETS=UNKNOWN
INITIAL_UNROUTED_NETS_SOURCE=report_route
INITIAL_ROUTE_GATE_PASS=0
INITIAL_DRC_REPORT=/sim/ksabra/SPADMIC_work/innovus/mptdc_ro6_via_stack_ckpt_proof_20260707_224542/reports/00_initial_verify_drc.rpt
INITIAL_REGULAR_CONNECTIVITY_REPORT=/sim/ksabra/SPADMIC_work/innovus/mptdc_ro6_via_stack_ckpt_proof_20260707_224542/reports/00_initial_verify_connectivity_regular.rpt
INITIAL_SPECIAL_CONNECTIVITY_REPORT=/sim/ksabra/SPADMIC_work/innovus/mptdc_ro6_via_stack_ckpt_proof_20260707_224542/reports/00_initial_verify_connectivity_special.rpt
INITIAL_REPORT_ROUTE=/sim/ksabra/SPADMIC_work/innovus/mptdc_ro6_via_stack_ckpt_proof_20260707_224542/reports/00_initial_report_route.rpt
INITIAL_MARKER_REPORT=/sim/ksabra/SPADMIC_work/innovus/mptdc_ro6_via_stack_ckpt_proof_20260707_224542/reports/00_initial_verify_drc_markers.tsv

COMMAND_1=mptdc_ckpt_source_tcl /tmp/mptdc_ro6_via_stack_ckpt_proof_20260707_224542.payload.tcl
COMMAND_1_REPORT=/sim/ksabra/SPADMIC_work/innovus/mptdc_ro6_via_stack_ckpt_proof_20260707_224542/reports/01_command_mptdc_ckpt_source_tcl_/tmp/mptdc_ro6_via_stack_ckpt_proof_20260707_224542.payload.tcl.rpt
COMMAND_1_STATUS=PASS
COMMAND_1_VERIFY_DRC=81
COMMAND_1_VERIFY_SHORTS=22
COMMAND_1_VERIFY_DRC_STATUS=FAIL
COMMAND_1_VERIFY_REGULAR_CONNECTIVITY_BAD=1
COMMAND_1_VERIFY_REGULAR_CONNECTIVITY_BAD_LINES={Net async_rst_n: no routing.} {Net start_spad_async_i: no routing.} {Net stop_spad_async_i: no routing.} {Net cal_start_async_i: no routing.} {Net cal_stop_async_i: no routing.} {Net input_sel_i[0]: no routing.} {Net conv_arm_i: no routing.} {Net fifo_clr_i: no routing.} {Net soft_reset_i: no routing.} {Net max_hits_i[3]: no routing.}
COMMAND_1_VERIFY_SPECIAL_CONNECTIVITY_BAD=1
COMMAND_1_VERIFY_SPECIAL_CONNECTIVITY_BAD_LINES={Net VDD: dangling Wire.} {Net VSS: has an unconnected terminal, has special routes with opens, dangling Wire.} {2 Problem(s) (IMPVFC-96): Terminal(s) are not connected.} {1 Problem(s) (IMPVFC-200): Special Wires: Pieces of the net are not connected together.} {15 Problem(s) (IMPVFC-94): The net has dangling wire(s).} {Verification Complete : 18 Viols.  0 Wrngs.}
COMMAND_1_VERIFY_SPECIAL_CONNECTIVITY_RAW_BAD=1
COMMAND_1_VERIFY_SPECIAL_CONNECTIVITY_FILTER_STATUS=DISABLED
COMMAND_1_VERIFY_SPECIAL_CONNECTIVITY_FILTERED_RO_TERMINALS=0
COMMAND_1_VERIFY_SPECIAL_CONNECTIVITY_NON_RO_FAILURES=0
COMMAND_1_VERIFY_SPECIAL_CONNECTIVITY_FILTER_REPORT=
COMMAND_1_VERIFY_UNROUTED_NETS=UNKNOWN
COMMAND_1_VERIFY_UNROUTED_NETS_SOURCE=report_route
COMMAND_1_VERIFY_ROUTE_GATE_PASS=0
COMMAND_1_VERIFY_DRC_REPORT=/sim/ksabra/SPADMIC_work/innovus/mptdc_ro6_via_stack_ckpt_proof_20260707_224542/reports/01_after_command_verify_drc.rpt
COMMAND_1_VERIFY_REGULAR_CONNECTIVITY_REPORT=/sim/ksabra/SPADMIC_work/innovus/mptdc_ro6_via_stack_ckpt_proof_20260707_224542/reports/01_after_command_verify_connectivity_regular.rpt
COMMAND_1_VERIFY_SPECIAL_CONNECTIVITY_REPORT=/sim/ksabra/SPADMIC_work/innovus/mptdc_ro6_via_stack_ckpt_proof_20260707_224542/reports/01_after_command_verify_connectivity_special.rpt
COMMAND_1_VERIFY_REPORT_ROUTE=/sim/ksabra/SPADMIC_work/innovus/mptdc_ro6_via_stack_ckpt_proof_20260707_224542/reports/01_after_command_report_route.rpt
COMMAND_1_VERIFY_MARKER_REPORT=/sim/ksabra/SPADMIC_work/innovus/mptdc_ro6_via_stack_ckpt_proof_20260707_224542/reports/01_after_command_verify_drc_markers.tsv
COMMAND_1_DRC_REPORT=/sim/ksabra/SPADMIC_work/innovus/mptdc_ro6_via_stack_ckpt_proof_20260707_224542/reports/01_after_command_verify_drc.rpt
COMMAND_1_MARKER_REPORT=/sim/ksabra/SPADMIC_work/innovus/mptdc_ro6_via_stack_ckpt_proof_20260707_224542/reports/01_after_command_verify_drc_markers.tsv

FINAL_DRC=81
FINAL_SHORTS=22
FINAL_DRC_STATUS=FAIL
FINAL_REGULAR_CONNECTIVITY_BAD=1
FINAL_REGULAR_CONNECTIVITY_BAD_LINES={Net async_rst_n: no routing.} {Net start_spad_async_i: no routing.} {Net stop_spad_async_i: no routing.} {Net cal_start_async_i: no routing.} {Net cal_stop_async_i: no routing.} {Net input_sel_i[0]: no routing.} {Net conv_arm_i: no routing.} {Net fifo_clr_i: no routing.} {Net soft_reset_i: no routing.} {Net max_hits_i[3]: no routing.}
FINAL_SPECIAL_CONNECTIVITY_BAD=1
FINAL_SPECIAL_CONNECTIVITY_BAD_LINES={Net VDD: dangling Wire.} {Net VSS: has an unconnected terminal, has special routes with opens, dangling Wire.} {2 Problem(s) (IMPVFC-96): Terminal(s) are not connected.} {1 Problem(s) (IMPVFC-200): Special Wires: Pieces of the net are not connected together.} {15 Problem(s) (IMPVFC-94): The net has dangling wire(s).} {Verification Complete : 18 Viols.  0 Wrngs.}
FINAL_SPECIAL_CONNECTIVITY_RAW_BAD=1
FINAL_SPECIAL_CONNECTIVITY_FILTER_STATUS=DISABLED
FINAL_SPECIAL_CONNECTIVITY_FILTERED_RO_TERMINALS=0
FINAL_SPECIAL_CONNECTIVITY_NON_RO_FAILURES=0
FINAL_SPECIAL_CONNECTIVITY_FILTER_REPORT=
FINAL_UNROUTED_NETS=UNKNOWN
FINAL_UNROUTED_NETS_SOURCE=report_route
FINAL_ROUTE_GATE_PASS=0
FINAL_DRC_REPORT=/sim/ksabra/SPADMIC_work/innovus/mptdc_ro6_via_stack_ckpt_proof_20260707_224542/reports/01_after_command_verify_drc.rpt
FINAL_DRC_MARKER_REPORT=/sim/ksabra/SPADMIC_work/innovus/mptdc_ro6_via_stack_ckpt_proof_20260707_224542/reports/01_after_command_verify_drc_markers.tsv
FINAL_REGULAR_CONNECTIVITY_REPORT=/sim/ksabra/SPADMIC_work/innovus/mptdc_ro6_via_stack_ckpt_proof_20260707_224542/reports/01_after_command_verify_connectivity_regular.rpt
FINAL_SPECIAL_CONNECTIVITY_REPORT=/sim/ksabra/SPADMIC_work/innovus/mptdc_ro6_via_stack_ckpt_proof_20260707_224542/reports/01_after_command_verify_connectivity_special.rpt
FINAL_REPORT_ROUTE=/sim/ksabra/SPADMIC_work/innovus/mptdc_ro6_via_stack_ckpt_proof_20260707_224542/reports/01_after_command_report_route.rpt
FINAL_DEF=/sim/ksabra/SPADMIC_work/innovus/mptdc_ro6_via_stack_ckpt_proof_20260707_224542/def/repaired_route.def
FINAL_CHECKPOINT=/sim/ksabra/SPADMIC_work/innovus/mptdc_ro6_via_stack_ckpt_proof_20260707_224542/checkpoints/repaired_route.enc
FINAL_CHECKPOINT_DAT=/sim/ksabra/SPADMIC_work/innovus/mptdc_ro6_via_stack_ckpt_proof_20260707_224542/checkpoints/repaired_route.enc.dat
FINAL_CHECKPOINT_DAT_EXISTS=1
CHECKPOINT_REPAIR_STATUS=REVIEW_REQUIRED
