# MPTDC Protected RO PG Via-Stack Status
RO_PG_HOOKUP_STRATEGY=protected_ro_pg_via_stack
RO_PG_HOOKUP_ENABLE=1
RO_PG_HOOKUP_REQUIRED=1
RO_PG_VIA_STACK_LAYER_ORDER=MET1 MET2 MET3 METTP
RO_PG_VIA_STACK_TARGET_LAYERS=METTP MET3 MET2 MET1
RO_PG_VIA_STACK_ACCESS_TSV=/sim/ksabra/SPADMIC_work/innovus/mptdc_ro6_via_stack_ckpt_proof_20260707_224542/reports/ro_pg_via_stack_access.tsv
RO_PG_HOOKUP_PASS_MEANING=constructed_access_pending_downstream_raw_special_connectivity_proof
RO_PG_HOOKUP_REQUIRED_DOWNSTREAM_PROOF=verifyConnectivity -type special -nets {VDD VSS}
RO_PG_HOOKUP_SEARCH_UM=45.0
RO_PG_HOOKUP_MARGIN_UM=1.0
RO_PG_VIA_STACK_AREA_MARGIN_UM=0.4
RO_PG_HOOKUP_SPACING_UM=2.0
RO_PG_HOOKUP_SET_DISTANCE_UM=5000.0
RO_PG_PIN_SHAPE_COUNT=4
RO_PG_PIN_SHAPE_SOURCES=lef_orientation_fallback:MX=2 lef_orientation_fallback:R0=2

RO_PG_VIA_1_VDD_MET1_TERMINAL=u_core_u_osc_fast_u_ro_tune4/VDD
RO_PG_VIA_1_VDD_MET1_NET=VDD
RO_PG_VIA_1_VDD_MET1_PIN_LAYER=MET1
RO_PG_VIA_1_VDD_MET1_PIN_BOX=52.430 170.710 57.575 173.945
RO_PG_VIA_1_VDD_MET1_TARGET_STATUS=PASS
RO_PG_VIA_1_VDD_MET1_TARGET_LAYER=METTP
RO_PG_VIA_1_VDD_MET1_TARGET_DISTANCE_UM=10.270
RO_PG_VIA_1_VDD_MET1_TARGET_BOX=40.160 16.160 42.160 785.760
RO_PG_VIA_1_VDD_MET1_STACK_LAYERS=MET1 MET2 MET3 METTP
RO_PG_VIA_1_VDD_MET1_BRIDGE_DIRECTION=horizontal
RO_PG_VIA_1_VDD_MET1_ACCESS_BOX=39.160 171.327 58.575 173.327
RO_PG_VIA_1_VDD_MET1_VIA_AREA=39.760 171.327 42.560 173.327
RO_PG_VIA_1_VDD_MET1_OBS_CLEAR_STATUS=FAIL
RO_PG_VIA_1_VDD_MET1_OBS_CLEAR_REASON=obs_overlap_outside_pin
RO_PG_VIA_1_VDD_MET1_OBS_VIOLATIONS=MET1:50.405 156.300 52.085 185.405:overlap=3.360000 | MET1:57.995 121.690 219.345 190.900:overlap=1.160000 | MET1:50.400 156.120 52.085 190.900:overlap=3.370000 | MET2:58.075 120.400 219.345 187.510:overlap=1.000000 | MET2:50.400 156.200 51.930 190.900:overlap=3.060000 | MET3:58.075 121.770 219.345 187.430:overlap=1.000000 | MET3:50.400 156.200 51.930 190.900:overlap=3.060000 | METTP:58.075 121.770 219.345 187.430:overlap=1.000000 | METTP:50.400 156.200 51.930 190.900:overlap=3.060000

RO_PG_VIA_2_VSS_MET2_TERMINAL=u_core_u_osc_fast_u_ro_tune4/VSS
RO_PG_VIA_2_VSS_MET2_NET=VSS
RO_PG_VIA_2_VSS_MET2_PIN_LAYER=MET2
RO_PG_VIA_2_VSS_MET2_PIN_BOX=50.460 149.600 56.065 152.600
RO_PG_VIA_2_VSS_MET2_TARGET_STATUS=PASS
RO_PG_VIA_2_VSS_MET2_TARGET_LAYER=METTP
RO_PG_VIA_2_VSS_MET2_TARGET_DISTANCE_UM=4.300
RO_PG_VIA_2_VSS_MET2_TARGET_BOX=44.160 13.160 46.160 788.760
RO_PG_VIA_2_VSS_MET2_STACK_LAYERS=MET2 MET3 METTP
RO_PG_VIA_2_VSS_MET2_BRIDGE_DIRECTION=horizontal
RO_PG_VIA_2_VSS_MET2_ACCESS_BOX=43.160 150.100 57.065 152.100
RO_PG_VIA_2_VSS_MET2_VIA_AREA=43.760 150.100 46.560 152.100
RO_PG_VIA_2_VSS_MET2_OBS_CLEAR_STATUS=FAIL
RO_PG_VIA_2_VSS_MET2_OBS_CLEAR_REASON=obs_overlap_outside_pin
RO_PG_VIA_2_VSS_MET2_OBS_VIOLATIONS=MET2:56.115 120.400 219.345 170.210:overlap=1.900000 | MET2:56.115 149.600 219.345 152.600:overlap=1.900000 | MET3:56.115 121.770 219.345 170.210:overlap=1.900000 | METTP:56.115 121.770 219.345 170.210:overlap=1.900000

RO_PG_VIA_3_VDD_MET1_TERMINAL=u_core_u_osc_slow_u_ro_tune4/VDD
RO_PG_VIA_3_VDD_MET1_NET=VDD
RO_PG_VIA_3_VDD_MET1_PIN_LAYER=MET1
RO_PG_VIA_3_VDD_MET1_PIN_BOX=52.430 627.355 57.575 630.590
RO_PG_VIA_3_VDD_MET1_TARGET_STATUS=PASS
RO_PG_VIA_3_VDD_MET1_TARGET_LAYER=METTP
RO_PG_VIA_3_VDD_MET1_TARGET_DISTANCE_UM=10.270
RO_PG_VIA_3_VDD_MET1_TARGET_BOX=40.160 16.160 42.160 785.760
RO_PG_VIA_3_VDD_MET1_STACK_LAYERS=MET1 MET2 MET3 METTP
RO_PG_VIA_3_VDD_MET1_BRIDGE_DIRECTION=horizontal
RO_PG_VIA_3_VDD_MET1_ACCESS_BOX=39.160 627.972 58.575 629.972
RO_PG_VIA_3_VDD_MET1_VIA_AREA=39.760 627.972 42.560 629.972
RO_PG_VIA_3_VDD_MET1_OBS_CLEAR_STATUS=FAIL
RO_PG_VIA_3_VDD_MET1_OBS_CLEAR_REASON=obs_overlap_outside_pin
RO_PG_VIA_3_VDD_MET1_OBS_VIOLATIONS=MET1:50.405 615.895 52.085 645.000:overlap=3.360000 | MET1:57.995 610.400 219.345 679.610:overlap=1.160000 | MET1:50.400 610.400 52.085 645.180:overlap=3.370000 | MET2:58.075 613.790 219.345 680.900:overlap=1.000000 | MET2:50.400 610.400 51.930 645.100:overlap=3.060000 | MET3:58.075 613.870 219.345 679.530:overlap=1.000000 | MET3:50.400 610.400 51.930 645.100:overlap=3.060000 | METTP:58.075 613.870 219.345 679.530:overlap=1.000000 | METTP:50.400 610.400 51.930 645.100:overlap=3.060000

RO_PG_VIA_4_VSS_MET2_TERMINAL=u_core_u_osc_slow_u_ro_tune4/VSS
RO_PG_VIA_4_VSS_MET2_NET=VSS
RO_PG_VIA_4_VSS_MET2_PIN_LAYER=MET2
RO_PG_VIA_4_VSS_MET2_PIN_BOX=50.460 648.700 56.065 651.700
RO_PG_VIA_4_VSS_MET2_TARGET_STATUS=PASS
RO_PG_VIA_4_VSS_MET2_TARGET_LAYER=METTP
RO_PG_VIA_4_VSS_MET2_TARGET_DISTANCE_UM=4.300
RO_PG_VIA_4_VSS_MET2_TARGET_BOX=44.160 13.160 46.160 788.760
RO_PG_VIA_4_VSS_MET2_STACK_LAYERS=MET2 MET3 METTP
RO_PG_VIA_4_VSS_MET2_BRIDGE_DIRECTION=horizontal
RO_PG_VIA_4_VSS_MET2_ACCESS_BOX=43.160 649.200 57.065 651.200
RO_PG_VIA_4_VSS_MET2_VIA_AREA=43.760 649.200 46.560 651.200
RO_PG_VIA_4_VSS_MET2_OBS_CLEAR_STATUS=FAIL
RO_PG_VIA_4_VSS_MET2_OBS_CLEAR_REASON=obs_overlap_outside_pin
RO_PG_VIA_4_VSS_MET2_OBS_VIOLATIONS=MET2:56.115 631.090 219.345 680.900:overlap=1.900000 | MET2:56.115 648.700 219.345 651.700:overlap=1.900000 | MET3:56.115 631.090 219.345 679.530:overlap=1.900000 | METTP:56.115 631.090 219.345 679.530:overlap=1.900000

RO_PG_VIA_STACK_EXPECTED_TERMINAL_COUNT=4
RO_PG_VIA_STACK_CONNECTED_TERMINAL_COUNT=0
RO_PG_VIA_STACK_MISSING_TERMINALS=u_core_u_osc_fast_u_ro_tune4/VDD u_core_u_osc_fast_u_ro_tune4/VSS u_core_u_osc_slow_u_ro_tune4/VDD u_core_u_osc_slow_u_ro_tune4/VSS
RO_PG_VIA_STACK_CREATED_STRIPE_COUNT=0
RO_PG_VIA_STACK_CREATED_VIA_PAIR_COUNT=0
RO_PG_VIA_STACK_OBS_REJECTED_COUNT=4
RO_PG_VIA_STACK_CONSTRUCTION_STATUS=FAIL
RO_PG_HOOKUP_STATUS=FAIL
RO_PG_HOOKUP_FAILURES=u_core_u_osc_fast_u_ro_tune4/VDD:obs_overlap_outside_pin:MET1:50.405 156.300 52.085 185.405:overlap=3.360000|MET1:57.995 121.690 219.345 190.900:overlap=1.160000|MET1:50.400 156.120 52.085 190.900:overlap=3.370000|MET2:58.075 120.400 219.345 187.510:overlap=1.000000|MET2:50.400 156.200 51.930 190.900:overlap=3.060000|MET3:58.075 121.770 219.345 187.430:overlap=1.000000|MET3:50.400 156.200 51.930 190.900:overlap=3.060000|METTP:58.075 121.770 219.345 187.430:overlap=1.000000|METTP:50.400 156.200 51.930 190.900:overlap=3.060000 | u_core_u_osc_fast_u_ro_tune4/VSS:obs_overlap_outside_pin:MET2:56.115 120.400 219.345 170.210:overlap=1.900000|MET2:56.115 149.600 219.345 152.600:overlap=1.900000|MET3:56.115 121.770 219.345 170.210:overlap=1.900000|METTP:56.115 121.770 219.345 170.210:overlap=1.900000 | u_core_u_osc_slow_u_ro_tune4/VDD:obs_overlap_outside_pin:MET1:50.405 615.895 52.085 645.000:overlap=3.360000|MET1:57.995 610.400 219.345 679.610:overlap=1.160000|MET1:50.400 610.400 52.085 645.180:overlap=3.370000|MET2:58.075 613.790 219.345 680.900:overlap=1.000000|MET2:50.400 610.400 51.930 645.100:overlap=3.060000|MET3:58.075 613.870 219.345 679.530:overlap=1.000000|MET3:50.400 610.400 51.930 645.100:overlap=3.060000|METTP:58.075 613.870 219.345 679.530:overlap=1.000000|METTP:50.400 610.400 51.930 645.100:overlap=3.060000 | u_core_u_osc_slow_u_ro_tune4/VSS:obs_overlap_outside_pin:MET2:56.115 631.090 219.345 680.900:overlap=1.900000|MET2:56.115 648.700 219.345 651.700:overlap=1.900000|MET3:56.115 631.090 219.345 679.530:overlap=1.900000|METTP:56.115 631.090 219.345 679.530:overlap=1.900000 | missing_terminals:u_core_u_osc_fast_u_ro_tune4/VDD,u_core_u_osc_fast_u_ro_tune4/VSS,u_core_u_osc_slow_u_ro_tune4/VDD,u_core_u_osc_slow_u_ro_tune4/VSS

RO_PG_HOOKUP_CONNECTIVITY_PROOF_LABEL=POSTPLACE_PRE_ROUTE_SPECIAL_CONNECTIVITY
RO_PG_HOOKUP_CONNECTIVITY_RAW_BAD=1
RO_PG_HOOKUP_CONNECTIVITY_BAD=1
RO_PG_HOOKUP_CONNECTIVITY_FILTER_STATUS=DISABLED
RO_PG_HOOKUP_CONNECTIVITY_FILTERED_RO_TERMINALS=0
RO_PG_HOOKUP_CONNECTIVITY_NON_RO_FAILURES=0
RO_PG_HOOKUP_CONNECTIVITY_PROOF_STATUS=FAIL
RO_PG_HOOKUP_STATUS=FAIL
