============================================================
  Generated by:           Genus(TM) Synthesis Solution 22.13-s093_1
  Generated on:           Jun 09 2026  12:55:12 pm
  Module:                 mptdc_top_asic
  Operating conditions:   typ_1_80V_25C 
  Interconnect mode:      global
  Area mode:              physical library
============================================================


Path 1: VIOLATED (-422 ps) Setup Check with Pin u_core_gen_pd_row[0].gen_pd_col[6].u_pd/q1_reg/C->D
           View: tc_view
          Group: clk_osc_fast_buf_tap6
     Startpoint: (F) u_core_u_phase_buf_slow/gen_phase_buf[0].u_drv/Q
          Clock: (F) clk_osc_slow_buf_tap0
       Endpoint: (F) u_core_gen_pd_row[0].gen_pd_col[6].u_pd/q1_reg/D
          Clock: (R) clk_osc_fast_buf_tap6

                      Capture       Launch     
        Clock Edge:+  1866866      1866865     
       Src Latency:+        0            0     
       Net Latency:+        0 (I)        0 (I) 
           Arrival:=  1866866      1866865     
                                               
             Setup:-      300                  
       Uncertainty:-       10                  
     Required Time:=  1866556                  
      Launch Clock:-  1866865                  
       Input Delay:-        0                  
         Data Path:-      113                  
             Slack:=     -422                  

Exceptions/Constraints:
  input_delay              0              create_clock_delay_domain_1_clk_osc_slow_buf_tap0_F_0 

#-----------------------------------------------------------------------------------------------------------------------------
#                    Timing Point                      Flags   Arc   Edge   Cell     Fanout Load Trans Delay Arrival Instance 
#                                                                                           (fF)  (ps)  (ps)   (ps)  Location 
#-----------------------------------------------------------------------------------------------------------------------------
  u_core_u_phase_buf_slow/gen_phase_buf[0].u_drv/Q     (i,b)   -     F     (arrival)     73  0.0     0     0 1866865    (-,-) 
  u_core_gen_pd_row[0].gen_pd_col[6].u_pd/g411/Q       -       A->Q  R     INHDX12        1 12.0    20    22 1866887    (-,-) 
  u_core_gen_pd_row[0].gen_pd_col[6].u_pd/g386__5526/Q -       B->Q  F     ON21HDX1       1 10.1    98    91 1866978    (-,-) 
  u_core_gen_pd_row[0].gen_pd_col[6].u_pd/q1_reg/D     -       -     F     DFRRQHDX4      1    -     -     0 1866978    (-,-) 
#-----------------------------------------------------------------------------------------------------------------------------

(i) : Net is ideal.
(b) : Timing paths are broken.



Path 2: VIOLATED (-421 ps) Setup Check with Pin u_core_gen_pd_row[5].gen_pd_col[6].u_pd/q1_reg/C->D
           View: tc_view
          Group: clk_osc_fast_buf_tap6
     Startpoint: (F) u_core_u_phase_buf_slow/gen_phase_buf[5].u_drv/Q
          Clock: (F) clk_osc_slow_buf_tap5
       Endpoint: (F) u_core_gen_pd_row[5].gen_pd_col[6].u_pd/q1_reg/D
          Clock: (R) clk_osc_fast_buf_tap6

                     Capture       Launch     
        Clock Edge:+  407231       407230     
       Src Latency:+       0            0     
       Net Latency:+       0 (I)        0 (I) 
           Arrival:=  407231       407230     
                                              
             Setup:-     288                  
       Uncertainty:-      10                  
     Required Time:=  406933                  
      Launch Clock:-  407230                  
       Input Delay:-       0                  
         Data Path:-     124                  
             Slack:=    -421                  

Exceptions/Constraints:
  input_delay              0              create_clock_delay_domain_1_clk_osc_slow_buf_tap5_F_0 

#---------------------------------------------------------------------------------------------------------------------------
#                   Timing Point                    Flags   Arc   Edge   Cell     Fanout  Load Trans Delay Arrival Instance 
#                                                                                         (fF)  (ps)  (ps)   (ps)  Location 
#---------------------------------------------------------------------------------------------------------------------------
  u_core_u_phase_buf_slow/gen_phase_buf[5].u_drv/Q  (b)     -     F     (arrival)      9 497.4     0     0  407230    (-,-) 
  u_core_gen_pd_row[5].gen_pd_col[6].u_pd/g3__458/Q -       A->Q  R     NA2HDX4        1  15.7   116    58  407288    (-,-) 
  u_core_gen_pd_row[5].gen_pd_col[6].u_pd/g2__456/Q -       B->Q  F     NA2HDX2        1  10.1    54    66  407354    (-,-) 
  u_core_gen_pd_row[5].gen_pd_col[6].u_pd/q1_reg/D  -       -     F     DFRRQHDX4      1     -     -     0  407354    (-,-) 
#---------------------------------------------------------------------------------------------------------------------------

(b) : Timing paths are broken.



Path 3: VIOLATED (-421 ps) Setup Check with Pin u_core_gen_pd_row[3].gen_pd_col[6].u_pd/q1_reg/C->D
           View: tc_view
          Group: clk_osc_fast_buf_tap6
     Startpoint: (F) u_core_u_phase_buf_slow/gen_phase_buf[3].u_drv/Q
          Clock: (F) clk_osc_slow_buf_tap3
       Endpoint: (F) u_core_gen_pd_row[3].gen_pd_col[6].u_pd/q1_reg/D
          Clock: (R) clk_osc_fast_buf_tap6

                      Capture       Launch     
        Clock Edge:+  1372323      1372322     
       Src Latency:+        0            0     
       Net Latency:+        0 (I)        0 (I) 
           Arrival:=  1372323      1372322     
                                               
             Setup:-      298                  
       Uncertainty:-       10                  
     Required Time:=  1372014                  
      Launch Clock:-  1372322                  
       Input Delay:-        0                  
         Data Path:-      113                  
             Slack:=     -421                  

Exceptions/Constraints:
  input_delay              0              create_clock_delay_domain_1_clk_osc_slow_buf_tap3_F_0 

#--------------------------------------------------------------------------------------------------------------------------
#                  Timing Point                    Flags   Arc   Edge   Cell     Fanout  Load Trans Delay Arrival Instance 
#                                                                                        (fF)  (ps)  (ps)   (ps)  Location 
#--------------------------------------------------------------------------------------------------------------------------
  u_core_u_phase_buf_slow/gen_phase_buf[3].u_drv/Q (b)     -     F     (arrival)      9 591.0     0     0 1372322    (-,-) 
  u_core_gen_pd_row[3].gen_pd_col[6].u_pd/g20/Q    -       A->Q  R     INHDX12        1  12.0    20    22 1372344    (-,-) 
  u_core_gen_pd_row[3].gen_pd_col[6].u_pd/g17/Q    -       B->Q  F     ON21HDX1       1  10.1    93    91 1372435    (-,-) 
  u_core_gen_pd_row[3].gen_pd_col[6].u_pd/q1_reg/D -       -     F     DFRRQHDX4      1     -     -     0 1372435    (-,-) 
#--------------------------------------------------------------------------------------------------------------------------

(b) : Timing paths are broken.



Path 4: VIOLATED (-421 ps) Setup Check with Pin u_core_gen_pd_row[4].gen_pd_col[6].u_pd/q1_reg/C->D
           View: tc_view
          Group: clk_osc_fast_buf_tap6
     Startpoint: (F) u_core_u_phase_buf_slow/gen_phase_buf[4].u_drv/Q
          Clock: (F) clk_osc_slow_buf_tap4
       Endpoint: (F) u_core_gen_pd_row[4].gen_pd_col[6].u_pd/q1_reg/D
          Clock: (R) clk_osc_fast_buf_tap6

                      Capture       Launch     
        Clock Edge:+  1842872      1842871     
       Src Latency:+        0            0     
       Net Latency:+        0 (I)        0 (I) 
           Arrival:=  1842872      1842871     
                                               
             Setup:-      298                  
       Uncertainty:-       10                  
     Required Time:=  1842564                  
      Launch Clock:-  1842871                  
       Input Delay:-        0                  
         Data Path:-      113                  
             Slack:=     -421                  

Exceptions/Constraints:
  input_delay              0              create_clock_delay_domain_1_clk_osc_slow_buf_tap4_F_0 

#--------------------------------------------------------------------------------------------------------------------------
#                  Timing Point                    Flags   Arc   Edge   Cell     Fanout  Load Trans Delay Arrival Instance 
#                                                                                        (fF)  (ps)  (ps)   (ps)  Location 
#--------------------------------------------------------------------------------------------------------------------------
  u_core_u_phase_buf_slow/gen_phase_buf[4].u_drv/Q (b)     -     F     (arrival)      9 591.0     0     0 1842871    (-,-) 
  u_core_gen_pd_row[4].gen_pd_col[6].u_pd/g20/Q    -       A->Q  R     INHDX12        1  12.0    20    22 1842893    (-,-) 
  u_core_gen_pd_row[4].gen_pd_col[6].u_pd/g17/Q    -       B->Q  F     ON21HDX1       1  10.1    93    91 1842984    (-,-) 
  u_core_gen_pd_row[4].gen_pd_col[6].u_pd/q1_reg/D -       -     F     DFRRQHDX4      1     -     -     0 1842984    (-,-) 
#--------------------------------------------------------------------------------------------------------------------------

(b) : Timing paths are broken.



Path 5: VIOLATED (-421 ps) Setup Check with Pin u_core_gen_pd_row[7].gen_pd_col[7].u_pd/q1_reg/C->D
           View: tc_view
          Group: clk_osc_fast_buf_tap7
     Startpoint: (F) u_core_u_phase_buf_slow/gen_phase_buf[7].u_drv/Q
          Clock: (F) clk_osc_slow_buf_tap7
       Endpoint: (F) u_core_gen_pd_row[7].gen_pd_col[7].u_pd/q1_reg/D
          Clock: (R) clk_osc_fast_buf_tap7

                     Capture       Launch     
        Clock Edge:+  445999       445998     
       Src Latency:+       0            0     
       Net Latency:+       0 (I)        0 (I) 
           Arrival:=  445999       445998     
                                              
             Setup:-     298                  
       Uncertainty:-      10                  
     Required Time:=  445691                  
      Launch Clock:-  445998                  
       Input Delay:-       0                  
         Data Path:-     113                  
             Slack:=    -421                  

Exceptions/Constraints:
  input_delay              0              create_clock_delay_domain_1_clk_osc_slow_buf_tap7_F_0 

#--------------------------------------------------------------------------------------------------------------------------
#                  Timing Point                    Flags   Arc   Edge   Cell     Fanout  Load Trans Delay Arrival Instance 
#                                                                                        (fF)  (ps)  (ps)   (ps)  Location 
#--------------------------------------------------------------------------------------------------------------------------
  u_core_u_phase_buf_slow/gen_phase_buf[7].u_drv/Q (b)     -     F     (arrival)      8 583.8     0     0  445998    (-,-) 
  u_core_gen_pd_row[7].gen_pd_col[7].u_pd/g22/Q    -       A->Q  R     INHDX12        1  12.0    20    22  446020    (-,-) 
  u_core_gen_pd_row[7].gen_pd_col[7].u_pd/g19/Q    -       B->Q  F     ON21HDX1       1  10.1    93    91  446111    (-,-) 
  u_core_gen_pd_row[7].gen_pd_col[7].u_pd/q1_reg/D -       -     F     DFRRQHDX4      1     -     -     0  446111    (-,-) 
#--------------------------------------------------------------------------------------------------------------------------

(b) : Timing paths are broken.



Path 6: VIOLATED (-420 ps) Setup Check with Pin u_core_gen_pd_row[7].gen_pd_col[6].u_pd/q1_reg/C->D
           View: tc_view
          Group: clk_osc_fast_buf_tap6
     Startpoint: (F) u_core_u_phase_buf_slow/gen_phase_buf[7].u_drv/Q
          Clock: (F) clk_osc_slow_buf_tap7
       Endpoint: (F) u_core_gen_pd_row[7].gen_pd_col[6].u_pd/q1_reg/D
          Clock: (R) clk_osc_fast_buf_tap6

                      Capture       Launch     
        Clock Edge:+  1348329      1348328     
       Src Latency:+        0            0     
       Net Latency:+        0 (I)        0 (I) 
           Arrival:=  1348329      1348328     
                                               
             Setup:-      298                  
       Uncertainty:-       10                  
     Required Time:=  1348021                  
      Launch Clock:-  1348328                  
       Input Delay:-        0                  
         Data Path:-      113                  
             Slack:=     -420                  

Exceptions/Constraints:
  input_delay              0              create_clock_delay_domain_1_clk_osc_slow_buf_tap7_F_0 

#--------------------------------------------------------------------------------------------------------------------------
#                  Timing Point                    Flags   Arc   Edge   Cell     Fanout  Load Trans Delay Arrival Instance 
#                                                                                        (fF)  (ps)  (ps)   (ps)  Location 
#--------------------------------------------------------------------------------------------------------------------------
  u_core_u_phase_buf_slow/gen_phase_buf[7].u_drv/Q (b)     -     F     (arrival)      8 583.8     0     0 1348328    (-,-) 
  u_core_gen_pd_row[7].gen_pd_col[6].u_pd/g22/Q    -       A->Q  R     INHDX12        1  12.0    20    22 1348350    (-,-) 
  u_core_gen_pd_row[7].gen_pd_col[6].u_pd/g19/Q    -       B->Q  F     ON21HDX1       1  10.1    92    91 1348441    (-,-) 
  u_core_gen_pd_row[7].gen_pd_col[6].u_pd/q1_reg/D -       -     F     DFRRQHDX4      1     -     -     0 1348441    (-,-) 
#--------------------------------------------------------------------------------------------------------------------------

(b) : Timing paths are broken.



Path 7: VIOLATED (-420 ps) Setup Check with Pin u_core_gen_pd_row[6].gen_pd_col[6].u_pd/q1_reg/C->D
           View: tc_view
          Group: clk_osc_fast_buf_tap6
     Startpoint: (F) u_core_u_phase_buf_slow/gen_phase_buf[6].u_drv/Q
          Clock: (F) clk_osc_slow_buf_tap6
       Endpoint: (F) u_core_gen_pd_row[6].gen_pd_col[6].u_pd/q1_reg/D
          Clock: (R) clk_osc_fast_buf_tap6

                     Capture       Launch     
        Clock Edge:+  877780       877779     
       Src Latency:+       0            0     
       Net Latency:+       0 (I)        0 (I) 
           Arrival:=  877780       877779     
                                              
             Setup:-     298                  
       Uncertainty:-      10                  
     Required Time:=  877472                  
      Launch Clock:-  877779                  
       Input Delay:-       0                  
         Data Path:-     113                  
             Slack:=    -420                  

Exceptions/Constraints:
  input_delay              0              create_clock_delay_domain_1_clk_osc_slow_buf_tap6_F_0 

#--------------------------------------------------------------------------------------------------------------------------
#                  Timing Point                    Flags   Arc   Edge   Cell     Fanout  Load Trans Delay Arrival Instance 
#                                                                                        (fF)  (ps)  (ps)   (ps)  Location 
#--------------------------------------------------------------------------------------------------------------------------
  u_core_u_phase_buf_slow/gen_phase_buf[6].u_drv/Q (b)     -     F     (arrival)      8 583.8     0     0  877779    (-,-) 
  u_core_gen_pd_row[6].gen_pd_col[6].u_pd/g22/Q    -       A->Q  R     INHDX12        1  12.0    20    22  877801    (-,-) 
  u_core_gen_pd_row[6].gen_pd_col[6].u_pd/g19/Q    -       B->Q  F     ON21HDX1       1  10.1    92    91  877892    (-,-) 
  u_core_gen_pd_row[6].gen_pd_col[6].u_pd/q1_reg/D -       -     F     DFRRQHDX4      1     -     -     0  877892    (-,-) 
#--------------------------------------------------------------------------------------------------------------------------

(b) : Timing paths are broken.



Path 8: VIOLATED (-420 ps) Setup Check with Pin u_core_gen_pd_row[4].gen_pd_col[7].u_pd/q1_reg/C->D
           View: tc_view
          Group: clk_osc_fast_buf_tap7
     Startpoint: (F) u_core_u_phase_buf_slow/gen_phase_buf[4].u_drv/Q
          Clock: (F) clk_osc_slow_buf_tap4
       Endpoint: (F) u_core_gen_pd_row[4].gen_pd_col[7].u_pd/q1_reg/D
          Clock: (R) clk_osc_fast_buf_tap7

                     Capture       Launch     
        Clock Edge:+  940542       940541     
       Src Latency:+       0            0     
       Net Latency:+       0 (I)        0 (I) 
           Arrival:=  940542       940541     
                                              
             Setup:-     298                  
       Uncertainty:-      10                  
     Required Time:=  940234                  
      Launch Clock:-  940541                  
       Input Delay:-       0                  
         Data Path:-     113                  
             Slack:=    -420                  

Exceptions/Constraints:
  input_delay              0              create_clock_delay_domain_1_clk_osc_slow_buf_tap4_F_0 

#--------------------------------------------------------------------------------------------------------------------------
#                  Timing Point                    Flags   Arc   Edge   Cell     Fanout  Load Trans Delay Arrival Instance 
#                                                                                        (fF)  (ps)  (ps)   (ps)  Location 
#--------------------------------------------------------------------------------------------------------------------------
  u_core_u_phase_buf_slow/gen_phase_buf[4].u_drv/Q (b)     -     F     (arrival)      9 591.0     0     0  940541    (-,-) 
  u_core_gen_pd_row[4].gen_pd_col[7].u_pd/g20/Q    -       A->Q  R     INHDX12        1  12.0    20    22  940563    (-,-) 
  u_core_gen_pd_row[4].gen_pd_col[7].u_pd/g17/Q    -       B->Q  F     ON21HDX1       1  10.1    92    91  940654    (-,-) 
  u_core_gen_pd_row[4].gen_pd_col[7].u_pd/q1_reg/D -       -     F     DFRRQHDX4      1     -     -     0  940654    (-,-) 
#--------------------------------------------------------------------------------------------------------------------------

(b) : Timing paths are broken.



Path 9: VIOLATED (-419 ps) Setup Check with Pin u_core_gen_pd_row[1].gen_pd_col[7].u_pd/q1_reg/C->D
           View: tc_view
          Group: clk_osc_fast_buf_tap7
     Startpoint: (F) u_core_u_phase_buf_slow/gen_phase_buf[1].u_drv/Q
          Clock: (F) clk_osc_slow_buf_tap1
       Endpoint: (F) u_core_gen_pd_row[1].gen_pd_col[7].u_pd/q1_reg/D
          Clock: (R) clk_osc_fast_buf_tap7

                      Capture       Launch     
        Clock Edge:+  1435085      1435084     
       Src Latency:+        0            0     
       Net Latency:+        0 (I)        0 (I) 
           Arrival:=  1435085      1435084     
                                               
             Setup:-      309                  
       Uncertainty:-       10                  
     Required Time:=  1434766                  
      Launch Clock:-  1435084                  
       Input Delay:-        0                  
         Data Path:-      101                  
             Slack:=     -419                  

Exceptions/Constraints:
  input_delay              0              create_clock_delay_domain_1_clk_osc_slow_buf_tap1_F_0 

#---------------------------------------------------------------------------------------------------------------------------
#                  Timing Point                    Flags    Arc   Edge   Cell     Fanout  Load Trans Delay Arrival Instance 
#                                                                                         (fF)  (ps)  (ps)   (ps)  Location 
#---------------------------------------------------------------------------------------------------------------------------
  u_core_u_phase_buf_slow/gen_phase_buf[1].u_drv/Q (b)     -      F     (arrival)      8 490.2     0     0 1435084    (-,-) 
  u_core_gen_pd_row[1].gen_pd_col[7].u_pd/g29/Q    -       A->Q   R     INHDX12        1  22.8    25    26 1435110    (-,-) 
  u_core_gen_pd_row[1].gen_pd_col[7].u_pd/g27/Q    -       IN1->Q F     MU2IHDX4       1  10.3    96    74 1435184    (-,-) 
  u_core_gen_pd_row[1].gen_pd_col[7].u_pd/q1_reg/D -       -      F     DFRRHDX1       1     -     -     0 1435185    (-,-) 
#---------------------------------------------------------------------------------------------------------------------------

(b) : Timing paths are broken.



Path 10: VIOLATED (-413 ps) Setup Check with Pin u_core_gen_pd_row[1].gen_pd_col[6].u_pd/q1_reg/C->D
           View: tc_view
          Group: clk_osc_fast_buf_tap6
     Startpoint: (F) u_core_u_phase_buf_slow/gen_phase_buf[1].u_drv/Q
          Clock: (F) clk_osc_slow_buf_tap1
       Endpoint: (F) u_core_gen_pd_row[1].gen_pd_col[6].u_pd/q1_reg/D
          Clock: (R) clk_osc_fast_buf_tap6

                     Capture       Launch     
        Clock Edge:+  431225       431224     
       Src Latency:+       0            0     
       Net Latency:+       0 (I)        0 (I) 
           Arrival:=  431225       431224     
                                              
             Setup:-     278                  
       Uncertainty:-      10                  
     Required Time:=  430938                  
      Launch Clock:-  431224                  
       Input Delay:-       0                  
         Data Path:-     127                  
             Slack:=    -413                  

Exceptions/Constraints:
  input_delay              0              create_clock_delay_domain_1_clk_osc_slow_buf_tap1_F_0 

#----------------------------------------------------------------------------------------------------------------------------
#                   Timing Point                     Flags   Arc   Edge   Cell     Fanout  Load Trans Delay Arrival Instance 
#                                                                                          (fF)  (ps)  (ps)   (ps)  Location 
#----------------------------------------------------------------------------------------------------------------------------
  u_core_u_phase_buf_slow/gen_phase_buf[1].u_drv/Q   (b)     -     F     (arrival)      8 490.2     0     0  431224    (-,-) 
  u_core_gen_pd_row[1].gen_pd_col[6].u_pd/g3__2802/Q -       A->Q  R     NA2HDX4        1  16.6   125    59  431283    (-,-) 
  u_core_gen_pd_row[1].gen_pd_col[6].u_pd/g2__1617/Q -       A->Q  F     NA2HDX2        1  10.3    61    67  431350    (-,-) 
  u_core_gen_pd_row[1].gen_pd_col[6].u_pd/q1_reg/D   -       -     F     DFRRHDX4       1     -     -     0  431351    (-,-) 
#----------------------------------------------------------------------------------------------------------------------------

(b) : Timing paths are broken.



Path 11: VIOLATED (-413 ps) Setup Check with Pin u_core_gen_pd_row[2].gen_pd_col[6].u_pd/q1_reg/C->D
           View: tc_view
          Group: clk_osc_fast_buf_tap6
     Startpoint: (F) u_core_u_phase_buf_slow/gen_phase_buf[2].u_drv/Q
          Clock: (F) clk_osc_slow_buf_tap2
       Endpoint: (F) u_core_gen_pd_row[2].gen_pd_col[6].u_pd/q1_reg/D
          Clock: (R) clk_osc_fast_buf_tap6

                     Capture       Launch     
        Clock Edge:+  901774       901773     
       Src Latency:+       0            0     
       Net Latency:+       0 (I)        0 (I) 
           Arrival:=  901774       901773     
                                              
             Setup:-     278                  
       Uncertainty:-      10                  
     Required Time:=  901486                  
      Launch Clock:-  901773                  
       Input Delay:-       0                  
         Data Path:-     126                  
             Slack:=    -413                  

Exceptions/Constraints:
  input_delay              0              create_clock_delay_domain_1_clk_osc_slow_buf_tap2_F_0 

#----------------------------------------------------------------------------------------------------------------------------
#                   Timing Point                     Flags   Arc   Edge   Cell     Fanout  Load Trans Delay Arrival Instance 
#                                                                                          (fF)  (ps)  (ps)   (ps)  Location 
#----------------------------------------------------------------------------------------------------------------------------
  u_core_u_phase_buf_slow/gen_phase_buf[2].u_drv/Q   (b)     -     F     (arrival)      8 490.2     0     0  901773    (-,-) 
  u_core_gen_pd_row[2].gen_pd_col[6].u_pd/g3__5107/Q -       A->Q  R     NA2HDX4        1  16.6   124    59  901832    (-,-) 
  u_core_gen_pd_row[2].gen_pd_col[6].u_pd/g2__2398/Q -       A->Q  F     NA2HDX2        1  10.3    61    67  901899    (-,-) 
  u_core_gen_pd_row[2].gen_pd_col[6].u_pd/q1_reg/D   -       -     F     DFRRHDX4       1     -     -     0  901899    (-,-) 
#----------------------------------------------------------------------------------------------------------------------------

(b) : Timing paths are broken.



Path 12: VIOLATED (-411 ps) Setup Check with Pin u_core_gen_pd_row[7].gen_pd_col[2].u_pd/q1_reg/C->D
           View: tc_view
          Group: clk_osc_fast_buf_tap2
     Startpoint: (F) u_core_u_phase_buf_slow/gen_phase_buf[7].u_drv/Q
          Clock: (F) clk_osc_slow_buf_tap7
       Endpoint: (F) u_core_gen_pd_row[7].gen_pd_col[2].u_pd/q1_reg/D
          Clock: (R) clk_osc_fast_buf_tap2

                      Capture       Launch     
        Clock Edge:+  1145269      1145268     
       Src Latency:+        0            0     
       Net Latency:+        0 (I)        0 (I) 
           Arrival:=  1145269      1145268     
                                               
             Setup:-      288                  
       Uncertainty:-       10                  
     Required Time:=  1144971                  
      Launch Clock:-  1145268                  
       Input Delay:-        0                  
         Data Path:-      114                  
             Slack:=     -411                  

Exceptions/Constraints:
  input_delay              0              create_clock_delay_domain_1_clk_osc_slow_buf_tap7_F_0 

#--------------------------------------------------------------------------------------------------------------------------
#                  Timing Point                    Flags   Arc   Edge   Cell     Fanout  Load Trans Delay Arrival Instance 
#                                                                                        (fF)  (ps)  (ps)   (ps)  Location 
#--------------------------------------------------------------------------------------------------------------------------
  u_core_u_phase_buf_slow/gen_phase_buf[7].u_drv/Q (b)     -     F     (arrival)      8 583.8     0     0 1145268    (-,-) 
  u_core_gen_pd_row[7].gen_pd_col[2].u_pd/g18/Q    -       A->Q  R     INHDX12        1  12.0    20    22 1145290    (-,-) 
  u_core_gen_pd_row[7].gen_pd_col[2].u_pd/g16/Q    -       B->Q  F     ON21HDX1       1  10.3   100    92 1145382    (-,-) 
  u_core_gen_pd_row[7].gen_pd_col[2].u_pd/q1_reg/D -       -     F     DFRRHDX4       1     -     -     0 1145382    (-,-) 
#--------------------------------------------------------------------------------------------------------------------------

(b) : Timing paths are broken.



Path 13: VIOLATED (-411 ps) Setup Check with Pin u_core_gen_pd_row[6].gen_pd_col[7].u_pd/q1_reg/C->D
           View: tc_view
          Group: clk_osc_fast_buf_tap7
     Startpoint: (F) u_core_u_phase_buf_slow/gen_phase_buf[6].u_drv/Q
          Clock: (F) clk_osc_slow_buf_tap6
       Endpoint: (F) u_core_gen_pd_row[6].gen_pd_col[7].u_pd/q1_reg/D
          Clock: (R) clk_osc_fast_buf_tap7

                      Capture       Launch     
        Clock Edge:+  1881640      1881639     
       Src Latency:+        0            0     
       Net Latency:+        0 (I)        0 (I) 
           Arrival:=  1881640      1881639     
                                               
             Setup:-      288                  
       Uncertainty:-       10                  
     Required Time:=  1881342                  
      Launch Clock:-  1881639                  
       Input Delay:-        0                  
         Data Path:-      114                  
             Slack:=     -411                  

Exceptions/Constraints:
  input_delay              0              create_clock_delay_domain_1_clk_osc_slow_buf_tap6_F_0 

#--------------------------------------------------------------------------------------------------------------------------
#                  Timing Point                    Flags   Arc   Edge   Cell     Fanout  Load Trans Delay Arrival Instance 
#                                                                                        (fF)  (ps)  (ps)   (ps)  Location 
#--------------------------------------------------------------------------------------------------------------------------
  u_core_u_phase_buf_slow/gen_phase_buf[6].u_drv/Q (b)     -     F     (arrival)      8 583.8     0     0 1881639    (-,-) 
  u_core_gen_pd_row[6].gen_pd_col[7].u_pd/g22/Q    -       A->Q  R     INHDX12        1  12.0    20    22 1881661    (-,-) 
  u_core_gen_pd_row[6].gen_pd_col[7].u_pd/g19/Q    -       B->Q  F     ON21HDX1       1  10.3   100    92 1881753    (-,-) 
  u_core_gen_pd_row[6].gen_pd_col[7].u_pd/q1_reg/D -       -     F     DFRRHDX4       1     -     -     0 1881753    (-,-) 
#--------------------------------------------------------------------------------------------------------------------------

(b) : Timing paths are broken.



Path 14: VIOLATED (-411 ps) Setup Check with Pin u_core_gen_pd_row[6].gen_pd_col[2].u_pd/q1_reg/C->D
           View: tc_view
          Group: clk_osc_fast_buf_tap2
     Startpoint: (F) u_core_u_phase_buf_slow/gen_phase_buf[6].u_drv/Q
          Clock: (F) clk_osc_slow_buf_tap6
       Endpoint: (F) u_core_gen_pd_row[6].gen_pd_col[2].u_pd/q1_reg/D
          Clock: (R) clk_osc_fast_buf_tap2

                     Capture       Launch     
        Clock Edge:+  674720       674719     
       Src Latency:+       0            0     
       Net Latency:+       0 (I)        0 (I) 
           Arrival:=  674720       674719     
                                              
             Setup:-     288                  
       Uncertainty:-      10                  
     Required Time:=  674422                  
      Launch Clock:-  674719                  
       Input Delay:-       0                  
         Data Path:-     114                  
             Slack:=    -411                  

Exceptions/Constraints:
  input_delay              0              create_clock_delay_domain_1_clk_osc_slow_buf_tap6_F_0 

#--------------------------------------------------------------------------------------------------------------------------
#                  Timing Point                    Flags   Arc   Edge   Cell     Fanout  Load Trans Delay Arrival Instance 
#                                                                                        (fF)  (ps)  (ps)   (ps)  Location 
#--------------------------------------------------------------------------------------------------------------------------
  u_core_u_phase_buf_slow/gen_phase_buf[6].u_drv/Q (b)     -     F     (arrival)      8 583.8     0     0  674719    (-,-) 
  u_core_gen_pd_row[6].gen_pd_col[2].u_pd/g18/Q    -       A->Q  R     INHDX12        1  12.0    20    22  674741    (-,-) 
  u_core_gen_pd_row[6].gen_pd_col[2].u_pd/g16/Q    -       B->Q  F     ON21HDX1       1  10.3   100    92  674833    (-,-) 
  u_core_gen_pd_row[6].gen_pd_col[2].u_pd/q1_reg/D -       -     F     DFRRHDX4       1     -     -     0  674833    (-,-) 
#--------------------------------------------------------------------------------------------------------------------------

(b) : Timing paths are broken.



Path 15: VIOLATED (-411 ps) Setup Check with Pin u_core_gen_pd_row[5].gen_pd_col[2].u_pd/q1_reg/C->D
           View: tc_view
          Group: clk_osc_fast_buf_tap2
     Startpoint: (F) u_core_u_phase_buf_slow/gen_phase_buf[5].u_drv/Q
          Clock: (F) clk_osc_slow_buf_tap5
       Endpoint: (F) u_core_gen_pd_row[5].gen_pd_col[2].u_pd/q1_reg/D
          Clock: (R) clk_osc_fast_buf_tap2

                     Capture       Launch     
        Clock Edge:+  204171       204170     
       Src Latency:+       0            0     
       Net Latency:+       0 (I)        0 (I) 
           Arrival:=  204171       204170     
                                              
             Setup:-     288                  
       Uncertainty:-      10                  
     Required Time:=  203873                  
      Launch Clock:-  204170                  
       Input Delay:-       0                  
         Data Path:-     114                  
             Slack:=    -411                  

Exceptions/Constraints:
  input_delay              0              create_clock_delay_domain_1_clk_osc_slow_buf_tap5_F_0 

#--------------------------------------------------------------------------------------------------------------------------
#                  Timing Point                    Flags   Arc   Edge   Cell     Fanout  Load Trans Delay Arrival Instance 
#                                                                                        (fF)  (ps)  (ps)   (ps)  Location 
#--------------------------------------------------------------------------------------------------------------------------
  u_core_u_phase_buf_slow/gen_phase_buf[5].u_drv/Q (b)     -     F     (arrival)      9 497.4     0     0  204170    (-,-) 
  u_core_gen_pd_row[5].gen_pd_col[2].u_pd/g16/Q    -       A->Q  R     INHDX12        1  12.0    20    22  204192    (-,-) 
  u_core_gen_pd_row[5].gen_pd_col[2].u_pd/g14/Q    -       B->Q  F     ON21HDX1       1  10.3   100    92  204284    (-,-) 
  u_core_gen_pd_row[5].gen_pd_col[2].u_pd/q1_reg/D -       -     F     DFRRHDX4       1     -     -     0  204284    (-,-) 
#--------------------------------------------------------------------------------------------------------------------------

(b) : Timing paths are broken.



Path 16: VIOLATED (-411 ps) Setup Check with Pin u_core_gen_pd_row[4].gen_pd_col[2].u_pd/q1_reg/C->D
           View: tc_view
          Group: clk_osc_fast_buf_tap2
     Startpoint: (F) u_core_u_phase_buf_slow/gen_phase_buf[4].u_drv/Q
          Clock: (F) clk_osc_slow_buf_tap4
       Endpoint: (F) u_core_gen_pd_row[4].gen_pd_col[2].u_pd/q1_reg/D
          Clock: (R) clk_osc_fast_buf_tap2

                      Capture       Launch     
        Clock Edge:+  1639812      1639811     
       Src Latency:+        0            0     
       Net Latency:+        0 (I)        0 (I) 
           Arrival:=  1639812      1639811     
                                               
             Setup:-      288                  
       Uncertainty:-       10                  
     Required Time:=  1639514                  
      Launch Clock:-  1639811                  
       Input Delay:-        0                  
         Data Path:-      114                  
             Slack:=     -411                  

Exceptions/Constraints:
  input_delay              0              create_clock_delay_domain_1_clk_osc_slow_buf_tap4_F_0 

#--------------------------------------------------------------------------------------------------------------------------
#                  Timing Point                    Flags   Arc   Edge   Cell     Fanout  Load Trans Delay Arrival Instance 
#                                                                                        (fF)  (ps)  (ps)   (ps)  Location 
#--------------------------------------------------------------------------------------------------------------------------
  u_core_u_phase_buf_slow/gen_phase_buf[4].u_drv/Q (b)     -     F     (arrival)      9 591.0     0     0 1639811    (-,-) 
  u_core_gen_pd_row[4].gen_pd_col[2].u_pd/g16/Q    -       A->Q  R     INHDX12        1  12.0    20    22 1639833    (-,-) 
  u_core_gen_pd_row[4].gen_pd_col[2].u_pd/g14/Q    -       B->Q  F     ON21HDX1       1  10.3   100    92 1639925    (-,-) 
  u_core_gen_pd_row[4].gen_pd_col[2].u_pd/q1_reg/D -       -     F     DFRRHDX4       1     -     -     0 1639925    (-,-) 
#--------------------------------------------------------------------------------------------------------------------------

(b) : Timing paths are broken.



Path 17: VIOLATED (-411 ps) Setup Check with Pin u_core_gen_pd_row[3].gen_pd_col[7].u_pd/q1_reg/C->D
           View: tc_view
          Group: clk_osc_fast_buf_tap7
     Startpoint: (F) u_core_u_phase_buf_slow/gen_phase_buf[3].u_drv/Q
          Clock: (F) clk_osc_slow_buf_tap3
       Endpoint: (F) u_core_gen_pd_row[3].gen_pd_col[7].u_pd/q1_reg/D
          Clock: (R) clk_osc_fast_buf_tap7

                     Capture       Launch     
        Clock Edge:+  469993       469992     
       Src Latency:+       0            0     
       Net Latency:+       0 (I)        0 (I) 
           Arrival:=  469993       469992     
                                              
             Setup:-     288                  
       Uncertainty:-      10                  
     Required Time:=  469695                  
      Launch Clock:-  469992                  
       Input Delay:-       0                  
         Data Path:-     114                  
             Slack:=    -411                  

Exceptions/Constraints:
  input_delay              0              create_clock_delay_domain_1_clk_osc_slow_buf_tap3_F_0 

#--------------------------------------------------------------------------------------------------------------------------
#                  Timing Point                    Flags   Arc   Edge   Cell     Fanout  Load Trans Delay Arrival Instance 
#                                                                                        (fF)  (ps)  (ps)   (ps)  Location 
#--------------------------------------------------------------------------------------------------------------------------
  u_core_u_phase_buf_slow/gen_phase_buf[3].u_drv/Q (b)     -     F     (arrival)      9 591.0     0     0  469992    (-,-) 
  u_core_gen_pd_row[3].gen_pd_col[7].u_pd/g20/Q    -       A->Q  R     INHDX12        1  12.0    20    22  470014    (-,-) 
  u_core_gen_pd_row[3].gen_pd_col[7].u_pd/g17/Q    -       B->Q  F     ON21HDX1       1  10.3   100    92  470106    (-,-) 
  u_core_gen_pd_row[3].gen_pd_col[7].u_pd/q1_reg/D -       -     F     DFRRHDX4       1     -     -     0  470106    (-,-) 
#--------------------------------------------------------------------------------------------------------------------------

(b) : Timing paths are broken.



Path 18: VIOLATED (-411 ps) Setup Check with Pin u_core_gen_pd_row[1].gen_pd_col[2].u_pd/q1_reg/C->D
           View: tc_view
          Group: clk_osc_fast_buf_tap2
     Startpoint: (F) u_core_u_phase_buf_slow/gen_phase_buf[1].u_drv/Q
          Clock: (F) clk_osc_slow_buf_tap1
       Endpoint: (F) u_core_gen_pd_row[1].gen_pd_col[2].u_pd/q1_reg/D
          Clock: (R) clk_osc_fast_buf_tap2

                     Capture       Launch     
        Clock Edge:+  228165       228164     
       Src Latency:+       0            0     
       Net Latency:+       0 (I)        0 (I) 
           Arrival:=  228165       228164     
                                              
             Setup:-     288                  
       Uncertainty:-      10                  
     Required Time:=  227867                  
      Launch Clock:-  228164                  
       Input Delay:-       0                  
         Data Path:-     114                  
             Slack:=    -411                  

Exceptions/Constraints:
  input_delay              0              create_clock_delay_domain_1_clk_osc_slow_buf_tap1_F_0 

#--------------------------------------------------------------------------------------------------------------------------
#                  Timing Point                    Flags   Arc   Edge   Cell     Fanout  Load Trans Delay Arrival Instance 
#                                                                                        (fF)  (ps)  (ps)   (ps)  Location 
#--------------------------------------------------------------------------------------------------------------------------
  u_core_u_phase_buf_slow/gen_phase_buf[1].u_drv/Q (b)     -     F     (arrival)      8 490.2     0     0  228164    (-,-) 
  u_core_gen_pd_row[1].gen_pd_col[2].u_pd/g16/Q    -       A->Q  R     INHDX12        1  12.0    20    22  228186    (-,-) 
  u_core_gen_pd_row[1].gen_pd_col[2].u_pd/g14/Q    -       B->Q  F     ON21HDX1       1  10.3   100    92  228278    (-,-) 
  u_core_gen_pd_row[1].gen_pd_col[2].u_pd/q1_reg/D -       -     F     DFRRHDX4       1     -     -     0  228278    (-,-) 
#--------------------------------------------------------------------------------------------------------------------------

(b) : Timing paths are broken.



Path 19: VIOLATED (-411 ps) Setup Check with Pin u_core_gen_pd_row[7].gen_pd_col[4].u_pd/q1_reg/C->D
           View: tc_view
          Group: clk_osc_fast_buf_tap4
     Startpoint: (F) u_core_u_phase_buf_slow/gen_phase_buf[7].u_drv/Q
          Clock: (F) clk_osc_slow_buf_tap7
       Endpoint: (F) u_core_gen_pd_row[7].gen_pd_col[4].u_pd/q1_reg/D
          Clock: (R) clk_osc_fast_buf_tap4

                      Capture       Launch     
        Clock Edge:+  1246799      1246798     
       Src Latency:+        0            0     
       Net Latency:+        0 (I)        0 (I) 
           Arrival:=  1246799      1246798     
                                               
             Setup:-      288                  
       Uncertainty:-       10                  
     Required Time:=  1246502                  
      Launch Clock:-  1246798                  
       Input Delay:-        0                  
         Data Path:-      114                  
             Slack:=     -411                  

Exceptions/Constraints:
  input_delay              0              create_clock_delay_domain_1_clk_osc_slow_buf_tap7_F_0 

#--------------------------------------------------------------------------------------------------------------------------
#                  Timing Point                    Flags   Arc   Edge   Cell     Fanout  Load Trans Delay Arrival Instance 
#                                                                                        (fF)  (ps)  (ps)   (ps)  Location 
#--------------------------------------------------------------------------------------------------------------------------
  u_core_u_phase_buf_slow/gen_phase_buf[7].u_drv/Q (b)     -     F     (arrival)      8 583.8     0     0 1246798    (-,-) 
  u_core_gen_pd_row[7].gen_pd_col[4].u_pd/g22/Q    -       A->Q  R     INHDX12        1  12.0    20    22 1246820    (-,-) 
  u_core_gen_pd_row[7].gen_pd_col[4].u_pd/g19/Q    -       B->Q  F     ON21HDX1       1  10.3    99    92 1246912    (-,-) 
  u_core_gen_pd_row[7].gen_pd_col[4].u_pd/q1_reg/D -       -     F     DFRRHDX4       1     -     -     0 1246912    (-,-) 
#--------------------------------------------------------------------------------------------------------------------------

(b) : Timing paths are broken.



Path 20: VIOLATED (-411 ps) Setup Check with Pin u_core_gen_pd_row[7].gen_pd_col[1].u_pd/q1_reg/C->D
           View: tc_view
          Group: clk_osc_fast_buf_tap1
     Startpoint: (F) u_core_u_phase_buf_slow/gen_phase_buf[7].u_drv/Q
          Clock: (F) clk_osc_slow_buf_tap7
       Endpoint: (F) u_core_gen_pd_row[7].gen_pd_col[1].u_pd/q1_reg/D
          Clock: (R) clk_osc_fast_buf_tap1

                     Capture       Launch     
        Clock Edge:+  141409       141408     
       Src Latency:+       0            0     
       Net Latency:+       0 (I)        0 (I) 
           Arrival:=  141409       141408     
                                              
             Setup:-     288                  
       Uncertainty:-      10                  
     Required Time:=  141112                  
      Launch Clock:-  141408                  
       Input Delay:-       0                  
         Data Path:-     114                  
             Slack:=    -411                  

Exceptions/Constraints:
  input_delay              0              create_clock_delay_domain_1_clk_osc_slow_buf_tap7_F_0 

#--------------------------------------------------------------------------------------------------------------------------
#                  Timing Point                    Flags   Arc   Edge   Cell     Fanout  Load Trans Delay Arrival Instance 
#                                                                                        (fF)  (ps)  (ps)   (ps)  Location 
#--------------------------------------------------------------------------------------------------------------------------
  u_core_u_phase_buf_slow/gen_phase_buf[7].u_drv/Q (b)     -     F     (arrival)      8 583.8     0     0  141408    (-,-) 
  u_core_gen_pd_row[7].gen_pd_col[1].u_pd/g22/Q    -       A->Q  R     INHDX12        1  12.0    20    22  141430    (-,-) 
  u_core_gen_pd_row[7].gen_pd_col[1].u_pd/g19/Q    -       B->Q  F     ON21HDX1       1  10.3    99    92  141522    (-,-) 
  u_core_gen_pd_row[7].gen_pd_col[1].u_pd/q1_reg/D -       -     F     DFRRHDX4       1     -     -     0  141522    (-,-) 
#--------------------------------------------------------------------------------------------------------------------------

(b) : Timing paths are broken.


