============================================================
  Generated by:           Genus(TM) Synthesis Solution 22.13-s093_1
  Generated on:           Jun 01 2026  04:03:15 pm
  Module:                 mptdc_top_asic
  Operating conditions:   slow_1_62V_125C 
  Interconnect mode:      global
  Area mode:              physical library
============================================================


Path 1: VIOLATED (-2814 ps) Setup Check with Pin u_core_u_slow_cnt_gray_src_cont_q_reg[5]/C->D
           View: wc_view
          Group: clk_osc_slow
     Startpoint: (R) u_core_u_slow_cnt_bin_q_reg[1]/C
          Clock: (R) clk_osc_slow
       Endpoint: (F) u_core_u_slow_cnt_gray_src_cont_q_reg[5]/D
          Clock: (R) clk_osc_slow

                     Capture       Launch     
        Clock Edge:+    1000            0     
       Src Latency:+       0            0     
       Net Latency:+       0 (I)        0 (I) 
           Arrival:=    1000            0     
                                              
             Setup:-     635                  
       Uncertainty:-      50                  
     Required Time:=     315                  
      Launch Clock:-       0                  
         Data Path:-    3129                  
             Slack:=   -2814                  

#-------------------------------------------------------------------------------------------------------------------
#               Timing Point                 Flags   Arc   Edge   Cell     Fanout Load Trans Delay Arrival Instance 
#                                                                                 (fF)  (ps)  (ps)   (ps)  Location 
#-------------------------------------------------------------------------------------------------------------------
  u_core_u_slow_cnt_bin_q_reg[1]/C           -       -     R     (arrival)     31    -   150     0       0    (-,-) 
  u_core_u_slow_cnt_bin_q_reg[1]/Q           -       C->Q  R     DFRRQHDX1      3 37.7   409  1051    1051    (-,-) 
  g37/Q                                      -       A->Q  R     AND2HDX2       2 25.2   174   438    1489    (-,-) 
  g25/Q                                      -       A->Q  R     AND3HDX2       3 43.8   269   556    2045    (-,-) 
  g180279/Q                                  -       A->Q  R     NA22HDX2       1 21.8   206   442    2487    (-,-) 
  g180278/Q                                  -       A->Q  F     NA2HDX2        2 30.2   206   221    2708    (-,-) 
  g180281/Q                                  -       B->Q  F     EN2HDX1        1 12.2   189   421    3129    (-,-) 
  u_core_u_slow_cnt_gray_src_cont_q_reg[5]/D -       -     F     DFRRQHDX4      1    -     -     0    3129    (-,-) 
#-------------------------------------------------------------------------------------------------------------------



Path 2: VIOLATED (-2811 ps) Setup Check with Pin u_core_u_slow_cnt_gray_src_cont_q_reg[3]/C->D
           View: wc_view
          Group: clk_osc_slow
     Startpoint: (R) u_core_u_slow_cnt_bin_q_reg[1]/C
          Clock: (R) clk_osc_slow
       Endpoint: (F) u_core_u_slow_cnt_gray_src_cont_q_reg[3]/D
          Clock: (R) clk_osc_slow

                     Capture       Launch     
        Clock Edge:+    1000            0     
       Src Latency:+       0            0     
       Net Latency:+       0 (I)        0 (I) 
           Arrival:=    1000            0     
                                              
             Setup:-     654                  
       Uncertainty:-      50                  
     Required Time:=     296                  
      Launch Clock:-       0                  
         Data Path:-    3107                  
             Slack:=   -2811                  

#-------------------------------------------------------------------------------------------------------------------
#               Timing Point                 Flags   Arc   Edge   Cell     Fanout Load Trans Delay Arrival Instance 
#                                                                                 (fF)  (ps)  (ps)   (ps)  Location 
#-------------------------------------------------------------------------------------------------------------------
  u_core_u_slow_cnt_bin_q_reg[1]/C           -       -     R     (arrival)     31    -   150     0       0    (-,-) 
  u_core_u_slow_cnt_bin_q_reg[1]/Q           -       C->Q  F     DFRRQHDX1      3 37.6   338  1109    1109    (-,-) 
  g180244/CO                                 -       B->CO F     HAHDX4         7 89.4   247   732    1840    (-,-) 
  g195377/Q                                  -       AN->Q F     NA2I1HDX1      1 14.4   191   460    2300    (-,-) 
  g195376/Q                                  -       A->Q  F     AND3HDX2       2 40.9   157   445    2745    (-,-) 
  g177/Q                                     -       A->Q  F     EN2HDX1        1 12.3   193   362    3107    (-,-) 
  u_core_u_slow_cnt_gray_src_cont_q_reg[3]/D -       -     F     DFRRHDX1       1    -     -     0    3107    (-,-) 
#-------------------------------------------------------------------------------------------------------------------



Path 3: VIOLATED (-2806 ps) Setup Check with Pin u_core_u_slow_cnt_gray_src_cont_q_reg[2]/C->D
           View: wc_view
          Group: clk_osc_slow
     Startpoint: (R) u_core_u_slow_cnt_bin_q_reg[1]/C
          Clock: (R) clk_osc_slow
       Endpoint: (R) u_core_u_slow_cnt_gray_src_cont_q_reg[2]/D
          Clock: (R) clk_osc_slow

                     Capture       Launch     
        Clock Edge:+    1000            0     
       Src Latency:+       0            0     
       Net Latency:+       0 (I)        0 (I) 
           Arrival:=    1000            0     
                                              
             Setup:-     342                  
       Uncertainty:-      50                  
     Required Time:=     608                  
      Launch Clock:-       0                  
         Data Path:-    3414                  
             Slack:=   -2806                  

#-------------------------------------------------------------------------------------------------------------------
#               Timing Point                 Flags   Arc   Edge   Cell     Fanout Load Trans Delay Arrival Instance 
#                                                                                 (fF)  (ps)  (ps)   (ps)  Location 
#-------------------------------------------------------------------------------------------------------------------
  u_core_u_slow_cnt_bin_q_reg[1]/C           -       -     R     (arrival)     31    -   150     0       0    (-,-) 
  u_core_u_slow_cnt_bin_q_reg[1]/Q           -       C->Q  F     DFRRQHDX1      3 37.6   338  1109    1109    (-,-) 
  g180244/CO                                 -       B->CO F     HAHDX4         7 89.4   247   732    1840    (-,-) 
  g70/Q                                      -       A->Q  R     AN21HDX1       1 14.6   434   459    2299    (-,-) 
  g182413/Q                                  -       AN->Q R     NA2I1HDX2      3 47.4   431   527    2826    (-,-) 
  g182411/Q                                  -       B->Q  R     EN2HDX1        1 12.3   498   588    3414    (-,-) 
  u_core_u_slow_cnt_gray_src_cont_q_reg[2]/D -       -     R     DFRRQHDX4      1    -     -     0    3414    (-,-) 
#-------------------------------------------------------------------------------------------------------------------



Path 4: VIOLATED (-2802 ps) Setup Check with Pin u_core_u_slow_cnt_gray_src_cont_q_reg[4]/C->D
           View: wc_view
          Group: clk_osc_slow
     Startpoint: (R) u_core_u_slow_cnt_bin_q_reg[1]/C
          Clock: (R) clk_osc_slow
       Endpoint: (F) u_core_u_slow_cnt_gray_src_cont_q_reg[4]/D
          Clock: (R) clk_osc_slow

                     Capture       Launch     
        Clock Edge:+    1000            0     
       Src Latency:+       0            0     
       Net Latency:+       0 (I)        0 (I) 
           Arrival:=    1000            0     
                                              
             Setup:-     635                  
       Uncertainty:-      50                  
     Required Time:=     315                  
      Launch Clock:-       0                  
         Data Path:-    3116                  
             Slack:=   -2802                  

#-------------------------------------------------------------------------------------------------------------------
#               Timing Point                 Flags   Arc   Edge   Cell     Fanout Load Trans Delay Arrival Instance 
#                                                                                 (fF)  (ps)  (ps)   (ps)  Location 
#-------------------------------------------------------------------------------------------------------------------
  u_core_u_slow_cnt_bin_q_reg[1]/C           -       -     R     (arrival)     31    -   150     0       0    (-,-) 
  u_core_u_slow_cnt_bin_q_reg[1]/Q           -       C->Q  R     DFRRQHDX1      3 37.7   409  1051    1051    (-,-) 
  g37/Q                                      -       A->Q  R     AND2HDX2       2 25.2   174   438    1489    (-,-) 
  g25/Q                                      -       A->Q  R     AND3HDX2       3 43.8   269   556    2045    (-,-) 
  g182432/Q                                  -       A->Q  F     INHDX2         1 22.5   138   181    2226    (-,-) 
  g182431/Q                                  -       A->Q  F     NA22HDX4       3 55.5   219   462    2689    (-,-) 
  g182436/Q                                  -       B->Q  F     EN2HDX1        1 12.2   191   428    3116    (-,-) 
  u_core_u_slow_cnt_gray_src_cont_q_reg[4]/D -       -     F     DFRRQHDX4      1    -     -     0    3116    (-,-) 
#-------------------------------------------------------------------------------------------------------------------



Path 5: VIOLATED (-2766 ps) Setup Check with Pin u_core_u_slow_cnt_bin_q_reg[6]/C->D
           View: wc_view
          Group: clk_osc_slow
     Startpoint: (R) u_core_u_slow_cnt_bin_q_reg[1]/C
          Clock: (R) clk_osc_slow
       Endpoint: (F) u_core_u_slow_cnt_bin_q_reg[6]/D
          Clock: (R) clk_osc_slow

                     Capture       Launch     
        Clock Edge:+    1000            0     
       Src Latency:+       0            0     
       Net Latency:+       0 (I)        0 (I) 
           Arrival:=    1000            0     
                                              
             Setup:-     655                  
       Uncertainty:-      50                  
     Required Time:=     295                  
      Launch Clock:-       0                  
         Data Path:-    3062                  
             Slack:=   -2766                  

#---------------------------------------------------------------------------------------------------------
#          Timing Point            Flags   Arc   Edge   Cell     Fanout Load Trans Delay Arrival Instance 
#                                                                       (fF)  (ps)  (ps)   (ps)  Location 
#---------------------------------------------------------------------------------------------------------
  u_core_u_slow_cnt_bin_q_reg[1]/C -       -     R     (arrival)     31    -   150     0       0    (-,-) 
  u_core_u_slow_cnt_bin_q_reg[1]/Q -       C->Q  R     DFRRQHDX1      3 37.7   409  1051    1051    (-,-) 
  g37/Q                            -       A->Q  R     AND2HDX2       2 25.2   174   438    1489    (-,-) 
  g25/Q                            -       A->Q  R     AND3HDX2       3 43.8   269   556    2045    (-,-) 
  g180279/Q                        -       A->Q  R     NA22HDX2       1 21.8   206   442    2487    (-,-) 
  g180278/Q                        -       A->Q  F     NA2HDX2        2 30.2   206   221    2708    (-,-) 
  g180277/Q                        -       A->Q  F     BUHDX0         1 12.3   153   354    3062    (-,-) 
  u_core_u_slow_cnt_bin_q_reg[6]/D -       -     F     DFRRQHDX2      1    -     -     0    3062    (-,-) 
#---------------------------------------------------------------------------------------------------------



Path 6: VIOLATED (-2700 ps) Setup Check with Pin u_core_start_wdt_cnt_reg[4]/C->D
           View: wc_view
          Group: clk_osc_slow
     Startpoint: (R) u_core_start_wdt_cnt_reg[1]/C
          Clock: (R) clk_osc_slow
       Endpoint: (R) u_core_start_wdt_cnt_reg[4]/D
          Clock: (R) clk_osc_slow

                     Capture       Launch     
        Clock Edge:+    1000            0     
       Src Latency:+       0            0     
       Net Latency:+       0 (I)        0 (I) 
           Arrival:=    1000            0     
                                              
             Setup:-     324                  
       Uncertainty:-      50                  
     Required Time:=     626                  
      Launch Clock:-       0                  
         Data Path:-    3327                  
             Slack:=   -2700                  

#------------------------------------------------------------------------------------------------------
#         Timing Point          Flags   Arc   Edge   Cell     Fanout Load Trans Delay Arrival Instance 
#                                                                    (fF)  (ps)  (ps)   (ps)  Location 
#------------------------------------------------------------------------------------------------------
  u_core_start_wdt_cnt_reg[1]/C -       -     R     (arrival)     31    -   150     0       0    (-,-) 
  u_core_start_wdt_cnt_reg[1]/Q -       C->Q  F     DFRRHDX1       3 34.9   370  1249    1249    (-,-) 
  g182393/Q                     -       B->Q  F     AND2HDX2       5 52.4   186   610    1858    (-,-) 
  g182392/Q                     -       B->Q  F     AND2HDX2       4 42.0   160   498    2356    (-,-) 
  g182462/Q                     -       AN->Q F     NA3I2HDX1      1 14.3   226   592    2948    (-,-) 
  g182461/Q                     -       C->Q  R     ON211HDX1      1 12.4   416   378    3326    (-,-) 
  u_core_start_wdt_cnt_reg[4]/D -       -     R     DFRRHDX1       1    -     -     0    3327    (-,-) 
#------------------------------------------------------------------------------------------------------



Path 7: VIOLATED (-2636 ps) Setup Check with Pin u_core_start_wdt_cnt_reg[5]/C->D
           View: wc_view
          Group: clk_osc_slow
     Startpoint: (R) u_core_start_wdt_cnt_reg[1]/C
          Clock: (R) clk_osc_slow
       Endpoint: (F) u_core_start_wdt_cnt_reg[5]/D
          Clock: (R) clk_osc_slow

                     Capture       Launch     
        Clock Edge:+    1000            0     
       Src Latency:+       0            0     
       Net Latency:+       0 (I)        0 (I) 
           Arrival:=    1000            0     
                                              
             Setup:-     670                  
       Uncertainty:-      50                  
     Required Time:=     280                  
      Launch Clock:-       0                  
         Data Path:-    2916                  
             Slack:=   -2636                  

#------------------------------------------------------------------------------------------------------
#         Timing Point          Flags   Arc   Edge   Cell     Fanout Load Trans Delay Arrival Instance 
#                                                                    (fF)  (ps)  (ps)   (ps)  Location 
#------------------------------------------------------------------------------------------------------
  u_core_start_wdt_cnt_reg[1]/C -       -     R     (arrival)     31    -   150     0       0    (-,-) 
  u_core_start_wdt_cnt_reg[1]/Q -       C->Q  F     DFRRHDX1       3 34.9   370  1249    1249    (-,-) 
  g182393/Q                     -       B->Q  F     AND2HDX2       5 52.4   186   610    1858    (-,-) 
  g182392/Q                     -       B->Q  F     AND2HDX2       4 42.0   160   498    2356    (-,-) 
  g159/Q                        -       C->Q  R     NA4I2HDX1      1 13.8   336   330    2686    (-,-) 
  g158/Q                        -       B->Q  F     NA2HDX1        1 12.3   194   230    2916    (-,-) 
  u_core_start_wdt_cnt_reg[5]/D -       -     F     DFRRQHDX1      1    -     -     0    2916    (-,-) 
#------------------------------------------------------------------------------------------------------



Path 8: VIOLATED (-2583 ps) Setup Check with Pin u_core_u_slow_cnt_gray_src_cont_q_reg[1]/C->D
           View: wc_view
          Group: clk_osc_slow
     Startpoint: (R) u_core_u_slow_cnt_bin_q_reg[1]/C
          Clock: (R) clk_osc_slow
       Endpoint: (F) u_core_u_slow_cnt_gray_src_cont_q_reg[1]/D
          Clock: (R) clk_osc_slow

                     Capture       Launch     
        Clock Edge:+    1000            0     
       Src Latency:+       0            0     
       Net Latency:+       0 (I)        0 (I) 
           Arrival:=    1000            0     
                                              
             Setup:-     670                  
       Uncertainty:-      50                  
     Required Time:=     280                  
      Launch Clock:-       0                  
         Data Path:-    2863                  
             Slack:=   -2583                  

#-------------------------------------------------------------------------------------------------------------------
#               Timing Point                 Flags   Arc   Edge   Cell     Fanout Load Trans Delay Arrival Instance 
#                                                                                 (fF)  (ps)  (ps)   (ps)  Location 
#-------------------------------------------------------------------------------------------------------------------
  u_core_u_slow_cnt_bin_q_reg[1]/C           -       -     R     (arrival)     31    -   150     0       0    (-,-) 
  u_core_u_slow_cnt_bin_q_reg[1]/Q           -       C->Q  F     DFRRQHDX1      3 37.6   338  1109    1109    (-,-) 
  g180244/CO                                 -       B->CO F     HAHDX4         7 89.4   247   732    1840    (-,-) 
  g182439/Q                                  -       B->Q  R     NA2I1HDX2      1 25.2   276   335    2175    (-,-) 
  g35/Q                                      -       C->Q  F     NA22HDX2       3 40.2   243   289    2464    (-,-) 
  g182468/Q                                  -       A->Q  F     EN2HDX1        1 12.3   192   399    2863    (-,-) 
  u_core_u_slow_cnt_gray_src_cont_q_reg[1]/D -       -     F     DFRRQHDX1      1    -     -     0    2863    (-,-) 
#-------------------------------------------------------------------------------------------------------------------



Path 9: VIOLATED (-2582 ps) Setup Check with Pin u_core_u_slow_cnt_dst_count_latched_reg[0]/C->D
           View: wc_view
          Group: clk_osc_fast
     Startpoint: (R) u_core_u_slow_cnt_gray_snap_ff2_async_reg[5]/C
          Clock: (R) clk_osc_fast
       Endpoint: (F) u_core_u_slow_cnt_dst_count_latched_reg[0]/D
          Clock: (R) clk_osc_fast

                     Capture       Launch     
        Clock Edge:+     900            0     
       Src Latency:+       0            0     
       Net Latency:+       0 (I)        0 (I) 
           Arrival:=     900            0     
                                              
             Setup:-     636                  
       Uncertainty:-      50                  
     Required Time:=     214                  
      Launch Clock:-       0                  
         Data Path:-    2796                  
             Slack:=   -2582                  

#-----------------------------------------------------------------------------------------------------------------------
#                 Timing Point                   Flags   Arc   Edge   Cell     Fanout Load Trans Delay Arrival Instance 
#                                                                                     (fF)  (ps)  (ps)   (ps)  Location 
#-----------------------------------------------------------------------------------------------------------------------
  u_core_u_slow_cnt_gray_snap_ff2_async_reg[5]/C -       -     R     (arrival)    110    -   150     0       0    (-,-) 
  u_core_u_slow_cnt_gray_snap_ff2_async_reg[5]/Q -       C->Q  R     DFRRQHDX1      3 48.4   496  1124    1124    (-,-) 
  g180195/Q                                      -       A->Q  F     EO2HDX1        1 17.1   364   731    1855    (-,-) 
  g180194/Q                                      -       B->Q  F     EN3HDX1        1 12.2   194   942    2796    (-,-) 
  u_core_u_slow_cnt_dst_count_latched_reg[0]/D   -       -     F     DFRRQHDX4      1    -     -     0    2796    (-,-) 
#-----------------------------------------------------------------------------------------------------------------------



Path 10: VIOLATED (-2570 ps) Setup Check with Pin u_core_u_slow_cnt_dst_count_latched_reg[2]/C->D
           View: wc_view
          Group: clk_osc_fast
     Startpoint: (R) u_core_u_slow_cnt_gray_snap_ff2_async_reg[3]/C
          Clock: (R) clk_osc_fast
       Endpoint: (F) u_core_u_slow_cnt_dst_count_latched_reg[2]/D
          Clock: (R) clk_osc_fast

                     Capture       Launch     
        Clock Edge:+     900            0     
       Src Latency:+       0            0     
       Net Latency:+       0 (I)        0 (I) 
           Arrival:=     900            0     
                                              
             Setup:-     669                  
       Uncertainty:-      50                  
     Required Time:=     181                  
      Launch Clock:-       0                  
         Data Path:-    2751                  
             Slack:=   -2570                  

#-----------------------------------------------------------------------------------------------------------------------
#                 Timing Point                   Flags   Arc   Edge   Cell     Fanout Load Trans Delay Arrival Instance 
#                                                                                     (fF)  (ps)  (ps)   (ps)  Location 
#-----------------------------------------------------------------------------------------------------------------------
  u_core_u_slow_cnt_gray_snap_ff2_async_reg[3]/C -       -     R     (arrival)    110    -   150     0       0    (-,-) 
  u_core_u_slow_cnt_gray_snap_ff2_async_reg[3]/Q -       C->Q  F     DFRRQHDX1      2 29.8   306  1065    1065    (-,-) 
  g96264/Q                                       -       B->Q  F     EN3HDX4        3 55.2   139  1331    2396    (-,-) 
  g96259/Q                                       -       A->Q  F     EN2HDX1        1 12.3   190   355    2750    (-,-) 
  u_core_u_slow_cnt_dst_count_latched_reg[2]/D   -       -     F     DFRRQHDX1      1    -     -     0    2751    (-,-) 
#-----------------------------------------------------------------------------------------------------------------------



Path 11: VIOLATED (-2555 ps) Setup Check with Pin u_core_u_slow_cnt_dst_count_latched_reg[1]/C->D
           View: wc_view
          Group: clk_osc_fast
     Startpoint: (R) u_core_u_slow_cnt_gray_snap_ff2_async_reg[5]/C
          Clock: (R) clk_osc_fast
       Endpoint: (F) u_core_u_slow_cnt_dst_count_latched_reg[1]/D
          Clock: (R) clk_osc_fast

                     Capture       Launch     
        Clock Edge:+     900            0     
       Src Latency:+       0            0     
       Net Latency:+       0 (I)        0 (I) 
           Arrival:=     900            0     
                                              
             Setup:-     635                  
       Uncertainty:-      50                  
     Required Time:=     215                  
      Launch Clock:-       0                  
         Data Path:-    2769                  
             Slack:=   -2555                  

#-----------------------------------------------------------------------------------------------------------------------
#                 Timing Point                   Flags   Arc   Edge   Cell     Fanout Load Trans Delay Arrival Instance 
#                                                                                     (fF)  (ps)  (ps)   (ps)  Location 
#-----------------------------------------------------------------------------------------------------------------------
  u_core_u_slow_cnt_gray_snap_ff2_async_reg[5]/C -       -     R     (arrival)    110    -   150     0       0    (-,-) 
  u_core_u_slow_cnt_gray_snap_ff2_async_reg[5]/Q -       C->Q  F     DFRRQHDX1      3 47.9   380  1167    1167    (-,-) 
  g96268/Q                                       -       B->Q  F     EN2HDX2        1 16.3    87   738    1904    (-,-) 
  g96257/Q                                       -       C->Q  F     EN3HDX1        1 12.2   191   865    2769    (-,-) 
  u_core_u_slow_cnt_dst_count_latched_reg[1]/D   -       -     F     DFRRQHDX4      1    -     -     0    2769    (-,-) 
#-----------------------------------------------------------------------------------------------------------------------



Path 12: VIOLATED (-2487 ps) Setup Check with Pin u_core_gen_pd_row[0].gen_pd_col[0].u_pd/nfast_hit_latched_reg[6]/C->D
           View: wc_view
          Group: clk_osc_fast
     Startpoint: (R) u_core_gen_pd_row[0].gen_pd_col[0].u_pd/q2_reg/C
          Clock: (R) clk_osc_fast
       Endpoint: (F) u_core_gen_pd_row[0].gen_pd_col[0].u_pd/nfast_hit_latched_reg[6]/D
          Clock: (R) clk_osc_fast

                     Capture       Launch     
        Clock Edge:+     900            0     
       Src Latency:+       0            0     
       Net Latency:+       0 (I)        0 (I) 
           Arrival:=     900            0     
                                              
             Setup:-     674                  
       Uncertainty:-      50                  
     Required Time:=     176                  
      Launch Clock:-       0                  
         Data Path:-    2663                  
             Slack:=   -2487                  

#-------------------------------------------------------------------------------------------------------------------------------------------
#                           Timing Point                             Flags   Arc   Edge   Cell     Fanout Load Trans Delay Arrival Instance 
#                                                                                                         (fF)  (ps)  (ps)   (ps)  Location 
#-------------------------------------------------------------------------------------------------------------------------------------------
  u_core_gen_pd_row[0].gen_pd_col[0].u_pd/q2_reg/C                   -       -     R     (arrival)    110    -   150     0       0    (-,-) 
  u_core_gen_pd_row[0].gen_pd_col[0].u_pd/q2_reg/Q                   -       C->Q  R     DFRRQHDX1      3 42.6   448  1084    1084    (-,-) 
  u_core_gen_pd_row[0].gen_pd_col[0].u_pd/g3998/Q                    -       A->Q  F     INHDX2         2 24.8   175   226    1310    (-,-) 
  u_core_gen_pd_row[0].gen_pd_col[0].u_pd/g3997/Q                    -       AN->Q F     NA3I2HDX2      4 45.1   307   733    2043    (-,-) 
  u_core_gen_pd_row[0].gen_pd_col[0].u_pd/g3944__4001/Q              -       A->Q  R     NA2HDX1        1 14.2   301   343    2386    (-,-) 
  u_core_gen_pd_row[0].gen_pd_col[0].u_pd/g3933__8428/Q              -       C->Q  F     ON21HDX1       1 12.3   210   276    2663    (-,-) 
  u_core_gen_pd_row[0].gen_pd_col[0].u_pd/nfast_hit_latched_reg[6]/D -       -     F     DFRRQHDX1      1    -     -     0    2663    (-,-) 
#-------------------------------------------------------------------------------------------------------------------------------------------



Path 13: VIOLATED (-2487 ps) Setup Check with Pin u_core_gen_pd_row[0].gen_pd_col[0].u_pd/nfast_hit_latched_reg[3]/C->D
           View: wc_view
          Group: clk_osc_fast
     Startpoint: (R) u_core_gen_pd_row[0].gen_pd_col[0].u_pd/q2_reg/C
          Clock: (R) clk_osc_fast
       Endpoint: (F) u_core_gen_pd_row[0].gen_pd_col[0].u_pd/nfast_hit_latched_reg[3]/D
          Clock: (R) clk_osc_fast

                     Capture       Launch     
        Clock Edge:+     900            0     
       Src Latency:+       0            0     
       Net Latency:+       0 (I)        0 (I) 
           Arrival:=     900            0     
                                              
             Setup:-     674                  
       Uncertainty:-      50                  
     Required Time:=     176                  
      Launch Clock:-       0                  
         Data Path:-    2663                  
             Slack:=   -2487                  

#-------------------------------------------------------------------------------------------------------------------------------------------
#                           Timing Point                             Flags   Arc   Edge   Cell     Fanout Load Trans Delay Arrival Instance 
#                                                                                                         (fF)  (ps)  (ps)   (ps)  Location 
#-------------------------------------------------------------------------------------------------------------------------------------------
  u_core_gen_pd_row[0].gen_pd_col[0].u_pd/q2_reg/C                   -       -     R     (arrival)    110    -   150     0       0    (-,-) 
  u_core_gen_pd_row[0].gen_pd_col[0].u_pd/q2_reg/Q                   -       C->Q  R     DFRRQHDX1      3 42.6   448  1084    1084    (-,-) 
  u_core_gen_pd_row[0].gen_pd_col[0].u_pd/g3998/Q                    -       A->Q  F     INHDX2         2 24.8   175   226    1310    (-,-) 
  u_core_gen_pd_row[0].gen_pd_col[0].u_pd/g3997/Q                    -       AN->Q F     NA3I2HDX2      4 45.1   307   733    2043    (-,-) 
  u_core_gen_pd_row[0].gen_pd_col[0].u_pd/g3937__3996/Q              -       A->Q  R     NA2HDX1        1 14.2   301   343    2386    (-,-) 
  u_core_gen_pd_row[0].gen_pd_col[0].u_pd/g3932__4319/Q              -       C->Q  F     ON21HDX1       1 12.3   210   276    2663    (-,-) 
  u_core_gen_pd_row[0].gen_pd_col[0].u_pd/nfast_hit_latched_reg[3]/D -       -     F     DFRRQHDX1      1    -     -     0    2663    (-,-) 
#-------------------------------------------------------------------------------------------------------------------------------------------



Path 14: VIOLATED (-2487 ps) Setup Check with Pin u_core_gen_pd_row[0].gen_pd_col[0].u_pd/nfast_hit_latched_reg[1]/C->D
           View: wc_view
          Group: clk_osc_fast
     Startpoint: (R) u_core_gen_pd_row[0].gen_pd_col[0].u_pd/q2_reg/C
          Clock: (R) clk_osc_fast
       Endpoint: (F) u_core_gen_pd_row[0].gen_pd_col[0].u_pd/nfast_hit_latched_reg[1]/D
          Clock: (R) clk_osc_fast

                     Capture       Launch     
        Clock Edge:+     900            0     
       Src Latency:+       0            0     
       Net Latency:+       0 (I)        0 (I) 
           Arrival:=     900            0     
                                              
             Setup:-     674                  
       Uncertainty:-      50                  
     Required Time:=     176                  
      Launch Clock:-       0                  
         Data Path:-    2663                  
             Slack:=   -2487                  

#-------------------------------------------------------------------------------------------------------------------------------------------
#                           Timing Point                             Flags   Arc   Edge   Cell     Fanout Load Trans Delay Arrival Instance 
#                                                                                                         (fF)  (ps)  (ps)   (ps)  Location 
#-------------------------------------------------------------------------------------------------------------------------------------------
  u_core_gen_pd_row[0].gen_pd_col[0].u_pd/q2_reg/C                   -       -     R     (arrival)    110    -   150     0       0    (-,-) 
  u_core_gen_pd_row[0].gen_pd_col[0].u_pd/q2_reg/Q                   -       C->Q  R     DFRRQHDX1      3 42.6   448  1084    1084    (-,-) 
  u_core_gen_pd_row[0].gen_pd_col[0].u_pd/g3998/Q                    -       A->Q  F     INHDX2         2 24.8   175   226    1310    (-,-) 
  u_core_gen_pd_row[0].gen_pd_col[0].u_pd/g3997/Q                    -       AN->Q F     NA3I2HDX2      4 45.1   307   733    2043    (-,-) 
  u_core_gen_pd_row[0].gen_pd_col[0].u_pd/g3939__4002/Q              -       A->Q  R     NA2HDX1        1 14.2   301   343    2386    (-,-) 
  u_core_gen_pd_row[0].gen_pd_col[0].u_pd/g3930__5107/Q              -       C->Q  F     ON21HDX1       1 12.3   210   276    2663    (-,-) 
  u_core_gen_pd_row[0].gen_pd_col[0].u_pd/nfast_hit_latched_reg[1]/D -       -     F     DFRRQHDX1      1    -     -     0    2663    (-,-) 
#-------------------------------------------------------------------------------------------------------------------------------------------



Path 15: VIOLATED (-2487 ps) Setup Check with Pin u_core_gen_pd_row[0].gen_pd_col[0].u_pd/nfast_hit_latched_reg[0]/C->D
           View: wc_view
          Group: clk_osc_fast
     Startpoint: (R) u_core_gen_pd_row[0].gen_pd_col[0].u_pd/q2_reg/C
          Clock: (R) clk_osc_fast
       Endpoint: (F) u_core_gen_pd_row[0].gen_pd_col[0].u_pd/nfast_hit_latched_reg[0]/D
          Clock: (R) clk_osc_fast

                     Capture       Launch     
        Clock Edge:+     900            0     
       Src Latency:+       0            0     
       Net Latency:+       0 (I)        0 (I) 
           Arrival:=     900            0     
                                              
             Setup:-     674                  
       Uncertainty:-      50                  
     Required Time:=     176                  
      Launch Clock:-       0                  
         Data Path:-    2663                  
             Slack:=   -2487                  

#-------------------------------------------------------------------------------------------------------------------------------------------
#                           Timing Point                             Flags   Arc   Edge   Cell     Fanout Load Trans Delay Arrival Instance 
#                                                                                                         (fF)  (ps)  (ps)   (ps)  Location 
#-------------------------------------------------------------------------------------------------------------------------------------------
  u_core_gen_pd_row[0].gen_pd_col[0].u_pd/q2_reg/C                   -       -     R     (arrival)    110    -   150     0       0    (-,-) 
  u_core_gen_pd_row[0].gen_pd_col[0].u_pd/q2_reg/Q                   -       C->Q  R     DFRRQHDX1      3 42.6   448  1084    1084    (-,-) 
  u_core_gen_pd_row[0].gen_pd_col[0].u_pd/g3998/Q                    -       A->Q  F     INHDX2         2 24.8   175   226    1310    (-,-) 
  u_core_gen_pd_row[0].gen_pd_col[0].u_pd/g3997/Q                    -       AN->Q F     NA3I2HDX2      4 45.1   307   733    2043    (-,-) 
  u_core_gen_pd_row[0].gen_pd_col[0].u_pd/g3943__4000/Q              -       A->Q  R     NA2HDX1        1 14.2   301   343    2386    (-,-) 
  u_core_gen_pd_row[0].gen_pd_col[0].u_pd/g3931__6260/Q              -       C->Q  F     ON21HDX1       1 12.3   210   276    2663    (-,-) 
  u_core_gen_pd_row[0].gen_pd_col[0].u_pd/nfast_hit_latched_reg[0]/D -       -     F     DFRRQHDX1      1    -     -     0    2663    (-,-) 
#-------------------------------------------------------------------------------------------------------------------------------------------



Path 16: VIOLATED (-2461 ps) Setup Check with Pin u_core_gen_pd_row[0].gen_pd_col[0].u_pd/nfast_hit_latched_reg[4]/C->D
           View: wc_view
          Group: clk_osc_fast
     Startpoint: (R) u_core_gen_pd_row[0].gen_pd_col[0].u_pd/q2_reg/C
          Clock: (R) clk_osc_fast
       Endpoint: (F) u_core_gen_pd_row[0].gen_pd_col[0].u_pd/nfast_hit_latched_reg[4]/D
          Clock: (R) clk_osc_fast

                     Capture       Launch     
        Clock Edge:+     900            0     
       Src Latency:+       0            0     
       Net Latency:+       0 (I)        0 (I) 
           Arrival:=     900            0     
                                              
             Setup:-     674                  
       Uncertainty:-      50                  
     Required Time:=     176                  
      Launch Clock:-       0                  
         Data Path:-    2636                  
             Slack:=   -2461                  

#-------------------------------------------------------------------------------------------------------------------------------------------
#                           Timing Point                             Flags   Arc   Edge   Cell     Fanout Load Trans Delay Arrival Instance 
#                                                                                                         (fF)  (ps)  (ps)   (ps)  Location 
#-------------------------------------------------------------------------------------------------------------------------------------------
  u_core_gen_pd_row[0].gen_pd_col[0].u_pd/q2_reg/C                   -       -     R     (arrival)    110    -   150     0       0    (-,-) 
  u_core_gen_pd_row[0].gen_pd_col[0].u_pd/q2_reg/Q                   -       C->Q  R     DFRRQHDX1      3 42.6   448  1084    1084    (-,-) 
  u_core_gen_pd_row[0].gen_pd_col[0].u_pd/g3998/Q                    -       A->Q  F     INHDX2         2 24.8   175   226    1310    (-,-) 
  u_core_gen_pd_row[0].gen_pd_col[0].u_pd/g23_dup/Q                  -       AN->Q F     NA3I2HDX4      4 50.7   251   730    2039    (-,-) 
  u_core_gen_pd_row[0].gen_pd_col[0].u_pd/g3940__4005/Q              -       A->Q  R     NA2HDX1        1 14.2   301   320    2360    (-,-) 
  u_core_gen_pd_row[0].gen_pd_col[0].u_pd/g3935__6783/Q              -       C->Q  F     ON21HDX1       1 12.3   210   276    2636    (-,-) 
  u_core_gen_pd_row[0].gen_pd_col[0].u_pd/nfast_hit_latched_reg[4]/D -       -     F     DFRRQHDX1      1    -     -     0    2636    (-,-) 
#-------------------------------------------------------------------------------------------------------------------------------------------



Path 17: VIOLATED (-2461 ps) Setup Check with Pin u_core_gen_pd_row[0].gen_pd_col[0].u_pd/nfast_hit_latched_reg[5]/C->D
           View: wc_view
          Group: clk_osc_fast
     Startpoint: (R) u_core_gen_pd_row[0].gen_pd_col[0].u_pd/q2_reg/C
          Clock: (R) clk_osc_fast
       Endpoint: (F) u_core_gen_pd_row[0].gen_pd_col[0].u_pd/nfast_hit_latched_reg[5]/D
          Clock: (R) clk_osc_fast

                     Capture       Launch     
        Clock Edge:+     900            0     
       Src Latency:+       0            0     
       Net Latency:+       0 (I)        0 (I) 
           Arrival:=     900            0     
                                              
             Setup:-     674                  
       Uncertainty:-      50                  
     Required Time:=     176                  
      Launch Clock:-       0                  
         Data Path:-    2636                  
             Slack:=   -2461                  

#-------------------------------------------------------------------------------------------------------------------------------------------
#                           Timing Point                             Flags   Arc   Edge   Cell     Fanout Load Trans Delay Arrival Instance 
#                                                                                                         (fF)  (ps)  (ps)   (ps)  Location 
#-------------------------------------------------------------------------------------------------------------------------------------------
  u_core_gen_pd_row[0].gen_pd_col[0].u_pd/q2_reg/C                   -       -     R     (arrival)    110    -   150     0       0    (-,-) 
  u_core_gen_pd_row[0].gen_pd_col[0].u_pd/q2_reg/Q                   -       C->Q  R     DFRRQHDX1      3 42.6   448  1084    1084    (-,-) 
  u_core_gen_pd_row[0].gen_pd_col[0].u_pd/g3998/Q                    -       A->Q  F     INHDX2         2 24.8   175   226    1310    (-,-) 
  u_core_gen_pd_row[0].gen_pd_col[0].u_pd/g23_dup/Q                  -       AN->Q F     NA3I2HDX4      4 50.7   251   730    2039    (-,-) 
  u_core_gen_pd_row[0].gen_pd_col[0].u_pd/g3941__4004/Q              -       A->Q  R     NA2HDX1        1 14.2   301   320    2360    (-,-) 
  u_core_gen_pd_row[0].gen_pd_col[0].u_pd/g3934__5526/Q              -       C->Q  F     ON21HDX1       1 12.3   210   276    2636    (-,-) 
  u_core_gen_pd_row[0].gen_pd_col[0].u_pd/nfast_hit_latched_reg[5]/D -       -     F     DFRRQHDX1      1    -     -     0    2636    (-,-) 
#-------------------------------------------------------------------------------------------------------------------------------------------



Path 18: VIOLATED (-2461 ps) Setup Check with Pin u_core_gen_pd_row[0].gen_pd_col[0].u_pd/nfast_hit_latched_reg[2]/C->D
           View: wc_view
          Group: clk_osc_fast
     Startpoint: (R) u_core_gen_pd_row[0].gen_pd_col[0].u_pd/q2_reg/C
          Clock: (R) clk_osc_fast
       Endpoint: (F) u_core_gen_pd_row[0].gen_pd_col[0].u_pd/nfast_hit_latched_reg[2]/D
          Clock: (R) clk_osc_fast

                     Capture       Launch     
        Clock Edge:+     900            0     
       Src Latency:+       0            0     
       Net Latency:+       0 (I)        0 (I) 
           Arrival:=     900            0     
                                              
             Setup:-     674                  
       Uncertainty:-      50                  
     Required Time:=     176                  
      Launch Clock:-       0                  
         Data Path:-    2636                  
             Slack:=   -2461                  

#-------------------------------------------------------------------------------------------------------------------------------------------
#                           Timing Point                             Flags   Arc   Edge   Cell     Fanout Load Trans Delay Arrival Instance 
#                                                                                                         (fF)  (ps)  (ps)   (ps)  Location 
#-------------------------------------------------------------------------------------------------------------------------------------------
  u_core_gen_pd_row[0].gen_pd_col[0].u_pd/q2_reg/C                   -       -     R     (arrival)    110    -   150     0       0    (-,-) 
  u_core_gen_pd_row[0].gen_pd_col[0].u_pd/q2_reg/Q                   -       C->Q  R     DFRRQHDX1      3 42.6   448  1084    1084    (-,-) 
  u_core_gen_pd_row[0].gen_pd_col[0].u_pd/g3998/Q                    -       A->Q  F     INHDX2         2 24.8   175   226    1310    (-,-) 
  u_core_gen_pd_row[0].gen_pd_col[0].u_pd/g23_dup/Q                  -       AN->Q F     NA3I2HDX4      4 50.7   251   730    2039    (-,-) 
  u_core_gen_pd_row[0].gen_pd_col[0].u_pd/g3938__4003/Q              -       A->Q  R     NA2HDX1        1 14.2   301   320    2360    (-,-) 
  u_core_gen_pd_row[0].gen_pd_col[0].u_pd/g3929__2398/Q              -       C->Q  F     ON21HDX1       1 12.3   210   276    2636    (-,-) 
  u_core_gen_pd_row[0].gen_pd_col[0].u_pd/nfast_hit_latched_reg[2]/D -       -     F     DFRRQHDX1      1    -     -     0    2636    (-,-) 
#-------------------------------------------------------------------------------------------------------------------------------------------



Path 19: VIOLATED (-2452 ps) Setup Check with Pin u_core_gen_pd_row[7].gen_pd_col[0].u_pd/nfast_hit_latched_reg[6]/C->D
           View: wc_view
          Group: clk_osc_fast
     Startpoint: (R) u_core_gen_pd_row[7].gen_pd_col[0].u_pd/q1_reg/C
          Clock: (R) clk_osc_fast
       Endpoint: (F) u_core_gen_pd_row[7].gen_pd_col[0].u_pd/nfast_hit_latched_reg[6]/D
          Clock: (R) clk_osc_fast

                     Capture       Launch     
        Clock Edge:+     900            0     
       Src Latency:+       0            0     
       Net Latency:+       0 (I)        0 (I) 
           Arrival:=     900            0     
                                              
             Setup:-     674                  
       Uncertainty:-      50                  
     Required Time:=     176                  
      Launch Clock:-       0                  
         Data Path:-    2628                  
             Slack:=   -2452                  

#-------------------------------------------------------------------------------------------------------------------------------------------
#                           Timing Point                             Flags   Arc   Edge   Cell     Fanout Load Trans Delay Arrival Instance 
#                                                                                                         (fF)  (ps)  (ps)   (ps)  Location 
#-------------------------------------------------------------------------------------------------------------------------------------------
  u_core_gen_pd_row[7].gen_pd_col[0].u_pd/q1_reg/C                   -       -     R     (arrival)    110    -   150     0       0    (-,-) 
  u_core_gen_pd_row[7].gen_pd_col[0].u_pd/q1_reg/Q                   -       C->Q  F     DFRRQHDX1      4 47.2   377  1163    1163    (-,-) 
  u_core_gen_pd_row[7].gen_pd_col[0].u_pd/g2/Q                       -       B->Q  R     NO2I1HDX2      1 35.4   452   514    1677    (-,-) 
  u_core_gen_pd_row[7].gen_pd_col[0].u_pd/g3950/Q                    -       B->Q  F     NA2HDX4        8 96.6   282   340    2017    (-,-) 
  u_core_gen_pd_row[7].gen_pd_col[0].u_pd/g3944/Q                    -       A->Q  R     NA2HDX1        1 14.2   301   334    2351    (-,-) 
  u_core_gen_pd_row[7].gen_pd_col[0].u_pd/g3933/Q                    -       C->Q  F     ON21HDX1       1 12.3   210   276    2627    (-,-) 
  u_core_gen_pd_row[7].gen_pd_col[0].u_pd/nfast_hit_latched_reg[6]/D -       -     F     DFRRQHDX1      1    -     -     0    2628    (-,-) 
#-------------------------------------------------------------------------------------------------------------------------------------------



Path 20: VIOLATED (-2452 ps) Setup Check with Pin u_core_gen_pd_row[7].gen_pd_col[0].u_pd/nfast_hit_latched_reg[3]/C->D
           View: wc_view
          Group: clk_osc_fast
     Startpoint: (R) u_core_gen_pd_row[7].gen_pd_col[0].u_pd/q1_reg/C
          Clock: (R) clk_osc_fast
       Endpoint: (F) u_core_gen_pd_row[7].gen_pd_col[0].u_pd/nfast_hit_latched_reg[3]/D
          Clock: (R) clk_osc_fast

                     Capture       Launch     
        Clock Edge:+     900            0     
       Src Latency:+       0            0     
       Net Latency:+       0 (I)        0 (I) 
           Arrival:=     900            0     
                                              
             Setup:-     674                  
       Uncertainty:-      50                  
     Required Time:=     176                  
      Launch Clock:-       0                  
         Data Path:-    2628                  
             Slack:=   -2452                  

#-------------------------------------------------------------------------------------------------------------------------------------------
#                           Timing Point                             Flags   Arc   Edge   Cell     Fanout Load Trans Delay Arrival Instance 
#                                                                                                         (fF)  (ps)  (ps)   (ps)  Location 
#-------------------------------------------------------------------------------------------------------------------------------------------
  u_core_gen_pd_row[7].gen_pd_col[0].u_pd/q1_reg/C                   -       -     R     (arrival)    110    -   150     0       0    (-,-) 
  u_core_gen_pd_row[7].gen_pd_col[0].u_pd/q1_reg/Q                   -       C->Q  F     DFRRQHDX1      4 47.2   377  1163    1163    (-,-) 
  u_core_gen_pd_row[7].gen_pd_col[0].u_pd/g2/Q                       -       B->Q  R     NO2I1HDX2      1 35.4   452   514    1677    (-,-) 
  u_core_gen_pd_row[7].gen_pd_col[0].u_pd/g3950/Q                    -       B->Q  F     NA2HDX4        8 96.6   282   340    2017    (-,-) 
  u_core_gen_pd_row[7].gen_pd_col[0].u_pd/g3937/Q                    -       A->Q  R     NA2HDX1        1 14.2   301   334    2351    (-,-) 
  u_core_gen_pd_row[7].gen_pd_col[0].u_pd/g3932/Q                    -       C->Q  F     ON21HDX1       1 12.3   210   276    2627    (-,-) 
  u_core_gen_pd_row[7].gen_pd_col[0].u_pd/nfast_hit_latched_reg[3]/D -       -     F     DFRRQHDX1      1    -     -     0    2628    (-,-) 
#-------------------------------------------------------------------------------------------------------------------------------------------


