# MPTDC V13 RO Ring / Long-Prune PG Repair
PG_RO_REPAIR_MODE=ring_probe
PROCESS_ISOLATION=ONE_INNOVUS_PROCESS_PER_CANDIDATE
SOURCE_CONTRACT=V13_DRC0_SPECIAL15_EXACT13_LONG_HANDLES
SOURCE_MARKER_FINGERPRINT_POLICY=EXACT_V13_PG15
MATCH_EPS_UM=0.002
EXPECTED_MIN_SOURCE_LENGTH_UM=10.0
RING_MAX_TAIL_UM=20.0
VIA_AREA_HALF_UM=0.400
RO_BLOCK_RING_WIDTH_UM=2.0
RO_BLOCK_RING_SPACING_UM=1.0
RO_BLOCK_RING_OFFSET_UM=2.0
ANTENNA_REPAIR_ATTEMPTED=NO
ROUTE_OPTIMIZER_POLICY=NO_ECOROUTE_NO_ROUTEDESIGN_NO_GLOBAL_OPTIMIZER
PLACEMENT_EDIT_POLICY=NO_INSTANCES_MOVED
PG_MUTATION_SCOPE=TWO_RO_BLOCK_RINGS_EXACT_SOURCE_ENDPOINTS_BOUNDED_VIAS
INITIAL_VERIFY_SPECIAL_REPORT=/sim/ksabra/SPADMIC_work/innovus/20260901_115029_mptdc_tie1_pg_ro_ring_probe/reports/pg_ro_initial_verify_special_detailed.rpt
INITIAL_DANGLING_MARKER_COUNT=15
SOURCE_UNIQUE_HANDLE_COUNT=0
SOURCE_SHARED_HANDLE_COUNT=0
SOURCE_VDD_MARKER_COUNT=6
SOURCE_VSS_MARKER_COUNT=9
SOURCE_MET3_MARKER_COUNT=8
SOURCE_METTP_MARKER_COUNT=7
SOURCE_TOPOLOGY_STATUS=FAIL
SOURCE_TOPOLOGY_FAILURES=marker_1_exact_count:0 marker_2_exact_count:0 marker_3_exact_count:0 marker_4_exact_count:0 marker_5_exact_count:0 marker_6_exact_count:0 marker_7_exact_count:0 marker_8_exact_count:0 marker_9_exact_count:0 marker_10_exact_count:0 marker_11_exact_count:0 marker_12_exact_count:0 marker_13_exact_count:0 marker_14_exact_count:0 marker_15_exact_count:0 unique_handle_count:0 shared_handle_count:0
REPLACEMENT_ATTEMPTS=0
REPLACEMENT_SUCCESSES=0
VIA_ATTEMPTS=0
VIA_SUCCESSES=0
PRUNE_ATTEMPTS=0
PRUNE_SUCCESSES=0
FINAL_VERIFY_SPECIAL_REPORT=/sim/ksabra/SPADMIC_work/innovus/20260901_115029_mptdc_tie1_pg_ro_ring_probe/reports/pg_ro_final_verify_special_detailed.rpt
FINAL_DANGLING_MARKER_COUNT=15
PG_RO_REPAIR_STATUS=FAIL_PREFLIGHT
