============================================================
  Generated by:           Genus(TM) Synthesis Solution 22.13-s093_1
  Generated on:           Jul 06 2026  02:22:37 pm
  Module:                 mptdc_axis_core
  Operating conditions:   typ_1_80V_25C 
  Interconnect mode:      global
  Area mode:              physical library
============================================================

-------------------------------------------------------------------------------
Sequential data pins driven by a clock signal

The following sequential data pins are driven by a clock signal:                

pin:mptdc_axis_core/u_core_gen_pd_row[0].gen_pd_col[0].u_pd/q1_reg/D
pin:mptdc_axis_core/u_core_gen_pd_row[0].gen_pd_col[1].u_pd/q1_reg/D
pin:mptdc_axis_core/u_core_gen_pd_row[0].gen_pd_col[2].u_pd/q1_reg/D
pin:mptdc_axis_core/u_core_gen_pd_row[0].gen_pd_col[3].u_pd/q1_reg/D
pin:mptdc_axis_core/u_core_gen_pd_row[0].gen_pd_col[4].u_pd/q1_reg/D
pin:mptdc_axis_core/u_core_gen_pd_row[0].gen_pd_col[5].u_pd/q1_reg/D
pin:mptdc_axis_core/u_core_gen_pd_row[0].gen_pd_col[6].u_pd/q1_reg/D
pin:mptdc_axis_core/u_core_gen_pd_row[0].gen_pd_col[7].u_pd/q1_reg/D
pin:mptdc_axis_core/u_core_gen_pd_row[1].gen_pd_col[0].u_pd/q1_reg/D
pin:mptdc_axis_core/u_core_gen_pd_row[1].gen_pd_col[1].u_pd/q1_reg/D
pin:mptdc_axis_core/u_core_gen_pd_row[1].gen_pd_col[2].u_pd/q1_reg/D
pin:mptdc_axis_core/u_core_gen_pd_row[1].gen_pd_col[3].u_pd/q1_reg/D
pin:mptdc_axis_core/u_core_gen_pd_row[1].gen_pd_col[4].u_pd/q1_reg/D
pin:mptdc_axis_core/u_core_gen_pd_row[1].gen_pd_col[5].u_pd/q1_reg/D
pin:mptdc_axis_core/u_core_gen_pd_row[1].gen_pd_col[6].u_pd/q1_reg/D
pin:mptdc_axis_core/u_core_gen_pd_row[1].gen_pd_col[7].u_pd/q1_reg/D
pin:mptdc_axis_core/u_core_gen_pd_row[2].gen_pd_col[0].u_pd/q1_reg/D
pin:mptdc_axis_core/u_core_gen_pd_row[2].gen_pd_col[1].u_pd/q1_reg/D
pin:mptdc_axis_core/u_core_gen_pd_row[2].gen_pd_col[2].u_pd/q1_reg/D
pin:mptdc_axis_core/u_core_gen_pd_row[2].gen_pd_col[3].u_pd/q1_reg/D
pin:mptdc_axis_core/u_core_gen_pd_row[2].gen_pd_col[4].u_pd/q1_reg/D
pin:mptdc_axis_core/u_core_gen_pd_row[2].gen_pd_col[5].u_pd/q1_reg/D
pin:mptdc_axis_core/u_core_gen_pd_row[2].gen_pd_col[6].u_pd/q1_reg/D
pin:mptdc_axis_core/u_core_gen_pd_row[2].gen_pd_col[7].u_pd/q1_reg/D
pin:mptdc_axis_core/u_core_gen_pd_row[3].gen_pd_col[0].u_pd/q1_reg/D
pin:mptdc_axis_core/u_core_gen_pd_row[3].gen_pd_col[1].u_pd/q1_reg/D
pin:mptdc_axis_core/u_core_gen_pd_row[3].gen_pd_col[2].u_pd/q1_reg/D
pin:mptdc_axis_core/u_core_gen_pd_row[3].gen_pd_col[3].u_pd/q1_reg/D
pin:mptdc_axis_core/u_core_gen_pd_row[3].gen_pd_col[4].u_pd/q1_reg/D
pin:mptdc_axis_core/u_core_gen_pd_row[3].gen_pd_col[5].u_pd/q1_reg/D
pin:mptdc_axis_core/u_core_gen_pd_row[3].gen_pd_col[6].u_pd/q1_reg/D
pin:mptdc_axis_core/u_core_gen_pd_row[3].gen_pd_col[7].u_pd/q1_reg/D
pin:mptdc_axis_core/u_core_gen_pd_row[4].gen_pd_col[0].u_pd/q1_reg/D
pin:mptdc_axis_core/u_core_gen_pd_row[4].gen_pd_col[1].u_pd/q1_reg/D
pin:mptdc_axis_core/u_core_gen_pd_row[4].gen_pd_col[2].u_pd/q1_reg/D
pin:mptdc_axis_core/u_core_gen_pd_row[4].gen_pd_col[3].u_pd/q1_reg/D
pin:mptdc_axis_core/u_core_gen_pd_row[4].gen_pd_col[4].u_pd/q1_reg/D
pin:mptdc_axis_core/u_core_gen_pd_row[4].gen_pd_col[5].u_pd/q1_reg/D
pin:mptdc_axis_core/u_core_gen_pd_row[4].gen_pd_col[6].u_pd/q1_reg/D
pin:mptdc_axis_core/u_core_gen_pd_row[4].gen_pd_col[7].u_pd/q1_reg/D
pin:mptdc_axis_core/u_core_gen_pd_row[5].gen_pd_col[0].u_pd/q1_reg/D
pin:mptdc_axis_core/u_core_gen_pd_row[5].gen_pd_col[1].u_pd/q1_reg/D
pin:mptdc_axis_core/u_core_gen_pd_row[5].gen_pd_col[2].u_pd/q1_reg/D
pin:mptdc_axis_core/u_core_gen_pd_row[5].gen_pd_col[3].u_pd/q1_reg/D
pin:mptdc_axis_core/u_core_gen_pd_row[5].gen_pd_col[4].u_pd/q1_reg/D
pin:mptdc_axis_core/u_core_gen_pd_row[5].gen_pd_col[5].u_pd/q1_reg/D
pin:mptdc_axis_core/u_core_gen_pd_row[5].gen_pd_col[6].u_pd/q1_reg/D
pin:mptdc_axis_core/u_core_gen_pd_row[5].gen_pd_col[7].u_pd/q1_reg/D
pin:mptdc_axis_core/u_core_gen_pd_row[6].gen_pd_col[0].u_pd/q1_reg/D
pin:mptdc_axis_core/u_core_gen_pd_row[6].gen_pd_col[1].u_pd/q1_reg/D
pin:mptdc_axis_core/u_core_gen_pd_row[6].gen_pd_col[2].u_pd/q1_reg/D
pin:mptdc_axis_core/u_core_gen_pd_row[6].gen_pd_col[3].u_pd/q1_reg/D
pin:mptdc_axis_core/u_core_gen_pd_row[6].gen_pd_col[4].u_pd/q1_reg/D
pin:mptdc_axis_core/u_core_gen_pd_row[6].gen_pd_col[5].u_pd/q1_reg/D
pin:mptdc_axis_core/u_core_gen_pd_row[6].gen_pd_col[6].u_pd/q1_reg/D
pin:mptdc_axis_core/u_core_gen_pd_row[6].gen_pd_col[7].u_pd/q1_reg/D
pin:mptdc_axis_core/u_core_gen_pd_row[7].gen_pd_col[0].u_pd/q1_reg/D
pin:mptdc_axis_core/u_core_gen_pd_row[7].gen_pd_col[1].u_pd/q1_reg/D
pin:mptdc_axis_core/u_core_gen_pd_row[7].gen_pd_col[2].u_pd/q1_reg/D
pin:mptdc_axis_core/u_core_gen_pd_row[7].gen_pd_col[3].u_pd/q1_reg/D
pin:mptdc_axis_core/u_core_gen_pd_row[7].gen_pd_col[4].u_pd/q1_reg/D
pin:mptdc_axis_core/u_core_gen_pd_row[7].gen_pd_col[5].u_pd/q1_reg/D
pin:mptdc_axis_core/u_core_gen_pd_row[7].gen_pd_col[6].u_pd/q1_reg/D
pin:mptdc_axis_core/u_core_gen_pd_row[7].gen_pd_col[7].u_pd/q1_reg/D
pin:mptdc_axis_core/u_core_u_stop_capture_stop_slow_phase_disc_o_reg[0]/D
pin:mptdc_axis_core/u_core_u_stop_capture_stop_slow_phase_disc_o_reg[1]/D
pin:mptdc_axis_core/u_core_u_stop_capture_stop_slow_phase_disc_o_reg[2]/D
-------------------------------------------------------------------------------

-------------------------------------------------------------------------------
Sequential clock pins without clock waveform

The following sequential clock pins have no clock waveform driving them in mode 
'tc_view'.  No timing constraints will be derived for paths leading to or from  
these pins. (Pin | Source | Reason)                                             

pin:mptdc_axis_core/u_core_u_frontend_start_accept_seen_q_reg/GN {pin:mptdc_axis_core/u_core_u_meas_ctrl_state_q_reg[0]/Q} {Disabled timing*}
pin:mptdc_axis_core/u_core_u_frontend_start_latched_q_reg/GN {pin:mptdc_axis_core/u_core_u_meas_ctrl_state_q_reg[0]/Q} {Disabled timing*}
pin:mptdc_axis_core/u_core_u_frontend_start_reject_seen_q_reg/G {pin:mptdc_axis_core/u_core_u_meas_ctrl_state_q_reg[0]/Q} {Disabled timing*}
pin:mptdc_axis_core/u_core_u_frontend_stop_latched_q_reg/G {pin:mptdc_axis_core/u_rst_core_sync/sync_q_reg[3]/Q} {Disabled timing*}
{pin:mptdc_axis_core/u_core_u_frontend_active_ctx_q_reg[0]/G} {pin:mptdc_axis_core/u_core_u_meas_ctrl_state_q_reg[0]/Q} {Disabled timing*}
{pin:mptdc_axis_core/u_core_u_frontend_ctx_drain_q_reg[0]/GN} {pin:mptdc_axis_core/u_core_u_drain_ctrl_state_q_reg[1]/Q} {Disabled timing*}
{pin:mptdc_axis_core/u_core_u_frontend_ctx_drain_q_reg[1]/GN} {pin:mptdc_axis_core/u_core_u_meas_ctrl_state_q_reg[0]/Q} {Disabled timing*}
pin:mptdc_axis_core/u_core_u_stop_capture_phase0_snap_o_reg/C port:mptdc_axis_core/stop_spad_async_i {Unclocked source}
{pin:mptdc_axis_core/u_core_u_stop_capture_stop_slow_phase_disc_o_reg[0]/C} port:mptdc_axis_core/stop_spad_async_i {Unclocked source}
{pin:mptdc_axis_core/u_core_u_stop_capture_stop_slow_phase_disc_o_reg[1]/C} port:mptdc_axis_core/stop_spad_async_i {Unclocked source}
{pin:mptdc_axis_core/u_core_u_stop_capture_stop_slow_phase_disc_o_reg[2]/C} port:mptdc_axis_core/stop_spad_async_i {Unclocked source}
{pin:mptdc_axis_core/u_core_u_stop_epoch_capture_slow_epoch_johnson_stop_o_reg[0]/C} port:mptdc_axis_core/stop_spad_async_i {Unclocked source}
{pin:mptdc_axis_core/u_core_u_stop_epoch_capture_slow_epoch_johnson_stop_o_reg[10]/C} port:mptdc_axis_core/stop_spad_async_i {Unclocked source}
{pin:mptdc_axis_core/u_core_u_stop_epoch_capture_slow_epoch_johnson_stop_o_reg[11]/C} port:mptdc_axis_core/stop_spad_async_i {Unclocked source}
{pin:mptdc_axis_core/u_core_u_stop_epoch_capture_slow_epoch_johnson_stop_o_reg[12]/C} port:mptdc_axis_core/stop_spad_async_i {Unclocked source}
{pin:mptdc_axis_core/u_core_u_stop_epoch_capture_slow_epoch_johnson_stop_o_reg[13]/C} port:mptdc_axis_core/stop_spad_async_i {Unclocked source}
{pin:mptdc_axis_core/u_core_u_stop_epoch_capture_slow_epoch_johnson_stop_o_reg[14]/C} port:mptdc_axis_core/stop_spad_async_i {Unclocked source}
{pin:mptdc_axis_core/u_core_u_stop_epoch_capture_slow_epoch_johnson_stop_o_reg[15]/C} port:mptdc_axis_core/stop_spad_async_i {Unclocked source}
{pin:mptdc_axis_core/u_core_u_stop_epoch_capture_slow_epoch_johnson_stop_o_reg[16]/C} port:mptdc_axis_core/stop_spad_async_i {Unclocked source}
{pin:mptdc_axis_core/u_core_u_stop_epoch_capture_slow_epoch_johnson_stop_o_reg[17]/C} port:mptdc_axis_core/stop_spad_async_i {Unclocked source}
{pin:mptdc_axis_core/u_core_u_stop_epoch_capture_slow_epoch_johnson_stop_o_reg[18]/C} port:mptdc_axis_core/stop_spad_async_i {Unclocked source}
{pin:mptdc_axis_core/u_core_u_stop_epoch_capture_slow_epoch_johnson_stop_o_reg[19]/C} port:mptdc_axis_core/stop_spad_async_i {Unclocked source}
{pin:mptdc_axis_core/u_core_u_stop_epoch_capture_slow_epoch_johnson_stop_o_reg[1]/C} port:mptdc_axis_core/stop_spad_async_i {Unclocked source}
{pin:mptdc_axis_core/u_core_u_stop_epoch_capture_slow_epoch_johnson_stop_o_reg[20]/C} port:mptdc_axis_core/stop_spad_async_i {Unclocked source}
{pin:mptdc_axis_core/u_core_u_stop_epoch_capture_slow_epoch_johnson_stop_o_reg[21]/C} port:mptdc_axis_core/stop_spad_async_i {Unclocked source}
{pin:mptdc_axis_core/u_core_u_stop_epoch_capture_slow_epoch_johnson_stop_o_reg[22]/C} port:mptdc_axis_core/stop_spad_async_i {Unclocked source}
{pin:mptdc_axis_core/u_core_u_stop_epoch_capture_slow_epoch_johnson_stop_o_reg[23]/C} port:mptdc_axis_core/stop_spad_async_i {Unclocked source}
{pin:mptdc_axis_core/u_core_u_stop_epoch_capture_slow_epoch_johnson_stop_o_reg[24]/C} port:mptdc_axis_core/stop_spad_async_i {Unclocked source}
{pin:mptdc_axis_core/u_core_u_stop_epoch_capture_slow_epoch_johnson_stop_o_reg[25]/C} port:mptdc_axis_core/stop_spad_async_i {Unclocked source}
{pin:mptdc_axis_core/u_core_u_stop_epoch_capture_slow_epoch_johnson_stop_o_reg[26]/C} port:mptdc_axis_core/stop_spad_async_i {Unclocked source}
{pin:mptdc_axis_core/u_core_u_stop_epoch_capture_slow_epoch_johnson_stop_o_reg[27]/C} port:mptdc_axis_core/stop_spad_async_i {Unclocked source}
{pin:mptdc_axis_core/u_core_u_stop_epoch_capture_slow_epoch_johnson_stop_o_reg[28]/C} port:mptdc_axis_core/stop_spad_async_i {Unclocked source}
{pin:mptdc_axis_core/u_core_u_stop_epoch_capture_slow_epoch_johnson_stop_o_reg[29]/C} port:mptdc_axis_core/stop_spad_async_i {Unclocked source}
{pin:mptdc_axis_core/u_core_u_stop_epoch_capture_slow_epoch_johnson_stop_o_reg[2]/C} port:mptdc_axis_core/stop_spad_async_i {Unclocked source}
{pin:mptdc_axis_core/u_core_u_stop_epoch_capture_slow_epoch_johnson_stop_o_reg[30]/C} port:mptdc_axis_core/stop_spad_async_i {Unclocked source}
{pin:mptdc_axis_core/u_core_u_stop_epoch_capture_slow_epoch_johnson_stop_o_reg[31]/C} port:mptdc_axis_core/stop_spad_async_i {Unclocked source}
{pin:mptdc_axis_core/u_core_u_stop_epoch_capture_slow_epoch_johnson_stop_o_reg[32]/C} port:mptdc_axis_core/stop_spad_async_i {Unclocked source}
{pin:mptdc_axis_core/u_core_u_stop_epoch_capture_slow_epoch_johnson_stop_o_reg[33]/C} port:mptdc_axis_core/stop_spad_async_i {Unclocked source}
{pin:mptdc_axis_core/u_core_u_stop_epoch_capture_slow_epoch_johnson_stop_o_reg[34]/C} port:mptdc_axis_core/stop_spad_async_i {Unclocked source}
{pin:mptdc_axis_core/u_core_u_stop_epoch_capture_slow_epoch_johnson_stop_o_reg[35]/C} port:mptdc_axis_core/stop_spad_async_i {Unclocked source}
{pin:mptdc_axis_core/u_core_u_stop_epoch_capture_slow_epoch_johnson_stop_o_reg[36]/C} port:mptdc_axis_core/stop_spad_async_i {Unclocked source}
{pin:mptdc_axis_core/u_core_u_stop_epoch_capture_slow_epoch_johnson_stop_o_reg[37]/C} port:mptdc_axis_core/stop_spad_async_i {Unclocked source}
{pin:mptdc_axis_core/u_core_u_stop_epoch_capture_slow_epoch_johnson_stop_o_reg[38]/C} port:mptdc_axis_core/stop_spad_async_i {Unclocked source}
{pin:mptdc_axis_core/u_core_u_stop_epoch_capture_slow_epoch_johnson_stop_o_reg[39]/C} port:mptdc_axis_core/stop_spad_async_i {Unclocked source}
{pin:mptdc_axis_core/u_core_u_stop_epoch_capture_slow_epoch_johnson_stop_o_reg[3]/C} port:mptdc_axis_core/stop_spad_async_i {Unclocked source}
{pin:mptdc_axis_core/u_core_u_stop_epoch_capture_slow_epoch_johnson_stop_o_reg[40]/C} port:mptdc_axis_core/stop_spad_async_i {Unclocked source}
{pin:mptdc_axis_core/u_core_u_stop_epoch_capture_slow_epoch_johnson_stop_o_reg[41]/C} port:mptdc_axis_core/stop_spad_async_i {Unclocked source}
{pin:mptdc_axis_core/u_core_u_stop_epoch_capture_slow_epoch_johnson_stop_o_reg[42]/C} port:mptdc_axis_core/stop_spad_async_i {Unclocked source}
{pin:mptdc_axis_core/u_core_u_stop_epoch_capture_slow_epoch_johnson_stop_o_reg[43]/C} port:mptdc_axis_core/stop_spad_async_i {Unclocked source}
{pin:mptdc_axis_core/u_core_u_stop_epoch_capture_slow_epoch_johnson_stop_o_reg[44]/C} port:mptdc_axis_core/stop_spad_async_i {Unclocked source}
{pin:mptdc_axis_core/u_core_u_stop_epoch_capture_slow_epoch_johnson_stop_o_reg[45]/C} port:mptdc_axis_core/stop_spad_async_i {Unclocked source}
{pin:mptdc_axis_core/u_core_u_stop_epoch_capture_slow_epoch_johnson_stop_o_reg[46]/C} port:mptdc_axis_core/stop_spad_async_i {Unclocked source}
{pin:mptdc_axis_core/u_core_u_stop_epoch_capture_slow_epoch_johnson_stop_o_reg[47]/C} port:mptdc_axis_core/stop_spad_async_i {Unclocked source}
{pin:mptdc_axis_core/u_core_u_stop_epoch_capture_slow_epoch_johnson_stop_o_reg[48]/C} port:mptdc_axis_core/stop_spad_async_i {Unclocked source}
{pin:mptdc_axis_core/u_core_u_stop_epoch_capture_slow_epoch_johnson_stop_o_reg[49]/C} port:mptdc_axis_core/stop_spad_async_i {Unclocked source}
{pin:mptdc_axis_core/u_core_u_stop_epoch_capture_slow_epoch_johnson_stop_o_reg[4]/C} port:mptdc_axis_core/stop_spad_async_i {Unclocked source}
{pin:mptdc_axis_core/u_core_u_stop_epoch_capture_slow_epoch_johnson_stop_o_reg[50]/C} port:mptdc_axis_core/stop_spad_async_i {Unclocked source}
{pin:mptdc_axis_core/u_core_u_stop_epoch_capture_slow_epoch_johnson_stop_o_reg[51]/C} port:mptdc_axis_core/stop_spad_async_i {Unclocked source}
{pin:mptdc_axis_core/u_core_u_stop_epoch_capture_slow_epoch_johnson_stop_o_reg[52]/C} port:mptdc_axis_core/stop_spad_async_i {Unclocked source}
{pin:mptdc_axis_core/u_core_u_stop_epoch_capture_slow_epoch_johnson_stop_o_reg[53]/C} port:mptdc_axis_core/stop_spad_async_i {Unclocked source}
{pin:mptdc_axis_core/u_core_u_stop_epoch_capture_slow_epoch_johnson_stop_o_reg[54]/C} port:mptdc_axis_core/stop_spad_async_i {Unclocked source}
{pin:mptdc_axis_core/u_core_u_stop_epoch_capture_slow_epoch_johnson_stop_o_reg[55]/C} port:mptdc_axis_core/stop_spad_async_i {Unclocked source}
{pin:mptdc_axis_core/u_core_u_stop_epoch_capture_slow_epoch_johnson_stop_o_reg[56]/C} port:mptdc_axis_core/stop_spad_async_i {Unclocked source}
{pin:mptdc_axis_core/u_core_u_stop_epoch_capture_slow_epoch_johnson_stop_o_reg[57]/C} port:mptdc_axis_core/stop_spad_async_i {Unclocked source}
{pin:mptdc_axis_core/u_core_u_stop_epoch_capture_slow_epoch_johnson_stop_o_reg[58]/C} port:mptdc_axis_core/stop_spad_async_i {Unclocked source}
{pin:mptdc_axis_core/u_core_u_stop_epoch_capture_slow_epoch_johnson_stop_o_reg[59]/C} port:mptdc_axis_core/stop_spad_async_i {Unclocked source}
{pin:mptdc_axis_core/u_core_u_stop_epoch_capture_slow_epoch_johnson_stop_o_reg[5]/C} port:mptdc_axis_core/stop_spad_async_i {Unclocked source}
{pin:mptdc_axis_core/u_core_u_stop_epoch_capture_slow_epoch_johnson_stop_o_reg[60]/C} port:mptdc_axis_core/stop_spad_async_i {Unclocked source}
{pin:mptdc_axis_core/u_core_u_stop_epoch_capture_slow_epoch_johnson_stop_o_reg[61]/C} port:mptdc_axis_core/stop_spad_async_i {Unclocked source}
{pin:mptdc_axis_core/u_core_u_stop_epoch_capture_slow_epoch_johnson_stop_o_reg[62]/C} port:mptdc_axis_core/stop_spad_async_i {Unclocked source}
{pin:mptdc_axis_core/u_core_u_stop_epoch_capture_slow_epoch_johnson_stop_o_reg[63]/C} port:mptdc_axis_core/stop_spad_async_i {Unclocked source}
{pin:mptdc_axis_core/u_core_u_stop_epoch_capture_slow_epoch_johnson_stop_o_reg[6]/C} port:mptdc_axis_core/stop_spad_async_i {Unclocked source}
{pin:mptdc_axis_core/u_core_u_stop_epoch_capture_slow_epoch_johnson_stop_o_reg[7]/C} port:mptdc_axis_core/stop_spad_async_i {Unclocked source}
{pin:mptdc_axis_core/u_core_u_stop_epoch_capture_slow_epoch_johnson_stop_o_reg[8]/C} port:mptdc_axis_core/stop_spad_async_i {Unclocked source}
{pin:mptdc_axis_core/u_core_u_stop_epoch_capture_slow_epoch_johnson_stop_o_reg[9]/C} port:mptdc_axis_core/stop_spad_async_i {Unclocked source}
-------------------------------------------------------------------------------

-------------------------------------------------------------------------------
Timing exceptions with no effect

The following timing exceptions are not currently affecting timing in the       
design in mode 'tc_view'.  Either no paths in the design satisfy the            
exception's path specification, or all paths that satisfy the path              
specification also satisfy an exception with a higher priority.  You can        
improve runtime and memory usage by removing these exceptions if they are not   
truly needed.  To see if there is a path in the design that satisfies the path  
specification for an exception, or to see what other exception is overriding an 
exception because of priority, use the command:                                 
  report timing -paths [eval [::legacy::get_attribute paths <exception>]]

exception:mptdc_axis_core/tc_view/clk_osc_fast
exception:mptdc_axis_core/tc_view/clk_osc_fast_tap1
exception:mptdc_axis_core/tc_view/clk_osc_fast_tap2
exception:mptdc_axis_core/tc_view/clk_osc_fast_tap3
exception:mptdc_axis_core/tc_view/clk_osc_fast_tap4
exception:mptdc_axis_core/tc_view/clk_osc_fast_tap5
exception:mptdc_axis_core/tc_view/clk_osc_fast_tap6
exception:mptdc_axis_core/tc_view/clk_osc_fast_tap7
exception:mptdc_axis_core/tc_view/clk_osc_slow
exception:mptdc_axis_core/tc_view/clk_osc_slow_buf_tap1
exception:mptdc_axis_core/tc_view/clk_osc_slow_buf_tap2
exception:mptdc_axis_core/tc_view/clk_osc_slow_buf_tap3
exception:mptdc_axis_core/tc_view/clk_osc_slow_buf_tap4
exception:mptdc_axis_core/tc_view/clk_osc_slow_buf_tap5
exception:mptdc_axis_core/tc_view/clk_osc_slow_buf_tap6
exception:mptdc_axis_core/tc_view/clk_osc_slow_buf_tap7
exception:mptdc_axis_core/tc_view/clk_osc_slow_tap1
exception:mptdc_axis_core/tc_view/clk_osc_slow_tap2
exception:mptdc_axis_core/tc_view/clk_osc_slow_tap3
exception:mptdc_axis_core/tc_view/clk_osc_slow_tap4
exception:mptdc_axis_core/tc_view/clk_osc_slow_tap5
exception:mptdc_axis_core/tc_view/clk_osc_slow_tap6
exception:mptdc_axis_core/tc_view/clk_osc_slow_tap7
exception:mptdc_axis_core/tc_view/dis_25
exception:mptdc_axis_core/tc_view/dis_26
exception:mptdc_axis_core/tc_view/dis_27
exception:mptdc_axis_core/tc_view/dis_28
exception:mptdc_axis_core/tc_view/dis_29
exception:mptdc_axis_core/tc_view/dis_30
exception:mptdc_axis_core/tc_view/dis_31
exception:mptdc_axis_core/tc_view/dis_32
exception:mptdc_axis_core/tc_view/mptdc.sdc_line_357
exception:mptdc_axis_core/tc_view/zipped_path_delay_1
exception:mptdc_axis_core/tc_view/zipped_path_disable_11
exception:mptdc_axis_core/tc_view/zipped_path_disable_12
exception:mptdc_axis_core/tc_view/zipped_path_disable_13
exception:mptdc_axis_core/tc_view/zipped_path_disable_14
exception:mptdc_axis_core/tc_view/zipped_path_disable_15
exception:mptdc_axis_core/tc_view/zipped_path_disable_16
exception:mptdc_axis_core/tc_view/zipped_path_disable_17
exception:mptdc_axis_core/tc_view/zipped_path_disable_18
exception:mptdc_axis_core/tc_view/zipped_path_disable_2
exception:mptdc_axis_core/tc_view/zipped_path_disable_3
exception:mptdc_axis_core/tc_view/zipped_path_disable_4
-------------------------------------------------------------------------------

-------------------------------------------------------------------------------
Inputs without clocked external delays

The following primary inputs have no clocked external delays in mode 'tc_view'. 
 As a result the timing paths leading from the ports have no timing constraints 
derived from clock waveforms.  The'external_delay' command is used to create    
new external delays.                                                            

port:mptdc_axis_core/async_rst_n
port:mptdc_axis_core/cal_start_async_i
port:mptdc_axis_core/cal_stop_async_i
port:mptdc_axis_core/start_spad_async_i
port:mptdc_axis_core/stop_spad_async_i
-------------------------------------------------------------------------------

-------------------------------------------------------------------------------
Outputs without clocked external delays

The following primary outputs have no clocked external delays in mode           
'tc_view'.  As a result the timing paths leading to the ports have no timing    
constraints derived from clock waveforms.  The'external_delay' command is used  
to create new external delays.                                                  

port:mptdc_axis_core/ro_fast_tap0_o
port:mptdc_axis_core/ro_slow_tap0_o
-------------------------------------------------------------------------------


Lint summary
 Unconnected/logic driven clocks                                  0
 Sequential data pins driven by a clock signal                   67
 Sequential clock pins without clock waveform                    75
 Sequential clock pins with multiple clock waveforms              0
 Generated clocks without clock waveform                          0
 Generated clocks with incompatible options                       0
 Generated clocks with multi-master clock                         0
 Paths constrained with different clocks                          0
 Loop-breaking cells for combinational feedback                   0
 Nets with multiple drivers                                       0
 Timing exceptions with no effect                                44
 Suspicious multi_cycle exceptions                                0
 Pins/ports with conflicting case constants                       0
 Inputs without clocked external delays                           5
 Outputs without clocked external delays                          2
 Inputs without external driver/transition                        0
 Outputs without external load                                    0
 Exceptions with invalid timing start-/endpoints                  0

                                                  Total:        193

