# FINAL_TYPICAL_GENUS_REPAIR_1
STAGE=pre_generic
FAST_TAG_PD_REPAIR=1
DRV_TRANSITION_REPAIR=0
REPAIR4_EXACT_FAST_TAG_SOURCE_DRIVE=true
REPAIR5_EXACT_FAST_TAG_CLOSE=true
REPAIR6_LOCALTAG_PRESERVE_CLOSE=0
REPAIR7_POLARITY_AWARE_FAST_TAG_SOURCE_UPGRADE=0
REPAIR8_JIHD_EXACT_FAST_TAG_CLOSE=1
PD_HIT_TO_NFAST_LOCAL_REPAIR=0
PD_HIT_TO_NFAST_LOCAL_BITS=0,1,2,3,4,5,6
PD_HIT_TO_NFAST_LOCAL_MAX_DELAY_NS=0
PD_HIT_TO_NFAST_LOCAL_MAX_TRANSITION_NS=0
PD_HIT_TO_NFAST_LOCAL_SOURCES_EXPECTED=64
PD_HIT_TO_NFAST_LOCAL_ENDPOINTS_EXPECTED=448
PD_LOCAL_ON22_REPAIR=1
PD_LOCAL_ON22_SOURCE_CELL=ON22JIHDX0
PD_LOCAL_ON22_TARGET_CELLS=ON22JIHDX1,ON22JIHDX2
PD_LOCAL_ON22_EXPECTED_ENDPOINTS=448
PD_LOCAL_ON22_EXPECTED_DRIVERS=AUTO
PD_LOCAL_ON22_EXPECTED_CELLS=AUTO
PD_LOCAL_ON22_DISCOVERY_MODE=TIMING_REPORT
PD_LOCAL_ON22_TIMING_MAX_PATHS=1000
PD_LOCAL_ON22_APPLY_REPAIR=1
PD_LOCAL_ON22_ALLOW_X2=0
STRONG_FAST_TAG_FLOPS=0
STRONG_CONTROL_DRV=0
CONTROL_CELL_BIAS_STAGE=none
CONTROL_AVOID_INHDX8=0
EXACT_CONTROL_ROOT_REPAIR=0
EXACT_CONTROL_ROOT_MIN_FANOUT=64
EXACT_CONTROL_ROOT_REQUIRE_PD_SINKS=false
EXACT_CONTROL_ROOT_ALLOW_RESET_ROOTS=true
EXACT_CONTROL_ROOT_DRIVER_REGEX=
EXACT_CONTROL_ROOT_NET_REGEX=
EXACT_CONTROL_ROOT_MAX_ROOTS=0
FAST_TAG_APPLY_Q_CONSTRAINTS=false
CONTROL_APPLY_BROAD_NETS=0
FAST_TAG_MAX_FANOUT=16
FAST_TAG_MAX_TRANSITION_NS=0.50
FAST_TAG_EXACT_DATA_PATHS=true
FAST_TAG_EXACT_TAPS=0,1,2,3,4,5,6,7
FAST_TAG_EXACT_BITS=0,5,6
FAST_TAG_EXACT_MAX_FANOUT=2
FAST_TAG_EXACT_MAX_TRANSITION_NS=0.50
FAST_TAG_EXACT_MAX_DELAY_NS=1.333
FAST_TAG_EXACT_ENABLE_MAX_DELAY=1
FAST_TAG_EXACT_SOURCE_CELL=
FAST_TAG_EXACT_SOURCE_CELL_MODE=
ENDPOINT_TRANSITION_TIGHT=false
CONTROL_MAX_FANOUT=16
CONTROL_MAX_TRANSITION_NS=0.50
APPLY_DESIGN_DRV_REPAIR=0
TIMESTAMP=2026-07-06 14:16:29 CEST
FAST_TAG_PATH_MATCHED_CELLS=8
FAST_TAG_PATH_DONT_TOUCH_RELEASE=set_dont_touch: set_db_dont_touch:8 false set_db_preserve:8 false
NFAST_CAPTURE_PATH_DONT_TOUCH_RELEASE=SKIPPED_PRESERVE_PD_FABRIC
FAST_TAG_SOURCE_FLOP_CANDIDATES_LIB_CELLS=10
FAST_TAG_SOURCE_FLOP_CANDIDATES_LIB_CELL=D_CELLS_JIHD_LPMOS_typ_1_80V_25C/DFRRQJIHDX4 avoid:1 false dont_use:1 false
FAST_TAG_SOURCE_FLOP_CANDIDATES_LIB_CELL=D_CELLS_JIHD_LPMOS_typ_1_80V_25C/SDFRRQJIHDX4 avoid:1 false dont_use:1 false
FAST_TAG_SOURCE_FLOP_CANDIDATES_LIB_CELL=D_CELLS_JIHD_LPMOS_typ_1_80V_25C/DFRRQJIHDX2 avoid:1 false dont_use:1 false
FAST_TAG_SOURCE_FLOP_CANDIDATES_LIB_CELL=D_CELLS_JIHD_LPMOS_typ_1_80V_25C/SDFRRQJIHDX2 avoid:1 false dont_use:1 false
FAST_TAG_SOURCE_FLOP_CANDIDATES_LIB_CELL=D_CELLS_JIHD_LPMOS_typ_1_80V_25C/DFRJIHDX4 avoid:1 false dont_use:1 false
FAST_TAG_SOURCE_FLOP_CANDIDATES_LIB_CELL=D_CELLS_JIHD_LPMOS_typ_1_80V_25C/SDFRJIHDX4 avoid:1 false dont_use:1 false
FAST_TAG_SOURCE_FLOP_CANDIDATES_LIB_CELL=D_CELLS_JIHD_LPMOS_typ_1_80V_25C/DFRJIHDX2 avoid:1 false dont_use:1 false
FAST_TAG_SOURCE_FLOP_CANDIDATES_LIB_CELL=D_CELLS_JIHD_LPMOS_typ_1_80V_25C/SDFRJIHDX2 avoid:1 false dont_use:1 false
FAST_TAG_SOURCE_FLOP_CANDIDATES_LIB_CELL=D_CELLS_JIHD_LPMOS_typ_1_80V_25C/DFRSJIHDX2 avoid:1 false dont_use:1 false
FAST_TAG_SOURCE_FLOP_CANDIDATES_LIB_CELL=D_CELLS_JIHD_LPMOS_typ_1_80V_25C/SDFRSJIHDX2 avoid:1 false dont_use:1 false
FAST_TAG_Q_PINS=0
FAST_TAG_C_PINS=0
NFAST_CAPTURE_D_PINS=448
FAST_TAG_EXACT_SOURCE_Q_PINS=24
FAST_TAG_EXACT_SOURCE_C_PINS=0
FAST_TAG_EXACT_ENDPOINT_D_PINS=192
FAST_TAG_EXACT_SOURCES_EXPECTED=24
FAST_TAG_EXACT_SOURCES_FOUND=24
FAST_TAG_EXACT_ENDPOINTS_EXPECTED=192
FAST_TAG_EXACT_ENDPOINTS_FOUND=192
FAST_TAG_EXACT_PATH_PAIRS_EXPECTED=192
FAST_TAG_EXACT_PATH_PAIRS_FOUND=192
FAST_TAG_EXACT_SOURCE_Q_PIN=u_core/gen_fast_tag_col[0].u_fast_tag/tag_o_reg[0]/q
FAST_TAG_EXACT_SOURCE_Q_PIN=u_core/gen_fast_tag_col[0].u_fast_tag/tag_o_reg[5]/q
FAST_TAG_EXACT_SOURCE_Q_PIN=u_core/gen_fast_tag_col[0].u_fast_tag/tag_o_reg[6]/q
FAST_TAG_EXACT_SOURCE_Q_PIN=u_core/gen_fast_tag_col[1].u_fast_tag/tag_o_reg[0]/q
FAST_TAG_EXACT_SOURCE_Q_PIN=u_core/gen_fast_tag_col[1].u_fast_tag/tag_o_reg[5]/q
FAST_TAG_EXACT_SOURCE_Q_PIN=u_core/gen_fast_tag_col[1].u_fast_tag/tag_o_reg[6]/q
FAST_TAG_EXACT_SOURCE_Q_PIN=u_core/gen_fast_tag_col[2].u_fast_tag/tag_o_reg[0]/q
FAST_TAG_EXACT_SOURCE_Q_PIN=u_core/gen_fast_tag_col[2].u_fast_tag/tag_o_reg[5]/q
FAST_TAG_EXACT_SOURCE_Q_PIN=u_core/gen_fast_tag_col[2].u_fast_tag/tag_o_reg[6]/q
FAST_TAG_EXACT_SOURCE_Q_PIN=u_core/gen_fast_tag_col[3].u_fast_tag/tag_o_reg[0]/q
FAST_TAG_EXACT_SOURCE_Q_PIN=u_core/gen_fast_tag_col[3].u_fast_tag/tag_o_reg[5]/q
FAST_TAG_EXACT_SOURCE_Q_PIN=u_core/gen_fast_tag_col[3].u_fast_tag/tag_o_reg[6]/q
FAST_TAG_EXACT_SOURCE_Q_PIN=u_core/gen_fast_tag_col[4].u_fast_tag/tag_o_reg[0]/q
FAST_TAG_EXACT_SOURCE_Q_PIN=u_core/gen_fast_tag_col[4].u_fast_tag/tag_o_reg[5]/q
FAST_TAG_EXACT_SOURCE_Q_PIN=u_core/gen_fast_tag_col[4].u_fast_tag/tag_o_reg[6]/q
FAST_TAG_EXACT_SOURCE_Q_PIN=u_core/gen_fast_tag_col[5].u_fast_tag/tag_o_reg[0]/q
FAST_TAG_EXACT_SOURCE_Q_PIN=u_core/gen_fast_tag_col[5].u_fast_tag/tag_o_reg[5]/q
FAST_TAG_EXACT_SOURCE_Q_PIN=u_core/gen_fast_tag_col[5].u_fast_tag/tag_o_reg[6]/q
FAST_TAG_EXACT_SOURCE_Q_PIN=u_core/gen_fast_tag_col[6].u_fast_tag/tag_o_reg[0]/q
FAST_TAG_EXACT_SOURCE_Q_PIN=u_core/gen_fast_tag_col[6].u_fast_tag/tag_o_reg[5]/q
FAST_TAG_EXACT_SOURCE_Q_PIN=u_core/gen_fast_tag_col[6].u_fast_tag/tag_o_reg[6]/q
FAST_TAG_EXACT_SOURCE_Q_PIN=u_core/gen_fast_tag_col[7].u_fast_tag/tag_o_reg[0]/q
FAST_TAG_EXACT_SOURCE_Q_PIN=u_core/gen_fast_tag_col[7].u_fast_tag/tag_o_reg[5]/q
FAST_TAG_EXACT_SOURCE_Q_PIN=u_core/gen_fast_tag_col[7].u_fast_tag/tag_o_reg[6]/q
FAST_TAG_EXACT_ENDPOINT_D_PIN=u_core/gen_pd_row[0].gen_pd_col[0].u_pd/nfast_hit_latched_reg[0]/d
FAST_TAG_EXACT_ENDPOINT_D_PIN=u_core/gen_pd_row[0].gen_pd_col[0].u_pd/nfast_hit_latched_reg[5]/d
FAST_TAG_EXACT_ENDPOINT_D_PIN=u_core/gen_pd_row[0].gen_pd_col[0].u_pd/nfast_hit_latched_reg[6]/d
FAST_TAG_EXACT_ENDPOINT_D_PIN=u_core/gen_pd_row[0].gen_pd_col[1].u_pd/nfast_hit_latched_reg[0]/d
FAST_TAG_EXACT_ENDPOINT_D_PIN=u_core/gen_pd_row[0].gen_pd_col[1].u_pd/nfast_hit_latched_reg[5]/d
FAST_TAG_EXACT_ENDPOINT_D_PIN=u_core/gen_pd_row[0].gen_pd_col[1].u_pd/nfast_hit_latched_reg[6]/d
FAST_TAG_EXACT_ENDPOINT_D_PIN=u_core/gen_pd_row[0].gen_pd_col[2].u_pd/nfast_hit_latched_reg[0]/d
FAST_TAG_EXACT_ENDPOINT_D_PIN=u_core/gen_pd_row[0].gen_pd_col[2].u_pd/nfast_hit_latched_reg[5]/d
FAST_TAG_EXACT_ENDPOINT_D_PIN=u_core/gen_pd_row[0].gen_pd_col[2].u_pd/nfast_hit_latched_reg[6]/d
FAST_TAG_EXACT_ENDPOINT_D_PIN=u_core/gen_pd_row[0].gen_pd_col[3].u_pd/nfast_hit_latched_reg[0]/d
FAST_TAG_EXACT_ENDPOINT_D_PIN=u_core/gen_pd_row[0].gen_pd_col[3].u_pd/nfast_hit_latched_reg[5]/d
FAST_TAG_EXACT_ENDPOINT_D_PIN=u_core/gen_pd_row[0].gen_pd_col[3].u_pd/nfast_hit_latched_reg[6]/d
FAST_TAG_EXACT_ENDPOINT_D_PIN=u_core/gen_pd_row[0].gen_pd_col[4].u_pd/nfast_hit_latched_reg[0]/d
FAST_TAG_EXACT_ENDPOINT_D_PIN=u_core/gen_pd_row[0].gen_pd_col[4].u_pd/nfast_hit_latched_reg[5]/d
FAST_TAG_EXACT_ENDPOINT_D_PIN=u_core/gen_pd_row[0].gen_pd_col[4].u_pd/nfast_hit_latched_reg[6]/d
FAST_TAG_EXACT_ENDPOINT_D_PIN=u_core/gen_pd_row[0].gen_pd_col[5].u_pd/nfast_hit_latched_reg[0]/d
FAST_TAG_EXACT_ENDPOINT_D_PIN=u_core/gen_pd_row[0].gen_pd_col[5].u_pd/nfast_hit_latched_reg[5]/d
FAST_TAG_EXACT_ENDPOINT_D_PIN=u_core/gen_pd_row[0].gen_pd_col[5].u_pd/nfast_hit_latched_reg[6]/d
FAST_TAG_EXACT_ENDPOINT_D_PIN=u_core/gen_pd_row[0].gen_pd_col[6].u_pd/nfast_hit_latched_reg[0]/d
FAST_TAG_EXACT_ENDPOINT_D_PIN=u_core/gen_pd_row[0].gen_pd_col[6].u_pd/nfast_hit_latched_reg[5]/d
FAST_TAG_EXACT_ENDPOINT_D_PIN=u_core/gen_pd_row[0].gen_pd_col[6].u_pd/nfast_hit_latched_reg[6]/d
FAST_TAG_EXACT_ENDPOINT_D_PIN=u_core/gen_pd_row[0].gen_pd_col[7].u_pd/nfast_hit_latched_reg[0]/d
FAST_TAG_EXACT_ENDPOINT_D_PIN=u_core/gen_pd_row[0].gen_pd_col[7].u_pd/nfast_hit_latched_reg[5]/d
FAST_TAG_EXACT_ENDPOINT_D_PIN=u_core/gen_pd_row[0].gen_pd_col[7].u_pd/nfast_hit_latched_reg[6]/d
FAST_TAG_EXACT_ENDPOINT_D_PIN=u_core/gen_pd_row[1].gen_pd_col[0].u_pd/nfast_hit_latched_reg[0]/d
FAST_TAG_EXACT_ENDPOINT_D_PIN=u_core/gen_pd_row[1].gen_pd_col[0].u_pd/nfast_hit_latched_reg[5]/d
FAST_TAG_EXACT_ENDPOINT_D_PIN=u_core/gen_pd_row[1].gen_pd_col[0].u_pd/nfast_hit_latched_reg[6]/d
FAST_TAG_EXACT_ENDPOINT_D_PIN=u_core/gen_pd_row[1].gen_pd_col[1].u_pd/nfast_hit_latched_reg[0]/d
FAST_TAG_EXACT_ENDPOINT_D_PIN=u_core/gen_pd_row[1].gen_pd_col[1].u_pd/nfast_hit_latched_reg[5]/d
FAST_TAG_EXACT_ENDPOINT_D_PIN=u_core/gen_pd_row[1].gen_pd_col[1].u_pd/nfast_hit_latched_reg[6]/d
FAST_TAG_EXACT_ENDPOINT_D_PIN=u_core/gen_pd_row[1].gen_pd_col[2].u_pd/nfast_hit_latched_reg[0]/d
FAST_TAG_EXACT_ENDPOINT_D_PIN=u_core/gen_pd_row[1].gen_pd_col[2].u_pd/nfast_hit_latched_reg[5]/d
FAST_TAG_EXACT_ENDPOINT_D_PIN=u_core/gen_pd_row[1].gen_pd_col[2].u_pd/nfast_hit_latched_reg[6]/d
FAST_TAG_EXACT_ENDPOINT_D_PIN=u_core/gen_pd_row[1].gen_pd_col[3].u_pd/nfast_hit_latched_reg[0]/d
FAST_TAG_EXACT_ENDPOINT_D_PIN=u_core/gen_pd_row[1].gen_pd_col[3].u_pd/nfast_hit_latched_reg[5]/d
FAST_TAG_EXACT_ENDPOINT_D_PIN=u_core/gen_pd_row[1].gen_pd_col[3].u_pd/nfast_hit_latched_reg[6]/d
FAST_TAG_EXACT_ENDPOINT_D_PIN=u_core/gen_pd_row[1].gen_pd_col[4].u_pd/nfast_hit_latched_reg[0]/d
FAST_TAG_EXACT_ENDPOINT_D_PIN=u_core/gen_pd_row[1].gen_pd_col[4].u_pd/nfast_hit_latched_reg[5]/d
FAST_TAG_EXACT_ENDPOINT_D_PIN=u_core/gen_pd_row[1].gen_pd_col[4].u_pd/nfast_hit_latched_reg[6]/d
FAST_TAG_EXACT_ENDPOINT_D_PIN=u_core/gen_pd_row[1].gen_pd_col[5].u_pd/nfast_hit_latched_reg[0]/d
FAST_TAG_EXACT_ENDPOINT_D_PIN=u_core/gen_pd_row[1].gen_pd_col[5].u_pd/nfast_hit_latched_reg[5]/d
FAST_TAG_EXACT_ENDPOINT_D_PIN=u_core/gen_pd_row[1].gen_pd_col[5].u_pd/nfast_hit_latched_reg[6]/d
FAST_TAG_EXACT_ENDPOINT_D_PIN=u_core/gen_pd_row[1].gen_pd_col[6].u_pd/nfast_hit_latched_reg[0]/d
FAST_TAG_EXACT_ENDPOINT_D_PIN=u_core/gen_pd_row[1].gen_pd_col[6].u_pd/nfast_hit_latched_reg[5]/d
FAST_TAG_EXACT_ENDPOINT_D_PIN=u_core/gen_pd_row[1].gen_pd_col[6].u_pd/nfast_hit_latched_reg[6]/d
FAST_TAG_EXACT_ENDPOINT_D_PIN=u_core/gen_pd_row[1].gen_pd_col[7].u_pd/nfast_hit_latched_reg[0]/d
FAST_TAG_EXACT_ENDPOINT_D_PIN=u_core/gen_pd_row[1].gen_pd_col[7].u_pd/nfast_hit_latched_reg[5]/d
FAST_TAG_EXACT_ENDPOINT_D_PIN=u_core/gen_pd_row[1].gen_pd_col[7].u_pd/nfast_hit_latched_reg[6]/d
FAST_TAG_EXACT_ENDPOINT_D_PIN=u_core/gen_pd_row[2].gen_pd_col[0].u_pd/nfast_hit_latched_reg[0]/d
FAST_TAG_EXACT_ENDPOINT_D_PIN=u_core/gen_pd_row[2].gen_pd_col[0].u_pd/nfast_hit_latched_reg[5]/d
FAST_TAG_EXACT_ENDPOINT_D_PIN=u_core/gen_pd_row[2].gen_pd_col[0].u_pd/nfast_hit_latched_reg[6]/d
FAST_TAG_EXACT_ENDPOINT_D_PIN=u_core/gen_pd_row[2].gen_pd_col[1].u_pd/nfast_hit_latched_reg[0]/d
FAST_TAG_EXACT_ENDPOINT_D_PIN=u_core/gen_pd_row[2].gen_pd_col[1].u_pd/nfast_hit_latched_reg[5]/d
FAST_TAG_EXACT_ENDPOINT_D_PIN=u_core/gen_pd_row[2].gen_pd_col[1].u_pd/nfast_hit_latched_reg[6]/d
FAST_TAG_EXACT_ENDPOINT_D_PIN=u_core/gen_pd_row[2].gen_pd_col[2].u_pd/nfast_hit_latched_reg[0]/d
FAST_TAG_EXACT_ENDPOINT_D_PIN=u_core/gen_pd_row[2].gen_pd_col[2].u_pd/nfast_hit_latched_reg[5]/d
FAST_TAG_EXACT_ENDPOINT_D_PIN=u_core/gen_pd_row[2].gen_pd_col[2].u_pd/nfast_hit_latched_reg[6]/d
FAST_TAG_EXACT_ENDPOINT_D_PIN=u_core/gen_pd_row[2].gen_pd_col[3].u_pd/nfast_hit_latched_reg[0]/d
FAST_TAG_EXACT_ENDPOINT_D_PIN=u_core/gen_pd_row[2].gen_pd_col[3].u_pd/nfast_hit_latched_reg[5]/d
FAST_TAG_EXACT_ENDPOINT_D_PIN=u_core/gen_pd_row[2].gen_pd_col[3].u_pd/nfast_hit_latched_reg[6]/d
FAST_TAG_EXACT_ENDPOINT_D_PIN=u_core/gen_pd_row[2].gen_pd_col[4].u_pd/nfast_hit_latched_reg[0]/d
FAST_TAG_EXACT_ENDPOINT_D_PIN=u_core/gen_pd_row[2].gen_pd_col[4].u_pd/nfast_hit_latched_reg[5]/d
FAST_TAG_EXACT_ENDPOINT_D_PIN=u_core/gen_pd_row[2].gen_pd_col[4].u_pd/nfast_hit_latched_reg[6]/d
FAST_TAG_EXACT_ENDPOINT_D_PIN=u_core/gen_pd_row[2].gen_pd_col[5].u_pd/nfast_hit_latched_reg[0]/d
FAST_TAG_EXACT_ENDPOINT_D_PIN=u_core/gen_pd_row[2].gen_pd_col[5].u_pd/nfast_hit_latched_reg[5]/d
FAST_TAG_EXACT_ENDPOINT_D_PIN=u_core/gen_pd_row[2].gen_pd_col[5].u_pd/nfast_hit_latched_reg[6]/d
FAST_TAG_EXACT_ENDPOINT_D_PIN=u_core/gen_pd_row[2].gen_pd_col[6].u_pd/nfast_hit_latched_reg[0]/d
FAST_TAG_EXACT_ENDPOINT_D_PIN=u_core/gen_pd_row[2].gen_pd_col[6].u_pd/nfast_hit_latched_reg[5]/d
FAST_TAG_EXACT_ENDPOINT_D_PIN=u_core/gen_pd_row[2].gen_pd_col[6].u_pd/nfast_hit_latched_reg[6]/d
FAST_TAG_EXACT_ENDPOINT_D_PIN=u_core/gen_pd_row[2].gen_pd_col[7].u_pd/nfast_hit_latched_reg[0]/d
FAST_TAG_EXACT_ENDPOINT_D_PIN=u_core/gen_pd_row[2].gen_pd_col[7].u_pd/nfast_hit_latched_reg[5]/d
FAST_TAG_EXACT_ENDPOINT_D_PIN=u_core/gen_pd_row[2].gen_pd_col[7].u_pd/nfast_hit_latched_reg[6]/d
FAST_TAG_EXACT_ENDPOINT_D_PIN=u_core/gen_pd_row[3].gen_pd_col[0].u_pd/nfast_hit_latched_reg[0]/d
FAST_TAG_EXACT_ENDPOINT_D_PIN=u_core/gen_pd_row[3].gen_pd_col[0].u_pd/nfast_hit_latched_reg[5]/d
FAST_TAG_EXACT_ENDPOINT_D_PIN=u_core/gen_pd_row[3].gen_pd_col[0].u_pd/nfast_hit_latched_reg[6]/d
FAST_TAG_EXACT_ENDPOINT_D_PIN=u_core/gen_pd_row[3].gen_pd_col[1].u_pd/nfast_hit_latched_reg[0]/d
FAST_TAG_EXACT_ENDPOINT_D_PIN=u_core/gen_pd_row[3].gen_pd_col[1].u_pd/nfast_hit_latched_reg[5]/d
FAST_TAG_EXACT_ENDPOINT_D_PIN=u_core/gen_pd_row[3].gen_pd_col[1].u_pd/nfast_hit_latched_reg[6]/d
FAST_TAG_EXACT_ENDPOINT_D_PIN=u_core/gen_pd_row[3].gen_pd_col[2].u_pd/nfast_hit_latched_reg[0]/d
FAST_TAG_EXACT_ENDPOINT_D_PIN=u_core/gen_pd_row[3].gen_pd_col[2].u_pd/nfast_hit_latched_reg[5]/d
FAST_TAG_EXACT_ENDPOINT_D_PIN=u_core/gen_pd_row[3].gen_pd_col[2].u_pd/nfast_hit_latched_reg[6]/d
FAST_TAG_EXACT_ENDPOINT_D_PIN=u_core/gen_pd_row[3].gen_pd_col[3].u_pd/nfast_hit_latched_reg[0]/d
FAST_TAG_EXACT_ENDPOINT_D_PIN=u_core/gen_pd_row[3].gen_pd_col[3].u_pd/nfast_hit_latched_reg[5]/d
FAST_TAG_EXACT_ENDPOINT_D_PIN=u_core/gen_pd_row[3].gen_pd_col[3].u_pd/nfast_hit_latched_reg[6]/d
FAST_TAG_EXACT_ENDPOINT_D_PIN=u_core/gen_pd_row[3].gen_pd_col[4].u_pd/nfast_hit_latched_reg[0]/d
FAST_TAG_EXACT_ENDPOINT_D_PIN=u_core/gen_pd_row[3].gen_pd_col[4].u_pd/nfast_hit_latched_reg[5]/d
FAST_TAG_EXACT_ENDPOINT_D_PIN=u_core/gen_pd_row[3].gen_pd_col[4].u_pd/nfast_hit_latched_reg[6]/d
FAST_TAG_EXACT_ENDPOINT_D_PIN=u_core/gen_pd_row[3].gen_pd_col[5].u_pd/nfast_hit_latched_reg[0]/d
FAST_TAG_EXACT_ENDPOINT_D_PIN=u_core/gen_pd_row[3].gen_pd_col[5].u_pd/nfast_hit_latched_reg[5]/d
FAST_TAG_EXACT_ENDPOINT_D_PIN=u_core/gen_pd_row[3].gen_pd_col[5].u_pd/nfast_hit_latched_reg[6]/d
FAST_TAG_EXACT_ENDPOINT_D_PIN=u_core/gen_pd_row[3].gen_pd_col[6].u_pd/nfast_hit_latched_reg[0]/d
FAST_TAG_EXACT_ENDPOINT_D_PIN=u_core/gen_pd_row[3].gen_pd_col[6].u_pd/nfast_hit_latched_reg[5]/d
FAST_TAG_EXACT_ENDPOINT_D_PIN=u_core/gen_pd_row[3].gen_pd_col[6].u_pd/nfast_hit_latched_reg[6]/d
FAST_TAG_EXACT_ENDPOINT_D_PIN=u_core/gen_pd_row[3].gen_pd_col[7].u_pd/nfast_hit_latched_reg[0]/d
FAST_TAG_EXACT_ENDPOINT_D_PIN=u_core/gen_pd_row[3].gen_pd_col[7].u_pd/nfast_hit_latched_reg[5]/d
FAST_TAG_EXACT_ENDPOINT_D_PIN=u_core/gen_pd_row[3].gen_pd_col[7].u_pd/nfast_hit_latched_reg[6]/d
FAST_TAG_EXACT_ENDPOINT_D_PIN=u_core/gen_pd_row[4].gen_pd_col[0].u_pd/nfast_hit_latched_reg[0]/d
FAST_TAG_EXACT_ENDPOINT_D_PIN=u_core/gen_pd_row[4].gen_pd_col[0].u_pd/nfast_hit_latched_reg[5]/d
FAST_TAG_EXACT_ENDPOINT_D_PIN=u_core/gen_pd_row[4].gen_pd_col[0].u_pd/nfast_hit_latched_reg[6]/d
FAST_TAG_EXACT_ENDPOINT_D_PIN=u_core/gen_pd_row[4].gen_pd_col[1].u_pd/nfast_hit_latched_reg[0]/d
FAST_TAG_EXACT_ENDPOINT_D_PIN=u_core/gen_pd_row[4].gen_pd_col[1].u_pd/nfast_hit_latched_reg[5]/d
FAST_TAG_EXACT_ENDPOINT_D_PIN=u_core/gen_pd_row[4].gen_pd_col[1].u_pd/nfast_hit_latched_reg[6]/d
FAST_TAG_EXACT_ENDPOINT_D_PIN=u_core/gen_pd_row[4].gen_pd_col[2].u_pd/nfast_hit_latched_reg[0]/d
FAST_TAG_EXACT_ENDPOINT_D_PIN=u_core/gen_pd_row[4].gen_pd_col[2].u_pd/nfast_hit_latched_reg[5]/d
FAST_TAG_EXACT_ENDPOINT_D_PIN=u_core/gen_pd_row[4].gen_pd_col[2].u_pd/nfast_hit_latched_reg[6]/d
FAST_TAG_EXACT_ENDPOINT_D_PIN=u_core/gen_pd_row[4].gen_pd_col[3].u_pd/nfast_hit_latched_reg[0]/d
FAST_TAG_EXACT_ENDPOINT_D_PIN=u_core/gen_pd_row[4].gen_pd_col[3].u_pd/nfast_hit_latched_reg[5]/d
FAST_TAG_EXACT_ENDPOINT_D_PIN=u_core/gen_pd_row[4].gen_pd_col[3].u_pd/nfast_hit_latched_reg[6]/d
FAST_TAG_EXACT_ENDPOINT_D_PIN=u_core/gen_pd_row[4].gen_pd_col[4].u_pd/nfast_hit_latched_reg[0]/d
FAST_TAG_EXACT_ENDPOINT_D_PIN=u_core/gen_pd_row[4].gen_pd_col[4].u_pd/nfast_hit_latched_reg[5]/d
FAST_TAG_EXACT_ENDPOINT_D_PIN=u_core/gen_pd_row[4].gen_pd_col[4].u_pd/nfast_hit_latched_reg[6]/d
FAST_TAG_EXACT_ENDPOINT_D_PIN=u_core/gen_pd_row[4].gen_pd_col[5].u_pd/nfast_hit_latched_reg[0]/d
FAST_TAG_EXACT_ENDPOINT_D_PIN=u_core/gen_pd_row[4].gen_pd_col[5].u_pd/nfast_hit_latched_reg[5]/d
FAST_TAG_EXACT_ENDPOINT_D_PIN=u_core/gen_pd_row[4].gen_pd_col[5].u_pd/nfast_hit_latched_reg[6]/d
FAST_TAG_EXACT_ENDPOINT_D_PIN=u_core/gen_pd_row[4].gen_pd_col[6].u_pd/nfast_hit_latched_reg[0]/d
FAST_TAG_EXACT_ENDPOINT_D_PIN=u_core/gen_pd_row[4].gen_pd_col[6].u_pd/nfast_hit_latched_reg[5]/d
FAST_TAG_EXACT_ENDPOINT_D_PIN=u_core/gen_pd_row[4].gen_pd_col[6].u_pd/nfast_hit_latched_reg[6]/d
FAST_TAG_EXACT_ENDPOINT_D_PIN=u_core/gen_pd_row[4].gen_pd_col[7].u_pd/nfast_hit_latched_reg[0]/d
FAST_TAG_EXACT_ENDPOINT_D_PIN=u_core/gen_pd_row[4].gen_pd_col[7].u_pd/nfast_hit_latched_reg[5]/d
FAST_TAG_EXACT_ENDPOINT_D_PIN=u_core/gen_pd_row[4].gen_pd_col[7].u_pd/nfast_hit_latched_reg[6]/d
FAST_TAG_EXACT_ENDPOINT_D_PIN=u_core/gen_pd_row[5].gen_pd_col[0].u_pd/nfast_hit_latched_reg[0]/d
FAST_TAG_EXACT_ENDPOINT_D_PIN=u_core/gen_pd_row[5].gen_pd_col[0].u_pd/nfast_hit_latched_reg[5]/d
FAST_TAG_EXACT_ENDPOINT_D_PIN=u_core/gen_pd_row[5].gen_pd_col[0].u_pd/nfast_hit_latched_reg[6]/d
FAST_TAG_EXACT_ENDPOINT_D_PIN=u_core/gen_pd_row[5].gen_pd_col[1].u_pd/nfast_hit_latched_reg[0]/d
FAST_TAG_EXACT_ENDPOINT_D_PIN=u_core/gen_pd_row[5].gen_pd_col[1].u_pd/nfast_hit_latched_reg[5]/d
FAST_TAG_EXACT_ENDPOINT_D_PIN=u_core/gen_pd_row[5].gen_pd_col[1].u_pd/nfast_hit_latched_reg[6]/d
FAST_TAG_EXACT_ENDPOINT_D_PIN=u_core/gen_pd_row[5].gen_pd_col[2].u_pd/nfast_hit_latched_reg[0]/d
FAST_TAG_EXACT_ENDPOINT_D_PIN=u_core/gen_pd_row[5].gen_pd_col[2].u_pd/nfast_hit_latched_reg[5]/d
FAST_TAG_EXACT_ENDPOINT_D_PIN=u_core/gen_pd_row[5].gen_pd_col[2].u_pd/nfast_hit_latched_reg[6]/d
FAST_TAG_EXACT_ENDPOINT_D_PIN=u_core/gen_pd_row[5].gen_pd_col[3].u_pd/nfast_hit_latched_reg[0]/d
FAST_TAG_EXACT_ENDPOINT_D_PIN=u_core/gen_pd_row[5].gen_pd_col[3].u_pd/nfast_hit_latched_reg[5]/d
FAST_TAG_EXACT_ENDPOINT_D_PIN=u_core/gen_pd_row[5].gen_pd_col[3].u_pd/nfast_hit_latched_reg[6]/d
FAST_TAG_EXACT_ENDPOINT_D_PIN=u_core/gen_pd_row[5].gen_pd_col[4].u_pd/nfast_hit_latched_reg[0]/d
FAST_TAG_EXACT_ENDPOINT_D_PIN=u_core/gen_pd_row[5].gen_pd_col[4].u_pd/nfast_hit_latched_reg[5]/d
FAST_TAG_EXACT_ENDPOINT_D_PIN=u_core/gen_pd_row[5].gen_pd_col[4].u_pd/nfast_hit_latched_reg[6]/d
FAST_TAG_EXACT_ENDPOINT_D_PIN=u_core/gen_pd_row[5].gen_pd_col[5].u_pd/nfast_hit_latched_reg[0]/d
FAST_TAG_EXACT_ENDPOINT_D_PIN=u_core/gen_pd_row[5].gen_pd_col[5].u_pd/nfast_hit_latched_reg[5]/d
FAST_TAG_EXACT_ENDPOINT_D_PIN=u_core/gen_pd_row[5].gen_pd_col[5].u_pd/nfast_hit_latched_reg[6]/d
FAST_TAG_EXACT_ENDPOINT_D_PIN=u_core/gen_pd_row[5].gen_pd_col[6].u_pd/nfast_hit_latched_reg[0]/d
FAST_TAG_EXACT_ENDPOINT_D_PIN=u_core/gen_pd_row[5].gen_pd_col[6].u_pd/nfast_hit_latched_reg[5]/d
FAST_TAG_EXACT_ENDPOINT_D_PIN=u_core/gen_pd_row[5].gen_pd_col[6].u_pd/nfast_hit_latched_reg[6]/d
FAST_TAG_EXACT_ENDPOINT_D_PIN=u_core/gen_pd_row[5].gen_pd_col[7].u_pd/nfast_hit_latched_reg[0]/d
FAST_TAG_EXACT_ENDPOINT_D_PIN=u_core/gen_pd_row[5].gen_pd_col[7].u_pd/nfast_hit_latched_reg[5]/d
FAST_TAG_EXACT_ENDPOINT_D_PIN=u_core/gen_pd_row[5].gen_pd_col[7].u_pd/nfast_hit_latched_reg[6]/d
FAST_TAG_EXACT_ENDPOINT_D_PIN=u_core/gen_pd_row[6].gen_pd_col[0].u_pd/nfast_hit_latched_reg[0]/d
FAST_TAG_EXACT_ENDPOINT_D_PIN=u_core/gen_pd_row[6].gen_pd_col[0].u_pd/nfast_hit_latched_reg[5]/d
FAST_TAG_EXACT_ENDPOINT_D_PIN=u_core/gen_pd_row[6].gen_pd_col[0].u_pd/nfast_hit_latched_reg[6]/d
FAST_TAG_EXACT_ENDPOINT_D_PIN=u_core/gen_pd_row[6].gen_pd_col[1].u_pd/nfast_hit_latched_reg[0]/d
FAST_TAG_EXACT_ENDPOINT_D_PIN=u_core/gen_pd_row[6].gen_pd_col[1].u_pd/nfast_hit_latched_reg[5]/d
FAST_TAG_EXACT_ENDPOINT_D_PIN=u_core/gen_pd_row[6].gen_pd_col[1].u_pd/nfast_hit_latched_reg[6]/d
FAST_TAG_EXACT_ENDPOINT_D_PIN=u_core/gen_pd_row[6].gen_pd_col[2].u_pd/nfast_hit_latched_reg[0]/d
FAST_TAG_EXACT_ENDPOINT_D_PIN=u_core/gen_pd_row[6].gen_pd_col[2].u_pd/nfast_hit_latched_reg[5]/d
FAST_TAG_EXACT_ENDPOINT_D_PIN=u_core/gen_pd_row[6].gen_pd_col[2].u_pd/nfast_hit_latched_reg[6]/d
FAST_TAG_EXACT_ENDPOINT_D_PIN=u_core/gen_pd_row[6].gen_pd_col[3].u_pd/nfast_hit_latched_reg[0]/d
FAST_TAG_EXACT_ENDPOINT_D_PIN=u_core/gen_pd_row[6].gen_pd_col[3].u_pd/nfast_hit_latched_reg[5]/d
FAST_TAG_EXACT_ENDPOINT_D_PIN=u_core/gen_pd_row[6].gen_pd_col[3].u_pd/nfast_hit_latched_reg[6]/d
FAST_TAG_EXACT_ENDPOINT_D_PIN=u_core/gen_pd_row[6].gen_pd_col[4].u_pd/nfast_hit_latched_reg[0]/d
FAST_TAG_EXACT_ENDPOINT_D_PIN=u_core/gen_pd_row[6].gen_pd_col[4].u_pd/nfast_hit_latched_reg[5]/d
FAST_TAG_EXACT_ENDPOINT_D_PIN=u_core/gen_pd_row[6].gen_pd_col[4].u_pd/nfast_hit_latched_reg[6]/d
FAST_TAG_EXACT_ENDPOINT_D_PIN=u_core/gen_pd_row[6].gen_pd_col[5].u_pd/nfast_hit_latched_reg[0]/d
FAST_TAG_EXACT_ENDPOINT_D_PIN=u_core/gen_pd_row[6].gen_pd_col[5].u_pd/nfast_hit_latched_reg[5]/d
FAST_TAG_EXACT_ENDPOINT_D_PIN=u_core/gen_pd_row[6].gen_pd_col[5].u_pd/nfast_hit_latched_reg[6]/d
FAST_TAG_EXACT_ENDPOINT_D_PIN=u_core/gen_pd_row[6].gen_pd_col[6].u_pd/nfast_hit_latched_reg[0]/d
FAST_TAG_EXACT_ENDPOINT_D_PIN=u_core/gen_pd_row[6].gen_pd_col[6].u_pd/nfast_hit_latched_reg[5]/d
FAST_TAG_EXACT_ENDPOINT_D_PIN=u_core/gen_pd_row[6].gen_pd_col[6].u_pd/nfast_hit_latched_reg[6]/d
FAST_TAG_EXACT_ENDPOINT_D_PIN=u_core/gen_pd_row[6].gen_pd_col[7].u_pd/nfast_hit_latched_reg[0]/d
FAST_TAG_EXACT_ENDPOINT_D_PIN=u_core/gen_pd_row[6].gen_pd_col[7].u_pd/nfast_hit_latched_reg[5]/d
FAST_TAG_EXACT_ENDPOINT_D_PIN=u_core/gen_pd_row[6].gen_pd_col[7].u_pd/nfast_hit_latched_reg[6]/d
FAST_TAG_EXACT_ENDPOINT_D_PIN=u_core/gen_pd_row[7].gen_pd_col[0].u_pd/nfast_hit_latched_reg[0]/d
FAST_TAG_EXACT_ENDPOINT_D_PIN=u_core/gen_pd_row[7].gen_pd_col[0].u_pd/nfast_hit_latched_reg[5]/d
FAST_TAG_EXACT_ENDPOINT_D_PIN=u_core/gen_pd_row[7].gen_pd_col[0].u_pd/nfast_hit_latched_reg[6]/d
FAST_TAG_EXACT_ENDPOINT_D_PIN=u_core/gen_pd_row[7].gen_pd_col[1].u_pd/nfast_hit_latched_reg[0]/d
FAST_TAG_EXACT_ENDPOINT_D_PIN=u_core/gen_pd_row[7].gen_pd_col[1].u_pd/nfast_hit_latched_reg[5]/d
FAST_TAG_EXACT_ENDPOINT_D_PIN=u_core/gen_pd_row[7].gen_pd_col[1].u_pd/nfast_hit_latched_reg[6]/d
FAST_TAG_EXACT_ENDPOINT_D_PIN=u_core/gen_pd_row[7].gen_pd_col[2].u_pd/nfast_hit_latched_reg[0]/d
FAST_TAG_EXACT_ENDPOINT_D_PIN=u_core/gen_pd_row[7].gen_pd_col[2].u_pd/nfast_hit_latched_reg[5]/d
FAST_TAG_EXACT_ENDPOINT_D_PIN=u_core/gen_pd_row[7].gen_pd_col[2].u_pd/nfast_hit_latched_reg[6]/d
FAST_TAG_EXACT_ENDPOINT_D_PIN=u_core/gen_pd_row[7].gen_pd_col[3].u_pd/nfast_hit_latched_reg[0]/d
FAST_TAG_EXACT_ENDPOINT_D_PIN=u_core/gen_pd_row[7].gen_pd_col[3].u_pd/nfast_hit_latched_reg[5]/d
FAST_TAG_EXACT_ENDPOINT_D_PIN=u_core/gen_pd_row[7].gen_pd_col[3].u_pd/nfast_hit_latched_reg[6]/d
FAST_TAG_EXACT_ENDPOINT_D_PIN=u_core/gen_pd_row[7].gen_pd_col[4].u_pd/nfast_hit_latched_reg[0]/d
FAST_TAG_EXACT_ENDPOINT_D_PIN=u_core/gen_pd_row[7].gen_pd_col[4].u_pd/nfast_hit_latched_reg[5]/d
FAST_TAG_EXACT_ENDPOINT_D_PIN=u_core/gen_pd_row[7].gen_pd_col[4].u_pd/nfast_hit_latched_reg[6]/d
FAST_TAG_EXACT_ENDPOINT_D_PIN=u_core/gen_pd_row[7].gen_pd_col[5].u_pd/nfast_hit_latched_reg[0]/d
FAST_TAG_EXACT_ENDPOINT_D_PIN=u_core/gen_pd_row[7].gen_pd_col[5].u_pd/nfast_hit_latched_reg[5]/d
FAST_TAG_EXACT_ENDPOINT_D_PIN=u_core/gen_pd_row[7].gen_pd_col[5].u_pd/nfast_hit_latched_reg[6]/d
FAST_TAG_EXACT_ENDPOINT_D_PIN=u_core/gen_pd_row[7].gen_pd_col[6].u_pd/nfast_hit_latched_reg[0]/d
FAST_TAG_EXACT_ENDPOINT_D_PIN=u_core/gen_pd_row[7].gen_pd_col[6].u_pd/nfast_hit_latched_reg[5]/d
FAST_TAG_EXACT_ENDPOINT_D_PIN=u_core/gen_pd_row[7].gen_pd_col[6].u_pd/nfast_hit_latched_reg[6]/d
FAST_TAG_EXACT_ENDPOINT_D_PIN=u_core/gen_pd_row[7].gen_pd_col[7].u_pd/nfast_hit_latched_reg[0]/d
FAST_TAG_EXACT_ENDPOINT_D_PIN=u_core/gen_pd_row[7].gen_pd_col[7].u_pd/nfast_hit_latched_reg[5]/d
FAST_TAG_EXACT_ENDPOINT_D_PIN=u_core/gen_pd_row[7].gen_pd_col[7].u_pd/nfast_hit_latched_reg[6]/d
FAST_TAG_EXACT_Q_SET_MAX_FANOUT=SKIPPED_EXACT_COUNTS_MISMATCH
FAST_TAG_EXACT_Q_SET_MAX_TRANSITION=SKIPPED_EXACT_COUNTS_MISMATCH
FAST_TAG_EXACT_D_SET_MAX_TRANSITION=SKIPPED_ENDPOINT_TRANSITION_TIGHT_DISABLED
FAST_TAG_EXACT_GROUP_PATH_RESULT=SKIPPED
FAST_TAG_EXACT_C_TO_D_SET_MAX_DELAY_NS=1.333
FAST_TAG_EXACT_C_TO_D_SET_MAX_DELAY_RESULT=SKIPPED_EXACT_MAX_DELAY_DISABLED
FAST_TAG_EXACT_MAX_DELAY_CONSTRAINT_MODE=SKIPPED:SKIPPED
FAST_TAG_EXACT_SOURCE_CELL_TARGET=
FAST_TAG_EXACT_SOURCE_CELL_REQUESTED=NO
FAST_TAG_EXACT_SOURCE_CELL_LIB_CELLS_FOUND=0
FAST_TAG_EXACT_SOURCE_CELL_COUNT=0
FAST_TAG_EXACT_SOURCE_CELL_TARGET_COUNT=0
FAST_TAG_EXACT_SOURCE_CELL_METHOD=SKIPPED
FAST_TAG_EXACT_SOURCE_CELL_RESULT=SKIPPED_SOURCE_CELL_NOT_REQUESTED
FAST_TAG_EXACT_SOURCE_CELL_MODE=SINGLE_TARGET
FAST_TAG_EXACT_RESET0_SOURCE_COUNT=0
FAST_TAG_EXACT_SET1_SOURCE_COUNT=0
FAST_TAG_EXACT_SOURCE_UNSUPPORTED_POLARITY_COUNT=0
FAST_TAG_EXACT_SELECTED_RESET0_TARGET=NA
FAST_TAG_EXACT_SELECTED_SET1_TARGET=NA
FAST_TAG_EXACT_DFRRQHDX4_TARGET_COUNT=0
FAST_TAG_EXACT_DFRSQHDX4_TARGET_COUNT=0
FAST_TAG_EXACT_DFRSQHDX2_TARGET_COUNT=0
FAST_TAG_EXACT_DFRRQJIHDX4_TARGET_COUNT=0
FAST_TAG_EXACT_DFRSJIHDX4_TARGET_COUNT=0
FAST_TAG_EXACT_DFRSJIHDX2_TARGET_COUNT=0
FAST_TAG_EXACT_SOURCE_POLARITY_PRESERVED_COUNT=0
FAST_TAG_EXACT_SOURCE_POLARITY_FAILED_COUNT=0
FAST_TAG_EXACT_SOURCE_FREEZE_RESULT=SKIPPED
PD_LOCAL_ON22_REPAIR_ENABLE=1
PD_LOCAL_ON22_APPLY_REPAIR=1
PD_LOCAL_ON22_SOURCE_CELL=ON22JIHDX0
PD_LOCAL_ON22_ALLOW_X2=0
PD_LOCAL_ON22_REQUESTED_TARGET_CELLS=ON22JIHDX1,ON22JIHDX2
PD_LOCAL_ON22_TARGET_CELLS=ON22JIHDX1
PD_LOCAL_ON22_SELECTED_TARGET=ON22JIHDX1
PD_LOCAL_ON22_TARGET_LIB_CELLS_FOUND=1
PD_LOCAL_ON22_ENDPOINTS_EXPECTED=448
PD_LOCAL_ON22_ENDPOINTS_FOUND=448
PD_LOCAL_ON22_TIMING_ON22_ROWS_FOUND=0
PD_LOCAL_ON22_TIMING_ON22_LOCAL_ROWS_FOUND=0
PD_LOCAL_ON22_TIMING_UNIQUE_ON22_INSTANCES_FOUND=0
PD_LOCAL_ON22_TIMING_RESOLVED_ON22_INSTANCES_FOUND=0
PD_LOCAL_ON22_SOURCE_DRIVERS_EXPECTED=AUTO
PD_LOCAL_ON22_SOURCE_DRIVERS_FOUND=0
PD_LOCAL_ON22_SOURCE_CELLS_EXPECTED=AUTO
PD_LOCAL_ON22_SOURCE_CELLS_FOUND=0
PD_LOCAL_ON22_UNRESOLVED_CELLS=0
PD_LOCAL_ON22_CHANGED_CELLS=0
PD_LOCAL_ON22_TARGET_CELLS_FOUND=0
PD_LOCAL_ON22_REPAIR_RESULT=SKIPPED_UNTIL_POST_MAP_PRE_OPT
PD_LOCAL_ON22_OVERMATCH=NO
PD_LOCAL_ON22_UNDERMATCH=YES
PD_LOCAL_ON22_STATUS=REVIEW_REQUIRED
PD_LOCAL_ON22_REVIEW_REASON=SKIPPED_UNTIL_POST_MAP_PRE_OPT,UNDERMATCH,COUNT_MISMATCH
PD_LOCAL_ON22_DISCOVERY_MODE=TIMING_REPORT
PD_LOCAL_ON22_TIMING_MAX_PATHS=1000

# FINAL_TYPICAL_GENUS_REPAIR_1
STAGE=post_map_pre_opt
FAST_TAG_PD_REPAIR=1
DRV_TRANSITION_REPAIR=0
REPAIR4_EXACT_FAST_TAG_SOURCE_DRIVE=true
REPAIR5_EXACT_FAST_TAG_CLOSE=true
REPAIR6_LOCALTAG_PRESERVE_CLOSE=0
REPAIR7_POLARITY_AWARE_FAST_TAG_SOURCE_UPGRADE=0
REPAIR8_JIHD_EXACT_FAST_TAG_CLOSE=1
PD_HIT_TO_NFAST_LOCAL_REPAIR=0
PD_HIT_TO_NFAST_LOCAL_BITS=0,1,2,3,4,5,6
PD_HIT_TO_NFAST_LOCAL_MAX_DELAY_NS=0
PD_HIT_TO_NFAST_LOCAL_MAX_TRANSITION_NS=0
PD_HIT_TO_NFAST_LOCAL_SOURCES_EXPECTED=64
PD_HIT_TO_NFAST_LOCAL_ENDPOINTS_EXPECTED=448
PD_LOCAL_ON22_REPAIR=1
PD_LOCAL_ON22_SOURCE_CELL=ON22JIHDX0
PD_LOCAL_ON22_TARGET_CELLS=ON22JIHDX1,ON22JIHDX2
PD_LOCAL_ON22_EXPECTED_ENDPOINTS=448
PD_LOCAL_ON22_EXPECTED_DRIVERS=AUTO
PD_LOCAL_ON22_EXPECTED_CELLS=AUTO
PD_LOCAL_ON22_DISCOVERY_MODE=TIMING_REPORT
PD_LOCAL_ON22_TIMING_MAX_PATHS=1000
PD_LOCAL_ON22_APPLY_REPAIR=1
PD_LOCAL_ON22_ALLOW_X2=0
STRONG_FAST_TAG_FLOPS=0
STRONG_CONTROL_DRV=0
CONTROL_CELL_BIAS_STAGE=none
CONTROL_AVOID_INHDX8=0
EXACT_CONTROL_ROOT_REPAIR=0
EXACT_CONTROL_ROOT_MIN_FANOUT=64
EXACT_CONTROL_ROOT_REQUIRE_PD_SINKS=false
EXACT_CONTROL_ROOT_ALLOW_RESET_ROOTS=true
EXACT_CONTROL_ROOT_DRIVER_REGEX=
EXACT_CONTROL_ROOT_NET_REGEX=
EXACT_CONTROL_ROOT_MAX_ROOTS=0
FAST_TAG_APPLY_Q_CONSTRAINTS=false
CONTROL_APPLY_BROAD_NETS=0
FAST_TAG_MAX_FANOUT=16
FAST_TAG_MAX_TRANSITION_NS=0.50
FAST_TAG_EXACT_DATA_PATHS=true
FAST_TAG_EXACT_TAPS=0,1,2,3,4,5,6,7
FAST_TAG_EXACT_BITS=0,5,6
FAST_TAG_EXACT_MAX_FANOUT=2
FAST_TAG_EXACT_MAX_TRANSITION_NS=0.50
FAST_TAG_EXACT_MAX_DELAY_NS=1.333
FAST_TAG_EXACT_ENABLE_MAX_DELAY=1
FAST_TAG_EXACT_SOURCE_CELL=
FAST_TAG_EXACT_SOURCE_CELL_MODE=
ENDPOINT_TRANSITION_TIGHT=false
CONTROL_MAX_FANOUT=16
CONTROL_MAX_TRANSITION_NS=0.50
APPLY_DESIGN_DRV_REPAIR=0
TIMESTAMP=2026-07-06 14:20:59 CEST
FAST_TAG_PATH_MATCHED_CELLS=56
FAST_TAG_PATH_DONT_TOUCH_RELEASE=set_dont_touch: set_db_dont_touch:56 false set_db_preserve:56 false
NFAST_CAPTURE_PATH_DONT_TOUCH_RELEASE=SKIPPED_PRESERVE_PD_FABRIC
FAST_TAG_SOURCE_FLOP_CANDIDATES_LIB_CELLS=10
FAST_TAG_SOURCE_FLOP_CANDIDATES_LIB_CELL=D_CELLS_JIHD_LPMOS_typ_1_80V_25C/DFRRQJIHDX4 avoid:1 false dont_use:1 false
FAST_TAG_SOURCE_FLOP_CANDIDATES_LIB_CELL=D_CELLS_JIHD_LPMOS_typ_1_80V_25C/SDFRRQJIHDX4 avoid:1 false dont_use:1 false
FAST_TAG_SOURCE_FLOP_CANDIDATES_LIB_CELL=D_CELLS_JIHD_LPMOS_typ_1_80V_25C/DFRRQJIHDX2 avoid:1 false dont_use:1 false
FAST_TAG_SOURCE_FLOP_CANDIDATES_LIB_CELL=D_CELLS_JIHD_LPMOS_typ_1_80V_25C/SDFRRQJIHDX2 avoid:1 false dont_use:1 false
FAST_TAG_SOURCE_FLOP_CANDIDATES_LIB_CELL=D_CELLS_JIHD_LPMOS_typ_1_80V_25C/DFRJIHDX4 avoid:1 false dont_use:1 false
FAST_TAG_SOURCE_FLOP_CANDIDATES_LIB_CELL=D_CELLS_JIHD_LPMOS_typ_1_80V_25C/SDFRJIHDX4 avoid:1 false dont_use:1 false
FAST_TAG_SOURCE_FLOP_CANDIDATES_LIB_CELL=D_CELLS_JIHD_LPMOS_typ_1_80V_25C/DFRJIHDX2 avoid:1 false dont_use:1 false
FAST_TAG_SOURCE_FLOP_CANDIDATES_LIB_CELL=D_CELLS_JIHD_LPMOS_typ_1_80V_25C/SDFRJIHDX2 avoid:1 false dont_use:1 false
FAST_TAG_SOURCE_FLOP_CANDIDATES_LIB_CELL=D_CELLS_JIHD_LPMOS_typ_1_80V_25C/DFRSJIHDX2 avoid:1 false dont_use:1 false
FAST_TAG_SOURCE_FLOP_CANDIDATES_LIB_CELL=D_CELLS_JIHD_LPMOS_typ_1_80V_25C/SDFRSJIHDX2 avoid:1 false dont_use:1 false
FAST_TAG_Q_PINS=56
FAST_TAG_C_PINS=56
NFAST_CAPTURE_D_PINS=448
FAST_TAG_Q_SET_MAX_FANOUT=SKIPPED_FAST_TAG_Q_CONSTRAINTS_DISABLED
FAST_TAG_Q_SET_MAX_TRANSITION=SKIPPED_FAST_TAG_Q_CONSTRAINTS_DISABLED
FAST_TAG_C_SET_CRITICAL_RANGE_0P050=NOT_SUPPORTED_BY_THIS_GENUS_VERSION
FAST_TAG_EXACT_SOURCE_Q_PINS=24
FAST_TAG_EXACT_SOURCE_C_PINS=24
FAST_TAG_EXACT_ENDPOINT_D_PINS=192
FAST_TAG_EXACT_SOURCES_EXPECTED=24
FAST_TAG_EXACT_SOURCES_FOUND=24
FAST_TAG_EXACT_ENDPOINTS_EXPECTED=192
FAST_TAG_EXACT_ENDPOINTS_FOUND=192
FAST_TAG_EXACT_PATH_PAIRS_EXPECTED=192
FAST_TAG_EXACT_PATH_PAIRS_FOUND=192
FAST_TAG_EXACT_SOURCE_Q_PIN=u_core_gen_fast_tag_col[0].u_fast_tag_tag_o_reg[5]/Q
FAST_TAG_EXACT_SOURCE_Q_PIN=u_core_gen_fast_tag_col[0].u_fast_tag_tag_o_reg[6]/Q
FAST_TAG_EXACT_SOURCE_Q_PIN=u_core_gen_fast_tag_col[1].u_fast_tag_tag_o_reg[5]/Q
FAST_TAG_EXACT_SOURCE_Q_PIN=u_core_gen_fast_tag_col[1].u_fast_tag_tag_o_reg[6]/Q
FAST_TAG_EXACT_SOURCE_Q_PIN=u_core_gen_fast_tag_col[2].u_fast_tag_tag_o_reg[5]/Q
FAST_TAG_EXACT_SOURCE_Q_PIN=u_core_gen_fast_tag_col[2].u_fast_tag_tag_o_reg[6]/Q
FAST_TAG_EXACT_SOURCE_Q_PIN=u_core_gen_fast_tag_col[3].u_fast_tag_tag_o_reg[5]/Q
FAST_TAG_EXACT_SOURCE_Q_PIN=u_core_gen_fast_tag_col[3].u_fast_tag_tag_o_reg[6]/Q
FAST_TAG_EXACT_SOURCE_Q_PIN=u_core_gen_fast_tag_col[4].u_fast_tag_tag_o_reg[5]/Q
FAST_TAG_EXACT_SOURCE_Q_PIN=u_core_gen_fast_tag_col[4].u_fast_tag_tag_o_reg[6]/Q
FAST_TAG_EXACT_SOURCE_Q_PIN=u_core_gen_fast_tag_col[5].u_fast_tag_tag_o_reg[5]/Q
FAST_TAG_EXACT_SOURCE_Q_PIN=u_core_gen_fast_tag_col[5].u_fast_tag_tag_o_reg[6]/Q
FAST_TAG_EXACT_SOURCE_Q_PIN=u_core_gen_fast_tag_col[6].u_fast_tag_tag_o_reg[5]/Q
FAST_TAG_EXACT_SOURCE_Q_PIN=u_core_gen_fast_tag_col[6].u_fast_tag_tag_o_reg[6]/Q
FAST_TAG_EXACT_SOURCE_Q_PIN=u_core_gen_fast_tag_col[7].u_fast_tag_tag_o_reg[5]/Q
FAST_TAG_EXACT_SOURCE_Q_PIN=u_core_gen_fast_tag_col[7].u_fast_tag_tag_o_reg[6]/Q
FAST_TAG_EXACT_SOURCE_Q_PIN=u_core_gen_fast_tag_col[0].u_fast_tag_tag_o_reg[0]/Q
FAST_TAG_EXACT_SOURCE_Q_PIN=u_core_gen_fast_tag_col[1].u_fast_tag_tag_o_reg[0]/Q
FAST_TAG_EXACT_SOURCE_Q_PIN=u_core_gen_fast_tag_col[2].u_fast_tag_tag_o_reg[0]/Q
FAST_TAG_EXACT_SOURCE_Q_PIN=u_core_gen_fast_tag_col[3].u_fast_tag_tag_o_reg[0]/Q
FAST_TAG_EXACT_SOURCE_Q_PIN=u_core_gen_fast_tag_col[4].u_fast_tag_tag_o_reg[0]/Q
FAST_TAG_EXACT_SOURCE_Q_PIN=u_core_gen_fast_tag_col[5].u_fast_tag_tag_o_reg[0]/Q
FAST_TAG_EXACT_SOURCE_Q_PIN=u_core_gen_fast_tag_col[6].u_fast_tag_tag_o_reg[0]/Q
FAST_TAG_EXACT_SOURCE_Q_PIN=u_core_gen_fast_tag_col[7].u_fast_tag_tag_o_reg[0]/Q
FAST_TAG_EXACT_ENDPOINT_D_PIN=u_core_gen_pd_row[0].gen_pd_col[0].u_pd/nfast_hit_latched_reg[0]/D
FAST_TAG_EXACT_ENDPOINT_D_PIN=u_core_gen_pd_row[0].gen_pd_col[0].u_pd/nfast_hit_latched_reg[5]/D
FAST_TAG_EXACT_ENDPOINT_D_PIN=u_core_gen_pd_row[0].gen_pd_col[0].u_pd/nfast_hit_latched_reg[6]/D
FAST_TAG_EXACT_ENDPOINT_D_PIN=u_core_gen_pd_row[0].gen_pd_col[1].u_pd/nfast_hit_latched_reg[0]/D
FAST_TAG_EXACT_ENDPOINT_D_PIN=u_core_gen_pd_row[0].gen_pd_col[1].u_pd/nfast_hit_latched_reg[5]/D
FAST_TAG_EXACT_ENDPOINT_D_PIN=u_core_gen_pd_row[0].gen_pd_col[1].u_pd/nfast_hit_latched_reg[6]/D
FAST_TAG_EXACT_ENDPOINT_D_PIN=u_core_gen_pd_row[0].gen_pd_col[2].u_pd/nfast_hit_latched_reg[0]/D
FAST_TAG_EXACT_ENDPOINT_D_PIN=u_core_gen_pd_row[0].gen_pd_col[2].u_pd/nfast_hit_latched_reg[5]/D
FAST_TAG_EXACT_ENDPOINT_D_PIN=u_core_gen_pd_row[0].gen_pd_col[2].u_pd/nfast_hit_latched_reg[6]/D
FAST_TAG_EXACT_ENDPOINT_D_PIN=u_core_gen_pd_row[0].gen_pd_col[3].u_pd/nfast_hit_latched_reg[0]/D
FAST_TAG_EXACT_ENDPOINT_D_PIN=u_core_gen_pd_row[0].gen_pd_col[3].u_pd/nfast_hit_latched_reg[5]/D
FAST_TAG_EXACT_ENDPOINT_D_PIN=u_core_gen_pd_row[0].gen_pd_col[3].u_pd/nfast_hit_latched_reg[6]/D
FAST_TAG_EXACT_ENDPOINT_D_PIN=u_core_gen_pd_row[0].gen_pd_col[4].u_pd/nfast_hit_latched_reg[0]/D
FAST_TAG_EXACT_ENDPOINT_D_PIN=u_core_gen_pd_row[0].gen_pd_col[4].u_pd/nfast_hit_latched_reg[6]/D
FAST_TAG_EXACT_ENDPOINT_D_PIN=u_core_gen_pd_row[0].gen_pd_col[4].u_pd/nfast_hit_latched_reg[5]/D
FAST_TAG_EXACT_ENDPOINT_D_PIN=u_core_gen_pd_row[0].gen_pd_col[5].u_pd/nfast_hit_latched_reg[0]/D
FAST_TAG_EXACT_ENDPOINT_D_PIN=u_core_gen_pd_row[0].gen_pd_col[5].u_pd/nfast_hit_latched_reg[5]/D
FAST_TAG_EXACT_ENDPOINT_D_PIN=u_core_gen_pd_row[0].gen_pd_col[5].u_pd/nfast_hit_latched_reg[6]/D
FAST_TAG_EXACT_ENDPOINT_D_PIN=u_core_gen_pd_row[0].gen_pd_col[6].u_pd/nfast_hit_latched_reg[0]/D
FAST_TAG_EXACT_ENDPOINT_D_PIN=u_core_gen_pd_row[0].gen_pd_col[6].u_pd/nfast_hit_latched_reg[6]/D
FAST_TAG_EXACT_ENDPOINT_D_PIN=u_core_gen_pd_row[0].gen_pd_col[6].u_pd/nfast_hit_latched_reg[5]/D
FAST_TAG_EXACT_ENDPOINT_D_PIN=u_core_gen_pd_row[0].gen_pd_col[7].u_pd/nfast_hit_latched_reg[0]/D
FAST_TAG_EXACT_ENDPOINT_D_PIN=u_core_gen_pd_row[0].gen_pd_col[7].u_pd/nfast_hit_latched_reg[5]/D
FAST_TAG_EXACT_ENDPOINT_D_PIN=u_core_gen_pd_row[0].gen_pd_col[7].u_pd/nfast_hit_latched_reg[6]/D
FAST_TAG_EXACT_ENDPOINT_D_PIN=u_core_gen_pd_row[1].gen_pd_col[0].u_pd/nfast_hit_latched_reg[0]/D
FAST_TAG_EXACT_ENDPOINT_D_PIN=u_core_gen_pd_row[1].gen_pd_col[0].u_pd/nfast_hit_latched_reg[5]/D
FAST_TAG_EXACT_ENDPOINT_D_PIN=u_core_gen_pd_row[1].gen_pd_col[0].u_pd/nfast_hit_latched_reg[6]/D
FAST_TAG_EXACT_ENDPOINT_D_PIN=u_core_gen_pd_row[1].gen_pd_col[1].u_pd/nfast_hit_latched_reg[0]/D
FAST_TAG_EXACT_ENDPOINT_D_PIN=u_core_gen_pd_row[1].gen_pd_col[1].u_pd/nfast_hit_latched_reg[6]/D
FAST_TAG_EXACT_ENDPOINT_D_PIN=u_core_gen_pd_row[1].gen_pd_col[1].u_pd/nfast_hit_latched_reg[5]/D
FAST_TAG_EXACT_ENDPOINT_D_PIN=u_core_gen_pd_row[1].gen_pd_col[2].u_pd/nfast_hit_latched_reg[0]/D
FAST_TAG_EXACT_ENDPOINT_D_PIN=u_core_gen_pd_row[1].gen_pd_col[2].u_pd/nfast_hit_latched_reg[5]/D
FAST_TAG_EXACT_ENDPOINT_D_PIN=u_core_gen_pd_row[1].gen_pd_col[2].u_pd/nfast_hit_latched_reg[6]/D
FAST_TAG_EXACT_ENDPOINT_D_PIN=u_core_gen_pd_row[1].gen_pd_col[3].u_pd/nfast_hit_latched_reg[0]/D
FAST_TAG_EXACT_ENDPOINT_D_PIN=u_core_gen_pd_row[1].gen_pd_col[3].u_pd/nfast_hit_latched_reg[5]/D
FAST_TAG_EXACT_ENDPOINT_D_PIN=u_core_gen_pd_row[1].gen_pd_col[3].u_pd/nfast_hit_latched_reg[6]/D
FAST_TAG_EXACT_ENDPOINT_D_PIN=u_core_gen_pd_row[1].gen_pd_col[4].u_pd/nfast_hit_latched_reg[0]/D
FAST_TAG_EXACT_ENDPOINT_D_PIN=u_core_gen_pd_row[1].gen_pd_col[4].u_pd/nfast_hit_latched_reg[5]/D
FAST_TAG_EXACT_ENDPOINT_D_PIN=u_core_gen_pd_row[1].gen_pd_col[4].u_pd/nfast_hit_latched_reg[6]/D
FAST_TAG_EXACT_ENDPOINT_D_PIN=u_core_gen_pd_row[1].gen_pd_col[5].u_pd/nfast_hit_latched_reg[0]/D
FAST_TAG_EXACT_ENDPOINT_D_PIN=u_core_gen_pd_row[1].gen_pd_col[5].u_pd/nfast_hit_latched_reg[5]/D
FAST_TAG_EXACT_ENDPOINT_D_PIN=u_core_gen_pd_row[1].gen_pd_col[5].u_pd/nfast_hit_latched_reg[6]/D
FAST_TAG_EXACT_ENDPOINT_D_PIN=u_core_gen_pd_row[1].gen_pd_col[6].u_pd/nfast_hit_latched_reg[0]/D
FAST_TAG_EXACT_ENDPOINT_D_PIN=u_core_gen_pd_row[1].gen_pd_col[6].u_pd/nfast_hit_latched_reg[5]/D
FAST_TAG_EXACT_ENDPOINT_D_PIN=u_core_gen_pd_row[1].gen_pd_col[6].u_pd/nfast_hit_latched_reg[6]/D
FAST_TAG_EXACT_ENDPOINT_D_PIN=u_core_gen_pd_row[1].gen_pd_col[7].u_pd/nfast_hit_latched_reg[0]/D
FAST_TAG_EXACT_ENDPOINT_D_PIN=u_core_gen_pd_row[1].gen_pd_col[7].u_pd/nfast_hit_latched_reg[6]/D
FAST_TAG_EXACT_ENDPOINT_D_PIN=u_core_gen_pd_row[1].gen_pd_col[7].u_pd/nfast_hit_latched_reg[5]/D
FAST_TAG_EXACT_ENDPOINT_D_PIN=u_core_gen_pd_row[2].gen_pd_col[0].u_pd/nfast_hit_latched_reg[0]/D
FAST_TAG_EXACT_ENDPOINT_D_PIN=u_core_gen_pd_row[2].gen_pd_col[0].u_pd/nfast_hit_latched_reg[5]/D
FAST_TAG_EXACT_ENDPOINT_D_PIN=u_core_gen_pd_row[2].gen_pd_col[0].u_pd/nfast_hit_latched_reg[6]/D
FAST_TAG_EXACT_ENDPOINT_D_PIN=u_core_gen_pd_row[2].gen_pd_col[1].u_pd/nfast_hit_latched_reg[0]/D
FAST_TAG_EXACT_ENDPOINT_D_PIN=u_core_gen_pd_row[2].gen_pd_col[1].u_pd/nfast_hit_latched_reg[5]/D
FAST_TAG_EXACT_ENDPOINT_D_PIN=u_core_gen_pd_row[2].gen_pd_col[1].u_pd/nfast_hit_latched_reg[6]/D
FAST_TAG_EXACT_ENDPOINT_D_PIN=u_core_gen_pd_row[2].gen_pd_col[2].u_pd/nfast_hit_latched_reg[0]/D
FAST_TAG_EXACT_ENDPOINT_D_PIN=u_core_gen_pd_row[2].gen_pd_col[2].u_pd/nfast_hit_latched_reg[5]/D
FAST_TAG_EXACT_ENDPOINT_D_PIN=u_core_gen_pd_row[2].gen_pd_col[2].u_pd/nfast_hit_latched_reg[6]/D
FAST_TAG_EXACT_ENDPOINT_D_PIN=u_core_gen_pd_row[2].gen_pd_col[3].u_pd/nfast_hit_latched_reg[0]/D
FAST_TAG_EXACT_ENDPOINT_D_PIN=u_core_gen_pd_row[2].gen_pd_col[3].u_pd/nfast_hit_latched_reg[5]/D
FAST_TAG_EXACT_ENDPOINT_D_PIN=u_core_gen_pd_row[2].gen_pd_col[3].u_pd/nfast_hit_latched_reg[6]/D
FAST_TAG_EXACT_ENDPOINT_D_PIN=u_core_gen_pd_row[2].gen_pd_col[4].u_pd/nfast_hit_latched_reg[0]/D
FAST_TAG_EXACT_ENDPOINT_D_PIN=u_core_gen_pd_row[2].gen_pd_col[4].u_pd/nfast_hit_latched_reg[6]/D
FAST_TAG_EXACT_ENDPOINT_D_PIN=u_core_gen_pd_row[2].gen_pd_col[4].u_pd/nfast_hit_latched_reg[5]/D
FAST_TAG_EXACT_ENDPOINT_D_PIN=u_core_gen_pd_row[2].gen_pd_col[5].u_pd/nfast_hit_latched_reg[0]/D
FAST_TAG_EXACT_ENDPOINT_D_PIN=u_core_gen_pd_row[2].gen_pd_col[5].u_pd/nfast_hit_latched_reg[5]/D
FAST_TAG_EXACT_ENDPOINT_D_PIN=u_core_gen_pd_row[2].gen_pd_col[5].u_pd/nfast_hit_latched_reg[6]/D
FAST_TAG_EXACT_ENDPOINT_D_PIN=u_core_gen_pd_row[2].gen_pd_col[6].u_pd/nfast_hit_latched_reg[0]/D
FAST_TAG_EXACT_ENDPOINT_D_PIN=u_core_gen_pd_row[2].gen_pd_col[6].u_pd/nfast_hit_latched_reg[6]/D
FAST_TAG_EXACT_ENDPOINT_D_PIN=u_core_gen_pd_row[2].gen_pd_col[6].u_pd/nfast_hit_latched_reg[5]/D
FAST_TAG_EXACT_ENDPOINT_D_PIN=u_core_gen_pd_row[2].gen_pd_col[7].u_pd/nfast_hit_latched_reg[0]/D
FAST_TAG_EXACT_ENDPOINT_D_PIN=u_core_gen_pd_row[2].gen_pd_col[7].u_pd/nfast_hit_latched_reg[5]/D
FAST_TAG_EXACT_ENDPOINT_D_PIN=u_core_gen_pd_row[2].gen_pd_col[7].u_pd/nfast_hit_latched_reg[6]/D
FAST_TAG_EXACT_ENDPOINT_D_PIN=u_core_gen_pd_row[3].gen_pd_col[0].u_pd/nfast_hit_latched_reg[0]/D
FAST_TAG_EXACT_ENDPOINT_D_PIN=u_core_gen_pd_row[3].gen_pd_col[0].u_pd/nfast_hit_latched_reg[5]/D
FAST_TAG_EXACT_ENDPOINT_D_PIN=u_core_gen_pd_row[3].gen_pd_col[0].u_pd/nfast_hit_latched_reg[6]/D
FAST_TAG_EXACT_ENDPOINT_D_PIN=u_core_gen_pd_row[3].gen_pd_col[1].u_pd/nfast_hit_latched_reg[0]/D
FAST_TAG_EXACT_ENDPOINT_D_PIN=u_core_gen_pd_row[3].gen_pd_col[1].u_pd/nfast_hit_latched_reg[5]/D
FAST_TAG_EXACT_ENDPOINT_D_PIN=u_core_gen_pd_row[3].gen_pd_col[1].u_pd/nfast_hit_latched_reg[6]/D
FAST_TAG_EXACT_ENDPOINT_D_PIN=u_core_gen_pd_row[3].gen_pd_col[2].u_pd/nfast_hit_latched_reg[0]/D
FAST_TAG_EXACT_ENDPOINT_D_PIN=u_core_gen_pd_row[3].gen_pd_col[2].u_pd/nfast_hit_latched_reg[5]/D
FAST_TAG_EXACT_ENDPOINT_D_PIN=u_core_gen_pd_row[3].gen_pd_col[2].u_pd/nfast_hit_latched_reg[6]/D
FAST_TAG_EXACT_ENDPOINT_D_PIN=u_core_gen_pd_row[3].gen_pd_col[3].u_pd/nfast_hit_latched_reg[0]/D
FAST_TAG_EXACT_ENDPOINT_D_PIN=u_core_gen_pd_row[3].gen_pd_col[3].u_pd/nfast_hit_latched_reg[5]/D
FAST_TAG_EXACT_ENDPOINT_D_PIN=u_core_gen_pd_row[3].gen_pd_col[3].u_pd/nfast_hit_latched_reg[6]/D
FAST_TAG_EXACT_ENDPOINT_D_PIN=u_core_gen_pd_row[3].gen_pd_col[4].u_pd/nfast_hit_latched_reg[0]/D
FAST_TAG_EXACT_ENDPOINT_D_PIN=u_core_gen_pd_row[3].gen_pd_col[4].u_pd/nfast_hit_latched_reg[6]/D
FAST_TAG_EXACT_ENDPOINT_D_PIN=u_core_gen_pd_row[3].gen_pd_col[4].u_pd/nfast_hit_latched_reg[5]/D
FAST_TAG_EXACT_ENDPOINT_D_PIN=u_core_gen_pd_row[3].gen_pd_col[5].u_pd/nfast_hit_latched_reg[0]/D
FAST_TAG_EXACT_ENDPOINT_D_PIN=u_core_gen_pd_row[3].gen_pd_col[5].u_pd/nfast_hit_latched_reg[5]/D
FAST_TAG_EXACT_ENDPOINT_D_PIN=u_core_gen_pd_row[3].gen_pd_col[5].u_pd/nfast_hit_latched_reg[6]/D
FAST_TAG_EXACT_ENDPOINT_D_PIN=u_core_gen_pd_row[3].gen_pd_col[6].u_pd/nfast_hit_latched_reg[0]/D
FAST_TAG_EXACT_ENDPOINT_D_PIN=u_core_gen_pd_row[3].gen_pd_col[6].u_pd/nfast_hit_latched_reg[6]/D
FAST_TAG_EXACT_ENDPOINT_D_PIN=u_core_gen_pd_row[3].gen_pd_col[6].u_pd/nfast_hit_latched_reg[5]/D
FAST_TAG_EXACT_ENDPOINT_D_PIN=u_core_gen_pd_row[3].gen_pd_col[7].u_pd/nfast_hit_latched_reg[0]/D
FAST_TAG_EXACT_ENDPOINT_D_PIN=u_core_gen_pd_row[3].gen_pd_col[7].u_pd/nfast_hit_latched_reg[5]/D
FAST_TAG_EXACT_ENDPOINT_D_PIN=u_core_gen_pd_row[3].gen_pd_col[7].u_pd/nfast_hit_latched_reg[6]/D
FAST_TAG_EXACT_ENDPOINT_D_PIN=u_core_gen_pd_row[4].gen_pd_col[0].u_pd/nfast_hit_latched_reg[0]/D
FAST_TAG_EXACT_ENDPOINT_D_PIN=u_core_gen_pd_row[4].gen_pd_col[0].u_pd/nfast_hit_latched_reg[6]/D
FAST_TAG_EXACT_ENDPOINT_D_PIN=u_core_gen_pd_row[4].gen_pd_col[0].u_pd/nfast_hit_latched_reg[5]/D
FAST_TAG_EXACT_ENDPOINT_D_PIN=u_core_gen_pd_row[4].gen_pd_col[1].u_pd/nfast_hit_latched_reg[0]/D
FAST_TAG_EXACT_ENDPOINT_D_PIN=u_core_gen_pd_row[4].gen_pd_col[1].u_pd/nfast_hit_latched_reg[6]/D
FAST_TAG_EXACT_ENDPOINT_D_PIN=u_core_gen_pd_row[4].gen_pd_col[1].u_pd/nfast_hit_latched_reg[5]/D
FAST_TAG_EXACT_ENDPOINT_D_PIN=u_core_gen_pd_row[4].gen_pd_col[2].u_pd/nfast_hit_latched_reg[0]/D
FAST_TAG_EXACT_ENDPOINT_D_PIN=u_core_gen_pd_row[4].gen_pd_col[2].u_pd/nfast_hit_latched_reg[5]/D
FAST_TAG_EXACT_ENDPOINT_D_PIN=u_core_gen_pd_row[4].gen_pd_col[2].u_pd/nfast_hit_latched_reg[6]/D
FAST_TAG_EXACT_ENDPOINT_D_PIN=u_core_gen_pd_row[4].gen_pd_col[3].u_pd/nfast_hit_latched_reg[0]/D
FAST_TAG_EXACT_ENDPOINT_D_PIN=u_core_gen_pd_row[4].gen_pd_col[3].u_pd/nfast_hit_latched_reg[5]/D
FAST_TAG_EXACT_ENDPOINT_D_PIN=u_core_gen_pd_row[4].gen_pd_col[3].u_pd/nfast_hit_latched_reg[6]/D
FAST_TAG_EXACT_ENDPOINT_D_PIN=u_core_gen_pd_row[4].gen_pd_col[4].u_pd/nfast_hit_latched_reg[0]/D
FAST_TAG_EXACT_ENDPOINT_D_PIN=u_core_gen_pd_row[4].gen_pd_col[4].u_pd/nfast_hit_latched_reg[6]/D
FAST_TAG_EXACT_ENDPOINT_D_PIN=u_core_gen_pd_row[4].gen_pd_col[4].u_pd/nfast_hit_latched_reg[5]/D
FAST_TAG_EXACT_ENDPOINT_D_PIN=u_core_gen_pd_row[4].gen_pd_col[5].u_pd/nfast_hit_latched_reg[0]/D
FAST_TAG_EXACT_ENDPOINT_D_PIN=u_core_gen_pd_row[4].gen_pd_col[5].u_pd/nfast_hit_latched_reg[6]/D
FAST_TAG_EXACT_ENDPOINT_D_PIN=u_core_gen_pd_row[4].gen_pd_col[5].u_pd/nfast_hit_latched_reg[5]/D
FAST_TAG_EXACT_ENDPOINT_D_PIN=u_core_gen_pd_row[4].gen_pd_col[6].u_pd/nfast_hit_latched_reg[0]/D
FAST_TAG_EXACT_ENDPOINT_D_PIN=u_core_gen_pd_row[4].gen_pd_col[6].u_pd/nfast_hit_latched_reg[5]/D
FAST_TAG_EXACT_ENDPOINT_D_PIN=u_core_gen_pd_row[4].gen_pd_col[6].u_pd/nfast_hit_latched_reg[6]/D
FAST_TAG_EXACT_ENDPOINT_D_PIN=u_core_gen_pd_row[4].gen_pd_col[7].u_pd/nfast_hit_latched_reg[0]/D
FAST_TAG_EXACT_ENDPOINT_D_PIN=u_core_gen_pd_row[4].gen_pd_col[7].u_pd/nfast_hit_latched_reg[5]/D
FAST_TAG_EXACT_ENDPOINT_D_PIN=u_core_gen_pd_row[4].gen_pd_col[7].u_pd/nfast_hit_latched_reg[6]/D
FAST_TAG_EXACT_ENDPOINT_D_PIN=u_core_gen_pd_row[5].gen_pd_col[0].u_pd/nfast_hit_latched_reg[0]/D
FAST_TAG_EXACT_ENDPOINT_D_PIN=u_core_gen_pd_row[5].gen_pd_col[0].u_pd/nfast_hit_latched_reg[6]/D
FAST_TAG_EXACT_ENDPOINT_D_PIN=u_core_gen_pd_row[5].gen_pd_col[0].u_pd/nfast_hit_latched_reg[5]/D
FAST_TAG_EXACT_ENDPOINT_D_PIN=u_core_gen_pd_row[5].gen_pd_col[1].u_pd/nfast_hit_latched_reg[0]/D
FAST_TAG_EXACT_ENDPOINT_D_PIN=u_core_gen_pd_row[5].gen_pd_col[1].u_pd/nfast_hit_latched_reg[5]/D
FAST_TAG_EXACT_ENDPOINT_D_PIN=u_core_gen_pd_row[5].gen_pd_col[1].u_pd/nfast_hit_latched_reg[6]/D
FAST_TAG_EXACT_ENDPOINT_D_PIN=u_core_gen_pd_row[5].gen_pd_col[2].u_pd/nfast_hit_latched_reg[0]/D
FAST_TAG_EXACT_ENDPOINT_D_PIN=u_core_gen_pd_row[5].gen_pd_col[2].u_pd/nfast_hit_latched_reg[5]/D
FAST_TAG_EXACT_ENDPOINT_D_PIN=u_core_gen_pd_row[5].gen_pd_col[2].u_pd/nfast_hit_latched_reg[6]/D
FAST_TAG_EXACT_ENDPOINT_D_PIN=u_core_gen_pd_row[5].gen_pd_col[3].u_pd/nfast_hit_latched_reg[0]/D
FAST_TAG_EXACT_ENDPOINT_D_PIN=u_core_gen_pd_row[5].gen_pd_col[3].u_pd/nfast_hit_latched_reg[5]/D
FAST_TAG_EXACT_ENDPOINT_D_PIN=u_core_gen_pd_row[5].gen_pd_col[3].u_pd/nfast_hit_latched_reg[6]/D
FAST_TAG_EXACT_ENDPOINT_D_PIN=u_core_gen_pd_row[5].gen_pd_col[4].u_pd/nfast_hit_latched_reg[0]/D
FAST_TAG_EXACT_ENDPOINT_D_PIN=u_core_gen_pd_row[5].gen_pd_col[4].u_pd/nfast_hit_latched_reg[6]/D
FAST_TAG_EXACT_ENDPOINT_D_PIN=u_core_gen_pd_row[5].gen_pd_col[4].u_pd/nfast_hit_latched_reg[5]/D
FAST_TAG_EXACT_ENDPOINT_D_PIN=u_core_gen_pd_row[5].gen_pd_col[5].u_pd/nfast_hit_latched_reg[0]/D
FAST_TAG_EXACT_ENDPOINT_D_PIN=u_core_gen_pd_row[5].gen_pd_col[5].u_pd/nfast_hit_latched_reg[5]/D
FAST_TAG_EXACT_ENDPOINT_D_PIN=u_core_gen_pd_row[5].gen_pd_col[5].u_pd/nfast_hit_latched_reg[6]/D
FAST_TAG_EXACT_ENDPOINT_D_PIN=u_core_gen_pd_row[5].gen_pd_col[6].u_pd/nfast_hit_latched_reg[0]/D
FAST_TAG_EXACT_ENDPOINT_D_PIN=u_core_gen_pd_row[5].gen_pd_col[6].u_pd/nfast_hit_latched_reg[5]/D
FAST_TAG_EXACT_ENDPOINT_D_PIN=u_core_gen_pd_row[5].gen_pd_col[6].u_pd/nfast_hit_latched_reg[6]/D
FAST_TAG_EXACT_ENDPOINT_D_PIN=u_core_gen_pd_row[5].gen_pd_col[7].u_pd/nfast_hit_latched_reg[0]/D
FAST_TAG_EXACT_ENDPOINT_D_PIN=u_core_gen_pd_row[5].gen_pd_col[7].u_pd/nfast_hit_latched_reg[5]/D
FAST_TAG_EXACT_ENDPOINT_D_PIN=u_core_gen_pd_row[5].gen_pd_col[7].u_pd/nfast_hit_latched_reg[6]/D
FAST_TAG_EXACT_ENDPOINT_D_PIN=u_core_gen_pd_row[6].gen_pd_col[0].u_pd/nfast_hit_latched_reg[0]/D
FAST_TAG_EXACT_ENDPOINT_D_PIN=u_core_gen_pd_row[6].gen_pd_col[0].u_pd/nfast_hit_latched_reg[6]/D
FAST_TAG_EXACT_ENDPOINT_D_PIN=u_core_gen_pd_row[6].gen_pd_col[0].u_pd/nfast_hit_latched_reg[5]/D
FAST_TAG_EXACT_ENDPOINT_D_PIN=u_core_gen_pd_row[6].gen_pd_col[1].u_pd/nfast_hit_latched_reg[0]/D
FAST_TAG_EXACT_ENDPOINT_D_PIN=u_core_gen_pd_row[6].gen_pd_col[1].u_pd/nfast_hit_latched_reg[5]/D
FAST_TAG_EXACT_ENDPOINT_D_PIN=u_core_gen_pd_row[6].gen_pd_col[1].u_pd/nfast_hit_latched_reg[6]/D
FAST_TAG_EXACT_ENDPOINT_D_PIN=u_core_gen_pd_row[6].gen_pd_col[2].u_pd/nfast_hit_latched_reg[0]/D
FAST_TAG_EXACT_ENDPOINT_D_PIN=u_core_gen_pd_row[6].gen_pd_col[2].u_pd/nfast_hit_latched_reg[5]/D
FAST_TAG_EXACT_ENDPOINT_D_PIN=u_core_gen_pd_row[6].gen_pd_col[2].u_pd/nfast_hit_latched_reg[6]/D
FAST_TAG_EXACT_ENDPOINT_D_PIN=u_core_gen_pd_row[6].gen_pd_col[3].u_pd/nfast_hit_latched_reg[0]/D
FAST_TAG_EXACT_ENDPOINT_D_PIN=u_core_gen_pd_row[6].gen_pd_col[3].u_pd/nfast_hit_latched_reg[5]/D
FAST_TAG_EXACT_ENDPOINT_D_PIN=u_core_gen_pd_row[6].gen_pd_col[3].u_pd/nfast_hit_latched_reg[6]/D
FAST_TAG_EXACT_ENDPOINT_D_PIN=u_core_gen_pd_row[6].gen_pd_col[4].u_pd/nfast_hit_latched_reg[0]/D
FAST_TAG_EXACT_ENDPOINT_D_PIN=u_core_gen_pd_row[6].gen_pd_col[4].u_pd/nfast_hit_latched_reg[6]/D
FAST_TAG_EXACT_ENDPOINT_D_PIN=u_core_gen_pd_row[6].gen_pd_col[4].u_pd/nfast_hit_latched_reg[5]/D
FAST_TAG_EXACT_ENDPOINT_D_PIN=u_core_gen_pd_row[6].gen_pd_col[5].u_pd/nfast_hit_latched_reg[0]/D
FAST_TAG_EXACT_ENDPOINT_D_PIN=u_core_gen_pd_row[6].gen_pd_col[5].u_pd/nfast_hit_latched_reg[5]/D
FAST_TAG_EXACT_ENDPOINT_D_PIN=u_core_gen_pd_row[6].gen_pd_col[5].u_pd/nfast_hit_latched_reg[6]/D
FAST_TAG_EXACT_ENDPOINT_D_PIN=u_core_gen_pd_row[6].gen_pd_col[6].u_pd/nfast_hit_latched_reg[0]/D
FAST_TAG_EXACT_ENDPOINT_D_PIN=u_core_gen_pd_row[6].gen_pd_col[6].u_pd/nfast_hit_latched_reg[5]/D
FAST_TAG_EXACT_ENDPOINT_D_PIN=u_core_gen_pd_row[6].gen_pd_col[6].u_pd/nfast_hit_latched_reg[6]/D
FAST_TAG_EXACT_ENDPOINT_D_PIN=u_core_gen_pd_row[6].gen_pd_col[7].u_pd/nfast_hit_latched_reg[0]/D
FAST_TAG_EXACT_ENDPOINT_D_PIN=u_core_gen_pd_row[6].gen_pd_col[7].u_pd/nfast_hit_latched_reg[5]/D
FAST_TAG_EXACT_ENDPOINT_D_PIN=u_core_gen_pd_row[6].gen_pd_col[7].u_pd/nfast_hit_latched_reg[6]/D
FAST_TAG_EXACT_ENDPOINT_D_PIN=u_core_gen_pd_row[7].gen_pd_col[0].u_pd/nfast_hit_latched_reg[0]/D
FAST_TAG_EXACT_ENDPOINT_D_PIN=u_core_gen_pd_row[7].gen_pd_col[0].u_pd/nfast_hit_latched_reg[5]/D
FAST_TAG_EXACT_ENDPOINT_D_PIN=u_core_gen_pd_row[7].gen_pd_col[0].u_pd/nfast_hit_latched_reg[6]/D
FAST_TAG_EXACT_ENDPOINT_D_PIN=u_core_gen_pd_row[7].gen_pd_col[1].u_pd/nfast_hit_latched_reg[0]/D
FAST_TAG_EXACT_ENDPOINT_D_PIN=u_core_gen_pd_row[7].gen_pd_col[1].u_pd/nfast_hit_latched_reg[6]/D
FAST_TAG_EXACT_ENDPOINT_D_PIN=u_core_gen_pd_row[7].gen_pd_col[1].u_pd/nfast_hit_latched_reg[5]/D
FAST_TAG_EXACT_ENDPOINT_D_PIN=u_core_gen_pd_row[7].gen_pd_col[2].u_pd/nfast_hit_latched_reg[0]/D
FAST_TAG_EXACT_ENDPOINT_D_PIN=u_core_gen_pd_row[7].gen_pd_col[2].u_pd/nfast_hit_latched_reg[5]/D
FAST_TAG_EXACT_ENDPOINT_D_PIN=u_core_gen_pd_row[7].gen_pd_col[2].u_pd/nfast_hit_latched_reg[6]/D
FAST_TAG_EXACT_ENDPOINT_D_PIN=u_core_gen_pd_row[7].gen_pd_col[3].u_pd/nfast_hit_latched_reg[0]/D
FAST_TAG_EXACT_ENDPOINT_D_PIN=u_core_gen_pd_row[7].gen_pd_col[3].u_pd/nfast_hit_latched_reg[5]/D
FAST_TAG_EXACT_ENDPOINT_D_PIN=u_core_gen_pd_row[7].gen_pd_col[3].u_pd/nfast_hit_latched_reg[6]/D
FAST_TAG_EXACT_ENDPOINT_D_PIN=u_core_gen_pd_row[7].gen_pd_col[4].u_pd/nfast_hit_latched_reg[0]/D
FAST_TAG_EXACT_ENDPOINT_D_PIN=u_core_gen_pd_row[7].gen_pd_col[4].u_pd/nfast_hit_latched_reg[5]/D
FAST_TAG_EXACT_ENDPOINT_D_PIN=u_core_gen_pd_row[7].gen_pd_col[4].u_pd/nfast_hit_latched_reg[6]/D
FAST_TAG_EXACT_ENDPOINT_D_PIN=u_core_gen_pd_row[7].gen_pd_col[5].u_pd/nfast_hit_latched_reg[0]/D
FAST_TAG_EXACT_ENDPOINT_D_PIN=u_core_gen_pd_row[7].gen_pd_col[5].u_pd/nfast_hit_latched_reg[5]/D
FAST_TAG_EXACT_ENDPOINT_D_PIN=u_core_gen_pd_row[7].gen_pd_col[5].u_pd/nfast_hit_latched_reg[6]/D
FAST_TAG_EXACT_ENDPOINT_D_PIN=u_core_gen_pd_row[7].gen_pd_col[6].u_pd/nfast_hit_latched_reg[0]/D
FAST_TAG_EXACT_ENDPOINT_D_PIN=u_core_gen_pd_row[7].gen_pd_col[6].u_pd/nfast_hit_latched_reg[5]/D
FAST_TAG_EXACT_ENDPOINT_D_PIN=u_core_gen_pd_row[7].gen_pd_col[6].u_pd/nfast_hit_latched_reg[6]/D
FAST_TAG_EXACT_ENDPOINT_D_PIN=u_core_gen_pd_row[7].gen_pd_col[7].u_pd/nfast_hit_latched_reg[0]/D
FAST_TAG_EXACT_ENDPOINT_D_PIN=u_core_gen_pd_row[7].gen_pd_col[7].u_pd/nfast_hit_latched_reg[6]/D
FAST_TAG_EXACT_ENDPOINT_D_PIN=u_core_gen_pd_row[7].gen_pd_col[7].u_pd/nfast_hit_latched_reg[5]/D
FAST_TAG_EXACT_Q_SET_MAX_FANOUT=OK
FAST_TAG_EXACT_Q_SET_MAX_TRANSITION=OK
FAST_TAG_EXACT_D_SET_MAX_TRANSITION=SKIPPED_ENDPOINT_TRANSITION_TIGHT_DISABLED
FAST_TAG_EXACT_GROUP_PATH_RESULT=OK
FAST_TAG_EXACT_C_TO_D_SET_MAX_DELAY_NS=1.333
FAST_TAG_EXACT_C_TO_D_SET_MAX_DELAY_RESULT=OK
FAST_TAG_EXACT_MAX_DELAY_CONSTRAINT_MODE=OK:constraint_mode:mptdc_axis_core/functional_mode
FAST_TAG_EXACT_SOURCE_CELL_TARGET=
FAST_TAG_EXACT_SOURCE_CELL_REQUESTED=NO
FAST_TAG_EXACT_SOURCE_CELL_LIB_CELLS_FOUND=0
FAST_TAG_EXACT_SOURCE_CELL_COUNT=0
FAST_TAG_EXACT_SOURCE_CELL_TARGET_COUNT=0
FAST_TAG_EXACT_SOURCE_CELL_METHOD=SKIPPED
FAST_TAG_EXACT_SOURCE_CELL_RESULT=SKIPPED_SOURCE_CELL_NOT_REQUESTED
FAST_TAG_EXACT_SOURCE_CELL_MODE=SINGLE_TARGET
FAST_TAG_EXACT_RESET0_SOURCE_COUNT=0
FAST_TAG_EXACT_SET1_SOURCE_COUNT=0
FAST_TAG_EXACT_SOURCE_UNSUPPORTED_POLARITY_COUNT=0
FAST_TAG_EXACT_SELECTED_RESET0_TARGET=NA
FAST_TAG_EXACT_SELECTED_SET1_TARGET=NA
FAST_TAG_EXACT_DFRRQHDX4_TARGET_COUNT=0
FAST_TAG_EXACT_DFRSQHDX4_TARGET_COUNT=0
FAST_TAG_EXACT_DFRSQHDX2_TARGET_COUNT=0
FAST_TAG_EXACT_DFRRQJIHDX4_TARGET_COUNT=0
FAST_TAG_EXACT_DFRSJIHDX4_TARGET_COUNT=0
FAST_TAG_EXACT_DFRSJIHDX2_TARGET_COUNT=0
FAST_TAG_EXACT_SOURCE_POLARITY_PRESERVED_COUNT=0
FAST_TAG_EXACT_SOURCE_POLARITY_FAILED_COUNT=0
FAST_TAG_EXACT_SOURCE_FREEZE_RESULT=SKIPPED
PD_LOCAL_ON22_REPAIR_ENABLE=1
PD_LOCAL_ON22_APPLY_REPAIR=1
PD_LOCAL_ON22_SOURCE_CELL=ON22JIHDX0
PD_LOCAL_ON22_ALLOW_X2=0
PD_LOCAL_ON22_REQUESTED_TARGET_CELLS=ON22JIHDX1,ON22JIHDX2
PD_LOCAL_ON22_TARGET_CELLS=ON22JIHDX1
PD_LOCAL_ON22_SELECTED_TARGET=ON22JIHDX1
PD_LOCAL_ON22_TARGET_LIB_CELLS_FOUND=1
PD_LOCAL_ON22_ENDPOINTS_EXPECTED=448
PD_LOCAL_ON22_ENDPOINTS_FOUND=448
PD_LOCAL_ON22_TIMING_ON22_ROWS_FOUND=361
PD_LOCAL_ON22_TIMING_ON22_LOCAL_ROWS_FOUND=361
PD_LOCAL_ON22_TIMING_UNIQUE_ON22_INSTANCES_FOUND=361
PD_LOCAL_ON22_TIMING_RESOLVED_ON22_INSTANCES_FOUND=361
PD_LOCAL_ON22_SOURCE_DRIVERS_EXPECTED=AUTO
PD_LOCAL_ON22_SOURCE_DRIVERS_FOUND=361
PD_LOCAL_ON22_SOURCE_CELLS_EXPECTED=AUTO
PD_LOCAL_ON22_SOURCE_CELLS_FOUND=361
PD_LOCAL_ON22_UNRESOLVED_CELLS=0
PD_LOCAL_ON22_CHANGED_CELLS=361
PD_LOCAL_ON22_TARGET_CELLS_FOUND=361
PD_LOCAL_ON22_REPAIR_RESULT=OK
PD_LOCAL_ON22_OVERMATCH=NO
PD_LOCAL_ON22_UNDERMATCH=NO
PD_LOCAL_ON22_STATUS=PASS
PD_LOCAL_ON22_REVIEW_REASON=NONE
PD_LOCAL_ON22_DISCOVERY_MODE=TIMING_REPORT
PD_LOCAL_ON22_TIMING_MAX_PATHS=1000

