# Installed Innovus command help capture
HELP_dbCreateWire_STATUS=PASS
HELP_dbCreateWire_REPORT=/sim/ksabra/SPADMIC_work/innovus/20260825_mptdc_bufftap0_route_minarea_probe_143229/reports/help_dbCreateWire.rpt
HELP_dbCreateVia_STATUS=PASS
HELP_dbCreateVia_REPORT=/sim/ksabra/SPADMIC_work/innovus/20260825_mptdc_bufftap0_route_minarea_probe_143229/reports/help_dbCreateVia.rpt
HELP_editAddRoute_STATUS=PASS
HELP_editAddRoute_REPORT=/sim/ksabra/SPADMIC_work/innovus/20260825_mptdc_bufftap0_route_minarea_probe_143229/reports/help_editAddRoute.rpt
HELP_editCommitRoute_STATUS=PASS
HELP_editCommitRoute_REPORT=/sim/ksabra/SPADMIC_work/innovus/20260825_mptdc_bufftap0_route_minarea_probe_143229/reports/help_editCommitRoute.rpt
HELP_editAddVia_STATUS=PASS
HELP_editAddVia_REPORT=/sim/ksabra/SPADMIC_work/innovus/20260825_mptdc_bufftap0_route_minarea_probe_143229/reports/help_editAddVia.rpt
HELP_setViaEdit_STATUS=PASS
HELP_setViaEdit_REPORT=/sim/ksabra/SPADMIC_work/innovus/20260825_mptdc_bufftap0_route_minarea_probe_143229/reports/help_setViaEdit.rpt
HELP_setEdit_STATUS=PASS
HELP_setEdit_REPORT=/sim/ksabra/SPADMIC_work/innovus/20260825_mptdc_bufftap0_route_minarea_probe_143229/reports/help_setEdit.rpt
HELP_setEditMode_STATUS=PASS
HELP_setEditMode_REPORT=/sim/ksabra/SPADMIC_work/innovus/20260825_mptdc_bufftap0_route_minarea_probe_143229/reports/help_setEditMode.rpt
HELP_uiSetTool_STATUS=PASS
HELP_uiSetTool_REPORT=/sim/ksabra/SPADMIC_work/innovus/20260825_mptdc_bufftap0_route_minarea_probe_143229/reports/help_uiSetTool.rpt
HELP_editDelete_STATUS=PASS
HELP_editDelete_REPORT=/sim/ksabra/SPADMIC_work/innovus/20260825_mptdc_bufftap0_route_minarea_probe_143229/reports/help_editDelete.rpt
HELP_setAttribute_STATUS=PASS
HELP_setAttribute_REPORT=/sim/ksabra/SPADMIC_work/innovus/20260825_mptdc_bufftap0_route_minarea_probe_143229/reports/help_setAttribute.rpt
HELP_create_route_rule_STATUS=PASS
HELP_create_route_rule_REPORT=/sim/ksabra/SPADMIC_work/innovus/20260825_mptdc_bufftap0_route_minarea_probe_143229/reports/help_create_route_rule.rpt
HELP_set_route_attributes_STATUS=PASS
HELP_set_route_attributes_REPORT=/sim/ksabra/SPADMIC_work/innovus/20260825_mptdc_bufftap0_route_minarea_probe_143229/reports/help_set_route_attributes.rpt
HELP_routeDesign_STATUS=PASS
HELP_routeDesign_REPORT=/sim/ksabra/SPADMIC_work/innovus/20260825_mptdc_bufftap0_route_minarea_probe_143229/reports/help_routeDesign.rpt
HELP_dbQuery_STATUS=PASS
HELP_dbQuery_REPORT=/sim/ksabra/SPADMIC_work/innovus/20260825_mptdc_bufftap0_route_minarea_probe_143229/reports/help_dbQuery.rpt
HELP_CAPTURE_PASS_COUNT=15
HELP_CAPTURE_FAIL_COUNT=0
HELP_CAPTURE_STATUS=PASS
