LABEL=report_clocks_post_route
TRY=report_clocks
###############################################################
#  Generated by:      Cadence Innovus 22.33-s094_1
#  OS:                Linux x86_64(Host ID lyoelectrosrv01.in2p3.fr)
#  Generated on:      Thu Jul  9 10:46:37 2026
#  Design:            spadmic_tx_egress_core
#  Command:           report_clocks
###############################################################
     +-------------------------------------------------------------------------------------+ 
     |                                 Clock Descriptions                                  | 
     |-------------------------------------------------------------------------------------| 
     |            |            |         |        |       |       |       Attributes       | 
     |------------+------------+---------+--------+-------+-------+------------------------| 
     | Clock Name |   Source   |  View   | Period |  Lead | Trail | Generated | Propagated | 
     |------------+------------+---------+--------+-------+-------+-----------+------------| 
     | clk_160m_i | clk_160m_i | tc_view |  6.250 | 0.000 | 3.125 |     n     |     n      | 
     |  clk_sys   |  clk_sys   | tc_view |  6.250 | 0.000 | 3.125 |     n     |     n      | 
     +-------------------------------------------------------------------------------------+ 
STATUS=PASS
COMMAND=report_clocks
