# Excerpt from /sim/ksabra/SPADMIC_work/genus/genus_matrix_ooc_rerun_20260630_1009/output_fifo/reports/elaboration/check_design_post_elab.rpt
# First 220 lines

 	 Check Design Report (c)
	 ------------------- 
No subdesign's name is greater than 1.5k in length.

 Feedthrough Module(s)
 -------------------------
No feed through module in 'spadmic_output_fifo'

  Unresolved References & Empty Modules
  ------------------------------------- 
No unresolved references in design 'spadmic_output_fifo'

No empty modules in design 'spadmic_output_fifo'

 Unloaded Pin(s), Port(s)
 -------------------------
No unloaded sequential element in 'spadmic_output_fifo'

No unloaded port in 'spadmic_output_fifo'

 Unloaded Combinational Pin(s)
 -------------------------------
design 'spadmic_output_fifo' has the following unloaded combinational elements
pin:spadmic_output_fifo/ctl_74_14/g9/z
pin:spadmic_output_fifo/ctl_wr_ptr_q_72_9/g2219/z
Total number of unloaded combinational elements in design 'spadmic_output_fifo' : 2

 Assigns
 ------- 
Total number of assign statements in design 'spadmic_output_fifo' : 0

 Undriven Port(s)/Pin(s)
 ------------------------
No undriven combinational pin in 'spadmic_output_fifo'

No undriven sequential pin in 'spadmic_output_fifo'

No undriven hierarchical pin in 'spadmic_output_fifo'

No undriven port in 'spadmic_output_fifo'

 Multidriven Port(s)/Pin(s)
--------------------------

No multidriven combinational pin in 'spadmic_output_fifo'

No multidriven sequential pin in 'spadmic_output_fifo'

No multidriven hierarchical pin in 'spadmic_output_fifo'

No multidriven ports in 'spadmic_output_fifo'

No multidriven unloaded nets in 'spadmic_output_fifo'

  Constant Pin(s)
  ----------------
No constant combinational pin(s) in design 'spadmic_output_fifo'

No constant sequential pin(s) in design 'spadmic_output_fifo'

design 'spadmic_output_fifo' has the following constant input hierarchical pin(s)
hpin:spadmic_output_fifo/eq_51_28/B[9] 	 (fanout : 1)
hpin:spadmic_output_fifo/eq_51_28/B[8] 	 (fanout : 1)
hpin:spadmic_output_fifo/eq_51_28/B[7] 	 (fanout : 1)
hpin:spadmic_output_fifo/eq_51_28/B[6] 	 (fanout : 1)
hpin:spadmic_output_fifo/eq_51_28/B[5] 	 (fanout : 1)
hpin:spadmic_output_fifo/eq_51_28/B[4] 	 (fanout : 1)
hpin:spadmic_output_fifo/eq_51_28/B[3] 	 (fanout : 1)
hpin:spadmic_output_fifo/eq_51_28/B[2] 	 (fanout : 1)
hpin:spadmic_output_fifo/eq_51_28/B[1] 	 (fanout : 1)
hpin:spadmic_output_fifo/eq_51_28/B[0] 	 (fanout : 1)
hpin:spadmic_output_fifo/eq_50_29/B 	 (fanout : 1)
hpin:spadmic_output_fifo/add_77_31/B 	 (fanout : 2)
hpin:spadmic_output_fifo/sub_81_31/B 	 (fanout : 2)
hpin:spadmic_output_fifo/sub_57_41/A[9] 	 (fanout : 2)
hpin:spadmic_output_fifo/sub_57_41/A[8] 	 (fanout : 2)
hpin:spadmic_output_fifo/sub_57_41/A[7] 	 (fanout : 2)
hpin:spadmic_output_fifo/sub_57_41/A[6] 	 (fanout : 2)
hpin:spadmic_output_fifo/sub_57_41/A[5] 	 (fanout : 2)
hpin:spadmic_output_fifo/sub_57_41/A[4] 	 (fanout : 2)
hpin:spadmic_output_fifo/sub_57_41/A[3] 	 (fanout : 2)
hpin:spadmic_output_fifo/sub_57_41/A[2] 	 (fanout : 2)
hpin:spadmic_output_fifo/sub_57_41/A[1] 	 (fanout : 2)
hpin:spadmic_output_fifo/sub_57_41/A[0] 	 (fanout : 2)
hpin:spadmic_output_fifo/lt_59_43/B[7] 	 (fanout : 1)
hpin:spadmic_output_fifo/lt_59_43/B[6] 	 (fanout : 1)
hpin:spadmic_output_fifo/lt_59_43/B[5] 	 (fanout : 1)
hpin:spadmic_output_fifo/lt_59_43/B[4] 	 (fanout : 1)
hpin:spadmic_output_fifo/lt_59_43/B[3] 	 (fanout : 1)
hpin:spadmic_output_fifo/lt_59_43/B[2] 	 (fanout : 1)
hpin:spadmic_output_fifo/lt_59_43/B[1] 	 (fanout : 1)
hpin:spadmic_output_fifo/lt_59_43/B[0] 	 (fanout : 1)
hpin:spadmic_output_fifo/mux_53_23/in_1[15] 	 (fanout : 1)
hpin:spadmic_output_fifo/mux_53_23/in_1[14] 	 (fanout : 1)
hpin:spadmic_output_fifo/mux_53_23/in_1[13] 	 (fanout : 1)
hpin:spadmic_output_fifo/mux_53_23/in_1[12] 	 (fanout : 1)
hpin:spadmic_output_fifo/mux_53_23/in_1[11] 	 (fanout : 1)
hpin:spadmic_output_fifo/mux_53_23/in_1[10] 	 (fanout : 1)
hpin:spadmic_output_fifo/mux_53_23/in_1[9] 	 (fanout : 1)
hpin:spadmic_output_fifo/mux_53_23/in_1[8] 	 (fanout : 1)
hpin:spadmic_output_fifo/mux_53_23/in_1[7] 	 (fanout : 1)
hpin:spadmic_output_fifo/mux_53_23/in_1[6] 	 (fanout : 1)
hpin:spadmic_output_fifo/mux_53_23/in_1[5] 	 (fanout : 1)
hpin:spadmic_output_fifo/mux_53_23/in_1[4] 	 (fanout : 1)
hpin:spadmic_output_fifo/mux_53_23/in_1[3] 	 (fanout : 1)
hpin:spadmic_output_fifo/mux_53_23/in_1[2] 	 (fanout : 1)
hpin:spadmic_output_fifo/mux_53_23/in_1[1] 	 (fanout : 1)
hpin:spadmic_output_fifo/mux_53_23/in_1[0] 	 (fanout : 1)
hpin:spadmic_output_fifo/ptr_inc_76_23:add_47_16/B 	 (fanout : 2)
hpin:spadmic_output_fifo/ptr_inc_76_23:mux___enable_main_body_0_45_13/in_0 	 (fanout : 1)
hpin:spadmic_output_fifo/ptr_inc_76_23:mux___enable_main_body_0_45_13/in_1 	 (fanout : 1)
hpin:spadmic_output_fifo/ptr_inc_76_23:mux_ptr_inc_46_16/in_0[8] 	 (fanout : 1)
hpin:spadmic_output_fifo/ptr_inc_76_23:mux_ptr_inc_46_16/in_0[7] 	 (fanout : 1)
hpin:spadmic_output_fifo/ptr_inc_76_23:mux_ptr_inc_46_16/in_0[6] 	 (fanout : 1)
hpin:spadmic_output_fifo/ptr_inc_76_23:mux_ptr_inc_46_16/in_0[5] 	 (fanout : 1)
hpin:spadmic_output_fifo/ptr_inc_76_23:mux_ptr_inc_46_16/in_0[4] 	 (fanout : 1)
hpin:spadmic_output_fifo/ptr_inc_76_23:mux_ptr_inc_46_16/in_0[3] 	 (fanout : 1)
hpin:spadmic_output_fifo/ptr_inc_76_23:mux_ptr_inc_46_16/in_0[2] 	 (fanout : 1)
hpin:spadmic_output_fifo/ptr_inc_76_23:mux_ptr_inc_46_16/in_0[1] 	 (fanout : 1)
hpin:spadmic_output_fifo/ptr_inc_76_23:mux_ptr_inc_46_16/in_0[0] 	 (fanout : 1)
hpin:spadmic_output_fifo/ptr_inc_80_23:add_47_16/B 	 (fanout : 2)
hpin:spadmic_output_fifo/ptr_inc_80_23:mux___enable_main_body_0_45_13/in_0 	 (fanout : 1)
hpin:spadmic_output_fifo/ptr_inc_80_23:mux___enable_main_body_0_45_13/in_1 	 (fanout : 1)
hpin:spadmic_output_fifo/ptr_inc_80_23:mux_ptr_inc_46_16/in_0[8] 	 (fanout : 1)
hpin:spadmic_output_fifo/ptr_inc_80_23:mux_ptr_inc_46_16/in_0[7] 	 (fanout : 1)
hpin:spadmic_output_fifo/ptr_inc_80_23:mux_ptr_inc_46_16/in_0[6] 	 (fanout : 1)
hpin:spadmic_output_fifo/ptr_inc_80_23:mux_ptr_inc_46_16/in_0[5] 	 (fanout : 1)
hpin:spadmic_output_fifo/ptr_inc_80_23:mux_ptr_inc_46_16/in_0[4] 	 (fanout : 1)
hpin:spadmic_output_fifo/ptr_inc_80_23:mux_ptr_inc_46_16/in_0[3] 	 (fanout : 1)
hpin:spadmic_output_fifo/ptr_inc_80_23:mux_ptr_inc_46_16/in_0[2] 	 (fanout : 1)
hpin:spadmic_output_fifo/ptr_inc_80_23:mux_ptr_inc_46_16/in_0[1] 	 (fanout : 1)
hpin:spadmic_output_fifo/ptr_inc_80_23:mux_ptr_inc_46_16/in_0[0] 	 (fanout : 1)
Total number of constant hierarchical pins in design 'spadmic_output_fifo' : 71

No constant connected ports in design 'spadmic_output_fifo'

  Preserved instances(s)
  ----------------
No preserved combinational instance(s) in design 'spadmic_output_fifo'
No preserved sequential instance(s) in design 'spadmic_output_fifo'
No preserved hierarchical instance(s) in design 'spadmic_output_fifo'

  Physical only instances(s)
  ----------------
No physical only instance(s) in design 'spadmic_output_fifo'

  Logical only instance(s) and linked libcells
    -----------------------------------------
No logical only instance(s) in design 'spadmic_output_fifo'

Libcells with no corresponding LEF
----------------------------------
lib_cell:default_emulate_libset_max/D_CELLS_JIHD_LPMOS_typ_1_80V_25C/MPROBEBUJIHDX8
lib_cell:default_emulate_libset_max/D_CELLS_JIHD_LPMOS_typ_1_80V_25C/MPROBEJIHD
lib_cell:default_emulate_libset_max/D_CELLS_JIHD_LPMOS_typ_1_80V_25C/CLKVBUFJIHD

Total number of cell(s) with only library (.lib) info : 3

LEF cells with no corresponding libcell
---------------------------------------

No physical (LEF) cells found.

 Summary
 ------- 

              Name                       Total
----------------------------------------------
Unresolved References                        0
Empty Modules                                0
Unloaded Port(s)                             0
Unloaded Sequential Pin(s)                   0
Unloaded Combinational Pin(s)                2
Assigns                                      0
Undriven Port(s)                             0
Undriven Leaf Pin(s)                         0
Undriven hierarchical pin(s)                 0
Multidriven Port(s)                          0
Multidriven Leaf Pin(s)                      0
Multidriven hierarchical Pin(s)              0
Multidriven unloaded net(s)                  0
Constant Port(s)                             0
Constant Leaf Pin(s)                         0
Constant hierarchical Pin(s)                71
Preserved leaf instance(s)                   0
Preserved hierarchical instance(s)           0
Feedthrough Modules(s)                       0
Libcells with no LEF cell                    3
Physical (LEF) cells with no libcell         0
Subdesigns with long module name             0
Physical only instance(s)                    0
Logical only instance(s)                     0

  Done Checking the design.
