# MPTDC RO / Phase-Buffer Overlap Audit
RO_PHASE_AUDIT_LABEL=post_place
RO_PHASE_AUDIT_FATAL=0
RO_PHASE_MIN_CLEARANCE_REQUIRED_UM=0.0
RO_TUNE6_COUNT=2
CHECKPLACE_REPORT=/sim/ksabra/SPADMIC_work/innovus/20260708_mptdc_ro6_optionA_mettp_freeall_timingrescue_022618/reports/check_place_ro_phase_overlap.rpt
CHECKPLACE_OVERLAP_LINE_COUNT=0
CHECKPLACE_OVERLAP_FATAL=0
CHECKPLACE_OVERLAP_STATUS=PASS

SLOW_RO_INSTANCE=u_core_u_osc_slow_u_ro_tune4
SLOW_RO_BBOX=55.44 696.08 224.385 766.58
SLOW_ISO_0_INSTANCE=u_core_u_phase_buf_slow/gen_phase_buf[0].u_iso
SLOW_ISO_0_BBOX=147.28 683.76 151.76 688.24
SLOW_ISO_0_OVERLAP_AREA_UM2=0.0
SLOW_ISO_0_CLEARANCE_UM=7.84
SLOW_ISO_1_INSTANCE=u_core_u_phase_buf_slow/gen_phase_buf[1].u_iso
SLOW_ISO_1_BBOX=149.52 603.12 154.0 607.6
SLOW_ISO_1_OVERLAP_AREA_UM2=0.0
SLOW_ISO_1_CLEARANCE_UM=88.48
SLOW_ISO_2_INSTANCE=u_core_u_phase_buf_slow/gen_phase_buf[2].u_iso
SLOW_ISO_2_BBOX=192.08 603.12 196.56 607.6
SLOW_ISO_2_OVERLAP_AREA_UM2=0.0
SLOW_ISO_2_CLEARANCE_UM=88.48
SLOW_ISO_3_INSTANCE=u_core_u_phase_buf_slow/gen_phase_buf[3].u_iso
SLOW_ISO_3_BBOX=184.8 643.44 189.28 647.92
SLOW_ISO_3_OVERLAP_AREA_UM2=0.0
SLOW_ISO_3_CLEARANCE_UM=48.16
SLOW_ISO_4_INSTANCE=u_core_u_phase_buf_slow/gen_phase_buf[4].u_iso
SLOW_ISO_4_BBOX=143.36 598.64 147.84 603.12
SLOW_ISO_4_OVERLAP_AREA_UM2=0.0
SLOW_ISO_4_CLEARANCE_UM=92.96
SLOW_ISO_5_INSTANCE=u_core_u_phase_buf_slow/gen_phase_buf[5].u_iso
SLOW_ISO_5_BBOX=174.16 598.64 178.64 603.12
SLOW_ISO_5_OVERLAP_AREA_UM2=0.0
SLOW_ISO_5_CLEARANCE_UM=92.96
SLOW_ISO_6_INSTANCE=u_core_u_phase_buf_slow/gen_phase_buf[6].u_iso
SLOW_ISO_6_BBOX=208.32 647.92 212.8 652.4
SLOW_ISO_6_OVERLAP_AREA_UM2=0.0
SLOW_ISO_6_CLEARANCE_UM=43.68
SLOW_ISO_7_INSTANCE=u_core_u_phase_buf_slow/gen_phase_buf[7].u_iso
SLOW_ISO_7_BBOX=184.8 603.12 189.28 607.6
SLOW_ISO_7_OVERLAP_AREA_UM2=0.0
SLOW_ISO_7_CLEARANCE_UM=88.48
SLOW_DRIVER_8_INSTANCE=u_core_u_phase_buf_slow/gen_phase_buf[0].u_drv
SLOW_DRIVER_8_BBOX=210.0 670.32 221.2 674.8
SLOW_DRIVER_8_OVERLAP_AREA_UM2=0.0
SLOW_DRIVER_8_CLEARANCE_UM=21.28
SLOW_DRIVER_9_INSTANCE=u_core_u_phase_buf_slow/gen_phase_buf[1].u_drv
SLOW_DRIVER_9_BBOX=146.16 518.0 157.36 522.48
SLOW_DRIVER_9_OVERLAP_AREA_UM2=0.0
SLOW_DRIVER_9_CLEARANCE_UM=173.6
SLOW_DRIVER_10_INSTANCE=u_core_u_phase_buf_slow/gen_phase_buf[2].u_drv
SLOW_DRIVER_10_BBOX=192.64 513.52 203.84 518.0
SLOW_DRIVER_10_OVERLAP_AREA_UM2=0.0
SLOW_DRIVER_10_CLEARANCE_UM=178.08
SLOW_DRIVER_11_INSTANCE=u_core_u_phase_buf_slow/gen_phase_buf[3].u_drv
SLOW_DRIVER_11_BBOX=197.68 576.24 208.88 580.72
SLOW_DRIVER_11_OVERLAP_AREA_UM2=0.0
SLOW_DRIVER_11_CLEARANCE_UM=115.36
SLOW_DRIVER_12_INSTANCE=u_core_u_phase_buf_slow/gen_phase_buf[4].u_drv
SLOW_DRIVER_12_BBOX=225.12 544.88 236.32 549.36
SLOW_DRIVER_12_OVERLAP_AREA_UM2=0.0
SLOW_DRIVER_12_CLEARANCE_UM=146.721840995
SLOW_DRIVER_13_INSTANCE=u_core_u_phase_buf_slow/gen_phase_buf[5].u_drv
SLOW_DRIVER_13_BBOX=221.2 549.36 232.4 553.84
SLOW_DRIVER_13_OVERLAP_AREA_UM2=0.0
SLOW_DRIVER_13_CLEARANCE_UM=142.24
SLOW_DRIVER_14_INSTANCE=u_core_u_phase_buf_slow/gen_phase_buf[6].u_drv
SLOW_DRIVER_14_BBOX=204.96 518.0 216.16 522.48
SLOW_DRIVER_14_OVERLAP_AREA_UM2=0.0
SLOW_DRIVER_14_CLEARANCE_UM=173.6
SLOW_DRIVER_15_INSTANCE=u_core_u_phase_buf_slow/gen_phase_buf[7].u_drv
SLOW_DRIVER_15_BBOX=178.08 513.52 189.28 518.0
SLOW_DRIVER_15_OVERLAP_AREA_UM2=0.0
SLOW_DRIVER_15_CLEARANCE_UM=178.08
SLOW_ISO_COUNT=8
SLOW_DRIVER_COUNT=8
SLOW_RO_PHASE_BUFFER_OVERLAP_AREA=0.000000
SLOW_RO_PHASE_MIN_CLEARANCE_UM=7.84
SLOW_RO_PHASE_INVALID_BBOX_COUNT=0
SLOW_RO_PHASE_PLACEMENT_STATUS=PASS

FAST_RO_INSTANCE=u_core_u_osc_fast_u_ro_tune4
FAST_RO_BBOX=55.44 206.08 224.385 276.58
FAST_ISO_0_INSTANCE=u_core_u_phase_buf_fast/gen_phase_buf[0].u_iso
FAST_ISO_0_BBOX=161.28 285.04 165.76 289.52
FAST_ISO_0_OVERLAP_AREA_UM2=0.0
FAST_ISO_0_CLEARANCE_UM=8.46
FAST_ISO_1_INSTANCE=u_core_u_phase_buf_fast/gen_phase_buf[1].u_iso
FAST_ISO_1_BBOX=167.44 289.52 171.92 294.0
FAST_ISO_1_OVERLAP_AREA_UM2=0.0
FAST_ISO_1_CLEARANCE_UM=12.94
FAST_ISO_2_INSTANCE=u_core_u_phase_buf_fast/gen_phase_buf[2].u_iso
FAST_ISO_2_BBOX=246.4 271.6 250.88 276.08
FAST_ISO_2_OVERLAP_AREA_UM2=0.0
FAST_ISO_2_CLEARANCE_UM=22.015
FAST_ISO_3_INSTANCE=u_core_u_phase_buf_fast/gen_phase_buf[3].u_iso
FAST_ISO_3_BBOX=194.88 280.56 199.36 285.04
FAST_ISO_3_OVERLAP_AREA_UM2=0.0
FAST_ISO_3_CLEARANCE_UM=3.98
FAST_ISO_4_INSTANCE=u_core_u_phase_buf_fast/gen_phase_buf[4].u_iso
FAST_ISO_4_BBOX=151.76 280.56 156.24 285.04
FAST_ISO_4_OVERLAP_AREA_UM2=0.0
FAST_ISO_4_CLEARANCE_UM=3.98
FAST_ISO_5_INSTANCE=u_core_u_phase_buf_fast/gen_phase_buf[5].u_iso
FAST_ISO_5_BBOX=169.12 280.56 173.6 285.04
FAST_ISO_5_OVERLAP_AREA_UM2=0.0
FAST_ISO_5_CLEARANCE_UM=3.98
FAST_ISO_6_INSTANCE=u_core_u_phase_buf_fast/gen_phase_buf[6].u_iso
FAST_ISO_6_BBOX=178.08 285.04 182.56 289.52
FAST_ISO_6_OVERLAP_AREA_UM2=0.0
FAST_ISO_6_CLEARANCE_UM=8.46
FAST_ISO_7_INSTANCE=u_core_u_phase_buf_fast/gen_phase_buf[7].u_iso
FAST_ISO_7_BBOX=184.8 280.56 189.28 285.04
FAST_ISO_7_OVERLAP_AREA_UM2=0.0
FAST_ISO_7_CLEARANCE_UM=3.98
FAST_DRIVER_8_INSTANCE=u_core_u_phase_buf_fast/gen_phase_buf[0].u_drv
FAST_DRIVER_8_BBOX=276.64 285.04 287.84 289.52
FAST_DRIVER_8_OVERLAP_AREA_UM2=0.0
FAST_DRIVER_8_CLEARANCE_UM=52.9354004897
FAST_DRIVER_9_INSTANCE=u_core_u_phase_buf_fast/gen_phase_buf[1].u_drv
FAST_DRIVER_9_BBOX=245.28 289.52 256.48 294.0
FAST_DRIVER_9_OVERLAP_AREA_UM2=0.0
FAST_DRIVER_9_CLEARANCE_UM=24.5773193209
FAST_DRIVER_10_INSTANCE=u_core_u_phase_buf_fast/gen_phase_buf[2].u_drv
FAST_DRIVER_10_BBOX=609.28 262.64 620.48 267.12
FAST_DRIVER_10_OVERLAP_AREA_UM2=0.0
FAST_DRIVER_10_CLEARANCE_UM=384.895
FAST_DRIVER_11_INSTANCE=u_core_u_phase_buf_fast/gen_phase_buf[3].u_drv
FAST_DRIVER_11_BBOX=507.92 267.12 519.12 271.6
FAST_DRIVER_11_OVERLAP_AREA_UM2=0.0
FAST_DRIVER_11_CLEARANCE_UM=283.535
FAST_DRIVER_12_INSTANCE=u_core_u_phase_buf_fast/gen_phase_buf[4].u_drv
FAST_DRIVER_12_BBOX=434.56 280.56 445.76 285.04
FAST_DRIVER_12_OVERLAP_AREA_UM2=0.0
FAST_DRIVER_12_CLEARANCE_UM=210.212680457
FAST_DRIVER_13_INSTANCE=u_core_u_phase_buf_fast/gen_phase_buf[5].u_drv
FAST_DRIVER_13_BBOX=469.84 276.08 481.04 280.56
FAST_DRIVER_13_OVERLAP_AREA_UM2=0.0
FAST_DRIVER_13_CLEARANCE_UM=245.455
FAST_DRIVER_14_INSTANCE=u_core_u_phase_buf_fast/gen_phase_buf[6].u_drv
FAST_DRIVER_14_BBOX=146.72 289.52 157.92 294.0
FAST_DRIVER_14_OVERLAP_AREA_UM2=0.0
FAST_DRIVER_14_CLEARANCE_UM=12.94
FAST_DRIVER_15_INSTANCE=u_core_u_phase_buf_fast/gen_phase_buf[7].u_drv
FAST_DRIVER_15_BBOX=189.84 285.04 201.04 289.52
FAST_DRIVER_15_OVERLAP_AREA_UM2=0.0
FAST_DRIVER_15_CLEARANCE_UM=8.46
FAST_ISO_COUNT=8
FAST_DRIVER_COUNT=8
FAST_RO_PHASE_BUFFER_OVERLAP_AREA=0.000000
FAST_RO_PHASE_MIN_CLEARANCE_UM=3.98
FAST_RO_PHASE_INVALID_BBOX_COUNT=0
FAST_RO_PHASE_PLACEMENT_STATUS=PASS

SLOW_RO_PHASE_BUFFER_OVERLAP_AREA=0.000000
FAST_RO_PHASE_BUFFER_OVERLAP_AREA=0.000000
RO_PHASE_MIN_CLEARANCE_UM=3.98
RO_PHASE_PLACEMENT_STATUS=PASS
RO_PHASE_PLACEMENT_REASON=NONE
