*** timeDesign #2 [begin] : totSession cpu/real = 0:03:59.1/0:04:29.4 (0.9), mem = 2537.3M
Start to check current routing status for nets...
All nets are already routed correctly.
End to check current routing status for nets (mem=2537.3M)

------------------------------------------------------------------
          timeDesign Summary
------------------------------------------------------------------

Setup views included:
 TC_NOMINAL 

+--------------------+---------+---------+---------+
|     Setup mode     |   all   | reg2reg | default |
+--------------------+---------+---------+---------+
|           WNS (ns):| -0.116  | -0.116  |  0.236  |
|           TNS (ns):| -0.305  | -0.305  |  0.000  |
|    Violating Paths:|    7    |    7    |    0    |
|          All Paths:|  4886   |  4862   |  2192   |
+--------------------+---------+---------+---------+

+----------------+-------------------------------+------------------+
|                |              Real             |       Total      |
|    DRVs        +------------------+------------+------------------|
|                |  Nr nets(terms)  | Worst Vio  |  Nr nets(terms)  |
+----------------+------------------+------------+------------------+
|   max_cap      |      0 (0)       |   0.000    |      0 (0)       |
|   max_tran     |      0 (0)       |   0.000    |      0 (0)       |
|   max_fanout   |      0 (0)       |     0      |      0 (0)       |
|   max_length   |      0 (0)       |     0      |      0 (0)       |
+----------------+------------------+------------+------------------+

Density: 47.893%
Routing Overflow: 0.36% H and 0.05% V
------------------------------------------------------------------
Reported timing to dir ./timingReports
Total CPU time: 1.76 sec
Total Real time: 3.0 sec
Total Memory Usage: 2537.511719 Mbytes
