============================================================
  Generated by:           Genus(TM) Synthesis Solution 22.13-s093_1
  Generated on:           May 27 2026  02:42:27 pm
  Module:                 mptdc_top_asic
  Operating conditions:   slow_1_62V_125C 
  Interconnect mode:      global
  Area mode:              physical library
============================================================


Path 1: VIOLATED (-3338 ps) Setup Check with Pin u_core_gen_pd_row[6].gen_pd_col[1].u_pd/nfast_hit_latched_reg[1]/C->D
           View: wc_view
          Group: clk_osc_fast_tap1
     Startpoint: (R) u_core_u_fast_cnt/bin_q_reg[1]/C
          Clock: (R) clk_osc_fast
       Endpoint: (F) u_core_gen_pd_row[6].gen_pd_col[1].u_pd/nfast_hit_latched_reg[1]/D
          Clock: (R) clk_osc_fast_tap1

                     Capture       Launch     
        Clock Edge:+      50            0     
       Src Latency:+       0            0     
       Net Latency:+       0 (I)        0 (I) 
           Arrival:=      50            0     
                                              
             Setup:-     674                  
       Uncertainty:-      50                  
     Required Time:=    -674                  
      Launch Clock:-       0                  
         Data Path:-    2664                  
             Slack:=   -3338                  

#--------------------------------------------------------------------------------------------------------------------------------------------
#                           Timing Point                             Flags   Arc   Edge   Cell     Fanout  Load Trans Delay Arrival Instance 
#                                                                                                          (fF)  (ps)  (ps)   (ps)  Location 
#--------------------------------------------------------------------------------------------------------------------------------------------
  u_core_u_fast_cnt/bin_q_reg[1]/C                                   -       -     R     (arrival)    111     -   150     0       0    (-,-) 
  u_core_u_fast_cnt/bin_q_reg[1]/Q                                   -       C->Q  F     DFRRQHDX1      5  74.9   483  1288    1288    (-,-) 
  g74238/Q                                                           -       A->Q  R     INHDX4         2  43.5   191   260    1548    (-,-) 
  g74234/Q                                                           -       A->Q  R     BUHDX4         2 103.7   262   364    1913    (-,-) 
  g74233/Q                                                           -       A->Q  F     INHDX6        16 151.7   228   286    2199    (-,-) 
  u_core_gen_pd_row[6].gen_pd_col[1].u_pd/g1141/Q                    -       A->Q  R     INHDX1         1  14.3   187   220    2418    (-,-) 
  u_core_gen_pd_row[6].gen_pd_col[1].u_pd/g1118__7482/Q              -       B->Q  F     ON21HDX1       1  12.3   210   245    2663    (-,-) 
  u_core_gen_pd_row[6].gen_pd_col[1].u_pd/nfast_hit_latched_reg[1]/D -       -     F     DFRRQHDX1      1     -     -     0    2664    (-,-) 
#--------------------------------------------------------------------------------------------------------------------------------------------



Path 2: VIOLATED (-3338 ps) Setup Check with Pin u_core_gen_pd_row[3].gen_pd_col[1].u_pd/nfast_hit_latched_reg[1]/C->D
           View: wc_view
          Group: clk_osc_fast_tap1
     Startpoint: (R) u_core_u_fast_cnt/bin_q_reg[1]/C
          Clock: (R) clk_osc_fast
       Endpoint: (F) u_core_gen_pd_row[3].gen_pd_col[1].u_pd/nfast_hit_latched_reg[1]/D
          Clock: (R) clk_osc_fast_tap1

                     Capture       Launch     
        Clock Edge:+      50            0     
       Src Latency:+       0            0     
       Net Latency:+       0 (I)        0 (I) 
           Arrival:=      50            0     
                                              
             Setup:-     674                  
       Uncertainty:-      50                  
     Required Time:=    -674                  
      Launch Clock:-       0                  
         Data Path:-    2664                  
             Slack:=   -3338                  

#--------------------------------------------------------------------------------------------------------------------------------------------
#                           Timing Point                             Flags   Arc   Edge   Cell     Fanout  Load Trans Delay Arrival Instance 
#                                                                                                          (fF)  (ps)  (ps)   (ps)  Location 
#--------------------------------------------------------------------------------------------------------------------------------------------
  u_core_u_fast_cnt/bin_q_reg[1]/C                                   -       -     R     (arrival)    111     -   150     0       0    (-,-) 
  u_core_u_fast_cnt/bin_q_reg[1]/Q                                   -       C->Q  F     DFRRQHDX1      5  74.9   483  1288    1288    (-,-) 
  g74238/Q                                                           -       A->Q  R     INHDX4         2  43.5   191   260    1548    (-,-) 
  g74234/Q                                                           -       A->Q  R     BUHDX4         2 103.7   262   364    1913    (-,-) 
  g74233/Q                                                           -       A->Q  F     INHDX6        16 151.7   228   286    2199    (-,-) 
  u_core_gen_pd_row[3].gen_pd_col[1].u_pd/g1141/Q                    -       A->Q  R     INHDX1         1  14.3   187   220    2418    (-,-) 
  u_core_gen_pd_row[3].gen_pd_col[1].u_pd/g1118__7482/Q              -       B->Q  F     ON21HDX1       1  12.3   210   245    2663    (-,-) 
  u_core_gen_pd_row[3].gen_pd_col[1].u_pd/nfast_hit_latched_reg[1]/D -       -     F     DFRRQHDX1      1     -     -     0    2664    (-,-) 
#--------------------------------------------------------------------------------------------------------------------------------------------



Path 3: VIOLATED (-3338 ps) Setup Check with Pin u_core_gen_pd_row[0].gen_pd_col[1].u_pd/nfast_hit_latched_reg[1]/C->D
           View: wc_view
          Group: clk_osc_fast_tap1
     Startpoint: (R) u_core_u_fast_cnt/bin_q_reg[1]/C
          Clock: (R) clk_osc_fast
       Endpoint: (F) u_core_gen_pd_row[0].gen_pd_col[1].u_pd/nfast_hit_latched_reg[1]/D
          Clock: (R) clk_osc_fast_tap1

                     Capture       Launch     
        Clock Edge:+      50            0     
       Src Latency:+       0            0     
       Net Latency:+       0 (I)        0 (I) 
           Arrival:=      50            0     
                                              
             Setup:-     674                  
       Uncertainty:-      50                  
     Required Time:=    -674                  
      Launch Clock:-       0                  
         Data Path:-    2664                  
             Slack:=   -3338                  

#--------------------------------------------------------------------------------------------------------------------------------------------
#                           Timing Point                             Flags   Arc   Edge   Cell     Fanout  Load Trans Delay Arrival Instance 
#                                                                                                          (fF)  (ps)  (ps)   (ps)  Location 
#--------------------------------------------------------------------------------------------------------------------------------------------
  u_core_u_fast_cnt/bin_q_reg[1]/C                                   -       -     R     (arrival)    111     -   150     0       0    (-,-) 
  u_core_u_fast_cnt/bin_q_reg[1]/Q                                   -       C->Q  F     DFRRQHDX1      5  74.9   483  1288    1288    (-,-) 
  g74238/Q                                                           -       A->Q  R     INHDX4         2  43.5   191   260    1548    (-,-) 
  g74234/Q                                                           -       A->Q  R     BUHDX4         2 103.7   262   364    1913    (-,-) 
  g74233/Q                                                           -       A->Q  F     INHDX6        16 151.7   228   286    2199    (-,-) 
  u_core_gen_pd_row[0].gen_pd_col[1].u_pd/g1141/Q                    -       A->Q  R     INHDX1         1  14.3   187   220    2418    (-,-) 
  u_core_gen_pd_row[0].gen_pd_col[1].u_pd/g1118__7482/Q              -       B->Q  F     ON21HDX1       1  12.3   210   245    2663    (-,-) 
  u_core_gen_pd_row[0].gen_pd_col[1].u_pd/nfast_hit_latched_reg[1]/D -       -     F     DFRRQHDX1      1     -     -     0    2664    (-,-) 
#--------------------------------------------------------------------------------------------------------------------------------------------



Path 4: VIOLATED (-3335 ps) Setup Check with Pin u_core_gen_pd_row[7].gen_pd_col[1].u_pd/nfast_hit_latched_reg[1]/C->D
           View: wc_view
          Group: clk_osc_fast_tap1
     Startpoint: (R) u_core_u_fast_cnt/bin_q_reg[1]/C
          Clock: (R) clk_osc_fast
       Endpoint: (F) u_core_gen_pd_row[7].gen_pd_col[1].u_pd/nfast_hit_latched_reg[1]/D
          Clock: (R) clk_osc_fast_tap1

                     Capture       Launch     
        Clock Edge:+      50            0     
       Src Latency:+       0            0     
       Net Latency:+       0 (I)        0 (I) 
           Arrival:=      50            0     
                                              
             Setup:-     672                  
       Uncertainty:-      50                  
     Required Time:=    -672                  
      Launch Clock:-       0                  
         Data Path:-    2664                  
             Slack:=   -3335                  

#--------------------------------------------------------------------------------------------------------------------------------------------
#                           Timing Point                             Flags   Arc   Edge   Cell     Fanout  Load Trans Delay Arrival Instance 
#                                                                                                          (fF)  (ps)  (ps)   (ps)  Location 
#--------------------------------------------------------------------------------------------------------------------------------------------
  u_core_u_fast_cnt/bin_q_reg[1]/C                                   -       -     R     (arrival)    111     -   150     0       0    (-,-) 
  u_core_u_fast_cnt/bin_q_reg[1]/Q                                   -       C->Q  F     DFRRQHDX1      5  74.9   483  1288    1288    (-,-) 
  g74238/Q                                                           -       A->Q  R     INHDX4         2  43.5   191   260    1548    (-,-) 
  g74237/Q                                                           -       A->Q  R     BUHDX4         2 103.7   262   364    1913    (-,-) 
  g74235/Q                                                           -       A->Q  F     INHDX6        16 151.7   228   286    2199    (-,-) 
  u_core_gen_pd_row[7].gen_pd_col[1].u_pd/g1141/Q                    -       A->Q  R     INHDX1         1  14.3   187   220    2418    (-,-) 
  u_core_gen_pd_row[7].gen_pd_col[1].u_pd/g1118__7482/Q              -       B->Q  F     ON21HDX1       1  12.3   199   245    2663    (-,-) 
  u_core_gen_pd_row[7].gen_pd_col[1].u_pd/nfast_hit_latched_reg[1]/D -       -     F     DFRRQHDX1      1     -     -     0    2664    (-,-) 
#--------------------------------------------------------------------------------------------------------------------------------------------



Path 5: VIOLATED (-3335 ps) Setup Check with Pin u_core_gen_pd_row[5].gen_pd_col[1].u_pd/nfast_hit_latched_reg[1]/C->D
           View: wc_view
          Group: clk_osc_fast_tap1
     Startpoint: (R) u_core_u_fast_cnt/bin_q_reg[1]/C
          Clock: (R) clk_osc_fast
       Endpoint: (F) u_core_gen_pd_row[5].gen_pd_col[1].u_pd/nfast_hit_latched_reg[1]/D
          Clock: (R) clk_osc_fast_tap1

                     Capture       Launch     
        Clock Edge:+      50            0     
       Src Latency:+       0            0     
       Net Latency:+       0 (I)        0 (I) 
           Arrival:=      50            0     
                                              
             Setup:-     672                  
       Uncertainty:-      50                  
     Required Time:=    -672                  
      Launch Clock:-       0                  
         Data Path:-    2664                  
             Slack:=   -3335                  

#--------------------------------------------------------------------------------------------------------------------------------------------
#                           Timing Point                             Flags   Arc   Edge   Cell     Fanout  Load Trans Delay Arrival Instance 
#                                                                                                          (fF)  (ps)  (ps)   (ps)  Location 
#--------------------------------------------------------------------------------------------------------------------------------------------
  u_core_u_fast_cnt/bin_q_reg[1]/C                                   -       -     R     (arrival)    111     -   150     0       0    (-,-) 
  u_core_u_fast_cnt/bin_q_reg[1]/Q                                   -       C->Q  F     DFRRQHDX1      5  74.9   483  1288    1288    (-,-) 
  g74238/Q                                                           -       A->Q  R     INHDX4         2  43.5   191   260    1548    (-,-) 
  g74237/Q                                                           -       A->Q  R     BUHDX4         2 103.7   262   364    1913    (-,-) 
  g74235/Q                                                           -       A->Q  F     INHDX6        16 151.7   228   286    2199    (-,-) 
  u_core_gen_pd_row[5].gen_pd_col[1].u_pd/g1141/Q                    -       A->Q  R     INHDX1         1  14.3   187   220    2418    (-,-) 
  u_core_gen_pd_row[5].gen_pd_col[1].u_pd/g1118__7482/Q              -       B->Q  F     ON21HDX1       1  12.3   199   245    2663    (-,-) 
  u_core_gen_pd_row[5].gen_pd_col[1].u_pd/nfast_hit_latched_reg[1]/D -       -     F     DFRRQHDX1      1     -     -     0    2664    (-,-) 
#--------------------------------------------------------------------------------------------------------------------------------------------



Path 6: VIOLATED (-3335 ps) Setup Check with Pin u_core_gen_pd_row[4].gen_pd_col[1].u_pd/nfast_hit_latched_reg[1]/C->D
           View: wc_view
          Group: clk_osc_fast_tap1
     Startpoint: (R) u_core_u_fast_cnt/bin_q_reg[1]/C
          Clock: (R) clk_osc_fast
       Endpoint: (F) u_core_gen_pd_row[4].gen_pd_col[1].u_pd/nfast_hit_latched_reg[1]/D
          Clock: (R) clk_osc_fast_tap1

                     Capture       Launch     
        Clock Edge:+      50            0     
       Src Latency:+       0            0     
       Net Latency:+       0 (I)        0 (I) 
           Arrival:=      50            0     
                                              
             Setup:-     672                  
       Uncertainty:-      50                  
     Required Time:=    -672                  
      Launch Clock:-       0                  
         Data Path:-    2664                  
             Slack:=   -3335                  

#--------------------------------------------------------------------------------------------------------------------------------------------
#                           Timing Point                             Flags   Arc   Edge   Cell     Fanout  Load Trans Delay Arrival Instance 
#                                                                                                          (fF)  (ps)  (ps)   (ps)  Location 
#--------------------------------------------------------------------------------------------------------------------------------------------
  u_core_u_fast_cnt/bin_q_reg[1]/C                                   -       -     R     (arrival)    111     -   150     0       0    (-,-) 
  u_core_u_fast_cnt/bin_q_reg[1]/Q                                   -       C->Q  F     DFRRQHDX1      5  74.9   483  1288    1288    (-,-) 
  g74238/Q                                                           -       A->Q  R     INHDX4         2  43.5   191   260    1548    (-,-) 
  g74237/Q                                                           -       A->Q  R     BUHDX4         2 103.7   262   364    1913    (-,-) 
  g74235/Q                                                           -       A->Q  F     INHDX6        16 151.7   228   286    2199    (-,-) 
  u_core_gen_pd_row[4].gen_pd_col[1].u_pd/g1141/Q                    -       A->Q  R     INHDX1         1  14.3   187   220    2418    (-,-) 
  u_core_gen_pd_row[4].gen_pd_col[1].u_pd/g1118__7482/Q              -       B->Q  F     ON21HDX1       1  12.3   199   245    2663    (-,-) 
  u_core_gen_pd_row[4].gen_pd_col[1].u_pd/nfast_hit_latched_reg[1]/D -       -     F     DFRRQHDX1      1     -     -     0    2664    (-,-) 
#--------------------------------------------------------------------------------------------------------------------------------------------



Path 7: VIOLATED (-3335 ps) Setup Check with Pin u_core_gen_pd_row[2].gen_pd_col[1].u_pd/nfast_hit_latched_reg[1]/C->D
           View: wc_view
          Group: clk_osc_fast_tap1
     Startpoint: (R) u_core_u_fast_cnt/bin_q_reg[1]/C
          Clock: (R) clk_osc_fast
       Endpoint: (F) u_core_gen_pd_row[2].gen_pd_col[1].u_pd/nfast_hit_latched_reg[1]/D
          Clock: (R) clk_osc_fast_tap1

                     Capture       Launch     
        Clock Edge:+      50            0     
       Src Latency:+       0            0     
       Net Latency:+       0 (I)        0 (I) 
           Arrival:=      50            0     
                                              
             Setup:-     672                  
       Uncertainty:-      50                  
     Required Time:=    -672                  
      Launch Clock:-       0                  
         Data Path:-    2664                  
             Slack:=   -3335                  

#--------------------------------------------------------------------------------------------------------------------------------------------
#                           Timing Point                             Flags   Arc   Edge   Cell     Fanout  Load Trans Delay Arrival Instance 
#                                                                                                          (fF)  (ps)  (ps)   (ps)  Location 
#--------------------------------------------------------------------------------------------------------------------------------------------
  u_core_u_fast_cnt/bin_q_reg[1]/C                                   -       -     R     (arrival)    111     -   150     0       0    (-,-) 
  u_core_u_fast_cnt/bin_q_reg[1]/Q                                   -       C->Q  F     DFRRQHDX1      5  74.9   483  1288    1288    (-,-) 
  g74238/Q                                                           -       A->Q  R     INHDX4         2  43.5   191   260    1548    (-,-) 
  g74237/Q                                                           -       A->Q  R     BUHDX4         2 103.7   262   364    1913    (-,-) 
  g74235/Q                                                           -       A->Q  F     INHDX6        16 151.7   228   286    2199    (-,-) 
  u_core_gen_pd_row[2].gen_pd_col[1].u_pd/g1141/Q                    -       A->Q  R     INHDX1         1  14.3   187   220    2418    (-,-) 
  u_core_gen_pd_row[2].gen_pd_col[1].u_pd/g1118__7482/Q              -       B->Q  F     ON21HDX1       1  12.3   199   245    2663    (-,-) 
  u_core_gen_pd_row[2].gen_pd_col[1].u_pd/nfast_hit_latched_reg[1]/D -       -     F     DFRRQHDX1      1     -     -     0    2664    (-,-) 
#--------------------------------------------------------------------------------------------------------------------------------------------



Path 8: VIOLATED (-3335 ps) Setup Check with Pin u_core_gen_pd_row[1].gen_pd_col[1].u_pd/nfast_hit_latched_reg[1]/C->D
           View: wc_view
          Group: clk_osc_fast_tap1
     Startpoint: (R) u_core_u_fast_cnt/bin_q_reg[1]/C
          Clock: (R) clk_osc_fast
       Endpoint: (F) u_core_gen_pd_row[1].gen_pd_col[1].u_pd/nfast_hit_latched_reg[1]/D
          Clock: (R) clk_osc_fast_tap1

                     Capture       Launch     
        Clock Edge:+      50            0     
       Src Latency:+       0            0     
       Net Latency:+       0 (I)        0 (I) 
           Arrival:=      50            0     
                                              
             Setup:-     672                  
       Uncertainty:-      50                  
     Required Time:=    -672                  
      Launch Clock:-       0                  
         Data Path:-    2664                  
             Slack:=   -3335                  

#--------------------------------------------------------------------------------------------------------------------------------------------
#                           Timing Point                             Flags   Arc   Edge   Cell     Fanout  Load Trans Delay Arrival Instance 
#                                                                                                          (fF)  (ps)  (ps)   (ps)  Location 
#--------------------------------------------------------------------------------------------------------------------------------------------
  u_core_u_fast_cnt/bin_q_reg[1]/C                                   -       -     R     (arrival)    111     -   150     0       0    (-,-) 
  u_core_u_fast_cnt/bin_q_reg[1]/Q                                   -       C->Q  F     DFRRQHDX1      5  74.9   483  1288    1288    (-,-) 
  g74238/Q                                                           -       A->Q  R     INHDX4         2  43.5   191   260    1548    (-,-) 
  g74237/Q                                                           -       A->Q  R     BUHDX4         2 103.7   262   364    1913    (-,-) 
  g74236/Q                                                           -       A->Q  F     INHDX6        16 151.7   228   286    2199    (-,-) 
  u_core_gen_pd_row[1].gen_pd_col[1].u_pd/g1141/Q                    -       A->Q  R     INHDX1         1  14.3   187   220    2418    (-,-) 
  u_core_gen_pd_row[1].gen_pd_col[1].u_pd/g1118__7482/Q              -       B->Q  F     ON21HDX1       1  12.3   199   245    2663    (-,-) 
  u_core_gen_pd_row[1].gen_pd_col[1].u_pd/nfast_hit_latched_reg[1]/D -       -     F     DFRRQHDX1      1     -     -     0    2664    (-,-) 
#--------------------------------------------------------------------------------------------------------------------------------------------



Path 9: VIOLATED (-3315 ps) Setup Check with Pin u_core_gen_pd_row[7].gen_pd_col[1].u_pd/nfast_hit_latched_reg[0]/C->D
           View: wc_view
          Group: clk_osc_fast_tap1
     Startpoint: (R) u_core_u_fast_cnt/bin_q_reg[0]/C
          Clock: (R) clk_osc_fast
       Endpoint: (F) u_core_gen_pd_row[7].gen_pd_col[1].u_pd/nfast_hit_latched_reg[0]/D
          Clock: (R) clk_osc_fast_tap1

                     Capture       Launch     
        Clock Edge:+      50            0     
       Src Latency:+       0            0     
       Net Latency:+       0 (I)        0 (I) 
           Arrival:=      50            0     
                                              
             Setup:-     640                  
       Uncertainty:-      50                  
     Required Time:=    -640                  
      Launch Clock:-       0                  
         Data Path:-    2674                  
             Slack:=   -3315                  

#--------------------------------------------------------------------------------------------------------------------------------------------
#                           Timing Point                             Flags   Arc   Edge   Cell     Fanout  Load Trans Delay Arrival Instance 
#                                                                                                          (fF)  (ps)  (ps)   (ps)  Location 
#--------------------------------------------------------------------------------------------------------------------------------------------
  u_core_u_fast_cnt/bin_q_reg[0]/C                                   -       -     R     (arrival)    111     -   150     0       0    (-,-) 
  u_core_u_fast_cnt/bin_q_reg[0]/Q                                   -       C->Q  F     DFRRQHDX1      6  77.0   491  1298    1298    (-,-) 
  g74229/Q                                                           -       A->Q  R     INHDX4         2  43.5   192   262    1560    (-,-) 
  g74228/Q                                                           -       A->Q  R     BUHDX4         2 103.7   262   365    1924    (-,-) 
  g74226/Q                                                           -       A->Q  F     INHDX6        16 151.7   228   286    2210    (-,-) 
  u_core_gen_pd_row[7].gen_pd_col[1].u_pd/g1142/Q                    -       A->Q  R     INHDX1         1  14.3   187   220    2430    (-,-) 
  u_core_gen_pd_row[7].gen_pd_col[1].u_pd/g1121/Q                    -       B->Q  F     ON21HDX1       1  12.2   209   244    2674    (-,-) 
  u_core_gen_pd_row[7].gen_pd_col[1].u_pd/nfast_hit_latched_reg[0]/D -       -     F     DFRRQHDX4      1     -     -     0    2674    (-,-) 
#--------------------------------------------------------------------------------------------------------------------------------------------



Path 10: VIOLATED (-3315 ps) Setup Check with Pin u_core_gen_pd_row[6].gen_pd_col[1].u_pd/nfast_hit_latched_reg[0]/C->D
           View: wc_view
          Group: clk_osc_fast_tap1
     Startpoint: (R) u_core_u_fast_cnt/bin_q_reg[0]/C
          Clock: (R) clk_osc_fast
       Endpoint: (F) u_core_gen_pd_row[6].gen_pd_col[1].u_pd/nfast_hit_latched_reg[0]/D
          Clock: (R) clk_osc_fast_tap1

                     Capture       Launch     
        Clock Edge:+      50            0     
       Src Latency:+       0            0     
       Net Latency:+       0 (I)        0 (I) 
           Arrival:=      50            0     
                                              
             Setup:-     640                  
       Uncertainty:-      50                  
     Required Time:=    -640                  
      Launch Clock:-       0                  
         Data Path:-    2674                  
             Slack:=   -3315                  

#--------------------------------------------------------------------------------------------------------------------------------------------
#                           Timing Point                             Flags   Arc   Edge   Cell     Fanout  Load Trans Delay Arrival Instance 
#                                                                                                          (fF)  (ps)  (ps)   (ps)  Location 
#--------------------------------------------------------------------------------------------------------------------------------------------
  u_core_u_fast_cnt/bin_q_reg[0]/C                                   -       -     R     (arrival)    111     -   150     0       0    (-,-) 
  u_core_u_fast_cnt/bin_q_reg[0]/Q                                   -       C->Q  F     DFRRQHDX1      6  77.0   491  1298    1298    (-,-) 
  g74229/Q                                                           -       A->Q  R     INHDX4         2  43.5   192   262    1560    (-,-) 
  g74225/Q                                                           -       A->Q  R     BUHDX4         2 103.7   262   365    1924    (-,-) 
  g74224/Q                                                           -       A->Q  F     INHDX6        16 151.7   228   286    2210    (-,-) 
  u_core_gen_pd_row[6].gen_pd_col[1].u_pd/g1142/Q                    -       A->Q  R     INHDX1         1  14.3   187   220    2430    (-,-) 
  u_core_gen_pd_row[6].gen_pd_col[1].u_pd/g1121__9315/Q              -       B->Q  F     ON21HDX1       1  12.2   209   244    2674    (-,-) 
  u_core_gen_pd_row[6].gen_pd_col[1].u_pd/nfast_hit_latched_reg[0]/D -       -     F     DFRRQHDX4      1     -     -     0    2674    (-,-) 
#--------------------------------------------------------------------------------------------------------------------------------------------



Path 11: VIOLATED (-3315 ps) Setup Check with Pin u_core_gen_pd_row[5].gen_pd_col[1].u_pd/nfast_hit_latched_reg[0]/C->D
           View: wc_view
          Group: clk_osc_fast_tap1
     Startpoint: (R) u_core_u_fast_cnt/bin_q_reg[0]/C
          Clock: (R) clk_osc_fast
       Endpoint: (F) u_core_gen_pd_row[5].gen_pd_col[1].u_pd/nfast_hit_latched_reg[0]/D
          Clock: (R) clk_osc_fast_tap1

                     Capture       Launch     
        Clock Edge:+      50            0     
       Src Latency:+       0            0     
       Net Latency:+       0 (I)        0 (I) 
           Arrival:=      50            0     
                                              
             Setup:-     640                  
       Uncertainty:-      50                  
     Required Time:=    -640                  
      Launch Clock:-       0                  
         Data Path:-    2674                  
             Slack:=   -3315                  

#--------------------------------------------------------------------------------------------------------------------------------------------
#                           Timing Point                             Flags   Arc   Edge   Cell     Fanout  Load Trans Delay Arrival Instance 
#                                                                                                          (fF)  (ps)  (ps)   (ps)  Location 
#--------------------------------------------------------------------------------------------------------------------------------------------
  u_core_u_fast_cnt/bin_q_reg[0]/C                                   -       -     R     (arrival)    111     -   150     0       0    (-,-) 
  u_core_u_fast_cnt/bin_q_reg[0]/Q                                   -       C->Q  F     DFRRQHDX1      6  77.0   491  1298    1298    (-,-) 
  g74229/Q                                                           -       A->Q  R     INHDX4         2  43.5   192   262    1560    (-,-) 
  g74228/Q                                                           -       A->Q  R     BUHDX4         2 103.7   262   365    1924    (-,-) 
  g74226/Q                                                           -       A->Q  F     INHDX6        16 151.7   228   286    2210    (-,-) 
  u_core_gen_pd_row[5].gen_pd_col[1].u_pd/g1142/Q                    -       A->Q  R     INHDX1         1  14.3   187   220    2430    (-,-) 
  u_core_gen_pd_row[5].gen_pd_col[1].u_pd/g1121__9315/Q              -       B->Q  F     ON21HDX1       1  12.2   209   244    2674    (-,-) 
  u_core_gen_pd_row[5].gen_pd_col[1].u_pd/nfast_hit_latched_reg[0]/D -       -     F     DFRRQHDX4      1     -     -     0    2674    (-,-) 
#--------------------------------------------------------------------------------------------------------------------------------------------



Path 12: VIOLATED (-3315 ps) Setup Check with Pin u_core_gen_pd_row[4].gen_pd_col[1].u_pd/nfast_hit_latched_reg[0]/C->D
           View: wc_view
          Group: clk_osc_fast_tap1
     Startpoint: (R) u_core_u_fast_cnt/bin_q_reg[0]/C
          Clock: (R) clk_osc_fast
       Endpoint: (F) u_core_gen_pd_row[4].gen_pd_col[1].u_pd/nfast_hit_latched_reg[0]/D
          Clock: (R) clk_osc_fast_tap1

                     Capture       Launch     
        Clock Edge:+      50            0     
       Src Latency:+       0            0     
       Net Latency:+       0 (I)        0 (I) 
           Arrival:=      50            0     
                                              
             Setup:-     640                  
       Uncertainty:-      50                  
     Required Time:=    -640                  
      Launch Clock:-       0                  
         Data Path:-    2674                  
             Slack:=   -3315                  

#--------------------------------------------------------------------------------------------------------------------------------------------
#                           Timing Point                             Flags   Arc   Edge   Cell     Fanout  Load Trans Delay Arrival Instance 
#                                                                                                          (fF)  (ps)  (ps)   (ps)  Location 
#--------------------------------------------------------------------------------------------------------------------------------------------
  u_core_u_fast_cnt/bin_q_reg[0]/C                                   -       -     R     (arrival)    111     -   150     0       0    (-,-) 
  u_core_u_fast_cnt/bin_q_reg[0]/Q                                   -       C->Q  F     DFRRQHDX1      6  77.0   491  1298    1298    (-,-) 
  g74229/Q                                                           -       A->Q  R     INHDX4         2  43.5   192   262    1560    (-,-) 
  g74228/Q                                                           -       A->Q  R     BUHDX4         2 103.7   262   365    1924    (-,-) 
  g74226/Q                                                           -       A->Q  F     INHDX6        16 151.7   228   286    2210    (-,-) 
  u_core_gen_pd_row[4].gen_pd_col[1].u_pd/g1142/Q                    -       A->Q  R     INHDX1         1  14.3   187   220    2430    (-,-) 
  u_core_gen_pd_row[4].gen_pd_col[1].u_pd/g1121__9315/Q              -       B->Q  F     ON21HDX1       1  12.2   209   244    2674    (-,-) 
  u_core_gen_pd_row[4].gen_pd_col[1].u_pd/nfast_hit_latched_reg[0]/D -       -     F     DFRRQHDX4      1     -     -     0    2674    (-,-) 
#--------------------------------------------------------------------------------------------------------------------------------------------



Path 13: VIOLATED (-3315 ps) Setup Check with Pin u_core_gen_pd_row[3].gen_pd_col[1].u_pd/nfast_hit_latched_reg[0]/C->D
           View: wc_view
          Group: clk_osc_fast_tap1
     Startpoint: (R) u_core_u_fast_cnt/bin_q_reg[0]/C
          Clock: (R) clk_osc_fast
       Endpoint: (F) u_core_gen_pd_row[3].gen_pd_col[1].u_pd/nfast_hit_latched_reg[0]/D
          Clock: (R) clk_osc_fast_tap1

                     Capture       Launch     
        Clock Edge:+      50            0     
       Src Latency:+       0            0     
       Net Latency:+       0 (I)        0 (I) 
           Arrival:=      50            0     
                                              
             Setup:-     640                  
       Uncertainty:-      50                  
     Required Time:=    -640                  
      Launch Clock:-       0                  
         Data Path:-    2674                  
             Slack:=   -3315                  

#--------------------------------------------------------------------------------------------------------------------------------------------
#                           Timing Point                             Flags   Arc   Edge   Cell     Fanout  Load Trans Delay Arrival Instance 
#                                                                                                          (fF)  (ps)  (ps)   (ps)  Location 
#--------------------------------------------------------------------------------------------------------------------------------------------
  u_core_u_fast_cnt/bin_q_reg[0]/C                                   -       -     R     (arrival)    111     -   150     0       0    (-,-) 
  u_core_u_fast_cnt/bin_q_reg[0]/Q                                   -       C->Q  F     DFRRQHDX1      6  77.0   491  1298    1298    (-,-) 
  g74229/Q                                                           -       A->Q  R     INHDX4         2  43.5   192   262    1560    (-,-) 
  g74225/Q                                                           -       A->Q  R     BUHDX4         2 103.7   262   365    1924    (-,-) 
  g74224/Q                                                           -       A->Q  F     INHDX6        16 151.7   228   286    2210    (-,-) 
  u_core_gen_pd_row[3].gen_pd_col[1].u_pd/g1142/Q                    -       A->Q  R     INHDX1         1  14.3   187   220    2430    (-,-) 
  u_core_gen_pd_row[3].gen_pd_col[1].u_pd/g1121__9315/Q              -       B->Q  F     ON21HDX1       1  12.2   209   244    2674    (-,-) 
  u_core_gen_pd_row[3].gen_pd_col[1].u_pd/nfast_hit_latched_reg[0]/D -       -     F     DFRRQHDX4      1     -     -     0    2674    (-,-) 
#--------------------------------------------------------------------------------------------------------------------------------------------



Path 14: VIOLATED (-3315 ps) Setup Check with Pin u_core_gen_pd_row[2].gen_pd_col[1].u_pd/nfast_hit_latched_reg[0]/C->D
           View: wc_view
          Group: clk_osc_fast_tap1
     Startpoint: (R) u_core_u_fast_cnt/bin_q_reg[0]/C
          Clock: (R) clk_osc_fast
       Endpoint: (F) u_core_gen_pd_row[2].gen_pd_col[1].u_pd/nfast_hit_latched_reg[0]/D
          Clock: (R) clk_osc_fast_tap1

                     Capture       Launch     
        Clock Edge:+      50            0     
       Src Latency:+       0            0     
       Net Latency:+       0 (I)        0 (I) 
           Arrival:=      50            0     
                                              
             Setup:-     640                  
       Uncertainty:-      50                  
     Required Time:=    -640                  
      Launch Clock:-       0                  
         Data Path:-    2674                  
             Slack:=   -3315                  

#--------------------------------------------------------------------------------------------------------------------------------------------
#                           Timing Point                             Flags   Arc   Edge   Cell     Fanout  Load Trans Delay Arrival Instance 
#                                                                                                          (fF)  (ps)  (ps)   (ps)  Location 
#--------------------------------------------------------------------------------------------------------------------------------------------
  u_core_u_fast_cnt/bin_q_reg[0]/C                                   -       -     R     (arrival)    111     -   150     0       0    (-,-) 
  u_core_u_fast_cnt/bin_q_reg[0]/Q                                   -       C->Q  F     DFRRQHDX1      6  77.0   491  1298    1298    (-,-) 
  g74229/Q                                                           -       A->Q  R     INHDX4         2  43.5   192   262    1560    (-,-) 
  g74228/Q                                                           -       A->Q  R     BUHDX4         2 103.7   262   365    1924    (-,-) 
  g74226/Q                                                           -       A->Q  F     INHDX6        16 151.7   228   286    2210    (-,-) 
  u_core_gen_pd_row[2].gen_pd_col[1].u_pd/g1142/Q                    -       A->Q  R     INHDX1         1  14.3   187   220    2430    (-,-) 
  u_core_gen_pd_row[2].gen_pd_col[1].u_pd/g1121__9315/Q              -       B->Q  F     ON21HDX1       1  12.2   209   244    2674    (-,-) 
  u_core_gen_pd_row[2].gen_pd_col[1].u_pd/nfast_hit_latched_reg[0]/D -       -     F     DFRRQHDX4      1     -     -     0    2674    (-,-) 
#--------------------------------------------------------------------------------------------------------------------------------------------



Path 15: VIOLATED (-3315 ps) Setup Check with Pin u_core_gen_pd_row[1].gen_pd_col[1].u_pd/nfast_hit_latched_reg[0]/C->D
           View: wc_view
          Group: clk_osc_fast_tap1
     Startpoint: (R) u_core_u_fast_cnt/bin_q_reg[0]/C
          Clock: (R) clk_osc_fast
       Endpoint: (F) u_core_gen_pd_row[1].gen_pd_col[1].u_pd/nfast_hit_latched_reg[0]/D
          Clock: (R) clk_osc_fast_tap1

                     Capture       Launch     
        Clock Edge:+      50            0     
       Src Latency:+       0            0     
       Net Latency:+       0 (I)        0 (I) 
           Arrival:=      50            0     
                                              
             Setup:-     640                  
       Uncertainty:-      50                  
     Required Time:=    -640                  
      Launch Clock:-       0                  
         Data Path:-    2674                  
             Slack:=   -3315                  

#--------------------------------------------------------------------------------------------------------------------------------------------
#                           Timing Point                             Flags   Arc   Edge   Cell     Fanout  Load Trans Delay Arrival Instance 
#                                                                                                          (fF)  (ps)  (ps)   (ps)  Location 
#--------------------------------------------------------------------------------------------------------------------------------------------
  u_core_u_fast_cnt/bin_q_reg[0]/C                                   -       -     R     (arrival)    111     -   150     0       0    (-,-) 
  u_core_u_fast_cnt/bin_q_reg[0]/Q                                   -       C->Q  F     DFRRQHDX1      6  77.0   491  1298    1298    (-,-) 
  g74229/Q                                                           -       A->Q  R     INHDX4         2  43.5   192   262    1560    (-,-) 
  g74228/Q                                                           -       A->Q  R     BUHDX4         2 103.7   262   365    1924    (-,-) 
  g74227/Q                                                           -       A->Q  F     INHDX6        16 151.7   228   286    2210    (-,-) 
  u_core_gen_pd_row[1].gen_pd_col[1].u_pd/g1142/Q                    -       A->Q  R     INHDX1         1  14.3   187   220    2430    (-,-) 
  u_core_gen_pd_row[1].gen_pd_col[1].u_pd/g1121__9315/Q              -       B->Q  F     ON21HDX1       1  12.2   209   244    2674    (-,-) 
  u_core_gen_pd_row[1].gen_pd_col[1].u_pd/nfast_hit_latched_reg[0]/D -       -     F     DFRRQHDX4      1     -     -     0    2674    (-,-) 
#--------------------------------------------------------------------------------------------------------------------------------------------



Path 16: VIOLATED (-3315 ps) Setup Check with Pin u_core_gen_pd_row[0].gen_pd_col[1].u_pd/nfast_hit_latched_reg[0]/C->D
           View: wc_view
          Group: clk_osc_fast_tap1
     Startpoint: (R) u_core_u_fast_cnt/bin_q_reg[0]/C
          Clock: (R) clk_osc_fast
       Endpoint: (F) u_core_gen_pd_row[0].gen_pd_col[1].u_pd/nfast_hit_latched_reg[0]/D
          Clock: (R) clk_osc_fast_tap1

                     Capture       Launch     
        Clock Edge:+      50            0     
       Src Latency:+       0            0     
       Net Latency:+       0 (I)        0 (I) 
           Arrival:=      50            0     
                                              
             Setup:-     640                  
       Uncertainty:-      50                  
     Required Time:=    -640                  
      Launch Clock:-       0                  
         Data Path:-    2674                  
             Slack:=   -3315                  

#--------------------------------------------------------------------------------------------------------------------------------------------
#                           Timing Point                             Flags   Arc   Edge   Cell     Fanout  Load Trans Delay Arrival Instance 
#                                                                                                          (fF)  (ps)  (ps)   (ps)  Location 
#--------------------------------------------------------------------------------------------------------------------------------------------
  u_core_u_fast_cnt/bin_q_reg[0]/C                                   -       -     R     (arrival)    111     -   150     0       0    (-,-) 
  u_core_u_fast_cnt/bin_q_reg[0]/Q                                   -       C->Q  F     DFRRQHDX1      6  77.0   491  1298    1298    (-,-) 
  g74229/Q                                                           -       A->Q  R     INHDX4         2  43.5   192   262    1560    (-,-) 
  g74225/Q                                                           -       A->Q  R     BUHDX4         2 103.7   262   365    1924    (-,-) 
  g74224/Q                                                           -       A->Q  F     INHDX6        16 151.7   228   286    2210    (-,-) 
  u_core_gen_pd_row[0].gen_pd_col[1].u_pd/g1142/Q                    -       A->Q  R     INHDX1         1  14.3   187   220    2430    (-,-) 
  u_core_gen_pd_row[0].gen_pd_col[1].u_pd/g1121__9315/Q              -       B->Q  F     ON21HDX1       1  12.2   209   244    2674    (-,-) 
  u_core_gen_pd_row[0].gen_pd_col[1].u_pd/nfast_hit_latched_reg[0]/D -       -     F     DFRRQHDX4      1     -     -     0    2674    (-,-) 
#--------------------------------------------------------------------------------------------------------------------------------------------



Path 17: VIOLATED (-3292 ps) Setup Check with Pin u_core_gen_pd_row[6].gen_pd_col[2].u_pd/nfast_hit_latched_reg[1]/C->D
           View: wc_view
          Group: clk_osc_fast_tap2
     Startpoint: (R) u_core_u_fast_cnt/bin_q_reg[1]/C
          Clock: (R) clk_osc_fast
       Endpoint: (F) u_core_gen_pd_row[6].gen_pd_col[2].u_pd/nfast_hit_latched_reg[1]/D
          Clock: (R) clk_osc_fast_tap2

                     Capture       Launch     
        Clock Edge:+     100            0     
       Src Latency:+       0            0     
       Net Latency:+       0 (I)        0 (I) 
           Arrival:=     100            0     
                                              
             Setup:-     679                  
       Uncertainty:-      50                  
     Required Time:=    -629                  
      Launch Clock:-       0                  
         Data Path:-    2664                  
             Slack:=   -3292                  

#--------------------------------------------------------------------------------------------------------------------------------------------
#                           Timing Point                             Flags   Arc   Edge   Cell     Fanout  Load Trans Delay Arrival Instance 
#                                                                                                          (fF)  (ps)  (ps)   (ps)  Location 
#--------------------------------------------------------------------------------------------------------------------------------------------
  u_core_u_fast_cnt/bin_q_reg[1]/C                                   -       -     R     (arrival)    111     -   150     0       0    (-,-) 
  u_core_u_fast_cnt/bin_q_reg[1]/Q                                   -       C->Q  F     DFRRQHDX1      5  74.9   483  1288    1288    (-,-) 
  g74238/Q                                                           -       A->Q  R     INHDX4         2  43.5   191   260    1548    (-,-) 
  g74237/Q                                                           -       A->Q  R     BUHDX4         2 103.7   262   364    1913    (-,-) 
  g74235/Q                                                           -       A->Q  F     INHDX6        16 151.7   228   286    2199    (-,-) 
  u_core_gen_pd_row[6].gen_pd_col[2].u_pd/g1134/Q                    -       A->Q  R     INHDX1         1  14.3   187   220    2418    (-,-) 
  u_core_gen_pd_row[6].gen_pd_col[2].u_pd/g1111__6783/Q              -       B->Q  F     ON21HDX1       1  12.3   224   245    2663    (-,-) 
  u_core_gen_pd_row[6].gen_pd_col[2].u_pd/nfast_hit_latched_reg[1]/D -       -     F     DFRRQHDX1      1     -     -     0    2664    (-,-) 
#--------------------------------------------------------------------------------------------------------------------------------------------



Path 18: VIOLATED (-3292 ps) Setup Check with Pin u_core_gen_pd_row[5].gen_pd_col[2].u_pd/nfast_hit_latched_reg[1]/C->D
           View: wc_view
          Group: clk_osc_fast_tap2
     Startpoint: (R) u_core_u_fast_cnt/bin_q_reg[1]/C
          Clock: (R) clk_osc_fast
       Endpoint: (F) u_core_gen_pd_row[5].gen_pd_col[2].u_pd/nfast_hit_latched_reg[1]/D
          Clock: (R) clk_osc_fast_tap2

                     Capture       Launch     
        Clock Edge:+     100            0     
       Src Latency:+       0            0     
       Net Latency:+       0 (I)        0 (I) 
           Arrival:=     100            0     
                                              
             Setup:-     679                  
       Uncertainty:-      50                  
     Required Time:=    -629                  
      Launch Clock:-       0                  
         Data Path:-    2664                  
             Slack:=   -3292                  

#--------------------------------------------------------------------------------------------------------------------------------------------
#                           Timing Point                             Flags   Arc   Edge   Cell     Fanout  Load Trans Delay Arrival Instance 
#                                                                                                          (fF)  (ps)  (ps)   (ps)  Location 
#--------------------------------------------------------------------------------------------------------------------------------------------
  u_core_u_fast_cnt/bin_q_reg[1]/C                                   -       -     R     (arrival)    111     -   150     0       0    (-,-) 
  u_core_u_fast_cnt/bin_q_reg[1]/Q                                   -       C->Q  F     DFRRQHDX1      5  74.9   483  1288    1288    (-,-) 
  g74238/Q                                                           -       A->Q  R     INHDX4         2  43.5   191   260    1548    (-,-) 
  g74237/Q                                                           -       A->Q  R     BUHDX4         2 103.7   262   364    1913    (-,-) 
  g74236/Q                                                           -       A->Q  F     INHDX6        16 151.7   228   286    2199    (-,-) 
  u_core_gen_pd_row[5].gen_pd_col[2].u_pd/g1134/Q                    -       A->Q  R     INHDX1         1  14.3   187   220    2418    (-,-) 
  u_core_gen_pd_row[5].gen_pd_col[2].u_pd/g1111__6783/Q              -       B->Q  F     ON21HDX1       1  12.3   224   245    2663    (-,-) 
  u_core_gen_pd_row[5].gen_pd_col[2].u_pd/nfast_hit_latched_reg[1]/D -       -     F     DFRRQHDX1      1     -     -     0    2664    (-,-) 
#--------------------------------------------------------------------------------------------------------------------------------------------



Path 19: VIOLATED (-3292 ps) Setup Check with Pin u_core_gen_pd_row[4].gen_pd_col[2].u_pd/nfast_hit_latched_reg[1]/C->D
           View: wc_view
          Group: clk_osc_fast_tap2
     Startpoint: (R) u_core_u_fast_cnt/bin_q_reg[1]/C
          Clock: (R) clk_osc_fast
       Endpoint: (F) u_core_gen_pd_row[4].gen_pd_col[2].u_pd/nfast_hit_latched_reg[1]/D
          Clock: (R) clk_osc_fast_tap2

                     Capture       Launch     
        Clock Edge:+     100            0     
       Src Latency:+       0            0     
       Net Latency:+       0 (I)        0 (I) 
           Arrival:=     100            0     
                                              
             Setup:-     679                  
       Uncertainty:-      50                  
     Required Time:=    -629                  
      Launch Clock:-       0                  
         Data Path:-    2664                  
             Slack:=   -3292                  

#--------------------------------------------------------------------------------------------------------------------------------------------
#                           Timing Point                             Flags   Arc   Edge   Cell     Fanout  Load Trans Delay Arrival Instance 
#                                                                                                          (fF)  (ps)  (ps)   (ps)  Location 
#--------------------------------------------------------------------------------------------------------------------------------------------
  u_core_u_fast_cnt/bin_q_reg[1]/C                                   -       -     R     (arrival)    111     -   150     0       0    (-,-) 
  u_core_u_fast_cnt/bin_q_reg[1]/Q                                   -       C->Q  F     DFRRQHDX1      5  74.9   483  1288    1288    (-,-) 
  g74238/Q                                                           -       A->Q  R     INHDX4         2  43.5   191   260    1548    (-,-) 
  g74234/Q                                                           -       A->Q  R     BUHDX4         2 103.7   262   364    1913    (-,-) 
  g74233/Q                                                           -       A->Q  F     INHDX6        16 151.7   228   286    2199    (-,-) 
  u_core_gen_pd_row[4].gen_pd_col[2].u_pd/g1134/Q                    -       A->Q  R     INHDX1         1  14.3   187   220    2418    (-,-) 
  u_core_gen_pd_row[4].gen_pd_col[2].u_pd/g1111__6783/Q              -       B->Q  F     ON21HDX1       1  12.3   224   245    2663    (-,-) 
  u_core_gen_pd_row[4].gen_pd_col[2].u_pd/nfast_hit_latched_reg[1]/D -       -     F     DFRRQHDX1      1     -     -     0    2664    (-,-) 
#--------------------------------------------------------------------------------------------------------------------------------------------



Path 20: VIOLATED (-3292 ps) Setup Check with Pin u_core_gen_pd_row[3].gen_pd_col[2].u_pd/nfast_hit_latched_reg[1]/C->D
           View: wc_view
          Group: clk_osc_fast_tap2
     Startpoint: (R) u_core_u_fast_cnt/bin_q_reg[1]/C
          Clock: (R) clk_osc_fast
       Endpoint: (F) u_core_gen_pd_row[3].gen_pd_col[2].u_pd/nfast_hit_latched_reg[1]/D
          Clock: (R) clk_osc_fast_tap2

                     Capture       Launch     
        Clock Edge:+     100            0     
       Src Latency:+       0            0     
       Net Latency:+       0 (I)        0 (I) 
           Arrival:=     100            0     
                                              
             Setup:-     679                  
       Uncertainty:-      50                  
     Required Time:=    -629                  
      Launch Clock:-       0                  
         Data Path:-    2664                  
             Slack:=   -3292                  

#--------------------------------------------------------------------------------------------------------------------------------------------
#                           Timing Point                             Flags   Arc   Edge   Cell     Fanout  Load Trans Delay Arrival Instance 
#                                                                                                          (fF)  (ps)  (ps)   (ps)  Location 
#--------------------------------------------------------------------------------------------------------------------------------------------
  u_core_u_fast_cnt/bin_q_reg[1]/C                                   -       -     R     (arrival)    111     -   150     0       0    (-,-) 
  u_core_u_fast_cnt/bin_q_reg[1]/Q                                   -       C->Q  F     DFRRQHDX1      5  74.9   483  1288    1288    (-,-) 
  g74238/Q                                                           -       A->Q  R     INHDX4         2  43.5   191   260    1548    (-,-) 
  g74234/Q                                                           -       A->Q  R     BUHDX4         2 103.7   262   364    1913    (-,-) 
  g74233/Q                                                           -       A->Q  F     INHDX6        16 151.7   228   286    2199    (-,-) 
  u_core_gen_pd_row[3].gen_pd_col[2].u_pd/g1134/Q                    -       A->Q  R     INHDX1         1  14.3   187   220    2418    (-,-) 
  u_core_gen_pd_row[3].gen_pd_col[2].u_pd/g1111__6783/Q              -       B->Q  F     ON21HDX1       1  12.3   224   245    2663    (-,-) 
  u_core_gen_pd_row[3].gen_pd_col[2].u_pd/nfast_hit_latched_reg[1]/D -       -     F     DFRRQHDX1      1     -     -     0    2664    (-,-) 
#--------------------------------------------------------------------------------------------------------------------------------------------


