============================================================
  Generated by:           Genus(TM) Synthesis Solution 22.13-s093_1
  Generated on:           Jun 09 2026  03:28:41 pm
  Module:                 mptdc_top_asic
  Library domain:         tc_cond
    Domain index:         0
    Technology libraries: D_CELLS_HD_LPMOS_typ_1_80V_25C 6.0.0
                          mptdc_osc_blackbox 
                          RO_tune4_real_abstract_shell 
  Operating conditions:   typ_1_80V_25C 
  Interconnect mode:      global
  Area mode:              physical library
============================================================


 Clock Description
 ----------------- 

               Clock                                    Clock                                          No of   
  Mode         Name          Period   Rise     Fall     Domain                Pin/Port               Registers 
---------------------------------------------------------------------------------------------------------------
tc_view  clk_sys             6250.0     0.0   3125.0   domain_1   clk_sys                              5500    
tc_view  clk_osc_slow        1430.0     0.0    715.0   domain_1   u_core/u_osc_slow/u_ro_tune4/S[0]      0     
tc_view  clk_osc_slow_tap1   1430.0    79.0    794.0   domain_1   u_core/u_osc_slow/u_ro_tune4/S[1]      0     
tc_view  clk_osc_slow_tap2   1430.0   158.0    873.0   domain_1   u_core/u_osc_slow/u_ro_tune4/S[2]      0     
tc_view  clk_osc_slow_tap3   1430.0   237.0    952.0   domain_1   u_core/u_osc_slow/u_ro_tune4/S[3]      0     
tc_view  clk_osc_slow_tap4   1430.0   316.0   1031.0   domain_1   u_core/u_osc_slow/u_ro_tune4/S[4]      0     
tc_view  clk_osc_slow_tap5   1430.0   395.0   1110.0   domain_1   u_core/u_osc_slow/u_ro_tune4/S[5]      0     
tc_view  clk_osc_slow_tap6   1430.0   474.0   1189.0   domain_1   u_core/u_osc_slow/u_ro_tune4/S[6]      0     
tc_view  clk_osc_slow_tap7   1430.0   553.0   1268.0   domain_1   u_core/u_osc_slow/u_ro_tune4/S[7]      0     
tc_view  clk_osc_fast        1333.0     0.0    666.5   domain_1   u_core/u_osc_fast/u_ro_tune4/S[0]      0     
tc_view  clk_osc_fast_tap1   1333.0    74.0    740.5   domain_1   u_core/u_osc_fast/u_ro_tune4/S[1]      0     
tc_view  clk_osc_fast_tap2   1333.0   148.0    814.5   domain_1   u_core/u_osc_fast/u_ro_tune4/S[2]      0     
tc_view  clk_osc_fast_tap3   1333.0   222.0    888.5   domain_1   u_core/u_osc_fast/u_ro_tune4/S[3]      0     
tc_view  clk_osc_fast_tap4   1333.0   296.0    962.5   domain_1   u_core/u_osc_fast/u_ro_tune4/S[4]      0     
tc_view  clk_osc_fast_tap5   1333.0   370.0   1036.5   domain_1   u_core/u_osc_fast/u_ro_tune4/S[5]      0     
tc_view  clk_osc_fast_tap6   1333.0   444.0   1110.5   domain_1   u_core/u_osc_fast/u_ro_tune4/S[6]      0     
tc_view  clk_osc_fast_tap7   1333.0   518.0   1184.5   domain_1   u_core/u_osc_fast/u_ro_tune4/S[7]      0     

 Clock Network Latency / Setup Uncertainty
 ----------------------------------------- 

                            Network   Network   Source   Source     Setup        Setup    
              Clock         Latency   Latency  Latency  Latency  Uncertainty  Uncertainty 
  Mode         Name          Rise      Fall      Rise     Fall       Rise         Fall    
------------------------------------------------------------------------------------------
tc_view clk_sys                 0.0       0.0      0.0      0.0        300.0        300.0 
tc_view clk_osc_slow            0.0       0.0      0.0      0.0         10.0         10.0 
tc_view clk_osc_slow_tap1       0.0       0.0      0.0      0.0         10.0         10.0 
tc_view clk_osc_slow_tap2       0.0       0.0      0.0      0.0         10.0         10.0 
tc_view clk_osc_slow_tap3       0.0       0.0      0.0      0.0         10.0         10.0 
tc_view clk_osc_slow_tap4       0.0       0.0      0.0      0.0         10.0         10.0 
tc_view clk_osc_slow_tap5       0.0       0.0      0.0      0.0         10.0         10.0 
tc_view clk_osc_slow_tap6       0.0       0.0      0.0      0.0         10.0         10.0 
tc_view clk_osc_slow_tap7       0.0       0.0      0.0      0.0         10.0         10.0 
tc_view clk_osc_fast            0.0       0.0      0.0      0.0         10.0         10.0 
tc_view clk_osc_fast_tap1       0.0       0.0      0.0      0.0         10.0         10.0 
tc_view clk_osc_fast_tap2       0.0       0.0      0.0      0.0         10.0         10.0 
tc_view clk_osc_fast_tap3       0.0       0.0      0.0      0.0         10.0         10.0 
tc_view clk_osc_fast_tap4       0.0       0.0      0.0      0.0         10.0         10.0 
tc_view clk_osc_fast_tap5       0.0       0.0      0.0      0.0         10.0         10.0 
tc_view clk_osc_fast_tap6       0.0       0.0      0.0      0.0         10.0         10.0 
tc_view clk_osc_fast_tap7       0.0       0.0      0.0      0.0         10.0         10.0 

 Clock Relationship (with uncertainty & latency)
 ----------------------------------------------- 

    Mode           From                 To           R->R     R->F     F->R     F->F  
--------------------------------------------------------------------------------------
  tc_view   clk_sys             clk_sys             5950.0   2825.0   2825.0   5950.0 
  tc_view   clk_sys             clk_osc_slow           0.0     -5.0     -5.0      0.0 
  tc_view   clk_sys             clk_osc_slow_tap1     -1.0     -6.0     -6.0     -1.0 
  tc_view   clk_sys             clk_osc_slow_tap2     -2.0     -7.0     -7.0     -2.0 
  tc_view   clk_sys             clk_osc_slow_tap3     -3.0     -8.0     -8.0     -3.0 
  tc_view   clk_sys             clk_osc_slow_tap4     -4.0     -9.0     -9.0     -4.0 
  tc_view   clk_sys             clk_osc_slow_tap5     -5.0      0.0      0.0     -5.0 
  tc_view   clk_sys             clk_osc_slow_tap6     -6.0     -1.0     -1.0     -6.0 
  tc_view   clk_sys             clk_osc_slow_tap7     -7.0     -2.0     -2.0     -7.0 
  tc_view   clk_sys             clk_osc_fast          -9.0     -8.5     -9.0     -8.5 
  tc_view   clk_sys             clk_osc_fast_tap1     -9.0     -8.5     -9.0     -8.5 
  tc_view   clk_sys             clk_osc_fast_tap2     -9.0     -8.5     -9.0     -8.5 
  tc_view   clk_sys             clk_osc_fast_tap3     -9.0     -8.5     -9.0     -8.5 
  tc_view   clk_sys             clk_osc_fast_tap4     -9.0     -8.5     -9.0     -8.5 
  tc_view   clk_sys             clk_osc_fast_tap5     -9.0     -8.5     -9.0     -8.5 
  tc_view   clk_sys             clk_osc_fast_tap6     -9.0     -8.5     -9.0     -8.5 
  tc_view   clk_sys             clk_osc_fast_tap7     -9.0     -8.5     -9.0     -8.5 
  tc_view   clk_osc_slow        clk_sys             -290.0   -295.0   -295.0   -290.0 
  tc_view   clk_osc_slow        clk_osc_slow        1420.0    705.0    705.0   1420.0 
  tc_view   clk_osc_slow        clk_osc_slow_tap1     69.0    784.0    784.0     69.0 
  tc_view   clk_osc_slow        clk_osc_slow_tap2    148.0    863.0    863.0    148.0 
  tc_view   clk_osc_slow        clk_osc_slow_tap3    227.0    942.0    942.0    227.0 
  tc_view   clk_osc_slow        clk_osc_slow_tap4    306.0   1021.0   1021.0    306.0 
  tc_view   clk_osc_slow        clk_osc_slow_tap5    385.0   1100.0   1100.0    385.0 
  tc_view   clk_osc_slow        clk_osc_slow_tap6    464.0   1179.0   1179.0    464.0 
  tc_view   clk_osc_slow        clk_osc_slow_tap7    543.0   1258.0   1258.0    543.0 
  tc_view   clk_osc_slow        clk_osc_fast          -9.0     -8.5     -9.0     -8.5 
  tc_view   clk_osc_slow        clk_osc_fast_tap1     -9.0     -8.5     -9.0     -8.5 
  tc_view   clk_osc_slow        clk_osc_fast_tap2     -9.0     -8.5     -9.0     -8.5 
  tc_view   clk_osc_slow        clk_osc_fast_tap3     -9.0     -8.5     -9.0     -8.5 
  tc_view   clk_osc_slow        clk_osc_fast_tap4     -9.0     -8.5     -9.0     -8.5 
  tc_view   clk_osc_slow        clk_osc_fast_tap5     -9.0     -8.5     -9.0     -8.5 
  tc_view   clk_osc_slow        clk_osc_fast_tap6     -9.0     -8.5     -9.0     -8.5 
  tc_view   clk_osc_slow        clk_osc_fast_tap7     -9.0     -8.5     -9.0     -8.5 
  tc_view   clk_osc_slow_tap1   clk_sys             -299.0   -294.0   -294.0   -299.0 
  tc_view   clk_osc_slow_tap1   clk_osc_slow        1341.0    626.0    626.0   1341.0 
  tc_view   clk_osc_slow_tap1   clk_osc_slow_tap1   1420.0    705.0    705.0   1420.0 
  tc_view   clk_osc_slow_tap1   clk_osc_slow_tap2     69.0    784.0    784.0     69.0 
  tc_view   clk_osc_slow_tap1   clk_osc_slow_tap3    148.0    863.0    863.0    148.0 
  tc_view   clk_osc_slow_tap1   clk_osc_slow_tap4    227.0    942.0    942.0    227.0 
  tc_view   clk_osc_slow_tap1   clk_osc_slow_tap5    306.0   1021.0   1021.0    306.0 
  tc_view   clk_osc_slow_tap1   clk_osc_slow_tap6    385.0   1100.0   1100.0    385.0 
  tc_view   clk_osc_slow_tap1   clk_osc_slow_tap7    464.0   1179.0   1179.0    464.0 
  tc_view   clk_osc_slow_tap1   clk_osc_fast          -9.0     -8.5     -9.0     -8.5 
  tc_view   clk_osc_slow_tap1   clk_osc_fast_tap1     -9.0     -8.5     -9.0     -8.5 
  tc_view   clk_osc_slow_tap1   clk_osc_fast_tap2     -9.0     -8.5     -9.0     -8.5 
  tc_view   clk_osc_slow_tap1   clk_osc_fast_tap3     -9.0     -8.5     -9.0     -8.5 
  tc_view   clk_osc_slow_tap1   clk_osc_fast_tap4     -9.0     -8.5     -9.0     -8.5 
  tc_view   clk_osc_slow_tap1   clk_osc_fast_tap5     -9.0     -8.5     -9.0     -8.5 
  tc_view   clk_osc_slow_tap1   clk_osc_fast_tap6     -9.0     -8.5     -9.0     -8.5 
  tc_view   clk_osc_slow_tap1   clk_osc_fast_tap7     -9.0     -8.5     -9.0     -8.5 
  tc_view   clk_osc_slow_tap2   clk_sys             -298.0   -293.0   -293.0   -298.0 
  tc_view   clk_osc_slow_tap2   clk_osc_slow        1262.0    547.0    547.0   1262.0 
  tc_view   clk_osc_slow_tap2   clk_osc_slow_tap1   1341.0    626.0    626.0   1341.0 
  tc_view   clk_osc_slow_tap2   clk_osc_slow_tap2   1420.0    705.0    705.0   1420.0 
  tc_view   clk_osc_slow_tap2   clk_osc_slow_tap3     69.0    784.0    784.0     69.0 
  tc_view   clk_osc_slow_tap2   clk_osc_slow_tap4    148.0    863.0    863.0    148.0 
  tc_view   clk_osc_slow_tap2   clk_osc_slow_tap5    227.0    942.0    942.0    227.0 
  tc_view   clk_osc_slow_tap2   clk_osc_slow_tap6    306.0   1021.0   1021.0    306.0 
  tc_view   clk_osc_slow_tap2   clk_osc_slow_tap7    385.0   1100.0   1100.0    385.0 
  tc_view   clk_osc_slow_tap2   clk_osc_fast          -9.0     -8.5     -9.0     -8.5 
  tc_view   clk_osc_slow_tap2   clk_osc_fast_tap1     -9.0     -8.5     -9.0     -8.5 
  tc_view   clk_osc_slow_tap2   clk_osc_fast_tap2     -9.0     -8.5     -9.0     -8.5 
  tc_view   clk_osc_slow_tap2   clk_osc_fast_tap3     -9.0     -8.5     -9.0     -8.5 
  tc_view   clk_osc_slow_tap2   clk_osc_fast_tap4     -9.0     -8.5     -9.0     -8.5 
  tc_view   clk_osc_slow_tap2   clk_osc_fast_tap5     -9.0     -8.5     -9.0     -8.5 
  tc_view   clk_osc_slow_tap2   clk_osc_fast_tap6     -9.0     -8.5     -9.0     -8.5 
  tc_view   clk_osc_slow_tap2   clk_osc_fast_tap7     -9.0     -8.5     -9.0     -8.5 
  tc_view   clk_osc_slow_tap3   clk_sys             -297.0   -292.0   -292.0   -297.0 
  tc_view   clk_osc_slow_tap3   clk_osc_slow        1183.0    468.0    468.0   1183.0 
  tc_view   clk_osc_slow_tap3   clk_osc_slow_tap1   1262.0    547.0    547.0   1262.0 
  tc_view   clk_osc_slow_tap3   clk_osc_slow_tap2   1341.0    626.0    626.0   1341.0 
  tc_view   clk_osc_slow_tap3   clk_osc_slow_tap3   1420.0    705.0    705.0   1420.0 
  tc_view   clk_osc_slow_tap3   clk_osc_slow_tap4     69.0    784.0    784.0     69.0 
  tc_view   clk_osc_slow_tap3   clk_osc_slow_tap5    148.0    863.0    863.0    148.0 
  tc_view   clk_osc_slow_tap3   clk_osc_slow_tap6    227.0    942.0    942.0    227.0 
  tc_view   clk_osc_slow_tap3   clk_osc_slow_tap7    306.0   1021.0   1021.0    306.0 
  tc_view   clk_osc_slow_tap3   clk_osc_fast          -9.0     -8.5     -9.0     -8.5 
  tc_view   clk_osc_slow_tap3   clk_osc_fast_tap1     -9.0     -8.5     -9.0     -8.5 
  tc_view   clk_osc_slow_tap3   clk_osc_fast_tap2     -9.0     -8.5     -9.0     -8.5 
  tc_view   clk_osc_slow_tap3   clk_osc_fast_tap3     -9.0     -8.5     -9.0     -8.5 
  tc_view   clk_osc_slow_tap3   clk_osc_fast_tap4     -9.0     -8.5     -9.0     -8.5 
  tc_view   clk_osc_slow_tap3   clk_osc_fast_tap5     -9.0     -8.5     -9.0     -8.5 
  tc_view   clk_osc_slow_tap3   clk_osc_fast_tap6     -9.0     -8.5     -9.0     -8.5 
  tc_view   clk_osc_slow_tap3   clk_osc_fast_tap7     -9.0     -8.5     -9.0     -8.5 
  tc_view   clk_osc_slow_tap4   clk_sys             -296.0   -291.0   -291.0   -296.0 
  tc_view   clk_osc_slow_tap4   clk_osc_slow        1104.0    389.0    389.0   1104.0 
  tc_view   clk_osc_slow_tap4   clk_osc_slow_tap1   1183.0    468.0    468.0   1183.0 
  tc_view   clk_osc_slow_tap4   clk_osc_slow_tap2   1262.0    547.0    547.0   1262.0 
  tc_view   clk_osc_slow_tap4   clk_osc_slow_tap3   1341.0    626.0    626.0   1341.0 
  tc_view   clk_osc_slow_tap4   clk_osc_slow_tap4   1420.0    705.0    705.0   1420.0 
  tc_view   clk_osc_slow_tap4   clk_osc_slow_tap5     69.0    784.0    784.0     69.0 
  tc_view   clk_osc_slow_tap4   clk_osc_slow_tap6    148.0    863.0    863.0    148.0 
  tc_view   clk_osc_slow_tap4   clk_osc_slow_tap7    227.0    942.0    942.0    227.0 
  tc_view   clk_osc_slow_tap4   clk_osc_fast          -9.0     -8.5     -9.0     -8.5 
  tc_view   clk_osc_slow_tap4   clk_osc_fast_tap1     -9.0     -8.5     -9.0     -8.5 
  tc_view   clk_osc_slow_tap4   clk_osc_fast_tap2     -9.0     -8.5     -9.0     -8.5 
  tc_view   clk_osc_slow_tap4   clk_osc_fast_tap3     -9.0     -8.5     -9.0     -8.5 
  tc_view   clk_osc_slow_tap4   clk_osc_fast_tap4     -9.0     -8.5     -9.0     -8.5 
  tc_view   clk_osc_slow_tap4   clk_osc_fast_tap5     -9.0     -8.5     -9.0     -8.5 
  tc_view   clk_osc_slow_tap4   clk_osc_fast_tap6     -9.0     -8.5     -9.0     -8.5 
  tc_view   clk_osc_slow_tap4   clk_osc_fast_tap7     -9.0     -8.5     -9.0     -8.5 
  tc_view   clk_osc_slow_tap5   clk_sys             -295.0   -290.0   -290.0   -295.0 
  tc_view   clk_osc_slow_tap5   clk_osc_slow        1025.0    310.0    310.0   1025.0 
  tc_view   clk_osc_slow_tap5   clk_osc_slow_tap1   1104.0    389.0    389.0   1104.0 
  tc_view   clk_osc_slow_tap5   clk_osc_slow_tap2   1183.0    468.0    468.0   1183.0 
  tc_view   clk_osc_slow_tap5   clk_osc_slow_tap3   1262.0    547.0    547.0   1262.0 
  tc_view   clk_osc_slow_tap5   clk_osc_slow_tap4   1341.0    626.0    626.0   1341.0 
  tc_view   clk_osc_slow_tap5   clk_osc_slow_tap5   1420.0    705.0    705.0   1420.0 
  tc_view   clk_osc_slow_tap5   clk_osc_slow_tap6     69.0    784.0    784.0     69.0 
  tc_view   clk_osc_slow_tap5   clk_osc_slow_tap7    148.0    863.0    863.0    148.0 
  tc_view   clk_osc_slow_tap5   clk_osc_fast          -9.0     -8.5     -9.0     -8.5 
  tc_view   clk_osc_slow_tap5   clk_osc_fast_tap1     -9.0     -8.5     -9.0     -8.5 
  tc_view   clk_osc_slow_tap5   clk_osc_fast_tap2     -9.0     -8.5     -9.0     -8.5 
  tc_view   clk_osc_slow_tap5   clk_osc_fast_tap3     -9.0     -8.5     -9.0     -8.5 
  tc_view   clk_osc_slow_tap5   clk_osc_fast_tap4     -9.0     -8.5     -9.0     -8.5 
  tc_view   clk_osc_slow_tap5   clk_osc_fast_tap5     -9.0     -8.5     -9.0     -8.5 
  tc_view   clk_osc_slow_tap5   clk_osc_fast_tap6     -9.0     -8.5     -9.0     -8.5 
  tc_view   clk_osc_slow_tap5   clk_osc_fast_tap7     -9.0     -8.5     -9.0     -8.5 
  tc_view   clk_osc_slow_tap6   clk_sys             -294.0   -299.0   -299.0   -294.0 
  tc_view   clk_osc_slow_tap6   clk_osc_slow         946.0    231.0    231.0    946.0 
  tc_view   clk_osc_slow_tap6   clk_osc_slow_tap1   1025.0    310.0    310.0   1025.0 
  tc_view   clk_osc_slow_tap6   clk_osc_slow_tap2   1104.0    389.0    389.0   1104.0 
  tc_view   clk_osc_slow_tap6   clk_osc_slow_tap3   1183.0    468.0    468.0   1183.0 
  tc_view   clk_osc_slow_tap6   clk_osc_slow_tap4   1262.0    547.0    547.0   1262.0 
  tc_view   clk_osc_slow_tap6   clk_osc_slow_tap5   1341.0    626.0    626.0   1341.0 
  tc_view   clk_osc_slow_tap6   clk_osc_slow_tap6   1420.0    705.0    705.0   1420.0 
  tc_view   clk_osc_slow_tap6   clk_osc_slow_tap7     69.0    784.0    784.0     69.0 
  tc_view   clk_osc_slow_tap6   clk_osc_fast          -9.0     -8.5     -9.0     -8.5 
  tc_view   clk_osc_slow_tap6   clk_osc_fast_tap1     -9.0     -8.5     -9.0     -8.5 
  tc_view   clk_osc_slow_tap6   clk_osc_fast_tap2     -9.0     -8.5     -9.0     -8.5 
  tc_view   clk_osc_slow_tap6   clk_osc_fast_tap3     -9.0     -8.5     -9.0     -8.5 
  tc_view   clk_osc_slow_tap6   clk_osc_fast_tap4     -9.0     -8.5     -9.0     -8.5 
  tc_view   clk_osc_slow_tap6   clk_osc_fast_tap5     -9.0     -8.5     -9.0     -8.5 
  tc_view   clk_osc_slow_tap6   clk_osc_fast_tap6     -9.0     -8.5     -9.0     -8.5 
  tc_view   clk_osc_slow_tap6   clk_osc_fast_tap7     -9.0     -8.5     -9.0     -8.5 
  tc_view   clk_osc_slow_tap7   clk_sys             -293.0   -298.0   -298.0   -293.0 
  tc_view   clk_osc_slow_tap7   clk_osc_slow         867.0    152.0    152.0    867.0 
  tc_view   clk_osc_slow_tap7   clk_osc_slow_tap1    946.0    231.0    231.0    946.0 
  tc_view   clk_osc_slow_tap7   clk_osc_slow_tap2   1025.0    310.0    310.0   1025.0 
  tc_view   clk_osc_slow_tap7   clk_osc_slow_tap3   1104.0    389.0    389.0   1104.0 
  tc_view   clk_osc_slow_tap7   clk_osc_slow_tap4   1183.0    468.0    468.0   1183.0 
  tc_view   clk_osc_slow_tap7   clk_osc_slow_tap5   1262.0    547.0    547.0   1262.0 
  tc_view   clk_osc_slow_tap7   clk_osc_slow_tap6   1341.0    626.0    626.0   1341.0 
  tc_view   clk_osc_slow_tap7   clk_osc_slow_tap7   1420.0    705.0    705.0   1420.0 
  tc_view   clk_osc_slow_tap7   clk_osc_fast          -9.0     -8.5     -9.0     -8.5 
  tc_view   clk_osc_slow_tap7   clk_osc_fast_tap1     -9.0     -8.5     -9.0     -8.5 
  tc_view   clk_osc_slow_tap7   clk_osc_fast_tap2     -9.0     -8.5     -9.0     -8.5 
  tc_view   clk_osc_slow_tap7   clk_osc_fast_tap3     -9.0     -8.5     -9.0     -8.5 
  tc_view   clk_osc_slow_tap7   clk_osc_fast_tap4     -9.0     -8.5     -9.0     -8.5 
  tc_view   clk_osc_slow_tap7   clk_osc_fast_tap5     -9.0     -8.5     -9.0     -8.5 
  tc_view   clk_osc_slow_tap7   clk_osc_fast_tap6     -9.0     -8.5     -9.0     -8.5 
  tc_view   clk_osc_slow_tap7   clk_osc_fast_tap7     -9.0     -8.5     -9.0     -8.5 
  tc_view   clk_osc_fast        clk_sys             -299.0   -299.0   -298.5   -298.5 
  tc_view   clk_osc_fast        clk_osc_slow          -9.0     -9.0     -8.5     -8.5 
  tc_view   clk_osc_fast        clk_osc_slow_tap1     -9.0     -9.0     -8.5     -8.5 
  tc_view   clk_osc_fast        clk_osc_slow_tap2     -9.0     -9.0     -8.5     -8.5 
  tc_view   clk_osc_fast        clk_osc_slow_tap3     -9.0     -9.0     -8.5     -8.5 
  tc_view   clk_osc_fast        clk_osc_slow_tap4     -9.0     -9.0     -8.5     -8.5 
  tc_view   clk_osc_fast        clk_osc_slow_tap5     -9.0     -9.0     -8.5     -8.5 
  tc_view   clk_osc_fast        clk_osc_slow_tap6     -9.0     -9.0     -8.5     -8.5 
  tc_view   clk_osc_fast        clk_osc_slow_tap7     -9.0     -9.0     -8.5     -8.5 
  tc_view   clk_osc_fast        clk_osc_fast        1323.0    656.5    656.5   1323.0 
  tc_view   clk_osc_fast        clk_osc_fast_tap1     64.0    730.5    730.5     64.0 
  tc_view   clk_osc_fast        clk_osc_fast_tap2    138.0    804.5    804.5    138.0 
  tc_view   clk_osc_fast        clk_osc_fast_tap3    212.0    878.5    878.5    212.0 
  tc_view   clk_osc_fast        clk_osc_fast_tap4    286.0    952.5    952.5    286.0 
  tc_view   clk_osc_fast        clk_osc_fast_tap5    360.0   1026.5   1026.5    360.0 
  tc_view   clk_osc_fast        clk_osc_fast_tap6    434.0   1100.5   1100.5    434.0 
  tc_view   clk_osc_fast        clk_osc_fast_tap7    508.0   1174.5   1174.5    508.0 
  tc_view   clk_osc_fast_tap1   clk_sys             -299.0   -299.0   -298.5   -298.5 
  tc_view   clk_osc_fast_tap1   clk_osc_slow          -9.0     -9.0     -8.5     -8.5 
  tc_view   clk_osc_fast_tap1   clk_osc_slow_tap1     -9.0     -9.0     -8.5     -8.5 
  tc_view   clk_osc_fast_tap1   clk_osc_slow_tap2     -9.0     -9.0     -8.5     -8.5 
  tc_view   clk_osc_fast_tap1   clk_osc_slow_tap3     -9.0     -9.0     -8.5     -8.5 
  tc_view   clk_osc_fast_tap1   clk_osc_slow_tap4     -9.0     -9.0     -8.5     -8.5 
  tc_view   clk_osc_fast_tap1   clk_osc_slow_tap5     -9.0     -9.0     -8.5     -8.5 
  tc_view   clk_osc_fast_tap1   clk_osc_slow_tap6     -9.0     -9.0     -8.5     -8.5 
  tc_view   clk_osc_fast_tap1   clk_osc_slow_tap7     -9.0     -9.0     -8.5     -8.5 
  tc_view   clk_osc_fast_tap1   clk_osc_fast        1249.0    582.5    582.5   1249.0 
  tc_view   clk_osc_fast_tap1   clk_osc_fast_tap1   1323.0    656.5    656.5   1323.0 
  tc_view   clk_osc_fast_tap1   clk_osc_fast_tap2     64.0    730.5    730.5     64.0 
  tc_view   clk_osc_fast_tap1   clk_osc_fast_tap3    138.0    804.5    804.5    138.0 
  tc_view   clk_osc_fast_tap1   clk_osc_fast_tap4    212.0    878.5    878.5    212.0 
  tc_view   clk_osc_fast_tap1   clk_osc_fast_tap5    286.0    952.5    952.5    286.0 
  tc_view   clk_osc_fast_tap1   clk_osc_fast_tap6    360.0   1026.5   1026.5    360.0 
  tc_view   clk_osc_fast_tap1   clk_osc_fast_tap7    434.0   1100.5   1100.5    434.0 
  tc_view   clk_osc_fast_tap2   clk_sys             -299.0   -299.0   -298.5   -298.5 
  tc_view   clk_osc_fast_tap2   clk_osc_slow          -9.0     -9.0     -8.5     -8.5 
  tc_view   clk_osc_fast_tap2   clk_osc_slow_tap1     -9.0     -9.0     -8.5     -8.5 
  tc_view   clk_osc_fast_tap2   clk_osc_slow_tap2     -9.0     -9.0     -8.5     -8.5 
  tc_view   clk_osc_fast_tap2   clk_osc_slow_tap3     -9.0     -9.0     -8.5     -8.5 
  tc_view   clk_osc_fast_tap2   clk_osc_slow_tap4     -9.0     -9.0     -8.5     -8.5 
  tc_view   clk_osc_fast_tap2   clk_osc_slow_tap5     -9.0     -9.0     -8.5     -8.5 
  tc_view   clk_osc_fast_tap2   clk_osc_slow_tap6     -9.0     -9.0     -8.5     -8.5 
  tc_view   clk_osc_fast_tap2   clk_osc_slow_tap7     -9.0     -9.0     -8.5     -8.5 
  tc_view   clk_osc_fast_tap2   clk_osc_fast        1175.0    508.5    508.5   1175.0 
  tc_view   clk_osc_fast_tap2   clk_osc_fast_tap1   1249.0    582.5    582.5   1249.0 
  tc_view   clk_osc_fast_tap2   clk_osc_fast_tap2   1323.0    656.5    656.5   1323.0 
  tc_view   clk_osc_fast_tap2   clk_osc_fast_tap3     64.0    730.5    730.5     64.0 
  tc_view   clk_osc_fast_tap2   clk_osc_fast_tap4    138.0    804.5    804.5    138.0 
  tc_view   clk_osc_fast_tap2   clk_osc_fast_tap5    212.0    878.5    878.5    212.0 
  tc_view   clk_osc_fast_tap2   clk_osc_fast_tap6    286.0    952.5    952.5    286.0 
  tc_view   clk_osc_fast_tap2   clk_osc_fast_tap7    360.0   1026.5   1026.5    360.0 
  tc_view   clk_osc_fast_tap3   clk_sys             -299.0   -299.0   -298.5   -298.5 
  tc_view   clk_osc_fast_tap3   clk_osc_slow          -9.0     -9.0     -8.5     -8.5 
  tc_view   clk_osc_fast_tap3   clk_osc_slow_tap1     -9.0     -9.0     -8.5     -8.5 
  tc_view   clk_osc_fast_tap3   clk_osc_slow_tap2     -9.0     -9.0     -8.5     -8.5 
  tc_view   clk_osc_fast_tap3   clk_osc_slow_tap3     -9.0     -9.0     -8.5     -8.5 
  tc_view   clk_osc_fast_tap3   clk_osc_slow_tap4     -9.0     -9.0     -8.5     -8.5 
  tc_view   clk_osc_fast_tap3   clk_osc_slow_tap5     -9.0     -9.0     -8.5     -8.5 
  tc_view   clk_osc_fast_tap3   clk_osc_slow_tap6     -9.0     -9.0     -8.5     -8.5 
  tc_view   clk_osc_fast_tap3   clk_osc_slow_tap7     -9.0     -9.0     -8.5     -8.5 
  tc_view   clk_osc_fast_tap3   clk_osc_fast        1101.0    434.5    434.5   1101.0 
  tc_view   clk_osc_fast_tap3   clk_osc_fast_tap1   1175.0    508.5    508.5   1175.0 
  tc_view   clk_osc_fast_tap3   clk_osc_fast_tap2   1249.0    582.5    582.5   1249.0 
  tc_view   clk_osc_fast_tap3   clk_osc_fast_tap3   1323.0    656.5    656.5   1323.0 
  tc_view   clk_osc_fast_tap3   clk_osc_fast_tap4     64.0    730.5    730.5     64.0 
  tc_view   clk_osc_fast_tap3   clk_osc_fast_tap5    138.0    804.5    804.5    138.0 
  tc_view   clk_osc_fast_tap3   clk_osc_fast_tap6    212.0    878.5    878.5    212.0 
  tc_view   clk_osc_fast_tap3   clk_osc_fast_tap7    286.0    952.5    952.5    286.0 
  tc_view   clk_osc_fast_tap4   clk_sys             -299.0   -299.0   -298.5   -298.5 
  tc_view   clk_osc_fast_tap4   clk_osc_slow          -9.0     -9.0     -8.5     -8.5 
  tc_view   clk_osc_fast_tap4   clk_osc_slow_tap1     -9.0     -9.0     -8.5     -8.5 
  tc_view   clk_osc_fast_tap4   clk_osc_slow_tap2     -9.0     -9.0     -8.5     -8.5 
  tc_view   clk_osc_fast_tap4   clk_osc_slow_tap3     -9.0     -9.0     -8.5     -8.5 
  tc_view   clk_osc_fast_tap4   clk_osc_slow_tap4     -9.0     -9.0     -8.5     -8.5 
  tc_view   clk_osc_fast_tap4   clk_osc_slow_tap5     -9.0     -9.0     -8.5     -8.5 
  tc_view   clk_osc_fast_tap4   clk_osc_slow_tap6     -9.0     -9.0     -8.5     -8.5 
  tc_view   clk_osc_fast_tap4   clk_osc_slow_tap7     -9.0     -9.0     -8.5     -8.5 
  tc_view   clk_osc_fast_tap4   clk_osc_fast        1027.0    360.5    360.5   1027.0 
  tc_view   clk_osc_fast_tap4   clk_osc_fast_tap1   1101.0    434.5    434.5   1101.0 
  tc_view   clk_osc_fast_tap4   clk_osc_fast_tap2   1175.0    508.5    508.5   1175.0 
  tc_view   clk_osc_fast_tap4   clk_osc_fast_tap3   1249.0    582.5    582.5   1249.0 
  tc_view   clk_osc_fast_tap4   clk_osc_fast_tap4   1323.0    656.5    656.5   1323.0 
  tc_view   clk_osc_fast_tap4   clk_osc_fast_tap5     64.0    730.5    730.5     64.0 
  tc_view   clk_osc_fast_tap4   clk_osc_fast_tap6    138.0    804.5    804.5    138.0 
  tc_view   clk_osc_fast_tap4   clk_osc_fast_tap7    212.0    878.5    878.5    212.0 
  tc_view   clk_osc_fast_tap5   clk_sys             -299.0   -299.0   -298.5   -298.5 
  tc_view   clk_osc_fast_tap5   clk_osc_slow          -9.0     -9.0     -8.5     -8.5 
  tc_view   clk_osc_fast_tap5   clk_osc_slow_tap1     -9.0     -9.0     -8.5     -8.5 
  tc_view   clk_osc_fast_tap5   clk_osc_slow_tap2     -9.0     -9.0     -8.5     -8.5 
  tc_view   clk_osc_fast_tap5   clk_osc_slow_tap3     -9.0     -9.0     -8.5     -8.5 
  tc_view   clk_osc_fast_tap5   clk_osc_slow_tap4     -9.0     -9.0     -8.5     -8.5 
  tc_view   clk_osc_fast_tap5   clk_osc_slow_tap5     -9.0     -9.0     -8.5     -8.5 
  tc_view   clk_osc_fast_tap5   clk_osc_slow_tap6     -9.0     -9.0     -8.5     -8.5 
  tc_view   clk_osc_fast_tap5   clk_osc_slow_tap7     -9.0     -9.0     -8.5     -8.5 
  tc_view   clk_osc_fast_tap5   clk_osc_fast         953.0    286.5    286.5    953.0 
  tc_view   clk_osc_fast_tap5   clk_osc_fast_tap1   1027.0    360.5    360.5   1027.0 
  tc_view   clk_osc_fast_tap5   clk_osc_fast_tap2   1101.0    434.5    434.5   1101.0 
  tc_view   clk_osc_fast_tap5   clk_osc_fast_tap3   1175.0    508.5    508.5   1175.0 
  tc_view   clk_osc_fast_tap5   clk_osc_fast_tap4   1249.0    582.5    582.5   1249.0 
  tc_view   clk_osc_fast_tap5   clk_osc_fast_tap5   1323.0    656.5    656.5   1323.0 
  tc_view   clk_osc_fast_tap5   clk_osc_fast_tap6     64.0    730.5    730.5     64.0 
  tc_view   clk_osc_fast_tap5   clk_osc_fast_tap7    138.0    804.5    804.5    138.0 
  tc_view   clk_osc_fast_tap6   clk_sys             -299.0   -299.0   -298.5   -298.5 
  tc_view   clk_osc_fast_tap6   clk_osc_slow          -9.0     -9.0     -8.5     -8.5 
  tc_view   clk_osc_fast_tap6   clk_osc_slow_tap1     -9.0     -9.0     -8.5     -8.5 
  tc_view   clk_osc_fast_tap6   clk_osc_slow_tap2     -9.0     -9.0     -8.5     -8.5 
  tc_view   clk_osc_fast_tap6   clk_osc_slow_tap3     -9.0     -9.0     -8.5     -8.5 
  tc_view   clk_osc_fast_tap6   clk_osc_slow_tap4     -9.0     -9.0     -8.5     -8.5 
  tc_view   clk_osc_fast_tap6   clk_osc_slow_tap5     -9.0     -9.0     -8.5     -8.5 
  tc_view   clk_osc_fast_tap6   clk_osc_slow_tap6     -9.0     -9.0     -8.5     -8.5 
  tc_view   clk_osc_fast_tap6   clk_osc_slow_tap7     -9.0     -9.0     -8.5     -8.5 
  tc_view   clk_osc_fast_tap6   clk_osc_fast         879.0    212.5    212.5    879.0 
  tc_view   clk_osc_fast_tap6   clk_osc_fast_tap1    953.0    286.5    286.5    953.0 
  tc_view   clk_osc_fast_tap6   clk_osc_fast_tap2   1027.0    360.5    360.5   1027.0 
  tc_view   clk_osc_fast_tap6   clk_osc_fast_tap3   1101.0    434.5    434.5   1101.0 
  tc_view   clk_osc_fast_tap6   clk_osc_fast_tap4   1175.0    508.5    508.5   1175.0 
  tc_view   clk_osc_fast_tap6   clk_osc_fast_tap5   1249.0    582.5    582.5   1249.0 
  tc_view   clk_osc_fast_tap6   clk_osc_fast_tap6   1323.0    656.5    656.5   1323.0 
  tc_view   clk_osc_fast_tap6   clk_osc_fast_tap7     64.0    730.5    730.5     64.0 
  tc_view   clk_osc_fast_tap7   clk_sys             -299.0   -299.0   -298.5   -298.5 
  tc_view   clk_osc_fast_tap7   clk_osc_slow          -9.0     -9.0     -8.5     -8.5 
  tc_view   clk_osc_fast_tap7   clk_osc_slow_tap1     -9.0     -9.0     -8.5     -8.5 
  tc_view   clk_osc_fast_tap7   clk_osc_slow_tap2     -9.0     -9.0     -8.5     -8.5 
  tc_view   clk_osc_fast_tap7   clk_osc_slow_tap3     -9.0     -9.0     -8.5     -8.5 
  tc_view   clk_osc_fast_tap7   clk_osc_slow_tap4     -9.0     -9.0     -8.5     -8.5 
  tc_view   clk_osc_fast_tap7   clk_osc_slow_tap5     -9.0     -9.0     -8.5     -8.5 
  tc_view   clk_osc_fast_tap7   clk_osc_slow_tap6     -9.0     -9.0     -8.5     -8.5 
  tc_view   clk_osc_fast_tap7   clk_osc_slow_tap7     -9.0     -9.0     -8.5     -8.5 
  tc_view   clk_osc_fast_tap7   clk_osc_fast         805.0    138.5    138.5    805.0 
  tc_view   clk_osc_fast_tap7   clk_osc_fast_tap1    879.0    212.5    212.5    879.0 
  tc_view   clk_osc_fast_tap7   clk_osc_fast_tap2    953.0    286.5    286.5    953.0 
  tc_view   clk_osc_fast_tap7   clk_osc_fast_tap3   1027.0    360.5    360.5   1027.0 
  tc_view   clk_osc_fast_tap7   clk_osc_fast_tap4   1101.0    434.5    434.5   1101.0 
  tc_view   clk_osc_fast_tap7   clk_osc_fast_tap5   1175.0    508.5    508.5   1175.0 
  tc_view   clk_osc_fast_tap7   clk_osc_fast_tap6   1249.0    582.5    582.5   1249.0 
  tc_view   clk_osc_fast_tap7   clk_osc_fast_tap7   1323.0    656.5    656.5   1323.0 
