============================================================
  Generated by:           Genus(TM) Synthesis Solution 22.13-s093_1
  Generated on:           Jun 01 2026  03:40:38 pm
  Module:                 mptdc_top_asic
  Operating conditions:   slow_1_62V_125C 
  Interconnect mode:      global
  Area mode:              physical library
============================================================


Path 1: VIOLATED (-3125 ps) Setup Check with Pin u_core_u_slow_cnt_gray_src_cont_q_reg[4]/C->D
           View: wc_view
          Group: clk_osc_slow
     Startpoint: (R) u_core_u_slow_cnt_bin_q_reg[3]/C
          Clock: (R) clk_osc_slow
       Endpoint: (F) u_core_u_slow_cnt_gray_src_cont_q_reg[4]/D
          Clock: (R) clk_osc_slow

                     Capture       Launch     
        Clock Edge:+    1000            0     
       Src Latency:+       0            0     
       Net Latency:+       0 (I)        0 (I) 
           Arrival:=    1000            0     
                                              
             Setup:-     635                  
       Uncertainty:-      50                  
     Required Time:=     315                  
      Launch Clock:-       0                  
         Data Path:-    3440                  
             Slack:=   -3125                  

#-------------------------------------------------------------------------------------------------------------------
#               Timing Point                 Flags   Arc   Edge   Cell     Fanout Load Trans Delay Arrival Instance 
#                                                                                 (fF)  (ps)  (ps)   (ps)  Location 
#-------------------------------------------------------------------------------------------------------------------
  u_core_u_slow_cnt_bin_q_reg[3]/C           -       -     R     (arrival)     31    -   150     0       0    (-,-) 
  u_core_u_slow_cnt_bin_q_reg[3]/Q           -       C->Q  F     DFRRQHDX1      2 21.6   260  1000    1000    (-,-) 
  g97122/Q                                   -       B->Q  R     NA2HDX1        2 24.7   427   468    1468    (-,-) 
  g97092/Q                                   -       A->Q  F     INHDX1         2 18.4   219   278    1745    (-,-) 
  g97496/Q                                   -       B->Q  F     AO21HDX0       1 24.9   308   761    2506    (-,-) 
  g96418/Q                                   -       C->Q  R     NA22HDX2       2 30.7   242   314    2820    (-,-) 
  g96407/Q                                   -       A->Q  F     INHDX2         2 40.9   195   242    3062    (-,-) 
  g96316/Q                                   -       A->Q  F     EN2HDX1        1 12.2   190   378    3440    (-,-) 
  u_core_u_slow_cnt_gray_src_cont_q_reg[4]/D -       -     F     DFRRQHDX4      1    -     -     0    3440    (-,-) 
#-------------------------------------------------------------------------------------------------------------------



Path 2: VIOLATED (-3125 ps) Setup Check with Pin u_core_u_slow_cnt_gray_src_cont_q_reg[3]/C->D
           View: wc_view
          Group: clk_osc_slow
     Startpoint: (R) u_core_u_slow_cnt_bin_q_reg[3]/C
          Clock: (R) clk_osc_slow
       Endpoint: (F) u_core_u_slow_cnt_gray_src_cont_q_reg[3]/D
          Clock: (R) clk_osc_slow

                     Capture       Launch     
        Clock Edge:+    1000            0     
       Src Latency:+       0            0     
       Net Latency:+       0 (I)        0 (I) 
           Arrival:=    1000            0     
                                              
             Setup:-     635                  
       Uncertainty:-      50                  
     Required Time:=     315                  
      Launch Clock:-       0                  
         Data Path:-    3440                  
             Slack:=   -3125                  

#-------------------------------------------------------------------------------------------------------------------
#               Timing Point                 Flags   Arc   Edge   Cell     Fanout Load Trans Delay Arrival Instance 
#                                                                                 (fF)  (ps)  (ps)   (ps)  Location 
#-------------------------------------------------------------------------------------------------------------------
  u_core_u_slow_cnt_bin_q_reg[3]/C           -       -     R     (arrival)     31    -   150     0       0    (-,-) 
  u_core_u_slow_cnt_bin_q_reg[3]/Q           -       C->Q  F     DFRRQHDX1      2 21.6   260  1000    1000    (-,-) 
  g97122/Q                                   -       B->Q  R     NA2HDX1        2 24.7   427   468    1468    (-,-) 
  g97092/Q                                   -       A->Q  F     INHDX1         2 18.4   219   278    1745    (-,-) 
  g97496/Q                                   -       B->Q  F     AO21HDX0       1 24.9   308   761    2506    (-,-) 
  g96418/Q                                   -       C->Q  R     NA22HDX2       2 30.7   242   314    2820    (-,-) 
  g96407/Q                                   -       A->Q  F     INHDX2         2 40.9   195   242    3062    (-,-) 
  g96303/Q                                   -       A->Q  F     EN2HDX1        1 12.2   190   378    3440    (-,-) 
  u_core_u_slow_cnt_gray_src_cont_q_reg[3]/D -       -     F     DFRRQHDX4      1    -     -     0    3440    (-,-) 
#-------------------------------------------------------------------------------------------------------------------



Path 3: VIOLATED (-3124 ps) Setup Check with Pin u_core_u_slow_cnt_gray_src_cont_q_reg[5]/C->D
           View: wc_view
          Group: clk_osc_slow
     Startpoint: (R) u_core_u_slow_cnt_bin_q_reg[0]/C
          Clock: (R) clk_osc_slow
       Endpoint: (F) u_core_u_slow_cnt_gray_src_cont_q_reg[5]/D
          Clock: (R) clk_osc_slow

                     Capture       Launch     
        Clock Edge:+    1000            0     
       Src Latency:+       0            0     
       Net Latency:+       0 (I)        0 (I) 
           Arrival:=    1000            0     
                                              
             Setup:-     635                  
       Uncertainty:-      50                  
     Required Time:=     315                  
      Launch Clock:-       0                  
         Data Path:-    3440                  
             Slack:=   -3124                  

#-------------------------------------------------------------------------------------------------------------------
#               Timing Point                 Flags   Arc   Edge   Cell     Fanout Load Trans Delay Arrival Instance 
#                                                                                 (fF)  (ps)  (ps)   (ps)  Location 
#-------------------------------------------------------------------------------------------------------------------
  u_core_u_slow_cnt_bin_q_reg[0]/C           -       -     R     (arrival)     31    -   150     0       0    (-,-) 
  u_core_u_slow_cnt_bin_q_reg[0]/Q           -       C->Q  F     DFRRQHDX1      2 27.4   297  1051    1051    (-,-) 
  g96496/CO                                  -       B->CO F     HAHDX4         6 84.4   238   705    1756    (-,-) 
  g96493/Q                                   -       C->Q  R     NA3I2HDX4      3 38.6   242   296    2052    (-,-) 
  g96417/Q                                   -       B->Q  R     EN2HDX4        3 55.2   189   922    2974    (-,-) 
  g96353/Q                                   -       A->Q  F     INHDX3         1 22.3    99   129    3102    (-,-) 
  g96288/Q                                   -       A->Q  F     EN2HDX1        1 12.2   189   337    3439    (-,-) 
  u_core_u_slow_cnt_gray_src_cont_q_reg[5]/D -       -     F     DFRRQHDX4      1    -     -     0    3440    (-,-) 
#-------------------------------------------------------------------------------------------------------------------



Path 4: VIOLATED (-3042 ps) Setup Check with Pin u_core_u_slow_cnt_gray_src_cont_q_reg[2]/C->D
           View: wc_view
          Group: clk_osc_slow
     Startpoint: (R) u_core_u_slow_cnt_bin_q_reg[0]/C
          Clock: (R) clk_osc_slow
       Endpoint: (F) u_core_u_slow_cnt_gray_src_cont_q_reg[2]/D
          Clock: (R) clk_osc_slow

                     Capture       Launch     
        Clock Edge:+    1000            0     
       Src Latency:+       0            0     
       Net Latency:+       0 (I)        0 (I) 
           Arrival:=    1000            0     
                                              
             Setup:-     635                  
       Uncertainty:-      50                  
     Required Time:=     315                  
      Launch Clock:-       0                  
         Data Path:-    3356                  
             Slack:=   -3042                  

#-------------------------------------------------------------------------------------------------------------------
#               Timing Point                 Flags   Arc   Edge   Cell     Fanout Load Trans Delay Arrival Instance 
#                                                                                 (fF)  (ps)  (ps)   (ps)  Location 
#-------------------------------------------------------------------------------------------------------------------
  u_core_u_slow_cnt_bin_q_reg[0]/C           -       -     R     (arrival)     31    -   150     0       0    (-,-) 
  u_core_u_slow_cnt_bin_q_reg[0]/Q           -       C->Q  F     DFRRQHDX1      2 27.4   297  1051    1051    (-,-) 
  g96496/CO                                  -       B->CO F     HAHDX4         6 84.4   238   705    1756    (-,-) 
  g96487/Q                                   -       B->Q  R     NO2I1HDX1      1 14.6   391   431    2187    (-,-) 
  g96457/Q                                   -       AN->Q R     NA2I1HDX2      3 39.5   364   480    2667    (-,-) 
  g96391/Q                                   -       A->Q  F     INHDX1         1 22.3   234   295    2962    (-,-) 
  g96304/Q                                   -       A->Q  F     EN2HDX1        1 12.2   191   394    3356    (-,-) 
  u_core_u_slow_cnt_gray_src_cont_q_reg[2]/D -       -     F     DFRRQHDX4      1    -     -     0    3356    (-,-) 
#-------------------------------------------------------------------------------------------------------------------



Path 5: VIOLATED (-2850 ps) Setup Check with Pin u_core_start_wdt_cnt_reg[4]/C->D
           View: wc_view
          Group: clk_osc_slow
     Startpoint: (R) u_core_start_wdt_cnt_reg[1]/C
          Clock: (R) clk_osc_slow
       Endpoint: (F) u_core_start_wdt_cnt_reg[4]/D
          Clock: (R) clk_osc_slow

                     Capture       Launch     
        Clock Edge:+    1000            0     
       Src Latency:+       0            0     
       Net Latency:+       0 (I)        0 (I) 
           Arrival:=    1000            0     
                                              
             Setup:-     644                  
       Uncertainty:-      50                  
     Required Time:=     306                  
      Launch Clock:-       0                  
         Data Path:-    3156                  
             Slack:=   -2850                  

#------------------------------------------------------------------------------------------------------
#         Timing Point          Flags   Arc   Edge   Cell     Fanout Load Trans Delay Arrival Instance 
#                                                                    (fF)  (ps)  (ps)   (ps)  Location 
#------------------------------------------------------------------------------------------------------
  u_core_start_wdt_cnt_reg[1]/C -       -     R     (arrival)     31    -   150     0       0    (-,-) 
  u_core_start_wdt_cnt_reg[1]/Q -       C->Q  F     DFRRHDX1       2 25.0   321  1181    1181    (-,-) 
  g176748/Q                     -       B->Q  F     AND2HDX2       5 61.9   204   607    1788    (-,-) 
  g176625/Q                     -       B->Q  F     AND2HDX2       4 56.1   191   542    2331    (-,-) 
  g176121/Q                     -       A->Q  R     INHDX2         1 15.6   125   154    2484    (-,-) 
  g172108/Q                     -       D->Q  R     OA221HDX2      1 15.6   160   536    3020    (-,-) 
  g171653/Q                     -       A->Q  F     NO2HDX1        1 12.3   158   135    3156    (-,-) 
  u_core_start_wdt_cnt_reg[4]/D -       -     F     DFRRHDX1       1    -     -     0    3156    (-,-) 
#------------------------------------------------------------------------------------------------------



Path 6: VIOLATED (-2686 ps) Setup Check with Pin u_core_start_wdt_cnt_reg[3]/C->D
           View: wc_view
          Group: clk_osc_slow
     Startpoint: (R) u_core_start_wdt_cnt_reg[1]/C
          Clock: (R) clk_osc_slow
       Endpoint: (F) u_core_start_wdt_cnt_reg[3]/D
          Clock: (R) clk_osc_slow

                     Capture       Launch     
        Clock Edge:+    1000            0     
       Src Latency:+       0            0     
       Net Latency:+       0 (I)        0 (I) 
           Arrival:=    1000            0     
                                              
             Setup:-     678                  
       Uncertainty:-      50                  
     Required Time:=     272                  
      Launch Clock:-       0                  
         Data Path:-    2958                  
             Slack:=   -2686                  

#------------------------------------------------------------------------------------------------------
#         Timing Point          Flags   Arc   Edge   Cell     Fanout Load Trans Delay Arrival Instance 
#                                                                    (fF)  (ps)  (ps)   (ps)  Location 
#------------------------------------------------------------------------------------------------------
  u_core_start_wdt_cnt_reg[1]/C -       -     R     (arrival)     31    -   150     0       0    (-,-) 
  u_core_start_wdt_cnt_reg[1]/Q -       C->Q  F     DFRRHDX1       2 25.0   321  1181    1181    (-,-) 
  g176748/Q                     -       B->Q  F     AND2HDX2       5 61.9   204   607    1788    (-,-) 
  g176613/Q                     -       A->Q  R     NA2HDX1        1 18.4   372   343    2132    (-,-) 
  g171677/Q                     -       A->Q  R     EO2HDX1        1 14.3   409   523    2654    (-,-) 
  g165829/Q                     -       B->Q  F     ON21HDX1       1 12.3   222   304    2958    (-,-) 
  u_core_start_wdt_cnt_reg[3]/D -       -     F     DFRRQHDX1      1    -     -     0    2958    (-,-) 
#------------------------------------------------------------------------------------------------------



Path 7: VIOLATED (-2658 ps) Setup Check with Pin u_core_start_wdt_cnt_reg[5]/C->D
           View: wc_view
          Group: clk_osc_slow
     Startpoint: (R) u_core_start_wdt_cnt_reg[1]/C
          Clock: (R) clk_osc_slow
       Endpoint: (F) u_core_start_wdt_cnt_reg[5]/D
          Clock: (R) clk_osc_slow

                     Capture       Launch     
        Clock Edge:+    1000            0     
       Src Latency:+       0            0     
       Net Latency:+       0 (I)        0 (I) 
           Arrival:=    1000            0     
                                              
             Setup:-     675                  
       Uncertainty:-      50                  
     Required Time:=     275                  
      Launch Clock:-       0                  
         Data Path:-    2932                  
             Slack:=   -2658                  

#------------------------------------------------------------------------------------------------------
#         Timing Point          Flags   Arc   Edge   Cell     Fanout Load Trans Delay Arrival Instance 
#                                                                    (fF)  (ps)  (ps)   (ps)  Location 
#------------------------------------------------------------------------------------------------------
  u_core_start_wdt_cnt_reg[1]/C -       -     R     (arrival)     31    -   150     0       0    (-,-) 
  u_core_start_wdt_cnt_reg[1]/Q -       C->Q  F     DFRRHDX1       2 25.0   321  1181    1181    (-,-) 
  g176748/Q                     -       B->Q  F     AND2HDX2       5 61.9   204   607    1788    (-,-) 
  g176625/Q                     -       B->Q  F     AND2HDX2       4 56.1   191   542    2331    (-,-) 
  g175657/Q                     -       C->Q  R     NA3I2HDX1      1 14.0   295   327    2658    (-,-) 
  g171654/Q                     -       B->Q  F     AN21HDX1       1 12.3   213   274    2932    (-,-) 
  u_core_start_wdt_cnt_reg[5]/D -       -     F     DFRRQHDX1      1    -     -     0    2932    (-,-) 
#------------------------------------------------------------------------------------------------------



Path 8: VIOLATED (-2643 ps) Setup Check with Pin u_core_u_slow_cnt_dst_count_latched_reg[0]/C->D
           View: wc_view
          Group: clk_osc_fast
     Startpoint: (R) u_core_u_slow_cnt_gray_snap_ff2_async_reg[5]/C
          Clock: (R) clk_osc_fast
       Endpoint: (F) u_core_u_slow_cnt_dst_count_latched_reg[0]/D
          Clock: (R) clk_osc_fast

                     Capture       Launch     
        Clock Edge:+     900            0     
       Src Latency:+       0            0     
       Net Latency:+       0 (I)        0 (I) 
           Arrival:=     900            0     
                                              
             Setup:-     635                  
       Uncertainty:-      50                  
     Required Time:=     215                  
      Launch Clock:-       0                  
         Data Path:-    2858                  
             Slack:=   -2643                  

#-----------------------------------------------------------------------------------------------------------------------
#                 Timing Point                   Flags   Arc   Edge   Cell     Fanout Load Trans Delay Arrival Instance 
#                                                                                     (fF)  (ps)  (ps)   (ps)  Location 
#-----------------------------------------------------------------------------------------------------------------------
  u_core_u_slow_cnt_gray_snap_ff2_async_reg[5]/C -       -     R     (arrival)    110    -   150     0       0    (-,-) 
  u_core_u_slow_cnt_gray_snap_ff2_async_reg[5]/Q -       C->Q  F     DFRRQHDX1      2 33.4   321  1085    1085    (-,-) 
  g96267/Q                                       -       A->Q  F     EO2HDX2        2 33.0   126   917    2002    (-,-) 
  g96256/Q                                       -       B->Q  F     EN3HDX1        1 12.2   192   856    2858    (-,-) 
  u_core_u_slow_cnt_dst_count_latched_reg[0]/D   -       -     F     DFRRQHDX4      1    -     -     0    2858    (-,-) 
#-----------------------------------------------------------------------------------------------------------------------



Path 9: VIOLATED (-2620 ps) Setup Check with Pin u_core_u_slow_cnt_gray_src_cont_q_reg[1]/C->D
           View: wc_view
          Group: clk_osc_slow
     Startpoint: (R) u_core_u_slow_cnt_bin_q_reg[0]/C
          Clock: (R) clk_osc_slow
       Endpoint: (R) u_core_u_slow_cnt_gray_src_cont_q_reg[1]/D
          Clock: (R) clk_osc_slow

                     Capture       Launch     
        Clock Edge:+    1000            0     
       Src Latency:+       0            0     
       Net Latency:+       0 (I)        0 (I) 
           Arrival:=    1000            0     
                                              
             Setup:-     341                  
       Uncertainty:-      50                  
     Required Time:=     609                  
      Launch Clock:-       0                  
         Data Path:-    3230                  
             Slack:=   -2620                  

#-------------------------------------------------------------------------------------------------------------------
#               Timing Point                 Flags   Arc   Edge   Cell     Fanout Load Trans Delay Arrival Instance 
#                                                                                 (fF)  (ps)  (ps)   (ps)  Location 
#-------------------------------------------------------------------------------------------------------------------
  u_core_u_slow_cnt_bin_q_reg[0]/C           -       -     R     (arrival)     31    -   150     0       0    (-,-) 
  u_core_u_slow_cnt_bin_q_reg[0]/Q           -       C->Q  F     DFRRQHDX1      2 27.4   297  1051    1051    (-,-) 
  g96496/CO                                  -       B->CO F     HAHDX4         6 84.4   238   705    1756    (-,-) 
  g96487/Q                                   -       B->Q  R     NO2I1HDX1      1 14.6   391   431    2187    (-,-) 
  g96457/Q                                   -       AN->Q R     NA2I1HDX2      3 39.5   364   480    2667    (-,-) 
  g96348/Q                                   -       B->Q  R     EN2HDX1        1 12.3   490   562    3230    (-,-) 
  u_core_u_slow_cnt_gray_src_cont_q_reg[1]/D -       -     R     DFRRQHDX4      1    -     -     0    3230    (-,-) 
#-------------------------------------------------------------------------------------------------------------------



Path 10: VIOLATED (-2606 ps) Setup Check with Pin u_core_gen_pd_row[7].gen_pd_col[0].u_pd/nfast_hit_latched_reg[6]/C->D
           View: wc_view
          Group: clk_osc_fast
     Startpoint: (R) u_core_gen_pd_row[7].gen_pd_col[0].u_pd/q1_reg/C
          Clock: (R) clk_osc_fast
       Endpoint: (F) u_core_gen_pd_row[7].gen_pd_col[0].u_pd/nfast_hit_latched_reg[6]/D
          Clock: (R) clk_osc_fast

                     Capture       Launch     
        Clock Edge:+     900            0     
       Src Latency:+       0            0     
       Net Latency:+       0 (I)        0 (I) 
           Arrival:=     900            0     
                                              
             Setup:-     674                  
       Uncertainty:-      50                  
     Required Time:=     176                  
      Launch Clock:-       0                  
         Data Path:-    2782                  
             Slack:=   -2606                  

#-------------------------------------------------------------------------------------------------------------------------------------------
#                           Timing Point                             Flags   Arc   Edge   Cell     Fanout Load Trans Delay Arrival Instance 
#                                                                                                         (fF)  (ps)  (ps)   (ps)  Location 
#-------------------------------------------------------------------------------------------------------------------------------------------
  u_core_gen_pd_row[7].gen_pd_col[0].u_pd/q1_reg/C                   -       -     R     (arrival)    110    -   150     0       0    (-,-) 
  u_core_gen_pd_row[7].gen_pd_col[0].u_pd/q1_reg/Q                   -       C->Q  R     DFRRQHDX1      3 28.4   333   987     987    (-,-) 
  u_core_gen_pd_row[7].gen_pd_col[0].u_pd/g3959/Q                    -       A->Q  F     INHDX1         2 24.1   239   300    1288    (-,-) 
  u_core_gen_pd_row[7].gen_pd_col[0].u_pd/g3954/Q                    -       A->Q  F     AND2HDX2       1 35.6   147   463    1751    (-,-) 
  u_core_gen_pd_row[7].gen_pd_col[0].u_pd/g3950/Q                    -       B->Q  R     NA2HDX4        8 96.8   409   403    2153    (-,-) 
  u_core_gen_pd_row[7].gen_pd_col[0].u_pd/fopt/Q                     -       A->Q  R     BUHDX4         7 88.0   231   397    2550    (-,-) 
  u_core_gen_pd_row[7].gen_pd_col[0].u_pd/g3933/Q                    -       A->Q  F     ON21HDX1       1 12.3   210   232    2782    (-,-) 
  u_core_gen_pd_row[7].gen_pd_col[0].u_pd/nfast_hit_latched_reg[6]/D -       -     F     DFRRQHDX1      1    -     -     0    2782    (-,-) 
#-------------------------------------------------------------------------------------------------------------------------------------------



Path 11: VIOLATED (-2606 ps) Setup Check with Pin u_core_gen_pd_row[7].gen_pd_col[0].u_pd/nfast_hit_latched_reg[3]/C->D
           View: wc_view
          Group: clk_osc_fast
     Startpoint: (R) u_core_gen_pd_row[7].gen_pd_col[0].u_pd/q1_reg/C
          Clock: (R) clk_osc_fast
       Endpoint: (F) u_core_gen_pd_row[7].gen_pd_col[0].u_pd/nfast_hit_latched_reg[3]/D
          Clock: (R) clk_osc_fast

                     Capture       Launch     
        Clock Edge:+     900            0     
       Src Latency:+       0            0     
       Net Latency:+       0 (I)        0 (I) 
           Arrival:=     900            0     
                                              
             Setup:-     674                  
       Uncertainty:-      50                  
     Required Time:=     176                  
      Launch Clock:-       0                  
         Data Path:-    2782                  
             Slack:=   -2606                  

#-------------------------------------------------------------------------------------------------------------------------------------------
#                           Timing Point                             Flags   Arc   Edge   Cell     Fanout Load Trans Delay Arrival Instance 
#                                                                                                         (fF)  (ps)  (ps)   (ps)  Location 
#-------------------------------------------------------------------------------------------------------------------------------------------
  u_core_gen_pd_row[7].gen_pd_col[0].u_pd/q1_reg/C                   -       -     R     (arrival)    110    -   150     0       0    (-,-) 
  u_core_gen_pd_row[7].gen_pd_col[0].u_pd/q1_reg/Q                   -       C->Q  R     DFRRQHDX1      3 28.4   333   987     987    (-,-) 
  u_core_gen_pd_row[7].gen_pd_col[0].u_pd/g3959/Q                    -       A->Q  F     INHDX1         2 24.1   239   300    1288    (-,-) 
  u_core_gen_pd_row[7].gen_pd_col[0].u_pd/g3954/Q                    -       A->Q  F     AND2HDX2       1 35.6   147   463    1751    (-,-) 
  u_core_gen_pd_row[7].gen_pd_col[0].u_pd/g3950/Q                    -       B->Q  R     NA2HDX4        8 96.8   409   403    2153    (-,-) 
  u_core_gen_pd_row[7].gen_pd_col[0].u_pd/fopt/Q                     -       A->Q  R     BUHDX4         7 88.0   231   397    2550    (-,-) 
  u_core_gen_pd_row[7].gen_pd_col[0].u_pd/g3932/Q                    -       A->Q  F     ON21HDX1       1 12.3   210   232    2782    (-,-) 
  u_core_gen_pd_row[7].gen_pd_col[0].u_pd/nfast_hit_latched_reg[3]/D -       -     F     DFRRQHDX1      1    -     -     0    2782    (-,-) 
#-------------------------------------------------------------------------------------------------------------------------------------------



Path 12: VIOLATED (-2606 ps) Setup Check with Pin u_core_gen_pd_row[7].gen_pd_col[0].u_pd/nfast_hit_latched_reg[4]/C->D
           View: wc_view
          Group: clk_osc_fast
     Startpoint: (R) u_core_gen_pd_row[7].gen_pd_col[0].u_pd/q1_reg/C
          Clock: (R) clk_osc_fast
       Endpoint: (F) u_core_gen_pd_row[7].gen_pd_col[0].u_pd/nfast_hit_latched_reg[4]/D
          Clock: (R) clk_osc_fast

                     Capture       Launch     
        Clock Edge:+     900            0     
       Src Latency:+       0            0     
       Net Latency:+       0 (I)        0 (I) 
           Arrival:=     900            0     
                                              
             Setup:-     674                  
       Uncertainty:-      50                  
     Required Time:=     176                  
      Launch Clock:-       0                  
         Data Path:-    2782                  
             Slack:=   -2606                  

#-------------------------------------------------------------------------------------------------------------------------------------------
#                           Timing Point                             Flags   Arc   Edge   Cell     Fanout Load Trans Delay Arrival Instance 
#                                                                                                         (fF)  (ps)  (ps)   (ps)  Location 
#-------------------------------------------------------------------------------------------------------------------------------------------
  u_core_gen_pd_row[7].gen_pd_col[0].u_pd/q1_reg/C                   -       -     R     (arrival)    110    -   150     0       0    (-,-) 
  u_core_gen_pd_row[7].gen_pd_col[0].u_pd/q1_reg/Q                   -       C->Q  R     DFRRQHDX1      3 28.4   333   987     987    (-,-) 
  u_core_gen_pd_row[7].gen_pd_col[0].u_pd/g3959/Q                    -       A->Q  F     INHDX1         2 24.1   239   300    1288    (-,-) 
  u_core_gen_pd_row[7].gen_pd_col[0].u_pd/g3954/Q                    -       A->Q  F     AND2HDX2       1 35.6   147   463    1751    (-,-) 
  u_core_gen_pd_row[7].gen_pd_col[0].u_pd/g3950/Q                    -       B->Q  R     NA2HDX4        8 96.8   409   403    2153    (-,-) 
  u_core_gen_pd_row[7].gen_pd_col[0].u_pd/fopt/Q                     -       A->Q  R     BUHDX4         7 88.0   231   397    2550    (-,-) 
  u_core_gen_pd_row[7].gen_pd_col[0].u_pd/g3935/Q                    -       A->Q  F     ON21HDX1       1 12.3   210   232    2782    (-,-) 
  u_core_gen_pd_row[7].gen_pd_col[0].u_pd/nfast_hit_latched_reg[4]/D -       -     F     DFRRQHDX1      1    -     -     0    2782    (-,-) 
#-------------------------------------------------------------------------------------------------------------------------------------------



Path 13: VIOLATED (-2606 ps) Setup Check with Pin u_core_gen_pd_row[7].gen_pd_col[0].u_pd/nfast_hit_latched_reg[5]/C->D
           View: wc_view
          Group: clk_osc_fast
     Startpoint: (R) u_core_gen_pd_row[7].gen_pd_col[0].u_pd/q1_reg/C
          Clock: (R) clk_osc_fast
       Endpoint: (F) u_core_gen_pd_row[7].gen_pd_col[0].u_pd/nfast_hit_latched_reg[5]/D
          Clock: (R) clk_osc_fast

                     Capture       Launch     
        Clock Edge:+     900            0     
       Src Latency:+       0            0     
       Net Latency:+       0 (I)        0 (I) 
           Arrival:=     900            0     
                                              
             Setup:-     674                  
       Uncertainty:-      50                  
     Required Time:=     176                  
      Launch Clock:-       0                  
         Data Path:-    2782                  
             Slack:=   -2606                  

#-------------------------------------------------------------------------------------------------------------------------------------------
#                           Timing Point                             Flags   Arc   Edge   Cell     Fanout Load Trans Delay Arrival Instance 
#                                                                                                         (fF)  (ps)  (ps)   (ps)  Location 
#-------------------------------------------------------------------------------------------------------------------------------------------
  u_core_gen_pd_row[7].gen_pd_col[0].u_pd/q1_reg/C                   -       -     R     (arrival)    110    -   150     0       0    (-,-) 
  u_core_gen_pd_row[7].gen_pd_col[0].u_pd/q1_reg/Q                   -       C->Q  R     DFRRQHDX1      3 28.4   333   987     987    (-,-) 
  u_core_gen_pd_row[7].gen_pd_col[0].u_pd/g3959/Q                    -       A->Q  F     INHDX1         2 24.1   239   300    1288    (-,-) 
  u_core_gen_pd_row[7].gen_pd_col[0].u_pd/g3954/Q                    -       A->Q  F     AND2HDX2       1 35.6   147   463    1751    (-,-) 
  u_core_gen_pd_row[7].gen_pd_col[0].u_pd/g3950/Q                    -       B->Q  R     NA2HDX4        8 96.8   409   403    2153    (-,-) 
  u_core_gen_pd_row[7].gen_pd_col[0].u_pd/fopt/Q                     -       A->Q  R     BUHDX4         7 88.0   231   397    2550    (-,-) 
  u_core_gen_pd_row[7].gen_pd_col[0].u_pd/g3934/Q                    -       A->Q  F     ON21HDX1       1 12.3   210   232    2782    (-,-) 
  u_core_gen_pd_row[7].gen_pd_col[0].u_pd/nfast_hit_latched_reg[5]/D -       -     F     DFRRQHDX1      1    -     -     0    2782    (-,-) 
#-------------------------------------------------------------------------------------------------------------------------------------------



Path 14: VIOLATED (-2606 ps) Setup Check with Pin u_core_gen_pd_row[7].gen_pd_col[0].u_pd/nfast_hit_latched_reg[2]/C->D
           View: wc_view
          Group: clk_osc_fast
     Startpoint: (R) u_core_gen_pd_row[7].gen_pd_col[0].u_pd/q1_reg/C
          Clock: (R) clk_osc_fast
       Endpoint: (F) u_core_gen_pd_row[7].gen_pd_col[0].u_pd/nfast_hit_latched_reg[2]/D
          Clock: (R) clk_osc_fast

                     Capture       Launch     
        Clock Edge:+     900            0     
       Src Latency:+       0            0     
       Net Latency:+       0 (I)        0 (I) 
           Arrival:=     900            0     
                                              
             Setup:-     674                  
       Uncertainty:-      50                  
     Required Time:=     176                  
      Launch Clock:-       0                  
         Data Path:-    2782                  
             Slack:=   -2606                  

#-------------------------------------------------------------------------------------------------------------------------------------------
#                           Timing Point                             Flags   Arc   Edge   Cell     Fanout Load Trans Delay Arrival Instance 
#                                                                                                         (fF)  (ps)  (ps)   (ps)  Location 
#-------------------------------------------------------------------------------------------------------------------------------------------
  u_core_gen_pd_row[7].gen_pd_col[0].u_pd/q1_reg/C                   -       -     R     (arrival)    110    -   150     0       0    (-,-) 
  u_core_gen_pd_row[7].gen_pd_col[0].u_pd/q1_reg/Q                   -       C->Q  R     DFRRQHDX1      3 28.4   333   987     987    (-,-) 
  u_core_gen_pd_row[7].gen_pd_col[0].u_pd/g3959/Q                    -       A->Q  F     INHDX1         2 24.1   239   300    1288    (-,-) 
  u_core_gen_pd_row[7].gen_pd_col[0].u_pd/g3954/Q                    -       A->Q  F     AND2HDX2       1 35.6   147   463    1751    (-,-) 
  u_core_gen_pd_row[7].gen_pd_col[0].u_pd/g3950/Q                    -       B->Q  R     NA2HDX4        8 96.8   409   403    2153    (-,-) 
  u_core_gen_pd_row[7].gen_pd_col[0].u_pd/fopt/Q                     -       A->Q  R     BUHDX4         7 88.0   231   397    2550    (-,-) 
  u_core_gen_pd_row[7].gen_pd_col[0].u_pd/g3929/Q                    -       A->Q  F     ON21HDX1       1 12.3   210   232    2782    (-,-) 
  u_core_gen_pd_row[7].gen_pd_col[0].u_pd/nfast_hit_latched_reg[2]/D -       -     F     DFRRQHDX1      1    -     -     0    2782    (-,-) 
#-------------------------------------------------------------------------------------------------------------------------------------------



Path 15: VIOLATED (-2606 ps) Setup Check with Pin u_core_gen_pd_row[7].gen_pd_col[0].u_pd/nfast_hit_latched_reg[1]/C->D
           View: wc_view
          Group: clk_osc_fast
     Startpoint: (R) u_core_gen_pd_row[7].gen_pd_col[0].u_pd/q1_reg/C
          Clock: (R) clk_osc_fast
       Endpoint: (F) u_core_gen_pd_row[7].gen_pd_col[0].u_pd/nfast_hit_latched_reg[1]/D
          Clock: (R) clk_osc_fast

                     Capture       Launch     
        Clock Edge:+     900            0     
       Src Latency:+       0            0     
       Net Latency:+       0 (I)        0 (I) 
           Arrival:=     900            0     
                                              
             Setup:-     674                  
       Uncertainty:-      50                  
     Required Time:=     176                  
      Launch Clock:-       0                  
         Data Path:-    2782                  
             Slack:=   -2606                  

#-------------------------------------------------------------------------------------------------------------------------------------------
#                           Timing Point                             Flags   Arc   Edge   Cell     Fanout Load Trans Delay Arrival Instance 
#                                                                                                         (fF)  (ps)  (ps)   (ps)  Location 
#-------------------------------------------------------------------------------------------------------------------------------------------
  u_core_gen_pd_row[7].gen_pd_col[0].u_pd/q1_reg/C                   -       -     R     (arrival)    110    -   150     0       0    (-,-) 
  u_core_gen_pd_row[7].gen_pd_col[0].u_pd/q1_reg/Q                   -       C->Q  R     DFRRQHDX1      3 28.4   333   987     987    (-,-) 
  u_core_gen_pd_row[7].gen_pd_col[0].u_pd/g3959/Q                    -       A->Q  F     INHDX1         2 24.1   239   300    1288    (-,-) 
  u_core_gen_pd_row[7].gen_pd_col[0].u_pd/g3954/Q                    -       A->Q  F     AND2HDX2       1 35.6   147   463    1751    (-,-) 
  u_core_gen_pd_row[7].gen_pd_col[0].u_pd/g3950/Q                    -       B->Q  R     NA2HDX4        8 96.8   409   403    2153    (-,-) 
  u_core_gen_pd_row[7].gen_pd_col[0].u_pd/fopt/Q                     -       A->Q  R     BUHDX4         7 88.0   231   397    2550    (-,-) 
  u_core_gen_pd_row[7].gen_pd_col[0].u_pd/g3930/Q                    -       A->Q  F     ON21HDX1       1 12.3   210   232    2782    (-,-) 
  u_core_gen_pd_row[7].gen_pd_col[0].u_pd/nfast_hit_latched_reg[1]/D -       -     F     DFRRQHDX1      1    -     -     0    2782    (-,-) 
#-------------------------------------------------------------------------------------------------------------------------------------------



Path 16: VIOLATED (-2606 ps) Setup Check with Pin u_core_gen_pd_row[7].gen_pd_col[0].u_pd/nfast_hit_latched_reg[0]/C->D
           View: wc_view
          Group: clk_osc_fast
     Startpoint: (R) u_core_gen_pd_row[7].gen_pd_col[0].u_pd/q1_reg/C
          Clock: (R) clk_osc_fast
       Endpoint: (F) u_core_gen_pd_row[7].gen_pd_col[0].u_pd/nfast_hit_latched_reg[0]/D
          Clock: (R) clk_osc_fast

                     Capture       Launch     
        Clock Edge:+     900            0     
       Src Latency:+       0            0     
       Net Latency:+       0 (I)        0 (I) 
           Arrival:=     900            0     
                                              
             Setup:-     674                  
       Uncertainty:-      50                  
     Required Time:=     176                  
      Launch Clock:-       0                  
         Data Path:-    2782                  
             Slack:=   -2606                  

#-------------------------------------------------------------------------------------------------------------------------------------------
#                           Timing Point                             Flags   Arc   Edge   Cell     Fanout Load Trans Delay Arrival Instance 
#                                                                                                         (fF)  (ps)  (ps)   (ps)  Location 
#-------------------------------------------------------------------------------------------------------------------------------------------
  u_core_gen_pd_row[7].gen_pd_col[0].u_pd/q1_reg/C                   -       -     R     (arrival)    110    -   150     0       0    (-,-) 
  u_core_gen_pd_row[7].gen_pd_col[0].u_pd/q1_reg/Q                   -       C->Q  R     DFRRQHDX1      3 28.4   333   987     987    (-,-) 
  u_core_gen_pd_row[7].gen_pd_col[0].u_pd/g3959/Q                    -       A->Q  F     INHDX1         2 24.1   239   300    1288    (-,-) 
  u_core_gen_pd_row[7].gen_pd_col[0].u_pd/g3954/Q                    -       A->Q  F     AND2HDX2       1 35.6   147   463    1751    (-,-) 
  u_core_gen_pd_row[7].gen_pd_col[0].u_pd/g3950/Q                    -       B->Q  R     NA2HDX4        8 96.8   409   403    2153    (-,-) 
  u_core_gen_pd_row[7].gen_pd_col[0].u_pd/fopt/Q                     -       A->Q  R     BUHDX4         7 88.0   231   397    2550    (-,-) 
  u_core_gen_pd_row[7].gen_pd_col[0].u_pd/g3931/Q                    -       A->Q  F     ON21HDX1       1 12.3   210   232    2782    (-,-) 
  u_core_gen_pd_row[7].gen_pd_col[0].u_pd/nfast_hit_latched_reg[0]/D -       -     F     DFRRQHDX1      1    -     -     0    2782    (-,-) 
#-------------------------------------------------------------------------------------------------------------------------------------------



Path 17: VIOLATED (-2606 ps) Setup Check with Pin u_core_gen_pd_row[6].gen_pd_col[0].u_pd/nfast_hit_latched_reg[6]/C->D
           View: wc_view
          Group: clk_osc_fast
     Startpoint: (R) u_core_gen_pd_row[6].gen_pd_col[0].u_pd/q1_reg/C
          Clock: (R) clk_osc_fast
       Endpoint: (F) u_core_gen_pd_row[6].gen_pd_col[0].u_pd/nfast_hit_latched_reg[6]/D
          Clock: (R) clk_osc_fast

                     Capture       Launch     
        Clock Edge:+     900            0     
       Src Latency:+       0            0     
       Net Latency:+       0 (I)        0 (I) 
           Arrival:=     900            0     
                                              
             Setup:-     674                  
       Uncertainty:-      50                  
     Required Time:=     176                  
      Launch Clock:-       0                  
         Data Path:-    2782                  
             Slack:=   -2606                  

#-------------------------------------------------------------------------------------------------------------------------------------------
#                           Timing Point                             Flags   Arc   Edge   Cell     Fanout Load Trans Delay Arrival Instance 
#                                                                                                         (fF)  (ps)  (ps)   (ps)  Location 
#-------------------------------------------------------------------------------------------------------------------------------------------
  u_core_gen_pd_row[6].gen_pd_col[0].u_pd/q1_reg/C                   -       -     R     (arrival)    110    -   150     0       0    (-,-) 
  u_core_gen_pd_row[6].gen_pd_col[0].u_pd/q1_reg/Q                   -       C->Q  R     DFRRQHDX1      3 28.4   333   987     987    (-,-) 
  u_core_gen_pd_row[6].gen_pd_col[0].u_pd/g3959/Q                    -       A->Q  F     INHDX1         2 24.1   239   300    1288    (-,-) 
  u_core_gen_pd_row[6].gen_pd_col[0].u_pd/g3954/Q                    -       A->Q  F     AND2HDX2       1 35.6   147   463    1751    (-,-) 
  u_core_gen_pd_row[6].gen_pd_col[0].u_pd/g3950/Q                    -       B->Q  R     NA2HDX4        8 96.8   409   403    2153    (-,-) 
  u_core_gen_pd_row[6].gen_pd_col[0].u_pd/fopt/Q                     -       A->Q  R     BUHDX4         7 88.0   231   397    2550    (-,-) 
  u_core_gen_pd_row[6].gen_pd_col[0].u_pd/g3933/Q                    -       A->Q  F     ON21HDX1       1 12.3   210   232    2782    (-,-) 
  u_core_gen_pd_row[6].gen_pd_col[0].u_pd/nfast_hit_latched_reg[6]/D -       -     F     DFRRQHDX1      1    -     -     0    2782    (-,-) 
#-------------------------------------------------------------------------------------------------------------------------------------------



Path 18: VIOLATED (-2606 ps) Setup Check with Pin u_core_gen_pd_row[6].gen_pd_col[0].u_pd/nfast_hit_latched_reg[3]/C->D
           View: wc_view
          Group: clk_osc_fast
     Startpoint: (R) u_core_gen_pd_row[6].gen_pd_col[0].u_pd/q1_reg/C
          Clock: (R) clk_osc_fast
       Endpoint: (F) u_core_gen_pd_row[6].gen_pd_col[0].u_pd/nfast_hit_latched_reg[3]/D
          Clock: (R) clk_osc_fast

                     Capture       Launch     
        Clock Edge:+     900            0     
       Src Latency:+       0            0     
       Net Latency:+       0 (I)        0 (I) 
           Arrival:=     900            0     
                                              
             Setup:-     674                  
       Uncertainty:-      50                  
     Required Time:=     176                  
      Launch Clock:-       0                  
         Data Path:-    2782                  
             Slack:=   -2606                  

#-------------------------------------------------------------------------------------------------------------------------------------------
#                           Timing Point                             Flags   Arc   Edge   Cell     Fanout Load Trans Delay Arrival Instance 
#                                                                                                         (fF)  (ps)  (ps)   (ps)  Location 
#-------------------------------------------------------------------------------------------------------------------------------------------
  u_core_gen_pd_row[6].gen_pd_col[0].u_pd/q1_reg/C                   -       -     R     (arrival)    110    -   150     0       0    (-,-) 
  u_core_gen_pd_row[6].gen_pd_col[0].u_pd/q1_reg/Q                   -       C->Q  R     DFRRQHDX1      3 28.4   333   987     987    (-,-) 
  u_core_gen_pd_row[6].gen_pd_col[0].u_pd/g3959/Q                    -       A->Q  F     INHDX1         2 24.1   239   300    1288    (-,-) 
  u_core_gen_pd_row[6].gen_pd_col[0].u_pd/g3954/Q                    -       A->Q  F     AND2HDX2       1 35.6   147   463    1751    (-,-) 
  u_core_gen_pd_row[6].gen_pd_col[0].u_pd/g3950/Q                    -       B->Q  R     NA2HDX4        8 96.8   409   403    2153    (-,-) 
  u_core_gen_pd_row[6].gen_pd_col[0].u_pd/fopt/Q                     -       A->Q  R     BUHDX4         7 88.0   231   397    2550    (-,-) 
  u_core_gen_pd_row[6].gen_pd_col[0].u_pd/g3932/Q                    -       A->Q  F     ON21HDX1       1 12.3   210   232    2782    (-,-) 
  u_core_gen_pd_row[6].gen_pd_col[0].u_pd/nfast_hit_latched_reg[3]/D -       -     F     DFRRQHDX1      1    -     -     0    2782    (-,-) 
#-------------------------------------------------------------------------------------------------------------------------------------------



Path 19: VIOLATED (-2606 ps) Setup Check with Pin u_core_gen_pd_row[6].gen_pd_col[0].u_pd/nfast_hit_latched_reg[4]/C->D
           View: wc_view
          Group: clk_osc_fast
     Startpoint: (R) u_core_gen_pd_row[6].gen_pd_col[0].u_pd/q1_reg/C
          Clock: (R) clk_osc_fast
       Endpoint: (F) u_core_gen_pd_row[6].gen_pd_col[0].u_pd/nfast_hit_latched_reg[4]/D
          Clock: (R) clk_osc_fast

                     Capture       Launch     
        Clock Edge:+     900            0     
       Src Latency:+       0            0     
       Net Latency:+       0 (I)        0 (I) 
           Arrival:=     900            0     
                                              
             Setup:-     674                  
       Uncertainty:-      50                  
     Required Time:=     176                  
      Launch Clock:-       0                  
         Data Path:-    2782                  
             Slack:=   -2606                  

#-------------------------------------------------------------------------------------------------------------------------------------------
#                           Timing Point                             Flags   Arc   Edge   Cell     Fanout Load Trans Delay Arrival Instance 
#                                                                                                         (fF)  (ps)  (ps)   (ps)  Location 
#-------------------------------------------------------------------------------------------------------------------------------------------
  u_core_gen_pd_row[6].gen_pd_col[0].u_pd/q1_reg/C                   -       -     R     (arrival)    110    -   150     0       0    (-,-) 
  u_core_gen_pd_row[6].gen_pd_col[0].u_pd/q1_reg/Q                   -       C->Q  R     DFRRQHDX1      3 28.4   333   987     987    (-,-) 
  u_core_gen_pd_row[6].gen_pd_col[0].u_pd/g3959/Q                    -       A->Q  F     INHDX1         2 24.1   239   300    1288    (-,-) 
  u_core_gen_pd_row[6].gen_pd_col[0].u_pd/g3954/Q                    -       A->Q  F     AND2HDX2       1 35.6   147   463    1751    (-,-) 
  u_core_gen_pd_row[6].gen_pd_col[0].u_pd/g3950/Q                    -       B->Q  R     NA2HDX4        8 96.8   409   403    2153    (-,-) 
  u_core_gen_pd_row[6].gen_pd_col[0].u_pd/fopt/Q                     -       A->Q  R     BUHDX4         7 88.0   231   397    2550    (-,-) 
  u_core_gen_pd_row[6].gen_pd_col[0].u_pd/g3935/Q                    -       A->Q  F     ON21HDX1       1 12.3   210   232    2782    (-,-) 
  u_core_gen_pd_row[6].gen_pd_col[0].u_pd/nfast_hit_latched_reg[4]/D -       -     F     DFRRQHDX1      1    -     -     0    2782    (-,-) 
#-------------------------------------------------------------------------------------------------------------------------------------------



Path 20: VIOLATED (-2606 ps) Setup Check with Pin u_core_gen_pd_row[6].gen_pd_col[0].u_pd/nfast_hit_latched_reg[5]/C->D
           View: wc_view
          Group: clk_osc_fast
     Startpoint: (R) u_core_gen_pd_row[6].gen_pd_col[0].u_pd/q1_reg/C
          Clock: (R) clk_osc_fast
       Endpoint: (F) u_core_gen_pd_row[6].gen_pd_col[0].u_pd/nfast_hit_latched_reg[5]/D
          Clock: (R) clk_osc_fast

                     Capture       Launch     
        Clock Edge:+     900            0     
       Src Latency:+       0            0     
       Net Latency:+       0 (I)        0 (I) 
           Arrival:=     900            0     
                                              
             Setup:-     674                  
       Uncertainty:-      50                  
     Required Time:=     176                  
      Launch Clock:-       0                  
         Data Path:-    2782                  
             Slack:=   -2606                  

#-------------------------------------------------------------------------------------------------------------------------------------------
#                           Timing Point                             Flags   Arc   Edge   Cell     Fanout Load Trans Delay Arrival Instance 
#                                                                                                         (fF)  (ps)  (ps)   (ps)  Location 
#-------------------------------------------------------------------------------------------------------------------------------------------
  u_core_gen_pd_row[6].gen_pd_col[0].u_pd/q1_reg/C                   -       -     R     (arrival)    110    -   150     0       0    (-,-) 
  u_core_gen_pd_row[6].gen_pd_col[0].u_pd/q1_reg/Q                   -       C->Q  R     DFRRQHDX1      3 28.4   333   987     987    (-,-) 
  u_core_gen_pd_row[6].gen_pd_col[0].u_pd/g3959/Q                    -       A->Q  F     INHDX1         2 24.1   239   300    1288    (-,-) 
  u_core_gen_pd_row[6].gen_pd_col[0].u_pd/g3954/Q                    -       A->Q  F     AND2HDX2       1 35.6   147   463    1751    (-,-) 
  u_core_gen_pd_row[6].gen_pd_col[0].u_pd/g3950/Q                    -       B->Q  R     NA2HDX4        8 96.8   409   403    2153    (-,-) 
  u_core_gen_pd_row[6].gen_pd_col[0].u_pd/fopt/Q                     -       A->Q  R     BUHDX4         7 88.0   231   397    2550    (-,-) 
  u_core_gen_pd_row[6].gen_pd_col[0].u_pd/g3934/Q                    -       A->Q  F     ON21HDX1       1 12.3   210   232    2782    (-,-) 
  u_core_gen_pd_row[6].gen_pd_col[0].u_pd/nfast_hit_latched_reg[5]/D -       -     F     DFRRQHDX1      1    -     -     0    2782    (-,-) 
#-------------------------------------------------------------------------------------------------------------------------------------------


