============================================================
  Generated by:           Genus(TM) Synthesis Solution 22.13-s093_1
  Generated on:           May 18 2026  03:47:30 pm
  Module:                 mptdc_top_asic
  Operating conditions:   slow_1_62V_125C 
  Interconnect mode:      global
  Area mode:              physical library
============================================================

Timing
--------

Analysis view       Clock       Period 
---------------------------------------
wc_view       clk_osc_fast       900.0 
              clk_osc_fast_tap1  900.0 
              clk_osc_fast_tap2  900.0 
              clk_osc_fast_tap3  900.0 
              clk_osc_fast_tap4  900.0 
              clk_osc_fast_tap5  900.0 
              clk_osc_fast_tap6  900.0 
              clk_osc_fast_tap7  900.0 
              clk_osc_slow      1000.0 
              clk_osc_slow_tap1 1000.0 
              clk_osc_slow_tap2 1000.0 
              clk_osc_slow_tap3 1000.0 
              clk_osc_slow_tap4 1000.0 
              clk_osc_slow_tap5 1000.0 
              clk_osc_slow_tap6 1000.0 
              clk_osc_slow_tap7 1000.0 
              clk_sys           6250.0 


Analysis        Cost        Critical              Violating 
  View         Group       Path Slack     TNS       Paths   
------------------------------------------------------------
wc_view       clk_osc_fast    -3766.1 -5420665.7       1886 
         clk_osc_fast_tap1    -3057.8  -211943.2         80 
         clk_osc_fast_tap2    -3008.3  -208909.3         80 
         clk_osc_fast_tap3    -2958.4  -206252.4         80 
         clk_osc_fast_tap4    -2908.9  -202549.8         80 
         clk_osc_fast_tap5    -2858.2  -199458.4         80 
         clk_osc_fast_tap6    -2809.3  -196818.3         80 
         clk_osc_fast_tap7    -2759.3  -193561.4         80 
              clk_osc_slow    -2292.6   -44228.2         22 
         clk_osc_slow_tap1   No paths        0.0          0 
         clk_osc_slow_tap2   No paths        0.0          0 
         clk_osc_slow_tap3   No paths        0.0          0 
         clk_osc_slow_tap4   No paths        0.0          0 
         clk_osc_slow_tap5   No paths        0.0          0 
         clk_osc_slow_tap6   No paths        0.0          0 
         clk_osc_slow_tap7   No paths        0.0          0 
                   clk_sys    -3677.8  -203889.6        164 
                   default   No paths        0.0          0 
------------------------------------------------------------
Total                                 -7088276.3       2632 
                                                            

Instance Count
--------------
Leaf Instance Count             22321 
Physical Instance count             0 
Sequential Instance Count        5522 
Combinational Instance Count    16799 
Hierarchical Instance Count        74 

Area
----
Cell Area                          524035.635
Physical Cell Area                 0.000
Total Cell Area (Cell+Physical)    524035.635
Net Area                           281584.344
Total Area (Cell+Physical+Net)     805619.979

Power
-----
Leakage Power                      7984.138 nW
Dynamic Power                      411029373.260 nW
Total Power                        411037357.398 nW

Max Fanout                         3029 (clk_sys)
Min Fanout                         0 (local_async_rst_n)
Average Fanout                     2.3
Terms to net ratio                 3.3517
Terms to instance ratio            3.5629
Runtime                            3212.5139479999807 seconds
Elapsed Runtime                    3077 seconds
Genus peak memory usage            2614.26 
Innovus peak memory usage          no_value 
Hostname                           lyoelectrosrv01.in2p3.fr
