============================================================
  Generated by:           Genus(TM) Synthesis Solution 22.13-s093_1
  Generated on:           May 18 2026  02:56:42 pm
  Module:                 mptdc_top_asic
  Library domain:         wc_cond
    Domain index:         0
    Technology library:   D_CELLS_HD_LPMOS_slow_1_62V_125C 6.0.0
  Operating conditions:   slow_1_62V_125C 
  Interconnect mode:      global
  Area mode:              physical library
============================================================

 
  Hierarchy Report Format : 
 
    level instance ( module ) <status>
 
    status :    preserve_<value> -- indicating preserve hierachy or inherited_preserve value
           :    blackbox --  indicating  unresolved instance
 
==================================================================

 0 mptdc_top_asic
  1 u_rst_input_mux_sync ( mptdc_reset_sync_STAGES2 ) 
  1 u_rst_csr_sync ( mptdc_reset_sync_STAGES3 ) 
  1 u_rst_core_sync ( mptdc_reset_sync_STAGES4 ) 
  1 u_input_mux ( mptdc_input_mux ) 
     2 mux_50_41 ( bmux_3 ) 
     2 mux_47_41 ( bmux_3 ) 
  1 u_csr ( mptdc_csr_minimal ) 
     2 ctl_csr_addr_i_103_15 ( case_box ) 
     2 mux_soft_rst_pulse_o_103_15 ( mux ) 
     2 mux_soft_rst_pulse_o_102_11 ( bmux_3 ) 
     2 mux_conv_arm_o_132_11 ( bmux_3 ) 
     2 ctl_csr_addr_i_148_11 ( case_box_5 ) 
     2 mux_rd_data_next_148_11 ( mux_14 ) 
     2 mux_csr_rdata_o_216_11 ( bmux_15 ) 
     2 mux_fifo_clr_pulse_o_103_15 ( mux ) 
     2 mux_fifo_clr_pulse_o_102_11 ( bmux_3 ) 
  1 u_core ( mptdc_core ) 
     2 u_rst_status_sync ( mptdc_reset_sync_STAGES2 ) 
     2 u_rst_drain_sync ( mptdc_reset_sync_STAGES4 ) 
     2 u_rst_fifo_sync ( mptdc_reset_sync_STAGES3 ) 
     2 u_rst_tx_sync ( mptdc_reset_sync_STAGES5 ) 
     2 u_rst_wdt_sync ( mptdc_reset_sync_STAGES6 ) 
     2 u_rst_fast_sync ( mptdc_reset_sync_STAGES2 ) 
     2 u_frontend ( mptdc_async_frontend_v2 ) 
        3 g3 ( or_op ) 
        3 mux_alloc_ctx_92_11 ( bmux_3 ) 
        3 mux_alloc_ctx_92_47 ( bmux_3 ) 
        3 mux_active_ctx_q_141_9 ( bmux_3 ) 
        3 mux_ctx_drain_q_152_18 ( bmux_3 ) 
        3 mux_start_latched_q_111_16 ( bmux_3 ) 
        3 mux_ctx_drain_q_152_51 ( bmux_3 ) 
        3 mux_start_accept_seen_q_120_16 ( bmux_3 ) 
        3 mux_ctx_state_o[0]_167_16 ( bmux_3 ) 
        3 mux_ctx_state_o[0]_165_27 ( bmux ) 
        3 mux_ctx_state_o[1]_167_16 ( bmux_3 ) 
        3 mux_ctx_state_o[1]_165_27 ( bmux ) 
     2 u_osc_slow ( mptdc_osc_wrapper_NE8_TS_STEP_PS55 ) 
        3 u_stub ( mptdc_osc_stub_NE8 ) 
     2 u_osc_fast ( mptdc_osc_wrapper_NE8_TS_STEP_PS50 ) 
        3 u_stub ( mptdc_osc_stub_NE8 ) 
     2 gen_pd_row[0].gen_pd_col[0].u_pd ( mptdc_pd_cell_SAMPLE_DEPTH2 ) 
     2 gen_pd_row[0].gen_pd_col[1].u_pd ( mptdc_pd_cell_SAMPLE_DEPTH2 ) 
     2 gen_pd_row[0].gen_pd_col[2].u_pd ( mptdc_pd_cell_SAMPLE_DEPTH2 ) 
     2 gen_pd_row[0].gen_pd_col[3].u_pd ( mptdc_pd_cell_SAMPLE_DEPTH2 ) 
     2 gen_pd_row[0].gen_pd_col[4].u_pd ( mptdc_pd_cell_SAMPLE_DEPTH2 ) 
     2 gen_pd_row[0].gen_pd_col[5].u_pd ( mptdc_pd_cell_SAMPLE_DEPTH2 ) 
     2 gen_pd_row[0].gen_pd_col[6].u_pd ( mptdc_pd_cell_SAMPLE_DEPTH2 ) 
     2 gen_pd_row[0].gen_pd_col[7].u_pd ( mptdc_pd_cell_SAMPLE_DEPTH2 ) 
     2 gen_pd_row[1].gen_pd_col[0].u_pd ( mptdc_pd_cell_SAMPLE_DEPTH2 ) 
     2 gen_pd_row[1].gen_pd_col[1].u_pd ( mptdc_pd_cell_SAMPLE_DEPTH2 ) 
     2 gen_pd_row[1].gen_pd_col[2].u_pd ( mptdc_pd_cell_SAMPLE_DEPTH2 ) 
     2 gen_pd_row[1].gen_pd_col[3].u_pd ( mptdc_pd_cell_SAMPLE_DEPTH2 ) 
     2 gen_pd_row[1].gen_pd_col[4].u_pd ( mptdc_pd_cell_SAMPLE_DEPTH2 ) 
     2 gen_pd_row[1].gen_pd_col[5].u_pd ( mptdc_pd_cell_SAMPLE_DEPTH2 ) 
     2 gen_pd_row[1].gen_pd_col[6].u_pd ( mptdc_pd_cell_SAMPLE_DEPTH2 ) 
     2 gen_pd_row[1].gen_pd_col[7].u_pd ( mptdc_pd_cell_SAMPLE_DEPTH2 ) 
     2 gen_pd_row[2].gen_pd_col[0].u_pd ( mptdc_pd_cell_SAMPLE_DEPTH2 ) 
     2 gen_pd_row[2].gen_pd_col[1].u_pd ( mptdc_pd_cell_SAMPLE_DEPTH2 ) 
     2 gen_pd_row[2].gen_pd_col[2].u_pd ( mptdc_pd_cell_SAMPLE_DEPTH2 ) 
     2 gen_pd_row[2].gen_pd_col[3].u_pd ( mptdc_pd_cell_SAMPLE_DEPTH2 ) 
     2 gen_pd_row[2].gen_pd_col[4].u_pd ( mptdc_pd_cell_SAMPLE_DEPTH2 ) 
     2 gen_pd_row[2].gen_pd_col[5].u_pd ( mptdc_pd_cell_SAMPLE_DEPTH2 ) 
     2 gen_pd_row[2].gen_pd_col[6].u_pd ( mptdc_pd_cell_SAMPLE_DEPTH2 ) 
     2 gen_pd_row[2].gen_pd_col[7].u_pd ( mptdc_pd_cell_SAMPLE_DEPTH2 ) 
     2 gen_pd_row[3].gen_pd_col[0].u_pd ( mptdc_pd_cell_SAMPLE_DEPTH2 ) 
     2 gen_pd_row[3].gen_pd_col[1].u_pd ( mptdc_pd_cell_SAMPLE_DEPTH2 ) 
     2 gen_pd_row[3].gen_pd_col[2].u_pd ( mptdc_pd_cell_SAMPLE_DEPTH2 ) 
     2 gen_pd_row[3].gen_pd_col[3].u_pd ( mptdc_pd_cell_SAMPLE_DEPTH2 ) 
     2 gen_pd_row[3].gen_pd_col[4].u_pd ( mptdc_pd_cell_SAMPLE_DEPTH2 ) 
     2 gen_pd_row[3].gen_pd_col[5].u_pd ( mptdc_pd_cell_SAMPLE_DEPTH2 ) 
     2 gen_pd_row[3].gen_pd_col[6].u_pd ( mptdc_pd_cell_SAMPLE_DEPTH2 ) 
     2 gen_pd_row[3].gen_pd_col[7].u_pd ( mptdc_pd_cell_SAMPLE_DEPTH2 ) 
     2 gen_pd_row[4].gen_pd_col[0].u_pd ( mptdc_pd_cell_SAMPLE_DEPTH2 ) 
     2 gen_pd_row[4].gen_pd_col[1].u_pd ( mptdc_pd_cell_SAMPLE_DEPTH2 ) 
     2 gen_pd_row[4].gen_pd_col[2].u_pd ( mptdc_pd_cell_SAMPLE_DEPTH2 ) 
     2 gen_pd_row[4].gen_pd_col[3].u_pd ( mptdc_pd_cell_SAMPLE_DEPTH2 ) 
     2 gen_pd_row[4].gen_pd_col[4].u_pd ( mptdc_pd_cell_SAMPLE_DEPTH2 ) 
     2 gen_pd_row[4].gen_pd_col[5].u_pd ( mptdc_pd_cell_SAMPLE_DEPTH2 ) 
     2 gen_pd_row[4].gen_pd_col[6].u_pd ( mptdc_pd_cell_SAMPLE_DEPTH2 ) 
     2 gen_pd_row[4].gen_pd_col[7].u_pd ( mptdc_pd_cell_SAMPLE_DEPTH2 ) 
     2 gen_pd_row[5].gen_pd_col[0].u_pd ( mptdc_pd_cell_SAMPLE_DEPTH2 ) 
     2 gen_pd_row[5].gen_pd_col[1].u_pd ( mptdc_pd_cell_SAMPLE_DEPTH2 ) 
     2 gen_pd_row[5].gen_pd_col[2].u_pd ( mptdc_pd_cell_SAMPLE_DEPTH2 ) 
     2 gen_pd_row[5].gen_pd_col[3].u_pd ( mptdc_pd_cell_SAMPLE_DEPTH2 ) 
     2 gen_pd_row[5].gen_pd_col[4].u_pd ( mptdc_pd_cell_SAMPLE_DEPTH2 ) 
     2 gen_pd_row[5].gen_pd_col[5].u_pd ( mptdc_pd_cell_SAMPLE_DEPTH2 ) 
     2 gen_pd_row[5].gen_pd_col[6].u_pd ( mptdc_pd_cell_SAMPLE_DEPTH2 ) 
     2 gen_pd_row[5].gen_pd_col[7].u_pd ( mptdc_pd_cell_SAMPLE_DEPTH2 ) 
     2 gen_pd_row[6].gen_pd_col[0].u_pd ( mptdc_pd_cell_SAMPLE_DEPTH2 ) 
     2 gen_pd_row[6].gen_pd_col[1].u_pd ( mptdc_pd_cell_SAMPLE_DEPTH2 ) 
     2 gen_pd_row[6].gen_pd_col[2].u_pd ( mptdc_pd_cell_SAMPLE_DEPTH2 ) 
     2 gen_pd_row[6].gen_pd_col[3].u_pd ( mptdc_pd_cell_SAMPLE_DEPTH2 ) 
     2 gen_pd_row[6].gen_pd_col[4].u_pd ( mptdc_pd_cell_SAMPLE_DEPTH2 ) 
     2 gen_pd_row[6].gen_pd_col[5].u_pd ( mptdc_pd_cell_SAMPLE_DEPTH2 ) 
     2 gen_pd_row[6].gen_pd_col[6].u_pd ( mptdc_pd_cell_SAMPLE_DEPTH2 ) 
     2 gen_pd_row[6].gen_pd_col[7].u_pd ( mptdc_pd_cell_SAMPLE_DEPTH2 ) 
     2 gen_pd_row[7].gen_pd_col[0].u_pd ( mptdc_pd_cell_SAMPLE_DEPTH2 ) 
     2 gen_pd_row[7].gen_pd_col[1].u_pd ( mptdc_pd_cell_SAMPLE_DEPTH2 ) 
     2 gen_pd_row[7].gen_pd_col[2].u_pd ( mptdc_pd_cell_SAMPLE_DEPTH2 ) 
     2 gen_pd_row[7].gen_pd_col[3].u_pd ( mptdc_pd_cell_SAMPLE_DEPTH2 ) 
     2 gen_pd_row[7].gen_pd_col[4].u_pd ( mptdc_pd_cell_SAMPLE_DEPTH2 ) 
     2 gen_pd_row[7].gen_pd_col[5].u_pd ( mptdc_pd_cell_SAMPLE_DEPTH2 ) 
     2 gen_pd_row[7].gen_pd_col[6].u_pd ( mptdc_pd_cell_SAMPLE_DEPTH2 ) 
     2 gen_pd_row[7].gen_pd_col[7].u_pd ( mptdc_pd_cell_SAMPLE_DEPTH2 ) 
     2 u_stop_capture ( mptdc_stop_capture_async ) 
     2 u_slow_cnt ( mptdc_gray_cnt_sync_W7_USE_ASYNC_SNAPSHOT1 ) 
        3 add_102_24 ( add_unsigned ) 
     2 u_fast_cnt ( mptdc_gray_cnt_sync_W7_USE_ASYNC_SNAPSHOT0 ) 
        3 add_102_24 ( add_unsigned ) 
     2 u_meas_ctrl ( mptdc_meas_ctrl ) 
        3 g1 ( or_op_57 ) 
        3 g2 ( or_op_58 ) 
        3 g3 ( or_op_59 ) 
        3 g4 ( or_op_60 ) 
        3 g5 ( or_op_61 ) 
        3 g6 ( or_op_62 ) 
        3 g7 ( or_op_63 ) 
        3 g8 ( or_op_64 ) 
        3 g9 ( or_op_65 ) 
        3 g10 ( or_op_66 ) 
        3 add_110_64_I8 ( add_unsigned_76 ) 
        3 add_115_65_I8 ( add_unsigned_78 ) 
        3 add_118_57_I8 ( add_unsigned_80 ) 
        3 add_111_64_I8 ( add_unsigned_76 ) 
        3 add_112_64_I8 ( add_unsigned_76 ) 
        3 add_116_65_I8 ( add_unsigned_78 ) 
        3 add_113_64_I8 ( add_unsigned_76 ) 
        3 add_110_64_I7 ( add_unsigned_76 ) 
        3 add_115_65_I7 ( add_unsigned_78 ) 
        3 add_118_57_I7 ( add_unsigned_80 ) 
        3 add_111_64_I7 ( add_unsigned_76 ) 
        3 add_112_64_I7 ( add_unsigned_76 ) 
        3 add_116_65_I7 ( add_unsigned_78 ) 
        3 add_113_64_I7 ( add_unsigned_76 ) 
        3 add_110_64_I6 ( add_unsigned_76 ) 
        3 add_115_65_I6 ( add_unsigned_78 ) 
        3 add_118_57_I6 ( add_unsigned_80 ) 
        3 add_111_64_I6 ( add_unsigned_76 ) 
        3 add_112_64_I6 ( add_unsigned_76 ) 
        3 add_116_65_I6 ( add_unsigned_78 ) 
        3 add_113_64_I6 ( add_unsigned_76 ) 
        3 add_110_64_I5 ( add_unsigned_76 ) 
        3 add_115_65_I5 ( add_unsigned_78 ) 
        3 add_118_57_I5 ( add_unsigned_80 ) 
        3 add_111_64_I5 ( add_unsigned_76 ) 
        3 add_112_64_I5 ( add_unsigned_76 ) 
        3 add_116_65_I5 ( add_unsigned_78 ) 
        3 add_113_64_I5 ( add_unsigned_76 ) 
        3 add_110_64_I4 ( add_unsigned_76 ) 
        3 add_115_65_I4 ( add_unsigned_78 ) 
        3 add_118_57_I4 ( add_unsigned_80 ) 
        3 add_111_64_I4 ( add_unsigned_76 ) 
        3 add_112_64_I4 ( add_unsigned_76 ) 
        3 add_116_65_I4 ( add_unsigned_78 ) 
        3 add_113_64_I4 ( add_unsigned_76 ) 
        3 add_110_64_I3 ( add_unsigned_76 ) 
        3 add_115_65_I3 ( add_unsigned_78 ) 
        3 add_118_57_I3 ( add_unsigned_80 ) 
        3 add_111_64_I3 ( add_unsigned_76 ) 
        3 add_112_64_I3 ( add_unsigned_76 ) 
        3 add_116_65_I3 ( add_unsigned_78 ) 
        3 add_113_64_I3 ( add_unsigned_76 ) 
        3 add_110_64_I2 ( add_unsigned_76 ) 
        3 add_115_65_I2 ( add_unsigned_78 ) 
        3 add_118_57_I2 ( add_unsigned_80 ) 
        3 add_111_64_I2 ( add_unsigned_76 ) 
        3 add_112_64_I2 ( add_unsigned_76 ) 
        3 add_116_65_I2 ( add_unsigned_78 ) 
        3 add_113_64_I2 ( add_unsigned_76 ) 
        3 add_110_64_I1 ( add_unsigned_76 ) 
        3 add_115_65_I1 ( add_unsigned_78 ) 
        3 add_118_57_I1 ( add_unsigned_80 ) 
        3 add_111_64_I1 ( add_unsigned_76 ) 
        3 add_112_64_I1 ( add_unsigned_76 ) 
        3 add_116_65_I1 ( add_unsigned_78 ) 
        3 add_113_64_I1 ( add_unsigned_76 ) 
        3 add_143_45 ( add_unsigned_188 ) 
        3 add_142_45 ( add_unsigned_188 ) 
        3 add_141_45 ( add_unsigned_188 ) 
        3 add_140_45 ( add_unsigned_188 ) 
        3 add_145_46 ( add_unsigned_196 ) 
        3 add_144_46 ( add_unsigned_196 ) 
        3 add_146_44 ( add_unsigned_200 ) 
        3 gt_147_33 ( gt_unsigned ) 
        3 neq_216_41 ( nequal_unsigned ) 
        3 add_213_30 ( add_unsigned_206 ) 
        3 gt_201_47 ( gt_unsigned_210 ) 
        3 gte_202_42 ( geq_unsigned ) 
        3 gte_216_62 ( geq_unsigned_212 ) 
        3 ctl_state_q_278_11 ( case_box_98 ) 
        3 mux_state_d_278_11 ( mux_221 ) 
        3 mux_state_d_279_27 ( bmux_1 ) 
        3 mux_state_d_280_27 ( bmux_1 ) 
        3 ctl_278_11 ( case_box_99 ) 
        3 mux_state_d_278_64 ( mux_265 ) 
        3 mux_flags_d[reserved]_248_33 ( bmux_3 ) 
        3 mux_flags_d[closed_by_fast_maxhit]_248_33 ( bmux_3 ) 
        3 mux_flags_d[closed_by_maxhits]_248_33 ( bmux_3 ) 
        3 mux_flags_d[closed_by_watchdog]_248_33 ( bmux_3 ) 
        3 mux_187_24 ( bmux_2 ) 
     2 u_ctx_bank ( mptdc_context_bank ) 
        3 mux_ctx_hit_row[read_ctx_i]_154_11 ( bmux_223 ) 
        3 mux_ctx_hit_row[read_ctx_i]_154_104 ( bmux_223 ) 
        3 mux_ctx_hit_row[read_ctx_i]_154_105 ( bmux_223 ) 
        3 mux_ctx_hit_row[read_ctx_i]_154_106 ( bmux_223 ) 
        3 mux_ctx_hit_row[read_ctx_i]_154_107 ( bmux_223 ) 
        3 mux_ctx_hit_row[read_ctx_i]_154_108 ( bmux_223 ) 
        3 mux_ctx_hit_row[read_ctx_i]_154_109 ( bmux_223 ) 
        3 mux_ctx_hit_row[read_ctx_i]_154_110 ( bmux_223 ) 
        3 mux_ctx_nfast_row[read_ctx_i]_156_11 ( bmux_301 ) 
        3 mux_ctx_nfast_row[read_ctx_i]_156_111 ( bmux_301 ) 
        3 mux_ctx_nfast_row[read_ctx_i]_156_112 ( bmux_301 ) 
        3 mux_ctx_nfast_row[read_ctx_i]_156_113 ( bmux_301 ) 
        3 mux_ctx_nfast_row[read_ctx_i]_156_114 ( bmux_301 ) 
        3 mux_ctx_nfast_row[read_ctx_i]_156_115 ( bmux_301 ) 
        3 mux_ctx_nfast_row[read_ctx_i]_156_116 ( bmux_301 ) 
        3 mux_ctx_nfast_row[read_ctx_i]_156_117 ( bmux_301 ) 
        3 mux_ctx_nslow_snap[read_ctx_i]_164_40 ( bmux_41 ) 
        3 mux_ctx_nfast_snap[read_ctx_i]_165_40 ( bmux_41 ) 
        3 mux_ctx_nfast_stop[read_ctx_i]_166_40 ( bmux_41 ) 
        3 mux_ctx_phase0[read_ctx_i]_167_41 ( bmux_3 ) 
        3 mux_ctx_boundary_inc[read_ctx_i]_168_41 ( bmux_3 ) 
        3 mux_ctx_hit_count[read_ctx_i]_169_41 ( bmux_2 ) 
        3 mux_ctx_flags[0][reserved]_170_41 ( bmux_3 ) 
        3 mux_ctx_flags[0][closed_by_fast_maxhit]_170_41 ( bmux_3 ) 
        3 mux_ctx_flags[0][closed_by_maxhits]_170_41 ( bmux_3 ) 
        3 mux_ctx_flags[read_ctx_i]_170_41 ( bmux_3 ) 
        3 ctl_hold_ctx_115_9 ( case_box_182 ) 
     2 u_drain_ctrl ( mptdc_drain_ctrl ) 
        3 g7 ( not_op ) 
        3 g9 ( or_op_253 ) 
        3 dcd_ctx_release_o_210_9 ( Decoder_1_1_0 ) 
        3 mux_ctx_release_o_210_9 ( bmux_3 ) 
        3 mux_ctx_release_o_210_18 ( bmux_3 ) 
        3 mux_snapshot_i[hit_level]_113_40 ( bmux_321 ) 
        3 gte_111_38 ( geq_unsigned_329 ) 
        3 gte_112_40 ( geq_unsigned ) 
        3 add_120_29 ( add_unsigned ) 
        3 add_123_29 ( add_unsigned_337 ) 
        3 add_125_29 ( add_unsigned_337 ) 
        3 add_262_42 ( add_unsigned_341 ) 
        3 mux_selected_ctx_95_11 ( bmux_3 ) 
        3 mux_selected_ctx_95_46 ( bmux_3 ) 
        3 mux_released_mask_76_18 ( bmux_3 ) 
        3 mux_released_mask_76_51 ( bmux_3 ) 
        3 mux_released_mask_74_52 ( bmux_3 ) 
        3 mux_state_d_179_13 ( bmux ) 
        3 mux_state_d_185_13 ( bmux ) 
        3 mux_advance_scan_197_15 ( bmux_3 ) 
        3 mux_advance_scan_196_22 ( bmux_3 ) 
        3 mux_state_d_194_43 ( bmux ) 
        3 mux_load_pending_wr_196_22 ( bmux_3 ) 
        3 mux_load_pending_wr_194_43 ( bmux_3 ) 
        3 ctl_state_q_176_11 ( case_box_275 ) 
        3 mux_load_pending_wr_176_11 ( mux_362 ) 
        3 mux_pending_wr_data_d[kind]_176_11 ( mux_362 ) 
        3 mux_ns_cnt_nxt_121_18 ( bmux_1 ) 
        3 mux_pending_wr_data_d[hit][ns]_197_15 ( bmux_1 ) 
        3 mux_pending_wr_data_d[hit][ns]_196_22 ( bmux_1 ) 
        3 mux_pending_wr_data_d[hit][ns]_194_43 ( bmux_1 ) 
        3 mux_pending_wr_data_d[hit][ns]_176_11 ( mux_265 ) 
        3 mux_pending_wr_data_d[hit][nf]_197_15 ( bmux_1 ) 
        3 mux_pending_wr_data_d[hit][nf]_196_22 ( bmux_1 ) 
        3 mux_pending_wr_data_d[hit][nf]_194_43 ( bmux_1 ) 
        3 mux_pending_wr_data_d[hit][nf]_176_11 ( mux_265 ) 
        3 mux_snapshot_i[nfast_hit_packed]_153_35 ( bmux_379 ) 
        3 mux_pending_wr_data_d[hit][nfast]_197_15 ( bmux_41 ) 
        3 mux_pending_wr_data_d[hit][nfast]_196_22 ( bmux_41 ) 
        3 mux_pending_wr_data_d[hit][nfast]_194_43 ( bmux_41 ) 
        3 mux_pending_wr_data_d[hit][nfast]_176_11 ( mux_383 ) 
        3 mux_pending_wr_data_d[hit][event_seq]_197_15 ( bmux_2 ) 
        3 mux_pending_wr_data_d[hit][event_seq]_196_22 ( bmux_2 ) 
        3 mux_pending_wr_data_d[hit][event_seq]_194_43 ( bmux_2 ) 
        3 mux_pending_wr_data_d[hit][event_seq]_176_11 ( mux_388 ) 
        3 mux_pending_wr_data_d[meta][nslow]_185_13 ( bmux_41 ) 
        3 mux_pending_wr_data_d[meta][nslow]_176_11 ( mux_383 ) 
        3 mux_pending_wr_data_d[meta][nfast]_185_13 ( bmux_41 ) 
        3 mux_pending_wr_data_d[meta][nfast]_176_11 ( mux_383 ) 
        3 mux_pending_wr_data_d[meta][nfast_stop]_185_13 ( bmux_41 ) 
        3 mux_pending_wr_data_d[meta][nfast_stop]_176_11 ( mux_383 ) 
        3 mux_pending_wr_data_d[meta][hit_count]_185_13 ( bmux_2 ) 
        3 mux_pending_wr_data_d[meta][hit_count]_176_11 ( mux_388 ) 
        3 mux_pending_wr_data_d[meta][flags][reserved]_185_13 ( bmux_3 ) 
        3 mux_pending_wr_data_d[meta][flags][reserved]_176_11 ( mux_362 ) 
        3 mux_pending_wr_data_d[meta][flags][closed_by_fast_maxhit]_185_13 ( bmux_3 ) 
        3 mux_pending_wr_data_d[meta][flags][closed_by_fast_maxhit]_176_11 ( mux_362 ) 
        3 mux_pending_wr_data_d[meta][flags][closed_by_maxhits]_185_13 ( bmux_3 ) 
        3 mux_pending_wr_data_d[meta][flags][closed_by_maxhits]_176_11 ( mux_362 ) 
        3 mux_pending_wr_data_d[meta][flags][closed_by_watchdog]_185_13 ( bmux_3 ) 
        3 mux_pending_wr_data_d[meta][flags][closed_by_watchdog]_176_11 ( mux_362 ) 
        3 mux_pending_wr_data_d[meta][phase0_snap]_185_13 ( bmux_3 ) 
        3 mux_pending_wr_data_d[meta][phase0_snap]_176_11 ( mux_362 ) 
        3 mux_pending_wr_data_d[meta][slow_boundary_inc]_185_13 ( bmux_3 ) 
        3 mux_pending_wr_data_d[meta][slow_boundary_inc]_176_11 ( mux_362 ) 
        3 mux_pending_wr_data_d[meta][ctx_id]_185_13 ( bmux_3 ) 
        3 mux_pending_wr_data_d[meta][ctx_id]_176_11 ( mux_362 ) 
        3 mux_conv_done_o_176_11 ( mux ) 
        3 mux_ctx_release_o_176_11 ( mux_424 ) 
        3 mux_274_32 ( bmux_3 ) 
        3 mux_advance_scan_194_43 ( bmux_3 ) 
        3 mux_advance_scan_176_11 ( mux ) 
        3 ctl_state_q_245_13 ( case_box_276 ) 
        3 mux_pd_scan_q_245_13 ( mux_428 ) 
        3 mux_event_seq_q_245_13 ( mux_430 ) 
        3 mux_state_d_176_11 ( mux_432 ) 
        3 mux_nf_cnt_nxt_121_18 ( bmux_1 ) 
        3 mux_nf_cnt_q_245_13 ( mux_435 ) 
        3 mux_ns_cnt_q_245_13 ( mux_435 ) 
     2 u_fifo ( mptdc_sync_fifo_WIDTH50_DEPTH64 ) 
        3 add_99_71 ( add_unsigned_442 ) 
        3 add_103_71 ( add_unsigned_442 ) 
        3 add_73_34 ( add_unsigned ) 
        3 sub_74_34 ( sub_unsigned ) 
        3 mux_full_q_89_18 ( bmux_3 ) 
        3 mux_count_nxt_72_5 ( bmux_455 ) 
        3 mux_valid_q_89_18 ( bmux_3 ) 
        3 mux_103_33 ( bmux_22 ) 
        3 ctl_96_7 ( case_box_344 ) 
        3 mux_rd_ptr_q_96_7 ( mux_460 ) 
        3 mux_rd_ptr_q_89_18 ( bmux_22 ) 
        3 mux_99_33 ( bmux_22 ) 
        3 mux_wr_ptr_q_96_7 ( mux_460 ) 
        3 mux_wr_ptr_q_89_18 ( bmux_22 ) 
        3 mux_mem[rd_ptr_q]_62_23 ( bmux_468 ) 
        3 mux_count_q_89_18 ( bmux_41 ) 
        3 ctl_wr_ptr_q_98_11 ( case_box_345 ) 
     2 u_narrow_tx ( mptdc_narrow16_tx_v2 ) 
        3 add_139_36 ( add_unsigned_341 ) 
        3 add_230_42 ( add_unsigned_607 ) 
        3 ctl_state_q_248_11 ( case_box_360 ) 
        3 mux_narrow_valid_o_248_11 ( mux_610 ) 
        3 mux_180_37 ( bmux ) 
        3 mux_212_28 ( bmux ) 
        3 mux_state_q_210_28 ( bmux ) 
        3 mux_276_38 ( bmux_12 ) 
        3 mux_narrow_data_o_248_11 ( mux_629 ) 
        3 mux_fifo_rd_en_o_248_11 ( mux_362 ) 
        3 ctl_state_q_161_13 ( case_box_361 ) 
        3 mux_hit_idx_q_161_13 ( mux_388 ) 
        3 mux_state_q_161_13 ( mux_635 ) 
        3 mux_state_q_161_36 ( bmux_636 ) 
        3 vernier_tconv_ps_196_25:mul_327_28 ( mult_signed_595 ) 
        3 vernier_tconv_ps_196_25:vernier_coef_325_28:add0032031 ( add_unsigned_472 ) 
        3 vernier_tconv_ps_196_25:vernier_coef_325_28:mul_310_18 ( mult_signed ) 
        3 vernier_tconv_ps_196_25:vernier_coef_325_28:add0032022 ( add_signed ) 
        3 vernier_tconv_ps_196_25:vernier_coef_325_28:sub0032025 ( sub_signed ) 
        3 vernier_tconv_ps_196_25:vernier_coef_325_28:add0032028 ( add_unsigned_497 ) 
        3 vernier_tconv_ps_196_25:vernier_coef_325_28:add0032019 ( add_signed_499 ) 
        3 vernier_tconv_ps_196_25:vernier_coef_325_28:mul0031997 ( mult_unsigned ) 
        3 vernier_tconv_ps_196_25:vernier_coef_325_28:add0032016 ( add_unsigned_503 ) 
        3 vernier_tconv_ps_196_25:vernier_coef_325_28:mul0032002 ( mult_unsigned ) 
     2 u_wdt ( mptdc_watchdog ) 
        3 neq_53_46 ( nequal_unsigned ) 
        3 eq_54_37 ( equal_unsigned_641 ) 
        3 add_50_32 ( add_unsigned_206 ) 
        3 add_70_54 ( add_unsigned_647 ) 
        3 mux_global_cnt_47_26 ( bmux_12 ) 
     2 g93 ( or_op_378 ) 
     2 add_220_38 ( add_unsigned_647 ) 
     2 add_526_42 ( add_unsigned_659 ) 
     2 add_532_36 ( add_unsigned_206 ) 
     2 mux_497_23 ( bmux_3 ) 
     2 mux_486_23 ( bmux_3 ) 
  1 sub_96_42 ( sub_unsigned_682 ) 
  1 mux_cfg_eff[input_sel]_103_9 ( bmux_3 ) 
  1 mux_cfg_eff[out_mode]_105_9 ( bmux ) 
