LABEL=SPADMIC_EVENT_PVS_DENSITY_DRC_EXECUTION
STATUS=PASS
RESULT=EVENT_PVS_DENSITY_DRC_NONZERO_RULE_DEBT_CLASSIFIED
EXPECTED_HEAD=66ea5eb65de37387a023a77fc4239f1dfab6c6cf
ACTUAL_HEAD=66ea5eb65de37387a023a77fc4239f1dfab6c6cf
TRACKED_DIFF_RC=0
STAGED_DIFF_RC=0
SOURCE_BASE_DRC_ROOT=/sim/ksabra/SPADMIC_work/diagnostics/event_pvs_drc_base_execution_20260721_110404
SOURCE_BASE_DRC_STATUS_SHA256=616f4c450b41eb0ed626a4cb73b6e78cf8076f6b0671d0d058200e8bb47688ea
SOURCE_BASE_DRC_HEAD=e0325d688a73b261742dc70097b1059aba8e035b
BASE_FILE_GATE_RC=0
BASE_HASH_GATE_RC=0
BASE_MANIFEST_RC=0
BASE_STATUS_GATE_RC=0
MANUAL_REVIEW_DECISION=AUTHORIZE_ONE_FOREGROUND_DENSITY_PVS_DRC
PACKAGE=/sim/ksabra/SPADMIC_work/handoff/innovus/blocks/spadmic_event_coordinator/innovus_ooc_harden_event_coordinator_20260720_173527
PACKAGE_GDS=/sim/ksabra/SPADMIC_work/handoff/innovus/blocks/spadmic_event_coordinator/innovus_ooc_harden_event_coordinator_20260720_173527/gds/spadmic_event_coordinator.gds
PACKAGE_GDS_SHA256=837538f219dacc9521f02bc58b3e2e5e587f859b4e70b69a1ca4a3e5fe7b6857
PACKAGE_GATE_RC=0
PACKAGE_SHA_MANIFEST_RC=0
SEED_FILE_GATE_RC=0
SEED_IDENTITY_GATE_RC=0
SOURCE_REFERENCE_GATE_RC=0
EVENT_TOP=spadmic_event_coordinator
DIAGNOSTIC_ROOT=/sim/ksabra/SPADMIC_work/diagnostics/event_pvs_drc_density_execution_20260721_112300
RUN_DIR=/sim/ksabra/SPADMIC_work/handoff/innovus/blocks/spadmic_event_coordinator/innovus_ooc_harden_event_coordinator_20260720_173527/pvs/drc/event_density_drc_20260721_112300
OUTCOME_CLASS=ATTRIBUTABLE_NONZERO_RESULTS
PVS_WRAPPER_RC=8
PVS_TOOL_RC=0
PVS_BASE_DRC_STATUS=PASS
PVS_DENSITY_DRC_STATUS=FAIL
EVENT_PVS_BASE_DRC_STATUS=PASS
EVENT_PVS_DENSITY_DRC_STATUS=FAIL
DRC_TOTAL_PRIMARY=4
DRC_TOTAL_EXPANDED=4
DRC_TOTAL_MATCH_COUNT=3
PVS_RESULT_EVIDENCE=/sim/ksabra/SPADMIC_work/handoff/innovus/blocks/spadmic_event_coordinator/innovus_ooc_harden_event_coordinator_20260720_173527/pvs/drc/event_density_drc_20260721_112300/.drcSummaryReport:Total DRC Results=4(4)
REPLAY_CONTRACT_STATUS=PASS
OUTPUT_ISOLATION_STATUS=PASS
RUN_FILE_GATE_RC=0
RUN_AUDIT_GATE_RC=0
RUN_MANIFEST_RC=0
RULE_ANALYSIS_RC=0
RULE_ANALYSIS_STATUS=PASS
DIAGNOSTIC_COPY_GATE_RC=0
SOURCE_POST_RECHECK_RC=0
PACKAGE_POST_EXECUTION_SHA_MANIFEST_RC=0
EVENT_PVS_BASE_DRC_EXECUTION_AUTHORIZED=NO
EVENT_PVS_DENSITY_DRC_EXECUTION_AUTHORIZED=YES
EVENT_PVS_LVS_EXECUTION_AUTHORIZED=NO
PVS_REPLAY_AUTHORIZED=DENSITY_ONLY
PVS_EXECUTED=YES
EVENT_PVS_DENSITY_DRC_EXECUTION_STATUS=PASS
EVENT_PVS_LVS_STATUS=NOT_RUN
ASSEMBLY_PHASE=p02_event_control
ASSEMBLY_INSERTION_AUTHORIZED=NO
ASSEMBLY_BLOCKED_BY=p00_tx,p01_position
FULL_TOP_PNR_AUTHORIZED=NO
BLOCK_PROMOTION_AUTHORIZED=NO
SIGNOFF_READY=NO
NEXT_GATE=REVIEW_EVENT_DENSITY_DRC_AND_PREPARE_EXACT_GDS_LVS
