=== MPTDC v2.7 TB Runner ===
  Testbench: tb_hit_capture_bridge_unit
  Simulator: verilator
  Build dir: /home/karim/SPADMIC/MPTDC/build/tb_hit_capture_bridge_unit

--- Compiling with Verilator ---
make: Entering directory '/home/karim/SPADMIC/MPTDC/build/tb_hit_capture_bridge_unit'
ccache g++ -Os  -I.  -MMD -I/usr/local/share/verilator/include -I/usr/local/share/verilator/include/vltstd -DVERILATOR=1 -DVM_COVERAGE=0 -DVM_SC=0 -DVM_TIMING=1 -DVM_TRACE=0 -DVM_TRACE_FST=0 -DVM_TRACE_VCD=0 -DVM_TRACE_SAIF=0 -faligned-new -fcf-protection=none -Wno-bool-operation -Wno-int-in-bool-context -Wno-shadow -Wno-sign-compare -Wno-subobject-linkage -Wno-tautological-compare -Wno-uninitialized -Wno-unused-but-set-parameter -Wno-unused-but-set-variable -Wno-unused-parameter -Wno-unused-variable    -DVL_TIME_CONTEXT   -fcoroutines -c -o verilated.o /usr/local/share/verilator/include/verilated.cpp
ccache g++ -Os  -I.  -MMD -I/usr/local/share/verilator/include -I/usr/local/share/verilator/include/vltstd -DVERILATOR=1 -DVM_COVERAGE=0 -DVM_SC=0 -DVM_TIMING=1 -DVM_TRACE=0 -DVM_TRACE_FST=0 -DVM_TRACE_VCD=0 -DVM_TRACE_SAIF=0 -faligned-new -fcf-protection=none -Wno-bool-operation -Wno-int-in-bool-context -Wno-shadow -Wno-sign-compare -Wno-subobject-linkage -Wno-tautological-compare -Wno-uninitialized -Wno-unused-but-set-parameter -Wno-unused-but-set-variable -Wno-unused-parameter -Wno-unused-variable    -DVL_TIME_CONTEXT   -fcoroutines -c -o verilated_timing.o /usr/local/share/verilator/include/verilated_timing.cpp
ccache g++ -Os  -I.  -MMD -I/usr/local/share/verilator/include -I/usr/local/share/verilator/include/vltstd -DVERILATOR=1 -DVM_COVERAGE=0 -DVM_SC=0 -DVM_TIMING=1 -DVM_TRACE=0 -DVM_TRACE_FST=0 -DVM_TRACE_VCD=0 -DVM_TRACE_SAIF=0 -faligned-new -fcf-protection=none -Wno-bool-operation -Wno-int-in-bool-context -Wno-shadow -Wno-sign-compare -Wno-subobject-linkage -Wno-tautological-compare -Wno-uninitialized -Wno-unused-but-set-parameter -Wno-unused-but-set-variable -Wno-unused-parameter -Wno-unused-variable    -DVL_TIME_CONTEXT   -fcoroutines -c -o verilated_threads.o /usr/local/share/verilator/include/verilated_threads.cpp
python3 /usr/local/share/verilator/bin/verilator_includer -DVL_INCLUDE_OPT=include Vtb_hit_capture_bridge_unit.cpp Vtb_hit_capture_bridge_unit___024root__DepSet_h7379abff__0.cpp Vtb_hit_capture_bridge_unit___024root__DepSet_h6d501d80__0.cpp Vtb_hit_capture_bridge_unit__main.cpp Vtb_hit_capture_bridge_unit__ConstPool_0.cpp Vtb_hit_capture_bridge_unit___024root__Slow.cpp Vtb_hit_capture_bridge_unit___024root__DepSet_h6d501d80__0__Slow.cpp Vtb_hit_capture_bridge_unit__Syms.cpp > Vtb_hit_capture_bridge_unit__ALL.cpp
ccache g++ -Os  -I.  -MMD -I/usr/local/share/verilator/include -I/usr/local/share/verilator/include/vltstd -DVERILATOR=1 -DVM_COVERAGE=0 -DVM_SC=0 -DVM_TIMING=1 -DVM_TRACE=0 -DVM_TRACE_FST=0 -DVM_TRACE_VCD=0 -DVM_TRACE_SAIF=0 -faligned-new -fcf-protection=none -Wno-bool-operation -Wno-int-in-bool-context -Wno-shadow -Wno-sign-compare -Wno-subobject-linkage -Wno-tautological-compare -Wno-uninitialized -Wno-unused-but-set-parameter -Wno-unused-but-set-variable -Wno-unused-parameter -Wno-unused-variable    -DVL_TIME_CONTEXT   -fcoroutines -c -o Vtb_hit_capture_bridge_unit__ALL.o Vtb_hit_capture_bridge_unit__ALL.cpp
echo "" > Vtb_hit_capture_bridge_unit__ALL.verilator_deplist.tmp
g++    verilated.o verilated_timing.o verilated_threads.o Vtb_hit_capture_bridge_unit__ALL.a    -pthread -lpthread -latomic   -o tb_hit_capture_bridge_unit
rm Vtb_hit_capture_bridge_unit__ALL.verilator_deplist.tmp
make: Leaving directory '/home/karim/SPADMIC/MPTDC/build/tb_hit_capture_bridge_unit'
- V e r i l a t i o n   R e p o r t: Verilator 5.040 2025-08-30 rev v5.040-50-g0a9d9db5a
- Verilator: Built from 2.106 MB sources in 28 modules, into 0.207 MB in 8 C++ files needing 0.001 MB
- Verilator: Walltime 5.951 s (elab=0.004, cvt=0.010, bld=5.918); cpu 0.032 s on 1 threads; alloced 35.641 MB

--- Running simulation ---
[PASS] first sample: hit_level
[PASS] first sample: nfast_hit_packed
[PASS] first sample: nslow_snap
[PASS] first sample: nfast_snap
[PASS] first sample: nfast_stop
[PASS] first sample: phase0_snap
[PASS] first sample: stop_slow_phase_disc
[PASS] first sample: slow_boundary_inc
[PASS] first sample: hit_count cleared by bridge
[PASS] first sample: flags cleared by bridge
[PASS] held without resample: hit_level
[PASS] held without resample: nfast_hit_packed
[PASS] held without resample: nslow_snap
[PASS] held without resample: nfast_snap
[PASS] held without resample: nfast_stop
[PASS] held without resample: phase0_snap
[PASS] held without resample: stop_slow_phase_disc
[PASS] held without resample: slow_boundary_inc
[PASS] held without resample: hit_count cleared by bridge
[PASS] held without resample: flags cleared by bridge
[PASS] second sample: hit_level
[PASS] second sample: nfast_hit_packed
[PASS] second sample: nslow_snap
[PASS] second sample: nfast_snap
[PASS] second sample: nfast_stop
[PASS] second sample: phase0_snap
[PASS] second sample: stop_slow_phase_disc
[PASS] second sample: slow_boundary_inc
[PASS] second sample: hit_count cleared by bridge
[PASS] second sample: flags cleared by bridge
[PASS] reset clears snapshot
===================================
  Results: 31 PASS, 0 FAIL
===================================
TEST PASSED
- /home/karim/SPADMIC/MPTDC/tb/unit/tb_hit_capture_bridge_unit.sv:138: Verilog $finish
- S i m u l a t i o n   R e p o r t: Verilator 5.040 2025-08-30
- Verilator: $finish at 75ns; walltime 0.001 s; speed 68.369 us/s
- Verilator: cpu 0.001 s on 1 threads; alloced 94 MB

=== SIMULATION PASSED ===
