# Excerpt from /sim/ksabra/SPADMIC_work/genus/genus_matrix_ooc_clean_20260630_1222/output_fifo/reports/timing/check_timing_intent.rpt
# First 220 lines
============================================================
  Generated by:           Genus(TM) Synthesis Solution 22.13-s093_1
  Generated on:           Jun 30 2026  12:34:51 pm
  Module:                 spadmic_output_fifo
  Technology libraries:   D_CELLS_JIHD_LPMOS_typ_1_80V_25C 6.0.0
                          mptdc_osc_blackbox 
  Operating conditions:   typ_1_80V_25C 
  Interconnect mode:      global
  Area mode:              physical library
============================================================

-------------------------------------------------------------------------------
Inputs without clocked external delays

The following primary inputs have no clocked external delays.  As a result the  
timing paths leading from the ports have no timing constraints derived from     
clock waveforms.  The'external_delay' command is used to create new external    
delays.                                                                         

port:spadmic_output_fifo/pop_ready_i
port:spadmic_output_fifo/push_data_i[0]
port:spadmic_output_fifo/push_data_i[10]
port:spadmic_output_fifo/push_data_i[11]
port:spadmic_output_fifo/push_data_i[12]
port:spadmic_output_fifo/push_data_i[13]
port:spadmic_output_fifo/push_data_i[14]
port:spadmic_output_fifo/push_data_i[15]
port:spadmic_output_fifo/push_data_i[1]
port:spadmic_output_fifo/push_data_i[2]
port:spadmic_output_fifo/push_data_i[3]
port:spadmic_output_fifo/push_data_i[4]
port:spadmic_output_fifo/push_data_i[5]
port:spadmic_output_fifo/push_data_i[6]
port:spadmic_output_fifo/push_data_i[7]
port:spadmic_output_fifo/push_data_i[8]
port:spadmic_output_fifo/push_data_i[9]
port:spadmic_output_fifo/push_valid_i
port:spadmic_output_fifo/rst_n
-------------------------------------------------------------------------------

-------------------------------------------------------------------------------
Outputs without clocked external delays

The following primary outputs have no clocked external delays.  As a result the 
timing paths leading to the ports have no timing constraints derived from clock 
waveforms.  The'external_delay' command is used to create new external delays.  

port:spadmic_output_fifo/almost_full_o
port:spadmic_output_fifo/empty_o
port:spadmic_output_fifo/free_words_o[0]
port:spadmic_output_fifo/free_words_o[1]
port:spadmic_output_fifo/free_words_o[2]
port:spadmic_output_fifo/free_words_o[3]
port:spadmic_output_fifo/free_words_o[4]
port:spadmic_output_fifo/free_words_o[5]
port:spadmic_output_fifo/free_words_o[6]
port:spadmic_output_fifo/free_words_o[7]
port:spadmic_output_fifo/free_words_o[8]
port:spadmic_output_fifo/free_words_o[9]
port:spadmic_output_fifo/full_o
port:spadmic_output_fifo/level_o[0]
port:spadmic_output_fifo/level_o[1]
port:spadmic_output_fifo/level_o[2]
port:spadmic_output_fifo/level_o[3]
port:spadmic_output_fifo/level_o[4]
port:spadmic_output_fifo/level_o[5]
port:spadmic_output_fifo/level_o[6]
port:spadmic_output_fifo/level_o[7]
port:spadmic_output_fifo/level_o[8]
port:spadmic_output_fifo/level_o[9]
port:spadmic_output_fifo/overflow_o
port:spadmic_output_fifo/pop_data_o[0]
port:spadmic_output_fifo/pop_data_o[10]
port:spadmic_output_fifo/pop_data_o[11]
port:spadmic_output_fifo/pop_data_o[12]
port:spadmic_output_fifo/pop_data_o[13]
port:spadmic_output_fifo/pop_data_o[14]
port:spadmic_output_fifo/pop_data_o[15]
port:spadmic_output_fifo/pop_data_o[1]
port:spadmic_output_fifo/pop_data_o[2]
port:spadmic_output_fifo/pop_data_o[3]
port:spadmic_output_fifo/pop_data_o[4]
port:spadmic_output_fifo/pop_data_o[5]
port:spadmic_output_fifo/pop_data_o[6]
port:spadmic_output_fifo/pop_data_o[7]
port:spadmic_output_fifo/pop_data_o[8]
port:spadmic_output_fifo/pop_data_o[9]
port:spadmic_output_fifo/pop_valid_o
port:spadmic_output_fifo/push_ready_o
-------------------------------------------------------------------------------

-------------------------------------------------------------------------------
Inputs without external driver/transition

The following primary inputs have no external driver or input transition set.   
As a result the transition on the ports will be assumed as zero. The            
'external_driver' attribute is used to add and external driver or the           
'fixed_slew' attribute to add an external transition.                           

port:spadmic_output_fifo/pop_ready_i
port:spadmic_output_fifo/push_data_i[0]
port:spadmic_output_fifo/push_data_i[10]
port:spadmic_output_fifo/push_data_i[11]
port:spadmic_output_fifo/push_data_i[12]
port:spadmic_output_fifo/push_data_i[13]
port:spadmic_output_fifo/push_data_i[14]
port:spadmic_output_fifo/push_data_i[15]
port:spadmic_output_fifo/push_data_i[1]
port:spadmic_output_fifo/push_data_i[2]
port:spadmic_output_fifo/push_data_i[3]
port:spadmic_output_fifo/push_data_i[4]
port:spadmic_output_fifo/push_data_i[5]
port:spadmic_output_fifo/push_data_i[6]
port:spadmic_output_fifo/push_data_i[7]
port:spadmic_output_fifo/push_data_i[8]
port:spadmic_output_fifo/push_data_i[9]
port:spadmic_output_fifo/push_valid_i
port:spadmic_output_fifo/rst_n
-------------------------------------------------------------------------------

-------------------------------------------------------------------------------
Outputs without external load

The following primary outputs have no external load set. As a result the load   
on the ports will be assumed as zero. The 'external_pin_cap' attribute is used  
to add and external pin cap.                                                    

port:spadmic_output_fifo/almost_full_o
port:spadmic_output_fifo/empty_o
port:spadmic_output_fifo/free_words_o[0]
port:spadmic_output_fifo/free_words_o[1]
port:spadmic_output_fifo/free_words_o[2]
port:spadmic_output_fifo/free_words_o[3]
port:spadmic_output_fifo/free_words_o[4]
port:spadmic_output_fifo/free_words_o[5]
port:spadmic_output_fifo/free_words_o[6]
port:spadmic_output_fifo/free_words_o[7]
port:spadmic_output_fifo/free_words_o[8]
port:spadmic_output_fifo/free_words_o[9]
port:spadmic_output_fifo/full_o
port:spadmic_output_fifo/level_o[0]
port:spadmic_output_fifo/level_o[1]
port:spadmic_output_fifo/level_o[2]
port:spadmic_output_fifo/level_o[3]
port:spadmic_output_fifo/level_o[4]
port:spadmic_output_fifo/level_o[5]
port:spadmic_output_fifo/level_o[6]
port:spadmic_output_fifo/level_o[7]
port:spadmic_output_fifo/level_o[8]
port:spadmic_output_fifo/level_o[9]
port:spadmic_output_fifo/overflow_o
port:spadmic_output_fifo/pop_data_o[0]
port:spadmic_output_fifo/pop_data_o[10]
port:spadmic_output_fifo/pop_data_o[11]
port:spadmic_output_fifo/pop_data_o[12]
port:spadmic_output_fifo/pop_data_o[13]
port:spadmic_output_fifo/pop_data_o[14]
port:spadmic_output_fifo/pop_data_o[15]
port:spadmic_output_fifo/pop_data_o[1]
port:spadmic_output_fifo/pop_data_o[2]
port:spadmic_output_fifo/pop_data_o[3]
port:spadmic_output_fifo/pop_data_o[4]
port:spadmic_output_fifo/pop_data_o[5]
port:spadmic_output_fifo/pop_data_o[6]
port:spadmic_output_fifo/pop_data_o[7]
port:spadmic_output_fifo/pop_data_o[8]
port:spadmic_output_fifo/pop_data_o[9]
port:spadmic_output_fifo/pop_valid_o
port:spadmic_output_fifo/push_ready_o
-------------------------------------------------------------------------------


Lint summary
 Unconnected/logic driven clocks                                  0
 Sequential data pins driven by a clock signal                    0
 Sequential clock pins without clock waveform                     0
 Sequential clock pins with multiple clock waveforms              0
 Generated clocks without clock waveform                          0
 Generated clocks with incompatible options                       0
 Generated clocks with multi-master clock                         0
 Paths constrained with different clocks                          0
 Loop-breaking cells for combinational feedback                   0
 Nets with multiple drivers                                       0
 Timing exceptions with no effect                                 0
 Suspicious multi_cycle exceptions                                0
 Pins/ports with conflicting case constants                       0
 Inputs without clocked external delays                          19
 Outputs without clocked external delays                         42
 Inputs without external driver/transition                       19
 Outputs without external load                                   42
 Exceptions with invalid timing start-/endpoints                  0

                                                  Total:        122

