============================================================
  Generated by:           Genus(TM) Synthesis Solution 22.13-s093_1
  Generated on:           Apr 21 2026  11:37:37 am
  Module:                 mptdc_top_asic
  Operating conditions:   slow_1_62V_125C 
  Interconnect mode:      global
  Area mode:              physical library
============================================================


Path 1: MET (3 ps) Setup Check with Pin u_core_u_narrow_tx_ctx_id_q_reg[0]/C->D
           View: wc_view
          Group: clk_sys
     Startpoint: (R) u_core_u_fifo_rd_ptr_q_reg[1]/C
          Clock: (R) clk_sys
       Endpoint: (F) u_core_u_narrow_tx_ctx_id_q_reg[0]/D
          Clock: (R) clk_sys

                     Capture       Launch     
        Clock Edge:+    6250            0     
       Src Latency:+       0            0     
       Net Latency:+       0 (I)        0 (I) 
           Arrival:=    6250            0     
                                              
             Setup:-     634                  
       Uncertainty:-     300                  
     Required Time:=    5316                  
      Launch Clock:-       0                  
         Data Path:-    5314                  
             Slack:=       3                  

#--------------------------------------------------------------------------------------------------------------
#            Timing Point              Flags   Arc   Edge   Cell     Fanout  Load Trans Delay Arrival Instance 
#                                                                            (fF)  (ps)  (ps)   (ps)  Location 
#--------------------------------------------------------------------------------------------------------------
  u_core_u_fifo_rd_ptr_q_reg[1]/C      -       -     R     (arrival)    267     -   150     0       0    (-,-) 
  u_core_u_fifo_rd_ptr_q_reg[1]/Q      -       C->Q  R     DFRRQHDX1      1  31.4   358  1008    1008    (-,-) 
  g1/Q                                 -       A->Q  R     BUHDX6        12 189.9   312   450    1458    (-,-) 
  g27/Q                                -       A->Q  F     INHDX6        11 152.8   239   305    1762    (-,-) 
  g25357__1617/Q                       -       AN->Q F     NO3I2HDX2      3  27.8   147   404    2166    (-,-) 
  g25284__8428/Q                       -       A->Q  R     NA2HDX0        1  14.2   397   347    2513    (-,-) 
  g25245__8428/Q                       -       C->Q  F     ON21HDX1       1  15.1   248   324    2838    (-,-) 
  g27638/Q                             -       C->Q  R     AN21HDX1       1  16.0   458   472    3310    (-,-) 
  g1432/Q                              -       B->Q  R     NA22HDX1       1  15.8   248   439    3749    (-,-) 
  g1427/Q                              -       C->Q  F     NA22HDX1       1  14.2   192   235    3984    (-,-) 
  g1423/Q                              -       B->Q  R     NA3I1HDX1      1  22.6   474   435    4420    (-,-) 
  g1419/Q                              -       A->Q  F     NA4HDX2        2  29.1   422   452    4872    (-,-) 
  g26395__8246/Q                       -       A->Q  F     NA22HDX1       1  12.3   185   442    5314    (-,-) 
  u_core_u_narrow_tx_ctx_id_q_reg[0]/D -       -     F     DFRRHDX2       1     -     -     0    5314    (-,-) 
#--------------------------------------------------------------------------------------------------------------



Path 2: MET (4 ps) Setup Check with Pin u_core_u_fifo_count_q_reg[4]/C->D
           View: wc_view
          Group: clk_sys
     Startpoint: (R) u_core_u_fifo_count_q_reg[4]/C
          Clock: (R) clk_sys
       Endpoint: (F) u_core_u_fifo_count_q_reg[4]/D
          Clock: (R) clk_sys

                     Capture       Launch     
        Clock Edge:+    6250            0     
       Src Latency:+       0            0     
       Net Latency:+       0 (I)        0 (I) 
           Arrival:=    6250            0     
                                              
             Setup:-     675                  
       Uncertainty:-     300                  
     Required Time:=    5275                  
      Launch Clock:-       0                  
         Data Path:-    5271                  
             Slack:=       4                  

#--------------------------------------------------------------------------------------------------------
#         Timing Point           Flags   Arc   Edge   Cell     Fanout  Load Trans Delay Arrival Instance 
#                                                                      (fF)  (ps)  (ps)   (ps)  Location 
#--------------------------------------------------------------------------------------------------------
  u_core_u_fifo_count_q_reg[4]/C -       -     R     (arrival)    267     -   150     0       0    (-,-) 
  u_core_u_fifo_count_q_reg[4]/Q -       C->Q  F     DFRRQHDX1      1  12.9   203   919     919    (-,-) 
  fopt27237/Q                    -       A->Q  R     INHDX1         2  21.4   243   266    1185    (-,-) 
  g25395__8246/Q                 -       A->Q  R     AND2HDX2       2  40.2   233   449    1633    (-,-) 
  g19/Q                          -       E->Q  F     NA5I4HDX2      2  22.5   301   326    1959    (-,-) 
  g25266__5115/Q                 -       AN->Q F     NA2I1HDX2      4  39.8   249   482    2441    (-,-) 
  g26641__6131/Q                 -       A->Q  F     AND2HDX2       4  64.3   208   536    2977    (-,-) 
  g26557__2346/Q                 -       A->Q  F     AND2HDX2       2  53.6   188   496    3473    (-,-) 
  g26404__9945/Q                 -       B->Q  R     NA2I1HDX4     12 108.9   454   452    3926    (-,-) 
  g27104__3680/Q                 -       AN->Q R     NA2I1HDX0      1  15.8   412   501    4427    (-,-) 
  g26210__1881/Q                 -       C->Q  F     NA22HDX1       1  14.0   209   265    4692    (-,-) 
  g24/Q                          -       A->Q  R     NA2HDX1        1  14.2   305   301    4994    (-,-) 
  g23/Q                          -       C->Q  F     ON21HDX1       1  12.3   211   278    5271    (-,-) 
  u_core_u_fifo_count_q_reg[4]/D -       -     F     DFRRQHDX1      1     -     -     0    5271    (-,-) 
#--------------------------------------------------------------------------------------------------------



Path 3: MET (7 ps) Setup Check with Pin u_core_u_wdt_wdt_global_trip_cnt_o_reg[4]/C->D
           View: wc_view
          Group: clk_sys
     Startpoint: (R) u_core_u_wdt_global_cnt_reg[0]/C
          Clock: (R) clk_sys
       Endpoint: (F) u_core_u_wdt_wdt_global_trip_cnt_o_reg[4]/D
          Clock: (R) clk_sys

                     Capture       Launch     
        Clock Edge:+    6250            0     
       Src Latency:+       0            0     
       Net Latency:+       0 (I)        0 (I) 
           Arrival:=    6250            0     
                                              
             Setup:-     669                  
       Uncertainty:-     300                  
     Required Time:=    5281                  
      Launch Clock:-       0                  
         Data Path:-    5274                  
             Slack:=       7                  

#--------------------------------------------------------------------------------------------------------------------
#                Timing Point                 Flags   Arc   Edge   Cell     Fanout Load Trans Delay Arrival Instance 
#                                                                                  (fF)  (ps)  (ps)   (ps)  Location 
#--------------------------------------------------------------------------------------------------------------------
  u_core_u_wdt_global_cnt_reg[0]/C            -       -     R     (arrival)    267    -   150     0       0    (-,-) 
  u_core_u_wdt_global_cnt_reg[0]/Q            -       C->Q  F     DFRRQHDX1      2 21.7   261  1001    1001    (-,-) 
  fopt27174/Q                                 -       A->Q  F     BUHDX1         3 29.8   246   500    1501    (-,-) 
  g25383__2398/Q                              -       B->Q  R     NA2I1HDX1      1 12.1   276   333    1834    (-,-) 
  g25289__6783/Q                              -       D->Q  R     AND4HDX0       1 14.6   384   840    2674    (-,-) 
  g25204__2346/Q                              -       B->Q  R     AND6HDX2       1 15.4   288   637    3311    (-,-) 
  g27622/Q                                    -       B->Q  R     AND3HDX2       3 34.4   232   571    3882    (-,-) 
  g25964__5526/Q                              -       B->Q  R     AND2HDX4       8 94.4   277   558    4440    (-,-) 
  g25962/Q                                    -       A->Q  F     INHDX2         6 83.9   338   386    4826    (-,-) 
  g25938__6131/Q                              -       B->Q  F     NA22HDX1       1 12.3   205   447    5274    (-,-) 
  u_core_u_wdt_wdt_global_trip_cnt_o_reg[4]/D -       -     F     DFRRQHDX2      1    -     -     0    5274    (-,-) 
#--------------------------------------------------------------------------------------------------------------------



Path 4: MET (10 ps) Setup Check with Pin u_core_u_wdt_wdt_global_trip_cnt_o_reg[3]/C->D
           View: wc_view
          Group: clk_sys
     Startpoint: (R) u_core_u_wdt_global_cnt_reg[0]/C
          Clock: (R) clk_sys
       Endpoint: (F) u_core_u_wdt_wdt_global_trip_cnt_o_reg[3]/D
          Clock: (R) clk_sys

                     Capture       Launch     
        Clock Edge:+    6250            0     
       Src Latency:+       0            0     
       Net Latency:+       0 (I)        0 (I) 
           Arrival:=    6250            0     
                                              
             Setup:-     667                  
       Uncertainty:-     300                  
     Required Time:=    5283                  
      Launch Clock:-       0                  
         Data Path:-    5274                  
             Slack:=      10                  

#--------------------------------------------------------------------------------------------------------------------
#                Timing Point                 Flags   Arc   Edge   Cell     Fanout Load Trans Delay Arrival Instance 
#                                                                                  (fF)  (ps)  (ps)   (ps)  Location 
#--------------------------------------------------------------------------------------------------------------------
  u_core_u_wdt_global_cnt_reg[0]/C            -       -     R     (arrival)    267    -   150     0       0    (-,-) 
  u_core_u_wdt_global_cnt_reg[0]/Q            -       C->Q  F     DFRRQHDX1      2 21.7   261  1001    1001    (-,-) 
  fopt27174/Q                                 -       A->Q  F     BUHDX1         3 29.8   246   500    1501    (-,-) 
  g25383__2398/Q                              -       B->Q  R     NA2I1HDX1      1 12.1   276   333    1834    (-,-) 
  g25289__6783/Q                              -       D->Q  R     AND4HDX0       1 14.6   384   840    2674    (-,-) 
  g25204__2346/Q                              -       B->Q  R     AND6HDX2       1 15.4   288   637    3311    (-,-) 
  g27622/Q                                    -       B->Q  R     AND3HDX2       3 34.4   232   571    3882    (-,-) 
  g25964__5526/Q                              -       B->Q  R     AND2HDX4       8 94.4   277   558    4440    (-,-) 
  g25962/Q                                    -       A->Q  F     INHDX2         6 83.9   338   386    4826    (-,-) 
  g25943__6161/Q                              -       B->Q  F     NA22HDX1       1 12.3   196   447    5274    (-,-) 
  u_core_u_wdt_wdt_global_trip_cnt_o_reg[3]/D -       -     F     DFRRQHDX2      1    -     -     0    5274    (-,-) 
#--------------------------------------------------------------------------------------------------------------------



Path 5: MET (10 ps) Setup Check with Pin u_core_u_fifo_count_q_reg[3]/C->D
           View: wc_view
          Group: clk_sys
     Startpoint: (R) u_core_u_fifo_count_q_reg[4]/C
          Clock: (R) clk_sys
       Endpoint: (R) u_core_u_fifo_count_q_reg[3]/D
          Clock: (R) clk_sys

                     Capture       Launch     
        Clock Edge:+    6250            0     
       Src Latency:+       0            0     
       Net Latency:+       0 (I)        0 (I) 
           Arrival:=    6250            0     
                                              
             Setup:-     314                  
       Uncertainty:-     300                  
     Required Time:=    5636                  
      Launch Clock:-       0                  
         Data Path:-    5626                  
             Slack:=      10                  

#-------------------------------------------------------------------------------------------------------
#         Timing Point           Flags   Arc   Edge   Cell     Fanout Load Trans Delay Arrival Instance 
#                                                                     (fF)  (ps)  (ps)   (ps)  Location 
#-------------------------------------------------------------------------------------------------------
  u_core_u_fifo_count_q_reg[4]/C -       -     R     (arrival)    267    -   150     0       0    (-,-) 
  u_core_u_fifo_count_q_reg[4]/Q -       C->Q  F     DFRRQHDX1      1 12.9   203   919     919    (-,-) 
  fopt27237/Q                    -       A->Q  R     INHDX1         2 21.4   243   266    1185    (-,-) 
  g25395__8246/Q                 -       A->Q  R     AND2HDX2       2 40.2   233   449    1633    (-,-) 
  g19/Q                          -       E->Q  F     NA5I4HDX2      2 22.5   301   326    1959    (-,-) 
  g25266__5115/Q                 -       AN->Q F     NA2I1HDX2      4 39.8   249   482    2441    (-,-) 
  g26641__6131/Q                 -       A->Q  F     AND2HDX2       4 64.3   208   536    2977    (-,-) 
  fopt26832/Q                    -       A->Q  F     BUHDX3         3 64.8   187   406    3383    (-,-) 
  g26548__6131/Q                 -       A->Q  R     NO2HDX4        5 69.8   492   459    3842    (-,-) 
  g26403__9315/Q                 -       B->Q  F     NA2I1HDX4      3 43.4   187   244    4086    (-,-) 
  fopt27249/Q                    -       A->Q  R     INHDX3         8 91.6   314   321    4407    (-,-) 
  g26298__5115/Q                 -       B->Q  F     NA2HDX0        1 11.4   324   316    4724    (-,-) 
  g26125__2346/Q                 -       B->Q  F     AO21HDX1       1 14.0   148   648    5372    (-,-) 
  g28/Q                          -       A->Q  R     NA2HDX1        1 12.3   269   254    5626    (-,-) 
  u_core_u_fifo_count_q_reg[3]/D -       -     R     DFRRQHDX1      1    -     -     0    5626    (-,-) 
#-------------------------------------------------------------------------------------------------------



Path 6: MET (16 ps) Setup Check with Pin u_core_u_fifo_count_q_reg[2]/C->D
           View: wc_view
          Group: clk_sys
     Startpoint: (R) u_core_u_fifo_count_q_reg[2]/C
          Clock: (R) clk_sys
       Endpoint: (F) u_core_u_fifo_count_q_reg[2]/D
          Clock: (R) clk_sys

                     Capture       Launch     
        Clock Edge:+    6250            0     
       Src Latency:+       0            0     
       Net Latency:+       0 (I)        0 (I) 
           Arrival:=    6250            0     
                                              
             Setup:-     679                  
       Uncertainty:-     300                  
     Required Time:=    5271                  
      Launch Clock:-       0                  
         Data Path:-    5256                  
             Slack:=      16                  

#-------------------------------------------------------------------------------------------------------
#         Timing Point           Flags   Arc   Edge   Cell     Fanout Load Trans Delay Arrival Instance 
#                                                                     (fF)  (ps)  (ps)   (ps)  Location 
#-------------------------------------------------------------------------------------------------------
  u_core_u_fifo_count_q_reg[2]/C -       -     R     (arrival)    267    -   150     0       0    (-,-) 
  u_core_u_fifo_count_q_reg[2]/Q -       C->Q  F     DFRRQHDX1      3 46.0   372  1156    1156    (-,-) 
  g25396__7098/Q                 -       A->Q  R     NO2HDX2        2 29.5   412   454    1610    (-,-) 
  g43/Q                          -       D->Q  F     NA4HDX2        2 25.4   386   447    2058    (-,-) 
  g27328/Q                       -       A->Q  R     NA2HDX1        2 28.1   466   522    2580    (-,-) 
  g26675__6161/Q                 -       AN->Q R     NA2I1HDX4      1 38.6   225   404    2984    (-,-) 
  g26455__1666/Q                 -       A->Q  F     NA2HDX4        6 75.6   233   256    3240    (-,-) 
  g26418/Q                       -       A->Q  R     INHDX1         1 21.1   244   277    3517    (-,-) 
  g26403__9315/Q                 -       AN->Q R     NA2I1HDX4      3 44.0   251   365    3882    (-,-) 
  fopt27249/Q                    -       A->Q  F     INHDX3         8 91.3   260   309    4191    (-,-) 
  g26214__6161/Q                 -       A->Q  R     AN21HDX1       1 14.8   433   466    4657    (-,-) 
  g26135__5526/Q                 -       B->Q  R     AND2HDX2       1 15.7   135   397    5054    (-,-) 
  g26078__6161/Q                 -       A->Q  F     ON21HDX1       1 12.3   225   201    5255    (-,-) 
  u_core_u_fifo_count_q_reg[2]/D -       -     F     DFRRQHDX1      1    -     -     0    5256    (-,-) 
#-------------------------------------------------------------------------------------------------------



Path 7: MET (20 ps) Setup Check with Pin u_core_u_wdt_wdt_global_trip_cnt_o_reg[0]/C->D
           View: wc_view
          Group: clk_sys
     Startpoint: (R) u_core_u_wdt_global_cnt_reg[0]/C
          Clock: (R) clk_sys
       Endpoint: (F) u_core_u_wdt_wdt_global_trip_cnt_o_reg[0]/D
          Clock: (R) clk_sys

                     Capture       Launch     
        Clock Edge:+    6250            0     
       Src Latency:+       0            0     
       Net Latency:+       0 (I)        0 (I) 
           Arrival:=    6250            0     
                                              
             Setup:-     670                  
       Uncertainty:-     300                  
     Required Time:=    5280                  
      Launch Clock:-       0                  
         Data Path:-    5260                  
             Slack:=      20                  

#--------------------------------------------------------------------------------------------------------------------
#                Timing Point                 Flags   Arc   Edge   Cell     Fanout Load Trans Delay Arrival Instance 
#                                                                                  (fF)  (ps)  (ps)   (ps)  Location 
#--------------------------------------------------------------------------------------------------------------------
  u_core_u_wdt_global_cnt_reg[0]/C            -       -     R     (arrival)    267    -   150     0       0    (-,-) 
  u_core_u_wdt_global_cnt_reg[0]/Q            -       C->Q  F     DFRRQHDX1      2 21.7   261  1001    1001    (-,-) 
  fopt27174/Q                                 -       A->Q  F     BUHDX1         3 29.8   246   500    1501    (-,-) 
  g25383__2398/Q                              -       B->Q  R     NA2I1HDX1      1 12.1   276   333    1834    (-,-) 
  g25289__6783/Q                              -       D->Q  R     AND4HDX0       1 14.6   384   840    2674    (-,-) 
  g25204__2346/Q                              -       B->Q  R     AND6HDX2       1 15.4   288   637    3311    (-,-) 
  g27622/Q                                    -       B->Q  R     AND3HDX2       3 34.4   232   571    3882    (-,-) 
  g25964__5526/Q                              -       B->Q  R     AND2HDX4       8 94.4   277   558    4440    (-,-) 
  g25962/Q                                    -       A->Q  F     INHDX2         6 83.9   338   386    4826    (-,-) 
  g25942__4733/Q                              -       A->Q  F     EN2HDX1        1 12.3   209   434    5260    (-,-) 
  u_core_u_wdt_wdt_global_trip_cnt_o_reg[0]/D -       -     F     DFRRQHDX2      1    -     -     0    5260    (-,-) 
#--------------------------------------------------------------------------------------------------------------------



Path 8: MET (22 ps) Setup Check with Pin u_core_u_fifo_count_q_reg[1]/C->D
           View: wc_view
          Group: clk_sys
     Startpoint: (R) u_core_u_fifo_count_q_reg[2]/C
          Clock: (R) clk_sys
       Endpoint: (F) u_core_u_fifo_count_q_reg[1]/D
          Clock: (R) clk_sys

                     Capture       Launch     
        Clock Edge:+    6250            0     
       Src Latency:+       0            0     
       Net Latency:+       0 (I)        0 (I) 
           Arrival:=    6250            0     
                                              
             Setup:-     678                  
       Uncertainty:-     300                  
     Required Time:=    5272                  
      Launch Clock:-       0                  
         Data Path:-    5249                  
             Slack:=      22                  

#-------------------------------------------------------------------------------------------------------
#         Timing Point           Flags   Arc   Edge   Cell     Fanout Load Trans Delay Arrival Instance 
#                                                                     (fF)  (ps)  (ps)   (ps)  Location 
#-------------------------------------------------------------------------------------------------------
  u_core_u_fifo_count_q_reg[2]/C -       -     R     (arrival)    267    -   150     0       0    (-,-) 
  u_core_u_fifo_count_q_reg[2]/Q -       C->Q  F     DFRRQHDX1      3 46.0   372  1156    1156    (-,-) 
  g25396__7098/Q                 -       A->Q  R     NO2HDX2        2 29.5   412   454    1610    (-,-) 
  g43/Q                          -       D->Q  F     NA4HDX2        2 25.4   386   447    2058    (-,-) 
  g27328/Q                       -       A->Q  R     NA2HDX1        2 28.1   466   522    2580    (-,-) 
  g26675__6161/Q                 -       AN->Q R     NA2I1HDX4      1 38.6   225   404    2984    (-,-) 
  g26455__1666/Q                 -       A->Q  F     NA2HDX4        6 75.6   233   256    3240    (-,-) 
  g26418/Q                       -       A->Q  R     INHDX1         1 21.1   244   277    3517    (-,-) 
  g26403__9315/Q                 -       AN->Q R     NA2I1HDX4      3 44.0   251   365    3882    (-,-) 
  fopt27249/Q                    -       A->Q  F     INHDX3         8 91.3   260   309    4191    (-,-) 
  fopt27248/Q                    -       A->Q  R     INHDX1         2 18.8   228   270    4461    (-,-) 
  g27331/Q                       -       A->Q  R     AND2HDX0       1 15.7   363   526    4986    (-,-) 
  g27330/Q                       -       A->Q  F     ON21HDX1       1 12.3   223   263    5249    (-,-) 
  u_core_u_fifo_count_q_reg[1]/D -       -     F     DFRRQHDX1      1    -     -     0    5249    (-,-) 
#-------------------------------------------------------------------------------------------------------



Path 9: MET (25 ps) Setup Check with Pin u_core_u_fifo_count_q_reg[5]/C->D
           View: wc_view
          Group: clk_sys
     Startpoint: (R) u_core_u_fifo_count_q_reg[4]/C
          Clock: (R) clk_sys
       Endpoint: (F) u_core_u_fifo_count_q_reg[5]/D
          Clock: (R) clk_sys

                     Capture       Launch     
        Clock Edge:+    6250            0     
       Src Latency:+       0            0     
       Net Latency:+       0 (I)        0 (I) 
           Arrival:=    6250            0     
                                              
             Setup:-     678                  
       Uncertainty:-     300                  
     Required Time:=    5272                  
      Launch Clock:-       0                  
         Data Path:-    5246                  
             Slack:=      25                  

#--------------------------------------------------------------------------------------------------------
#         Timing Point           Flags   Arc   Edge   Cell     Fanout  Load Trans Delay Arrival Instance 
#                                                                      (fF)  (ps)  (ps)   (ps)  Location 
#--------------------------------------------------------------------------------------------------------
  u_core_u_fifo_count_q_reg[4]/C -       -     R     (arrival)    267     -   150     0       0    (-,-) 
  u_core_u_fifo_count_q_reg[4]/Q -       C->Q  F     DFRRQHDX1      1  12.9   203   919     919    (-,-) 
  fopt27237/Q                    -       A->Q  R     INHDX1         2  21.4   243   266    1185    (-,-) 
  g25395__8246/Q                 -       A->Q  R     AND2HDX2       2  40.2   233   449    1633    (-,-) 
  g19/Q                          -       E->Q  F     NA5I4HDX2      2  22.5   301   326    1959    (-,-) 
  g25266__5115/Q                 -       AN->Q F     NA2I1HDX2      4  39.8   249   482    2441    (-,-) 
  g26641__6131/Q                 -       A->Q  F     AND2HDX2       4  64.3   208   536    2977    (-,-) 
  g26557__2346/Q                 -       A->Q  F     AND2HDX2       2  53.6   188   496    3473    (-,-) 
  g26404__9945/Q                 -       B->Q  R     NA2I1HDX4     12 108.9   454   452    3926    (-,-) 
  g26302__6161/Q                 -       A->Q  R     OR2HDX0        1  15.8   358   486    4411    (-,-) 
  g26208__7098/Q                 -       C->Q  F     NA22HDX1       1  14.0   203   256    4667    (-,-) 
  g26122__9315/Q                 -       A->Q  R     NA2HDX1        1  14.2   316   298    4966    (-,-) 
  g26074__1881/Q                 -       C->Q  F     ON21HDX1       1  12.3   224   280    5246    (-,-) 
  u_core_u_fifo_count_q_reg[5]/D -       -     F     DFRRQHDX1      1     -     -     0    5246    (-,-) 
#--------------------------------------------------------------------------------------------------------



Path 10: MET (26 ps) Setup Check with Pin u_core_u_wdt_global_cnt_reg[9]/C->D
           View: wc_view
          Group: clk_sys
     Startpoint: (R) u_core_u_wdt_global_cnt_reg[3]/C
          Clock: (R) clk_sys
       Endpoint: (F) u_core_u_wdt_global_cnt_reg[9]/D
          Clock: (R) clk_sys

                     Capture       Launch     
        Clock Edge:+    6250            0     
       Src Latency:+       0            0     
       Net Latency:+       0 (I)        0 (I) 
           Arrival:=    6250            0     
                                              
             Setup:-     679                  
       Uncertainty:-     300                  
     Required Time:=    5271                  
      Launch Clock:-       0                  
         Data Path:-    5245                  
             Slack:=      26                  

#---------------------------------------------------------------------------------------------------------
#          Timing Point            Flags   Arc   Edge   Cell     Fanout Load Trans Delay Arrival Instance 
#                                                                       (fF)  (ps)  (ps)   (ps)  Location 
#---------------------------------------------------------------------------------------------------------
  u_core_u_wdt_global_cnt_reg[3]/C -       -     R     (arrival)    267    -   150     0       0    (-,-) 
  u_core_u_wdt_global_cnt_reg[3]/Q -       C->Q  R     DFRRQHDX1      2 22.4   281   938     938    (-,-) 
  g26713__8246/Q                   -       A->Q  R     AND2HDX1       2 21.9   255   505    1443    (-,-) 
  g26413__6260/Q                   -       A->Q  R     AND3HDX2       3 57.2   326   639    2082    (-,-) 
  g26160__1705/Q                   -       A->Q  F     NA2HDX4        3 29.0   147   184    2266    (-,-) 
  g26060__8246/Q                   -       AN->Q F     NA3I1HDX4      4 60.6   335   583    2849    (-,-) 
  g26042__5477/Q                   -       A->Q  R     NO2HDX2        3 28.8   400   436    3284    (-,-) 
  g26008__5526/Q                   -       A->Q  R     AND2HDX2       3 36.3   220   478    3762    (-,-) 
  g25985/Q                         -       A->Q  F     INHDX0         1 11.1   159   192    3954    (-,-) 
  g25982__7482/Q                   -       C->Q  R     ON211HDX0      1 11.4   706   539    4493    (-,-) 
  drc_bufs/Q                       -       A->Q  R     BUHDX0         1 14.0   323   471    4964    (-,-) 
  g25963__8428/Q                   -       B->Q  F     AN21HDX1       1 12.3   241   280    5245    (-,-) 
  u_core_u_wdt_global_cnt_reg[9]/D -       -     F     DFRRQHDX2      1    -     -     0    5245    (-,-) 
#---------------------------------------------------------------------------------------------------------



Path 11: MET (26 ps) Setup Check with Pin u_core_u_fifo_wr_ptr_q_reg[5]/C->D
           View: wc_view
          Group: clk_sys
     Startpoint: (R) u_core_u_fifo_count_q_reg[4]/C
          Clock: (R) clk_sys
       Endpoint: (F) u_core_u_fifo_wr_ptr_q_reg[5]/D
          Clock: (R) clk_sys

                     Capture       Launch     
        Clock Edge:+    6250            0     
       Src Latency:+       0            0     
       Net Latency:+       0 (I)        0 (I) 
           Arrival:=    6250            0     
                                              
             Setup:-     704                  
       Uncertainty:-     300                  
     Required Time:=    5246                  
      Launch Clock:-       0                  
         Data Path:-    5220                  
             Slack:=      26                  

#--------------------------------------------------------------------------------------------------------
#          Timing Point           Flags   Arc   Edge   Cell     Fanout Load Trans Delay Arrival Instance 
#                                                                      (fF)  (ps)  (ps)   (ps)  Location 
#--------------------------------------------------------------------------------------------------------
  u_core_u_fifo_count_q_reg[4]/C  -       -     R     (arrival)    267    -   150     0       0    (-,-) 
  u_core_u_fifo_count_q_reg[4]/Q  -       C->Q  F     DFRRQHDX1      1 12.9   203   919     919    (-,-) 
  fopt27237/Q                     -       A->Q  R     INHDX1         2 21.4   243   266    1185    (-,-) 
  g25395__8246/Q                  -       A->Q  R     AND2HDX2       2 40.2   233   449    1633    (-,-) 
  g19/Q                           -       E->Q  F     NA5I4HDX2      2 22.5   301   326    1959    (-,-) 
  g25266__5115/Q                  -       AN->Q F     NA2I1HDX2      4 39.8   249   482    2441    (-,-) 
  g26641__6131/Q                  -       A->Q  F     AND2HDX2       4 64.3   208   536    2977    (-,-) 
  g26557__2346/Q                  -       A->Q  F     AND2HDX2       2 53.6   188   496    3473    (-,-) 
  fopt27198/Q                     -       A->Q  R     INHDX2         2 30.0   185   210    3683    (-,-) 
  fopt27196/Q                     -       A->Q  F     INHDX2         6 52.1   224   254    3938    (-,-) 
  g26427__4319/Q                  -       A->Q  R     NA2HDX1        2 23.6   420   403    4341    (-,-) 
  g26072__7098/Q                  -       C->Q  F     NA3HDX1        1 11.2   262   320    4661    (-,-) 
  g26039__1666/Q                  -       B->Q  F     NA22HDX0       1 12.3   314   559    5220    (-,-) 
  u_core_u_fifo_wr_ptr_q_reg[5]/D -       -     F     DFRRQHDX1      1    -     -     0    5220    (-,-) 
#--------------------------------------------------------------------------------------------------------



Path 12: MET (33 ps) Setup Check with Pin u_core_u_narrow_tx_conv_count_q_reg[13]/C->D
           View: wc_view
          Group: clk_sys
     Startpoint: (R) u_core_u_narrow_tx_conv_count_q_reg[0]/C
          Clock: (R) clk_sys
       Endpoint: (F) u_core_u_narrow_tx_conv_count_q_reg[13]/D
          Clock: (R) clk_sys

                     Capture       Launch     
        Clock Edge:+    6250            0     
       Src Latency:+       0            0     
       Net Latency:+       0 (I)        0 (I) 
           Arrival:=    6250            0     
                                              
             Setup:-     679                  
       Uncertainty:-     300                  
     Required Time:=    5271                  
      Launch Clock:-       0                  
         Data Path:-    5238                  
             Slack:=      33                  

#------------------------------------------------------------------------------------------------------------------
#               Timing Point                Flags   Arc   Edge   Cell     Fanout Load Trans Delay Arrival Instance 
#                                                                                (fF)  (ps)  (ps)   (ps)  Location 
#------------------------------------------------------------------------------------------------------------------
  u_core_u_narrow_tx_conv_count_q_reg[0]/C  -       -     R     (arrival)    267    -   150     0       0    (-,-) 
  u_core_u_narrow_tx_conv_count_q_reg[0]/Q  -       C->Q  R     DFRRQHDX2      4 50.3   361  1179    1179    (-,-) 
  g26726__1666/Q                            -       B->Q  R     AND2HDX2       2 55.6   300   532    1711    (-,-) 
  g26452__2883/Q                            -       A->Q  F     NA3HDX4        3 37.6   248   281    1992    (-,-) 
  g26159__2802/Q                            -       C->Q  R     NO3I2HDX2      3 33.1   428   467    2459    (-,-) 
  g26057__2802/Q                            -       A->Q  R     AND2HDX2       3 29.1   191   458    2917    (-,-) 
  g26022__5115/Q                            -       A->Q  R     AND2HDX2       3 33.5   208   404    3320    (-,-) 
  g25991__1666/Q                            -       A->Q  R     AND2HDX2       3 33.5   208   410    3731    (-,-) 
  g25966__3680/Q                            -       A->Q  R     AND2HDX2       3 33.1   207   409    4140    (-,-) 
  g25924__2802/Q                            -       A->Q  F     NA2HDX1        2 26.0   298   297    4437    (-,-) 
  g25905__1666/Q                            -       A->Q  R     EO2HDX1        1 15.7   428   526    4962    (-,-) 
  g25902__2883/Q                            -       A->Q  F     ON21HDX1       1 12.3   226   276    5238    (-,-) 
  u_core_u_narrow_tx_conv_count_q_reg[13]/D -       -     F     DFRRQHDX1      1    -     -     0    5238    (-,-) 
#------------------------------------------------------------------------------------------------------------------



Path 13: MET (39 ps) Setup Check with Pin u_core_u_wdt_wdt_global_trip_cnt_o_reg[2]/C->D
           View: wc_view
          Group: clk_sys
     Startpoint: (R) u_core_u_wdt_global_cnt_reg[0]/C
          Clock: (R) clk_sys
       Endpoint: (F) u_core_u_wdt_wdt_global_trip_cnt_o_reg[2]/D
          Clock: (R) clk_sys

                     Capture       Launch     
        Clock Edge:+    6250            0     
       Src Latency:+       0            0     
       Net Latency:+       0 (I)        0 (I) 
           Arrival:=    6250            0     
                                              
             Setup:-     670                  
       Uncertainty:-     300                  
     Required Time:=    5280                  
      Launch Clock:-       0                  
         Data Path:-    5242                  
             Slack:=      39                  

#--------------------------------------------------------------------------------------------------------------------
#                Timing Point                 Flags   Arc   Edge   Cell     Fanout Load Trans Delay Arrival Instance 
#                                                                                  (fF)  (ps)  (ps)   (ps)  Location 
#--------------------------------------------------------------------------------------------------------------------
  u_core_u_wdt_global_cnt_reg[0]/C            -       -     R     (arrival)    267    -   150     0       0    (-,-) 
  u_core_u_wdt_global_cnt_reg[0]/Q            -       C->Q  F     DFRRQHDX1      2 21.7   261  1001    1001    (-,-) 
  fopt27174/Q                                 -       A->Q  F     BUHDX1         3 29.8   246   500    1501    (-,-) 
  g25383__2398/Q                              -       B->Q  R     NA2I1HDX1      1 12.1   276   333    1834    (-,-) 
  g25289__6783/Q                              -       D->Q  R     AND4HDX0       1 14.6   384   840    2674    (-,-) 
  g25204__2346/Q                              -       B->Q  R     AND6HDX2       1 15.4   288   637    3311    (-,-) 
  g27622/Q                                    -       B->Q  R     AND3HDX2       3 34.4   232   571    3882    (-,-) 
  g25964__5526/Q                              -       B->Q  R     AND2HDX4       8 94.4   277   558    4440    (-,-) 
  g25962/Q                                    -       A->Q  F     INHDX2         6 83.9   338   386    4826    (-,-) 
  g25937__7098/Q                              -       A->Q  F     NA22HDX1       1 12.3   206   415    5242    (-,-) 
  u_core_u_wdt_wdt_global_trip_cnt_o_reg[2]/D -       -     F     DFRRQHDX2      1    -     -     0    5242    (-,-) 
#--------------------------------------------------------------------------------------------------------------------



Path 14: MET (39 ps) Setup Check with Pin u_core_u_wdt_wdt_global_trip_cnt_o_reg[5]/C->D
           View: wc_view
          Group: clk_sys
     Startpoint: (R) u_core_u_wdt_global_cnt_reg[0]/C
          Clock: (R) clk_sys
       Endpoint: (F) u_core_u_wdt_wdt_global_trip_cnt_o_reg[5]/D
          Clock: (R) clk_sys

                     Capture       Launch     
        Clock Edge:+    6250            0     
       Src Latency:+       0            0     
       Net Latency:+       0 (I)        0 (I) 
           Arrival:=    6250            0     
                                              
             Setup:-     669                  
       Uncertainty:-     300                  
     Required Time:=    5281                  
      Launch Clock:-       0                  
         Data Path:-    5242                  
             Slack:=      39                  

#--------------------------------------------------------------------------------------------------------------------
#                Timing Point                 Flags   Arc   Edge   Cell     Fanout Load Trans Delay Arrival Instance 
#                                                                                  (fF)  (ps)  (ps)   (ps)  Location 
#--------------------------------------------------------------------------------------------------------------------
  u_core_u_wdt_global_cnt_reg[0]/C            -       -     R     (arrival)    267    -   150     0       0    (-,-) 
  u_core_u_wdt_global_cnt_reg[0]/Q            -       C->Q  F     DFRRQHDX1      2 21.7   261  1001    1001    (-,-) 
  fopt27174/Q                                 -       A->Q  F     BUHDX1         3 29.8   246   500    1501    (-,-) 
  g25383__2398/Q                              -       B->Q  R     NA2I1HDX1      1 12.1   276   333    1834    (-,-) 
  g25289__6783/Q                              -       D->Q  R     AND4HDX0       1 14.6   384   840    2674    (-,-) 
  g25204__2346/Q                              -       B->Q  R     AND6HDX2       1 15.4   288   637    3311    (-,-) 
  g27622/Q                                    -       B->Q  R     AND3HDX2       3 34.4   232   571    3882    (-,-) 
  g25964__5526/Q                              -       B->Q  R     AND2HDX4       8 94.4   277   558    4440    (-,-) 
  g25962/Q                                    -       A->Q  F     INHDX2         6 83.9   338   386    4826    (-,-) 
  g25939__1881/Q                              -       A->Q  F     NA22HDX1       1 12.3   205   415    5242    (-,-) 
  u_core_u_wdt_wdt_global_trip_cnt_o_reg[5]/D -       -     F     DFRRQHDX2      1    -     -     0    5242    (-,-) 
#--------------------------------------------------------------------------------------------------------------------



Path 15: MET (39 ps) Setup Check with Pin u_core_u_wdt_wdt_global_trip_cnt_o_reg[1]/C->D
           View: wc_view
          Group: clk_sys
     Startpoint: (R) u_core_u_wdt_global_cnt_reg[0]/C
          Clock: (R) clk_sys
       Endpoint: (F) u_core_u_wdt_wdt_global_trip_cnt_o_reg[1]/D
          Clock: (R) clk_sys

                     Capture       Launch     
        Clock Edge:+    6250            0     
       Src Latency:+       0            0     
       Net Latency:+       0 (I)        0 (I) 
           Arrival:=    6250            0     
                                              
             Setup:-     669                  
       Uncertainty:-     300                  
     Required Time:=    5281                  
      Launch Clock:-       0                  
         Data Path:-    5242                  
             Slack:=      39                  

#--------------------------------------------------------------------------------------------------------------------
#                Timing Point                 Flags   Arc   Edge   Cell     Fanout Load Trans Delay Arrival Instance 
#                                                                                  (fF)  (ps)  (ps)   (ps)  Location 
#--------------------------------------------------------------------------------------------------------------------
  u_core_u_wdt_global_cnt_reg[0]/C            -       -     R     (arrival)    267    -   150     0       0    (-,-) 
  u_core_u_wdt_global_cnt_reg[0]/Q            -       C->Q  F     DFRRQHDX1      2 21.7   261  1001    1001    (-,-) 
  fopt27174/Q                                 -       A->Q  F     BUHDX1         3 29.8   246   500    1501    (-,-) 
  g25383__2398/Q                              -       B->Q  R     NA2I1HDX1      1 12.1   276   333    1834    (-,-) 
  g25289__6783/Q                              -       D->Q  R     AND4HDX0       1 14.6   384   840    2674    (-,-) 
  g25204__2346/Q                              -       B->Q  R     AND6HDX2       1 15.4   288   637    3311    (-,-) 
  g27622/Q                                    -       B->Q  R     AND3HDX2       3 34.4   232   571    3882    (-,-) 
  g25964__5526/Q                              -       B->Q  R     AND2HDX4       8 94.4   277   558    4440    (-,-) 
  g25962/Q                                    -       A->Q  F     INHDX2         6 83.9   338   386    4826    (-,-) 
  g25936__8246/Q                              -       A->Q  F     NA22HDX1       1 12.3   205   415    5242    (-,-) 
  u_core_u_wdt_wdt_global_trip_cnt_o_reg[1]/D -       -     F     DFRRQHDX2      1    -     -     0    5242    (-,-) 
#--------------------------------------------------------------------------------------------------------------------



Path 16: MET (51 ps) Setup Check with Pin u_core_u_fifo_wr_ptr_q_reg[3]/C->D
           View: wc_view
          Group: clk_sys
     Startpoint: (R) u_core_u_drain_ctrl_state_q_reg[1]/C
          Clock: (R) clk_sys
       Endpoint: (F) u_core_u_fifo_wr_ptr_q_reg[3]/D
          Clock: (R) clk_sys

                     Capture       Launch     
        Clock Edge:+    6250            0     
       Src Latency:+       0            0     
       Net Latency:+       0 (I)        0 (I) 
           Arrival:=    6250            0     
                                              
             Setup:-     669                  
       Uncertainty:-     300                  
     Required Time:=    5281                  
      Launch Clock:-       0                  
         Data Path:-    5229                  
             Slack:=      51                  

#--------------------------------------------------------------------------------------------------------------
#            Timing Point              Flags    Arc   Edge   Cell     Fanout Load Trans Delay Arrival Instance 
#                                                                            (fF)  (ps)  (ps)   (ps)  Location 
#--------------------------------------------------------------------------------------------------------------
  u_core_u_drain_ctrl_state_q_reg[1]/C -       -      R     (arrival)    267    -   150     0       0    (-,-) 
  u_core_u_drain_ctrl_state_q_reg[1]/Q -       C->Q   F     DFRRQHDX2      4 54.1   355  1281    1281    (-,-) 
  g26761/Q                             -       A->Q   R     INHDX1         3 36.1   388   437    1718    (-,-) 
  g26721__6161/Q                       -       A->Q   F     NA2HDX1        2 23.4   291   340    2058    (-,-) 
  g26697/Q                             -       A->Q   R     INHDX0         1 14.8   356   398    2456    (-,-) 
  g26641__6131/Q                       -       B->Q   R     AND2HDX2       4 63.4   333   556    3012    (-,-) 
  fopt26832/Q                          -       A->Q   R     BUHDX3         3 65.3   229   378    3390    (-,-) 
  g26548__6131/Q                       -       A->Q   F     NO2HDX4        5 70.2   184   184    3574    (-,-) 
  fopt27178/Q                          -       A->Q   R     INHDX1         1 11.5   158   180    3754    (-,-) 
  g26140__1617/Q                       -       C->Q   R     OA21HDX1       3 31.2   334   570    4325    (-,-) 
  g26117/Q                             -       A->Q   F     INHDX0         1 12.1   191   238    4562    (-,-) 
  g26079__9315/Q                       -       IN1->Q F     MU2HDX0        1 12.3   205   667    5229    (-,-) 
  u_core_u_fifo_wr_ptr_q_reg[3]/D      -       -      F     DFRRQHDX2      1    -     -     0    5229    (-,-) 
#--------------------------------------------------------------------------------------------------------------



Path 17: MET (56 ps) Setup Check with Pin u_core_u_wdt_global_cnt_reg[11]/C->D
           View: wc_view
          Group: clk_sys
     Startpoint: (R) u_core_u_wdt_global_cnt_reg[1]/C
          Clock: (R) clk_sys
       Endpoint: (F) u_core_u_wdt_global_cnt_reg[11]/D
          Clock: (R) clk_sys

                     Capture       Launch     
        Clock Edge:+    6250            0     
       Src Latency:+       0            0     
       Net Latency:+       0 (I)        0 (I) 
           Arrival:=    6250            0     
                                              
             Setup:-     661                  
       Uncertainty:-     300                  
     Required Time:=    5289                  
      Launch Clock:-       0                  
         Data Path:-    5233                  
             Slack:=      56                  

#----------------------------------------------------------------------------------------------------------
#           Timing Point            Flags   Arc   Edge   Cell     Fanout Load Trans Delay Arrival Instance 
#                                                                        (fF)  (ps)  (ps)   (ps)  Location 
#----------------------------------------------------------------------------------------------------------
  u_core_u_wdt_global_cnt_reg[1]/C  -       -     R     (arrival)    267    -   150     0       0    (-,-) 
  u_core_u_wdt_global_cnt_reg[1]/Q  -       C->Q  F     DFRRQHDX1      2 22.6   267  1009    1009    (-,-) 
  g26724__2883/Q                    -       B->Q  F     AND2HDX2       4 43.8   165   542    1551    (-,-) 
  g26413__6260/Q                    -       B->Q  F     AND3HDX2       3 56.8   193   510    2060    (-,-) 
  g26160__1705/Q                    -       A->Q  R     NA2HDX4        3 28.7   225   216    2276    (-,-) 
  g26060__8246/Q                    -       AN->Q R     NA3I1HDX4      4 61.5   325   473    2749    (-,-) 
  g26042__5477/Q                    -       A->Q  F     NO2HDX2        3 28.8   161   199    2948    (-,-) 
  g26008__5526/Q                    -       A->Q  F     AND2HDX2       3 35.9   148   427    3376    (-,-) 
  g25983__4733/Q                    -       A->Q  R     NA2HDX2        2 29.4   313   294    3669    (-,-) 
  g25961/Q                          -       A->Q  F     INHDX2         2 24.3   151   197    3866    (-,-) 
  g25958__6260/Q                    -       A->Q  R     NA2HDX1        1 14.2   297   275    4141    (-,-) 
  g25940__5115/Q                    -       C->Q  F     ON21HDX1       1 15.2   232   296    4437    (-,-) 
  g25915__6260/Q                    -       A->Q  R     AN22HDX1       1 15.6   536   568    5005    (-,-) 
  g25911__2398/Q                    -       A->Q  F     NO2HDX1        1 12.3   175   227    5233    (-,-) 
  u_core_u_wdt_global_cnt_reg[11]/D -       -     F     DFRRQHDX2      1    -     -     0    5233    (-,-) 
#----------------------------------------------------------------------------------------------------------



Path 18: MET (59 ps) Setup Check with Pin u_core_u_fifo_wr_ptr_q_reg[4]/C->D
           View: wc_view
          Group: clk_sys
     Startpoint: (R) u_core_u_fifo_count_q_reg[4]/C
          Clock: (R) clk_sys
       Endpoint: (F) u_core_u_fifo_wr_ptr_q_reg[4]/D
          Clock: (R) clk_sys

                     Capture       Launch     
        Clock Edge:+    6250            0     
       Src Latency:+       0            0     
       Net Latency:+       0 (I)        0 (I) 
           Arrival:=    6250            0     
                                              
             Setup:-     637                  
       Uncertainty:-     300                  
     Required Time:=    5313                  
      Launch Clock:-       0                  
         Data Path:-    5254                  
             Slack:=      59                  

#--------------------------------------------------------------------------------------------------------
#          Timing Point           Flags   Arc   Edge   Cell     Fanout Load Trans Delay Arrival Instance 
#                                                                      (fF)  (ps)  (ps)   (ps)  Location 
#--------------------------------------------------------------------------------------------------------
  u_core_u_fifo_count_q_reg[4]/C  -       -     R     (arrival)    267    -   150     0       0    (-,-) 
  u_core_u_fifo_count_q_reg[4]/Q  -       C->Q  F     DFRRQHDX1      1 12.9   203   919     919    (-,-) 
  fopt27237/Q                     -       A->Q  R     INHDX1         2 21.4   243   266    1185    (-,-) 
  g25395__8246/Q                  -       A->Q  R     AND2HDX2       2 40.2   233   449    1633    (-,-) 
  g19/Q                           -       E->Q  F     NA5I4HDX2      2 22.5   301   326    1959    (-,-) 
  g25266__5115/Q                  -       AN->Q F     NA2I1HDX2      4 39.8   249   482    2441    (-,-) 
  g26641__6131/Q                  -       A->Q  F     AND2HDX2       4 64.3   208   536    2977    (-,-) 
  g26557__2346/Q                  -       A->Q  F     AND2HDX2       2 53.6   188   496    3473    (-,-) 
  fopt27198/Q                     -       A->Q  R     INHDX2         2 30.0   185   210    3683    (-,-) 
  fopt27196/Q                     -       A->Q  F     INHDX2         6 52.1   224   254    3938    (-,-) 
  g26427__4319/Q                  -       A->Q  R     NA2HDX1        2 23.6   420   403    4341    (-,-) 
  g26104__1705/Q                  -       B->Q  F     NA2HDX1        1 16.8   230   283    4624    (-,-) 
  g26049__5107/Q                  -       E->Q  F     AO32HDX2       1 12.3   132   630    5254    (-,-) 
  u_core_u_fifo_wr_ptr_q_reg[4]/D -       -     F     DFRRHDX1       1    -     -     0    5254    (-,-) 
#--------------------------------------------------------------------------------------------------------



Path 19: MET (63 ps) Setup Check with Pin u_core_u_narrow_tx_conv_count_q_reg[12]/C->D
           View: wc_view
          Group: clk_sys
     Startpoint: (R) u_core_u_narrow_tx_conv_count_q_reg[0]/C
          Clock: (R) clk_sys
       Endpoint: (F) u_core_u_narrow_tx_conv_count_q_reg[12]/D
          Clock: (R) clk_sys

                     Capture       Launch     
        Clock Edge:+    6250            0     
       Src Latency:+       0            0     
       Net Latency:+       0 (I)        0 (I) 
           Arrival:=    6250            0     
                                              
             Setup:-     703                  
       Uncertainty:-     300                  
     Required Time:=    5247                  
      Launch Clock:-       0                  
         Data Path:-    5185                  
             Slack:=      63                  

#------------------------------------------------------------------------------------------------------------------
#               Timing Point                Flags   Arc   Edge   Cell     Fanout Load Trans Delay Arrival Instance 
#                                                                                (fF)  (ps)  (ps)   (ps)  Location 
#------------------------------------------------------------------------------------------------------------------
  u_core_u_narrow_tx_conv_count_q_reg[0]/C  -       -     R     (arrival)    267    -   150     0       0    (-,-) 
  u_core_u_narrow_tx_conv_count_q_reg[0]/Q  -       C->Q  R     DFRRQHDX2      4 50.3   361  1179    1179    (-,-) 
  g26726__1666/Q                            -       B->Q  R     AND2HDX2       2 55.6   300   532    1711    (-,-) 
  g26452__2883/Q                            -       A->Q  F     NA3HDX4        3 37.6   248   281    1992    (-,-) 
  g26159__2802/Q                            -       C->Q  R     NO3I2HDX2      3 33.1   428   467    2459    (-,-) 
  g26057__2802/Q                            -       A->Q  R     AND2HDX2       3 29.1   191   458    2917    (-,-) 
  g26022__5115/Q                            -       A->Q  R     AND2HDX2       3 33.5   208   404    3320    (-,-) 
  g25991__1666/Q                            -       A->Q  R     AND2HDX2       3 33.5   208   410    3731    (-,-) 
  g25966__3680/Q                            -       A->Q  R     AND2HDX2       3 33.1   207   409    4140    (-,-) 
  g25924__2802/Q                            -       A->Q  F     NA2HDX1        2 26.0   298   297    4437    (-,-) 
  g25908__6417/Q                            -       C->Q  R     NA3I2HDX0      1 11.7   343   404    4840    (-,-) 
  g25904__2346/Q                            -       C->Q  F     NA22HDX0       1 12.3   310   344    5185    (-,-) 
  u_core_u_narrow_tx_conv_count_q_reg[12]/D -       -     F     DFRRQHDX1      1    -     -     0    5185    (-,-) 
#------------------------------------------------------------------------------------------------------------------



Path 20: MET (63 ps) Setup Check with Pin u_core_u_fifo_rd_ptr_q_reg[5]/C->D
           View: wc_view
          Group: clk_sys
     Startpoint: (R) u_core_u_fifo_rd_ptr_q_reg[1]/C
          Clock: (R) clk_sys
       Endpoint: (R) u_core_u_fifo_rd_ptr_q_reg[5]/D
          Clock: (R) clk_sys

                     Capture       Launch     
        Clock Edge:+    6250            0     
       Src Latency:+       0            0     
       Net Latency:+       0 (I)        0 (I) 
           Arrival:=    6250            0     
                                              
             Setup:-     328                  
       Uncertainty:-     300                  
     Required Time:=    5622                  
      Launch Clock:-       0                  
         Data Path:-    5559                  
             Slack:=      63                  

#---------------------------------------------------------------------------------------------------------
#          Timing Point           Flags   Arc   Edge   Cell     Fanout  Load Trans Delay Arrival Instance 
#                                                                       (fF)  (ps)  (ps)   (ps)  Location 
#---------------------------------------------------------------------------------------------------------
  u_core_u_fifo_rd_ptr_q_reg[1]/C -       -     R     (arrival)    267     -   150     0       0    (-,-) 
  u_core_u_fifo_rd_ptr_q_reg[1]/Q -       C->Q  R     DFRRQHDX1      1  31.4   358  1008    1008    (-,-) 
  g1/Q                            -       A->Q  R     BUHDX6        12 189.9   312   450    1458    (-,-) 
  fopt27259/Q                     -       A->Q  R     BUHDX2         2  26.7   160   323    1781    (-,-) 
  fopt27258/Q                     -       A->Q  R     BUHDX2         6  61.6   306   390    2170    (-,-) 
  g27626/Q                        -       AN->Q R     NO2I1HDX2      3  26.1   358   484    2654    (-,-) 
  g26649__2883/Q                  -       A->Q  R     AND2HDX1       2  19.6   237   507    3161    (-,-) 
  g26382__5122/Q                  -       B->Q  R     AND3HDX0       2  18.3   424   697    3858    (-,-) 
  g26105__5122/Q                  -       A->Q  R     AND2HDX0       1  18.4   414   612    4469    (-,-) 
  g26029__6161/Q                  -       A->Q  F     EO2HDX1        1  15.5   333   689    5158    (-,-) 
  g26016__1705/Q                  -       A->Q  R     NO2HDX1        1  12.3   363   401    5559    (-,-) 
  u_core_u_fifo_rd_ptr_q_reg[5]/D -       -     R     DFRRQHDX1      1     -     -     0    5559    (-,-) 
#---------------------------------------------------------------------------------------------------------


