MPTDC high-fanout net audit
===========================
Generated: 2026-06-09 12:55:38 CEST
Threshold: fanout >= 20

Fanout     Net                                                                              Driver
--------------------------------------------------------------------------------------------------------------------------------------------
4859       clk_sys                                                                          clk_sys
160        n_263                                                                            g80842/Q
154        n_273                                                                            g80830/Q
132        u_core_u_stop_epoch_capture_n_392_BAR                                            g44968/Q
129        n_264                                                                            drc_bufs83102/Q
128        n_258                                                                            g80752/Q
128        n_259                                                                            g80844/Q
128        n_260                                                                            g80757/Q
128        n_262                                                                            g80777/Q
128        n_266                                                                            g80710/Q
128        n_267                                                                            g80819/Q
128        n_269                                                                            g80740/Q
128        n_271                                                                            g80794/Q
128        n_272                                                                            g80737/Q
127        n_270                                                                            g80823/Q
122        n_265                                                                            drc_bufs83101/Q
99         n_184                                                                            g82079/Q
97         n_254                                                                            g82099/Q
97         n_255                                                                            g82084/Q
96         n_154                                                                            g81941/Q
93         rst_core_n                                                                       u_rst_core_sync/drc_bufs/Q
93         n_183                                                                            g82100/Q
89         u_core_fast_phase[0]                                                             u_core_u_phase_buf_fast/gen_phase_buf[0].u_drv/Q
89         n_1849                                                                           g80786/Q
89         n_1850                                                                           g80744/Q
87         u_core_fast_phase[1]                                                             u_core_u_phase_buf_fast/gen_phase_buf[1].u_drv/Q
87         u_core_fast_phase[2]                                                             u_core_u_phase_buf_fast/gen_phase_buf[2].u_drv/Q
87         u_core_fast_phase[3]                                                             u_core_u_phase_buf_fast/gen_phase_buf[3].u_drv/Q
87         u_core_fast_phase[4]                                                             u_core_u_phase_buf_fast/gen_phase_buf[4].u_drv/Q
87         u_core_fast_phase[5]                                                             u_core_u_phase_buf_fast/gen_phase_buf[5].u_drv/Q
87         u_core_fast_phase[6]                                                             u_core_u_phase_buf_fast/gen_phase_buf[6].u_drv/Q
87         u_core_fast_phase[7]                                                             u_core_u_phase_buf_fast/gen_phase_buf[7].u_drv/Q
83         n_159                                                                            g81965/Q
81         n_157                                                                            g81873/Q
81         n_517                                                                            g81856/Q
81         n_518                                                                            g81912/Q
76         n_417                                                                            g81913/Q
75         n_148                                                                            g81836/Q
73         u_core_slow_phase[0]                                                             u_core_u_phase_buf_slow/gen_phase_buf[0].u_drv/Q
70         n_10183                                                                          g14/Q
69         n_7008                                                                           g44945/Q
67         n_134                                                                            g81967/Q
64         u_core_meas_pd_clear                                                             drc_bufs45785/Q
64         n_155                                                                            g81963/Q
64         n_156                                                                            g81964/Q
64         n_158                                                                            g81833/Q
64         n_261                                                                            g80782/Q
64         n_268                                                                            g80725/Q
56         n_6738                                                                           g44964/Q
53         n_10210                                                                          g501/Q
50         u_core_drain_fifo_wr_data[hit][event_seq][0]                                     u_core_u_drain_ctrl_pending_wr_data_q_reg[hit][event_seq][0]/Q
50         u_core_drain_fifo_wr_data[hit][event_seq][1]                                     u_core_u_drain_ctrl_pending_wr_data_q_reg[hit][event_seq][1]/Q
50         u_core_drain_fifo_wr_data[hit][event_seq][2]                                     u_core_u_drain_ctrl_pending_wr_data_q_reg[hit][event_seq][2]/Q
50         u_core_drain_fifo_wr_data[hit][event_seq][3]                                     u_core_u_drain_ctrl_pending_wr_data_q_reg[hit][event_seq][3]/Q
50         u_core_drain_fifo_wr_data[hit][nf][0]                                            u_core_u_drain_ctrl_pending_wr_data_q_reg[hit][nf][0]/Q
50         u_core_drain_fifo_wr_data[hit][nf][1]                                            u_core_u_drain_ctrl_pending_wr_data_q_reg[hit][nf][1]/Q
50         u_core_drain_fifo_wr_data[hit][nf][2]                                            u_core_u_drain_ctrl_pending_wr_data_q_reg[hit][nf][2]/Q
50         u_core_drain_fifo_wr_data[hit][nfast][0]                                         u_core_u_drain_ctrl_pending_wr_data_q_reg[hit][nfast][0]/Q
50         u_core_drain_fifo_wr_data[hit][nfast][1]                                         u_core_u_drain_ctrl_pending_wr_data_q_reg[hit][nfast][1]/Q
50         u_core_drain_fifo_wr_data[hit][nfast][2]                                         u_core_u_drain_ctrl_pending_wr_data_q_reg[hit][nfast][2]/Q
50         u_core_drain_fifo_wr_data[hit][nfast][3]                                         u_core_u_drain_ctrl_pending_wr_data_q_reg[hit][nfast][3]/Q
50         u_core_drain_fifo_wr_data[hit][nfast][4]                                         u_core_u_drain_ctrl_pending_wr_data_q_reg[hit][nfast][4]/Q
50         u_core_drain_fifo_wr_data[hit][nfast][5]                                         u_core_u_drain_ctrl_pending_wr_data_q_reg[hit][nfast][5]/Q
50         u_core_drain_fifo_wr_data[hit][nfast][6]                                         u_core_u_drain_ctrl_pending_wr_data_q_reg[hit][nfast][6]/Q
50         u_core_drain_fifo_wr_data[hit][ns][0]                                            u_core_u_drain_ctrl_pending_wr_data_q_reg[hit][ns][0]/Q
50         u_core_drain_fifo_wr_data[hit][ns][1]                                            u_core_u_drain_ctrl_pending_wr_data_q_reg[hit][ns][1]/Q
50         u_core_drain_fifo_wr_data[hit][ns][2]                                            u_core_u_drain_ctrl_pending_wr_data_q_reg[hit][ns][2]/Q
50         u_core_drain_fifo_wr_data[kind][0]                                               u_core_u_drain_ctrl_pending_wr_data_q_reg[kind][0]/Q
50         u_core_drain_fifo_wr_data[meta][ctx_id][0]                                       u_core_u_drain_ctrl_pending_wr_data_q_reg[meta][ctx_id][0]/Q
50         u_core_drain_fifo_wr_data[meta][flags][closed_by_fast_maxhit]                    u_core_u_drain_ctrl_pending_wr_data_q_reg[meta][flags][closed_by_fast_maxhit]/Q
50         u_core_drain_fifo_wr_data[meta][flags][closed_by_maxhits]                        u_core_u_drain_ctrl_pending_wr_data_q_reg[meta][flags][closed_by_maxhits]/Q
50         u_core_drain_fifo_wr_data[meta][flags][closed_by_watchdog]                       u_core_u_drain_ctrl_pending_wr_data_q_reg[meta][flags][closed_by_watchdog]/Q
50         u_core_drain_fifo_wr_data[meta][hit_count][0]                                    u_core_u_drain_ctrl_pending_wr_data_q_reg[meta][hit_count][0]/Q
50         u_core_drain_fifo_wr_data[meta][hit_count][1]                                    u_core_u_drain_ctrl_pending_wr_data_q_reg[meta][hit_count][1]/Q
50         u_core_drain_fifo_wr_data[meta][hit_count][2]                                    u_core_u_drain_ctrl_pending_wr_data_q_reg[meta][hit_count][2]/Q
50         u_core_drain_fifo_wr_data[meta][hit_count][3]                                    u_core_u_drain_ctrl_pending_wr_data_q_reg[meta][hit_count][3]/Q
50         u_core_drain_fifo_wr_data[meta][nfast][0]                                        u_core_u_drain_ctrl_pending_wr_data_q_reg[meta][nfast][0]/Q
50         u_core_drain_fifo_wr_data[meta][nfast][1]                                        u_core_u_drain_ctrl_pending_wr_data_q_reg[meta][nfast][1]/Q
50         u_core_drain_fifo_wr_data[meta][nfast][2]                                        u_core_u_drain_ctrl_pending_wr_data_q_reg[meta][nfast][2]/Q
50         u_core_drain_fifo_wr_data[meta][nfast][3]                                        u_core_u_drain_ctrl_pending_wr_data_q_reg[meta][nfast][3]/Q
50         u_core_drain_fifo_wr_data[meta][nfast][4]                                        u_core_u_drain_ctrl_pending_wr_data_q_reg[meta][nfast][4]/Q
50         u_core_drain_fifo_wr_data[meta][nfast][5]                                        u_core_u_drain_ctrl_pending_wr_data_q_reg[meta][nfast][5]/Q
50         u_core_drain_fifo_wr_data[meta][nfast][6]                                        u_core_u_drain_ctrl_pending_wr_data_q_reg[meta][nfast][6]/Q
50         u_core_drain_fifo_wr_data[meta][nslow][0]                                        u_core_u_drain_ctrl_pending_wr_data_q_reg[meta][nslow][0]/Q
50         u_core_drain_fifo_wr_data[meta][nslow][1]                                        u_core_u_drain_ctrl_pending_wr_data_q_reg[meta][nslow][1]/Q
50         u_core_drain_fifo_wr_data[meta][nslow][2]                                        u_core_u_drain_ctrl_pending_wr_data_q_reg[meta][nslow][2]/Q
50         u_core_drain_fifo_wr_data[meta][nslow][3]                                        u_core_u_drain_ctrl_pending_wr_data_q_reg[meta][nslow][3]/Q
50         u_core_drain_fifo_wr_data[meta][nslow][4]                                        u_core_u_drain_ctrl_pending_wr_data_q_reg[meta][nslow][4]/Q
50         u_core_drain_fifo_wr_data[meta][nslow][5]                                        u_core_u_drain_ctrl_pending_wr_data_q_reg[meta][nslow][5]/Q
50         u_core_drain_fifo_wr_data[meta][nslow][6]                                        u_core_u_drain_ctrl_pending_wr_data_q_reg[meta][nslow][6]/Q
50         u_core_drain_fifo_wr_data[meta][phase0_snap]                                     u_core_u_drain_ctrl_pending_wr_data_q_reg[meta][phase0_snap]/Q
50         u_core_drain_fifo_wr_data[meta][stop_slow_phase_disc][0]                         u_core_u_drain_ctrl_pending_wr_data_q_reg[meta][stop_slow_phase_disc][0]/Q
50         u_core_drain_fifo_wr_data[meta][stop_slow_phase_disc][1]                         u_core_u_drain_ctrl_pending_wr_data_q_reg[meta][stop_slow_phase_disc][1]/Q
50         u_core_drain_fifo_wr_data[meta][stop_slow_phase_disc][2]                         u_core_u_drain_ctrl_pending_wr_data_q_reg[meta][stop_slow_phase_disc][2]/Q
48         n_150                                                                            g81898/Q
48         n_151                                                                            g81842/Q
48         n_152                                                                            g81861/Q
48         n_153                                                                            g81959/Q
48         n_1975                                                                           g82068/Q
45         n_772                                                                            g80388/Q
45         n_1622                                                                           g80033/Q
45         n_1625                                                                           g80034/Q
45         n_1628                                                                           g80035/Q
45         n_1631                                                                           g80036/Q
45         n_1634                                                                           g80038/Q
45         n_1637                                                                           g80039/Q
45         n_1640                                                                           g80040/Q
45         n_1643                                                                           g80030/Q
45         n_1646                                                                           g80051/Q
45         n_1649                                                                           g80056/Q
45         n_1652                                                                           g80058/Q
45         n_1655                                                                           g80057/Q
45         n_1658                                                                           g80059/Q
45         n_1661                                                                           g80060/Q
45         n_1664                                                                           g80048/Q
45         n_1667                                                                           g80049/Q
45         n_1670                                                                           g80061/Q
45         n_1673                                                                           g80050/Q
45         n_1676                                                                           g80052/Q
45         n_1679                                                                           g80053/Q
45         n_1682                                                                           g80054/Q
45         n_1685                                                                           g80055/Q
45         n_1688                                                                           g80037/Q
45         n_1691                                                                           g80041/Q
45         n_1694                                                                           g80042/Q
45         n_1697                                                                           g80047/Q
45         n_1700                                                                           g80043/Q
45         n_1703                                                                           g80044/Q
45         n_1706                                                                           g80045/Q
45         n_1709                                                                           g80046/Q
45         n_1712                                                                           g80031/Q
45         n_1715                                                                           g80032/Q
44         u_core_u_fifo_n_8287                                                             g83367/Q
44         u_core_u_fifo_n_8288                                                             g83394/Q
44         n_189                                                                            drc_bufs82915/Q
44         n_190                                                                            drc_bufs82876/Q
44         n_192                                                                            drc_bufs82785/Q
44         n_193                                                                            drc_bufs82772/Q
44         n_195                                                                            drc_bufs82759/Q
44         n_197                                                                            drc_bufs82746/Q
44         n_199                                                                            drc_bufs82733/Q
44         n_201                                                                            drc_bufs82720/Q
44         n_203                                                                            drc_bufs83045/Q
44         n_205                                                                            drc_bufs82993/Q
44         n_207                                                                            drc_bufs83058/Q
44         n_209                                                                            drc_bufs82980/Q
44         n_211                                                                            drc_bufs83071/Q
44         n_213                                                                            drc_bufs82967/Q
44         n_215                                                                            drc_bufs82707/Q
44         n_217                                                                            drc_bufs82694/Q
44         n_219                                                                            drc_bufs83032/Q
44         n_221                                                                            drc_bufs82954/Q
44         n_223                                                                            drc_bufs83084/Q
44         n_225                                                                            drc_bufs83006/Q
44         n_227                                                                            drc_bufs83097/Q
44         n_229                                                                            drc_bufs83019/Q
44         n_231                                                                            drc_bufs82798/Q
44         n_233                                                                            drc_bufs82850/Q
44         n_235                                                                            drc_bufs82941/Q
44         n_237                                                                            drc_bufs82902/Q
44         n_239                                                                            drc_bufs82863/Q
44         n_241                                                                            drc_bufs82837/Q
44         n_243                                                                            drc_bufs82824/Q
44         n_245                                                                            drc_bufs82811/Q
44         n_247                                                                            drc_bufs82928/Q
44         n_249                                                                            drc_bufs82889/Q
44         n_771                                                                            g80392/Q
44         n_1624                                                                           g76746/Q
44         n_1627                                                                           g76821/Q
44         n_1630                                                                           g76751/Q
44         n_1633                                                                           g76826/Q
44         n_1636                                                                           g76871/Q
44         n_1639                                                                           g76831/Q
44         n_1642                                                                           g76756/Q
44         n_1645                                                                           g76841/Q
44         n_1648                                                                           g76761/Q
44         n_1651                                                                           g76846/Q
44         n_1654                                                                           g76766/Q
44         n_1657                                                                           g76851/Q
44         n_1660                                                                           g76771/Q
44         n_1663                                                                           g76856/Q
44         n_1666                                                                           g76776/Q
44         n_1669                                                                           g76861/Q
44         n_1672                                                                           g76781/Q
44         n_1675                                                                           g76786/Q
44         n_1678                                                                           g76866/Q
44         n_1681                                                                           g76791/Q
44         n_1684                                                                           g76716/Q
44         n_1687                                                                           g76796/Q
44         n_1690                                                                           g76721/Q
44         n_1693                                                                           g76801/Q
44         n_1696                                                                           g76726/Q
44         n_1699                                                                           g76806/Q
44         n_1702                                                                           g76731/Q
44         n_1705                                                                           g76811/Q
44         n_1708                                                                           g76736/Q
44         n_1711                                                                           g76816/Q
44         n_1714                                                                           g76741/Q
44         n_1717                                                                           g76836/Q
44         n_7471                                                                           drc_bufs12798/Q

Reported 200 of 324 nets at or above threshold.
