============================================================
  Generated by:           Genus(TM) Synthesis Solution 22.13-s093_1
  Generated on:           Jun 02 2026  11:13:55 am
  Module:                 mptdc_top_asic
  Operating conditions:   slow_1_62V_125C 
  Interconnect mode:      global
  Area mode:              physical library
============================================================

Timing
--------

Analysis view       Clock       Period 
---------------------------------------
wc_view       clk_osc_fast      1567.0 
              clk_osc_fast_tap1 1567.0 
              clk_osc_fast_tap2 1567.0 
              clk_osc_fast_tap3 1567.0 
              clk_osc_fast_tap4 1567.0 
              clk_osc_fast_tap5 1567.0 
              clk_osc_fast_tap6 1567.0 
              clk_osc_fast_tap7 1567.0 
              clk_osc_slow      1667.0 
              clk_osc_slow_tap1 1667.0 
              clk_osc_slow_tap2 1667.0 
              clk_osc_slow_tap3 1667.0 
              clk_osc_slow_tap4 1667.0 
              clk_osc_slow_tap5 1667.0 
              clk_osc_slow_tap6 1667.0 
              clk_osc_slow_tap7 1667.0 
              clk_sys           6250.0 


Analysis        Cost        Critical              Violating 
  View         Group       Path Slack     TNS       Paths   
------------------------------------------------------------
wc_view       clk_osc_fast    -1407.5  -100903.8         88 
         clk_osc_fast_tap1    -1407.5  -101685.3         87 
         clk_osc_fast_tap2    -1407.5  -101616.7         87 
         clk_osc_fast_tap3    -1407.5  -101205.1         87 
         clk_osc_fast_tap4    -1407.5  -101616.7         87 
         clk_osc_fast_tap5    -1407.5  -101445.2         87 
         clk_osc_fast_tap6    -1407.5  -101067.9         87 
         clk_osc_fast_tap7    -1373.2  -100004.6         87 
              clk_osc_slow     -114.9    -4094.3         64 
         clk_osc_slow_tap1   No paths        0.0          0 
         clk_osc_slow_tap2   No paths        0.0          0 
         clk_osc_slow_tap3   No paths        0.0          0 
         clk_osc_slow_tap4   No paths        0.0          0 
         clk_osc_slow_tap5   No paths        0.0          0 
         clk_osc_slow_tap6   No paths        0.0          0 
         clk_osc_slow_tap7   No paths        0.0          0 
                   clk_sys    -1423.4  -221583.5       1241 
                   default   No paths        0.0          0 
------------------------------------------------------------
Total                                 -1035223.1       2002 
                                                            

Instance Count
--------------
Leaf Instance Count             20399 
Physical Instance count             0 
Sequential Instance Count        5697 
Combinational Instance Count    14702 
Hierarchical Instance Count        72 

Area
----
Cell Area                          578911.889
Physical Cell Area                 0.000
Total Cell Area (Cell+Physical)    578911.889
Net Area                           267112.189
Total Area (Cell+Physical+Net)     846024.078

Power
-----
Leakage Power                      9171.244 nW
Dynamic Power                      148382471.185 nW
Total Power                        148391642.429 nW

Max Fanout                         4859 (clk_sys)
Min Fanout                         0 (local_async_rst_n)
Average Fanout                     2.6
Terms to net ratio                 3.7374
Terms to instance ratio            3.7762
Runtime                            630.4133520000075 seconds
Elapsed Runtime                    624 seconds
Genus peak memory usage            2482.56 
Innovus peak memory usage          no_value 
Hostname                           lyoelectrosrv01.in2p3.fr
