============================================================
  Generated by:           Genus(TM) Synthesis Solution 22.13-s093_1
  Generated on:           Jun 02 2026  11:13:55 am
  Module:                 mptdc_top_asic
  Operating conditions:   slow_1_62V_125C 
  Interconnect mode:      global
  Area mode:              physical library
============================================================


Path 1: VIOLATED (-1423 ps) Setup Check with Pin u_core_u_drain_ctrl_pd_scan_q_reg[5]/C->D
           View: wc_view
          Group: clk_sys
     Startpoint: (R) u_core_u_drain_ctrl_drain_ctx_q_reg[0]/C
          Clock: (R) clk_sys
       Endpoint: (F) u_core_u_drain_ctrl_pd_scan_q_reg[5]/D
          Clock: (R) clk_sys

                     Capture       Launch     
        Clock Edge:+    6250            0     
       Src Latency:+       0            0     
       Net Latency:+       0 (I)        0 (I) 
           Arrival:=    6250            0     
                                              
             Setup:-     690                  
       Uncertainty:-     300                  
     Required Time:=    5260                  
      Launch Clock:-       0                  
         Data Path:-    6684                  
             Slack:=   -1423                  

#------------------------------------------------------------------------------------------------------------------
#              Timing Point                Flags   Arc   Edge   Cell     Fanout  Load Trans Delay Arrival Instance 
#                                                                                (fF)  (ps)  (ps)   (ps)  Location 
#------------------------------------------------------------------------------------------------------------------
  u_core_u_drain_ctrl_drain_ctx_q_reg[0]/C -       -     R     (arrival)   4859     -   150     0       0    (-,-) 
  u_core_u_drain_ctrl_drain_ctx_q_reg[0]/Q -       C->Q  F     DFRSHDX2       2  52.7   320  1150    1150    (-,-) 
  fopt664/Q                                -       A->Q  F     BUHDX6         6 191.2   256   511    1661    (-,-) 
  fopt661/Q                                -       A->Q  F     BUHDX6         7 116.3   174   414    2075    (-,-) 
  fopt641/Q                                -       A->Q  R     INHDX3         2  25.2   126   150    2225    (-,-) 
  g123836/Q                                -       D->Q  F     ON22HDX2       1  13.7    80   537    2762    (-,-) 
  g245/Q                                   -       B->Q  R     AN22HDX1       1  13.1   499   514    3276    (-,-) 
  g219/Q                                   -       B->Q  R     AND4HDX1       1  15.4   224   622    3897    (-,-) 
  g216/Q                                   -       C->Q  R     AND4HDX2       1  35.4   261   719    4616    (-,-) 
  g214/Q                                   -       B->Q  F     NA2HDX4        2  37.4   156   190    4807    (-,-) 
  g201290/Q                                -       AN->Q F     NA2I1HDX4      2  69.5   276   410    5217    (-,-) 
  g191659/Q                                -       D->Q  R     NA4I3HDX4      3  36.6   219   285    5502    (-,-) 
  g191624/Q                                -       A->Q  R     OR2HDX2        2  40.9   238   444    5946    (-,-) 
  fopt203750/Q                             -       A->Q  F     INHDX3         3  49.5   167   211    6158    (-,-) 
  g191571/Q                                -       A->Q  R     NA4HDX2        1  14.2   319   254    6411    (-,-) 
  g191430/Q                                -       C->Q  F     ON21HDX1       1  11.2   204   272    6684    (-,-) 
  u_core_u_drain_ctrl_pd_scan_q_reg[5]/D   -       -     F     DFRSHDX1       1     -     -     0    6684    (-,-) 
#------------------------------------------------------------------------------------------------------------------



Path 2: VIOLATED (-1408 ps) Setup Check with Pin u_core_gen_pd_row[7].gen_pd_col[6].u_pd/nfast_hit_latched_reg[6]/C->D
           View: wc_view
          Group: clk_osc_fast_tap6
     Startpoint: (R) u_core_gen_pd_row[7].gen_pd_col[6].u_pd/hit_latched_reg/C
          Clock: (R) clk_osc_fast_tap6
       Endpoint: (F) u_core_gen_pd_row[7].gen_pd_col[6].u_pd/nfast_hit_latched_reg[6]/D
          Clock: (R) clk_osc_fast_tap6

                     Capture       Launch     
        Clock Edge:+    2155          588     
       Src Latency:+       0            0     
       Net Latency:+       0 (I)        0 (I) 
           Arrival:=    2155          588     
                                              
             Setup:-     679                  
       Uncertainty:-      50                  
     Required Time:=    1426                  
      Launch Clock:-     588                  
         Data Path:-    2246                  
             Slack:=   -1408                  

#-------------------------------------------------------------------------------------------------------------------------------------------
#                           Timing Point                             Flags   Arc   Edge   Cell     Fanout Load Trans Delay Arrival Instance 
#                                                                                                         (fF)  (ps)  (ps)   (ps)  Location 
#-------------------------------------------------------------------------------------------------------------------------------------------
  u_core_gen_pd_row[7].gen_pd_col[6].u_pd/hit_latched_reg/C          -       -     R     (arrival)     87    -   150     0     588    (-,-) 
  u_core_gen_pd_row[7].gen_pd_col[6].u_pd/hit_latched_reg/Q          -       C->Q  F     DFRRQHDX1      2 29.4   305  1062    1650    (-,-) 
  u_core_gen_pd_row[7].gen_pd_col[6].u_pd/g1109/Q                    -       AN->Q F     NA2I1HDX4      8 76.0   255   484    2134    (-,-) 
  u_core_gen_pd_row[7].gen_pd_col[6].u_pd/g1104/Q                    -       A->Q  R     NA2HDX0        1 14.2   383   400    2534    (-,-) 
  u_core_gen_pd_row[7].gen_pd_col[6].u_pd/g1092/Q                    -       C->Q  F     ON21HDX1       1 12.3   224   299    2833    (-,-) 
  u_core_gen_pd_row[7].gen_pd_col[6].u_pd/nfast_hit_latched_reg[6]/D -       -     F     DFRRQHDX1      1    -     -     0    2834    (-,-) 
#-------------------------------------------------------------------------------------------------------------------------------------------



Path 3: VIOLATED (-1408 ps) Setup Check with Pin u_core_gen_pd_row[7].gen_pd_col[6].u_pd/nfast_hit_latched_reg[3]/C->D
           View: wc_view
          Group: clk_osc_fast_tap6
     Startpoint: (R) u_core_gen_pd_row[7].gen_pd_col[6].u_pd/hit_latched_reg/C
          Clock: (R) clk_osc_fast_tap6
       Endpoint: (F) u_core_gen_pd_row[7].gen_pd_col[6].u_pd/nfast_hit_latched_reg[3]/D
          Clock: (R) clk_osc_fast_tap6

                     Capture       Launch     
        Clock Edge:+    2155          588     
       Src Latency:+       0            0     
       Net Latency:+       0 (I)        0 (I) 
           Arrival:=    2155          588     
                                              
             Setup:-     679                  
       Uncertainty:-      50                  
     Required Time:=    1426                  
      Launch Clock:-     588                  
         Data Path:-    2246                  
             Slack:=   -1408                  

#-------------------------------------------------------------------------------------------------------------------------------------------
#                           Timing Point                             Flags   Arc   Edge   Cell     Fanout Load Trans Delay Arrival Instance 
#                                                                                                         (fF)  (ps)  (ps)   (ps)  Location 
#-------------------------------------------------------------------------------------------------------------------------------------------
  u_core_gen_pd_row[7].gen_pd_col[6].u_pd/hit_latched_reg/C          -       -     R     (arrival)     87    -   150     0     588    (-,-) 
  u_core_gen_pd_row[7].gen_pd_col[6].u_pd/hit_latched_reg/Q          -       C->Q  F     DFRRQHDX1      2 29.4   305  1062    1650    (-,-) 
  u_core_gen_pd_row[7].gen_pd_col[6].u_pd/g1109/Q                    -       AN->Q F     NA2I1HDX4      8 76.0   255   484    2134    (-,-) 
  u_core_gen_pd_row[7].gen_pd_col[6].u_pd/g1096/Q                    -       A->Q  R     NA2HDX0        1 14.2   383   400    2534    (-,-) 
  u_core_gen_pd_row[7].gen_pd_col[6].u_pd/g1086/Q                    -       C->Q  F     ON21HDX1       1 12.3   224   299    2833    (-,-) 
  u_core_gen_pd_row[7].gen_pd_col[6].u_pd/nfast_hit_latched_reg[3]/D -       -     F     DFRRQHDX1      1    -     -     0    2834    (-,-) 
#-------------------------------------------------------------------------------------------------------------------------------------------



Path 4: VIOLATED (-1408 ps) Setup Check with Pin u_core_gen_pd_row[7].gen_pd_col[6].u_pd/nfast_hit_latched_reg[4]/C->D
           View: wc_view
          Group: clk_osc_fast_tap6
     Startpoint: (R) u_core_gen_pd_row[7].gen_pd_col[6].u_pd/hit_latched_reg/C
          Clock: (R) clk_osc_fast_tap6
       Endpoint: (F) u_core_gen_pd_row[7].gen_pd_col[6].u_pd/nfast_hit_latched_reg[4]/D
          Clock: (R) clk_osc_fast_tap6

                     Capture       Launch     
        Clock Edge:+    2155          588     
       Src Latency:+       0            0     
       Net Latency:+       0 (I)        0 (I) 
           Arrival:=    2155          588     
                                              
             Setup:-     679                  
       Uncertainty:-      50                  
     Required Time:=    1426                  
      Launch Clock:-     588                  
         Data Path:-    2246                  
             Slack:=   -1408                  

#-------------------------------------------------------------------------------------------------------------------------------------------
#                           Timing Point                             Flags   Arc   Edge   Cell     Fanout Load Trans Delay Arrival Instance 
#                                                                                                         (fF)  (ps)  (ps)   (ps)  Location 
#-------------------------------------------------------------------------------------------------------------------------------------------
  u_core_gen_pd_row[7].gen_pd_col[6].u_pd/hit_latched_reg/C          -       -     R     (arrival)     87    -   150     0     588    (-,-) 
  u_core_gen_pd_row[7].gen_pd_col[6].u_pd/hit_latched_reg/Q          -       C->Q  F     DFRRQHDX1      2 29.4   305  1062    1650    (-,-) 
  u_core_gen_pd_row[7].gen_pd_col[6].u_pd/g1109/Q                    -       AN->Q F     NA2I1HDX4      8 76.0   255   484    2134    (-,-) 
  u_core_gen_pd_row[7].gen_pd_col[6].u_pd/g1099/Q                    -       A->Q  R     NA2HDX0        1 14.2   383   400    2534    (-,-) 
  u_core_gen_pd_row[7].gen_pd_col[6].u_pd/g1089/Q                    -       C->Q  F     ON21HDX1       1 12.3   224   299    2833    (-,-) 
  u_core_gen_pd_row[7].gen_pd_col[6].u_pd/nfast_hit_latched_reg[4]/D -       -     F     DFRRQHDX1      1    -     -     0    2834    (-,-) 
#-------------------------------------------------------------------------------------------------------------------------------------------



Path 5: VIOLATED (-1408 ps) Setup Check with Pin u_core_gen_pd_row[7].gen_pd_col[6].u_pd/nfast_hit_latched_reg[0]/C->D
           View: wc_view
          Group: clk_osc_fast_tap6
     Startpoint: (R) u_core_gen_pd_row[7].gen_pd_col[6].u_pd/hit_latched_reg/C
          Clock: (R) clk_osc_fast_tap6
       Endpoint: (F) u_core_gen_pd_row[7].gen_pd_col[6].u_pd/nfast_hit_latched_reg[0]/D
          Clock: (R) clk_osc_fast_tap6

                     Capture       Launch     
        Clock Edge:+    2155          588     
       Src Latency:+       0            0     
       Net Latency:+       0 (I)        0 (I) 
           Arrival:=    2155          588     
                                              
             Setup:-     679                  
       Uncertainty:-      50                  
     Required Time:=    1426                  
      Launch Clock:-     588                  
         Data Path:-    2246                  
             Slack:=   -1408                  

#-------------------------------------------------------------------------------------------------------------------------------------------
#                           Timing Point                             Flags   Arc   Edge   Cell     Fanout Load Trans Delay Arrival Instance 
#                                                                                                         (fF)  (ps)  (ps)   (ps)  Location 
#-------------------------------------------------------------------------------------------------------------------------------------------
  u_core_gen_pd_row[7].gen_pd_col[6].u_pd/hit_latched_reg/C          -       -     R     (arrival)     87    -   150     0     588    (-,-) 
  u_core_gen_pd_row[7].gen_pd_col[6].u_pd/hit_latched_reg/Q          -       C->Q  F     DFRRQHDX1      2 29.4   305  1062    1650    (-,-) 
  u_core_gen_pd_row[7].gen_pd_col[6].u_pd/g1109/Q                    -       AN->Q F     NA2I1HDX4      8 76.0   255   484    2134    (-,-) 
  u_core_gen_pd_row[7].gen_pd_col[6].u_pd/g1103/Q                    -       A->Q  R     NA2HDX0        1 14.2   383   400    2534    (-,-) 
  u_core_gen_pd_row[7].gen_pd_col[6].u_pd/g1093/Q                    -       C->Q  F     ON21HDX1       1 12.3   224   299    2833    (-,-) 
  u_core_gen_pd_row[7].gen_pd_col[6].u_pd/nfast_hit_latched_reg[0]/D -       -     F     DFRRQHDX1      1    -     -     0    2834    (-,-) 
#-------------------------------------------------------------------------------------------------------------------------------------------



Path 6: VIOLATED (-1408 ps) Setup Check with Pin u_core_gen_pd_row[7].gen_pd_col[6].u_pd/nfast_hit_latched_reg[1]/C->D
           View: wc_view
          Group: clk_osc_fast_tap6
     Startpoint: (R) u_core_gen_pd_row[7].gen_pd_col[6].u_pd/hit_latched_reg/C
          Clock: (R) clk_osc_fast_tap6
       Endpoint: (F) u_core_gen_pd_row[7].gen_pd_col[6].u_pd/nfast_hit_latched_reg[1]/D
          Clock: (R) clk_osc_fast_tap6

                     Capture       Launch     
        Clock Edge:+    2155          588     
       Src Latency:+       0            0     
       Net Latency:+       0 (I)        0 (I) 
           Arrival:=    2155          588     
                                              
             Setup:-     679                  
       Uncertainty:-      50                  
     Required Time:=    1426                  
      Launch Clock:-     588                  
         Data Path:-    2246                  
             Slack:=   -1408                  

#-------------------------------------------------------------------------------------------------------------------------------------------
#                           Timing Point                             Flags   Arc   Edge   Cell     Fanout Load Trans Delay Arrival Instance 
#                                                                                                         (fF)  (ps)  (ps)   (ps)  Location 
#-------------------------------------------------------------------------------------------------------------------------------------------
  u_core_gen_pd_row[7].gen_pd_col[6].u_pd/hit_latched_reg/C          -       -     R     (arrival)     87    -   150     0     588    (-,-) 
  u_core_gen_pd_row[7].gen_pd_col[6].u_pd/hit_latched_reg/Q          -       C->Q  F     DFRRQHDX1      2 29.4   305  1062    1650    (-,-) 
  u_core_gen_pd_row[7].gen_pd_col[6].u_pd/g1109/Q                    -       AN->Q F     NA2I1HDX4      8 76.0   255   484    2134    (-,-) 
  u_core_gen_pd_row[7].gen_pd_col[6].u_pd/g1098/Q                    -       A->Q  R     NA2HDX0        1 14.2   383   400    2534    (-,-) 
  u_core_gen_pd_row[7].gen_pd_col[6].u_pd/g1088/Q                    -       C->Q  F     ON21HDX1       1 12.3   224   299    2833    (-,-) 
  u_core_gen_pd_row[7].gen_pd_col[6].u_pd/nfast_hit_latched_reg[1]/D -       -     F     DFRRQHDX1      1    -     -     0    2834    (-,-) 
#-------------------------------------------------------------------------------------------------------------------------------------------



Path 7: VIOLATED (-1408 ps) Setup Check with Pin u_core_gen_pd_row[7].gen_pd_col[5].u_pd/nfast_hit_latched_reg[6]/C->D
           View: wc_view
          Group: clk_osc_fast_tap5
     Startpoint: (R) u_core_gen_pd_row[7].gen_pd_col[5].u_pd/hit_latched_reg/C
          Clock: (R) clk_osc_fast_tap5
       Endpoint: (F) u_core_gen_pd_row[7].gen_pd_col[5].u_pd/nfast_hit_latched_reg[6]/D
          Clock: (R) clk_osc_fast_tap5

                     Capture       Launch     
        Clock Edge:+    2057          490     
       Src Latency:+       0            0     
       Net Latency:+       0 (I)        0 (I) 
           Arrival:=    2057          490     
                                              
             Setup:-     679                  
       Uncertainty:-      50                  
     Required Time:=    1328                  
      Launch Clock:-     490                  
         Data Path:-    2246                  
             Slack:=   -1408                  

#-------------------------------------------------------------------------------------------------------------------------------------------
#                           Timing Point                             Flags   Arc   Edge   Cell     Fanout Load Trans Delay Arrival Instance 
#                                                                                                         (fF)  (ps)  (ps)   (ps)  Location 
#-------------------------------------------------------------------------------------------------------------------------------------------
  u_core_gen_pd_row[7].gen_pd_col[5].u_pd/hit_latched_reg/C          -       -     R     (arrival)     87    -   150     0     490    (-,-) 
  u_core_gen_pd_row[7].gen_pd_col[5].u_pd/hit_latched_reg/Q          -       C->Q  F     DFRRQHDX1      2 29.4   305  1062    1552    (-,-) 
  u_core_gen_pd_row[7].gen_pd_col[5].u_pd/g1109/Q                    -       AN->Q F     NA2I1HDX4      8 76.0   255   484    2036    (-,-) 
  u_core_gen_pd_row[7].gen_pd_col[5].u_pd/g1104/Q                    -       A->Q  R     NA2HDX0        1 14.2   383   400    2436    (-,-) 
  u_core_gen_pd_row[7].gen_pd_col[5].u_pd/g1092/Q                    -       C->Q  F     ON21HDX1       1 12.3   224   299    2736    (-,-) 
  u_core_gen_pd_row[7].gen_pd_col[5].u_pd/nfast_hit_latched_reg[6]/D -       -     F     DFRRQHDX1      1    -     -     0    2736    (-,-) 
#-------------------------------------------------------------------------------------------------------------------------------------------



Path 8: VIOLATED (-1408 ps) Setup Check with Pin u_core_gen_pd_row[7].gen_pd_col[5].u_pd/nfast_hit_latched_reg[3]/C->D
           View: wc_view
          Group: clk_osc_fast_tap5
     Startpoint: (R) u_core_gen_pd_row[7].gen_pd_col[5].u_pd/hit_latched_reg/C
          Clock: (R) clk_osc_fast_tap5
       Endpoint: (F) u_core_gen_pd_row[7].gen_pd_col[5].u_pd/nfast_hit_latched_reg[3]/D
          Clock: (R) clk_osc_fast_tap5

                     Capture       Launch     
        Clock Edge:+    2057          490     
       Src Latency:+       0            0     
       Net Latency:+       0 (I)        0 (I) 
           Arrival:=    2057          490     
                                              
             Setup:-     679                  
       Uncertainty:-      50                  
     Required Time:=    1328                  
      Launch Clock:-     490                  
         Data Path:-    2246                  
             Slack:=   -1408                  

#-------------------------------------------------------------------------------------------------------------------------------------------
#                           Timing Point                             Flags   Arc   Edge   Cell     Fanout Load Trans Delay Arrival Instance 
#                                                                                                         (fF)  (ps)  (ps)   (ps)  Location 
#-------------------------------------------------------------------------------------------------------------------------------------------
  u_core_gen_pd_row[7].gen_pd_col[5].u_pd/hit_latched_reg/C          -       -     R     (arrival)     87    -   150     0     490    (-,-) 
  u_core_gen_pd_row[7].gen_pd_col[5].u_pd/hit_latched_reg/Q          -       C->Q  F     DFRRQHDX1      2 29.4   305  1062    1552    (-,-) 
  u_core_gen_pd_row[7].gen_pd_col[5].u_pd/g1109/Q                    -       AN->Q F     NA2I1HDX4      8 76.0   255   484    2036    (-,-) 
  u_core_gen_pd_row[7].gen_pd_col[5].u_pd/g1096/Q                    -       A->Q  R     NA2HDX0        1 14.2   383   400    2436    (-,-) 
  u_core_gen_pd_row[7].gen_pd_col[5].u_pd/g1086/Q                    -       C->Q  F     ON21HDX1       1 12.3   224   299    2736    (-,-) 
  u_core_gen_pd_row[7].gen_pd_col[5].u_pd/nfast_hit_latched_reg[3]/D -       -     F     DFRRQHDX1      1    -     -     0    2736    (-,-) 
#-------------------------------------------------------------------------------------------------------------------------------------------



Path 9: VIOLATED (-1408 ps) Setup Check with Pin u_core_gen_pd_row[7].gen_pd_col[5].u_pd/nfast_hit_latched_reg[4]/C->D
           View: wc_view
          Group: clk_osc_fast_tap5
     Startpoint: (R) u_core_gen_pd_row[7].gen_pd_col[5].u_pd/hit_latched_reg/C
          Clock: (R) clk_osc_fast_tap5
       Endpoint: (F) u_core_gen_pd_row[7].gen_pd_col[5].u_pd/nfast_hit_latched_reg[4]/D
          Clock: (R) clk_osc_fast_tap5

                     Capture       Launch     
        Clock Edge:+    2057          490     
       Src Latency:+       0            0     
       Net Latency:+       0 (I)        0 (I) 
           Arrival:=    2057          490     
                                              
             Setup:-     679                  
       Uncertainty:-      50                  
     Required Time:=    1328                  
      Launch Clock:-     490                  
         Data Path:-    2246                  
             Slack:=   -1408                  

#-------------------------------------------------------------------------------------------------------------------------------------------
#                           Timing Point                             Flags   Arc   Edge   Cell     Fanout Load Trans Delay Arrival Instance 
#                                                                                                         (fF)  (ps)  (ps)   (ps)  Location 
#-------------------------------------------------------------------------------------------------------------------------------------------
  u_core_gen_pd_row[7].gen_pd_col[5].u_pd/hit_latched_reg/C          -       -     R     (arrival)     87    -   150     0     490    (-,-) 
  u_core_gen_pd_row[7].gen_pd_col[5].u_pd/hit_latched_reg/Q          -       C->Q  F     DFRRQHDX1      2 29.4   305  1062    1552    (-,-) 
  u_core_gen_pd_row[7].gen_pd_col[5].u_pd/g1109/Q                    -       AN->Q F     NA2I1HDX4      8 76.0   255   484    2036    (-,-) 
  u_core_gen_pd_row[7].gen_pd_col[5].u_pd/g1099/Q                    -       A->Q  R     NA2HDX0        1 14.2   383   400    2436    (-,-) 
  u_core_gen_pd_row[7].gen_pd_col[5].u_pd/g1089/Q                    -       C->Q  F     ON21HDX1       1 12.3   224   299    2736    (-,-) 
  u_core_gen_pd_row[7].gen_pd_col[5].u_pd/nfast_hit_latched_reg[4]/D -       -     F     DFRRQHDX1      1    -     -     0    2736    (-,-) 
#-------------------------------------------------------------------------------------------------------------------------------------------



Path 10: VIOLATED (-1408 ps) Setup Check with Pin u_core_gen_pd_row[7].gen_pd_col[5].u_pd/nfast_hit_latched_reg[5]/C->D
           View: wc_view
          Group: clk_osc_fast_tap5
     Startpoint: (R) u_core_gen_pd_row[7].gen_pd_col[5].u_pd/hit_latched_reg/C
          Clock: (R) clk_osc_fast_tap5
       Endpoint: (F) u_core_gen_pd_row[7].gen_pd_col[5].u_pd/nfast_hit_latched_reg[5]/D
          Clock: (R) clk_osc_fast_tap5

                     Capture       Launch     
        Clock Edge:+    2057          490     
       Src Latency:+       0            0     
       Net Latency:+       0 (I)        0 (I) 
           Arrival:=    2057          490     
                                              
             Setup:-     679                  
       Uncertainty:-      50                  
     Required Time:=    1328                  
      Launch Clock:-     490                  
         Data Path:-    2246                  
             Slack:=   -1408                  

#-------------------------------------------------------------------------------------------------------------------------------------------
#                           Timing Point                             Flags   Arc   Edge   Cell     Fanout Load Trans Delay Arrival Instance 
#                                                                                                         (fF)  (ps)  (ps)   (ps)  Location 
#-------------------------------------------------------------------------------------------------------------------------------------------
  u_core_gen_pd_row[7].gen_pd_col[5].u_pd/hit_latched_reg/C          -       -     R     (arrival)     87    -   150     0     490    (-,-) 
  u_core_gen_pd_row[7].gen_pd_col[5].u_pd/hit_latched_reg/Q          -       C->Q  F     DFRRQHDX1      2 29.4   305  1062    1552    (-,-) 
  u_core_gen_pd_row[7].gen_pd_col[5].u_pd/g1109/Q                    -       AN->Q F     NA2I1HDX4      8 76.0   255   484    2036    (-,-) 
  u_core_gen_pd_row[7].gen_pd_col[5].u_pd/g1100/Q                    -       A->Q  R     NA2HDX0        1 14.2   383   400    2436    (-,-) 
  u_core_gen_pd_row[7].gen_pd_col[5].u_pd/g1090/Q                    -       C->Q  F     ON21HDX1       1 12.3   224   299    2736    (-,-) 
  u_core_gen_pd_row[7].gen_pd_col[5].u_pd/nfast_hit_latched_reg[5]/D -       -     F     DFRRQHDX1      1    -     -     0    2736    (-,-) 
#-------------------------------------------------------------------------------------------------------------------------------------------



Path 11: VIOLATED (-1408 ps) Setup Check with Pin u_core_gen_pd_row[7].gen_pd_col[5].u_pd/nfast_hit_latched_reg[2]/C->D
           View: wc_view
          Group: clk_osc_fast_tap5
     Startpoint: (R) u_core_gen_pd_row[7].gen_pd_col[5].u_pd/hit_latched_reg/C
          Clock: (R) clk_osc_fast_tap5
       Endpoint: (F) u_core_gen_pd_row[7].gen_pd_col[5].u_pd/nfast_hit_latched_reg[2]/D
          Clock: (R) clk_osc_fast_tap5

                     Capture       Launch     
        Clock Edge:+    2057          490     
       Src Latency:+       0            0     
       Net Latency:+       0 (I)        0 (I) 
           Arrival:=    2057          490     
                                              
             Setup:-     679                  
       Uncertainty:-      50                  
     Required Time:=    1328                  
      Launch Clock:-     490                  
         Data Path:-    2246                  
             Slack:=   -1408                  

#-------------------------------------------------------------------------------------------------------------------------------------------
#                           Timing Point                             Flags   Arc   Edge   Cell     Fanout Load Trans Delay Arrival Instance 
#                                                                                                         (fF)  (ps)  (ps)   (ps)  Location 
#-------------------------------------------------------------------------------------------------------------------------------------------
  u_core_gen_pd_row[7].gen_pd_col[5].u_pd/hit_latched_reg/C          -       -     R     (arrival)     87    -   150     0     490    (-,-) 
  u_core_gen_pd_row[7].gen_pd_col[5].u_pd/hit_latched_reg/Q          -       C->Q  F     DFRRQHDX1      2 29.4   305  1062    1552    (-,-) 
  u_core_gen_pd_row[7].gen_pd_col[5].u_pd/g1109/Q                    -       AN->Q F     NA2I1HDX4      8 76.0   255   484    2036    (-,-) 
  u_core_gen_pd_row[7].gen_pd_col[5].u_pd/g1097/Q                    -       A->Q  R     NA2HDX0        1 14.2   383   400    2436    (-,-) 
  u_core_gen_pd_row[7].gen_pd_col[5].u_pd/g1087/Q                    -       C->Q  F     ON21HDX1       1 12.3   224   299    2736    (-,-) 
  u_core_gen_pd_row[7].gen_pd_col[5].u_pd/nfast_hit_latched_reg[2]/D -       -     F     DFRRQHDX1      1    -     -     0    2736    (-,-) 
#-------------------------------------------------------------------------------------------------------------------------------------------



Path 12: VIOLATED (-1408 ps) Setup Check with Pin u_core_gen_pd_row[7].gen_pd_col[5].u_pd/nfast_hit_latched_reg[0]/C->D
           View: wc_view
          Group: clk_osc_fast_tap5
     Startpoint: (R) u_core_gen_pd_row[7].gen_pd_col[5].u_pd/hit_latched_reg/C
          Clock: (R) clk_osc_fast_tap5
       Endpoint: (F) u_core_gen_pd_row[7].gen_pd_col[5].u_pd/nfast_hit_latched_reg[0]/D
          Clock: (R) clk_osc_fast_tap5

                     Capture       Launch     
        Clock Edge:+    2057          490     
       Src Latency:+       0            0     
       Net Latency:+       0 (I)        0 (I) 
           Arrival:=    2057          490     
                                              
             Setup:-     679                  
       Uncertainty:-      50                  
     Required Time:=    1328                  
      Launch Clock:-     490                  
         Data Path:-    2246                  
             Slack:=   -1408                  

#-------------------------------------------------------------------------------------------------------------------------------------------
#                           Timing Point                             Flags   Arc   Edge   Cell     Fanout Load Trans Delay Arrival Instance 
#                                                                                                         (fF)  (ps)  (ps)   (ps)  Location 
#-------------------------------------------------------------------------------------------------------------------------------------------
  u_core_gen_pd_row[7].gen_pd_col[5].u_pd/hit_latched_reg/C          -       -     R     (arrival)     87    -   150     0     490    (-,-) 
  u_core_gen_pd_row[7].gen_pd_col[5].u_pd/hit_latched_reg/Q          -       C->Q  F     DFRRQHDX1      2 29.4   305  1062    1552    (-,-) 
  u_core_gen_pd_row[7].gen_pd_col[5].u_pd/g1109/Q                    -       AN->Q F     NA2I1HDX4      8 76.0   255   484    2036    (-,-) 
  u_core_gen_pd_row[7].gen_pd_col[5].u_pd/g1103/Q                    -       A->Q  R     NA2HDX0        1 14.2   383   400    2436    (-,-) 
  u_core_gen_pd_row[7].gen_pd_col[5].u_pd/g1093/Q                    -       C->Q  F     ON21HDX1       1 12.3   224   299    2736    (-,-) 
  u_core_gen_pd_row[7].gen_pd_col[5].u_pd/nfast_hit_latched_reg[0]/D -       -     F     DFRRQHDX1      1    -     -     0    2736    (-,-) 
#-------------------------------------------------------------------------------------------------------------------------------------------



Path 13: VIOLATED (-1408 ps) Setup Check with Pin u_core_gen_pd_row[7].gen_pd_col[5].u_pd/nfast_hit_latched_reg[1]/C->D
           View: wc_view
          Group: clk_osc_fast_tap5
     Startpoint: (R) u_core_gen_pd_row[7].gen_pd_col[5].u_pd/hit_latched_reg/C
          Clock: (R) clk_osc_fast_tap5
       Endpoint: (F) u_core_gen_pd_row[7].gen_pd_col[5].u_pd/nfast_hit_latched_reg[1]/D
          Clock: (R) clk_osc_fast_tap5

                     Capture       Launch     
        Clock Edge:+    2057          490     
       Src Latency:+       0            0     
       Net Latency:+       0 (I)        0 (I) 
           Arrival:=    2057          490     
                                              
             Setup:-     679                  
       Uncertainty:-      50                  
     Required Time:=    1328                  
      Launch Clock:-     490                  
         Data Path:-    2246                  
             Slack:=   -1408                  

#-------------------------------------------------------------------------------------------------------------------------------------------
#                           Timing Point                             Flags   Arc   Edge   Cell     Fanout Load Trans Delay Arrival Instance 
#                                                                                                         (fF)  (ps)  (ps)   (ps)  Location 
#-------------------------------------------------------------------------------------------------------------------------------------------
  u_core_gen_pd_row[7].gen_pd_col[5].u_pd/hit_latched_reg/C          -       -     R     (arrival)     87    -   150     0     490    (-,-) 
  u_core_gen_pd_row[7].gen_pd_col[5].u_pd/hit_latched_reg/Q          -       C->Q  F     DFRRQHDX1      2 29.4   305  1062    1552    (-,-) 
  u_core_gen_pd_row[7].gen_pd_col[5].u_pd/g1109/Q                    -       AN->Q F     NA2I1HDX4      8 76.0   255   484    2036    (-,-) 
  u_core_gen_pd_row[7].gen_pd_col[5].u_pd/g1098/Q                    -       A->Q  R     NA2HDX0        1 14.2   383   400    2436    (-,-) 
  u_core_gen_pd_row[7].gen_pd_col[5].u_pd/g1088/Q                    -       C->Q  F     ON21HDX1       1 12.3   224   299    2736    (-,-) 
  u_core_gen_pd_row[7].gen_pd_col[5].u_pd/nfast_hit_latched_reg[1]/D -       -     F     DFRRQHDX1      1    -     -     0    2736    (-,-) 
#-------------------------------------------------------------------------------------------------------------------------------------------



Path 14: VIOLATED (-1408 ps) Setup Check with Pin u_core_gen_pd_row[7].gen_pd_col[3].u_pd/nfast_hit_latched_reg[6]/C->D
           View: wc_view
          Group: clk_osc_fast_tap3
     Startpoint: (R) u_core_gen_pd_row[7].gen_pd_col[3].u_pd/hit_latched_reg/C
          Clock: (R) clk_osc_fast_tap3
       Endpoint: (F) u_core_gen_pd_row[7].gen_pd_col[3].u_pd/nfast_hit_latched_reg[6]/D
          Clock: (R) clk_osc_fast_tap3

                     Capture       Launch     
        Clock Edge:+    1861          294     
       Src Latency:+       0            0     
       Net Latency:+       0 (I)        0 (I) 
           Arrival:=    1861          294     
                                              
             Setup:-     679                  
       Uncertainty:-      50                  
     Required Time:=    1132                  
      Launch Clock:-     294                  
         Data Path:-    2246                  
             Slack:=   -1408                  

#-------------------------------------------------------------------------------------------------------------------------------------------
#                           Timing Point                             Flags   Arc   Edge   Cell     Fanout Load Trans Delay Arrival Instance 
#                                                                                                         (fF)  (ps)  (ps)   (ps)  Location 
#-------------------------------------------------------------------------------------------------------------------------------------------
  u_core_gen_pd_row[7].gen_pd_col[3].u_pd/hit_latched_reg/C          -       -     R     (arrival)     87    -   150     0     294    (-,-) 
  u_core_gen_pd_row[7].gen_pd_col[3].u_pd/hit_latched_reg/Q          -       C->Q  F     DFRRQHDX1      2 29.4   305  1062    1356    (-,-) 
  u_core_gen_pd_row[7].gen_pd_col[3].u_pd/g1109/Q                    -       AN->Q F     NA2I1HDX4      8 76.0   255   484    1840    (-,-) 
  u_core_gen_pd_row[7].gen_pd_col[3].u_pd/g1104/Q                    -       A->Q  R     NA2HDX0        1 14.2   383   400    2240    (-,-) 
  u_core_gen_pd_row[7].gen_pd_col[3].u_pd/g1092/Q                    -       C->Q  F     ON21HDX1       1 12.3   224   299    2540    (-,-) 
  u_core_gen_pd_row[7].gen_pd_col[3].u_pd/nfast_hit_latched_reg[6]/D -       -     F     DFRRQHDX1      1    -     -     0    2540    (-,-) 
#-------------------------------------------------------------------------------------------------------------------------------------------



Path 15: VIOLATED (-1408 ps) Setup Check with Pin u_core_gen_pd_row[7].gen_pd_col[3].u_pd/nfast_hit_latched_reg[3]/C->D
           View: wc_view
          Group: clk_osc_fast_tap3
     Startpoint: (R) u_core_gen_pd_row[7].gen_pd_col[3].u_pd/hit_latched_reg/C
          Clock: (R) clk_osc_fast_tap3
       Endpoint: (F) u_core_gen_pd_row[7].gen_pd_col[3].u_pd/nfast_hit_latched_reg[3]/D
          Clock: (R) clk_osc_fast_tap3

                     Capture       Launch     
        Clock Edge:+    1861          294     
       Src Latency:+       0            0     
       Net Latency:+       0 (I)        0 (I) 
           Arrival:=    1861          294     
                                              
             Setup:-     679                  
       Uncertainty:-      50                  
     Required Time:=    1132                  
      Launch Clock:-     294                  
         Data Path:-    2246                  
             Slack:=   -1408                  

#-------------------------------------------------------------------------------------------------------------------------------------------
#                           Timing Point                             Flags   Arc   Edge   Cell     Fanout Load Trans Delay Arrival Instance 
#                                                                                                         (fF)  (ps)  (ps)   (ps)  Location 
#-------------------------------------------------------------------------------------------------------------------------------------------
  u_core_gen_pd_row[7].gen_pd_col[3].u_pd/hit_latched_reg/C          -       -     R     (arrival)     87    -   150     0     294    (-,-) 
  u_core_gen_pd_row[7].gen_pd_col[3].u_pd/hit_latched_reg/Q          -       C->Q  F     DFRRQHDX1      2 29.4   305  1062    1356    (-,-) 
  u_core_gen_pd_row[7].gen_pd_col[3].u_pd/g1109/Q                    -       AN->Q F     NA2I1HDX4      8 76.0   255   484    1840    (-,-) 
  u_core_gen_pd_row[7].gen_pd_col[3].u_pd/g1096/Q                    -       A->Q  R     NA2HDX0        1 14.2   383   400    2240    (-,-) 
  u_core_gen_pd_row[7].gen_pd_col[3].u_pd/g1086/Q                    -       C->Q  F     ON21HDX1       1 12.3   224   299    2540    (-,-) 
  u_core_gen_pd_row[7].gen_pd_col[3].u_pd/nfast_hit_latched_reg[3]/D -       -     F     DFRRQHDX1      1    -     -     0    2540    (-,-) 
#-------------------------------------------------------------------------------------------------------------------------------------------



Path 16: VIOLATED (-1408 ps) Setup Check with Pin u_core_gen_pd_row[7].gen_pd_col[3].u_pd/nfast_hit_latched_reg[4]/C->D
           View: wc_view
          Group: clk_osc_fast_tap3
     Startpoint: (R) u_core_gen_pd_row[7].gen_pd_col[3].u_pd/hit_latched_reg/C
          Clock: (R) clk_osc_fast_tap3
       Endpoint: (F) u_core_gen_pd_row[7].gen_pd_col[3].u_pd/nfast_hit_latched_reg[4]/D
          Clock: (R) clk_osc_fast_tap3

                     Capture       Launch     
        Clock Edge:+    1861          294     
       Src Latency:+       0            0     
       Net Latency:+       0 (I)        0 (I) 
           Arrival:=    1861          294     
                                              
             Setup:-     679                  
       Uncertainty:-      50                  
     Required Time:=    1132                  
      Launch Clock:-     294                  
         Data Path:-    2246                  
             Slack:=   -1408                  

#-------------------------------------------------------------------------------------------------------------------------------------------
#                           Timing Point                             Flags   Arc   Edge   Cell     Fanout Load Trans Delay Arrival Instance 
#                                                                                                         (fF)  (ps)  (ps)   (ps)  Location 
#-------------------------------------------------------------------------------------------------------------------------------------------
  u_core_gen_pd_row[7].gen_pd_col[3].u_pd/hit_latched_reg/C          -       -     R     (arrival)     87    -   150     0     294    (-,-) 
  u_core_gen_pd_row[7].gen_pd_col[3].u_pd/hit_latched_reg/Q          -       C->Q  F     DFRRQHDX1      2 29.4   305  1062    1356    (-,-) 
  u_core_gen_pd_row[7].gen_pd_col[3].u_pd/g1109/Q                    -       AN->Q F     NA2I1HDX4      8 76.0   255   484    1840    (-,-) 
  u_core_gen_pd_row[7].gen_pd_col[3].u_pd/g1099/Q                    -       A->Q  R     NA2HDX0        1 14.2   383   400    2240    (-,-) 
  u_core_gen_pd_row[7].gen_pd_col[3].u_pd/g1089/Q                    -       C->Q  F     ON21HDX1       1 12.3   224   299    2540    (-,-) 
  u_core_gen_pd_row[7].gen_pd_col[3].u_pd/nfast_hit_latched_reg[4]/D -       -     F     DFRRQHDX1      1    -     -     0    2540    (-,-) 
#-------------------------------------------------------------------------------------------------------------------------------------------



Path 17: VIOLATED (-1408 ps) Setup Check with Pin u_core_gen_pd_row[7].gen_pd_col[3].u_pd/nfast_hit_latched_reg[5]/C->D
           View: wc_view
          Group: clk_osc_fast_tap3
     Startpoint: (R) u_core_gen_pd_row[7].gen_pd_col[3].u_pd/hit_latched_reg/C
          Clock: (R) clk_osc_fast_tap3
       Endpoint: (F) u_core_gen_pd_row[7].gen_pd_col[3].u_pd/nfast_hit_latched_reg[5]/D
          Clock: (R) clk_osc_fast_tap3

                     Capture       Launch     
        Clock Edge:+    1861          294     
       Src Latency:+       0            0     
       Net Latency:+       0 (I)        0 (I) 
           Arrival:=    1861          294     
                                              
             Setup:-     679                  
       Uncertainty:-      50                  
     Required Time:=    1132                  
      Launch Clock:-     294                  
         Data Path:-    2246                  
             Slack:=   -1408                  

#-------------------------------------------------------------------------------------------------------------------------------------------
#                           Timing Point                             Flags   Arc   Edge   Cell     Fanout Load Trans Delay Arrival Instance 
#                                                                                                         (fF)  (ps)  (ps)   (ps)  Location 
#-------------------------------------------------------------------------------------------------------------------------------------------
  u_core_gen_pd_row[7].gen_pd_col[3].u_pd/hit_latched_reg/C          -       -     R     (arrival)     87    -   150     0     294    (-,-) 
  u_core_gen_pd_row[7].gen_pd_col[3].u_pd/hit_latched_reg/Q          -       C->Q  F     DFRRQHDX1      2 29.4   305  1062    1356    (-,-) 
  u_core_gen_pd_row[7].gen_pd_col[3].u_pd/g1109/Q                    -       AN->Q F     NA2I1HDX4      8 76.0   255   484    1840    (-,-) 
  u_core_gen_pd_row[7].gen_pd_col[3].u_pd/g1100/Q                    -       A->Q  R     NA2HDX0        1 14.2   383   400    2240    (-,-) 
  u_core_gen_pd_row[7].gen_pd_col[3].u_pd/g1090/Q                    -       C->Q  F     ON21HDX1       1 12.3   224   299    2540    (-,-) 
  u_core_gen_pd_row[7].gen_pd_col[3].u_pd/nfast_hit_latched_reg[5]/D -       -     F     DFRRQHDX1      1    -     -     0    2540    (-,-) 
#-------------------------------------------------------------------------------------------------------------------------------------------



Path 18: VIOLATED (-1408 ps) Setup Check with Pin u_core_gen_pd_row[7].gen_pd_col[3].u_pd/nfast_hit_latched_reg[2]/C->D
           View: wc_view
          Group: clk_osc_fast_tap3
     Startpoint: (R) u_core_gen_pd_row[7].gen_pd_col[3].u_pd/hit_latched_reg/C
          Clock: (R) clk_osc_fast_tap3
       Endpoint: (F) u_core_gen_pd_row[7].gen_pd_col[3].u_pd/nfast_hit_latched_reg[2]/D
          Clock: (R) clk_osc_fast_tap3

                     Capture       Launch     
        Clock Edge:+    1861          294     
       Src Latency:+       0            0     
       Net Latency:+       0 (I)        0 (I) 
           Arrival:=    1861          294     
                                              
             Setup:-     679                  
       Uncertainty:-      50                  
     Required Time:=    1132                  
      Launch Clock:-     294                  
         Data Path:-    2246                  
             Slack:=   -1408                  

#-------------------------------------------------------------------------------------------------------------------------------------------
#                           Timing Point                             Flags   Arc   Edge   Cell     Fanout Load Trans Delay Arrival Instance 
#                                                                                                         (fF)  (ps)  (ps)   (ps)  Location 
#-------------------------------------------------------------------------------------------------------------------------------------------
  u_core_gen_pd_row[7].gen_pd_col[3].u_pd/hit_latched_reg/C          -       -     R     (arrival)     87    -   150     0     294    (-,-) 
  u_core_gen_pd_row[7].gen_pd_col[3].u_pd/hit_latched_reg/Q          -       C->Q  F     DFRRQHDX1      2 29.4   305  1062    1356    (-,-) 
  u_core_gen_pd_row[7].gen_pd_col[3].u_pd/g1109/Q                    -       AN->Q F     NA2I1HDX4      8 76.0   255   484    1840    (-,-) 
  u_core_gen_pd_row[7].gen_pd_col[3].u_pd/g1097/Q                    -       A->Q  R     NA2HDX0        1 14.2   383   400    2240    (-,-) 
  u_core_gen_pd_row[7].gen_pd_col[3].u_pd/g1087/Q                    -       C->Q  F     ON21HDX1       1 12.3   224   299    2540    (-,-) 
  u_core_gen_pd_row[7].gen_pd_col[3].u_pd/nfast_hit_latched_reg[2]/D -       -     F     DFRRQHDX1      1    -     -     0    2540    (-,-) 
#-------------------------------------------------------------------------------------------------------------------------------------------



Path 19: VIOLATED (-1408 ps) Setup Check with Pin u_core_gen_pd_row[7].gen_pd_col[3].u_pd/nfast_hit_latched_reg[0]/C->D
           View: wc_view
          Group: clk_osc_fast_tap3
     Startpoint: (R) u_core_gen_pd_row[7].gen_pd_col[3].u_pd/hit_latched_reg/C
          Clock: (R) clk_osc_fast_tap3
       Endpoint: (F) u_core_gen_pd_row[7].gen_pd_col[3].u_pd/nfast_hit_latched_reg[0]/D
          Clock: (R) clk_osc_fast_tap3

                     Capture       Launch     
        Clock Edge:+    1861          294     
       Src Latency:+       0            0     
       Net Latency:+       0 (I)        0 (I) 
           Arrival:=    1861          294     
                                              
             Setup:-     679                  
       Uncertainty:-      50                  
     Required Time:=    1132                  
      Launch Clock:-     294                  
         Data Path:-    2246                  
             Slack:=   -1408                  

#-------------------------------------------------------------------------------------------------------------------------------------------
#                           Timing Point                             Flags   Arc   Edge   Cell     Fanout Load Trans Delay Arrival Instance 
#                                                                                                         (fF)  (ps)  (ps)   (ps)  Location 
#-------------------------------------------------------------------------------------------------------------------------------------------
  u_core_gen_pd_row[7].gen_pd_col[3].u_pd/hit_latched_reg/C          -       -     R     (arrival)     87    -   150     0     294    (-,-) 
  u_core_gen_pd_row[7].gen_pd_col[3].u_pd/hit_latched_reg/Q          -       C->Q  F     DFRRQHDX1      2 29.4   305  1062    1356    (-,-) 
  u_core_gen_pd_row[7].gen_pd_col[3].u_pd/g1109/Q                    -       AN->Q F     NA2I1HDX4      8 76.0   255   484    1840    (-,-) 
  u_core_gen_pd_row[7].gen_pd_col[3].u_pd/g1103/Q                    -       A->Q  R     NA2HDX0        1 14.2   383   400    2240    (-,-) 
  u_core_gen_pd_row[7].gen_pd_col[3].u_pd/g1093/Q                    -       C->Q  F     ON21HDX1       1 12.3   224   299    2540    (-,-) 
  u_core_gen_pd_row[7].gen_pd_col[3].u_pd/nfast_hit_latched_reg[0]/D -       -     F     DFRRQHDX1      1    -     -     0    2540    (-,-) 
#-------------------------------------------------------------------------------------------------------------------------------------------



Path 20: VIOLATED (-1408 ps) Setup Check with Pin u_core_gen_pd_row[7].gen_pd_col[3].u_pd/nfast_hit_latched_reg[1]/C->D
           View: wc_view
          Group: clk_osc_fast_tap3
     Startpoint: (R) u_core_gen_pd_row[7].gen_pd_col[3].u_pd/hit_latched_reg/C
          Clock: (R) clk_osc_fast_tap3
       Endpoint: (F) u_core_gen_pd_row[7].gen_pd_col[3].u_pd/nfast_hit_latched_reg[1]/D
          Clock: (R) clk_osc_fast_tap3

                     Capture       Launch     
        Clock Edge:+    1861          294     
       Src Latency:+       0            0     
       Net Latency:+       0 (I)        0 (I) 
           Arrival:=    1861          294     
                                              
             Setup:-     679                  
       Uncertainty:-      50                  
     Required Time:=    1132                  
      Launch Clock:-     294                  
         Data Path:-    2246                  
             Slack:=   -1408                  

#-------------------------------------------------------------------------------------------------------------------------------------------
#                           Timing Point                             Flags   Arc   Edge   Cell     Fanout Load Trans Delay Arrival Instance 
#                                                                                                         (fF)  (ps)  (ps)   (ps)  Location 
#-------------------------------------------------------------------------------------------------------------------------------------------
  u_core_gen_pd_row[7].gen_pd_col[3].u_pd/hit_latched_reg/C          -       -     R     (arrival)     87    -   150     0     294    (-,-) 
  u_core_gen_pd_row[7].gen_pd_col[3].u_pd/hit_latched_reg/Q          -       C->Q  F     DFRRQHDX1      2 29.4   305  1062    1356    (-,-) 
  u_core_gen_pd_row[7].gen_pd_col[3].u_pd/g1109/Q                    -       AN->Q F     NA2I1HDX4      8 76.0   255   484    1840    (-,-) 
  u_core_gen_pd_row[7].gen_pd_col[3].u_pd/g1098/Q                    -       A->Q  R     NA2HDX0        1 14.2   383   400    2240    (-,-) 
  u_core_gen_pd_row[7].gen_pd_col[3].u_pd/g1088/Q                    -       C->Q  F     ON21HDX1       1 12.3   224   299    2540    (-,-) 
  u_core_gen_pd_row[7].gen_pd_col[3].u_pd/nfast_hit_latched_reg[1]/D -       -     F     DFRRQHDX1      1    -     -     0    2540    (-,-) 
#-------------------------------------------------------------------------------------------------------------------------------------------


