###############################################################
#  Generated by:      Cadence Innovus 22.33-s094_1
#  OS:                Linux x86_64(Host ID lyoelectrosrv01.in2p3.fr)
#  Generated on:      Fri Aug 28 12:14:21 2026
#  Design:            mptdc_axis_core
#  Command:           verifyConnectivity -type special -nets {VDD VSS} -report /sim/ksabra/SPADMIC_work/innovus/20260828_mptdc_tie1_filler_master_recycle_trial_121319/reports/tie1_trial_final_verify_connectivity_special_detailed.rpt > /sim/ksabra/SPADMIC_work/innovus/20260828_mptdc_tie1_filler_master_recycle_trial_121319/reports/tie1_trial_final_verify_connectivity_special_detailed.console.rpt
###############################################################
Verify Connectivity Report is created on Fri Aug 28 12:14:21 2026



Net VDD: dangling Wire at (240.800, 692.160) (240.800, 692.160) on layer: MET1
Net VDD: dangling Wire at (240.800, 683.200) (240.800, 683.200) on layer: MET1
Net VDD: dangling Wire at (240.800, 199.360) (240.800, 199.360) on layer: MET1
Net VDD: dangling Wire at (240.800, 190.400) (240.800, 190.400) on layer: MET1
Net VDD: dangling Wire at (221.750, 681.160) (221.750, 681.160) on layer: MET3
Net VDD: dangling Wire at (221.750, 201.160) (221.750, 201.160) on layer: MET3
Net VDD: dangling Wire at (48.000, 681.160) (48.000, 681.160) on layer: MET3
Net VDD: dangling Wire at (48.000, 201.160) (48.000, 201.160) on layer: MET3
Net VDD: dangling Wire at (121.160, 233.620) (121.160, 233.620) on layer: METTP
Net VDD: dangling Wire at (121.160, 648.320) (121.160, 648.320) on layer: METTP
Net VSS: dangling Wire at (240.800, 696.640) (240.800, 696.640) on layer: MET1
Net VSS: dangling Wire at (240.800, 687.680) (240.800, 687.680) on layer: MET1
Net VSS: dangling Wire at (240.800, 678.720) (240.800, 678.720) on layer: MET1
Net VSS: dangling Wire at (240.800, 203.840) (240.800, 203.840) on layer: MET1
Net VSS: dangling Wire at (240.800, 194.880) (240.800, 194.880) on layer: MET1
Net VSS: dangling Wire at (240.800, 185.920) (240.800, 185.920) on layer: MET1
Net VSS: dangling Wire at (221.750, 685.160) (221.750, 685.160) on layer: MET3
Net VSS: dangling Wire at (221.750, 205.160) (221.750, 205.160) on layer: MET3
Net VSS: dangling Wire at (48.000, 685.160) (48.000, 685.160) on layer: MET3
Net VSS: dangling Wire at (48.000, 205.160) (48.000, 205.160) on layer: MET3
Net VSS: dangling Wire at (125.160, 233.620) (125.160, 233.620) on layer: METTP
Net VSS: dangling Wire at (125.160, 648.320) (125.160, 648.320) on layer: METTP
Net VSS: dangling Wire at (125.160, 721.750) (125.160, 721.750) on layer: METTP
Net VSS: dangling Wire at (205.160, 158.320) (205.160, 158.320) on layer: METTP
Net VSS: dangling Wire at (125.160, 158.320) (125.160, 158.320) on layer: METTP

Begin Summary
    25 Problem(s) (IMPVFC-94): The net has dangling wire(s).
    25 total info(s) created.
End Summary
