# Excerpt from /sim/ksabra/SPADMIC_work/genus/genus_matrix_ooc_clean_20260630_1222/position_snapshot/reports/timing/report_timing_post_generic.rpt
# First 220 lines
============================================================
  Generated by:           Genus(TM) Synthesis Solution 22.13-s093_1
  Generated on:           Jun 30 2026  12:32:53 pm
  Module:                 spadmic_position_snapshot_packetizer
  Operating conditions:   typ_1_80V_25C 
  Interconnect mode:      global
  Area mode:              physical library
============================================================


Path 1: MET (2202 ps) Setup Check with Pin u_y_cluster_scan/chunk_q_reg[1][clusters][cluster0][hi][1]/clk->d
          Group: clk_sys
     Startpoint: (R) u_y_cluster_scan/gap_threshold_q_reg[6]/clk
          Clock: (R) clk_sys
       Endpoint: (R) u_y_cluster_scan/chunk_q_reg[1][clusters][cluster0][hi][1]/d
          Clock: (R) clk_sys

                     Capture       Launch     
        Clock Edge:+    6250            0     
       Src Latency:+       0            0     
       Net Latency:+       0 (I)        0 (I) 
           Arrival:=    6250            0     
                                              
             Setup:-     326                  
     Required Time:=    5924                  
      Launch Clock:-       0                  
         Data Path:-    3722                  
             Slack:=    2202                  

#-----------------------------------------------------------------------------------------------------------------------------------------------
#                        Timing Point                          Flags    Arc    Edge       Cell         Fanout Load Trans Delay Arrival Instance 
#                                                                                                             (fF)  (ps)  (ps)   (ps)  Location 
#-----------------------------------------------------------------------------------------------------------------------------------------------
  u_y_cluster_scan/gap_threshold_q_reg[6]/clk                  -       -       R     (arrival)           1555    -     0     0       0    (-,-) 
  u_y_cluster_scan/gap_threshold_q_reg[6]/q                    (u)     clk->q  R     unmapped_d_flop        3 27.0     0   643     643    (-,-) 
  u_y_cluster_scan/g109986/z                                   (u)     in_0->z R     unmapped_or2           4 36.0     0   148     791    (-,-) 
  u_y_cluster_scan/g117028/z                                   (u)     in_1->z R     unmapped_or2          19 45.0     0   227    1018    (-,-) 
  u_y_cluster_scan/g120671/z                                   (u)     in_1->z R     unmapped_or2          24 45.0     0   227    1245    (-,-) 
  u_y_cluster_scan/g109959/z                                   (u)     in_0->z R     unmapped_or2          64 36.0     0   255    1500    (-,-) 
  u_y_cluster_scan/g119865/z                                   (u)     in_0->z F     unmapped_nand2         3 27.6     0   133    1633    (-,-) 
  u_y_cluster_scan/g121613/z                                   (u)     in_1->z R     unmapped_complex2      1  9.0     0   100    1733    (-,-) 
  u_y_cluster_scan/g121275/z                                   (u)     in_1->z F     unmapped_complex2      1  9.2     0   100    1833    (-,-) 
  u_y_cluster_scan/g121308/z                                   (u)     in_1->z R     unmapped_complex2      3 27.0     0   133    1966    (-,-) 
  u_y_cluster_scan/g119076/z                                   (u)     in_1->z F     unmapped_nand2         1  9.2     0   100    2066    (-,-) 
  u_y_cluster_scan/g121329/z                                   (u)     in_0->z R     unmapped_complex2      2 18.0     0   119    2185    (-,-) 
  u_y_cluster_scan/g118895/z                                   (u)     in_0->z R     unmapped_complex2      3 27.0     0   133    2319    (-,-) 
  u_y_cluster_scan/g118830/z                                   (u)     in_1->z R     unmapped_complex2      1  9.0     0   100    2419    (-,-) 
  u_y_cluster_scan/g118731/z                                   (u)     in_0->z R     unmapped_or2           3 27.0     0   133    2552    (-,-) 
  u_y_cluster_scan/g121409/z                                   (u)     in_0->z F     unmapped_complex2      5 46.0     0   165    2717    (-,-) 
  u_y_cluster_scan/g121444/z                                   (u)     in_1->z F     unmapped_complex2      1  9.2     0   100    2817    (-,-) 
  u_y_cluster_scan/g112725/z                                   (u)     in_1->z R     unmapped_nand2         1  9.0     0   100    2917    (-,-) 
  u_y_cluster_scan/g121499/z                                   (u)     in_0->z F     unmapped_complex2      2 18.4     0   119    3036    (-,-) 
  u_y_cluster_scan/g121530/z                                   (u)     in_1->z R     unmapped_complex2      1  9.0     0   100    3136    (-,-) 
  u_y_cluster_scan/g117786/z                                   (u)     in_1->z R     unmapped_complex2      3 27.0     0   133    3269    (-,-) 
  u_y_cluster_scan/g117667/z                                   (u)     in_0->z R     unmapped_or2           3 27.0     0   133    3403    (-,-) 
  u_y_cluster_scan/g117641/z                                   (u)     in_1->z R     unmapped_or2           2 18.0     0   119    3522    (-,-) 
  u_y_cluster_scan/g117623/z                                   (u)     in_0->z F     unmapped_complex2      1  9.2     0   100    3622    (-,-) 
  u_y_cluster_scan/g117580/z                                   (u)     in_0->z R     unmapped_nand2         1  9.0     0   100    3722    (-,-) 
  u_y_cluster_scan/chunk_q_reg[1][clusters][cluster0][hi][1]/d -       -       R     unmapped_d_flop        1    -     -     0    3722    (-,-) 
#-----------------------------------------------------------------------------------------------------------------------------------------------

(u) : Net has unmapped pin(s).



Path 2: MET (2202 ps) Setup Check with Pin u_y_cluster_scan/chunk_q_reg[1][clusters][cluster0][hi][0]/clk->d
          Group: clk_sys
     Startpoint: (R) u_y_cluster_scan/gap_threshold_q_reg[6]/clk
          Clock: (R) clk_sys
       Endpoint: (R) u_y_cluster_scan/chunk_q_reg[1][clusters][cluster0][hi][0]/d
          Clock: (R) clk_sys

                     Capture       Launch     
        Clock Edge:+    6250            0     
       Src Latency:+       0            0     
       Net Latency:+       0 (I)        0 (I) 
           Arrival:=    6250            0     
                                              
             Setup:-     326                  
     Required Time:=    5924                  
      Launch Clock:-       0                  
         Data Path:-    3722                  
             Slack:=    2202                  

#-----------------------------------------------------------------------------------------------------------------------------------------------
#                        Timing Point                          Flags    Arc    Edge       Cell         Fanout Load Trans Delay Arrival Instance 
#                                                                                                             (fF)  (ps)  (ps)   (ps)  Location 
#-----------------------------------------------------------------------------------------------------------------------------------------------
  u_y_cluster_scan/gap_threshold_q_reg[6]/clk                  -       -       R     (arrival)           1555    -     0     0       0    (-,-) 
  u_y_cluster_scan/gap_threshold_q_reg[6]/q                    (u)     clk->q  F     unmapped_d_flop        3 27.6     0   643     643    (-,-) 
  u_y_cluster_scan/g109986/z                                   (u)     in_0->z F     unmapped_or2           4 36.8     0   148     791    (-,-) 
  u_y_cluster_scan/g117028/z                                   (u)     in_1->z F     unmapped_or2          19 46.0     0   227    1018    (-,-) 
  u_y_cluster_scan/g120671/z                                   (u)     in_1->z F     unmapped_or2          24 46.0     0   227    1245    (-,-) 
  u_y_cluster_scan/g109959/z                                   (u)     in_0->z F     unmapped_or2          64 36.8     0   255    1500    (-,-) 
  u_y_cluster_scan/g119865/z                                   (u)     in_0->z R     unmapped_nand2         3 27.0     0   133    1633    (-,-) 
  u_y_cluster_scan/g121613/z                                   (u)     in_1->z F     unmapped_complex2      1  9.2     0   100    1733    (-,-) 
  u_y_cluster_scan/g121275/z                                   (u)     in_1->z R     unmapped_complex2      1  9.0     0   100    1833    (-,-) 
  u_y_cluster_scan/g121308/z                                   (u)     in_1->z F     unmapped_complex2      3 27.6     0   133    1966    (-,-) 
  u_y_cluster_scan/g119076/z                                   (u)     in_1->z R     unmapped_nand2         1  9.0     0   100    2066    (-,-) 
  u_y_cluster_scan/g121329/z                                   (u)     in_0->z F     unmapped_complex2      2 18.4     0   119    2185    (-,-) 
  u_y_cluster_scan/g118895/z                                   (u)     in_0->z F     unmapped_complex2      3 27.6     0   133    2319    (-,-) 
  u_y_cluster_scan/g118830/z                                   (u)     in_1->z F     unmapped_complex2      1  9.2     0   100    2419    (-,-) 
  u_y_cluster_scan/g118731/z                                   (u)     in_0->z F     unmapped_or2           3 27.6     0   133    2552    (-,-) 
  u_y_cluster_scan/g121409/z                                   (u)     in_0->z R     unmapped_complex2      5 45.0     0   165    2717    (-,-) 
  u_y_cluster_scan/g121444/z                                   (u)     in_1->z R     unmapped_complex2      1  9.0     0   100    2817    (-,-) 
  u_y_cluster_scan/g112725/z                                   (u)     in_1->z F     unmapped_nand2         1  9.2     0   100    2917    (-,-) 
  u_y_cluster_scan/g121499/z                                   (u)     in_0->z R     unmapped_complex2      2 18.0     0   119    3036    (-,-) 
  u_y_cluster_scan/g121530/z                                   (u)     in_1->z F     unmapped_complex2      1  9.2     0   100    3136    (-,-) 
  u_y_cluster_scan/g117786/z                                   (u)     in_1->z F     unmapped_complex2      3 27.6     0   133    3269    (-,-) 
  u_y_cluster_scan/g117667/z                                   (u)     in_0->z F     unmapped_or2           3 27.6     0   133    3403    (-,-) 
  u_y_cluster_scan/g117641/z                                   (u)     in_1->z F     unmapped_or2           2 18.4     0   119    3522    (-,-) 
  u_y_cluster_scan/g117612/z                                   (u)     in_0->z F     unmapped_complex2      1  9.2     0   100    3622    (-,-) 
  u_y_cluster_scan/g121603/z                                   (u)     in_1->z R     unmapped_complex2      1  9.0     0   100    3722    (-,-) 
  u_y_cluster_scan/chunk_q_reg[1][clusters][cluster0][hi][0]/d -       -       R     unmapped_d_flop        1    -     -     0    3722    (-,-) 
#-----------------------------------------------------------------------------------------------------------------------------------------------

(u) : Net has unmapped pin(s).



Path 3: MET (2202 ps) Setup Check with Pin u_r_cluster_scan_chunk_q_reg[1][clusters][cluster0][hi][1]/clk->d
          Group: clk_sys
     Startpoint: (R) u_r_cluster_scan_gap_threshold_q_reg[6]/clk
          Clock: (R) clk_sys
       Endpoint: (R) u_r_cluster_scan_chunk_q_reg[1][clusters][cluster0][hi][1]/d
          Clock: (R) clk_sys

                     Capture       Launch     
        Clock Edge:+    6250            0     
       Src Latency:+       0            0     
       Net Latency:+       0 (I)        0 (I) 
           Arrival:=    6250            0     
                                              
             Setup:-     326                  
     Required Time:=    5924                  
      Launch Clock:-       0                  
         Data Path:-    3722                  
             Slack:=    2202                  

#-----------------------------------------------------------------------------------------------------------------------------------------------
#                        Timing Point                          Flags    Arc    Edge       Cell         Fanout Load Trans Delay Arrival Instance 
#                                                                                                             (fF)  (ps)  (ps)   (ps)  Location 
#-----------------------------------------------------------------------------------------------------------------------------------------------
  u_r_cluster_scan_gap_threshold_q_reg[6]/clk                  -       -       R     (arrival)           1555    -     0     0       0    (-,-) 
  u_r_cluster_scan_gap_threshold_q_reg[6]/q                    (u)     clk->q  R     unmapped_d_flop        3 27.0     0   643     643    (-,-) 
  u_r_cluster_scan_g109986/z                                   (u)     in_0->z R     unmapped_or2           4 36.0     0   148     791    (-,-) 
  u_r_cluster_scan_g117028/z                                   (u)     in_1->z R     unmapped_or2          19 45.0     0   227    1018    (-,-) 
  u_r_cluster_scan_g120671/z                                   (u)     in_1->z R     unmapped_or2          24 45.0     0   227    1245    (-,-) 
  u_r_cluster_scan_g109959/z                                   (u)     in_0->z R     unmapped_or2          64 36.0     0   255    1500    (-,-) 
  u_r_cluster_scan_g119865/z                                   (u)     in_0->z F     unmapped_nand2         3 27.6     0   133    1633    (-,-) 
  g121616/z                                                    (u)     in_1->z R     unmapped_complex2      1  9.0     0   100    1733    (-,-) 
  u_r_cluster_scan_g121275/z                                   (u)     in_1->z F     unmapped_complex2      1  9.2     0   100    1833    (-,-) 
  u_r_cluster_scan_g121308/z                                   (u)     in_1->z R     unmapped_complex2      3 27.0     0   133    1966    (-,-) 
  u_r_cluster_scan_g119076/z                                   (u)     in_1->z F     unmapped_nand2         1  9.2     0   100    2066    (-,-) 
  u_r_cluster_scan_g121329/z                                   (u)     in_0->z R     unmapped_complex2      2 18.0     0   119    2185    (-,-) 
  u_r_cluster_scan_g118895/z                                   (u)     in_0->z R     unmapped_complex2      3 27.0     0   133    2319    (-,-) 
  u_r_cluster_scan_g118830/z                                   (u)     in_1->z R     unmapped_complex2      1  9.0     0   100    2419    (-,-) 
  u_r_cluster_scan_g118731/z                                   (u)     in_0->z R     unmapped_or2           3 27.0     0   133    2552    (-,-) 
  u_r_cluster_scan_g121409/z                                   (u)     in_0->z F     unmapped_complex2      5 46.0     0   165    2717    (-,-) 
  u_r_cluster_scan_g121444/z                                   (u)     in_1->z F     unmapped_complex2      1  9.2     0   100    2817    (-,-) 
  u_r_cluster_scan_g112725/z                                   (u)     in_1->z R     unmapped_nand2         1  9.0     0   100    2917    (-,-) 
  u_r_cluster_scan_g121499/z                                   (u)     in_0->z F     unmapped_complex2      2 18.4     0   119    3036    (-,-) 
  u_r_cluster_scan_g121530/z                                   (u)     in_1->z R     unmapped_complex2      1  9.0     0   100    3136    (-,-) 
  u_r_cluster_scan_g117786/z                                   (u)     in_1->z R     unmapped_complex2      3 27.0     0   133    3269    (-,-) 
  u_r_cluster_scan_g117667/z                                   (u)     in_0->z R     unmapped_or2           3 27.0     0   133    3403    (-,-) 
  u_r_cluster_scan_g117641/z                                   (u)     in_1->z R     unmapped_or2           2 18.0     0   119    3522    (-,-) 
  u_r_cluster_scan_g117623/z                                   (u)     in_0->z F     unmapped_complex2      1  9.2     0   100    3622    (-,-) 
  u_r_cluster_scan_g117580/z                                   (u)     in_0->z R     unmapped_nand2         1  9.0     0   100    3722    (-,-) 
  u_r_cluster_scan_chunk_q_reg[1][clusters][cluster0][hi][1]/d -       -       R     unmapped_d_flop        1    -     -     0    3722    (-,-) 
#-----------------------------------------------------------------------------------------------------------------------------------------------

(u) : Net has unmapped pin(s).



Path 4: MET (2202 ps) Setup Check with Pin u_r_cluster_scan_chunk_q_reg[1][clusters][cluster0][hi][0]/clk->d
          Group: clk_sys
     Startpoint: (R) u_r_cluster_scan_gap_threshold_q_reg[6]/clk
          Clock: (R) clk_sys
       Endpoint: (R) u_r_cluster_scan_chunk_q_reg[1][clusters][cluster0][hi][0]/d
          Clock: (R) clk_sys

                     Capture       Launch     
        Clock Edge:+    6250            0     
       Src Latency:+       0            0     
       Net Latency:+       0 (I)        0 (I) 
           Arrival:=    6250            0     
                                              
             Setup:-     326                  
     Required Time:=    5924                  
      Launch Clock:-       0                  
         Data Path:-    3722                  
             Slack:=    2202                  

#-----------------------------------------------------------------------------------------------------------------------------------------------
#                        Timing Point                          Flags    Arc    Edge       Cell         Fanout Load Trans Delay Arrival Instance 
#                                                                                                             (fF)  (ps)  (ps)   (ps)  Location 
#-----------------------------------------------------------------------------------------------------------------------------------------------
  u_r_cluster_scan_gap_threshold_q_reg[6]/clk                  -       -       R     (arrival)           1555    -     0     0       0    (-,-) 
  u_r_cluster_scan_gap_threshold_q_reg[6]/q                    (u)     clk->q  F     unmapped_d_flop        3 27.6     0   643     643    (-,-) 
  u_r_cluster_scan_g109986/z                                   (u)     in_0->z F     unmapped_or2           4 36.8     0   148     791    (-,-) 
  u_r_cluster_scan_g117028/z                                   (u)     in_1->z F     unmapped_or2          19 46.0     0   227    1018    (-,-) 
  u_r_cluster_scan_g120671/z                                   (u)     in_1->z F     unmapped_or2          24 46.0     0   227    1245    (-,-) 
  u_r_cluster_scan_g109959/z                                   (u)     in_0->z F     unmapped_or2          64 36.8     0   255    1500    (-,-) 
  u_r_cluster_scan_g119865/z                                   (u)     in_0->z R     unmapped_nand2         3 27.0     0   133    1633    (-,-) 
  g121616/z                                                    (u)     in_1->z F     unmapped_complex2      1  9.2     0   100    1733    (-,-) 
  u_r_cluster_scan_g121275/z                                   (u)     in_1->z R     unmapped_complex2      1  9.0     0   100    1833    (-,-) 
  u_r_cluster_scan_g121308/z                                   (u)     in_1->z F     unmapped_complex2      3 27.6     0   133    1966    (-,-) 
  u_r_cluster_scan_g119076/z                                   (u)     in_1->z R     unmapped_nand2         1  9.0     0   100    2066    (-,-) 
  u_r_cluster_scan_g121329/z                                   (u)     in_0->z F     unmapped_complex2      2 18.4     0   119    2185    (-,-) 
  u_r_cluster_scan_g118895/z                                   (u)     in_0->z F     unmapped_complex2      3 27.6     0   133    2319    (-,-) 
  u_r_cluster_scan_g118830/z                                   (u)     in_1->z F     unmapped_complex2      1  9.2     0   100    2419    (-,-) 
  u_r_cluster_scan_g118731/z                                   (u)     in_0->z F     unmapped_or2           3 27.6     0   133    2552    (-,-) 
  u_r_cluster_scan_g121409/z                                   (u)     in_0->z R     unmapped_complex2      5 45.0     0   165    2717    (-,-) 
  u_r_cluster_scan_g121444/z                                   (u)     in_1->z R     unmapped_complex2      1  9.0     0   100    2817    (-,-) 
  u_r_cluster_scan_g112725/z                                   (u)     in_1->z F     unmapped_nand2         1  9.2     0   100    2917    (-,-) 
  u_r_cluster_scan_g121499/z                                   (u)     in_0->z R     unmapped_complex2      2 18.0     0   119    3036    (-,-) 
  u_r_cluster_scan_g121530/z                                   (u)     in_1->z F     unmapped_complex2      1  9.2     0   100    3136    (-,-) 
  u_r_cluster_scan_g117786/z                                   (u)     in_1->z F     unmapped_complex2      3 27.6     0   133    3269    (-,-) 
  u_r_cluster_scan_g117667/z                                   (u)     in_0->z F     unmapped_or2           3 27.6     0   133    3403    (-,-) 
