# Excerpt from /sim/ksabra/SPADMIC_work/genus/genus_matrix_ooc_clean_20260630_1222/position_snapshot/reports/timing/report_timing_post_map.rpt
# First 220 lines
============================================================
  Generated by:           Genus(TM) Synthesis Solution 22.13-s093_1
  Generated on:           Jun 30 2026  12:33:56 pm
  Module:                 spadmic_position_snapshot_packetizer
  Operating conditions:   typ_1_80V_25C 
  Interconnect mode:      global
  Area mode:              physical library
============================================================


Path 1: MET (119 ps) Setup Check with Pin u_r_cluster_scan_chunk_q_reg[6][clusters][cluster0][hi][0]/C->D
          Group: clk_sys
     Startpoint: (R) u_r_cluster_scan_gap_threshold_q_reg[6]/C
          Clock: (R) clk_sys
       Endpoint: (F) u_r_cluster_scan_chunk_q_reg[6][clusters][cluster0][hi][0]/D
          Clock: (R) clk_sys

                     Capture       Launch     
        Clock Edge:+    6250            0     
       Src Latency:+       0            0     
       Net Latency:+       0 (I)        0 (I) 
           Arrival:=    6250            0     
                                              
             Setup:-     366                  
     Required Time:=    5884                  
      Launch Clock:-       0                  
         Data Path:-    5765                  
             Slack:=     119                  

#-------------------------------------------------------------------------------------------------------------------------------------------
#                        Timing Point                          Flags   Arc   Edge      Cell       Fanout  Load Trans Delay Arrival Instance 
#                                                                                                         (fF)  (ps)  (ps)   (ps)  Location 
#-------------------------------------------------------------------------------------------------------------------------------------------
  u_r_cluster_scan_gap_threshold_q_reg[6]/C                    -       -     R     (arrival)        1555     -     0     0       0    (-,-) 
  u_r_cluster_scan_gap_threshold_q_reg[6]/Q                    -       C->Q  R     SDFRRQSSJIHDX1      3  15.7   141   490     490    (-,-) 
  g182926/Q                                                    -       A->Q  R     OR2JIHDX0           2  11.2   167   215     704    (-,-) 
  g182385/Q                                                    -       A->Q  R     OR2JIHDX1          13  75.1   459   452    1156    (-,-) 
  g182260/Q                                                    -       AN->Q R     NA2I1JIHDX2        13  91.5   443   447    1604    (-,-) 
  g181759/Q                                                    -       AN->Q R     NA2I1JIHDX4        41 296.8   672   620    2223    (-,-) 
  g181600/Q                                                    -       A->Q  F     INJIHDX8           24 114.9   165   180    2404    (-,-) 
  g181284/Q                                                    -       A->Q  R     NA2JIHDX1           3  20.3   242   237    2640    (-,-) 
  g181038/Q                                                    -       A->Q  F     NO2JIHDX1           4  24.3   120   150    2790    (-,-) 
  g180844/Q                                                    -       A->Q  R     NO2JIHDX1           6  34.3   460   399    3189    (-,-) 
  g180770/Q                                                    -       A->Q  F     INJIHDX1            1   7.7   108   118    3306    (-,-) 
  g180565/Q                                                    -       C->Q  R     AN21JIHDX1          2  10.5   212   215    3522    (-,-) 
  g180439/Q                                                    -       A->Q  R     AND2JIHDX1          5  22.5   161   289    3811    (-,-) 
  g180350/Q                                                    -       AN->Q R     NO2I1JIHDX1         5  32.8   444   436    4247    (-,-) 
  g180226/Q                                                    -       B->Q  F     NO2I1JIHDX1         1   4.1    91   104    4350    (-,-) 
  g180216/Q                                                    -       C->Q  R     NO3I1JIHDX0         2  10.9   553   499    4849    (-,-) 
  g179937/Q                                                    -       E->Q  F     AN311JIHDX0         3  17.7   348   246    5095    (-,-) 
  g179771/Q                                                    -       A->Q  R     NA2JIHDX1           3  12.6   186   249    5344    (-,-) 
  g179714/Q                                                    -       AN->Q R     NA3I1JIHDX1         2   7.7   159   201    5545    (-,-) 
  g179455/Q                                                    -       A->Q  F     ON221JIHDX0         1   5.1   189   220    5765    (-,-) 
  u_r_cluster_scan_chunk_q_reg[6][clusters][cluster0][hi][0]/D -       -     F     DFRRQJIHDX1         1     -     -     0    5765    (-,-) 
#-------------------------------------------------------------------------------------------------------------------------------------------



Path 2: MET (137 ps) Setup Check with Pin u_y_cluster_scan_chunk_q_reg[4][clusters][cluster1][hi][1]/C->D
          Group: clk_sys
     Startpoint: (R) u_y_cluster_scan_gap_threshold_q_reg[6]/C
          Clock: (R) clk_sys
       Endpoint: (F) u_y_cluster_scan_chunk_q_reg[4][clusters][cluster1][hi][1]/D
          Clock: (R) clk_sys

                     Capture       Launch     
        Clock Edge:+    6250            0     
       Src Latency:+       0            0     
       Net Latency:+       0 (I)        0 (I) 
           Arrival:=    6250            0     
                                              
             Setup:-     339                  
     Required Time:=    5911                  
      Launch Clock:-       0                  
         Data Path:-    5774                  
             Slack:=     137                  

#------------------------------------------------------------------------------------------------------------------------------------------
#                        Timing Point                          Flags   Arc   Edge      Cell       Fanout Load Trans Delay Arrival Instance 
#                                                                                                        (fF)  (ps)  (ps)   (ps)  Location 
#------------------------------------------------------------------------------------------------------------------------------------------
  u_y_cluster_scan_gap_threshold_q_reg[6]/C                    -       -     R     (arrival)        1555    -     0     0       0    (-,-) 
  u_y_cluster_scan_gap_threshold_q_reg[6]/Q                    -       C->Q  R     SDFRRQSSJIHDX1      4 18.9   159   508     508    (-,-) 
  u_y_cluster_scan_g148542/Q                                   -       A->Q  R     OR2JIHDX0           4 26.7   357   359     868    (-,-) 
  u_y_cluster_scan_g148358/Q                                   -       A->Q  F     NO2JIHDX2           9 54.3   148   181    1048    (-,-) 
  u_y_cluster_scan_g148307/Q                                   -       A->Q  R     NA2JIHDX2          11 75.8   395   356    1404    (-,-) 
  u_y_cluster_scan_g148235/Q                                   -       A->Q  F     INJIHDX1           15 75.2   381   433    1837    (-,-) 
  u_y_cluster_scan_g148153/Q                                   -       A->Q  F     AND2JIHDX4         20 99.5   139   471    2308    (-,-) 
  u_y_cluster_scan_g148078/Q                                   -       A->Q  R     INJIHDX3           15 80.5   183   195    2503    (-,-) 
  u_y_cluster_scan_g147896/Q                                   -       C->Q  F     AN21JIHDX1          3 19.0   216   133    2636    (-,-) 
  u_y_cluster_scan_g147768/Q                                   -       A->Q  R     NA4JIHDX1           2 12.6   228   229    2865    (-,-) 
  u_y_cluster_scan_g147638/Q                                   -       B->Q  F     NA2I1JIHDX1         8 36.8   207   221    3086    (-,-) 
  u_y_cluster_scan_g148795/Q                                   -       C->Q  R     NO3I1JIHDX0         3 18.2   815   730    3816    (-,-) 
  u_y_cluster_scan_g147487/Q                                   -       A->Q  F     INJIHDX1            3 21.3   238   263    4080    (-,-) 
  u_y_cluster_scan_g147440/Q                                   -       A->Q  R     NO2JIHDX1           4 29.1   410   401    4481    (-,-) 
  u_y_cluster_scan_g147240/Q                                   -       S->Q  R     MU2IJIHDX1          2 10.7   296   333    4814    (-,-) 
  u_y_cluster_scan_g147155/Q                                   -       AN->Q R     NO2I1JIHDX1         3 21.1   311   355    5168    (-,-) 
  u_y_cluster_scan_g147074/Q                                   -       C->Q  F     AN31JIHDX1          2  8.0   281   194    5363    (-,-) 
  u_y_cluster_scan_g146952/Q                                   -       B->Q  F     AO22JIHDX0          1  5.1    87   411    5774    (-,-) 
  u_y_cluster_scan_chunk_q_reg[4][clusters][cluster1][hi][1]/D -       -     F     DFRRQJIHDX1         1    -     -     0    5774    (-,-) 
#------------------------------------------------------------------------------------------------------------------------------------------



Path 3: MET (137 ps) Setup Check with Pin u_y_cluster_scan_chunk_q_reg[4][clusters][cluster1][hi][0]/C->D
          Group: clk_sys
     Startpoint: (R) u_y_cluster_scan_gap_threshold_q_reg[6]/C
          Clock: (R) clk_sys
       Endpoint: (F) u_y_cluster_scan_chunk_q_reg[4][clusters][cluster1][hi][0]/D
          Clock: (R) clk_sys

                     Capture       Launch     
        Clock Edge:+    6250            0     
       Src Latency:+       0            0     
       Net Latency:+       0 (I)        0 (I) 
           Arrival:=    6250            0     
                                              
             Setup:-     339                  
     Required Time:=    5911                  
      Launch Clock:-       0                  
         Data Path:-    5774                  
             Slack:=     137                  

#------------------------------------------------------------------------------------------------------------------------------------------
#                        Timing Point                          Flags   Arc   Edge      Cell       Fanout Load Trans Delay Arrival Instance 
#                                                                                                        (fF)  (ps)  (ps)   (ps)  Location 
#------------------------------------------------------------------------------------------------------------------------------------------
  u_y_cluster_scan_gap_threshold_q_reg[6]/C                    -       -     R     (arrival)        1555    -     0     0       0    (-,-) 
  u_y_cluster_scan_gap_threshold_q_reg[6]/Q                    -       C->Q  R     SDFRRQSSJIHDX1      4 18.9   159   508     508    (-,-) 
  u_y_cluster_scan_g148542/Q                                   -       A->Q  R     OR2JIHDX0           4 26.7   357   359     868    (-,-) 
  u_y_cluster_scan_g148358/Q                                   -       A->Q  F     NO2JIHDX2           9 54.3   148   181    1048    (-,-) 
  u_y_cluster_scan_g148307/Q                                   -       A->Q  R     NA2JIHDX2          11 75.8   395   356    1404    (-,-) 
  u_y_cluster_scan_g148235/Q                                   -       A->Q  F     INJIHDX1           15 75.2   381   433    1837    (-,-) 
  u_y_cluster_scan_g148153/Q                                   -       A->Q  F     AND2JIHDX4         20 99.5   139   471    2308    (-,-) 
  u_y_cluster_scan_g148078/Q                                   -       A->Q  R     INJIHDX3           15 80.5   183   195    2503    (-,-) 
  u_y_cluster_scan_g147896/Q                                   -       C->Q  F     AN21JIHDX1          3 19.0   216   133    2636    (-,-) 
  u_y_cluster_scan_g147768/Q                                   -       A->Q  R     NA4JIHDX1           2 12.6   228   229    2865    (-,-) 
  u_y_cluster_scan_g147638/Q                                   -       B->Q  F     NA2I1JIHDX1         8 36.8   207   221    3086    (-,-) 
  u_y_cluster_scan_g148795/Q                                   -       C->Q  R     NO3I1JIHDX0         3 18.2   815   730    3816    (-,-) 
  u_y_cluster_scan_g147487/Q                                   -       A->Q  F     INJIHDX1            3 21.3   238   263    4080    (-,-) 
  u_y_cluster_scan_g147440/Q                                   -       A->Q  R     NO2JIHDX1           4 29.1   410   401    4481    (-,-) 
  u_y_cluster_scan_g147240/Q                                   -       S->Q  R     MU2IJIHDX1          2 10.7   296   333    4814    (-,-) 
  u_y_cluster_scan_g147155/Q                                   -       AN->Q R     NO2I1JIHDX1         3 21.1   311   355    5168    (-,-) 
  u_y_cluster_scan_g147074/Q                                   -       C->Q  F     AN31JIHDX1          2  8.0   281   194    5363    (-,-) 
  u_y_cluster_scan_g146953/Q                                   -       B->Q  F     AO22JIHDX0          1  5.1    87   411    5774    (-,-) 
  u_y_cluster_scan_chunk_q_reg[4][clusters][cluster1][hi][0]/D -       -     F     DFRRQJIHDX1         1    -     -     0    5774    (-,-) 
#------------------------------------------------------------------------------------------------------------------------------------------



Path 4: MET (160 ps) Setup Check with Pin u_b_cluster_scan_chunk_q_reg[6][clusters][cluster0][hi][0]/C->D
          Group: clk_sys
     Startpoint: (R) u_b_cluster_scan_gap_threshold_q_reg[2]/C
          Clock: (R) clk_sys
       Endpoint: (F) u_b_cluster_scan_chunk_q_reg[6][clusters][cluster0][hi][0]/D
          Clock: (R) clk_sys

                     Capture       Launch     
        Clock Edge:+    6250            0     
       Src Latency:+       0            0     
       Net Latency:+       0 (I)        0 (I) 
           Arrival:=    6250            0     
                                              
             Setup:-     366                  
     Required Time:=    5884                  
      Launch Clock:-       0                  
         Data Path:-    5723                  
             Slack:=     160                  

#-------------------------------------------------------------------------------------------------------------------------------------------
#                        Timing Point                          Flags   Arc   Edge      Cell       Fanout  Load Trans Delay Arrival Instance 
#                                                                                                         (fF)  (ps)  (ps)   (ps)  Location 
#-------------------------------------------------------------------------------------------------------------------------------------------
  u_b_cluster_scan_gap_threshold_q_reg[2]/C                    -       -     R     (arrival)        1555     -     0     0       0    (-,-) 
  u_b_cluster_scan_gap_threshold_q_reg[2]/Q                    -       C->Q  R     SDFRRQSSJIHDX1     14  81.8   503   791     791    (-,-) 
  g182935/Q                                                    -       A->Q  F     NO2JIHDX2          12  83.6   215   260    1051    (-,-) 
  g182261/Q                                                    -       B->Q  R     NA2JIHDX2          11  81.9   429   429    1480    (-,-) 
  g181587/Q                                                    -       AN->Q R     NA2I1JIHDX4        38 255.7   610   556    2036    (-,-) 
  g181429/Q                                                    -       A->Q  F     INJIHDX4           27 125.3   244   294    2330    (-,-) 
  g181285/Q                                                    -       A->Q  R     NA2JIHDX1           3  20.3   242   269    2600    (-,-) 
  g181047/Q                                                    -       A->Q  F     NO2JIHDX1           4  24.3   120   150    2749    (-,-) 
  g180846/Q                                                    -       A->Q  R     NO2JIHDX1           6  34.3   460   399    3148    (-,-) 
  g180772/Q                                                    -       A->Q  F     INJIHDX1            1   7.7   108   117    3266    (-,-) 
  g180558/Q                                                    -       C->Q  R     AN21JIHDX1          2  10.5   212   215    3481    (-,-) 
  g180438/Q                                                    -       A->Q  R     AND2JIHDX1          5  22.5   161   289    3770    (-,-) 
  g180351/Q                                                    -       AN->Q R     NO2I1JIHDX1         5  32.8   444   436    4206    (-,-) 
  g180227/Q                                                    -       B->Q  F     NO2I1JIHDX1         1   4.1    91   104    4310    (-,-) 
  g180214/Q                                                    -       C->Q  R     NO3I1JIHDX0         2  10.9   551   499    4808    (-,-) 
  g179947/Q                                                    -       E->Q  F     AN311JIHDX0         3  17.7   348   245    5053    (-,-) 
  g179841/Q                                                    -       A->Q  R     NA2JIHDX1           3  12.6   186   249    5303    (-,-) 
  g179715/Q                                                    -       AN->Q R     NA3I1JIHDX1         2   7.7   158   201    5504    (-,-) 
  g179446/Q                                                    -       A->Q  F     ON221JIHDX0         1   5.1   190   220    5723    (-,-) 
  u_b_cluster_scan_chunk_q_reg[6][clusters][cluster0][hi][0]/D -       -     F     DFRRQJIHDX1         1     -     -     0    5723    (-,-) 
#-------------------------------------------------------------------------------------------------------------------------------------------



Path 5: MET (164 ps) Setup Check with Pin u_r_cluster_scan_chunk_q_reg[4][clusters][cluster0][hi][1]/C->D
          Group: clk_sys
     Startpoint: (R) u_r_cluster_scan_gap_threshold_q_reg[2]/C
          Clock: (R) clk_sys
       Endpoint: (F) u_r_cluster_scan_chunk_q_reg[4][clusters][cluster0][hi][1]/D
          Clock: (R) clk_sys

                     Capture       Launch     
        Clock Edge:+    6250            0     
       Src Latency:+       0            0     
       Net Latency:+       0 (I)        0 (I) 
           Arrival:=    6250            0     
                                              
             Setup:-     340                  
     Required Time:=    5910                  
      Launch Clock:-       0                  
         Data Path:-    5746                  
             Slack:=     164                  

#-------------------------------------------------------------------------------------------------------------------------------------------
#                        Timing Point                          Flags   Arc   Edge      Cell       Fanout  Load Trans Delay Arrival Instance 
#                                                                                                         (fF)  (ps)  (ps)   (ps)  Location 
#-------------------------------------------------------------------------------------------------------------------------------------------
