PVS_LVS_BOUNDARY_MODE=DIAGNOSTIC_RO6_BOUNDARY_BLACKBOX
LVS_BLACKBOX_CELL=RO_tune6
LVS_BLACKBOX_CLS_FILE_COUNT=1
LVS_BLACKBOX_CLS_FILE=/sim/ksabra/SPADMIC_work/innovus/20260901_193709_mptdc_v13_ro6_hierarchical_lvs_pathfix/pvs_lvs/mptdc_axis_core_ro6_boundary_blackbox_script/mptdc_axis_core_lvs.sum.cls
LVS_BLACKBOX_RULE_COUNT=1
LVS_BLACKBOX_RULE_STATUS=PASS
LVS_BUS_PIN_MAP_RULE_COUNT=1
LVS_BUS_PIN_MAP_EFFECTIVE_VALUE=NO
LVS_BUS_PIN_MAP_RULE_STATUS=NOT_USED_EXACT_SCALAR_SOURCE
LVS_GLOBAL_SIGNAL_PORT_RULE_COUNT=1
LVS_GLOBAL_SIGNAL_PORT_RULE_STATUS=PASS
LVS_BLACKBOXED_CELL_COUNT=1
LVS_BLACKBOX_APPLICATION_STATUS=PASS
RO6_BLACKBOX_INITIAL_PINS=19:19
RO6_BLACKBOX_COMPARE_PINS=19:19
RO6_BLACKBOX_CELL_STATUS=match
RO6_BLACKBOX_CELL_MATCH_STATUS=PASS
RO6_ANGLE_BUS_MISSING_PIN_COUNT=0
RO6_SQUARE_BUS_MISSING_PIN_COUNT=0
TIE1_UNMATCHED_PIN_COUNT=0
TIE1_MISMATCHED_NET_COUNT=0
TIE1_MISMATCHED_INSTANCE_CASCADE_COUNT=0
LAYOUT_OPEN_NET_COUNT=2
SHORTS_OPENS_RECORD_COUNT=1
MISMATCHED_NET_RECORD_COUNT=0
MISMATCHED_INSTANCE_RECORD_COUNT=0
VDD_OPEN_SECTION_COUNT=0
VSS_OPEN_SECTION_COUNT=1
RO6_STANDALONE_LVS_REQUIRED=YES
SIGNOFF_ELIGIBLE=NO
