STEP=MPTDC_RO6_RAW_LVS_MISMATCH_CLASSIFICATION
STATUS=PASS
CLS=/sim/ksabra/SPADMIC_work/innovus/20260901_191119_mptdc_v13_pg15_compositional_pvs/pvs_lvs/mptdc_axis_core_merged_pg_nonphys_dcells_cdl_ro6_pinfix_noattr_clean_findshorts_script/mptdc_axis_core_lvs.sum.cls
CLS_SHA256=b0550e5badf0eef89961151451dd8f72267f299b6eeda5b3d08a84dea5f39c0c
CLS_RUN_RESULT=MISMATCH
CELLS_WHICH_MISMATCH=1
BLACKBOXED_CELL_COUNT=0
TOTAL_SIGNATURE_STATUS=PASS
MISMATCH_MARKER_SIGNATURE=mi:382,mn:0,so:0,mp:0
SOURCE_ONLY_INSTANCE_COUNT=2
RO_SOURCE_INSTANCE_SET=u_core_u_osc_fast_u_ro_tune4,u_core_u_osc_slow_u_ro_tune4
LAYOUT_ONLY_INSTANCE_COUNT=380
LAYOUT_ONLY_MODEL_SIGNATURE=C(CSF3):96,MN(NEI):34,MN(NELI):122,MP(PEI):18,MP(PELI):108,R(RNP1_3):2
RO_LAYOUT_ROOT_SIGNATURE=X0/X0:190,X3/X5127:190
RO_LAYOUT_CLUSTER_COUNT=2
RO_CLUSTER_COORDINATE_STATUS=PASS
MISMATCH_ATTRIBUTION=EXACT_TWO_RO6_INTERNALS_ONLY
DIRECT_MONOLITHIC_ELIGIBLE=YES
HIERARCHICAL_COMPOSITION_ELIGIBLE=YES
FAILURE_COUNT=0
