# Excerpt from /sim/ksabra/SPADMIC_work/genus/genus_matrix_ooc_evidence_20260630_1117/matrix_reset_ctrl/reports/timing/report_timing_pre_synth.rpt
# First 220 lines
============================================================
  Generated by:           Genus(TM) Synthesis Solution 22.13-s093_1
  Generated on:           Jun 30 2026  11:35:34 am
  Module:                 spadmic_matrix_reset_ctrl
  Operating conditions:   typ_1_80V_25C 
  Interconnect mode:      global
  Area mode:              physical library
============================================================


Path 1: MET (3614 ps) Setup Check with Pin count_q_reg[15]/clk->d
          Group: clk_sys
     Startpoint: (R) count_q_reg[0]/clk
          Clock: (R) clk_sys
       Endpoint: (R) count_q_reg[15]/d
          Clock: (R) clk_sys

                     Capture       Launch     
        Clock Edge:+    6250            0     
       Src Latency:+       0            0     
       Net Latency:+       0 (I)        0 (I) 
           Arrival:=    6250            0     
                                              
             Setup:-     326                  
     Required Time:=    5924                  
      Launch Clock:-       0                  
         Data Path:-    2310                  
             Slack:=    3614                  

#--------------------------------------------------------------------------------------------------------
#     Timing Point       Flags     Arc    Edge      Cell        Fanout Load Trans Delay Arrival Instance 
#                                                                      (fF)  (ps)  (ps)   (ps)  Location 
#--------------------------------------------------------------------------------------------------------
  count_q_reg[0]/clk     -       -        R     (arrival)          212    -     0     0       0    (-,-) 
  count_q_reg[0]/q       (u)     clk->q   R     unmapped_d_flop      3 27.0     0   643     643    (-,-) 
  sub_91_32/g220/z       (u)     in_0->z  F     unmapped_not         1  9.2     0    59     702    (-,-) 
  sub_91_32/g22/z        (u)     in_0->z  R     unmapped_nand2       2 18.0     0   119     820    (-,-) 
  sub_91_32/g224/z       (u)     in_0->z  F     unmapped_not         1  9.2     0    59     879    (-,-) 
  sub_91_32/g55/z        (u)     in_1->z  R     unmapped_nand2       2 18.0     0   119     998    (-,-) 
  sub_91_32/g225/z       (u)     in_0->z  F     unmapped_not         2 18.4     0    78    1076    (-,-) 
  sub_91_32/g88/z        (u)     in_1->z  R     unmapped_nand2       2 18.0     0   119    1194    (-,-) 
  sub_91_32/g227/z       (u)     in_0->z  F     unmapped_not         4 36.8     0   107    1301    (-,-) 
  sub_91_32/g129/z       (u)     in_1->z  R     unmapped_nand2       2 18.0     0   119    1420    (-,-) 
  sub_91_32/g228/z       (u)     in_0->z  F     unmapped_not         7 64.4     0   164    1584    (-,-) 
  sub_91_32/g163/z       (u)     in_1->z  R     unmapped_nand2       1  9.0     0   100    1684    (-,-) 
  sub_91_32/g203/z       (u)     in_0->z  R     unmapped_xnor2       1  9.0     0   208    1893    (-,-) 
  mux_count_q_82_23/g1/z (u)     data0->z R     unmapped_bmux2       1  9.0     0   208    2101    (-,-) 
  mux_count_q_57_13/g1/z (u)     data1->z R     unmapped_bmux2       1  9.0     0   208    2310    (-,-) 
  count_q_reg[15]/d      -       -        R     unmapped_d_flop      1    -     -     0    2310    (-,-) 
#--------------------------------------------------------------------------------------------------------

(u) : Net has unmapped pin(s).



Path 2: MET (3614 ps) Setup Check with Pin count_q_reg[14]/clk->d
          Group: clk_sys
     Startpoint: (R) count_q_reg[0]/clk
          Clock: (R) clk_sys
       Endpoint: (R) count_q_reg[14]/d
          Clock: (R) clk_sys

                     Capture       Launch     
        Clock Edge:+    6250            0     
       Src Latency:+       0            0     
       Net Latency:+       0 (I)        0 (I) 
           Arrival:=    6250            0     
                                              
             Setup:-     326                  
     Required Time:=    5924                  
      Launch Clock:-       0                  
         Data Path:-    2310                  
             Slack:=    3614                  

#--------------------------------------------------------------------------------------------------------
#     Timing Point       Flags     Arc    Edge      Cell        Fanout Load Trans Delay Arrival Instance 
#                                                                      (fF)  (ps)  (ps)   (ps)  Location 
#--------------------------------------------------------------------------------------------------------
  count_q_reg[0]/clk     -       -        R     (arrival)          212    -     0     0       0    (-,-) 
  count_q_reg[0]/q       (u)     clk->q   R     unmapped_d_flop      3 27.0     0   643     643    (-,-) 
  sub_91_32/g220/z       (u)     in_0->z  F     unmapped_not         1  9.2     0    59     702    (-,-) 
  sub_91_32/g22/z        (u)     in_0->z  R     unmapped_nand2       2 18.0     0   119     820    (-,-) 
  sub_91_32/g224/z       (u)     in_0->z  F     unmapped_not         1  9.2     0    59     879    (-,-) 
  sub_91_32/g55/z        (u)     in_1->z  R     unmapped_nand2       2 18.0     0   119     998    (-,-) 
  sub_91_32/g225/z       (u)     in_0->z  F     unmapped_not         2 18.4     0    78    1076    (-,-) 
  sub_91_32/g88/z        (u)     in_1->z  R     unmapped_nand2       2 18.0     0   119    1194    (-,-) 
  sub_91_32/g227/z       (u)     in_0->z  F     unmapped_not         4 36.8     0   107    1301    (-,-) 
  sub_91_32/g129/z       (u)     in_1->z  R     unmapped_nand2       2 18.0     0   119    1420    (-,-) 
  sub_91_32/g228/z       (u)     in_0->z  F     unmapped_not         7 64.4     0   164    1584    (-,-) 
  sub_91_32/g161/z       (u)     in_1->z  R     unmapped_nand2       1  9.0     0   100    1684    (-,-) 
  sub_91_32/g200/z       (u)     in_0->z  R     unmapped_xnor2       1  9.0     0   208    1893    (-,-) 
  mux_count_q_82_23/g2/z (u)     data0->z R     unmapped_bmux2       1  9.0     0   208    2101    (-,-) 
  mux_count_q_57_13/g2/z (u)     data1->z R     unmapped_bmux2       1  9.0     0   208    2310    (-,-) 
  count_q_reg[14]/d      -       -        R     unmapped_d_flop      1    -     -     0    2310    (-,-) 
#--------------------------------------------------------------------------------------------------------

(u) : Net has unmapped pin(s).



Path 3: MET (3614 ps) Setup Check with Pin count_q_reg[13]/clk->d
          Group: clk_sys
     Startpoint: (R) count_q_reg[0]/clk
          Clock: (R) clk_sys
       Endpoint: (R) count_q_reg[13]/d
          Clock: (R) clk_sys

                     Capture       Launch     
        Clock Edge:+    6250            0     
       Src Latency:+       0            0     
       Net Latency:+       0 (I)        0 (I) 
           Arrival:=    6250            0     
                                              
             Setup:-     326                  
     Required Time:=    5924                  
      Launch Clock:-       0                  
         Data Path:-    2310                  
             Slack:=    3614                  

#--------------------------------------------------------------------------------------------------------
#     Timing Point       Flags     Arc    Edge      Cell        Fanout Load Trans Delay Arrival Instance 
#                                                                      (fF)  (ps)  (ps)   (ps)  Location 
#--------------------------------------------------------------------------------------------------------
  count_q_reg[0]/clk     -       -        R     (arrival)          212    -     0     0       0    (-,-) 
  count_q_reg[0]/q       (u)     clk->q   R     unmapped_d_flop      3 27.0     0   643     643    (-,-) 
  sub_91_32/g220/z       (u)     in_0->z  F     unmapped_not         1  9.2     0    59     702    (-,-) 
  sub_91_32/g22/z        (u)     in_0->z  R     unmapped_nand2       2 18.0     0   119     820    (-,-) 
  sub_91_32/g224/z       (u)     in_0->z  F     unmapped_not         1  9.2     0    59     879    (-,-) 
  sub_91_32/g55/z        (u)     in_1->z  R     unmapped_nand2       2 18.0     0   119     998    (-,-) 
  sub_91_32/g225/z       (u)     in_0->z  F     unmapped_not         2 18.4     0    78    1076    (-,-) 
  sub_91_32/g88/z        (u)     in_1->z  R     unmapped_nand2       2 18.0     0   119    1194    (-,-) 
  sub_91_32/g227/z       (u)     in_0->z  F     unmapped_not         4 36.8     0   107    1301    (-,-) 
  sub_91_32/g129/z       (u)     in_1->z  R     unmapped_nand2       2 18.0     0   119    1420    (-,-) 
  sub_91_32/g228/z       (u)     in_0->z  F     unmapped_not         7 64.4     0   164    1584    (-,-) 
  sub_91_32/g159/z       (u)     in_1->z  R     unmapped_nand2       1  9.0     0   100    1684    (-,-) 
  sub_91_32/g198/z       (u)     in_0->z  R     unmapped_xnor2       1  9.0     0   208    1893    (-,-) 
  mux_count_q_82_23/g3/z (u)     data0->z R     unmapped_bmux2       1  9.0     0   208    2101    (-,-) 
  mux_count_q_57_13/g3/z (u)     data1->z R     unmapped_bmux2       1  9.0     0   208    2310    (-,-) 
  count_q_reg[13]/d      -       -        R     unmapped_d_flop      1    -     -     0    2310    (-,-) 
#--------------------------------------------------------------------------------------------------------

(u) : Net has unmapped pin(s).



Path 4: MET (3614 ps) Setup Check with Pin count_q_reg[12]/clk->d
          Group: clk_sys
     Startpoint: (R) count_q_reg[0]/clk
          Clock: (R) clk_sys
       Endpoint: (R) count_q_reg[12]/d
          Clock: (R) clk_sys

                     Capture       Launch     
        Clock Edge:+    6250            0     
       Src Latency:+       0            0     
       Net Latency:+       0 (I)        0 (I) 
           Arrival:=    6250            0     
                                              
             Setup:-     326                  
     Required Time:=    5924                  
      Launch Clock:-       0                  
         Data Path:-    2310                  
             Slack:=    3614                  

#--------------------------------------------------------------------------------------------------------
#     Timing Point       Flags     Arc    Edge      Cell        Fanout Load Trans Delay Arrival Instance 
#                                                                      (fF)  (ps)  (ps)   (ps)  Location 
#--------------------------------------------------------------------------------------------------------
  count_q_reg[0]/clk     -       -        R     (arrival)          212    -     0     0       0    (-,-) 
  count_q_reg[0]/q       (u)     clk->q   R     unmapped_d_flop      3 27.0     0   643     643    (-,-) 
  sub_91_32/g220/z       (u)     in_0->z  F     unmapped_not         1  9.2     0    59     702    (-,-) 
  sub_91_32/g22/z        (u)     in_0->z  R     unmapped_nand2       2 18.0     0   119     820    (-,-) 
  sub_91_32/g224/z       (u)     in_0->z  F     unmapped_not         1  9.2     0    59     879    (-,-) 
  sub_91_32/g55/z        (u)     in_1->z  R     unmapped_nand2       2 18.0     0   119     998    (-,-) 
  sub_91_32/g225/z       (u)     in_0->z  F     unmapped_not         2 18.4     0    78    1076    (-,-) 
  sub_91_32/g88/z        (u)     in_1->z  R     unmapped_nand2       2 18.0     0   119    1194    (-,-) 
  sub_91_32/g227/z       (u)     in_0->z  F     unmapped_not         4 36.8     0   107    1301    (-,-) 
  sub_91_32/g129/z       (u)     in_1->z  R     unmapped_nand2       2 18.0     0   119    1420    (-,-) 
  sub_91_32/g228/z       (u)     in_0->z  F     unmapped_not         7 64.4     0   164    1584    (-,-) 
  sub_91_32/g157/z       (u)     in_1->z  R     unmapped_nand2       1  9.0     0   100    1684    (-,-) 
  sub_91_32/g195/z       (u)     in_0->z  R     unmapped_xnor2       1  9.0     0   208    1893    (-,-) 
  mux_count_q_82_23/g4/z (u)     data0->z R     unmapped_bmux2       1  9.0     0   208    2101    (-,-) 
  mux_count_q_57_13/g4/z (u)     data1->z R     unmapped_bmux2       1  9.0     0   208    2310    (-,-) 
  count_q_reg[12]/d      -       -        R     unmapped_d_flop      1    -     -     0    2310    (-,-) 
#--------------------------------------------------------------------------------------------------------

(u) : Net has unmapped pin(s).



Path 5: MET (3614 ps) Setup Check with Pin count_q_reg[11]/clk->d
          Group: clk_sys
     Startpoint: (R) count_q_reg[0]/clk
          Clock: (R) clk_sys
       Endpoint: (R) count_q_reg[11]/d
          Clock: (R) clk_sys

                     Capture       Launch     
        Clock Edge:+    6250            0     
       Src Latency:+       0            0     
       Net Latency:+       0 (I)        0 (I) 
           Arrival:=    6250            0     
                                              
             Setup:-     326                  
     Required Time:=    5924                  
      Launch Clock:-       0                  
         Data Path:-    2310                  
             Slack:=    3614                  

#--------------------------------------------------------------------------------------------------------
#     Timing Point       Flags     Arc    Edge      Cell        Fanout Load Trans Delay Arrival Instance 
#                                                                      (fF)  (ps)  (ps)   (ps)  Location 
#--------------------------------------------------------------------------------------------------------
  count_q_reg[0]/clk     -       -        R     (arrival)          212    -     0     0       0    (-,-) 
  count_q_reg[0]/q       (u)     clk->q   R     unmapped_d_flop      3 27.0     0   643     643    (-,-) 
  sub_91_32/g220/z       (u)     in_0->z  F     unmapped_not         1  9.2     0    59     702    (-,-) 
  sub_91_32/g22/z        (u)     in_0->z  R     unmapped_nand2       2 18.0     0   119     820    (-,-) 
  sub_91_32/g224/z       (u)     in_0->z  F     unmapped_not         1  9.2     0    59     879    (-,-) 
  sub_91_32/g55/z        (u)     in_1->z  R     unmapped_nand2       2 18.0     0   119     998    (-,-) 
  sub_91_32/g225/z       (u)     in_0->z  F     unmapped_not         2 18.4     0    78    1076    (-,-) 
