============================================================
  Generated by:           Genus(TM) Synthesis Solution 22.13-s093_1
  Generated on:           May 21 2026  03:41:18 pm
  Module:                 spadmic_position_block
  Library domain:         tc_cond
    Domain index:         0
    Technology libraries: D_CELLS_HD_LPMOS_typ_1_80V_25C 6.0.0
                          mptdc_osc_blackbox 
  Operating conditions:   typ_1_80V_25C 
  Interconnect mode:      global
  Area mode:              physical library
============================================================

-------------------------------------------------------------------------------
Timing exceptions with no effect

The following timing exceptions are not currently affecting timing in the       
design in mode 'tc_view'.  Either no paths in the design satisfy the            
exception's path specification, or all paths that satisfy the path              
specification also satisfy an exception with a higher priority.  You can        
improve runtime and memory usage by removing these exceptions if they are not   
truly needed.  To see if there is a path in the design that satisfies the path  
specification for an exception, or to see what other exception is overriding an 
exception because of priority, use the command:                                 
  report timing -paths [eval [::legacy::get_attribute paths <exception>]]

exception:spadmic_position_block/tc_view/spadmic_position.sdc_line_118
-------------------------------------------------------------------------------

-------------------------------------------------------------------------------
Inputs without clocked external delays

The following primary inputs have no clocked external delays in mode 'tc_view'. 
 As a result the timing paths leading from the ports have no timing constraints 
derived from clock waveforms.  The'external_delay' command is used to create    
new external delays.                                                            

port:spadmic_position_block/rst_n
-------------------------------------------------------------------------------

-------------------------------------------------------------------------------
Inputs without external driver/transition

The following primary inputs have no external driver or input transition set.   
As a result the transition on the ports will be assumed as zero. The            
'external_driver' attribute is used to add and external driver or the           
'fixed_slew' attribute to add an external transition.                           

port:spadmic_position_block/rst_n
-------------------------------------------------------------------------------


Lint summary
 Unconnected/logic driven clocks                                  0
 Sequential data pins driven by a clock signal                    0
 Sequential clock pins without clock waveform                     0
 Sequential clock pins with multiple clock waveforms              0
 Generated clocks without clock waveform                          0
 Generated clocks with incompatible options                       0
 Generated clocks with multi-master clock                         0
 Paths constrained with different clocks                          0
 Loop-breaking cells for combinational feedback                   0
 Nets with multiple drivers                                       0
 Timing exceptions with no effect                                 1
 Suspicious multi_cycle exceptions                                0
 Pins/ports with conflicting case constants                       0
 Inputs without clocked external delays                           1
 Outputs without clocked external delays                          0
 Inputs without external driver/transition                        1
 Outputs without external load                                    0
 Exceptions with invalid timing start-/endpoints                  0

                                                  Total:          3

