# Excerpt from /sim/ksabra/SPADMIC_work/genus/genus_matrix_ooc_staged_20260630_1516/matrix_cfg_ctrl/reports/timing/report_timing_post_map.rpt
# First 220 lines
============================================================
  Generated by:           Genus(TM) Synthesis Solution 22.13-s093_1
  Generated on:           Jun 30 2026  03:36:19 pm
  Module:                 spadmic_matrix_cfg_ctrl
  Operating conditions:   typ_1_80V_25C 
  Interconnect mode:      global
  Area mode:              physical library
============================================================


Path 1: MET (3487 ps) Setup Check with Pin cmd_req_tgl_sys_reg/C->SD
          Group: clk_sys
     Startpoint: (R) busy_o_reg/C
          Clock: (R) clk_sys
       Endpoint: (F) cmd_req_tgl_sys_reg/SD
          Clock: (R) clk_sys

                     Capture       Launch     
        Clock Edge:+    6250            0     
       Src Latency:+       0            0     
       Net Latency:+       0 (I)        0 (I) 
           Arrival:=    6250            0     
                                              
             Setup:-    1170                  
     Required Time:=    5080                  
      Launch Clock:-       0                  
         Data Path:-    1592                  
             Slack:=    3487                  

#-----------------------------------------------------------------------------------------------------
#     Timing Point       Flags   Arc   Edge      Cell       Fanout  Load Trans Delay Arrival Instance 
#                                                                   (fF)  (ps)  (ps)   (ps)  Location 
#-----------------------------------------------------------------------------------------------------
  busy_o_reg/C           -       -     R     (arrival)         150     -     0     0       0    (-,-) 
  busy_o_reg/Q           -       C->Q  F     DFRRJIHDX1          5  19.6   143   544     544    (-,-) 
  g22829__6260/Q         -       A->Q  F     OR2JIHDX1           3  39.5   156   389     933    (-,-) 
  g35649/Q               -       A->Q  F     OA21JIHDX2         74 278.1   409   659    1592    (-,-) 
  cmd_req_tgl_sys_reg/SD -       -     F     SDFRRQSSJIHDX1     74     -     -     0    1592    (-,-) 
#-----------------------------------------------------------------------------------------------------



Path 2: MET (3489 ps) Setup Check with Pin busy_o_reg/C->D
          Group: clk_sys
     Startpoint: (R) busy_o_reg/C
          Clock: (R) clk_sys
       Endpoint: (F) busy_o_reg/D
          Clock: (R) clk_sys

                     Capture       Launch     
        Clock Edge:+    6250            0     
       Src Latency:+       0            0     
       Net Latency:+       0 (I)        0 (I) 
           Arrival:=    6250            0     
                                              
             Setup:-     346                  
     Required Time:=    5904                  
      Launch Clock:-       0                  
         Data Path:-    2415                  
             Slack:=    3489                  

#------------------------------------------------------------------------------------------
# Timing Point   Flags   Arc   Edge    Cell      Fanout  Load Trans Delay Arrival Instance 
#                                                        (fF)  (ps)  (ps)   (ps)  Location 
#------------------------------------------------------------------------------------------
  busy_o_reg/C   -       -     R     (arrival)      150     -     0     0       0    (-,-) 
  busy_o_reg/Q   -       C->Q  F     DFRRJIHDX1       5  19.6   143   544     544    (-,-) 
  g22829__6260/Q -       A->Q  F     OR2JIHDX1        3  39.5   156   389     933    (-,-) 
  g35736/Q       -       A->Q  R     NO2JIHDX4       77 321.1  1090   884    1817    (-,-) 
  g35876/Q       -       AN->Q R     NA2I1JIHDX1      1   9.9   149   252    2069    (-,-) 
  g35306__6783/Q -       S->Q  R     MU2IJIHDX1       1   8.0   253   271    2340    (-,-) 
  g35174__2883/Q -       A->Q  F     NO2JIHDX1        1   5.3   132    75    2415    (-,-) 
  busy_o_reg/D   -       -     F     DFRRJIHDX1       1     -     -     0    2415    (-,-) 
#------------------------------------------------------------------------------------------



Path 3: MET (3534 ps) Setup Check with Pin error_o_reg/C->D
          Group: clk_sys
     Startpoint: (R) busy_o_reg/C
          Clock: (R) clk_sys
       Endpoint: (F) error_o_reg/D
          Clock: (R) clk_sys

                     Capture       Launch     
        Clock Edge:+    6250            0     
       Src Latency:+       0            0     
       Net Latency:+       0 (I)        0 (I) 
           Arrival:=    6250            0     
                                              
             Setup:-     342                  
     Required Time:=    5908                  
      Launch Clock:-       0                  
         Data Path:-    2375                  
             Slack:=    3534                  

#------------------------------------------------------------------------------------------
# Timing Point   Flags   Arc   Edge    Cell      Fanout  Load Trans Delay Arrival Instance 
#                                                        (fF)  (ps)  (ps)   (ps)  Location 
#------------------------------------------------------------------------------------------
  busy_o_reg/C   -       -     R     (arrival)      150     -     0     0       0    (-,-) 
  busy_o_reg/Q   -       C->Q  F     DFRRJIHDX1       5  19.6   143   544     544    (-,-) 
  g22829__6260/Q -       A->Q  F     OR2JIHDX1        3  39.5   156   389     933    (-,-) 
  g35736/Q       -       A->Q  R     NO2JIHDX4       77 321.1  1090   884    1817    (-,-) 
  g35484/Q       -       C->Q  F     AN21JIHDX0       1   5.0   211   125    1942    (-,-) 
  g35308__1617/Q -       D->Q  F     AO211JIHDX0      1   5.1    96   432    2375    (-,-) 
  error_o_reg/D  -       -     F     DFRRQJIHDX1      1     -     -     0    2375    (-,-) 
#------------------------------------------------------------------------------------------



Path 4: MET (3620 ps) Setup Check with Pin done_o_reg/C->D
          Group: clk_sys
     Startpoint: (R) cmd_done_sync_sys_reg/C
          Clock: (R) clk_sys
       Endpoint: (F) done_o_reg/D
          Clock: (R) clk_sys

                     Capture       Launch     
        Clock Edge:+    6250            0     
       Src Latency:+       0            0     
       Net Latency:+       0 (I)        0 (I) 
           Arrival:=    6250            0     
                                              
             Setup:-     350                  
     Required Time:=    5900                  
      Launch Clock:-       0                  
         Data Path:-    2280                  
             Slack:=    3620                  

#---------------------------------------------------------------------------------------------------
#      Timing Point       Flags   Arc   Edge    Cell      Fanout  Load Trans Delay Arrival Instance 
#                                                                 (fF)  (ps)  (ps)   (ps)  Location 
#---------------------------------------------------------------------------------------------------
  cmd_done_sync_sys_reg/C -       -     R     (arrival)      150     -     0     0       0    (-,-) 
  cmd_done_sync_sys_reg/Q -       C->Q  F     DFRRQJIHDX1      2  14.4   116   466     466    (-,-) 
  g22882__2883/Q          -       A->Q  F     EO2JIHDX1        3  16.4   167   331     797    (-,-) 
  g22852__9945/Q          -       A->Q  R     NA2JIHDX1        4  30.1   308   301    1098    (-,-) 
  g22788__5107/Q          -       B->Q  F     NA3JIHDX1        2  10.5   145   164    1262    (-,-) 
  g22787__2398/Q          -       C->Q  R     ON21JIHDX2      65 273.0   809   907    2169    (-,-) 
  g22786/Q                -       A->Q  F     INJIHDX1         1   5.1   127   110    2280    (-,-) 
  done_o_reg/D            -       -     F     DFRRQJIHDX1      1     -     -     0    2280    (-,-) 
#---------------------------------------------------------------------------------------------------



Path 5: MET (3664 ps) Setup Check with Pin rdata_o_reg[63]/C->D
          Group: clk_sys
     Startpoint: (R) cmd_done_sync_sys_reg/C
          Clock: (R) clk_sys
       Endpoint: (R) rdata_o_reg[63]/D
          Clock: (R) clk_sys

                     Capture       Launch     
        Clock Edge:+    6250            0     
       Src Latency:+       0            0     
       Net Latency:+       0 (I)        0 (I) 
           Arrival:=    6250            0     
                                              
             Setup:-     132                  
     Required Time:=    6118                  
      Launch Clock:-       0                  
         Data Path:-    2454                  
             Slack:=    3664                  

#---------------------------------------------------------------------------------------------------
#      Timing Point       Flags   Arc   Edge    Cell      Fanout  Load Trans Delay Arrival Instance 
#                                                                 (fF)  (ps)  (ps)   (ps)  Location 
#---------------------------------------------------------------------------------------------------
  cmd_done_sync_sys_reg/C -       -     R     (arrival)      150     -     0     0       0    (-,-) 
  cmd_done_sync_sys_reg/Q -       C->Q  F     DFRRQJIHDX1      2  14.4   116   466     466    (-,-) 
  g22882__2883/Q          -       A->Q  F     EO2JIHDX1        3  16.4   167   331     797    (-,-) 
  g22852__9945/Q          -       A->Q  R     NA2JIHDX1        4  30.1   308   301    1098    (-,-) 
  g22788__5107/Q          -       B->Q  F     NA3JIHDX1        2  10.5   145   164    1262    (-,-) 
  g22787__2398/Q          -       C->Q  R     ON21JIHDX2      65 273.0   809   907    2169    (-,-) 
  g35663/Q                -       C->Q  R     AO22JIHDX0       1   5.2   111   285    2454    (-,-) 
  rdata_o_reg[63]/D       -       -     R     DFRRQJIHDX1      1     -     -     0    2454    (-,-) 
#---------------------------------------------------------------------------------------------------



Path 6: MET (3664 ps) Setup Check with Pin rdata_o_reg[62]/C->D
          Group: clk_sys
     Startpoint: (R) cmd_done_sync_sys_reg/C
          Clock: (R) clk_sys
       Endpoint: (R) rdata_o_reg[62]/D
          Clock: (R) clk_sys

                     Capture       Launch     
        Clock Edge:+    6250            0     
       Src Latency:+       0            0     
       Net Latency:+       0 (I)        0 (I) 
           Arrival:=    6250            0     
                                              
             Setup:-     132                  
     Required Time:=    6118                  
      Launch Clock:-       0                  
         Data Path:-    2454                  
             Slack:=    3664                  

#---------------------------------------------------------------------------------------------------
#      Timing Point       Flags   Arc   Edge    Cell      Fanout  Load Trans Delay Arrival Instance 
#                                                                 (fF)  (ps)  (ps)   (ps)  Location 
#---------------------------------------------------------------------------------------------------
  cmd_done_sync_sys_reg/C -       -     R     (arrival)      150     -     0     0       0    (-,-) 
  cmd_done_sync_sys_reg/Q -       C->Q  F     DFRRQJIHDX1      2  14.4   116   466     466    (-,-) 
  g22882__2883/Q          -       A->Q  F     EO2JIHDX1        3  16.4   167   331     797    (-,-) 
  g22852__9945/Q          -       A->Q  R     NA2JIHDX1        4  30.1   308   301    1098    (-,-) 
  g22788__5107/Q          -       B->Q  F     NA3JIHDX1        2  10.5   145   164    1262    (-,-) 
  g22787__2398/Q          -       C->Q  R     ON21JIHDX2      65 273.0   809   907    2169    (-,-) 
  g35671/Q                -       C->Q  R     AO22JIHDX0       1   5.2   111   285    2454    (-,-) 
  rdata_o_reg[62]/D       -       -     R     DFRRQJIHDX1      1     -     -     0    2454    (-,-) 
#---------------------------------------------------------------------------------------------------



Path 7: MET (3664 ps) Setup Check with Pin rdata_o_reg[61]/C->D
          Group: clk_sys
     Startpoint: (R) cmd_done_sync_sys_reg/C
          Clock: (R) clk_sys
