# MPTDC Physical PVS LVS Source Contract
LVS_SOURCE_CONTRACT_STATUS=PASS
SOURCE_KIND=INNOVUS_SAVE_NETLIST_PHYS_INCLUDE_POWER_GROUND
INPUT=/sim/ksabra/SPADMIC_work/innovus/20260831_mptdc_tie1_lvs_density_131326/outputs/mptdc_axis_core_pnr_lvs_phys_with_pg.v
INPUT_SHA256=0450b2471874ccfcc83ea02262f4e4d70e5072c9e829276ca0459cb579432676
OUTPUT=/sim/ksabra/SPADMIC_work/innovus/20260831_mptdc_tie1_lvs_density_131326/outputs/mptdc_axis_core_pnr_lvs_with_pg_NO_DCELL_MODULES_RO6_PINFIX_NOATTR_CLEAN.v
OUTPUT_SHA256=b8f66b2f05bf5148434166cb488182dfab520abde8bacbc977cdd336389045de
HCELL=/sim/ksabra/SPADMIC_work/innovus/20260831_mptdc_tie1_lvs_density_131326/outputs/pvs_hcell_ro6.txt
TOP=mptdc_axis_core
MODULE_REMOVAL_POLICY=EXACT_CANONICAL_CDL_MEMBERSHIP
PHYSICAL_ONLY_INSTANCE_REMOVAL_POLICY=EXACT_TRACKED_FILLER_REPORT_MASTER_SET
FILLER_REPORT=/home/validmgr/ksabra/2026_SPAD/SPADMIC/MPTDC/docs/server_snapshots/innovus/20260831_mptdc_tie1_filler_ecoroute_reconciled_131006/reports/filler_status.rpt
FILLER_REPORT_SHA256=7fb52b4bb78d429b1873cf6f1911d43a7b7d8386ae865d8bdff288400136059c
ROW_INFRA_REPORT=/home/validmgr/ksabra/2026_SPAD/SPADMIC/MPTDC/docs/server_snapshots/innovus/20260831_mptdc_tie1_filler_ecoroute_reconciled_131006/reports/row_infra_insertion.rpt
ROW_INFRA_REPORT_SHA256=d030e34ec099875a7430a5208998ab8931a3df124bc5057e5e7efadab003fd1a
PHYSICAL_ONLY_FILLER_MASTER_COUNT=8
PHYSICAL_ONLY_FILLER_MASTER_SET=FEED25JIHD,FEED15JIHD,FEED10JIHD,FEED7JIHD,FEED5JIHD,FEED3JIHD,FEED2JIHD,FEED1JIHD
PHYSICAL_ONLY_FILLER_INSTANCE_COUNT_EXPECTED=24856
PHYSICAL_ONLY_FILLER_INSTANCE_COUNT_INPUT=24856
PHYSICAL_ONLY_FILLER_INSTANCE_COUNT_REMOVED=24856
PHYSICAL_ONLY_FILLER_REMOVAL_STATUS=PASS
RO6_PIN_NORMALIZATION=EXACT_SAME_INDEX_SCALAR_ANGLE_PORTS
CANONICAL_CDL_COUNT=1
CANONICAL_SUBCKT_COUNT=895
INPUT_MODULE_COUNT=244
REMOVED_MODULE_COUNT=164
RO_TUNE6_INSTANCE_COUNT=2
RO_TUNE6_INSTANCE_NAMES=u_core_u_osc_fast_u_ro_tune4,u_core_u_osc_slow_u_ro_tune4
RO_TUNE6_INSTANCE_NAME_STATUS=PASS
RO_TUNE6_SCALAR_PIN_COUNT=19
INPUT_TOP_INSTANCE_COUNT=37410
TOP_INSTANCE_COUNT=12554
TOP_INSTANCE_MASTER_COUNT=239
CDL_BACKED_TOP_INSTANCE_COUNT=12473
PHYSICAL_TIE_CANDIDATE_COUNT=4
PHYSICAL_TIE_CANDIDATE_SET=LOGIC1DJIHD,LOGIC1LVJIHD,LOGIC0DJIHD,LOGIC0LVJIHD
PHYSICAL_TIE_MASTER_COUNT=1
PHYSICAL_TIE_INSTANCE_COUNT=8
PHYSICAL_TIE_PRESERVATION_STATUS=PASS
UNRESOLVED_ACTIVE_MASTER_COUNT=0
CANONICAL_CDL=/data/pdk/xfab/xh018/diglibs/D_CELLS_JIHD/v6_0/gds_cdl/v6_0_0/cdl/xh018_D_CELLS_JIHD.cdl
REMOVED_MODULE=LOGIC1DJIHD
REMOVED_MODULE=MU2IJIHDX1
REMOVED_MODULE=BUJIHDX1
REMOVED_MODULE=BUJIHDX2
REMOVED_MODULE=INJIHDX3
REMOVED_MODULE=BUJIHDX3
REMOVED_MODULE=INJIHDX0
REMOVED_MODULE=INJIHDX2
REMOVED_MODULE=INJIHDX1
REMOVED_MODULE=BUJIHDX4
REMOVED_MODULE=INJIHDX4
REMOVED_MODULE=INJIHDX6
REMOVED_MODULE=BUJIHDX8
REMOVED_MODULE=BUJIHDX6
REMOVED_MODULE=ON22JIHDX1
REMOVED_MODULE=BUJIHDX0
REMOVED_MODULE=NO3I2JIHDX1
REMOVED_MODULE=NO2JIHDX1
REMOVED_MODULE=NO4I2JIHDX4
REMOVED_MODULE=BUJIHDX12
REMOVED_MODULE=EO2JIHDX0
REMOVED_MODULE=AND2JIHDX2
REMOVED_MODULE=AND2JIHDX1
REMOVED_MODULE=NA2JIHDX1
REMOVED_MODULE=AND2JIHDX0
REMOVED_MODULE=AND4JIHDX2
REMOVED_MODULE=AND4JIHDX1
REMOVED_MODULE=AN222JIHDX1
REMOVED_MODULE=NA3JIHDX1
REMOVED_MODULE=NO6I5JIHDX2
REMOVED_MODULE=NA2I1JIHDX2
REMOVED_MODULE=DFRRQJIHDX1
REMOVED_MODULE=ON22JIHDX0
REMOVED_MODULE=NO2I1JIHDX0
REMOVED_MODULE=NO2I1JIHDX1
REMOVED_MODULE=DFRJIHDX1
REMOVED_MODULE=NA22JIHDX1
REMOVED_MODULE=DFRRJIHDX1
REMOVED_MODULE=DFRJIHDX2
REMOVED_MODULE=DFRSJIHDX2
REMOVED_MODULE=NA22JIHDX0
REMOVED_MODULE=DFRSJIHDX1
REMOVED_MODULE=DFRRQJIHDX2
REMOVED_MODULE=DFRSQJIHDX1
REMOVED_MODULE=MU2IJIHDX0
REMOVED_MODULE=NA2JIHDX2
REMOVED_MODULE=NA2JIHDX4
REMOVED_MODULE=DFRSQJIHDX4
REMOVED_MODULE=DFRQJIHDX2
REMOVED_MODULE=DFRSQJIHDX2
REMOVED_MODULE=DFRQJIHDX1
REMOVED_MODULE=AN22JIHDX1
REMOVED_MODULE=OR2JIHDX1
REMOVED_MODULE=NA2I1JIHDX1
REMOVED_MODULE=AO21JIHDX1
REMOVED_MODULE=EN2JIHDX0
REMOVED_MODULE=MU2JIHDX0
REMOVED_MODULE=MU2JIHDX2
REMOVED_MODULE=RO_tune6
REMOVED_MODULE=AO22JIHDX2
REMOVED_MODULE=NA3JIHDX4
REMOVED_MODULE=NA3I2JIHDX1
REMOVED_MODULE=OR6JIHDX1
REMOVED_MODULE=NO5I1JIHDX1
REMOVED_MODULE=AO222JIHDX0
REMOVED_MODULE=AO22JIHDX1
REMOVED_MODULE=OR2JIHDX0
REMOVED_MODULE=AN21JIHDX1
REMOVED_MODULE=NO2JIHDX0
REMOVED_MODULE=ON21JIHDX0
REMOVED_MODULE=NO2I1JIHDX4
REMOVED_MODULE=DLHQJIHDX1
REMOVED_MODULE=DLLQJIHDX1
REMOVED_MODULE=AO211JIHDX0
REMOVED_MODULE=ON311JIHDX0
REMOVED_MODULE=NA5I3JIHDX1
REMOVED_MODULE=AN311JIHDX0
REMOVED_MODULE=AN321JIHDX0
REMOVED_MODULE=ON221JIHDX0
REMOVED_MODULE=AN211JIHDX0
REMOVED_MODULE=NO3JIHDX0
REMOVED_MODULE=AN21JIHDX0
REMOVED_MODULE=NO22JIHDX0
REMOVED_MODULE=NO6I2JIHDX1
REMOVED_MODULE=NO6I5JIHDX1
REMOVED_MODULE=AO211JIHDX1
REMOVED_MODULE=ON32JIHDX0
REMOVED_MODULE=NA4JIHDX1
REMOVED_MODULE=OA211JIHDX0
REMOVED_MODULE=NA6I5JIHDX1
REMOVED_MODULE=OA32JIHDX1
REMOVED_MODULE=EN2JIHDX1
REMOVED_MODULE=EN3JIHDX0
REMOVED_MODULE=AO22JIHDX0
REMOVED_MODULE=ON21JIHDX1
REMOVED_MODULE=HAJIHDX1
REMOVED_MODULE=NO2JIHDX2
REMOVED_MODULE=NO2JIHDX4
REMOVED_MODULE=HAJIHDX0
REMOVED_MODULE=OR2JIHDX4
REMOVED_MODULE=OR2JIHDX2
REMOVED_MODULE=AO222JIHDX1
REMOVED_MODULE=AND3JIHDX2
REMOVED_MODULE=NA3JIHDX2
REMOVED_MODULE=NA4I2JIHDX1
REMOVED_MODULE=FAJIHDX0
REMOVED_MODULE=AN31JIHDX0
REMOVED_MODULE=AO221JIHDX0
REMOVED_MODULE=ON211JIHDX0
REMOVED_MODULE=ON31JIHDX0
REMOVED_MODULE=OA31JIHDX1
REMOVED_MODULE=AO31JIHDX1
REMOVED_MODULE=CAGJIHDX1
REMOVED_MODULE=AN221JIHDX1
REMOVED_MODULE=ON321JIHDX0
REMOVED_MODULE=AO21JIHDX0
REMOVED_MODULE=OR3JIHDX1
REMOVED_MODULE=NA3JIHDX0
REMOVED_MODULE=AO31JIHDX0
REMOVED_MODULE=AO32JIHDX0
REMOVED_MODULE=OA22JIHDX0
REMOVED_MODULE=NO5I3JIHDX1
REMOVED_MODULE=EO2JIHDX1
REMOVED_MODULE=OA321JIHDX1
REMOVED_MODULE=NA3I2JIHDX0
REMOVED_MODULE=NO5I3JIHDX0
REMOVED_MODULE=NA5I4JIHDX0
REMOVED_MODULE=AN31JIHDX1
REMOVED_MODULE=AO311JIHDX0
REMOVED_MODULE=AN22JIHDX0
REMOVED_MODULE=NO3I1JIHDX0
REMOVED_MODULE=AN221JIHDX0
REMOVED_MODULE=NA4I1JIHDX1
REMOVED_MODULE=ON222JIHDX0
REMOVED_MODULE=NA3I1JIHDX1
REMOVED_MODULE=OA21JIHDX1
REMOVED_MODULE=NO3JIHDX1
REMOVED_MODULE=EO3JIHDX0
REMOVED_MODULE=NA2JIHDX0
REMOVED_MODULE=NA5I4JIHDX1
REMOVED_MODULE=AN211JIHDX1
REMOVED_MODULE=NA4JIHDX0
REMOVED_MODULE=NA3I1JIHDX0
REMOVED_MODULE=NO4I2JIHDX0
REMOVED_MODULE=NO3I2JIHDX0
REMOVED_MODULE=OR4JIHDX0
REMOVED_MODULE=NA4I3JIHDX1
REMOVED_MODULE=OR3JIHDX0
REMOVED_MODULE=NO2I1JIHDX2
REMOVED_MODULE=NO5I2JIHDX2
REMOVED_MODULE=NA3I2JIHDX2
REMOVED_MODULE=NO3I1JIHDX1
REMOVED_MODULE=AND3JIHDX1
REMOVED_MODULE=AND2JIHDX4
REMOVED_MODULE=NA4JIHDX4
REMOVED_MODULE=AND6JIHDX1
REMOVED_MODULE=AND6JIHDX2
REMOVED_MODULE=AO222JIHDX2
REMOVED_MODULE=EO3JIHDX1
REMOVED_MODULE=AND5JIHDX2
REMOVED_MODULE=AN32JIHDX1
REMOVED_MODULE=AO32JIHDX2
REMOVED_MODULE=AO21JIHDX2
REMOVED_MODULE=NA3I1JIHDX2
PHYSICAL_TIE_MASTER=LOGIC1DJIHD:8
PHYSICAL_ONLY_FILLER_MASTER=FEED25JIHD:4600
PHYSICAL_ONLY_FILLER_MASTER=FEED15JIHD:1314
PHYSICAL_ONLY_FILLER_MASTER=FEED10JIHD:1691
PHYSICAL_ONLY_FILLER_MASTER=FEED7JIHD:1941
PHYSICAL_ONLY_FILLER_MASTER=FEED5JIHD:2354
PHYSICAL_ONLY_FILLER_MASTER=FEED3JIHD:4241
PHYSICAL_ONLY_FILLER_MASTER=FEED2JIHD:3004
PHYSICAL_ONLY_FILLER_MASTER=FEED1JIHD:5711
