# Excerpt from /sim/ksabra/SPADMIC_work/genus/genus_matrix_ooc_staged_20260630_1516/i2c_slave/reports/timing/check_timing_intent.rpt
# First 220 lines
============================================================
  Generated by:           Genus(TM) Synthesis Solution 22.13-s093_1
  Generated on:           Jun 30 2026  03:39:45 pm
  Module:                 spadmic_i2c_slave
  Technology libraries:   D_CELLS_JIHD_LPMOS_typ_1_80V_25C 6.0.0
                          mptdc_osc_blackbox 
  Operating conditions:   typ_1_80V_25C 
  Interconnect mode:      global
  Area mode:              physical library
============================================================

-------------------------------------------------------------------------------
Inputs without clocked external delays

The following primary inputs have no clocked external delays.  As a result the  
timing paths leading from the ports have no timing constraints derived from     
clock waveforms.  The'external_delay' command is used to create new external    
delays.                                                                         

port:spadmic_i2c_slave/i2c_scl_i
port:spadmic_i2c_slave/i2c_sda_i
port:spadmic_i2c_slave/rst_n
port:spadmic_i2c_slave/txn_ready_i
port:spadmic_i2c_slave/txn_rsp_err_i
port:spadmic_i2c_slave/txn_rsp_rdata_i[0]
port:spadmic_i2c_slave/txn_rsp_rdata_i[10]
port:spadmic_i2c_slave/txn_rsp_rdata_i[11]
port:spadmic_i2c_slave/txn_rsp_rdata_i[12]
port:spadmic_i2c_slave/txn_rsp_rdata_i[13]
port:spadmic_i2c_slave/txn_rsp_rdata_i[14]
port:spadmic_i2c_slave/txn_rsp_rdata_i[15]
port:spadmic_i2c_slave/txn_rsp_rdata_i[16]
port:spadmic_i2c_slave/txn_rsp_rdata_i[17]
port:spadmic_i2c_slave/txn_rsp_rdata_i[18]
port:spadmic_i2c_slave/txn_rsp_rdata_i[19]
port:spadmic_i2c_slave/txn_rsp_rdata_i[1]
port:spadmic_i2c_slave/txn_rsp_rdata_i[20]
port:spadmic_i2c_slave/txn_rsp_rdata_i[21]
port:spadmic_i2c_slave/txn_rsp_rdata_i[22]
port:spadmic_i2c_slave/txn_rsp_rdata_i[23]
port:spadmic_i2c_slave/txn_rsp_rdata_i[24]
port:spadmic_i2c_slave/txn_rsp_rdata_i[25]
port:spadmic_i2c_slave/txn_rsp_rdata_i[26]
port:spadmic_i2c_slave/txn_rsp_rdata_i[27]
port:spadmic_i2c_slave/txn_rsp_rdata_i[28]
port:spadmic_i2c_slave/txn_rsp_rdata_i[29]
port:spadmic_i2c_slave/txn_rsp_rdata_i[2]
port:spadmic_i2c_slave/txn_rsp_rdata_i[30]
port:spadmic_i2c_slave/txn_rsp_rdata_i[31]
port:spadmic_i2c_slave/txn_rsp_rdata_i[3]
port:spadmic_i2c_slave/txn_rsp_rdata_i[4]
port:spadmic_i2c_slave/txn_rsp_rdata_i[5]
port:spadmic_i2c_slave/txn_rsp_rdata_i[6]
port:spadmic_i2c_slave/txn_rsp_rdata_i[7]
port:spadmic_i2c_slave/txn_rsp_rdata_i[8]
port:spadmic_i2c_slave/txn_rsp_rdata_i[9]
port:spadmic_i2c_slave/txn_rsp_valid_i
-------------------------------------------------------------------------------

-------------------------------------------------------------------------------
Outputs without clocked external delays

The following primary outputs have no clocked external delays.  As a result the 
timing paths leading to the ports have no timing constraints derived from clock 
waveforms.  The'external_delay' command is used to create new external delays.  

port:spadmic_i2c_slave/i2c_sda_oe_o
port:spadmic_i2c_slave/txn_addr_o[0]
port:spadmic_i2c_slave/txn_addr_o[10]
port:spadmic_i2c_slave/txn_addr_o[11]
port:spadmic_i2c_slave/txn_addr_o[12]
port:spadmic_i2c_slave/txn_addr_o[13]
port:spadmic_i2c_slave/txn_addr_o[14]
port:spadmic_i2c_slave/txn_addr_o[15]
port:spadmic_i2c_slave/txn_addr_o[1]
port:spadmic_i2c_slave/txn_addr_o[2]
port:spadmic_i2c_slave/txn_addr_o[3]
port:spadmic_i2c_slave/txn_addr_o[4]
port:spadmic_i2c_slave/txn_addr_o[5]
port:spadmic_i2c_slave/txn_addr_o[6]
port:spadmic_i2c_slave/txn_addr_o[7]
port:spadmic_i2c_slave/txn_addr_o[8]
port:spadmic_i2c_slave/txn_addr_o[9]
port:spadmic_i2c_slave/txn_rsp_ready_o
port:spadmic_i2c_slave/txn_valid_o
port:spadmic_i2c_slave/txn_wdata_o[0]
port:spadmic_i2c_slave/txn_wdata_o[10]
port:spadmic_i2c_slave/txn_wdata_o[11]
port:spadmic_i2c_slave/txn_wdata_o[12]
port:spadmic_i2c_slave/txn_wdata_o[13]
port:spadmic_i2c_slave/txn_wdata_o[14]
port:spadmic_i2c_slave/txn_wdata_o[15]
port:spadmic_i2c_slave/txn_wdata_o[16]
port:spadmic_i2c_slave/txn_wdata_o[17]
port:spadmic_i2c_slave/txn_wdata_o[18]
port:spadmic_i2c_slave/txn_wdata_o[19]
port:spadmic_i2c_slave/txn_wdata_o[1]
port:spadmic_i2c_slave/txn_wdata_o[20]
port:spadmic_i2c_slave/txn_wdata_o[21]
port:spadmic_i2c_slave/txn_wdata_o[22]
port:spadmic_i2c_slave/txn_wdata_o[23]
port:spadmic_i2c_slave/txn_wdata_o[24]
port:spadmic_i2c_slave/txn_wdata_o[25]
port:spadmic_i2c_slave/txn_wdata_o[26]
port:spadmic_i2c_slave/txn_wdata_o[27]
port:spadmic_i2c_slave/txn_wdata_o[28]
port:spadmic_i2c_slave/txn_wdata_o[29]
port:spadmic_i2c_slave/txn_wdata_o[2]
port:spadmic_i2c_slave/txn_wdata_o[30]
port:spadmic_i2c_slave/txn_wdata_o[31]
port:spadmic_i2c_slave/txn_wdata_o[3]
port:spadmic_i2c_slave/txn_wdata_o[4]
port:spadmic_i2c_slave/txn_wdata_o[5]
port:spadmic_i2c_slave/txn_wdata_o[6]
port:spadmic_i2c_slave/txn_wdata_o[7]
port:spadmic_i2c_slave/txn_wdata_o[8]
port:spadmic_i2c_slave/txn_wdata_o[9]
port:spadmic_i2c_slave/txn_write_o
-------------------------------------------------------------------------------

-------------------------------------------------------------------------------
Inputs without external driver/transition

The following primary inputs have no external driver or input transition set.   
As a result the transition on the ports will be assumed as zero. The            
'external_driver' attribute is used to add and external driver or the           
'fixed_slew' attribute to add an external transition.                           

port:spadmic_i2c_slave/i2c_scl_i
port:spadmic_i2c_slave/i2c_sda_i
port:spadmic_i2c_slave/rst_n
port:spadmic_i2c_slave/txn_ready_i
port:spadmic_i2c_slave/txn_rsp_err_i
port:spadmic_i2c_slave/txn_rsp_rdata_i[0]
port:spadmic_i2c_slave/txn_rsp_rdata_i[10]
port:spadmic_i2c_slave/txn_rsp_rdata_i[11]
port:spadmic_i2c_slave/txn_rsp_rdata_i[12]
port:spadmic_i2c_slave/txn_rsp_rdata_i[13]
port:spadmic_i2c_slave/txn_rsp_rdata_i[14]
port:spadmic_i2c_slave/txn_rsp_rdata_i[15]
port:spadmic_i2c_slave/txn_rsp_rdata_i[16]
port:spadmic_i2c_slave/txn_rsp_rdata_i[17]
port:spadmic_i2c_slave/txn_rsp_rdata_i[18]
port:spadmic_i2c_slave/txn_rsp_rdata_i[19]
port:spadmic_i2c_slave/txn_rsp_rdata_i[1]
port:spadmic_i2c_slave/txn_rsp_rdata_i[20]
port:spadmic_i2c_slave/txn_rsp_rdata_i[21]
port:spadmic_i2c_slave/txn_rsp_rdata_i[22]
port:spadmic_i2c_slave/txn_rsp_rdata_i[23]
port:spadmic_i2c_slave/txn_rsp_rdata_i[24]
port:spadmic_i2c_slave/txn_rsp_rdata_i[25]
port:spadmic_i2c_slave/txn_rsp_rdata_i[26]
port:spadmic_i2c_slave/txn_rsp_rdata_i[27]
port:spadmic_i2c_slave/txn_rsp_rdata_i[28]
port:spadmic_i2c_slave/txn_rsp_rdata_i[29]
port:spadmic_i2c_slave/txn_rsp_rdata_i[2]
port:spadmic_i2c_slave/txn_rsp_rdata_i[30]
port:spadmic_i2c_slave/txn_rsp_rdata_i[31]
port:spadmic_i2c_slave/txn_rsp_rdata_i[3]
port:spadmic_i2c_slave/txn_rsp_rdata_i[4]
port:spadmic_i2c_slave/txn_rsp_rdata_i[5]
port:spadmic_i2c_slave/txn_rsp_rdata_i[6]
port:spadmic_i2c_slave/txn_rsp_rdata_i[7]
port:spadmic_i2c_slave/txn_rsp_rdata_i[8]
port:spadmic_i2c_slave/txn_rsp_rdata_i[9]
port:spadmic_i2c_slave/txn_rsp_valid_i
-------------------------------------------------------------------------------

-------------------------------------------------------------------------------
Outputs without external load

The following primary outputs have no external load set. As a result the load   
on the ports will be assumed as zero. The 'external_pin_cap' attribute is used  
to add and external pin cap.                                                    

port:spadmic_i2c_slave/i2c_sda_oe_o
port:spadmic_i2c_slave/txn_addr_o[0]
port:spadmic_i2c_slave/txn_addr_o[10]
port:spadmic_i2c_slave/txn_addr_o[11]
port:spadmic_i2c_slave/txn_addr_o[12]
port:spadmic_i2c_slave/txn_addr_o[13]
port:spadmic_i2c_slave/txn_addr_o[14]
port:spadmic_i2c_slave/txn_addr_o[15]
port:spadmic_i2c_slave/txn_addr_o[1]
port:spadmic_i2c_slave/txn_addr_o[2]
port:spadmic_i2c_slave/txn_addr_o[3]
port:spadmic_i2c_slave/txn_addr_o[4]
port:spadmic_i2c_slave/txn_addr_o[5]
port:spadmic_i2c_slave/txn_addr_o[6]
port:spadmic_i2c_slave/txn_addr_o[7]
port:spadmic_i2c_slave/txn_addr_o[8]
port:spadmic_i2c_slave/txn_addr_o[9]
port:spadmic_i2c_slave/txn_rsp_ready_o
port:spadmic_i2c_slave/txn_valid_o
port:spadmic_i2c_slave/txn_wdata_o[0]
port:spadmic_i2c_slave/txn_wdata_o[10]
port:spadmic_i2c_slave/txn_wdata_o[11]
port:spadmic_i2c_slave/txn_wdata_o[12]
port:spadmic_i2c_slave/txn_wdata_o[13]
port:spadmic_i2c_slave/txn_wdata_o[14]
port:spadmic_i2c_slave/txn_wdata_o[15]
port:spadmic_i2c_slave/txn_wdata_o[16]
port:spadmic_i2c_slave/txn_wdata_o[17]
port:spadmic_i2c_slave/txn_wdata_o[18]
port:spadmic_i2c_slave/txn_wdata_o[19]
port:spadmic_i2c_slave/txn_wdata_o[1]
port:spadmic_i2c_slave/txn_wdata_o[20]
port:spadmic_i2c_slave/txn_wdata_o[21]
port:spadmic_i2c_slave/txn_wdata_o[22]
port:spadmic_i2c_slave/txn_wdata_o[23]
port:spadmic_i2c_slave/txn_wdata_o[24]
port:spadmic_i2c_slave/txn_wdata_o[25]
port:spadmic_i2c_slave/txn_wdata_o[26]
port:spadmic_i2c_slave/txn_wdata_o[27]
port:spadmic_i2c_slave/txn_wdata_o[28]
port:spadmic_i2c_slave/txn_wdata_o[29]
port:spadmic_i2c_slave/txn_wdata_o[2]
port:spadmic_i2c_slave/txn_wdata_o[30]
port:spadmic_i2c_slave/txn_wdata_o[31]
port:spadmic_i2c_slave/txn_wdata_o[3]
