# MPTDC immutable PVS input hashes
GIT_HEAD=64d05a7b033046af4ede21ecfd8a5df220beb814
TOP_CELL=mptdc_axis_core
SOURCE_CHECKPOINT=/sim/ksabra/SPADMIC_work/innovus/20260826_mptdc_bufftap0_route_minarea_patch_trial_v6r_180659/checkpoints/repaired_route.enc.dat
STRICT_ATTRIBUTION=1
MERGED_GDS_PATH=/sim/ksabra/SPADMIC_work/innovus/20260827_mptdc_bufftap0_physical_source_vddfix_151123/outputs/mptdc_axis_core_merged_stdcell_ro6.gds
MERGED_GDS_SHA256=1a91072f6ca4e220bc75fbd2fc0dde44626e60a411b44d14358e5a9851d6d275
TOP_ONLY_GDS_PATH=/sim/ksabra/SPADMIC_work/innovus/20260827_mptdc_bufftap0_physical_source_vddfix_151123/outputs/mptdc_axis_core_top_only.gds
TOP_ONLY_GDS_SHA256=1c1eed5a7f6574d82e8d5befb4041bd3fca30f3af204e86610f1952c996b10e9
LVS_SOURCE_FILTERED_PATH=/sim/ksabra/SPADMIC_work/innovus/20260827_mptdc_bufftap0_physical_source_vddfix_151123/outputs/mptdc_axis_core_pnr_lvs_with_pg_NO_DCELL_MODULES_RO6_PINFIX_NOATTR_CLEAN.v
LVS_SOURCE_FILTERED_SHA256=dd335438a500ef7725ce11d806eda17b9f3efbc45f1553526a8a5a158c945a4a
LVS_SOURCE_PHYSICAL_PG_PATH=/sim/ksabra/SPADMIC_work/innovus/20260827_mptdc_bufftap0_physical_source_vddfix_151123/outputs/mptdc_axis_core_pnr_lvs_phys_with_pg.v
LVS_SOURCE_PHYSICAL_PG_SHA256=ed5b05d09e5ff0178fbe5f3d8fa31fbf7221102a67fbb42a3bc66bf213a783d6
LVS_HCELL_PATH=/sim/ksabra/SPADMIC_work/innovus/20260827_mptdc_bufftap0_physical_source_vddfix_151123/outputs/pvs_hcell_ro6.txt
LVS_HCELL_SHA256=f84bc54e01925fd2df31ee4235d005898f760fe9dd1d0fcddc2301f2a874019b
DCELL_GDS_PATH=/data/pdk/xfab/xh018/diglibs/D_CELLS_JIHD/v6_0/gds_cdl/v6_0_0/gds/xh018_D_CELLS_JIHD.gds
DCELL_GDS_SHA256=e8ea4be19742c8d311f440bb0edd9b82db9acb0996ebcba21e239bd8e362139d
DCELL_CDL_PATH=/data/pdk/xfab/xh018/diglibs/D_CELLS_JIHD/v6_0/gds_cdl/v6_0_0/cdl/xh018_D_CELLS_JIHD.cdl
DCELL_CDL_SHA256=5ff10b0b31003da9bb6db59eba7d52c82435e3ab68b2ba0a1956e4d9fbaef8cf
ORIGINAL_RO_GDS_PATH=/sim/ksabra/SPADMIC_work/ro6_oa_exports/20260827_mptdc_ro6_vddfix_fresh_export_150040/RO_tune6.gds
ORIGINAL_RO_GDS_SHA256=9d6f269541d51db0c30c5e7cc81334d70578ca8723558b32f34f9803469ea36a
RO_GDS_PATH=/sim/ksabra/SPADMIC_work/innovus/20260827_mptdc_bufftap0_physical_source_vddfix_151123/merge_libs/RO_tune6.gds
RO_GDS_SHA256=9d6f269541d51db0c30c5e7cc81334d70578ca8723558b32f34f9803469ea36a
STREAM_MAP_PATH=/data/pdk/xfab/xh018/cadence/v10_1/PDK/IC61/v10_1_1/TECH_XH018_1131/pnr_streamout.map
STREAM_MAP_SHA256=4d7b850f74ef193b6bc7b15b1e52fd38ba61cc4a6e1b283c4201343a20ad233d
PATCHED_STREAMOUT_PATH=/sim/ksabra/SPADMIC_work/innovus/20260827_mptdc_bufftap0_physical_source_vddfix_151123/work/streamout_mptdc_merged_ro6.replayed.tcl
PATCHED_STREAMOUT_SHA256=fefff846f74e20317360b077947bbfc0fb87ae964368e53818783d1d18e22c7a
STREAM_MAP_BINDING_REPORT_PATH=/sim/ksabra/SPADMIC_work/innovus/20260827_mptdc_bufftap0_physical_source_vddfix_151123/reports/streamout_map_binding.rpt
STREAM_MAP_BINDING_REPORT_SHA256=f7d4258338147dfb93672c14e035f4fcfa3c32d8a5e28768cdff9f9a3ffc43fd
FINAL_DEF_PATH=/sim/ksabra/SPADMIC_work/innovus/20260827_mptdc_bufftap0_physical_source_vddfix_151123/outputs/mptdc_axis_core.def
FINAL_DEF_SHA256=1096608ef5c5680f73432e09b1c74dbf7411d6e6c9fdf25db1daedf9bda120c0
TAP_PIN_REPORT_PATH=/sim/ksabra/SPADMIC_work/innovus/20260827_mptdc_bufftap0_physical_source_vddfix_151123/reports/tap_pin_contract.rpt
TAP_PIN_REPORT_SHA256=3aa74ad80310eb399e64affa1087782772973d50c4ac347bc896b82a0fb521e8
