============================================================
  Generated by:           Genus(TM) Synthesis Solution 22.13-s093_1
  Generated on:           Jun 02 2026  11:02:27 am
  Module:                 mptdc_top_asic
  Operating conditions:   slow_1_62V_125C 
  Interconnect mode:      global
  Area mode:              physical library
============================================================


Path 1: VIOLATED (-1332 ps) Setup Check with Pin u_core_gen_pd_row[7].gen_pd_col[7].u_pd/nfast_hit_latched_reg[0]/C->D
           View: wc_view
          Group: clk_osc_fast_tap7
     Startpoint: (R) u_core_gen_pd_row[7].gen_pd_col[7].u_pd/hit_latched_reg/C
          Clock: (R) clk_osc_fast_tap7
       Endpoint: (F) u_core_gen_pd_row[7].gen_pd_col[7].u_pd/nfast_hit_latched_reg[0]/D
          Clock: (R) clk_osc_fast_tap7

                     Capture       Launch     
        Clock Edge:+    2253          686     
       Src Latency:+       0            0     
       Net Latency:+       0 (I)        0 (I) 
           Arrival:=    2253          686     
                                              
             Setup:-     641                  
       Uncertainty:-      50                  
     Required Time:=    1562                  
      Launch Clock:-     686                  
         Data Path:-    2208                  
             Slack:=   -1332                  

#-------------------------------------------------------------------------------------------------------------------------------------------
#                           Timing Point                             Flags   Arc   Edge   Cell     Fanout Load Trans Delay Arrival Instance 
#                                                                                                         (fF)  (ps)  (ps)   (ps)  Location 
#-------------------------------------------------------------------------------------------------------------------------------------------
  u_core_gen_pd_row[7].gen_pd_col[7].u_pd/hit_latched_reg/C          -       -     R     (arrival)     87    -   150     0     686    (-,-) 
  u_core_gen_pd_row[7].gen_pd_col[7].u_pd/hit_latched_reg/Q          -       C->Q  R     DFRRQHDX1      2 32.2   364  1013    1699    (-,-) 
  u_core_gen_pd_row[7].gen_pd_col[7].u_pd/g1040/Q                    -       AN->Q R     NA2I1HDX4      8 82.1   396   488    2187    (-,-) 
  u_core_gen_pd_row[7].gen_pd_col[7].u_pd/g1075/Q                    -       AN->Q R     NA2I1HDX1      1 14.2   309   427    2614    (-,-) 
  u_core_gen_pd_row[7].gen_pd_col[7].u_pd/g1025/Q                    -       C->Q  F     ON21HDX1       1 12.3   211   279    2893    (-,-) 
  u_core_gen_pd_row[7].gen_pd_col[7].u_pd/nfast_hit_latched_reg[0]/D -       -     F     DFRRHDX2       1    -     -     0    2893    (-,-) 
#-------------------------------------------------------------------------------------------------------------------------------------------



Path 2: VIOLATED (-1332 ps) Setup Check with Pin u_core_gen_pd_row[7].gen_pd_col[6].u_pd/nfast_hit_latched_reg[0]/C->D
           View: wc_view
          Group: clk_osc_fast_tap6
     Startpoint: (R) u_core_gen_pd_row[7].gen_pd_col[6].u_pd/hit_latched_reg/C
          Clock: (R) clk_osc_fast_tap6
       Endpoint: (F) u_core_gen_pd_row[7].gen_pd_col[6].u_pd/nfast_hit_latched_reg[0]/D
          Clock: (R) clk_osc_fast_tap6

                     Capture       Launch     
        Clock Edge:+    2155          588     
       Src Latency:+       0            0     
       Net Latency:+       0 (I)        0 (I) 
           Arrival:=    2155          588     
                                              
             Setup:-     641                  
       Uncertainty:-      50                  
     Required Time:=    1464                  
      Launch Clock:-     588                  
         Data Path:-    2208                  
             Slack:=   -1332                  

#-------------------------------------------------------------------------------------------------------------------------------------------
#                           Timing Point                             Flags   Arc   Edge   Cell     Fanout Load Trans Delay Arrival Instance 
#                                                                                                         (fF)  (ps)  (ps)   (ps)  Location 
#-------------------------------------------------------------------------------------------------------------------------------------------
  u_core_gen_pd_row[7].gen_pd_col[6].u_pd/hit_latched_reg/C          -       -     R     (arrival)     87    -   150     0     588    (-,-) 
  u_core_gen_pd_row[7].gen_pd_col[6].u_pd/hit_latched_reg/Q          -       C->Q  R     DFRRQHDX1      2 32.2   364  1013    1601    (-,-) 
  u_core_gen_pd_row[7].gen_pd_col[6].u_pd/g1040/Q                    -       AN->Q R     NA2I1HDX4      8 82.1   396   488    2089    (-,-) 
  u_core_gen_pd_row[7].gen_pd_col[6].u_pd/g1075/Q                    -       AN->Q R     NA2I1HDX1      1 14.2   309   427    2516    (-,-) 
  u_core_gen_pd_row[7].gen_pd_col[6].u_pd/g1025/Q                    -       C->Q  F     ON21HDX1       1 12.3   211   279    2795    (-,-) 
  u_core_gen_pd_row[7].gen_pd_col[6].u_pd/nfast_hit_latched_reg[0]/D -       -     F     DFRRHDX2       1    -     -     0    2795    (-,-) 
#-------------------------------------------------------------------------------------------------------------------------------------------



Path 3: VIOLATED (-1332 ps) Setup Check with Pin u_core_gen_pd_row[7].gen_pd_col[5].u_pd/nfast_hit_latched_reg[0]/C->D
           View: wc_view
          Group: clk_osc_fast_tap5
     Startpoint: (R) u_core_gen_pd_row[7].gen_pd_col[5].u_pd/hit_latched_reg/C
          Clock: (R) clk_osc_fast_tap5
       Endpoint: (F) u_core_gen_pd_row[7].gen_pd_col[5].u_pd/nfast_hit_latched_reg[0]/D
          Clock: (R) clk_osc_fast_tap5

                     Capture       Launch     
        Clock Edge:+    2057          490     
       Src Latency:+       0            0     
       Net Latency:+       0 (I)        0 (I) 
           Arrival:=    2057          490     
                                              
             Setup:-     641                  
       Uncertainty:-      50                  
     Required Time:=    1366                  
      Launch Clock:-     490                  
         Data Path:-    2208                  
             Slack:=   -1332                  

#-------------------------------------------------------------------------------------------------------------------------------------------
#                           Timing Point                             Flags   Arc   Edge   Cell     Fanout Load Trans Delay Arrival Instance 
#                                                                                                         (fF)  (ps)  (ps)   (ps)  Location 
#-------------------------------------------------------------------------------------------------------------------------------------------
  u_core_gen_pd_row[7].gen_pd_col[5].u_pd/hit_latched_reg/C          -       -     R     (arrival)     87    -   150     0     490    (-,-) 
  u_core_gen_pd_row[7].gen_pd_col[5].u_pd/hit_latched_reg/Q          -       C->Q  R     DFRRQHDX1      2 32.2   364  1013    1503    (-,-) 
  u_core_gen_pd_row[7].gen_pd_col[5].u_pd/g1040/Q                    -       AN->Q R     NA2I1HDX4      8 82.1   396   488    1991    (-,-) 
  u_core_gen_pd_row[7].gen_pd_col[5].u_pd/g1075/Q                    -       AN->Q R     NA2I1HDX1      1 14.2   309   427    2418    (-,-) 
  u_core_gen_pd_row[7].gen_pd_col[5].u_pd/g1025/Q                    -       C->Q  F     ON21HDX1       1 12.3   211   279    2697    (-,-) 
  u_core_gen_pd_row[7].gen_pd_col[5].u_pd/nfast_hit_latched_reg[0]/D -       -     F     DFRRHDX2       1    -     -     0    2697    (-,-) 
#-------------------------------------------------------------------------------------------------------------------------------------------



Path 4: VIOLATED (-1332 ps) Setup Check with Pin u_core_gen_pd_row[7].gen_pd_col[4].u_pd/nfast_hit_latched_reg[0]/C->D
           View: wc_view
          Group: clk_osc_fast_tap4
     Startpoint: (R) u_core_gen_pd_row[7].gen_pd_col[4].u_pd/hit_latched_reg/C
          Clock: (R) clk_osc_fast_tap4
       Endpoint: (F) u_core_gen_pd_row[7].gen_pd_col[4].u_pd/nfast_hit_latched_reg[0]/D
          Clock: (R) clk_osc_fast_tap4

                     Capture       Launch     
        Clock Edge:+    1959          392     
       Src Latency:+       0            0     
       Net Latency:+       0 (I)        0 (I) 
           Arrival:=    1959          392     
                                              
             Setup:-     641                  
       Uncertainty:-      50                  
     Required Time:=    1268                  
      Launch Clock:-     392                  
         Data Path:-    2208                  
             Slack:=   -1332                  

#-------------------------------------------------------------------------------------------------------------------------------------------
#                           Timing Point                             Flags   Arc   Edge   Cell     Fanout Load Trans Delay Arrival Instance 
#                                                                                                         (fF)  (ps)  (ps)   (ps)  Location 
#-------------------------------------------------------------------------------------------------------------------------------------------
  u_core_gen_pd_row[7].gen_pd_col[4].u_pd/hit_latched_reg/C          -       -     R     (arrival)     87    -   150     0     392    (-,-) 
  u_core_gen_pd_row[7].gen_pd_col[4].u_pd/hit_latched_reg/Q          -       C->Q  R     DFRRQHDX1      2 32.2   364  1013    1405    (-,-) 
  u_core_gen_pd_row[7].gen_pd_col[4].u_pd/g1040/Q                    -       AN->Q R     NA2I1HDX4      8 82.1   396   488    1893    (-,-) 
  u_core_gen_pd_row[7].gen_pd_col[4].u_pd/g1075/Q                    -       AN->Q R     NA2I1HDX1      1 14.2   309   427    2320    (-,-) 
  u_core_gen_pd_row[7].gen_pd_col[4].u_pd/g1025/Q                    -       C->Q  F     ON21HDX1       1 12.3   211   279    2599    (-,-) 
  u_core_gen_pd_row[7].gen_pd_col[4].u_pd/nfast_hit_latched_reg[0]/D -       -     F     DFRRHDX2       1    -     -     0    2599    (-,-) 
#-------------------------------------------------------------------------------------------------------------------------------------------



Path 5: VIOLATED (-1332 ps) Setup Check with Pin u_core_gen_pd_row[7].gen_pd_col[3].u_pd/nfast_hit_latched_reg[0]/C->D
           View: wc_view
          Group: clk_osc_fast_tap3
     Startpoint: (R) u_core_gen_pd_row[7].gen_pd_col[3].u_pd/hit_latched_reg/C
          Clock: (R) clk_osc_fast_tap3
       Endpoint: (F) u_core_gen_pd_row[7].gen_pd_col[3].u_pd/nfast_hit_latched_reg[0]/D
          Clock: (R) clk_osc_fast_tap3

                     Capture       Launch     
        Clock Edge:+    1861          294     
       Src Latency:+       0            0     
       Net Latency:+       0 (I)        0 (I) 
           Arrival:=    1861          294     
                                              
             Setup:-     641                  
       Uncertainty:-      50                  
     Required Time:=    1170                  
      Launch Clock:-     294                  
         Data Path:-    2208                  
             Slack:=   -1332                  

#-------------------------------------------------------------------------------------------------------------------------------------------
#                           Timing Point                             Flags   Arc   Edge   Cell     Fanout Load Trans Delay Arrival Instance 
#                                                                                                         (fF)  (ps)  (ps)   (ps)  Location 
#-------------------------------------------------------------------------------------------------------------------------------------------
  u_core_gen_pd_row[7].gen_pd_col[3].u_pd/hit_latched_reg/C          -       -     R     (arrival)     87    -   150     0     294    (-,-) 
  u_core_gen_pd_row[7].gen_pd_col[3].u_pd/hit_latched_reg/Q          -       C->Q  R     DFRRQHDX1      2 32.2   364  1013    1307    (-,-) 
  u_core_gen_pd_row[7].gen_pd_col[3].u_pd/g1040/Q                    -       AN->Q R     NA2I1HDX4      8 82.1   396   488    1795    (-,-) 
  u_core_gen_pd_row[7].gen_pd_col[3].u_pd/g1075/Q                    -       AN->Q R     NA2I1HDX1      1 14.2   309   427    2222    (-,-) 
  u_core_gen_pd_row[7].gen_pd_col[3].u_pd/g1025/Q                    -       C->Q  F     ON21HDX1       1 12.3   211   279    2501    (-,-) 
  u_core_gen_pd_row[7].gen_pd_col[3].u_pd/nfast_hit_latched_reg[0]/D -       -     F     DFRRHDX2       1    -     -     0    2501    (-,-) 
#-------------------------------------------------------------------------------------------------------------------------------------------



Path 6: VIOLATED (-1332 ps) Setup Check with Pin u_core_gen_pd_row[7].gen_pd_col[2].u_pd/nfast_hit_latched_reg[0]/C->D
           View: wc_view
          Group: clk_osc_fast_tap2
     Startpoint: (R) u_core_gen_pd_row[7].gen_pd_col[2].u_pd/hit_latched_reg/C
          Clock: (R) clk_osc_fast_tap2
       Endpoint: (F) u_core_gen_pd_row[7].gen_pd_col[2].u_pd/nfast_hit_latched_reg[0]/D
          Clock: (R) clk_osc_fast_tap2

                     Capture       Launch     
        Clock Edge:+    1763          196     
       Src Latency:+       0            0     
       Net Latency:+       0 (I)        0 (I) 
           Arrival:=    1763          196     
                                              
             Setup:-     641                  
       Uncertainty:-      50                  
     Required Time:=    1072                  
      Launch Clock:-     196                  
         Data Path:-    2208                  
             Slack:=   -1332                  

#-------------------------------------------------------------------------------------------------------------------------------------------
#                           Timing Point                             Flags   Arc   Edge   Cell     Fanout Load Trans Delay Arrival Instance 
#                                                                                                         (fF)  (ps)  (ps)   (ps)  Location 
#-------------------------------------------------------------------------------------------------------------------------------------------
  u_core_gen_pd_row[7].gen_pd_col[2].u_pd/hit_latched_reg/C          -       -     R     (arrival)     87    -   150     0     196    (-,-) 
  u_core_gen_pd_row[7].gen_pd_col[2].u_pd/hit_latched_reg/Q          -       C->Q  R     DFRRQHDX1      2 32.2   364  1013    1209    (-,-) 
  u_core_gen_pd_row[7].gen_pd_col[2].u_pd/g1040/Q                    -       AN->Q R     NA2I1HDX4      8 82.1   396   488    1697    (-,-) 
  u_core_gen_pd_row[7].gen_pd_col[2].u_pd/g1075/Q                    -       AN->Q R     NA2I1HDX1      1 14.2   309   427    2125    (-,-) 
  u_core_gen_pd_row[7].gen_pd_col[2].u_pd/g1025/Q                    -       C->Q  F     ON21HDX1       1 12.3   211   279    2403    (-,-) 
  u_core_gen_pd_row[7].gen_pd_col[2].u_pd/nfast_hit_latched_reg[0]/D -       -     F     DFRRHDX2       1    -     -     0    2404    (-,-) 
#-------------------------------------------------------------------------------------------------------------------------------------------



Path 7: VIOLATED (-1332 ps) Setup Check with Pin u_core_gen_pd_row[7].gen_pd_col[1].u_pd/nfast_hit_latched_reg[0]/C->D
           View: wc_view
          Group: clk_osc_fast_tap1
     Startpoint: (R) u_core_gen_pd_row[7].gen_pd_col[1].u_pd/hit_latched_reg/C
          Clock: (R) clk_osc_fast_tap1
       Endpoint: (F) u_core_gen_pd_row[7].gen_pd_col[1].u_pd/nfast_hit_latched_reg[0]/D
          Clock: (R) clk_osc_fast_tap1

                     Capture       Launch     
        Clock Edge:+    1665           98     
       Src Latency:+       0            0     
       Net Latency:+       0 (I)        0 (I) 
           Arrival:=    1665           98     
                                              
             Setup:-     641                  
       Uncertainty:-      50                  
     Required Time:=     974                  
      Launch Clock:-      98                  
         Data Path:-    2208                  
             Slack:=   -1332                  

#-------------------------------------------------------------------------------------------------------------------------------------------
#                           Timing Point                             Flags   Arc   Edge   Cell     Fanout Load Trans Delay Arrival Instance 
#                                                                                                         (fF)  (ps)  (ps)   (ps)  Location 
#-------------------------------------------------------------------------------------------------------------------------------------------
  u_core_gen_pd_row[7].gen_pd_col[1].u_pd/hit_latched_reg/C          -       -     R     (arrival)     87    -   150     0      98    (-,-) 
  u_core_gen_pd_row[7].gen_pd_col[1].u_pd/hit_latched_reg/Q          -       C->Q  R     DFRRQHDX1      2 32.2   364  1013    1111    (-,-) 
  u_core_gen_pd_row[7].gen_pd_col[1].u_pd/g1040/Q                    -       AN->Q R     NA2I1HDX4      8 82.1   396   488    1599    (-,-) 
  u_core_gen_pd_row[7].gen_pd_col[1].u_pd/g1075/Q                    -       AN->Q R     NA2I1HDX1      1 14.2   309   427    2027    (-,-) 
  u_core_gen_pd_row[7].gen_pd_col[1].u_pd/g1025/Q                    -       C->Q  F     ON21HDX1       1 12.3   211   279    2305    (-,-) 
  u_core_gen_pd_row[7].gen_pd_col[1].u_pd/nfast_hit_latched_reg[0]/D -       -     F     DFRRHDX2       1    -     -     0    2306    (-,-) 
#-------------------------------------------------------------------------------------------------------------------------------------------



Path 8: VIOLATED (-1332 ps) Setup Check with Pin u_core_gen_pd_row[6].gen_pd_col[7].u_pd/nfast_hit_latched_reg[0]/C->D
           View: wc_view
          Group: clk_osc_fast_tap7
     Startpoint: (R) u_core_gen_pd_row[6].gen_pd_col[7].u_pd/hit_latched_reg/C
          Clock: (R) clk_osc_fast_tap7
       Endpoint: (F) u_core_gen_pd_row[6].gen_pd_col[7].u_pd/nfast_hit_latched_reg[0]/D
          Clock: (R) clk_osc_fast_tap7

                     Capture       Launch     
        Clock Edge:+    2253          686     
       Src Latency:+       0            0     
       Net Latency:+       0 (I)        0 (I) 
           Arrival:=    2253          686     
                                              
             Setup:-     641                  
       Uncertainty:-      50                  
     Required Time:=    1562                  
      Launch Clock:-     686                  
         Data Path:-    2208                  
             Slack:=   -1332                  

#-------------------------------------------------------------------------------------------------------------------------------------------
#                           Timing Point                             Flags   Arc   Edge   Cell     Fanout Load Trans Delay Arrival Instance 
#                                                                                                         (fF)  (ps)  (ps)   (ps)  Location 
#-------------------------------------------------------------------------------------------------------------------------------------------
  u_core_gen_pd_row[6].gen_pd_col[7].u_pd/hit_latched_reg/C          -       -     R     (arrival)     87    -   150     0     686    (-,-) 
  u_core_gen_pd_row[6].gen_pd_col[7].u_pd/hit_latched_reg/Q          -       C->Q  R     DFRRQHDX1      2 32.2   364  1013    1699    (-,-) 
  u_core_gen_pd_row[6].gen_pd_col[7].u_pd/g1040/Q                    -       AN->Q R     NA2I1HDX4      8 82.1   396   488    2187    (-,-) 
  u_core_gen_pd_row[6].gen_pd_col[7].u_pd/g1075/Q                    -       AN->Q R     NA2I1HDX1      1 14.2   309   427    2614    (-,-) 
  u_core_gen_pd_row[6].gen_pd_col[7].u_pd/g1025/Q                    -       C->Q  F     ON21HDX1       1 12.3   211   279    2893    (-,-) 
  u_core_gen_pd_row[6].gen_pd_col[7].u_pd/nfast_hit_latched_reg[0]/D -       -     F     DFRRHDX2       1    -     -     0    2893    (-,-) 
#-------------------------------------------------------------------------------------------------------------------------------------------



Path 9: VIOLATED (-1332 ps) Setup Check with Pin u_core_gen_pd_row[6].gen_pd_col[6].u_pd/nfast_hit_latched_reg[0]/C->D
           View: wc_view
          Group: clk_osc_fast_tap6
     Startpoint: (R) u_core_gen_pd_row[6].gen_pd_col[6].u_pd/hit_latched_reg/C
          Clock: (R) clk_osc_fast_tap6
       Endpoint: (F) u_core_gen_pd_row[6].gen_pd_col[6].u_pd/nfast_hit_latched_reg[0]/D
          Clock: (R) clk_osc_fast_tap6

                     Capture       Launch     
        Clock Edge:+    2155          588     
       Src Latency:+       0            0     
       Net Latency:+       0 (I)        0 (I) 
           Arrival:=    2155          588     
                                              
             Setup:-     641                  
       Uncertainty:-      50                  
     Required Time:=    1464                  
      Launch Clock:-     588                  
         Data Path:-    2208                  
             Slack:=   -1332                  

#-------------------------------------------------------------------------------------------------------------------------------------------
#                           Timing Point                             Flags   Arc   Edge   Cell     Fanout Load Trans Delay Arrival Instance 
#                                                                                                         (fF)  (ps)  (ps)   (ps)  Location 
#-------------------------------------------------------------------------------------------------------------------------------------------
  u_core_gen_pd_row[6].gen_pd_col[6].u_pd/hit_latched_reg/C          -       -     R     (arrival)     87    -   150     0     588    (-,-) 
  u_core_gen_pd_row[6].gen_pd_col[6].u_pd/hit_latched_reg/Q          -       C->Q  R     DFRRQHDX1      2 32.2   364  1013    1601    (-,-) 
  u_core_gen_pd_row[6].gen_pd_col[6].u_pd/g1040/Q                    -       AN->Q R     NA2I1HDX4      8 82.1   396   488    2089    (-,-) 
  u_core_gen_pd_row[6].gen_pd_col[6].u_pd/g1075/Q                    -       AN->Q R     NA2I1HDX1      1 14.2   309   427    2516    (-,-) 
  u_core_gen_pd_row[6].gen_pd_col[6].u_pd/g1025/Q                    -       C->Q  F     ON21HDX1       1 12.3   211   279    2795    (-,-) 
  u_core_gen_pd_row[6].gen_pd_col[6].u_pd/nfast_hit_latched_reg[0]/D -       -     F     DFRRHDX2       1    -     -     0    2795    (-,-) 
#-------------------------------------------------------------------------------------------------------------------------------------------



Path 10: VIOLATED (-1332 ps) Setup Check with Pin u_core_gen_pd_row[6].gen_pd_col[5].u_pd/nfast_hit_latched_reg[0]/C->D
           View: wc_view
          Group: clk_osc_fast_tap5
     Startpoint: (R) u_core_gen_pd_row[6].gen_pd_col[5].u_pd/hit_latched_reg/C
          Clock: (R) clk_osc_fast_tap5
       Endpoint: (F) u_core_gen_pd_row[6].gen_pd_col[5].u_pd/nfast_hit_latched_reg[0]/D
          Clock: (R) clk_osc_fast_tap5

                     Capture       Launch     
        Clock Edge:+    2057          490     
       Src Latency:+       0            0     
       Net Latency:+       0 (I)        0 (I) 
           Arrival:=    2057          490     
                                              
             Setup:-     641                  
       Uncertainty:-      50                  
     Required Time:=    1366                  
      Launch Clock:-     490                  
         Data Path:-    2208                  
             Slack:=   -1332                  

#-------------------------------------------------------------------------------------------------------------------------------------------
#                           Timing Point                             Flags   Arc   Edge   Cell     Fanout Load Trans Delay Arrival Instance 
#                                                                                                         (fF)  (ps)  (ps)   (ps)  Location 
#-------------------------------------------------------------------------------------------------------------------------------------------
  u_core_gen_pd_row[6].gen_pd_col[5].u_pd/hit_latched_reg/C          -       -     R     (arrival)     87    -   150     0     490    (-,-) 
  u_core_gen_pd_row[6].gen_pd_col[5].u_pd/hit_latched_reg/Q          -       C->Q  R     DFRRQHDX1      2 32.2   364  1013    1503    (-,-) 
  u_core_gen_pd_row[6].gen_pd_col[5].u_pd/g1040/Q                    -       AN->Q R     NA2I1HDX4      8 82.1   396   488    1991    (-,-) 
  u_core_gen_pd_row[6].gen_pd_col[5].u_pd/g1075/Q                    -       AN->Q R     NA2I1HDX1      1 14.2   309   427    2418    (-,-) 
  u_core_gen_pd_row[6].gen_pd_col[5].u_pd/g1025/Q                    -       C->Q  F     ON21HDX1       1 12.3   211   279    2697    (-,-) 
  u_core_gen_pd_row[6].gen_pd_col[5].u_pd/nfast_hit_latched_reg[0]/D -       -     F     DFRRHDX2       1    -     -     0    2697    (-,-) 
#-------------------------------------------------------------------------------------------------------------------------------------------



Path 11: VIOLATED (-1332 ps) Setup Check with Pin u_core_gen_pd_row[6].gen_pd_col[4].u_pd/nfast_hit_latched_reg[0]/C->D
           View: wc_view
          Group: clk_osc_fast_tap4
     Startpoint: (R) u_core_gen_pd_row[6].gen_pd_col[4].u_pd/hit_latched_reg/C
          Clock: (R) clk_osc_fast_tap4
       Endpoint: (F) u_core_gen_pd_row[6].gen_pd_col[4].u_pd/nfast_hit_latched_reg[0]/D
          Clock: (R) clk_osc_fast_tap4

                     Capture       Launch     
        Clock Edge:+    1959          392     
       Src Latency:+       0            0     
       Net Latency:+       0 (I)        0 (I) 
           Arrival:=    1959          392     
                                              
             Setup:-     641                  
       Uncertainty:-      50                  
     Required Time:=    1268                  
      Launch Clock:-     392                  
         Data Path:-    2208                  
             Slack:=   -1332                  

#-------------------------------------------------------------------------------------------------------------------------------------------
#                           Timing Point                             Flags   Arc   Edge   Cell     Fanout Load Trans Delay Arrival Instance 
#                                                                                                         (fF)  (ps)  (ps)   (ps)  Location 
#-------------------------------------------------------------------------------------------------------------------------------------------
  u_core_gen_pd_row[6].gen_pd_col[4].u_pd/hit_latched_reg/C          -       -     R     (arrival)     87    -   150     0     392    (-,-) 
  u_core_gen_pd_row[6].gen_pd_col[4].u_pd/hit_latched_reg/Q          -       C->Q  R     DFRRQHDX1      2 32.2   364  1013    1405    (-,-) 
  u_core_gen_pd_row[6].gen_pd_col[4].u_pd/g1040/Q                    -       AN->Q R     NA2I1HDX4      8 82.1   396   488    1893    (-,-) 
  u_core_gen_pd_row[6].gen_pd_col[4].u_pd/g1075/Q                    -       AN->Q R     NA2I1HDX1      1 14.2   309   427    2320    (-,-) 
  u_core_gen_pd_row[6].gen_pd_col[4].u_pd/g1025/Q                    -       C->Q  F     ON21HDX1       1 12.3   211   279    2599    (-,-) 
  u_core_gen_pd_row[6].gen_pd_col[4].u_pd/nfast_hit_latched_reg[0]/D -       -     F     DFRRHDX2       1    -     -     0    2599    (-,-) 
#-------------------------------------------------------------------------------------------------------------------------------------------



Path 12: VIOLATED (-1332 ps) Setup Check with Pin u_core_gen_pd_row[6].gen_pd_col[3].u_pd/nfast_hit_latched_reg[0]/C->D
           View: wc_view
          Group: clk_osc_fast_tap3
     Startpoint: (R) u_core_gen_pd_row[6].gen_pd_col[3].u_pd/hit_latched_reg/C
          Clock: (R) clk_osc_fast_tap3
       Endpoint: (F) u_core_gen_pd_row[6].gen_pd_col[3].u_pd/nfast_hit_latched_reg[0]/D
          Clock: (R) clk_osc_fast_tap3

                     Capture       Launch     
        Clock Edge:+    1861          294     
       Src Latency:+       0            0     
       Net Latency:+       0 (I)        0 (I) 
           Arrival:=    1861          294     
                                              
             Setup:-     641                  
       Uncertainty:-      50                  
     Required Time:=    1170                  
      Launch Clock:-     294                  
         Data Path:-    2208                  
             Slack:=   -1332                  

#-------------------------------------------------------------------------------------------------------------------------------------------
#                           Timing Point                             Flags   Arc   Edge   Cell     Fanout Load Trans Delay Arrival Instance 
#                                                                                                         (fF)  (ps)  (ps)   (ps)  Location 
#-------------------------------------------------------------------------------------------------------------------------------------------
  u_core_gen_pd_row[6].gen_pd_col[3].u_pd/hit_latched_reg/C          -       -     R     (arrival)     87    -   150     0     294    (-,-) 
  u_core_gen_pd_row[6].gen_pd_col[3].u_pd/hit_latched_reg/Q          -       C->Q  R     DFRRQHDX1      2 32.2   364  1013    1307    (-,-) 
  u_core_gen_pd_row[6].gen_pd_col[3].u_pd/g1040/Q                    -       AN->Q R     NA2I1HDX4      8 82.1   396   488    1795    (-,-) 
  u_core_gen_pd_row[6].gen_pd_col[3].u_pd/g1075/Q                    -       AN->Q R     NA2I1HDX1      1 14.2   309   427    2222    (-,-) 
  u_core_gen_pd_row[6].gen_pd_col[3].u_pd/g1025/Q                    -       C->Q  F     ON21HDX1       1 12.3   211   279    2501    (-,-) 
  u_core_gen_pd_row[6].gen_pd_col[3].u_pd/nfast_hit_latched_reg[0]/D -       -     F     DFRRHDX2       1    -     -     0    2501    (-,-) 
#-------------------------------------------------------------------------------------------------------------------------------------------



Path 13: VIOLATED (-1332 ps) Setup Check with Pin u_core_gen_pd_row[6].gen_pd_col[2].u_pd/nfast_hit_latched_reg[0]/C->D
           View: wc_view
          Group: clk_osc_fast_tap2
     Startpoint: (R) u_core_gen_pd_row[6].gen_pd_col[2].u_pd/hit_latched_reg/C
          Clock: (R) clk_osc_fast_tap2
       Endpoint: (F) u_core_gen_pd_row[6].gen_pd_col[2].u_pd/nfast_hit_latched_reg[0]/D
          Clock: (R) clk_osc_fast_tap2

                     Capture       Launch     
        Clock Edge:+    1763          196     
       Src Latency:+       0            0     
       Net Latency:+       0 (I)        0 (I) 
           Arrival:=    1763          196     
                                              
             Setup:-     641                  
       Uncertainty:-      50                  
     Required Time:=    1072                  
      Launch Clock:-     196                  
         Data Path:-    2208                  
             Slack:=   -1332                  

#-------------------------------------------------------------------------------------------------------------------------------------------
#                           Timing Point                             Flags   Arc   Edge   Cell     Fanout Load Trans Delay Arrival Instance 
#                                                                                                         (fF)  (ps)  (ps)   (ps)  Location 
#-------------------------------------------------------------------------------------------------------------------------------------------
  u_core_gen_pd_row[6].gen_pd_col[2].u_pd/hit_latched_reg/C          -       -     R     (arrival)     87    -   150     0     196    (-,-) 
  u_core_gen_pd_row[6].gen_pd_col[2].u_pd/hit_latched_reg/Q          -       C->Q  R     DFRRQHDX1      2 32.2   364  1013    1209    (-,-) 
  u_core_gen_pd_row[6].gen_pd_col[2].u_pd/g1040/Q                    -       AN->Q R     NA2I1HDX4      8 82.1   396   488    1697    (-,-) 
  u_core_gen_pd_row[6].gen_pd_col[2].u_pd/g1075/Q                    -       AN->Q R     NA2I1HDX1      1 14.2   309   427    2125    (-,-) 
  u_core_gen_pd_row[6].gen_pd_col[2].u_pd/g1025/Q                    -       C->Q  F     ON21HDX1       1 12.3   211   279    2403    (-,-) 
  u_core_gen_pd_row[6].gen_pd_col[2].u_pd/nfast_hit_latched_reg[0]/D -       -     F     DFRRHDX2       1    -     -     0    2404    (-,-) 
#-------------------------------------------------------------------------------------------------------------------------------------------



Path 14: VIOLATED (-1332 ps) Setup Check with Pin u_core_gen_pd_row[6].gen_pd_col[1].u_pd/nfast_hit_latched_reg[0]/C->D
           View: wc_view
          Group: clk_osc_fast_tap1
     Startpoint: (R) u_core_gen_pd_row[6].gen_pd_col[1].u_pd/hit_latched_reg/C
          Clock: (R) clk_osc_fast_tap1
       Endpoint: (F) u_core_gen_pd_row[6].gen_pd_col[1].u_pd/nfast_hit_latched_reg[0]/D
          Clock: (R) clk_osc_fast_tap1

                     Capture       Launch     
        Clock Edge:+    1665           98     
       Src Latency:+       0            0     
       Net Latency:+       0 (I)        0 (I) 
           Arrival:=    1665           98     
                                              
             Setup:-     641                  
       Uncertainty:-      50                  
     Required Time:=     974                  
      Launch Clock:-      98                  
         Data Path:-    2208                  
             Slack:=   -1332                  

#-------------------------------------------------------------------------------------------------------------------------------------------
#                           Timing Point                             Flags   Arc   Edge   Cell     Fanout Load Trans Delay Arrival Instance 
#                                                                                                         (fF)  (ps)  (ps)   (ps)  Location 
#-------------------------------------------------------------------------------------------------------------------------------------------
  u_core_gen_pd_row[6].gen_pd_col[1].u_pd/hit_latched_reg/C          -       -     R     (arrival)     87    -   150     0      98    (-,-) 
  u_core_gen_pd_row[6].gen_pd_col[1].u_pd/hit_latched_reg/Q          -       C->Q  R     DFRRQHDX1      2 32.2   364  1013    1111    (-,-) 
  u_core_gen_pd_row[6].gen_pd_col[1].u_pd/g1040/Q                    -       AN->Q R     NA2I1HDX4      8 82.1   396   488    1599    (-,-) 
  u_core_gen_pd_row[6].gen_pd_col[1].u_pd/g1075/Q                    -       AN->Q R     NA2I1HDX1      1 14.2   309   427    2027    (-,-) 
  u_core_gen_pd_row[6].gen_pd_col[1].u_pd/g1025/Q                    -       C->Q  F     ON21HDX1       1 12.3   211   279    2305    (-,-) 
  u_core_gen_pd_row[6].gen_pd_col[1].u_pd/nfast_hit_latched_reg[0]/D -       -     F     DFRRHDX2       1    -     -     0    2306    (-,-) 
#-------------------------------------------------------------------------------------------------------------------------------------------



Path 15: VIOLATED (-1332 ps) Setup Check with Pin u_core_gen_pd_row[5].gen_pd_col[7].u_pd/nfast_hit_latched_reg[0]/C->D
           View: wc_view
          Group: clk_osc_fast_tap7
     Startpoint: (R) u_core_gen_pd_row[5].gen_pd_col[7].u_pd/hit_latched_reg/C
          Clock: (R) clk_osc_fast_tap7
       Endpoint: (F) u_core_gen_pd_row[5].gen_pd_col[7].u_pd/nfast_hit_latched_reg[0]/D
          Clock: (R) clk_osc_fast_tap7

                     Capture       Launch     
        Clock Edge:+    2253          686     
       Src Latency:+       0            0     
       Net Latency:+       0 (I)        0 (I) 
           Arrival:=    2253          686     
                                              
             Setup:-     641                  
       Uncertainty:-      50                  
     Required Time:=    1562                  
      Launch Clock:-     686                  
         Data Path:-    2208                  
             Slack:=   -1332                  

#-------------------------------------------------------------------------------------------------------------------------------------------
#                           Timing Point                             Flags   Arc   Edge   Cell     Fanout Load Trans Delay Arrival Instance 
#                                                                                                         (fF)  (ps)  (ps)   (ps)  Location 
#-------------------------------------------------------------------------------------------------------------------------------------------
  u_core_gen_pd_row[5].gen_pd_col[7].u_pd/hit_latched_reg/C          -       -     R     (arrival)     87    -   150     0     686    (-,-) 
  u_core_gen_pd_row[5].gen_pd_col[7].u_pd/hit_latched_reg/Q          -       C->Q  R     DFRRQHDX1      2 32.2   364  1013    1699    (-,-) 
  u_core_gen_pd_row[5].gen_pd_col[7].u_pd/g1040/Q                    -       AN->Q R     NA2I1HDX4      8 82.1   396   488    2187    (-,-) 
  u_core_gen_pd_row[5].gen_pd_col[7].u_pd/g1075/Q                    -       AN->Q R     NA2I1HDX1      1 14.2   309   427    2614    (-,-) 
  u_core_gen_pd_row[5].gen_pd_col[7].u_pd/g1025/Q                    -       C->Q  F     ON21HDX1       1 12.3   211   279    2893    (-,-) 
  u_core_gen_pd_row[5].gen_pd_col[7].u_pd/nfast_hit_latched_reg[0]/D -       -     F     DFRRHDX2       1    -     -     0    2893    (-,-) 
#-------------------------------------------------------------------------------------------------------------------------------------------



Path 16: VIOLATED (-1332 ps) Setup Check with Pin u_core_gen_pd_row[5].gen_pd_col[6].u_pd/nfast_hit_latched_reg[0]/C->D
           View: wc_view
          Group: clk_osc_fast_tap6
     Startpoint: (R) u_core_gen_pd_row[5].gen_pd_col[6].u_pd/hit_latched_reg/C
          Clock: (R) clk_osc_fast_tap6
       Endpoint: (F) u_core_gen_pd_row[5].gen_pd_col[6].u_pd/nfast_hit_latched_reg[0]/D
          Clock: (R) clk_osc_fast_tap6

                     Capture       Launch     
        Clock Edge:+    2155          588     
       Src Latency:+       0            0     
       Net Latency:+       0 (I)        0 (I) 
           Arrival:=    2155          588     
                                              
             Setup:-     641                  
       Uncertainty:-      50                  
     Required Time:=    1464                  
      Launch Clock:-     588                  
         Data Path:-    2208                  
             Slack:=   -1332                  

#-------------------------------------------------------------------------------------------------------------------------------------------
#                           Timing Point                             Flags   Arc   Edge   Cell     Fanout Load Trans Delay Arrival Instance 
#                                                                                                         (fF)  (ps)  (ps)   (ps)  Location 
#-------------------------------------------------------------------------------------------------------------------------------------------
  u_core_gen_pd_row[5].gen_pd_col[6].u_pd/hit_latched_reg/C          -       -     R     (arrival)     87    -   150     0     588    (-,-) 
  u_core_gen_pd_row[5].gen_pd_col[6].u_pd/hit_latched_reg/Q          -       C->Q  R     DFRRQHDX1      2 32.2   364  1013    1601    (-,-) 
  u_core_gen_pd_row[5].gen_pd_col[6].u_pd/g1040__5115/Q              -       AN->Q R     NA2I1HDX4      8 82.1   396   488    2089    (-,-) 
  u_core_gen_pd_row[5].gen_pd_col[6].u_pd/g1075/Q                    -       AN->Q R     NA2I1HDX1      1 14.2   309   427    2516    (-,-) 
  u_core_gen_pd_row[5].gen_pd_col[6].u_pd/g1025__2802/Q              -       C->Q  F     ON21HDX1       1 12.3   211   279    2795    (-,-) 
  u_core_gen_pd_row[5].gen_pd_col[6].u_pd/nfast_hit_latched_reg[0]/D -       -     F     DFRRHDX2       1    -     -     0    2795    (-,-) 
#-------------------------------------------------------------------------------------------------------------------------------------------



Path 17: VIOLATED (-1332 ps) Setup Check with Pin u_core_gen_pd_row[5].gen_pd_col[5].u_pd/nfast_hit_latched_reg[0]/C->D
           View: wc_view
          Group: clk_osc_fast_tap5
     Startpoint: (R) u_core_gen_pd_row[5].gen_pd_col[5].u_pd/hit_latched_reg/C
          Clock: (R) clk_osc_fast_tap5
       Endpoint: (F) u_core_gen_pd_row[5].gen_pd_col[5].u_pd/nfast_hit_latched_reg[0]/D
          Clock: (R) clk_osc_fast_tap5

                     Capture       Launch     
        Clock Edge:+    2057          490     
       Src Latency:+       0            0     
       Net Latency:+       0 (I)        0 (I) 
           Arrival:=    2057          490     
                                              
             Setup:-     641                  
       Uncertainty:-      50                  
     Required Time:=    1366                  
      Launch Clock:-     490                  
         Data Path:-    2208                  
             Slack:=   -1332                  

#-------------------------------------------------------------------------------------------------------------------------------------------
#                           Timing Point                             Flags   Arc   Edge   Cell     Fanout Load Trans Delay Arrival Instance 
#                                                                                                         (fF)  (ps)  (ps)   (ps)  Location 
#-------------------------------------------------------------------------------------------------------------------------------------------
  u_core_gen_pd_row[5].gen_pd_col[5].u_pd/hit_latched_reg/C          -       -     R     (arrival)     87    -   150     0     490    (-,-) 
  u_core_gen_pd_row[5].gen_pd_col[5].u_pd/hit_latched_reg/Q          -       C->Q  R     DFRRQHDX1      2 32.2   364  1013    1503    (-,-) 
  u_core_gen_pd_row[5].gen_pd_col[5].u_pd/g1040__2346/Q              -       AN->Q R     NA2I1HDX4      8 82.1   396   488    1991    (-,-) 
  u_core_gen_pd_row[5].gen_pd_col[5].u_pd/g1075__5107/Q              -       AN->Q R     NA2I1HDX1      1 14.2   309   427    2418    (-,-) 
  u_core_gen_pd_row[5].gen_pd_col[5].u_pd/g1025__5115/Q              -       C->Q  F     ON21HDX1       1 12.3   211   279    2697    (-,-) 
  u_core_gen_pd_row[5].gen_pd_col[5].u_pd/nfast_hit_latched_reg[0]/D -       -     F     DFRRHDX2       1    -     -     0    2697    (-,-) 
#-------------------------------------------------------------------------------------------------------------------------------------------



Path 18: VIOLATED (-1332 ps) Setup Check with Pin u_core_gen_pd_row[5].gen_pd_col[4].u_pd/nfast_hit_latched_reg[0]/C->D
           View: wc_view
          Group: clk_osc_fast_tap4
     Startpoint: (R) u_core_gen_pd_row[5].gen_pd_col[4].u_pd/hit_latched_reg/C
          Clock: (R) clk_osc_fast_tap4
       Endpoint: (F) u_core_gen_pd_row[5].gen_pd_col[4].u_pd/nfast_hit_latched_reg[0]/D
          Clock: (R) clk_osc_fast_tap4

                     Capture       Launch     
        Clock Edge:+    1959          392     
       Src Latency:+       0            0     
       Net Latency:+       0 (I)        0 (I) 
           Arrival:=    1959          392     
                                              
             Setup:-     641                  
       Uncertainty:-      50                  
     Required Time:=    1268                  
      Launch Clock:-     392                  
         Data Path:-    2208                  
             Slack:=   -1332                  

#-------------------------------------------------------------------------------------------------------------------------------------------
#                           Timing Point                             Flags   Arc   Edge   Cell     Fanout Load Trans Delay Arrival Instance 
#                                                                                                         (fF)  (ps)  (ps)   (ps)  Location 
#-------------------------------------------------------------------------------------------------------------------------------------------
  u_core_gen_pd_row[5].gen_pd_col[4].u_pd/hit_latched_reg/C          -       -     R     (arrival)     87    -   150     0     392    (-,-) 
  u_core_gen_pd_row[5].gen_pd_col[4].u_pd/hit_latched_reg/Q          -       C->Q  R     DFRRQHDX1      2 32.2   364  1013    1405    (-,-) 
  u_core_gen_pd_row[5].gen_pd_col[4].u_pd/g1040__6260/Q              -       AN->Q R     NA2I1HDX4      8 82.1   396   488    1893    (-,-) 
  u_core_gen_pd_row[5].gen_pd_col[4].u_pd/g1075__1617/Q              -       AN->Q R     NA2I1HDX1      1 14.2   309   427    2320    (-,-) 
  u_core_gen_pd_row[5].gen_pd_col[4].u_pd/g1025__2346/Q              -       C->Q  F     ON21HDX1       1 12.3   211   279    2599    (-,-) 
  u_core_gen_pd_row[5].gen_pd_col[4].u_pd/nfast_hit_latched_reg[0]/D -       -     F     DFRRHDX2       1    -     -     0    2599    (-,-) 
#-------------------------------------------------------------------------------------------------------------------------------------------



Path 19: VIOLATED (-1332 ps) Setup Check with Pin u_core_gen_pd_row[5].gen_pd_col[3].u_pd/nfast_hit_latched_reg[0]/C->D
           View: wc_view
          Group: clk_osc_fast_tap3
     Startpoint: (R) u_core_gen_pd_row[5].gen_pd_col[3].u_pd/hit_latched_reg/C
          Clock: (R) clk_osc_fast_tap3
       Endpoint: (F) u_core_gen_pd_row[5].gen_pd_col[3].u_pd/nfast_hit_latched_reg[0]/D
          Clock: (R) clk_osc_fast_tap3

                     Capture       Launch     
        Clock Edge:+    1861          294     
       Src Latency:+       0            0     
       Net Latency:+       0 (I)        0 (I) 
           Arrival:=    1861          294     
                                              
             Setup:-     641                  
       Uncertainty:-      50                  
     Required Time:=    1170                  
      Launch Clock:-     294                  
         Data Path:-    2208                  
             Slack:=   -1332                  

#-------------------------------------------------------------------------------------------------------------------------------------------
#                           Timing Point                             Flags   Arc   Edge   Cell     Fanout Load Trans Delay Arrival Instance 
#                                                                                                         (fF)  (ps)  (ps)   (ps)  Location 
#-------------------------------------------------------------------------------------------------------------------------------------------
  u_core_gen_pd_row[5].gen_pd_col[3].u_pd/hit_latched_reg/C          -       -     R     (arrival)     87    -   150     0     294    (-,-) 
  u_core_gen_pd_row[5].gen_pd_col[3].u_pd/hit_latched_reg/Q          -       C->Q  R     DFRRQHDX1      2 32.2   364  1013    1307    (-,-) 
  u_core_gen_pd_row[5].gen_pd_col[3].u_pd/g1040__2802/Q              -       AN->Q R     NA2I1HDX4      8 82.1   396   488    1795    (-,-) 
  u_core_gen_pd_row[5].gen_pd_col[3].u_pd/g1075__1881/Q              -       AN->Q R     NA2I1HDX1      1 14.2   309   427    2222    (-,-) 
  u_core_gen_pd_row[5].gen_pd_col[3].u_pd/g1025__6260/Q              -       C->Q  F     ON21HDX1       1 12.3   211   279    2501    (-,-) 
  u_core_gen_pd_row[5].gen_pd_col[3].u_pd/nfast_hit_latched_reg[0]/D -       -     F     DFRRHDX2       1    -     -     0    2501    (-,-) 
#-------------------------------------------------------------------------------------------------------------------------------------------



Path 20: VIOLATED (-1332 ps) Setup Check with Pin u_core_gen_pd_row[5].gen_pd_col[2].u_pd/nfast_hit_latched_reg[0]/C->D
           View: wc_view
          Group: clk_osc_fast_tap2
     Startpoint: (R) u_core_gen_pd_row[5].gen_pd_col[2].u_pd/hit_latched_reg/C
          Clock: (R) clk_osc_fast_tap2
       Endpoint: (F) u_core_gen_pd_row[5].gen_pd_col[2].u_pd/nfast_hit_latched_reg[0]/D
          Clock: (R) clk_osc_fast_tap2

                     Capture       Launch     
        Clock Edge:+    1763          196     
       Src Latency:+       0            0     
       Net Latency:+       0 (I)        0 (I) 
           Arrival:=    1763          196     
                                              
             Setup:-     641                  
       Uncertainty:-      50                  
     Required Time:=    1072                  
      Launch Clock:-     196                  
         Data Path:-    2208                  
             Slack:=   -1332                  

#-------------------------------------------------------------------------------------------------------------------------------------------
#                           Timing Point                             Flags   Arc   Edge   Cell     Fanout Load Trans Delay Arrival Instance 
#                                                                                                         (fF)  (ps)  (ps)   (ps)  Location 
#-------------------------------------------------------------------------------------------------------------------------------------------
  u_core_gen_pd_row[5].gen_pd_col[2].u_pd/hit_latched_reg/C          -       -     R     (arrival)     87    -   150     0     196    (-,-) 
  u_core_gen_pd_row[5].gen_pd_col[2].u_pd/hit_latched_reg/Q          -       C->Q  R     DFRRQHDX1      2 32.2   364  1013    1209    (-,-) 
  u_core_gen_pd_row[5].gen_pd_col[2].u_pd/g1040__5115/Q              -       AN->Q R     NA2I1HDX4      8 82.1   396   488    1697    (-,-) 
  u_core_gen_pd_row[5].gen_pd_col[2].u_pd/g1075__2883/Q              -       AN->Q R     NA2I1HDX1      1 14.2   309   427    2125    (-,-) 
  u_core_gen_pd_row[5].gen_pd_col[2].u_pd/g1025__2802/Q              -       C->Q  F     ON21HDX1       1 12.3   211   279    2403    (-,-) 
  u_core_gen_pd_row[5].gen_pd_col[2].u_pd/nfast_hit_latched_reg[0]/D -       -     F     DFRRHDX2       1    -     -     0    2404    (-,-) 
#-------------------------------------------------------------------------------------------------------------------------------------------


