============================================================
  Generated by:           Genus(TM) Synthesis Solution 22.13-s093_1
  Generated on:           Jul 06 2026  02:29:29 pm
  Module:                 mptdc_axis_core
  Operating conditions:   typ_1_80V_25C 
  Interconnect mode:      global
  Area mode:              physical library
============================================================


Path 1: VIOLATED (-273 ps) Setup Check with Pin u_core/gen_pd_row[7].gen_pd_col[7].u_pd/hit_latched_reg/clk->sena
           View: tc_view
          Group: clk_osc_fast_buf_tap7
     Startpoint: (R) u_core/gen_pd_row[7].gen_pd_col[7].u_pd/hit_latched_reg/clk
          Clock: (R) clk_osc_fast_buf_tap7
       Endpoint: (R) u_core/gen_pd_row[7].gen_pd_col[7].u_pd/hit_latched_reg/sena
          Clock: (R) clk_osc_fast_buf_tap7

                     Capture       Launch     
        Clock Edge:+    2110          777     
       Src Latency:+       0            0     
       Net Latency:+       0 (I)        0 (I) 
           Arrival:=    2110          777     
                                              
             Setup:-     430                  
       Uncertainty:-      10                  
     Required Time:=    1670                  
      Launch Clock:-     777                  
         Data Path:-    1167                  
             Slack:=    -273                  

#----------------------------------------------------------------------------------------------------------------------------------------------
#                        Timing Point                          Flags    Arc    Edge      Cell        Fanout  Load Trans Delay Arrival Instance 
#                                                                                                            (fF)  (ps)  (ps)   (ps)  Location 
#----------------------------------------------------------------------------------------------------------------------------------------------
  u_core/gen_pd_row[7].gen_pd_col[7].u_pd/hit_latched_reg/clk  -       -       R     (arrival)           89     -   150     0     777    (-,-) 
  u_core/gen_pd_row[7].gen_pd_col[7].u_pd/hit_latched_reg/q    (u)     clk->q  F     unmapped_d_flop      5  46.0     0   704    1481    (-,-) 
  u_core/gen_pd_row[7].gen_pd_col[7].u_pd/g18/z                (u)     in_0->z R     unmapped_not         8 135.0     0   259    1740    (-,-) 
  u_core/gen_pd_row[7].gen_pd_col[7].u_pd/g27/z                (u)     in_1->z R     unmapped_and4        1  18.0     0   204    1944    (-,-) 
  u_core/gen_pd_row[7].gen_pd_col[7].u_pd/hit_latched_reg/sena -       -       R     unmapped_d_flop      1     -     -     0    1944    (-,-) 
#----------------------------------------------------------------------------------------------------------------------------------------------

(u) : Net has unmapped pin(s).



Path 2: VIOLATED (-273 ps) Setup Check with Pin u_core/gen_pd_row[7].gen_pd_col[6].u_pd/hit_latched_reg/clk->sena
           View: tc_view
          Group: clk_osc_fast_buf_tap6
     Startpoint: (R) u_core/gen_pd_row[7].gen_pd_col[6].u_pd/hit_latched_reg/clk
          Clock: (R) clk_osc_fast_buf_tap6
       Endpoint: (R) u_core/gen_pd_row[7].gen_pd_col[6].u_pd/hit_latched_reg/sena
          Clock: (R) clk_osc_fast_buf_tap6

                     Capture       Launch     
        Clock Edge:+    1999          666     
       Src Latency:+       0            0     
       Net Latency:+       0 (I)        0 (I) 
           Arrival:=    1999          666     
                                              
             Setup:-     430                  
       Uncertainty:-      10                  
     Required Time:=    1560                  
      Launch Clock:-     666                  
         Data Path:-    1167                  
             Slack:=    -273                  

#----------------------------------------------------------------------------------------------------------------------------------------------
#                        Timing Point                          Flags    Arc    Edge      Cell        Fanout  Load Trans Delay Arrival Instance 
#                                                                                                            (fF)  (ps)  (ps)   (ps)  Location 
#----------------------------------------------------------------------------------------------------------------------------------------------
  u_core/gen_pd_row[7].gen_pd_col[6].u_pd/hit_latched_reg/clk  -       -       R     (arrival)           89     -   150     0     666    (-,-) 
  u_core/gen_pd_row[7].gen_pd_col[6].u_pd/hit_latched_reg/q    (u)     clk->q  F     unmapped_d_flop      5  46.0     0   704    1370    (-,-) 
  u_core/gen_pd_row[7].gen_pd_col[6].u_pd/g18/z                (u)     in_0->z R     unmapped_not         8 135.0     0   259    1629    (-,-) 
  u_core/gen_pd_row[7].gen_pd_col[6].u_pd/g27/z                (u)     in_1->z R     unmapped_and4        1  18.0     0   204    1833    (-,-) 
  u_core/gen_pd_row[7].gen_pd_col[6].u_pd/hit_latched_reg/sena -       -       R     unmapped_d_flop      1     -     -     0    1833    (-,-) 
#----------------------------------------------------------------------------------------------------------------------------------------------

(u) : Net has unmapped pin(s).



Path 3: VIOLATED (-273 ps) Setup Check with Pin u_core/gen_pd_row[7].gen_pd_col[5].u_pd/hit_latched_reg/clk->sena
           View: tc_view
          Group: clk_osc_fast_buf_tap5
     Startpoint: (R) u_core/gen_pd_row[7].gen_pd_col[5].u_pd/hit_latched_reg/clk
          Clock: (R) clk_osc_fast_buf_tap5
       Endpoint: (R) u_core/gen_pd_row[7].gen_pd_col[5].u_pd/hit_latched_reg/sena
          Clock: (R) clk_osc_fast_buf_tap5

                     Capture       Launch     
        Clock Edge:+    1888          555     
       Src Latency:+       0            0     
       Net Latency:+       0 (I)        0 (I) 
           Arrival:=    1888          555     
                                              
             Setup:-     430                  
       Uncertainty:-      10                  
     Required Time:=    1448                  
      Launch Clock:-     555                  
         Data Path:-    1167                  
             Slack:=    -273                  

#----------------------------------------------------------------------------------------------------------------------------------------------
#                        Timing Point                          Flags    Arc    Edge      Cell        Fanout  Load Trans Delay Arrival Instance 
#                                                                                                            (fF)  (ps)  (ps)   (ps)  Location 
#----------------------------------------------------------------------------------------------------------------------------------------------
  u_core/gen_pd_row[7].gen_pd_col[5].u_pd/hit_latched_reg/clk  -       -       R     (arrival)           89     -   150     0     555    (-,-) 
  u_core/gen_pd_row[7].gen_pd_col[5].u_pd/hit_latched_reg/q    (u)     clk->q  F     unmapped_d_flop      5  46.0     0   704    1259    (-,-) 
  u_core/gen_pd_row[7].gen_pd_col[5].u_pd/g18/z                (u)     in_0->z R     unmapped_not         8 135.0     0   259    1518    (-,-) 
  u_core/gen_pd_row[7].gen_pd_col[5].u_pd/g27/z                (u)     in_1->z R     unmapped_and4        1  18.0     0   204    1722    (-,-) 
  u_core/gen_pd_row[7].gen_pd_col[5].u_pd/hit_latched_reg/sena -       -       R     unmapped_d_flop      1     -     -     0    1722    (-,-) 
#----------------------------------------------------------------------------------------------------------------------------------------------

(u) : Net has unmapped pin(s).



Path 4: VIOLATED (-273 ps) Setup Check with Pin u_core/gen_pd_row[7].gen_pd_col[4].u_pd/hit_latched_reg/clk->sena
           View: tc_view
          Group: clk_osc_fast_buf_tap4
     Startpoint: (R) u_core/gen_pd_row[7].gen_pd_col[4].u_pd/hit_latched_reg/clk
          Clock: (R) clk_osc_fast_buf_tap4
       Endpoint: (R) u_core/gen_pd_row[7].gen_pd_col[4].u_pd/hit_latched_reg/sena
          Clock: (R) clk_osc_fast_buf_tap4

                     Capture       Launch     
        Clock Edge:+    1777          444     
       Src Latency:+       0            0     
       Net Latency:+       0 (I)        0 (I) 
           Arrival:=    1777          444     
                                              
             Setup:-     430                  
       Uncertainty:-      10                  
     Required Time:=    1338                  
      Launch Clock:-     444                  
         Data Path:-    1167                  
             Slack:=    -273                  

#----------------------------------------------------------------------------------------------------------------------------------------------
#                        Timing Point                          Flags    Arc    Edge      Cell        Fanout  Load Trans Delay Arrival Instance 
#                                                                                                            (fF)  (ps)  (ps)   (ps)  Location 
#----------------------------------------------------------------------------------------------------------------------------------------------
  u_core/gen_pd_row[7].gen_pd_col[4].u_pd/hit_latched_reg/clk  -       -       R     (arrival)           89     -   150     0     444    (-,-) 
  u_core/gen_pd_row[7].gen_pd_col[4].u_pd/hit_latched_reg/q    (u)     clk->q  F     unmapped_d_flop      5  46.0     0   704    1148    (-,-) 
  u_core/gen_pd_row[7].gen_pd_col[4].u_pd/g18/z                (u)     in_0->z R     unmapped_not         8 135.0     0   259    1407    (-,-) 
  u_core/gen_pd_row[7].gen_pd_col[4].u_pd/g27/z                (u)     in_1->z R     unmapped_and4        1  18.0     0   204    1611    (-,-) 
  u_core/gen_pd_row[7].gen_pd_col[4].u_pd/hit_latched_reg/sena -       -       R     unmapped_d_flop      1     -     -     0    1611    (-,-) 
#----------------------------------------------------------------------------------------------------------------------------------------------

(u) : Net has unmapped pin(s).



Path 5: VIOLATED (-273 ps) Setup Check with Pin u_core/gen_pd_row[7].gen_pd_col[3].u_pd/hit_latched_reg/clk->sena
           View: tc_view
          Group: clk_osc_fast_buf_tap3
     Startpoint: (R) u_core/gen_pd_row[7].gen_pd_col[3].u_pd/hit_latched_reg/clk
          Clock: (R) clk_osc_fast_buf_tap3
       Endpoint: (R) u_core/gen_pd_row[7].gen_pd_col[3].u_pd/hit_latched_reg/sena
          Clock: (R) clk_osc_fast_buf_tap3

                     Capture       Launch     
        Clock Edge:+    1666          333     
       Src Latency:+       0            0     
       Net Latency:+       0 (I)        0 (I) 
           Arrival:=    1666          333     
                                              
             Setup:-     430                  
       Uncertainty:-      10                  
     Required Time:=    1226                  
      Launch Clock:-     333                  
         Data Path:-    1167                  
             Slack:=    -273                  

#----------------------------------------------------------------------------------------------------------------------------------------------
#                        Timing Point                          Flags    Arc    Edge      Cell        Fanout  Load Trans Delay Arrival Instance 
#                                                                                                            (fF)  (ps)  (ps)   (ps)  Location 
#----------------------------------------------------------------------------------------------------------------------------------------------
  u_core/gen_pd_row[7].gen_pd_col[3].u_pd/hit_latched_reg/clk  -       -       R     (arrival)           89     -   150     0     333    (-,-) 
  u_core/gen_pd_row[7].gen_pd_col[3].u_pd/hit_latched_reg/q    (u)     clk->q  F     unmapped_d_flop      5  46.0     0   704    1037    (-,-) 
  u_core/gen_pd_row[7].gen_pd_col[3].u_pd/g18/z                (u)     in_0->z R     unmapped_not         8 135.0     0   259    1296    (-,-) 
  u_core/gen_pd_row[7].gen_pd_col[3].u_pd/g27/z                (u)     in_1->z R     unmapped_and4        1  18.0     0   204    1500    (-,-) 
  u_core/gen_pd_row[7].gen_pd_col[3].u_pd/hit_latched_reg/sena -       -       R     unmapped_d_flop      1     -     -     0    1500    (-,-) 
#----------------------------------------------------------------------------------------------------------------------------------------------

(u) : Net has unmapped pin(s).



Path 6: VIOLATED (-273 ps) Setup Check with Pin u_core/gen_pd_row[7].gen_pd_col[2].u_pd/hit_latched_reg/clk->sena
           View: tc_view
          Group: clk_osc_fast_buf_tap2
     Startpoint: (R) u_core/gen_pd_row[7].gen_pd_col[2].u_pd/hit_latched_reg/clk
          Clock: (R) clk_osc_fast_buf_tap2
       Endpoint: (R) u_core/gen_pd_row[7].gen_pd_col[2].u_pd/hit_latched_reg/sena
          Clock: (R) clk_osc_fast_buf_tap2

                     Capture       Launch     
        Clock Edge:+    1555          222     
       Src Latency:+       0            0     
       Net Latency:+       0 (I)        0 (I) 
           Arrival:=    1555          222     
                                              
             Setup:-     430                  
       Uncertainty:-      10                  
     Required Time:=    1116                  
      Launch Clock:-     222                  
         Data Path:-    1167                  
             Slack:=    -273                  

#----------------------------------------------------------------------------------------------------------------------------------------------
#                        Timing Point                          Flags    Arc    Edge      Cell        Fanout  Load Trans Delay Arrival Instance 
#                                                                                                            (fF)  (ps)  (ps)   (ps)  Location 
#----------------------------------------------------------------------------------------------------------------------------------------------
  u_core/gen_pd_row[7].gen_pd_col[2].u_pd/hit_latched_reg/clk  -       -       R     (arrival)           89     -   150     0     222    (-,-) 
  u_core/gen_pd_row[7].gen_pd_col[2].u_pd/hit_latched_reg/q    (u)     clk->q  F     unmapped_d_flop      5  46.0     0   704     926    (-,-) 
  u_core/gen_pd_row[7].gen_pd_col[2].u_pd/g18/z                (u)     in_0->z R     unmapped_not         8 135.0     0   259    1185    (-,-) 
  u_core/gen_pd_row[7].gen_pd_col[2].u_pd/g27/z                (u)     in_1->z R     unmapped_and4        1  18.0     0   204    1389    (-,-) 
  u_core/gen_pd_row[7].gen_pd_col[2].u_pd/hit_latched_reg/sena -       -       R     unmapped_d_flop      1     -     -     0    1389    (-,-) 
#----------------------------------------------------------------------------------------------------------------------------------------------

(u) : Net has unmapped pin(s).



Path 7: VIOLATED (-273 ps) Setup Check with Pin u_core/gen_pd_row[7].gen_pd_col[1].u_pd/hit_latched_reg/clk->sena
           View: tc_view
          Group: clk_osc_fast_buf_tap1
     Startpoint: (R) u_core/gen_pd_row[7].gen_pd_col[1].u_pd/hit_latched_reg/clk
          Clock: (R) clk_osc_fast_buf_tap1
       Endpoint: (R) u_core/gen_pd_row[7].gen_pd_col[1].u_pd/hit_latched_reg/sena
          Clock: (R) clk_osc_fast_buf_tap1

                     Capture       Launch     
        Clock Edge:+    1444          111     
       Src Latency:+       0            0     
       Net Latency:+       0 (I)        0 (I) 
           Arrival:=    1444          111     
                                              
             Setup:-     430                  
       Uncertainty:-      10                  
     Required Time:=    1004                  
      Launch Clock:-     111                  
         Data Path:-    1167                  
             Slack:=    -273                  

#----------------------------------------------------------------------------------------------------------------------------------------------
#                        Timing Point                          Flags    Arc    Edge      Cell        Fanout  Load Trans Delay Arrival Instance 
#                                                                                                            (fF)  (ps)  (ps)   (ps)  Location 
#----------------------------------------------------------------------------------------------------------------------------------------------
  u_core/gen_pd_row[7].gen_pd_col[1].u_pd/hit_latched_reg/clk  -       -       R     (arrival)           89     -   150     0     111    (-,-) 
  u_core/gen_pd_row[7].gen_pd_col[1].u_pd/hit_latched_reg/q    (u)     clk->q  F     unmapped_d_flop      5  46.0     0   704     815    (-,-) 
  u_core/gen_pd_row[7].gen_pd_col[1].u_pd/g18/z                (u)     in_0->z R     unmapped_not         8 135.0     0   259    1074    (-,-) 
  u_core/gen_pd_row[7].gen_pd_col[1].u_pd/g27/z                (u)     in_1->z R     unmapped_and4        1  18.0     0   204    1278    (-,-) 
  u_core/gen_pd_row[7].gen_pd_col[1].u_pd/hit_latched_reg/sena -       -       R     unmapped_d_flop      1     -     -     0    1278    (-,-) 
#----------------------------------------------------------------------------------------------------------------------------------------------

(u) : Net has unmapped pin(s).



Path 8: VIOLATED (-273 ps) Setup Check with Pin u_core/gen_pd_row[7].gen_pd_col[0].u_pd/hit_latched_reg/clk->sena
           View: tc_view
          Group: clk_osc_fast_buf_tap0
     Startpoint: (R) u_core/gen_pd_row[7].gen_pd_col[0].u_pd/hit_latched_reg/clk
          Clock: (R) clk_osc_fast_buf_tap0
       Endpoint: (R) u_core/gen_pd_row[7].gen_pd_col[0].u_pd/hit_latched_reg/sena
          Clock: (R) clk_osc_fast_buf_tap0

                     Capture       Launch     
        Clock Edge:+    1333            0     
       Src Latency:+       0            0     
       Net Latency:+       0 (I)        0 (I) 
           Arrival:=    1333            0     
                                              
             Setup:-     430                  
       Uncertainty:-      10                  
     Required Time:=     894                  
      Launch Clock:-       0                  
         Data Path:-    1167                  
             Slack:=    -273                  

#----------------------------------------------------------------------------------------------------------------------------------------------
#                        Timing Point                          Flags    Arc    Edge      Cell        Fanout  Load Trans Delay Arrival Instance 
#                                                                                                            (fF)  (ps)  (ps)   (ps)  Location 
#----------------------------------------------------------------------------------------------------------------------------------------------
  u_core/gen_pd_row[7].gen_pd_col[0].u_pd/hit_latched_reg/clk  -       -       R     (arrival)           90     -   150     0       0    (-,-) 
  u_core/gen_pd_row[7].gen_pd_col[0].u_pd/hit_latched_reg/q    (u)     clk->q  F     unmapped_d_flop      5  46.0     0   704     704    (-,-) 
  u_core/gen_pd_row[7].gen_pd_col[0].u_pd/g18/z                (u)     in_0->z R     unmapped_not         8 135.0     0   259     963    (-,-) 
  u_core/gen_pd_row[7].gen_pd_col[0].u_pd/g27/z                (u)     in_1->z R     unmapped_and4        1  18.0     0   204    1167    (-,-) 
  u_core/gen_pd_row[7].gen_pd_col[0].u_pd/hit_latched_reg/sena -       -       R     unmapped_d_flop      1     -     -     0    1167    (-,-) 
#----------------------------------------------------------------------------------------------------------------------------------------------

(u) : Net has unmapped pin(s).



Path 9: VIOLATED (-273 ps) Setup Check with Pin u_core/gen_pd_row[6].gen_pd_col[7].u_pd/hit_latched_reg/clk->sena
           View: tc_view
          Group: clk_osc_fast_buf_tap7
     Startpoint: (R) u_core/gen_pd_row[6].gen_pd_col[7].u_pd/hit_latched_reg/clk
          Clock: (R) clk_osc_fast_buf_tap7
       Endpoint: (R) u_core/gen_pd_row[6].gen_pd_col[7].u_pd/hit_latched_reg/sena
          Clock: (R) clk_osc_fast_buf_tap7

                     Capture       Launch     
        Clock Edge:+    2110          777     
       Src Latency:+       0            0     
       Net Latency:+       0 (I)        0 (I) 
           Arrival:=    2110          777     
                                              
             Setup:-     430                  
       Uncertainty:-      10                  
     Required Time:=    1670                  
      Launch Clock:-     777                  
         Data Path:-    1167                  
             Slack:=    -273                  

#----------------------------------------------------------------------------------------------------------------------------------------------
#                        Timing Point                          Flags    Arc    Edge      Cell        Fanout  Load Trans Delay Arrival Instance 
#                                                                                                            (fF)  (ps)  (ps)   (ps)  Location 
#----------------------------------------------------------------------------------------------------------------------------------------------
  u_core/gen_pd_row[6].gen_pd_col[7].u_pd/hit_latched_reg/clk  -       -       R     (arrival)           89     -   150     0     777    (-,-) 
  u_core/gen_pd_row[6].gen_pd_col[7].u_pd/hit_latched_reg/q    (u)     clk->q  F     unmapped_d_flop      5  46.0     0   704    1481    (-,-) 
  u_core/gen_pd_row[6].gen_pd_col[7].u_pd/g18/z                (u)     in_0->z R     unmapped_not         8 135.0     0   259    1740    (-,-) 
  u_core/gen_pd_row[6].gen_pd_col[7].u_pd/g27/z                (u)     in_1->z R     unmapped_and4        1  18.0     0   204    1944    (-,-) 
  u_core/gen_pd_row[6].gen_pd_col[7].u_pd/hit_latched_reg/sena -       -       R     unmapped_d_flop      1     -     -     0    1944    (-,-) 
#----------------------------------------------------------------------------------------------------------------------------------------------

(u) : Net has unmapped pin(s).



Path 10: VIOLATED (-273 ps) Setup Check with Pin u_core/gen_pd_row[6].gen_pd_col[6].u_pd/hit_latched_reg/clk->sena
           View: tc_view
          Group: clk_osc_fast_buf_tap6
     Startpoint: (R) u_core/gen_pd_row[6].gen_pd_col[6].u_pd/hit_latched_reg/clk
          Clock: (R) clk_osc_fast_buf_tap6
       Endpoint: (R) u_core/gen_pd_row[6].gen_pd_col[6].u_pd/hit_latched_reg/sena
          Clock: (R) clk_osc_fast_buf_tap6

                     Capture       Launch     
        Clock Edge:+    1999          666     
       Src Latency:+       0            0     
       Net Latency:+       0 (I)        0 (I) 
           Arrival:=    1999          666     
                                              
             Setup:-     430                  
       Uncertainty:-      10                  
     Required Time:=    1560                  
      Launch Clock:-     666                  
         Data Path:-    1167                  
             Slack:=    -273                  

#----------------------------------------------------------------------------------------------------------------------------------------------
#                        Timing Point                          Flags    Arc    Edge      Cell        Fanout  Load Trans Delay Arrival Instance 
#                                                                                                            (fF)  (ps)  (ps)   (ps)  Location 
#----------------------------------------------------------------------------------------------------------------------------------------------
  u_core/gen_pd_row[6].gen_pd_col[6].u_pd/hit_latched_reg/clk  -       -       R     (arrival)           89     -   150     0     666    (-,-) 
  u_core/gen_pd_row[6].gen_pd_col[6].u_pd/hit_latched_reg/q    (u)     clk->q  F     unmapped_d_flop      5  46.0     0   704    1370    (-,-) 
  u_core/gen_pd_row[6].gen_pd_col[6].u_pd/g18/z                (u)     in_0->z R     unmapped_not         8 135.0     0   259    1629    (-,-) 
  u_core/gen_pd_row[6].gen_pd_col[6].u_pd/g27/z                (u)     in_1->z R     unmapped_and4        1  18.0     0   204    1833    (-,-) 
  u_core/gen_pd_row[6].gen_pd_col[6].u_pd/hit_latched_reg/sena -       -       R     unmapped_d_flop      1     -     -     0    1833    (-,-) 
#----------------------------------------------------------------------------------------------------------------------------------------------

(u) : Net has unmapped pin(s).



Path 11: VIOLATED (-273 ps) Setup Check with Pin u_core/gen_pd_row[6].gen_pd_col[5].u_pd/hit_latched_reg/clk->sena
           View: tc_view
          Group: clk_osc_fast_buf_tap5
     Startpoint: (R) u_core/gen_pd_row[6].gen_pd_col[5].u_pd/hit_latched_reg/clk
          Clock: (R) clk_osc_fast_buf_tap5
       Endpoint: (R) u_core/gen_pd_row[6].gen_pd_col[5].u_pd/hit_latched_reg/sena
          Clock: (R) clk_osc_fast_buf_tap5

                     Capture       Launch     
        Clock Edge:+    1888          555     
       Src Latency:+       0            0     
       Net Latency:+       0 (I)        0 (I) 
           Arrival:=    1888          555     
                                              
             Setup:-     430                  
       Uncertainty:-      10                  
     Required Time:=    1448                  
      Launch Clock:-     555                  
         Data Path:-    1167                  
             Slack:=    -273                  

#----------------------------------------------------------------------------------------------------------------------------------------------
#                        Timing Point                          Flags    Arc    Edge      Cell        Fanout  Load Trans Delay Arrival Instance 
#                                                                                                            (fF)  (ps)  (ps)   (ps)  Location 
#----------------------------------------------------------------------------------------------------------------------------------------------
  u_core/gen_pd_row[6].gen_pd_col[5].u_pd/hit_latched_reg/clk  -       -       R     (arrival)           89     -   150     0     555    (-,-) 
  u_core/gen_pd_row[6].gen_pd_col[5].u_pd/hit_latched_reg/q    (u)     clk->q  F     unmapped_d_flop      5  46.0     0   704    1259    (-,-) 
  u_core/gen_pd_row[6].gen_pd_col[5].u_pd/g18/z                (u)     in_0->z R     unmapped_not         8 135.0     0   259    1518    (-,-) 
  u_core/gen_pd_row[6].gen_pd_col[5].u_pd/g27/z                (u)     in_1->z R     unmapped_and4        1  18.0     0   204    1722    (-,-) 
  u_core/gen_pd_row[6].gen_pd_col[5].u_pd/hit_latched_reg/sena -       -       R     unmapped_d_flop      1     -     -     0    1722    (-,-) 
#----------------------------------------------------------------------------------------------------------------------------------------------

(u) : Net has unmapped pin(s).



Path 12: VIOLATED (-273 ps) Setup Check with Pin u_core/gen_pd_row[6].gen_pd_col[4].u_pd/hit_latched_reg/clk->sena
           View: tc_view
          Group: clk_osc_fast_buf_tap4
     Startpoint: (R) u_core/gen_pd_row[6].gen_pd_col[4].u_pd/hit_latched_reg/clk
          Clock: (R) clk_osc_fast_buf_tap4
       Endpoint: (R) u_core/gen_pd_row[6].gen_pd_col[4].u_pd/hit_latched_reg/sena
          Clock: (R) clk_osc_fast_buf_tap4

                     Capture       Launch     
        Clock Edge:+    1777          444     
       Src Latency:+       0            0     
       Net Latency:+       0 (I)        0 (I) 
           Arrival:=    1777          444     
                                              
             Setup:-     430                  
       Uncertainty:-      10                  
     Required Time:=    1338                  
      Launch Clock:-     444                  
         Data Path:-    1167                  
             Slack:=    -273                  

#----------------------------------------------------------------------------------------------------------------------------------------------
#                        Timing Point                          Flags    Arc    Edge      Cell        Fanout  Load Trans Delay Arrival Instance 
#                                                                                                            (fF)  (ps)  (ps)   (ps)  Location 
#----------------------------------------------------------------------------------------------------------------------------------------------
  u_core/gen_pd_row[6].gen_pd_col[4].u_pd/hit_latched_reg/clk  -       -       R     (arrival)           89     -   150     0     444    (-,-) 
  u_core/gen_pd_row[6].gen_pd_col[4].u_pd/hit_latched_reg/q    (u)     clk->q  F     unmapped_d_flop      5  46.0     0   704    1148    (-,-) 
  u_core/gen_pd_row[6].gen_pd_col[4].u_pd/g18/z                (u)     in_0->z R     unmapped_not         8 135.0     0   259    1407    (-,-) 
  u_core/gen_pd_row[6].gen_pd_col[4].u_pd/g27/z                (u)     in_1->z R     unmapped_and4        1  18.0     0   204    1611    (-,-) 
  u_core/gen_pd_row[6].gen_pd_col[4].u_pd/hit_latched_reg/sena -       -       R     unmapped_d_flop      1     -     -     0    1611    (-,-) 
#----------------------------------------------------------------------------------------------------------------------------------------------

(u) : Net has unmapped pin(s).



Path 13: VIOLATED (-273 ps) Setup Check with Pin u_core/gen_pd_row[6].gen_pd_col[3].u_pd/hit_latched_reg/clk->sena
           View: tc_view
          Group: clk_osc_fast_buf_tap3
     Startpoint: (R) u_core/gen_pd_row[6].gen_pd_col[3].u_pd/hit_latched_reg/clk
          Clock: (R) clk_osc_fast_buf_tap3
       Endpoint: (R) u_core/gen_pd_row[6].gen_pd_col[3].u_pd/hit_latched_reg/sena
          Clock: (R) clk_osc_fast_buf_tap3

                     Capture       Launch     
        Clock Edge:+    1666          333     
       Src Latency:+       0            0     
       Net Latency:+       0 (I)        0 (I) 
           Arrival:=    1666          333     
                                              
             Setup:-     430                  
       Uncertainty:-      10                  
     Required Time:=    1226                  
      Launch Clock:-     333                  
         Data Path:-    1167                  
             Slack:=    -273                  

#----------------------------------------------------------------------------------------------------------------------------------------------
#                        Timing Point                          Flags    Arc    Edge      Cell        Fanout  Load Trans Delay Arrival Instance 
#                                                                                                            (fF)  (ps)  (ps)   (ps)  Location 
#----------------------------------------------------------------------------------------------------------------------------------------------
  u_core/gen_pd_row[6].gen_pd_col[3].u_pd/hit_latched_reg/clk  -       -       R     (arrival)           89     -   150     0     333    (-,-) 
  u_core/gen_pd_row[6].gen_pd_col[3].u_pd/hit_latched_reg/q    (u)     clk->q  F     unmapped_d_flop      5  46.0     0   704    1037    (-,-) 
  u_core/gen_pd_row[6].gen_pd_col[3].u_pd/g18/z                (u)     in_0->z R     unmapped_not         8 135.0     0   259    1296    (-,-) 
  u_core/gen_pd_row[6].gen_pd_col[3].u_pd/g27/z                (u)     in_1->z R     unmapped_and4        1  18.0     0   204    1500    (-,-) 
  u_core/gen_pd_row[6].gen_pd_col[3].u_pd/hit_latched_reg/sena -       -       R     unmapped_d_flop      1     -     -     0    1500    (-,-) 
#----------------------------------------------------------------------------------------------------------------------------------------------

(u) : Net has unmapped pin(s).



Path 14: VIOLATED (-273 ps) Setup Check with Pin u_core/gen_pd_row[6].gen_pd_col[2].u_pd/hit_latched_reg/clk->sena
           View: tc_view
          Group: clk_osc_fast_buf_tap2
     Startpoint: (R) u_core/gen_pd_row[6].gen_pd_col[2].u_pd/hit_latched_reg/clk
          Clock: (R) clk_osc_fast_buf_tap2
       Endpoint: (R) u_core/gen_pd_row[6].gen_pd_col[2].u_pd/hit_latched_reg/sena
          Clock: (R) clk_osc_fast_buf_tap2

                     Capture       Launch     
        Clock Edge:+    1555          222     
       Src Latency:+       0            0     
       Net Latency:+       0 (I)        0 (I) 
           Arrival:=    1555          222     
                                              
             Setup:-     430                  
       Uncertainty:-      10                  
     Required Time:=    1116                  
      Launch Clock:-     222                  
         Data Path:-    1167                  
             Slack:=    -273                  

#----------------------------------------------------------------------------------------------------------------------------------------------
#                        Timing Point                          Flags    Arc    Edge      Cell        Fanout  Load Trans Delay Arrival Instance 
#                                                                                                            (fF)  (ps)  (ps)   (ps)  Location 
#----------------------------------------------------------------------------------------------------------------------------------------------
  u_core/gen_pd_row[6].gen_pd_col[2].u_pd/hit_latched_reg/clk  -       -       R     (arrival)           89     -   150     0     222    (-,-) 
  u_core/gen_pd_row[6].gen_pd_col[2].u_pd/hit_latched_reg/q    (u)     clk->q  F     unmapped_d_flop      5  46.0     0   704     926    (-,-) 
  u_core/gen_pd_row[6].gen_pd_col[2].u_pd/g18/z                (u)     in_0->z R     unmapped_not         8 135.0     0   259    1185    (-,-) 
  u_core/gen_pd_row[6].gen_pd_col[2].u_pd/g27/z                (u)     in_1->z R     unmapped_and4        1  18.0     0   204    1389    (-,-) 
  u_core/gen_pd_row[6].gen_pd_col[2].u_pd/hit_latched_reg/sena -       -       R     unmapped_d_flop      1     -     -     0    1389    (-,-) 
#----------------------------------------------------------------------------------------------------------------------------------------------

(u) : Net has unmapped pin(s).



Path 15: VIOLATED (-273 ps) Setup Check with Pin u_core/gen_pd_row[6].gen_pd_col[1].u_pd/hit_latched_reg/clk->sena
           View: tc_view
          Group: clk_osc_fast_buf_tap1
     Startpoint: (R) u_core/gen_pd_row[6].gen_pd_col[1].u_pd/hit_latched_reg/clk
          Clock: (R) clk_osc_fast_buf_tap1
       Endpoint: (R) u_core/gen_pd_row[6].gen_pd_col[1].u_pd/hit_latched_reg/sena
          Clock: (R) clk_osc_fast_buf_tap1

                     Capture       Launch     
        Clock Edge:+    1444          111     
       Src Latency:+       0            0     
       Net Latency:+       0 (I)        0 (I) 
           Arrival:=    1444          111     
                                              
             Setup:-     430                  
       Uncertainty:-      10                  
     Required Time:=    1004                  
      Launch Clock:-     111                  
         Data Path:-    1167                  
             Slack:=    -273                  

#----------------------------------------------------------------------------------------------------------------------------------------------
#                        Timing Point                          Flags    Arc    Edge      Cell        Fanout  Load Trans Delay Arrival Instance 
#                                                                                                            (fF)  (ps)  (ps)   (ps)  Location 
#----------------------------------------------------------------------------------------------------------------------------------------------
  u_core/gen_pd_row[6].gen_pd_col[1].u_pd/hit_latched_reg/clk  -       -       R     (arrival)           89     -   150     0     111    (-,-) 
  u_core/gen_pd_row[6].gen_pd_col[1].u_pd/hit_latched_reg/q    (u)     clk->q  F     unmapped_d_flop      5  46.0     0   704     815    (-,-) 
  u_core/gen_pd_row[6].gen_pd_col[1].u_pd/g18/z                (u)     in_0->z R     unmapped_not         8 135.0     0   259    1074    (-,-) 
  u_core/gen_pd_row[6].gen_pd_col[1].u_pd/g27/z                (u)     in_1->z R     unmapped_and4        1  18.0     0   204    1278    (-,-) 
  u_core/gen_pd_row[6].gen_pd_col[1].u_pd/hit_latched_reg/sena -       -       R     unmapped_d_flop      1     -     -     0    1278    (-,-) 
#----------------------------------------------------------------------------------------------------------------------------------------------

(u) : Net has unmapped pin(s).



Path 16: VIOLATED (-273 ps) Setup Check with Pin u_core/gen_pd_row[6].gen_pd_col[0].u_pd/hit_latched_reg/clk->sena
           View: tc_view
          Group: clk_osc_fast_buf_tap0
     Startpoint: (R) u_core/gen_pd_row[6].gen_pd_col[0].u_pd/hit_latched_reg/clk
          Clock: (R) clk_osc_fast_buf_tap0
       Endpoint: (R) u_core/gen_pd_row[6].gen_pd_col[0].u_pd/hit_latched_reg/sena
          Clock: (R) clk_osc_fast_buf_tap0

                     Capture       Launch     
        Clock Edge:+    1333            0     
       Src Latency:+       0            0     
       Net Latency:+       0 (I)        0 (I) 
           Arrival:=    1333            0     
                                              
             Setup:-     430                  
       Uncertainty:-      10                  
     Required Time:=     894                  
      Launch Clock:-       0                  
         Data Path:-    1167                  
             Slack:=    -273                  

#----------------------------------------------------------------------------------------------------------------------------------------------
#                        Timing Point                          Flags    Arc    Edge      Cell        Fanout  Load Trans Delay Arrival Instance 
#                                                                                                            (fF)  (ps)  (ps)   (ps)  Location 
#----------------------------------------------------------------------------------------------------------------------------------------------
  u_core/gen_pd_row[6].gen_pd_col[0].u_pd/hit_latched_reg/clk  -       -       R     (arrival)           90     -   150     0       0    (-,-) 
  u_core/gen_pd_row[6].gen_pd_col[0].u_pd/hit_latched_reg/q    (u)     clk->q  F     unmapped_d_flop      5  46.0     0   704     704    (-,-) 
  u_core/gen_pd_row[6].gen_pd_col[0].u_pd/g18/z                (u)     in_0->z R     unmapped_not         8 135.0     0   259     963    (-,-) 
  u_core/gen_pd_row[6].gen_pd_col[0].u_pd/g27/z                (u)     in_1->z R     unmapped_and4        1  18.0     0   204    1167    (-,-) 
  u_core/gen_pd_row[6].gen_pd_col[0].u_pd/hit_latched_reg/sena -       -       R     unmapped_d_flop      1     -     -     0    1167    (-,-) 
#----------------------------------------------------------------------------------------------------------------------------------------------

(u) : Net has unmapped pin(s).



Path 17: VIOLATED (-273 ps) Setup Check with Pin u_core/gen_pd_row[5].gen_pd_col[7].u_pd/hit_latched_reg/clk->sena
           View: tc_view
          Group: clk_osc_fast_buf_tap7
     Startpoint: (R) u_core/gen_pd_row[5].gen_pd_col[7].u_pd/hit_latched_reg/clk
          Clock: (R) clk_osc_fast_buf_tap7
       Endpoint: (R) u_core/gen_pd_row[5].gen_pd_col[7].u_pd/hit_latched_reg/sena
          Clock: (R) clk_osc_fast_buf_tap7

                     Capture       Launch     
        Clock Edge:+    2110          777     
       Src Latency:+       0            0     
       Net Latency:+       0 (I)        0 (I) 
           Arrival:=    2110          777     
                                              
             Setup:-     430                  
       Uncertainty:-      10                  
     Required Time:=    1670                  
      Launch Clock:-     777                  
         Data Path:-    1167                  
             Slack:=    -273                  

#----------------------------------------------------------------------------------------------------------------------------------------------
#                        Timing Point                          Flags    Arc    Edge      Cell        Fanout  Load Trans Delay Arrival Instance 
#                                                                                                            (fF)  (ps)  (ps)   (ps)  Location 
#----------------------------------------------------------------------------------------------------------------------------------------------
  u_core/gen_pd_row[5].gen_pd_col[7].u_pd/hit_latched_reg/clk  -       -       R     (arrival)           89     -   150     0     777    (-,-) 
  u_core/gen_pd_row[5].gen_pd_col[7].u_pd/hit_latched_reg/q    (u)     clk->q  F     unmapped_d_flop      5  46.0     0   704    1481    (-,-) 
  u_core/gen_pd_row[5].gen_pd_col[7].u_pd/g18/z                (u)     in_0->z R     unmapped_not         8 135.0     0   259    1740    (-,-) 
  u_core/gen_pd_row[5].gen_pd_col[7].u_pd/g27/z                (u)     in_1->z R     unmapped_and4        1  18.0     0   204    1944    (-,-) 
  u_core/gen_pd_row[5].gen_pd_col[7].u_pd/hit_latched_reg/sena -       -       R     unmapped_d_flop      1     -     -     0    1944    (-,-) 
#----------------------------------------------------------------------------------------------------------------------------------------------

(u) : Net has unmapped pin(s).



Path 18: VIOLATED (-273 ps) Setup Check with Pin u_core/gen_pd_row[5].gen_pd_col[6].u_pd/hit_latched_reg/clk->sena
           View: tc_view
          Group: clk_osc_fast_buf_tap6
     Startpoint: (R) u_core/gen_pd_row[5].gen_pd_col[6].u_pd/hit_latched_reg/clk
          Clock: (R) clk_osc_fast_buf_tap6
       Endpoint: (R) u_core/gen_pd_row[5].gen_pd_col[6].u_pd/hit_latched_reg/sena
          Clock: (R) clk_osc_fast_buf_tap6

                     Capture       Launch     
        Clock Edge:+    1999          666     
       Src Latency:+       0            0     
       Net Latency:+       0 (I)        0 (I) 
           Arrival:=    1999          666     
                                              
             Setup:-     430                  
       Uncertainty:-      10                  
     Required Time:=    1560                  
      Launch Clock:-     666                  
         Data Path:-    1167                  
             Slack:=    -273                  

#----------------------------------------------------------------------------------------------------------------------------------------------
#                        Timing Point                          Flags    Arc    Edge      Cell        Fanout  Load Trans Delay Arrival Instance 
#                                                                                                            (fF)  (ps)  (ps)   (ps)  Location 
#----------------------------------------------------------------------------------------------------------------------------------------------
  u_core/gen_pd_row[5].gen_pd_col[6].u_pd/hit_latched_reg/clk  -       -       R     (arrival)           89     -   150     0     666    (-,-) 
  u_core/gen_pd_row[5].gen_pd_col[6].u_pd/hit_latched_reg/q    (u)     clk->q  F     unmapped_d_flop      5  46.0     0   704    1370    (-,-) 
  u_core/gen_pd_row[5].gen_pd_col[6].u_pd/g18/z                (u)     in_0->z R     unmapped_not         8 135.0     0   259    1629    (-,-) 
  u_core/gen_pd_row[5].gen_pd_col[6].u_pd/g27/z                (u)     in_1->z R     unmapped_and4        1  18.0     0   204    1833    (-,-) 
  u_core/gen_pd_row[5].gen_pd_col[6].u_pd/hit_latched_reg/sena -       -       R     unmapped_d_flop      1     -     -     0    1833    (-,-) 
#----------------------------------------------------------------------------------------------------------------------------------------------

(u) : Net has unmapped pin(s).



Path 19: VIOLATED (-273 ps) Setup Check with Pin u_core/gen_pd_row[5].gen_pd_col[5].u_pd/hit_latched_reg/clk->sena
           View: tc_view
          Group: clk_osc_fast_buf_tap5
     Startpoint: (R) u_core/gen_pd_row[5].gen_pd_col[5].u_pd/hit_latched_reg/clk
          Clock: (R) clk_osc_fast_buf_tap5
       Endpoint: (R) u_core/gen_pd_row[5].gen_pd_col[5].u_pd/hit_latched_reg/sena
          Clock: (R) clk_osc_fast_buf_tap5

                     Capture       Launch     
        Clock Edge:+    1888          555     
       Src Latency:+       0            0     
       Net Latency:+       0 (I)        0 (I) 
           Arrival:=    1888          555     
                                              
             Setup:-     430                  
       Uncertainty:-      10                  
     Required Time:=    1448                  
      Launch Clock:-     555                  
         Data Path:-    1167                  
             Slack:=    -273                  

#----------------------------------------------------------------------------------------------------------------------------------------------
#                        Timing Point                          Flags    Arc    Edge      Cell        Fanout  Load Trans Delay Arrival Instance 
#                                                                                                            (fF)  (ps)  (ps)   (ps)  Location 
#----------------------------------------------------------------------------------------------------------------------------------------------
  u_core/gen_pd_row[5].gen_pd_col[5].u_pd/hit_latched_reg/clk  -       -       R     (arrival)           89     -   150     0     555    (-,-) 
  u_core/gen_pd_row[5].gen_pd_col[5].u_pd/hit_latched_reg/q    (u)     clk->q  F     unmapped_d_flop      5  46.0     0   704    1259    (-,-) 
  u_core/gen_pd_row[5].gen_pd_col[5].u_pd/g18/z                (u)     in_0->z R     unmapped_not         8 135.0     0   259    1518    (-,-) 
  u_core/gen_pd_row[5].gen_pd_col[5].u_pd/g27/z                (u)     in_1->z R     unmapped_and4        1  18.0     0   204    1722    (-,-) 
  u_core/gen_pd_row[5].gen_pd_col[5].u_pd/hit_latched_reg/sena -       -       R     unmapped_d_flop      1     -     -     0    1722    (-,-) 
#----------------------------------------------------------------------------------------------------------------------------------------------

(u) : Net has unmapped pin(s).



Path 20: VIOLATED (-273 ps) Setup Check with Pin u_core/gen_pd_row[5].gen_pd_col[4].u_pd/hit_latched_reg/clk->sena
           View: tc_view
          Group: clk_osc_fast_buf_tap4
     Startpoint: (R) u_core/gen_pd_row[5].gen_pd_col[4].u_pd/hit_latched_reg/clk
          Clock: (R) clk_osc_fast_buf_tap4
       Endpoint: (R) u_core/gen_pd_row[5].gen_pd_col[4].u_pd/hit_latched_reg/sena
          Clock: (R) clk_osc_fast_buf_tap4

                     Capture       Launch     
        Clock Edge:+    1777          444     
       Src Latency:+       0            0     
       Net Latency:+       0 (I)        0 (I) 
           Arrival:=    1777          444     
                                              
             Setup:-     430                  
       Uncertainty:-      10                  
     Required Time:=    1338                  
      Launch Clock:-     444                  
         Data Path:-    1167                  
             Slack:=    -273                  

#----------------------------------------------------------------------------------------------------------------------------------------------
#                        Timing Point                          Flags    Arc    Edge      Cell        Fanout  Load Trans Delay Arrival Instance 
#                                                                                                            (fF)  (ps)  (ps)   (ps)  Location 
#----------------------------------------------------------------------------------------------------------------------------------------------
  u_core/gen_pd_row[5].gen_pd_col[4].u_pd/hit_latched_reg/clk  -       -       R     (arrival)           89     -   150     0     444    (-,-) 
  u_core/gen_pd_row[5].gen_pd_col[4].u_pd/hit_latched_reg/q    (u)     clk->q  F     unmapped_d_flop      5  46.0     0   704    1148    (-,-) 
  u_core/gen_pd_row[5].gen_pd_col[4].u_pd/g18/z                (u)     in_0->z R     unmapped_not         8 135.0     0   259    1407    (-,-) 
  u_core/gen_pd_row[5].gen_pd_col[4].u_pd/g27/z                (u)     in_1->z R     unmapped_and4        1  18.0     0   204    1611    (-,-) 
  u_core/gen_pd_row[5].gen_pd_col[4].u_pd/hit_latched_reg/sena -       -       R     unmapped_d_flop      1     -     -     0    1611    (-,-) 
#----------------------------------------------------------------------------------------------------------------------------------------------

(u) : Net has unmapped pin(s).


