============================================================
  Generated by:           Genus(TM) Synthesis Solution 22.13-s093_1
  Generated on:           May 18 2026  03:05:12 pm
  Module:                 mptdc_top_asic
  Operating conditions:   slow_1_62V_125C 
  Interconnect mode:      global
  Area mode:              physical library
============================================================

Timing
--------

Analysis view       Clock       Period 
---------------------------------------
wc_view       clk_osc_fast       900.0 
              clk_osc_fast_tap1  900.0 
              clk_osc_fast_tap2  900.0 
              clk_osc_fast_tap3  900.0 
              clk_osc_fast_tap4  900.0 
              clk_osc_fast_tap5  900.0 
              clk_osc_fast_tap6  900.0 
              clk_osc_fast_tap7  900.0 
              clk_osc_slow      1000.0 
              clk_osc_slow_tap1 1000.0 
              clk_osc_slow_tap2 1000.0 
              clk_osc_slow_tap3 1000.0 
              clk_osc_slow_tap4 1000.0 
              clk_osc_slow_tap5 1000.0 
              clk_osc_slow_tap6 1000.0 
              clk_osc_slow_tap7 1000.0 
              clk_sys           6250.0 


Analysis        Cost        Critical              Violating 
  View         Group       Path Slack     TNS       Paths   
------------------------------------------------------------
wc_view       clk_osc_fast    -4133.5 -5675125.2       1886 
         clk_osc_fast_tap1    -3196.6  -220714.6         80 
         clk_osc_fast_tap2    -3147.3  -217329.5         80 
         clk_osc_fast_tap3    -3097.3  -214123.9         80 
         clk_osc_fast_tap4    -3045.8  -211107.7         80 
         clk_osc_fast_tap5    -2996.6  -207640.9         80 
         clk_osc_fast_tap6    -2945.8  -204616.7         80 
         clk_osc_fast_tap7    -2895.8  -201719.6         80 
              clk_osc_slow    -2508.3   -47342.3         22 
         clk_osc_slow_tap1   No paths        0.0          0 
         clk_osc_slow_tap2   No paths        0.0          0 
         clk_osc_slow_tap3   No paths        0.0          0 
         clk_osc_slow_tap4   No paths        0.0          0 
         clk_osc_slow_tap5   No paths        0.0          0 
         clk_osc_slow_tap6   No paths        0.0          0 
         clk_osc_slow_tap7   No paths        0.0          0 
                   clk_sys    -5346.8  -351178.9        340 
                   default   No paths        0.0          0 
------------------------------------------------------------
Total                                 -7550899.3       2808 
                                                            

Instance Count
--------------
Leaf Instance Count             21611 
Physical Instance count             0 
Sequential Instance Count        5522 
Combinational Instance Count    16089 
Hierarchical Instance Count        74 

Area
----
Cell Area                          518584.013
Physical Cell Area                 0.000
Total Cell Area (Cell+Physical)    518584.013
Net Area                           273765.102
Total Area (Cell+Physical+Net)     792349.115

Power
-----
Leakage Power                      8015.443 nW
Dynamic Power                      399789244.657 nW
Total Power                        399797260.100 nW

Max Fanout                         3029 (clk_sys)
Min Fanout                         0 (local_async_rst_n)
Average Fanout                     2.3
Terms to net ratio                 3.3817
Terms to instance ratio            3.5786
Runtime                            513.3759220000022 seconds
Elapsed Runtime                    539 seconds
Genus peak memory usage            2614.26 
Innovus peak memory usage          no_value 
Hostname                           lyoelectrosrv01.in2p3.fr
