*** timeDesign #3 [begin] : totSession cpu/real = 0:10:01.1/0:11:22.3 (0.9), mem = 2790.0M
Start to check current routing status for nets...
All nets are already routed correctly.
End to check current routing status for nets (mem=2752.0M)

------------------------------------------------------------------
          timeDesign Summary
------------------------------------------------------------------

Setup views included:
 TC_NOMINAL 

+--------------------+---------+---------+---------+
|     Setup mode     |   all   | reg2reg | default |
+--------------------+---------+---------+---------+
|           WNS (ns):|  0.002  |  0.002  |  0.786  |
|           TNS (ns):|  0.000  |  0.000  |  0.000  |
|    Violating Paths:|    0    |    0    |    0    |
|          All Paths:|  4886   |  4862   |  2192   |
+--------------------+---------+---------+---------+

+----------------+-------------------------------+------------------+
|                |              Real             |       Total      |
|    DRVs        +------------------+------------+------------------|
|                |  Nr nets(terms)  | Worst Vio  |  Nr nets(terms)  |
+----------------+------------------+------------+------------------+
|   max_cap      |      0 (0)       |   0.000    |      0 (0)       |
|   max_tran     |      0 (0)       |   0.000    |      0 (0)       |
|   max_fanout   |      0 (0)       |     0      |      0 (0)       |
|   max_length   |      0 (0)       |     0      |      0 (0)       |
+----------------+------------------+------------+------------------+

Density: 53.375%
Routing Overflow: 0.77% H and 0.02% V
------------------------------------------------------------------
Reported timing to dir ./timingReports
Total CPU time: 1.82 sec
Total Real time: 2.0 sec
Total Memory Usage: 2752.183594 Mbytes
