        Initializing DRC engine.
============================================================
  Generated by:           Genus(TM) Synthesis Solution 22.13-s093_1
  Generated on:           May 12 2026  11:50:24 am
  Module:                 mptdc_top_asic
  Operating conditions:   slow_1_62V_125C 
  Interconnect mode:      global
  Area mode:              physical library
============================================================

Max_transition design rule (violation total = 17244)
Pin                                            Slew           Max     Violation
---------------------------------------------------------------------------------
g26917__1617/A                                  722           500           222
  --> Other violations on net                           3767
g26916__3680/A                                  722           500           222
  --> Other violations on net                           3767
g26915__6783/A                                  722           500           222
  --> Other violations on net                           3767
g26914__5526/A                                  722           500           222
  --> Other violations on net                           3767
g26913__8428/A                                  722           500           222
  --> Other violations on net                           3767
g26912__4319/A                                  722           500           222
  --> Other violations on net                           3767
g26911__6260/A                                  722           500           222
  --> Other violations on net                           3767
g26910__5107/A                                  722           500           222
  --> Other violations on net                           3767
g26909__2398/A                                  722           500           222
  --> Other violations on net                           3767
g26908__5477/A                                  722           500           222
  --> Other violations on net                           3767
g26907__6417/A                                  722           500           222
  --> Other violations on net                           3767
g26882__8246/C                                  722           500           222
  --> Other violations on net                           3767
g26870__2398/C                                  722           500           222
  --> Other violations on net                           3767
g26881__5122/C                                  722           500           222
  --> Other violations on net                           3767
g26334__6131/A                                  722           500           222
  --> Other violations on net                           3767
drc_bufs26582/A                                 722           500           222
  --> Other violations on net                           3767
g26980/Q                                        722           500           222
  --> Other violations on net                           3767
g26036__6260/A                                  711           500           211
  --> Other violations on net                           634
g25762__8246/A                                  711           500           211
  --> Other violations on net                           634
g26039__5526/A                                  711           500           211
  --> Other violations on net                           634
g26042/Q                                        711           500           211
  --> Other violations on net                           634
g25615__6260/A                                  872           500           372
  --> Other violations on net                           372
g25633__8246/Q                                  872           500           372
  --> Other violations on net                           372
g25609__7410/A                                  872           500           372
  --> Other violations on net                           372
g25622__6783/Q                                  872           500           372
  --> Other violations on net                           372
g25585__6783/A                                  871           500           371
  --> Other violations on net                           371
g25610__6417/Q                                  871           500           371
  --> Other violations on net                           371
g26918__2802/A                                  730           500           230
  --> Other violations on net                           460
g26980/A                                        730           500           230
  --> Other violations on net                           460
g26989__1617/Q                                  730           500           230
  --> Other violations on net                           460
g26029__1666/C                                  818           500           318
  --> Other violations on net                           318
g26057__5122/Q                                  818           500           318
  --> Other violations on net                           318
g25613__5107/C                                  811           500           311
  --> Other violations on net                           311
g25616__4319/Q                                  811           500           311
  --> Other violations on net                           311
g25657__2398/A                                  792           500           292
  --> Other violations on net                           292
g25712__8428/Q                                  792           500           292
  --> Other violations on net                           292
g26054__2802/D                                  646           500           146
  --> Other violations on net                           437
g25916__8246/A                                  646           500           146
  --> Other violations on net                           437
g26074__2346/A                                  646           500           146
  --> Other violations on net                           437
g26128/Q                                        646           500           146
  --> Other violations on net                           437
g25766__5115/A                                  582           500            82
  --> Other violations on net                           495
g26368__2398/A                                  582           500            82
  --> Other violations on net                           495
g25728__7098/B                                  582           500            82
  --> Other violations on net                           495
g27163__1881/A                                  582           500            82
  --> Other violations on net                           495
fopt27123/A                                     582           500            82
  --> Other violations on net                           495
g26901__7410/C                                  582           500            82
  --> Other violations on net                           495
u_core_u_fifo_count_q_reg[0]/Q                  582           500            82
  --> Other violations on net                           495
g25690__5115/S                                  578           500            78
  --> Other violations on net                           388
g26236__6131/B                                  578           500            78
  --> Other violations on net                           388
g26901__7410/B                                  578           500            78
  --> Other violations on net                           388
g26658__2802/D                                  578           500            78
  --> Other violations on net                           388
g26959__6131/B                                  578           500            78
  --> Other violations on net                           388
u_core_u_fifo_count_q_reg[3]/Q                  578           500            78
  --> Other violations on net                           388
g25667__3680/C                                  718           500           218
  --> Other violations on net                           218
g25675__8246/Q                                  718           500           218
  --> Other violations on net                           218
g26031__6417/C                                  718           500           218
  --> Other violations on net                           218
g26054__2802/Q                                  718           500           218
  --> Other violations on net                           218
g25658__5107/C                                  710           500           210
  --> Other violations on net                           210
g25668__1617/Q                                  710           500           210
  --> Other violations on net                           210
g25676__7098/C                                  710           500           210
  --> Other violations on net                           210
g25699__7410/Q                                  710           500           210
  --> Other violations on net                           210
g25756__6783/D                                  700           500           200
  --> Other violations on net                           200
g25996__5526/Q                                  700           500           200
  --> Other violations on net                           200
g25764__6131/A                                  602           500           102
  --> Other violations on net                           205
g25916__8246/D                                  602           500           102
  --> Other violations on net                           205
g26074__2346/Q                                  602           500           102
  --> Other violations on net                           205
g25675__8246/C                                  601           500           101
  --> Other violations on net                           202
g25669__2802/B                                  601           500           101
  --> Other violations on net                           202
g25688/Q                                        601           500           101
  --> Other violations on net                           202
u_core_u_wdt_global_cnt_reg[0]/D                637           500           137
  --> Other violations on net                           137
g26162__6783/Q                                  637           500           137
  --> Other violations on net                           137
u_core_u_wdt_global_cnt_reg[4]/D                637           500           137
  --> Other violations on net                           137
g25755__5526/Q                                  637           500           137
  --> Other violations on net                           137
g26032__5477/A                                  620           500           120
  --> Other violations on net                           120
g27162__6131/Q                                  620           500           120
  --> Other violations on net                           120
g26970/A                                        542           500            42
  --> Other violations on net                           170
g26896__9945/D                                  542           500            42
  --> Other violations on net                           170
g26879__2802/C                                  542           500            42
  --> Other violations on net                           170
g26895__9315/D                                  542           500            42
  --> Other violations on net                           170
g26976__6417/Q                                  542           500            42
  --> Other violations on net                           170
g26683__7410/A                                  595           500            95
  --> Other violations on net                           95
g26701__3680/Q                                  595           500            95
  --> Other violations on net                           95
drc_bufs27327/A                                 595           500            95
  --> Other violations on net                           95
g25913__2802/Q                                  595           500            95
  --> Other violations on net                           95
g25946__8246/A                                  518           500            18
  --> Other violations on net                           164
g25972__2802/A                                  518           500            18
  --> Other violations on net                           164
g25939__5526/A                                  518           500            18
  --> Other violations on net                           164
g25988__7410/A                                  518           500            18
  --> Other violations on net                           164
g25984__9945/A                                  518           500            18
  --> Other violations on net                           164
g25940__6783/A                                  518           500            18
  --> Other violations on net                           164
g25965__4319/B                                  518           500            18
  --> Other violations on net                           164
g25964__6260/B                                  518           500            18
  --> Other violations on net                           164
g26185__5477/A                                  518           500            18
  --> Other violations on net                           164
g26310__9315/Q                                  518           500            18
  --> Other violations on net                           164
g25950__5115/A                                  518           500            18
  --> Other violations on net                           160
g25933__5477/A                                  518           500            18
  --> Other violations on net                           160
g25958__1666/A                                  518           500            18
  --> Other violations on net                           160
g25975__8246/A                                  518           500            18
  --> Other violations on net                           160
g25926__9315/A                                  518           500            18
  --> Other violations on net                           160
g25979__5115/A                                  518           500            18
  --> Other violations on net                           160
g25966__8428/B                                  518           500            18
  --> Other violations on net                           160
g25951__7482/B                                  518           500            18
  --> Other violations on net                           160
g26181__1666/A                                  518           500            18
  --> Other violations on net                           160
g26311__9945/Q                                  518           500            18
  --> Other violations on net                           160
g25978__1881/A                                  518           500            18
  --> Other violations on net                           158
g25932__6417/A                                  518           500            18
  --> Other violations on net                           158
g25961__5477/A                                  518           500            18
  --> Other violations on net                           158
g25931__7410/A                                  518           500            18
  --> Other violations on net                           158
g25957__2346/A                                  518           500            18
  --> Other violations on net                           158
g25982__6161/A                                  518           500            18
  --> Other violations on net                           158
g26187__5107/A                                  518           500            18
  --> Other violations on net                           158
g25936__6260/B                                  518           500            18
  --> Other violations on net                           158
g25956__2883/B                                  518           500            18
  --> Other violations on net                           158
g26308__4733/Q                                  518           500            18
  --> Other violations on net                           158
g26725__5477/A                                  581           500            81
  --> Other violations on net                           81
g26759__8428/Q                                  581           500            81
  --> Other violations on net                           81
g27246/A                                        577           500            77
  --> Other violations on net                           77
g26687__27247/Q                                 577           500            77
  --> Other violations on net                           77
g27207/B                                        558           500            58
  --> Other violations on net                           58
g26896__9945/Q                                  558           500            58
  --> Other violations on net                           58
g25981__4733/A                                  511           500            11
  --> Other violations on net                           101
g25977__6131/A                                  511           500            11
  --> Other violations on net                           101
g25930__1666/A                                  511           500            11
  --> Other violations on net                           101
g25955__9945/A                                  511           500            11
  --> Other violations on net                           101
g25929__2346/A                                  511           500            11
  --> Other violations on net                           101
g25954__9315/B                                  511           500            11
  --> Other violations on net                           101
g25935__5107/B                                  511           500            11
  --> Other violations on net                           101
g26180__2346/A                                  511           500            11
  --> Other violations on net                           101
g25960__6417/B                                  511           500            11
  --> Other violations on net                           101
g26307__7482/Q                                  511           500            11
  --> Other violations on net                           101
u_core_u_fifo_count_q_reg[3]/D                  548           500            48
  --> Other violations on net                           48
g25690__5115/Q                                  548           500            48
  --> Other violations on net                           48
u_core_u_fifo_wr_ptr_q_reg[3]/D                 547           500            47
  --> Other violations on net                           47
g25751__5107/Q                                  547           500            47
  --> Other violations on net                           47
g26918__2802/Q                                  530           500            30
  --> Other violations on net                           59
g27205/C                                        540           500            40
  --> Other violations on net                           40
g26798__2346/Q                                  540           500            40
  --> Other violations on net                           40
inc_u_core_add_478_42_g357__5115/A              532           500            32
  --> Other violations on net                           32
inc_u_core_add_478_42_g398__5477/Q              532           500            32
  --> Other violations on net                           32
g26761__6783/B                                  531           500            31
  --> Other violations on net                           31
g26927__27254/Q                                 531           500            31
  --> Other violations on net                           31
g26730__8428/B                                  528           500            28
  --> Other violations on net                           28
g26839__27232/Q                                 528           500            28
  --> Other violations on net                           28
g25714__6783/A                                  518           500            18
  --> Other violations on net                           36
g25663__4319/A                                  518           500            18
  --> Other violations on net                           36
g26385/Q                                        518           500            18
  --> Other violations on net                           36
g25986__2346/A                                  505           500             5
  --> Other violations on net                           44
g25949__1881/A                                  505           500             5
  --> Other violations on net                           44
g25974__5122/A                                  505           500             5
  --> Other violations on net                           44
g25944__1705/A                                  505           500             5
  --> Other violations on net                           44
g25943__2802/B                                  505           500             5
  --> Other violations on net                           44
g25948__6131/B                                  505           500             5
  --> Other violations on net                           44
g26182__7410/A                                  505           500             5
  --> Other violations on net                           44
g25969__6783/B                                  505           500             5
  --> Other violations on net                           44
g25970__3680/B                                  505           500             5
  --> Other violations on net                           44
g26305__1881/Q                                  505           500             5
  --> Other violations on net                           44
inc_u_core_add_478_42_g364__2346/B              524           500            24
  --> Other violations on net                           24
inc_u_core_add_478_42_g395__1666/Q              524           500            24
  --> Other violations on net                           24
g26875__5526/A                                  523           500            23
  --> Other violations on net                           23
g26922__7098/Q                                  523           500            23
  --> Other violations on net                           23
g25556__6161/B                                  522           500            22
  --> Other violations on net                           22
g25588__2802/Q                                  522           500            22
  --> Other violations on net                           22
g26876__6783/B                                  512           500            12
  --> Other violations on net                           12
g26923__6131/Q                                  512           500            12
  --> Other violations on net                           12
inc_u_core_add_478_42_g360__6161/B              510           500            10
  --> Other violations on net                           10
inc_u_core_add_478_42_g390__6161/Q              510           500            10
  --> Other violations on net                           10
g27770/B                                        503           500             3
  --> Other violations on net                           3
g26919__1705/Q                                  503           500             3
  --> Other violations on net                           3
g26857__5115/B                                  502           500             2
  --> Other violations on net                           2
g26949__8428/Q                                  502           500             2
  --> Other violations on net                           2
drc_bufs27068/A                                 501           500             1
  --> Other violations on net                           1
g26658__2802/Q                                  501           500             1
  --> Other violations on net                           1


Max_capacitance design rule: no violations.


Max_fanout design rule: no violations.



