============================================================
  Generated by:           Genus(TM) Synthesis Solution 22.13-s093_1
  Generated on:           May 12 2026  11:50:24 am
  Module:                 mptdc_top_asic
  Operating conditions:   slow_1_62V_125C 
  Interconnect mode:      global
  Area mode:              physical library
============================================================

                                                                    Library 
   Gate    Instances    Area                  Library                Domain 
----------------------------------------------------------------------------
AN21HDX1          25    313.600    D_CELLS_HD_LPMOS_slow_1_62V_125C wc_cond 
AN222HDX4          1     40.141    D_CELLS_HD_LPMOS_slow_1_62V_125C wc_cond 
AN22HDX1          56    842.957    D_CELLS_HD_LPMOS_slow_1_62V_125C wc_cond 
AN22HDX2           1     25.088    D_CELLS_HD_LPMOS_slow_1_62V_125C wc_cond 
AN22HDX4           1     32.614    D_CELLS_HD_LPMOS_slow_1_62V_125C wc_cond 
AN31HDX1           1     15.053    D_CELLS_HD_LPMOS_slow_1_62V_125C wc_cond 
AN32HDX1           3     52.685    D_CELLS_HD_LPMOS_slow_1_62V_125C wc_cond 
AN32HDX2           1     30.106    D_CELLS_HD_LPMOS_slow_1_62V_125C wc_cond 
AND2HDX0          35    439.040    D_CELLS_HD_LPMOS_slow_1_62V_125C wc_cond 
AND2HDX1          40    501.760    D_CELLS_HD_LPMOS_slow_1_62V_125C wc_cond 
AND2HDX2          36    541.901    D_CELLS_HD_LPMOS_slow_1_62V_125C wc_cond 
AND2HDX4           8    160.563    D_CELLS_HD_LPMOS_slow_1_62V_125C wc_cond 
AND3HDX0           2     30.106    D_CELLS_HD_LPMOS_slow_1_62V_125C wc_cond 
AND3HDX1           3     45.158    D_CELLS_HD_LPMOS_slow_1_62V_125C wc_cond 
AND3HDX2           2     35.123    D_CELLS_HD_LPMOS_slow_1_62V_125C wc_cond 
AND3HDX4           1     22.579    D_CELLS_HD_LPMOS_slow_1_62V_125C wc_cond 
AND4HDX0           3     52.685    D_CELLS_HD_LPMOS_slow_1_62V_125C wc_cond 
AND4HDX1           4     70.246    D_CELLS_HD_LPMOS_slow_1_62V_125C wc_cond 
AND4HDX2           1     20.070    D_CELLS_HD_LPMOS_slow_1_62V_125C wc_cond 
AND6HDX2           1     32.614    D_CELLS_HD_LPMOS_slow_1_62V_125C wc_cond 
AO211HDX0          4     70.246    D_CELLS_HD_LPMOS_slow_1_62V_125C wc_cond 
AO21HDX0           2     35.123    D_CELLS_HD_LPMOS_slow_1_62V_125C wc_cond 
AO21HDX1           1     17.562    D_CELLS_HD_LPMOS_slow_1_62V_125C wc_cond 
AO22HDX0          86   1726.054    D_CELLS_HD_LPMOS_slow_1_62V_125C wc_cond 
AO22HDX2           2     45.158    D_CELLS_HD_LPMOS_slow_1_62V_125C wc_cond 
AO31HDX1           1     17.562    D_CELLS_HD_LPMOS_slow_1_62V_125C wc_cond 
AO31HDX2           1     20.070    D_CELLS_HD_LPMOS_slow_1_62V_125C wc_cond 
AO32HDX0           4     80.282    D_CELLS_HD_LPMOS_slow_1_62V_125C wc_cond 
AO32HDX2           1     25.088    D_CELLS_HD_LPMOS_slow_1_62V_125C wc_cond 
BUHDX0            33    331.162    D_CELLS_HD_LPMOS_slow_1_62V_125C wc_cond 
BUHDX1             7     70.246    D_CELLS_HD_LPMOS_slow_1_62V_125C wc_cond 
BUHDX2             6     75.264    D_CELLS_HD_LPMOS_slow_1_62V_125C wc_cond 
BUHDX3             4     70.246    D_CELLS_HD_LPMOS_slow_1_62V_125C wc_cond 
BUHDX4             5    100.352    D_CELLS_HD_LPMOS_slow_1_62V_125C wc_cond 
DFRQHDX0          17    810.342    D_CELLS_HD_LPMOS_slow_1_62V_125C wc_cond 
DFRQHDX1          12    572.006    D_CELLS_HD_LPMOS_slow_1_62V_125C wc_cond 
DFRQHDX2           1     50.176    D_CELLS_HD_LPMOS_slow_1_62V_125C wc_cond 
DFRRHDX0           2    125.440    D_CELLS_HD_LPMOS_slow_1_62V_125C wc_cond 
DFRRHDX1           1     62.720    D_CELLS_HD_LPMOS_slow_1_62V_125C wc_cond 
DFRRQHDX0         60   3462.144    D_CELLS_HD_LPMOS_slow_1_62V_125C wc_cond 
DFRRQHDX1         77   4443.085    D_CELLS_HD_LPMOS_slow_1_62V_125C wc_cond 
DFRRQHDX2         56   3371.827    D_CELLS_HD_LPMOS_slow_1_62V_125C wc_cond 
DFRRQHDX4          3    195.686    D_CELLS_HD_LPMOS_slow_1_62V_125C wc_cond 
DFRSQHDX0         19   1001.011    D_CELLS_HD_LPMOS_slow_1_62V_125C wc_cond 
DFRSQHDX1         19   1001.011    D_CELLS_HD_LPMOS_slow_1_62V_125C wc_cond 
DLLQHDX1           3     90.317    D_CELLS_HD_LPMOS_slow_1_62V_125C wc_cond 
DLLQHDX2           1     32.614    D_CELLS_HD_LPMOS_slow_1_62V_125C wc_cond 
EN2HDX1           40    903.168    D_CELLS_HD_LPMOS_slow_1_62V_125C wc_cond 
EO2HDX1           19    381.338    D_CELLS_HD_LPMOS_slow_1_62V_125C wc_cond 
HAHDX0             4    110.387    D_CELLS_HD_LPMOS_slow_1_62V_125C wc_cond 
HAHDX1             1     30.106    D_CELLS_HD_LPMOS_slow_1_62V_125C wc_cond 
HAHDX2             2     75.264    D_CELLS_HD_LPMOS_slow_1_62V_125C wc_cond 
INHDX0            73    549.427    D_CELLS_HD_LPMOS_slow_1_62V_125C wc_cond 
INHDX1            27    203.213    D_CELLS_HD_LPMOS_slow_1_62V_125C wc_cond 
INHDX2            27    270.950    D_CELLS_HD_LPMOS_slow_1_62V_125C wc_cond 
INHDX3             8    100.352    D_CELLS_HD_LPMOS_slow_1_62V_125C wc_cond 
INHDX4             4     60.211    D_CELLS_HD_LPMOS_slow_1_62V_125C wc_cond 
INHDX6             2     40.141    D_CELLS_HD_LPMOS_slow_1_62V_125C wc_cond 
INHDX8             2     50.176    D_CELLS_HD_LPMOS_slow_1_62V_125C wc_cond 
MU2HDX0           10    200.704    D_CELLS_HD_LPMOS_slow_1_62V_125C wc_cond 
MU2HDX1            1     22.579    D_CELLS_HD_LPMOS_slow_1_62V_125C wc_cond 
MU2HDX2            1     25.088    D_CELLS_HD_LPMOS_slow_1_62V_125C wc_cond 
MU2IHDX1           2     35.123    D_CELLS_HD_LPMOS_slow_1_62V_125C wc_cond 
MU2IHDX2           5    175.616    D_CELLS_HD_LPMOS_slow_1_62V_125C wc_cond 
NA22HDX0          77   1159.066    D_CELLS_HD_LPMOS_slow_1_62V_125C wc_cond 
NA22HDX1           3     45.158    D_CELLS_HD_LPMOS_slow_1_62V_125C wc_cond 
NA22HDX2           2     40.141    D_CELLS_HD_LPMOS_slow_1_62V_125C wc_cond 
NA22HDX4           1     37.632    D_CELLS_HD_LPMOS_slow_1_62V_125C wc_cond 
NA2HDX0           46    461.619    D_CELLS_HD_LPMOS_slow_1_62V_125C wc_cond 
NA2HDX1           18    180.634    D_CELLS_HD_LPMOS_slow_1_62V_125C wc_cond 
NA2HDX2           14    210.739    D_CELLS_HD_LPMOS_slow_1_62V_125C wc_cond 
NA2HDX4           10    250.880    D_CELLS_HD_LPMOS_slow_1_62V_125C wc_cond 
NA2I1HDX0         11    137.984    D_CELLS_HD_LPMOS_slow_1_62V_125C wc_cond 
NA2I1HDX1          3     37.632    D_CELLS_HD_LPMOS_slow_1_62V_125C wc_cond 
NA2I1HDX2          1     17.562    D_CELLS_HD_LPMOS_slow_1_62V_125C wc_cond 
NA2I1HDX4          1     32.614    D_CELLS_HD_LPMOS_slow_1_62V_125C wc_cond 
NA3HDX0            4     50.176    D_CELLS_HD_LPMOS_slow_1_62V_125C wc_cond 
NA3HDX1            9    112.896    D_CELLS_HD_LPMOS_slow_1_62V_125C wc_cond 
NA3HDX2            6    120.422    D_CELLS_HD_LPMOS_slow_1_62V_125C wc_cond 
NA3HDX4            1     37.632    D_CELLS_HD_LPMOS_slow_1_62V_125C wc_cond 
NA3I1HDX0          1     15.053    D_CELLS_HD_LPMOS_slow_1_62V_125C wc_cond 
NA3I1HDX1          1     15.053    D_CELLS_HD_LPMOS_slow_1_62V_125C wc_cond 
NA3I1HDX4          1     42.650    D_CELLS_HD_LPMOS_slow_1_62V_125C wc_cond 
NA3I2HDX1          2     30.106    D_CELLS_HD_LPMOS_slow_1_62V_125C wc_cond 
NA3I2HDX2          1     20.070    D_CELLS_HD_LPMOS_slow_1_62V_125C wc_cond 
NA3I2HDX4          3     97.843    D_CELLS_HD_LPMOS_slow_1_62V_125C wc_cond 
NA4HDX1            4     60.211    D_CELLS_HD_LPMOS_slow_1_62V_125C wc_cond 
NA4I1HDX2          1     32.614    D_CELLS_HD_LPMOS_slow_1_62V_125C wc_cond 
NA4I2HDX1          4     70.246    D_CELLS_HD_LPMOS_slow_1_62V_125C wc_cond 
NA4I3HDX1          2     35.123    D_CELLS_HD_LPMOS_slow_1_62V_125C wc_cond 
NA5I3HDX1          1     20.070    D_CELLS_HD_LPMOS_slow_1_62V_125C wc_cond 
NA6I3HDX2          1     37.632    D_CELLS_HD_LPMOS_slow_1_62V_125C wc_cond 
NO22HDX0           1     15.053    D_CELLS_HD_LPMOS_slow_1_62V_125C wc_cond 
NO22HDX1           4     70.246    D_CELLS_HD_LPMOS_slow_1_62V_125C wc_cond 
NO22HDX2           1     22.579    D_CELLS_HD_LPMOS_slow_1_62V_125C wc_cond 
NO2HDX0            3     30.106    D_CELLS_HD_LPMOS_slow_1_62V_125C wc_cond 
NO2HDX1           24    240.845    D_CELLS_HD_LPMOS_slow_1_62V_125C wc_cond 
NO2HDX2            6    105.370    D_CELLS_HD_LPMOS_slow_1_62V_125C wc_cond 
NO2HDX4            1     27.597    D_CELLS_HD_LPMOS_slow_1_62V_125C wc_cond 
NO2I1HDX0          3     37.632    D_CELLS_HD_LPMOS_slow_1_62V_125C wc_cond 
NO2I1HDX1          7     87.808    D_CELLS_HD_LPMOS_slow_1_62V_125C wc_cond 
NO2I1HDX2          2     40.141    D_CELLS_HD_LPMOS_slow_1_62V_125C wc_cond 
NO2I1HDX4          2     65.229    D_CELLS_HD_LPMOS_slow_1_62V_125C wc_cond 
NO3I2HDX1          5     75.264    D_CELLS_HD_LPMOS_slow_1_62V_125C wc_cond 
NO3I2HDX2          6    135.475    D_CELLS_HD_LPMOS_slow_1_62V_125C wc_cond 
NO3I2HDX4          1     35.123    D_CELLS_HD_LPMOS_slow_1_62V_125C wc_cond 
NO4HDX0            3     75.264    D_CELLS_HD_LPMOS_slow_1_62V_125C wc_cond 
NO4I1HDX2          1     27.597    D_CELLS_HD_LPMOS_slow_1_62V_125C wc_cond 
NO4I1HDX4          1     32.614    D_CELLS_HD_LPMOS_slow_1_62V_125C wc_cond 
NO4I3HDX2          2     50.176    D_CELLS_HD_LPMOS_slow_1_62V_125C wc_cond 
NO5HDX4            1     40.141    D_CELLS_HD_LPMOS_slow_1_62V_125C wc_cond 
OA211HDX0          1     17.562    D_CELLS_HD_LPMOS_slow_1_62V_125C wc_cond 
OA21HDX0           3     52.685    D_CELLS_HD_LPMOS_slow_1_62V_125C wc_cond 
OA21HDX2           1     22.579    D_CELLS_HD_LPMOS_slow_1_62V_125C wc_cond 
OA221HDX0          1     25.088    D_CELLS_HD_LPMOS_slow_1_62V_125C wc_cond 
OA221HDX1          4    100.352    D_CELLS_HD_LPMOS_slow_1_62V_125C wc_cond 
OA221HDX2          1     32.614    D_CELLS_HD_LPMOS_slow_1_62V_125C wc_cond 
OA222HDX1          1     27.597    D_CELLS_HD_LPMOS_slow_1_62V_125C wc_cond 
OA22HDX0           4     80.282    D_CELLS_HD_LPMOS_slow_1_62V_125C wc_cond 
OA22HDX1           1     20.070    D_CELLS_HD_LPMOS_slow_1_62V_125C wc_cond 
ON211HDX0          9    135.475    D_CELLS_HD_LPMOS_slow_1_62V_125C wc_cond 
ON211HDX1         14    245.862    D_CELLS_HD_LPMOS_slow_1_62V_125C wc_cond 
ON21HDX0           1     12.544    D_CELLS_HD_LPMOS_slow_1_62V_125C wc_cond 
ON21HDX1          96   1204.224    D_CELLS_HD_LPMOS_slow_1_62V_125C wc_cond 
OR2HDX0            6     75.264    D_CELLS_HD_LPMOS_slow_1_62V_125C wc_cond 
OR2HDX1            3     37.632    D_CELLS_HD_LPMOS_slow_1_62V_125C wc_cond 
OR2HDX2            3     45.158    D_CELLS_HD_LPMOS_slow_1_62V_125C wc_cond 
OR2HDX4            3     60.211    D_CELLS_HD_LPMOS_slow_1_62V_125C wc_cond 
OR3HDX0            1     15.053    D_CELLS_HD_LPMOS_slow_1_62V_125C wc_cond 
OR4HDX0            1     22.579    D_CELLS_HD_LPMOS_slow_1_62V_125C wc_cond 
----------------------------------------------------------------------------
total           1338  31297.280                                     


                                          
     Type      Instances    Area   Area % 
------------------------------------------
sequential           271 15218.381   48.6 
inverter             143  1274.470    4.1 
buffer                55   647.270    2.1 
logic                869 14157.158   45.2 
physical_cells         0     0.000    0.0 
------------------------------------------
total               1338 31297.280  100.0 

