============================================================
  Generated by:           Genus(TM) Synthesis Solution 22.13-s093_1
  Generated on:           May 12 2026  11:50:24 am
  Module:                 mptdc_top_asic
  Operating conditions:   slow_1_62V_125C 
  Interconnect mode:      global
  Area mode:              physical library
============================================================


Path 1: MET (2 ps) Setup Check with Pin u_core_u_fifo_wr_ptr_q_reg[4]/C->D
           View: wc_view
          Group: clk_sys
     Startpoint: (R) u_core_u_fifo_count_q_reg[0]/C
          Clock: (R) clk_sys
       Endpoint: (F) u_core_u_fifo_wr_ptr_q_reg[4]/D
          Clock: (R) clk_sys

                     Capture       Launch     
        Clock Edge:+    6250            0     
       Src Latency:+       0            0     
       Net Latency:+       0 (I)        0 (I) 
           Arrival:=    6250            0     
                                              
             Setup:-     677                  
       Uncertainty:-     300                  
     Required Time:=    5273                  
      Launch Clock:-       0                  
         Data Path:-    5271                  
             Slack:=       2                  

#--------------------------------------------------------------------------------------------------------
#          Timing Point           Flags   Arc   Edge   Cell     Fanout Load Trans Delay Arrival Instance 
#                                                                      (fF)  (ps)  (ps)   (ps)  Location 
#--------------------------------------------------------------------------------------------------------
  u_core_u_fifo_count_q_reg[0]/C  -       -     R     (arrival)    267    -   150     0       0    (-,-) 
  u_core_u_fifo_count_q_reg[0]/Q  -       C->Q  F     DFRRQHDX1      6 59.0   423  1220    1220    (-,-) 
  g26901__7410/Q                  -       C->Q  R     NO5HDX4        4 83.1   271  1137    2358    (-,-) 
  g26813__1705/Q                  -       C->Q  F     NA3I2HDX4      4 62.7   276   259    2617    (-,-) 
  g26272__9315/Q                  -       A->Q  R     NA2HDX4        5 64.4   316   353    2970    (-,-) 
  g27157__6783/Q                  -       A->Q  R     OR2HDX1        1 22.1   242   405    3375    (-,-) 
  drc_bufs26482/Q                 -       A->Q  F     INHDX2         6 55.0   241   289    3664    (-,-) 
  g26065__6161/Q                  -       A->Q  R     NA2HDX0        1 12.1   366   362    4026    (-,-) 
  g26003__2802/Q                  -       B->Q  R     AND2HDX1       3 27.7   304   558    4584    (-,-) 
  g25879__8428/Q                  -       A->Q  R     AND2HDX1       1 15.7   204   463    5048    (-,-) 
  g25732__7482/Q                  -       A->Q  F     ON21HDX1       1 12.3   220   223    5271    (-,-) 
  u_core_u_fifo_wr_ptr_q_reg[4]/D -       -     F     DFRRQHDX1      1    -     -     0    5271    (-,-) 
#--------------------------------------------------------------------------------------------------------



Path 2: MET (2 ps) Setup Check with Pin u_core_u_narrow_tx_ctx_id_q_reg[0]/C->D
           View: wc_view
          Group: clk_sys
     Startpoint: (R) u_core_u_fifo_rd_ptr_q_reg[1]/C
          Clock: (R) clk_sys
       Endpoint: (F) u_core_u_narrow_tx_ctx_id_q_reg[0]/D
          Clock: (R) clk_sys

                     Capture       Launch     
        Clock Edge:+    6250            0     
       Src Latency:+       0            0     
       Net Latency:+       0 (I)        0 (I) 
           Arrival:=    6250            0     
                                              
             Setup:-     633                  
       Uncertainty:-     300                  
     Required Time:=    5317                  
      Launch Clock:-       0                  
         Data Path:-    5315                  
             Slack:=       2                  

#-------------------------------------------------------------------------------------------------------------
#            Timing Point              Flags   Arc   Edge   Cell     Fanout Load Trans Delay Arrival Instance 
#                                                                           (fF)  (ps)  (ps)   (ps)  Location 
#-------------------------------------------------------------------------------------------------------------
  u_core_u_fifo_rd_ptr_q_reg[1]/C      -       -     R     (arrival)    267    -   150     0       0    (-,-) 
  u_core_u_fifo_rd_ptr_q_reg[1]/Q      -       C->Q  F     DFRRQHDX1      1 19.6   247   981     981    (-,-) 
  fopt27180/Q                          -       A->Q  F     BUHDX3         2 71.6   202   438    1419    (-,-) 
  fopt27179/Q                          -       A->Q  R     INHDX6         4 77.8   167   196    1615    (-,-) 
  fopt27178/Q                          -       A->Q  F     INHDX4         4 43.4   116   144    1758    (-,-) 
  g26966__9315/Q                       -       AN->Q F     NO3I2HDX2      2 36.1   147   366    2124    (-,-) 
  g26892__7482/Q                       -       B->Q  R     NA2HDX2        1 14.2   206   244    2368    (-,-) 
  g26856__27250/Q                      -       C->Q  F     ON21HDX1       1 15.5   240   263    2632    (-,-) 
  g27220/Q                             -       A->Q  R     NO2HDX1        1 14.2   385   393    3024    (-,-) 
  g26759__8428/Q                       -       C->Q  F     ON21HDX1       1 21.7   297   370    3395    (-,-) 
  g26725__5477/Q                       -       A->Q  R     NA2HDX2        1 15.5   227   273    3668    (-,-) 
  g27222/Q                             -       A->Q  R     NA22HDX1       1 14.6   248   382    4050    (-,-) 
  g26671__4733/Q                       -       B->Q  R     AO31HDX2       1 21.9   186   589    4639    (-,-) 
  g26666__27245/Q                      -       A->Q  F     NA3HDX2        2 29.1   276   281    4920    (-,-) 
  g26018__6131/Q                       -       A->Q  F     NA22HDX1       1 12.2   184   395    5315    (-,-) 
  u_core_u_narrow_tx_ctx_id_q_reg[0]/D -       -     F     DFRRQHDX4      1    -     -     0    5315    (-,-) 
#-------------------------------------------------------------------------------------------------------------



Path 3: MET (4 ps) Setup Check with Pin u_core_u_fifo_wr_ptr_q_reg[5]/C->D
           View: wc_view
          Group: clk_sys
     Startpoint: (R) u_core_u_fifo_count_q_reg[0]/C
          Clock: (R) clk_sys
       Endpoint: (F) u_core_u_fifo_wr_ptr_q_reg[5]/D
          Clock: (R) clk_sys

                     Capture       Launch     
        Clock Edge:+    6250            0     
       Src Latency:+       0            0     
       Net Latency:+       0 (I)        0 (I) 
           Arrival:=    6250            0     
                                              
             Setup:-     674                  
       Uncertainty:-     300                  
     Required Time:=    5276                  
      Launch Clock:-       0                  
         Data Path:-    5271                  
             Slack:=       4                  

#--------------------------------------------------------------------------------------------------------
#          Timing Point           Flags   Arc   Edge   Cell     Fanout Load Trans Delay Arrival Instance 
#                                                                      (fF)  (ps)  (ps)   (ps)  Location 
#--------------------------------------------------------------------------------------------------------
  u_core_u_fifo_count_q_reg[0]/C  -       -     R     (arrival)    267    -   150     0       0    (-,-) 
  u_core_u_fifo_count_q_reg[0]/Q  -       C->Q  F     DFRRQHDX1      6 59.0   423  1220    1220    (-,-) 
  g26901__7410/Q                  -       C->Q  R     NO5HDX4        4 83.1   271  1137    2358    (-,-) 
  g26813__1705/Q                  -       C->Q  F     NA3I2HDX4      4 62.7   276   259    2617    (-,-) 
  g26272__9315/Q                  -       A->Q  R     NA2HDX4        5 64.4   316   353    2970    (-,-) 
  g27157__6783/Q                  -       A->Q  R     OR2HDX1        1 22.1   242   405    3375    (-,-) 
  drc_bufs26482/Q                 -       A->Q  F     INHDX2         6 55.0   241   289    3664    (-,-) 
  g26065__6161/Q                  -       A->Q  R     NA2HDX0        1 12.1   366   362    4026    (-,-) 
  g26003__2802/Q                  -       B->Q  R     AND2HDX1       3 27.7   304   558    4584    (-,-) 
  g25899__1666/Q                  -       A->Q  R     AND2HDX1       1 15.7   205   463    5048    (-,-) 
  g25727__8246/Q                  -       A->Q  F     ON21HDX1       1 12.3   210   224    5271    (-,-) 
  u_core_u_fifo_wr_ptr_q_reg[5]/D -       -     F     DFRRQHDX1      1    -     -     0    5271    (-,-) 
#--------------------------------------------------------------------------------------------------------



Path 4: MET (5 ps) Setup Check with Pin u_core_u_fifo_count_q_reg[1]/C->D
           View: wc_view
          Group: clk_sys
     Startpoint: (R) u_core_u_fifo_count_q_reg[0]/C
          Clock: (R) clk_sys
       Endpoint: (R) u_core_u_fifo_count_q_reg[1]/D
          Clock: (R) clk_sys

                     Capture       Launch     
        Clock Edge:+    6250            0     
       Src Latency:+       0            0     
       Net Latency:+       0 (I)        0 (I) 
           Arrival:=    6250            0     
                                              
             Setup:-     347                  
       Uncertainty:-     300                  
     Required Time:=    5603                  
      Launch Clock:-       0                  
         Data Path:-    5598                  
             Slack:=       5                  

#--------------------------------------------------------------------------------------------------------
#         Timing Point           Flags    Arc   Edge   Cell     Fanout Load Trans Delay Arrival Instance 
#                                                                      (fF)  (ps)  (ps)   (ps)  Location 
#--------------------------------------------------------------------------------------------------------
  u_core_u_fifo_count_q_reg[0]/C -       -      R     (arrival)    267    -   150     0       0    (-,-) 
  u_core_u_fifo_count_q_reg[0]/Q -       C->Q   F     DFRRQHDX1      6 59.0   423  1220    1220    (-,-) 
  g26901__7410/Q                 -       C->Q   R     NO5HDX4        4 83.1   271  1137    2358    (-,-) 
  g26862__9945/Q                 -       C->Q   F     NA3I2HDX4      4 36.8   221   203    2561    (-,-) 
  g26078__6417/Q                 -       A->Q   F     AND2HDX2       4 56.2   193   507    3068    (-,-) 
  g26043/Q                       -       A->Q   R     INHDX3         3 63.6   236   259    3327    (-,-) 
  g26024__9315/Q                 -       B->Q   F     NA2HDX2        3 27.0   213   214    3541    (-,-) 
  g25922__7482/Q                 -       IN1->Q F     MU2HDX2        6 56.3   289   987    4528    (-,-) 
  g25878/Q                       -       A->Q   R     INHDX1         2 19.6   239   288    4816    (-,-) 
  g25752__6260/Q                 -       A->Q   F     NA2HDX0        1 13.2   321   334    5151    (-,-) 
  g25707__5477/Q                 -       D->Q   R     ON211HDX1      1 12.4   426   447    5597    (-,-) 
  u_core_u_fifo_count_q_reg[1]/D -       -      R     DFRRQHDX2      1    -     -     0    5598    (-,-) 
#--------------------------------------------------------------------------------------------------------



Path 5: MET (5 ps) Setup Check with Pin u_core_u_wdt_wdt_global_trip_cnt_o_reg[2]/C->D
           View: wc_view
          Group: clk_sys
     Startpoint: (R) u_core_u_wdt_global_cnt_reg[0]/C
          Clock: (R) clk_sys
       Endpoint: (R) u_core_u_wdt_wdt_global_trip_cnt_o_reg[2]/D
          Clock: (R) clk_sys

                     Capture       Launch     
        Clock Edge:+    6250            0     
       Src Latency:+       0            0     
       Net Latency:+       0 (I)        0 (I) 
           Arrival:=    6250            0     
                                              
             Setup:-     329                  
       Uncertainty:-     300                  
     Required Time:=    5621                  
      Launch Clock:-       0                  
         Data Path:-    5616                  
             Slack:=       5                  

#--------------------------------------------------------------------------------------------------------------------
#                Timing Point                 Flags   Arc   Edge   Cell     Fanout Load Trans Delay Arrival Instance 
#                                                                                  (fF)  (ps)  (ps)   (ps)  Location 
#--------------------------------------------------------------------------------------------------------------------
  u_core_u_wdt_global_cnt_reg[0]/C            -       -     R     (arrival)    267    -   150     0       0    (-,-) 
  u_core_u_wdt_global_cnt_reg[0]/Q            -       C->Q  R     DFRRQHDX2      2 49.7   358  1176    1176    (-,-) 
  fopt27184/Q                                 -       A->Q  R     BUHDX2         4 48.9   253   409    1585    (-,-) 
  fopt27181/Q                                 -       A->Q  F     INHDX0         1 15.2   201   241    1826    (-,-) 
  g26940__2346/Q                              -       A->Q  R     AN22HDX1       1 11.4   463   499    2324    (-,-) 
  g26855__6131/Q                              -       A->Q  R     AND4HDX0       1 15.7   405   855    3179    (-,-) 
  g27757/Q                                    -       D->Q  R     AND4HDX2       3 63.5   382   889    4068    (-,-) 
  g25608__1666/Q                              -       C->Q  F     NA22HDX4       8 92.9   282   338    4406    (-,-) 
  g25603/Q                                    -       A->Q  R     INHDX2         6 59.0   318   363    4769    (-,-) 
  g25593__6131/Q                              -       C->Q  F     ON211HDX1      1 11.6   349   401    5170    (-,-) 
  g25580__4319/Q                              -       C->Q  R     NA22HDX0       1 12.3   370   446    5616    (-,-) 
  u_core_u_wdt_wdt_global_trip_cnt_o_reg[2]/D -       -     R     DFRRQHDX1      1    -     -     0    5616    (-,-) 
#--------------------------------------------------------------------------------------------------------------------



Path 6: MET (6 ps) Setup Check with Pin u_core_u_wdt_wdt_global_trip_cnt_o_reg[4]/C->D
           View: wc_view
          Group: clk_sys
     Startpoint: (R) u_core_u_wdt_global_cnt_reg[0]/C
          Clock: (R) clk_sys
       Endpoint: (R) u_core_u_wdt_wdt_global_trip_cnt_o_reg[4]/D
          Clock: (R) clk_sys

                     Capture       Launch     
        Clock Edge:+    6250            0     
       Src Latency:+       0            0     
       Net Latency:+       0 (I)        0 (I) 
           Arrival:=    6250            0     
                                              
             Setup:-     329                  
       Uncertainty:-     300                  
     Required Time:=    5621                  
      Launch Clock:-       0                  
         Data Path:-    5616                  
             Slack:=       6                  

#--------------------------------------------------------------------------------------------------------------------
#                Timing Point                 Flags   Arc   Edge   Cell     Fanout Load Trans Delay Arrival Instance 
#                                                                                  (fF)  (ps)  (ps)   (ps)  Location 
#--------------------------------------------------------------------------------------------------------------------
  u_core_u_wdt_global_cnt_reg[0]/C            -       -     R     (arrival)    267    -   150     0       0    (-,-) 
  u_core_u_wdt_global_cnt_reg[0]/Q            -       C->Q  R     DFRRQHDX2      2 49.7   358  1176    1176    (-,-) 
  fopt27184/Q                                 -       A->Q  R     BUHDX2         4 48.9   253   409    1585    (-,-) 
  fopt27181/Q                                 -       A->Q  F     INHDX0         1 15.2   201   241    1826    (-,-) 
  g26940__2346/Q                              -       A->Q  R     AN22HDX1       1 11.4   463   499    2324    (-,-) 
  g26855__6131/Q                              -       A->Q  R     AND4HDX0       1 15.7   405   855    3179    (-,-) 
  g27757/Q                                    -       D->Q  R     AND4HDX2       3 63.5   382   889    4068    (-,-) 
  g25608__1666/Q                              -       C->Q  F     NA22HDX4       8 92.9   282   338    4406    (-,-) 
  g25603/Q                                    -       A->Q  R     INHDX2         6 59.0   318   363    4769    (-,-) 
  g25584__5526/Q                              -       C->Q  F     ON211HDX1      1 11.6   348   401    5170    (-,-) 
  g25571__2883/Q                              -       C->Q  R     NA22HDX0       1 12.3   370   446    5616    (-,-) 
  u_core_u_wdt_wdt_global_trip_cnt_o_reg[4]/D -       -     R     DFRRQHDX1      1    -     -     0    5616    (-,-) 
#--------------------------------------------------------------------------------------------------------------------



Path 7: MET (6 ps) Setup Check with Pin u_core_u_wdt_wdt_global_trip_cnt_o_reg[1]/C->D
           View: wc_view
          Group: clk_sys
     Startpoint: (R) u_core_u_wdt_global_cnt_reg[0]/C
          Clock: (R) clk_sys
       Endpoint: (R) u_core_u_wdt_wdt_global_trip_cnt_o_reg[1]/D
          Clock: (R) clk_sys

                     Capture       Launch     
        Clock Edge:+    6250            0     
       Src Latency:+       0            0     
       Net Latency:+       0 (I)        0 (I) 
           Arrival:=    6250            0     
                                              
             Setup:-     329                  
       Uncertainty:-     300                  
     Required Time:=    5621                  
      Launch Clock:-       0                  
         Data Path:-    5615                  
             Slack:=       6                  

#--------------------------------------------------------------------------------------------------------------------
#                Timing Point                 Flags   Arc   Edge   Cell     Fanout Load Trans Delay Arrival Instance 
#                                                                                  (fF)  (ps)  (ps)   (ps)  Location 
#--------------------------------------------------------------------------------------------------------------------
  u_core_u_wdt_global_cnt_reg[0]/C            -       -     R     (arrival)    267    -   150     0       0    (-,-) 
  u_core_u_wdt_global_cnt_reg[0]/Q            -       C->Q  R     DFRRQHDX2      2 49.7   358  1176    1176    (-,-) 
  fopt27184/Q                                 -       A->Q  R     BUHDX2         4 48.9   253   409    1585    (-,-) 
  fopt27181/Q                                 -       A->Q  F     INHDX0         1 15.2   201   241    1826    (-,-) 
  g26940__2346/Q                              -       A->Q  R     AN22HDX1       1 11.4   463   499    2324    (-,-) 
  g26855__6131/Q                              -       A->Q  R     AND4HDX0       1 15.7   405   855    3179    (-,-) 
  g27757/Q                                    -       D->Q  R     AND4HDX2       3 63.5   382   889    4068    (-,-) 
  g25608__1666/Q                              -       C->Q  F     NA22HDX4       8 92.9   282   338    4406    (-,-) 
  g25603/Q                                    -       A->Q  R     INHDX2         6 59.0   318   363    4769    (-,-) 
  g25592__7098/Q                              -       C->Q  F     ON211HDX1      1 11.6   347   401    5170    (-,-) 
  g25569__9315/Q                              -       C->Q  R     NA22HDX0       1 12.3   370   445    5615    (-,-) 
  u_core_u_wdt_wdt_global_trip_cnt_o_reg[1]/D -       -     R     DFRRQHDX1      1    -     -     0    5615    (-,-) 
#--------------------------------------------------------------------------------------------------------------------



Path 8: MET (15 ps) Setup Check with Pin u_core_u_fifo_mem_reg[13][0]/C->D
           View: wc_view
          Group: clk_sys
     Startpoint: (R) u_core_u_drain_ctrl_state_q_reg[1]/C
          Clock: (R) clk_sys
       Endpoint: (F) u_core_u_fifo_mem_reg[13][0]/D
          Clock: (R) clk_sys

                     Capture       Launch     
        Clock Edge:+    6250            0     
       Src Latency:+       0            0     
       Net Latency:+       0 (I)        0 (I) 
           Arrival:=    6250            0     
                                              
             Setup:-     717                  
       Uncertainty:-     300                  
     Required Time:=    5233                  
      Launch Clock:-       0                  
         Data Path:-    5217                  
             Slack:=      15                  

#-------------------------------------------------------------------------------------------------------------
#            Timing Point              Flags   Arc   Edge   Cell     Fanout Load Trans Delay Arrival Instance 
#                                                                           (fF)  (ps)  (ps)   (ps)  Location 
#-------------------------------------------------------------------------------------------------------------
  u_core_u_drain_ctrl_state_q_reg[1]/C -       -     R     (arrival)    267    -   150     0       0    (-,-) 
  u_core_u_drain_ctrl_state_q_reg[1]/Q -       C->Q  F     DFRRQHDX2      4 56.3   359  1287    1287    (-,-) 
  g26379/Q                             -       A->Q  R     INHDX1         3 33.3   366   419    1706    (-,-) 
  g26357__4733/Q                       -       A->Q  R     AND2HDX1       2 42.4   429   664    2371    (-,-) 
  g26272__9315/Q                       -       B->Q  F     NA2HDX4        5 64.2   217   277    2648    (-,-) 
  g26240/Q                             -       A->Q  R     INHDX2         3 37.1   218   251    2898    (-,-) 
  g26174__4733/Q                       -       A->Q  R     AND3HDX1       4 43.9   463   773    3672    (-,-) 
  g26085__4319/Q                       -       A->Q  R     AND2HDX2       9 88.4   440   672    4343    (-,-) 
  g25955__9945/Q                       -       B->Q  R     NA22HDX0       1 14.2   399   581    4924    (-,-) 
  g25866__9315/Q                       -       C->Q  F     ON21HDX1       1 11.2   218   294    5217    (-,-) 
  u_core_u_fifo_mem_reg[13][0]/D       -       -     F     DFRSQHDX0      1    -     -     0    5217    (-,-) 
#-------------------------------------------------------------------------------------------------------------



Path 9: MET (16 ps) Setup Check with Pin u_core_u_fifo_mem_reg[15][0]/C->D
           View: wc_view
          Group: clk_sys
     Startpoint: (R) u_core_u_drain_ctrl_state_q_reg[1]/C
          Clock: (R) clk_sys
       Endpoint: (F) u_core_u_fifo_mem_reg[15][0]/D
          Clock: (R) clk_sys

                     Capture       Launch     
        Clock Edge:+    6250            0     
       Src Latency:+       0            0     
       Net Latency:+       0 (I)        0 (I) 
           Arrival:=    6250            0     
                                              
             Setup:-     717                  
       Uncertainty:-     300                  
     Required Time:=    5233                  
      Launch Clock:-       0                  
         Data Path:-    5217                  
             Slack:=      16                  

#-------------------------------------------------------------------------------------------------------------
#            Timing Point              Flags   Arc   Edge   Cell     Fanout Load Trans Delay Arrival Instance 
#                                                                           (fF)  (ps)  (ps)   (ps)  Location 
#-------------------------------------------------------------------------------------------------------------
  u_core_u_drain_ctrl_state_q_reg[1]/C -       -     R     (arrival)    267    -   150     0       0    (-,-) 
  u_core_u_drain_ctrl_state_q_reg[1]/Q -       C->Q  F     DFRRQHDX2      4 56.3   359  1287    1287    (-,-) 
  g26379/Q                             -       A->Q  R     INHDX1         3 33.3   366   419    1706    (-,-) 
  g26357__4733/Q                       -       A->Q  R     AND2HDX1       2 42.4   429   664    2371    (-,-) 
  g26272__9315/Q                       -       B->Q  F     NA2HDX4        5 64.2   217   277    2648    (-,-) 
  g26240/Q                             -       A->Q  R     INHDX2         3 37.1   218   251    2898    (-,-) 
  g26174__4733/Q                       -       A->Q  R     AND3HDX1       4 43.9   463   773    3672    (-,-) 
  g26085__4319/Q                       -       A->Q  R     AND2HDX2       9 88.4   440   672    4343    (-,-) 
  g25957__2346/Q                       -       B->Q  R     NA22HDX0       1 14.2   397   581    4924    (-,-) 
  g25868__2883/Q                       -       C->Q  F     ON21HDX1       1 11.2   218   293    5217    (-,-) 
  u_core_u_fifo_mem_reg[15][0]/D       -       -     F     DFRSQHDX0      1    -     -     0    5217    (-,-) 
#-------------------------------------------------------------------------------------------------------------



Path 10: MET (20 ps) Setup Check with Pin u_core_u_fifo_count_q_reg[3]/C->D
           View: wc_view
          Group: clk_sys
     Startpoint: (R) u_core_u_fifo_count_q_reg[0]/C
          Clock: (R) clk_sys
       Endpoint: (R) u_core_u_fifo_count_q_reg[3]/D
          Clock: (R) clk_sys

                     Capture       Launch     
        Clock Edge:+    6250            0     
       Src Latency:+       0            0     
       Net Latency:+       0 (I)        0 (I) 
           Arrival:=    6250            0     
                                              
             Setup:-     354                  
       Uncertainty:-     300                  
     Required Time:=    5596                  
      Launch Clock:-       0                  
         Data Path:-    5576                  
             Slack:=      20                  

#--------------------------------------------------------------------------------------------------------
#         Timing Point           Flags    Arc   Edge   Cell     Fanout Load Trans Delay Arrival Instance 
#                                                                      (fF)  (ps)  (ps)   (ps)  Location 
#--------------------------------------------------------------------------------------------------------
  u_core_u_fifo_count_q_reg[0]/C -       -      R     (arrival)    267    -   150     0       0    (-,-) 
  u_core_u_fifo_count_q_reg[0]/Q -       C->Q   F     DFRRQHDX1      6 59.0   423  1220    1220    (-,-) 
  g26901__7410/Q                 -       C->Q   R     NO5HDX4        4 83.1   271  1137    2358    (-,-) 
  g26813__1705/Q                 -       C->Q   F     NA3I2HDX4      4 62.7   276   259    2617    (-,-) 
  g26272__9315/Q                 -       A->Q   R     NA2HDX4        5 64.4   316   353    2970    (-,-) 
  g26176__9315/Q                 -       A->Q   R     AND2HDX2       4 37.9   226   462    3432    (-,-) 
  g26025__9945/Q                 -       B->Q   R     AND2HDX2       2 40.8   236   445    3877    (-,-) 
  g26013/Q                       -       A->Q   F     INHDX3        10 86.1   246   293    4170    (-,-) 
  g25726__5122/Q                 -       B->Q   F     OA221HDX1      1 12.2   194   850    5020    (-,-) 
  g25690__5115/Q                 -       IN1->Q R     MU2IHDX1       1 12.3   548   556    5576    (-,-) 
  u_core_u_fifo_count_q_reg[3]/D -       -      R     DFRRQHDX1      1    -     -     0    5576    (-,-) 
#--------------------------------------------------------------------------------------------------------



Path 11: MET (23 ps) Setup Check with Pin u_core_u_fifo_mem_reg[6][0]/C->D
           View: wc_view
          Group: clk_sys
     Startpoint: (R) u_core_u_drain_ctrl_state_q_reg[1]/C
          Clock: (R) clk_sys
       Endpoint: (F) u_core_u_fifo_mem_reg[6][0]/D
          Clock: (R) clk_sys

                     Capture       Launch     
        Clock Edge:+    6250            0     
       Src Latency:+       0            0     
       Net Latency:+       0 (I)        0 (I) 
           Arrival:=    6250            0     
                                              
             Setup:-     717                  
       Uncertainty:-     300                  
     Required Time:=    5233                  
      Launch Clock:-       0                  
         Data Path:-    5210                  
             Slack:=      23                  

#-------------------------------------------------------------------------------------------------------------
#            Timing Point              Flags   Arc   Edge   Cell     Fanout Load Trans Delay Arrival Instance 
#                                                                           (fF)  (ps)  (ps)   (ps)  Location 
#-------------------------------------------------------------------------------------------------------------
  u_core_u_drain_ctrl_state_q_reg[1]/C -       -     R     (arrival)    267    -   150     0       0    (-,-) 
  u_core_u_drain_ctrl_state_q_reg[1]/Q -       C->Q  F     DFRRQHDX2      4 56.3   359  1287    1287    (-,-) 
  g26379/Q                             -       A->Q  R     INHDX1         3 33.3   366   419    1706    (-,-) 
  g26357__4733/Q                       -       A->Q  R     AND2HDX1       2 42.4   429   664    2371    (-,-) 
  g26272__9315/Q                       -       B->Q  F     NA2HDX4        5 64.2   217   277    2648    (-,-) 
  g26240/Q                             -       A->Q  R     INHDX2         3 37.1   218   251    2898    (-,-) 
  g26175__6161/Q                       -       A->Q  R     AND3HDX1       4 43.9   463   773    3672    (-,-) 
  g26087__5526/Q                       -       A->Q  R     AND2HDX2       9 86.9   434   667    4338    (-,-) 
  g25931__7410/Q                       -       B->Q  R     NA22HDX0       1 14.2   395   580    4918    (-,-) 
  g25841__2346/Q                       -       C->Q  F     ON21HDX1       1 11.2   217   292    5210    (-,-) 
  u_core_u_fifo_mem_reg[6][0]/D        -       -     F     DFRSQHDX0      1    -     -     0    5210    (-,-) 
#-------------------------------------------------------------------------------------------------------------



Path 12: MET (23 ps) Setup Check with Pin u_core_u_fifo_mem_reg[2][0]/C->D
           View: wc_view
          Group: clk_sys
     Startpoint: (R) u_core_u_drain_ctrl_state_q_reg[1]/C
          Clock: (R) clk_sys
       Endpoint: (F) u_core_u_fifo_mem_reg[2][0]/D
          Clock: (R) clk_sys

                     Capture       Launch     
        Clock Edge:+    6250            0     
       Src Latency:+       0            0     
       Net Latency:+       0 (I)        0 (I) 
           Arrival:=    6250            0     
                                              
             Setup:-     717                  
       Uncertainty:-     300                  
     Required Time:=    5233                  
      Launch Clock:-       0                  
         Data Path:-    5210                  
             Slack:=      23                  

#-------------------------------------------------------------------------------------------------------------
#            Timing Point              Flags   Arc   Edge   Cell     Fanout Load Trans Delay Arrival Instance 
#                                                                           (fF)  (ps)  (ps)   (ps)  Location 
#-------------------------------------------------------------------------------------------------------------
  u_core_u_drain_ctrl_state_q_reg[1]/C -       -     R     (arrival)    267    -   150     0       0    (-,-) 
  u_core_u_drain_ctrl_state_q_reg[1]/Q -       C->Q  F     DFRRQHDX2      4 56.3   359  1287    1287    (-,-) 
  g26379/Q                             -       A->Q  R     INHDX1         3 33.3   366   419    1706    (-,-) 
  g26357__4733/Q                       -       A->Q  R     AND2HDX1       2 42.4   429   664    2371    (-,-) 
  g26272__9315/Q                       -       B->Q  F     NA2HDX4        5 64.2   217   277    2648    (-,-) 
  g26240/Q                             -       A->Q  R     INHDX2         3 37.1   218   251    2898    (-,-) 
  g26175__6161/Q                       -       A->Q  R     AND3HDX1       4 43.9   463   773    3672    (-,-) 
  g26087__5526/Q                       -       A->Q  R     AND2HDX2       9 86.9   434   667    4338    (-,-) 
  g25927__9945/Q                       -       B->Q  R     NA22HDX0       1 14.2   395   580    4918    (-,-) 
  g25837__6161/Q                       -       C->Q  F     ON21HDX1       1 11.2   217   292    5210    (-,-) 
  u_core_u_fifo_mem_reg[2][0]/D        -       -     F     DFRSQHDX0      1    -     -     0    5210    (-,-) 
#-------------------------------------------------------------------------------------------------------------



Path 13: MET (27 ps) Setup Check with Pin u_core_u_fifo_mem_reg[58][0]/C->D
           View: wc_view
          Group: clk_sys
     Startpoint: (R) u_core_u_drain_ctrl_state_q_reg[1]/C
          Clock: (R) clk_sys
       Endpoint: (F) u_core_u_fifo_mem_reg[58][0]/D
          Clock: (R) clk_sys

                     Capture       Launch     
        Clock Edge:+    6250            0     
       Src Latency:+       0            0     
       Net Latency:+       0 (I)        0 (I) 
           Arrival:=    6250            0     
                                              
             Setup:-     717                  
       Uncertainty:-     300                  
     Required Time:=    5233                  
      Launch Clock:-       0                  
         Data Path:-    5205                  
             Slack:=      27                  

#-------------------------------------------------------------------------------------------------------------
#            Timing Point              Flags   Arc   Edge   Cell     Fanout Load Trans Delay Arrival Instance 
#                                                                           (fF)  (ps)  (ps)   (ps)  Location 
#-------------------------------------------------------------------------------------------------------------
  u_core_u_drain_ctrl_state_q_reg[1]/C -       -     R     (arrival)    267    -   150     0       0    (-,-) 
  u_core_u_drain_ctrl_state_q_reg[1]/Q -       C->Q  F     DFRRQHDX2      4 56.3   359  1287    1287    (-,-) 
  g26379/Q                             -       A->Q  R     INHDX1         3 33.3   366   419    1706    (-,-) 
  g26357__4733/Q                       -       A->Q  R     AND2HDX1       2 42.4   429   664    2371    (-,-) 
  g26272__9315/Q                       -       B->Q  F     NA2HDX4        5 64.2   217   277    2648    (-,-) 
  g26240/Q                             -       A->Q  R     INHDX2         3 37.1   218   251    2898    (-,-) 
  g26174__4733/Q                       -       A->Q  R     AND3HDX1       4 43.9   463   773    3672    (-,-) 
  g26082__2398/Q                       -       A->Q  R     AND2HDX2       9 85.4   428   662    4333    (-,-) 
  g25972__2802/Q                       -       B->Q  R     NA22HDX0       1 14.2   399   578    4912    (-,-) 
  g25894__6161/Q                       -       C->Q  F     ON21HDX1       1 11.2   218   294    5205    (-,-) 
  u_core_u_fifo_mem_reg[58][0]/D       -       -     F     DFRSQHDX0      1    -     -     0    5205    (-,-) 
#-------------------------------------------------------------------------------------------------------------



Path 14: MET (28 ps) Setup Check with Pin u_core_u_wdt_global_cnt_reg[11]/C->D
           View: wc_view
          Group: clk_sys
     Startpoint: (R) u_core_u_wdt_global_cnt_reg[1]/C
          Clock: (R) clk_sys
       Endpoint: (R) u_core_u_wdt_global_cnt_reg[11]/D
          Clock: (R) clk_sys

                     Capture       Launch     
        Clock Edge:+    6250            0     
       Src Latency:+       0            0     
       Net Latency:+       0 (I)        0 (I) 
           Arrival:=    6250            0     
                                              
             Setup:-     334                  
       Uncertainty:-     300                  
     Required Time:=    5616                  
      Launch Clock:-       0                  
         Data Path:-    5587                  
             Slack:=      28                  

#----------------------------------------------------------------------------------------------------------
#           Timing Point            Flags   Arc   Edge   Cell     Fanout Load Trans Delay Arrival Instance 
#                                                                        (fF)  (ps)  (ps)   (ps)  Location 
#----------------------------------------------------------------------------------------------------------
  u_core_u_wdt_global_cnt_reg[1]/C  -       -     R     (arrival)    267    -   150     0       0    (-,-) 
  u_core_u_wdt_global_cnt_reg[1]/Q  -       C->Q  F     DFRRQHDX2      5 72.4   392  1337    1337    (-,-) 
  g26361__2883/Q                    -       B->Q  R     NA2HDX4        2 31.9   237   341    1678    (-,-) 
  g26304__6131/Q                    -       C->Q  F     NO3I2HDX2      2 20.7   122   172    1850    (-,-) 
  g26237__1881/Q                    -       A->Q  F     AND2HDX2       3 33.3   142   402    2251    (-,-) 
  g26004__1705/Q                    -       A->Q  F     AND2HDX4       4 63.2   193   566    2817    (-,-) 
  g25741__6417/Q                    -       C->Q  R     NA3I2HDX4      4 92.9   406   414    3231    (-,-) 
  g25714__6783/Q                    -       B->Q  F     NO2HDX4        3 28.8   140   190    3421    (-,-) 
  g25666__6783/Q                    -       A->Q  F     AND2HDX2       3 35.9   148   417    3838    (-,-) 
  g25636__1881/Q                    -       A->Q  R     NA2HDX2        2 28.5   328   289    4126    (-,-) 
  g27194/Q                          -       B->Q  R     EN2HDX1        1 11.8   479   540    4666    (-,-) 
  g27193/Q                          -       A->Q  F     NA2HDX0        1 13.7   362   416    5082    (-,-) 
  g25554__7482/Q                    -       B->Q  R     AN21HDX1       1 12.3   409   506    5587    (-,-) 
  u_core_u_wdt_global_cnt_reg[11]/D -       -     R     DFRRQHDX1      1    -     -     0    5587    (-,-) 
#----------------------------------------------------------------------------------------------------------



Path 15: MET (31 ps) Setup Check with Pin u_core_u_fifo_mem_reg[10][0]/C->D
           View: wc_view
          Group: clk_sys
     Startpoint: (R) u_core_u_drain_ctrl_state_q_reg[1]/C
          Clock: (R) clk_sys
       Endpoint: (F) u_core_u_fifo_mem_reg[10][0]/D
          Clock: (R) clk_sys

                     Capture       Launch     
        Clock Edge:+    6250            0     
       Src Latency:+       0            0     
       Net Latency:+       0 (I)        0 (I) 
           Arrival:=    6250            0     
                                              
             Setup:-     698                  
       Uncertainty:-     300                  
     Required Time:=    5252                  
      Launch Clock:-       0                  
         Data Path:-    5220                  
             Slack:=      31                  

#-------------------------------------------------------------------------------------------------------------
#            Timing Point              Flags   Arc   Edge   Cell     Fanout Load Trans Delay Arrival Instance 
#                                                                           (fF)  (ps)  (ps)   (ps)  Location 
#-------------------------------------------------------------------------------------------------------------
  u_core_u_drain_ctrl_state_q_reg[1]/C -       -     R     (arrival)    267    -   150     0       0    (-,-) 
  u_core_u_drain_ctrl_state_q_reg[1]/Q -       C->Q  F     DFRRQHDX2      4 56.3   359  1287    1287    (-,-) 
  g26379/Q                             -       A->Q  R     INHDX1         3 33.3   366   419    1706    (-,-) 
  g26357__4733/Q                       -       A->Q  R     AND2HDX1       2 42.4   429   664    2371    (-,-) 
  g26272__9315/Q                       -       B->Q  F     NA2HDX4        5 64.2   217   277    2648    (-,-) 
  g26240/Q                             -       A->Q  R     INHDX2         3 37.1   218   251    2898    (-,-) 
  g26174__4733/Q                       -       A->Q  R     AND3HDX1       4 43.9   463   773    3672    (-,-) 
  g26084__6260/Q                       -       A->Q  R     AND2HDX2       9 89.9   447   676    4348    (-,-) 
  g25952__4733/Q                       -       B->Q  R     NA22HDX0       1 14.2   389   582    4930    (-,-) 
  g25863__7482/Q                       -       C->Q  F     ON21HDX1       1 11.2   216   291    5220    (-,-) 
  u_core_u_fifo_mem_reg[10][0]/D       -       -     F     DFRSQHDX1      1    -     -     0    5220    (-,-) 
#-------------------------------------------------------------------------------------------------------------



Path 16: MET (37 ps) Setup Check with Pin u_core_u_fifo_mem_reg[11][0]/C->D
           View: wc_view
          Group: clk_sys
     Startpoint: (R) u_core_u_drain_ctrl_state_q_reg[1]/C
          Clock: (R) clk_sys
       Endpoint: (F) u_core_u_fifo_mem_reg[11][0]/D
          Clock: (R) clk_sys

                     Capture       Launch     
        Clock Edge:+    6250            0     
       Src Latency:+       0            0     
       Net Latency:+       0 (I)        0 (I) 
           Arrival:=    6250            0     
                                              
             Setup:-     698                  
       Uncertainty:-     300                  
     Required Time:=    5252                  
      Launch Clock:-       0                  
         Data Path:-    5215                  
             Slack:=      37                  

#-------------------------------------------------------------------------------------------------------------
#            Timing Point              Flags   Arc   Edge   Cell     Fanout Load Trans Delay Arrival Instance 
#                                                                           (fF)  (ps)  (ps)   (ps)  Location 
#-------------------------------------------------------------------------------------------------------------
  u_core_u_drain_ctrl_state_q_reg[1]/C -       -     R     (arrival)    267    -   150     0       0    (-,-) 
  u_core_u_drain_ctrl_state_q_reg[1]/Q -       C->Q  F     DFRRQHDX2      4 56.3   359  1287    1287    (-,-) 
  g26379/Q                             -       A->Q  R     INHDX1         3 33.3   366   419    1706    (-,-) 
  g26357__4733/Q                       -       A->Q  R     AND2HDX1       2 42.4   429   664    2371    (-,-) 
  g26272__9315/Q                       -       B->Q  F     NA2HDX4        5 64.2   217   277    2648    (-,-) 
  g26240/Q                             -       A->Q  R     INHDX2         3 37.1   218   251    2898    (-,-) 
  g26174__4733/Q                       -       A->Q  R     AND3HDX1       4 43.9   463   773    3672    (-,-) 
  g26085__4319/Q                       -       A->Q  R     AND2HDX2       9 88.4   440   672    4343    (-,-) 
  g25953__6161/Q                       -       B->Q  R     NA22HDX0       1 14.2   390   581    4924    (-,-) 
  g25864__4733/Q                       -       C->Q  F     ON21HDX1       1 11.2   216   291    5215    (-,-) 
  u_core_u_fifo_mem_reg[11][0]/D       -       -     F     DFRSQHDX1      1    -     -     0    5215    (-,-) 
#-------------------------------------------------------------------------------------------------------------



Path 17: MET (37 ps) Setup Check with Pin u_core_u_fifo_mem_reg[50][0]/C->D
           View: wc_view
          Group: clk_sys
     Startpoint: (R) u_core_u_drain_ctrl_state_q_reg[1]/C
          Clock: (R) clk_sys
       Endpoint: (F) u_core_u_fifo_mem_reg[50][0]/D
          Clock: (R) clk_sys

                     Capture       Launch     
        Clock Edge:+    6250            0     
       Src Latency:+       0            0     
       Net Latency:+       0 (I)        0 (I) 
           Arrival:=    6250            0     
                                              
             Setup:-     698                  
       Uncertainty:-     300                  
     Required Time:=    5252                  
      Launch Clock:-       0                  
         Data Path:-    5215                  
             Slack:=      37                  

#-------------------------------------------------------------------------------------------------------------
#            Timing Point              Flags   Arc   Edge   Cell     Fanout Load Trans Delay Arrival Instance 
#                                                                           (fF)  (ps)  (ps)   (ps)  Location 
#-------------------------------------------------------------------------------------------------------------
  u_core_u_drain_ctrl_state_q_reg[1]/C -       -     R     (arrival)    267    -   150     0       0    (-,-) 
  u_core_u_drain_ctrl_state_q_reg[1]/Q -       C->Q  F     DFRRQHDX2      4 56.3   359  1287    1287    (-,-) 
  g26379/Q                             -       A->Q  R     INHDX1         3 33.3   366   419    1706    (-,-) 
  g26357__4733/Q                       -       A->Q  R     AND2HDX1       2 42.4   429   664    2371    (-,-) 
  g26272__9315/Q                       -       B->Q  F     NA2HDX4        5 64.2   217   277    2648    (-,-) 
  g26240/Q                             -       A->Q  R     INHDX2         3 37.1   218   251    2898    (-,-) 
  g26175__6161/Q                       -       A->Q  R     AND3HDX1       4 43.9   463   773    3672    (-,-) 
  g26081__5477/Q                       -       A->Q  R     AND2HDX2       9 88.4   440   672    4343    (-,-) 
  g25946__8246/Q                       -       B->Q  R     NA22HDX0       1 14.2   389   581    4924    (-,-) 
  g25835__7482/Q                       -       C->Q  F     ON21HDX1       1 11.2   216   291    5214    (-,-) 
  u_core_u_fifo_mem_reg[50][0]/D       -       -     F     DFRSQHDX1      1    -     -     0    5215    (-,-) 
#-------------------------------------------------------------------------------------------------------------



Path 18: MET (37 ps) Setup Check with Pin u_core_u_fifo_mem_reg[18][0]/C->D
           View: wc_view
          Group: clk_sys
     Startpoint: (R) u_core_u_drain_ctrl_state_q_reg[1]/C
          Clock: (R) clk_sys
       Endpoint: (F) u_core_u_fifo_mem_reg[18][0]/D
          Clock: (R) clk_sys

                     Capture       Launch     
        Clock Edge:+    6250            0     
       Src Latency:+       0            0     
       Net Latency:+       0 (I)        0 (I) 
           Arrival:=    6250            0     
                                              
             Setup:-     698                  
       Uncertainty:-     300                  
     Required Time:=    5252                  
      Launch Clock:-       0                  
         Data Path:-    5215                  
             Slack:=      37                  

#-------------------------------------------------------------------------------------------------------------
#            Timing Point              Flags   Arc   Edge   Cell     Fanout Load Trans Delay Arrival Instance 
#                                                                           (fF)  (ps)  (ps)   (ps)  Location 
#-------------------------------------------------------------------------------------------------------------
  u_core_u_drain_ctrl_state_q_reg[1]/C -       -     R     (arrival)    267    -   150     0       0    (-,-) 
  u_core_u_drain_ctrl_state_q_reg[1]/Q -       C->Q  F     DFRRQHDX2      4 56.3   359  1287    1287    (-,-) 
  g26379/Q                             -       A->Q  R     INHDX1         3 33.3   366   419    1706    (-,-) 
  g26357__4733/Q                       -       A->Q  R     AND2HDX1       2 42.4   429   664    2371    (-,-) 
  g26272__9315/Q                       -       B->Q  F     NA2HDX4        5 64.2   217   277    2648    (-,-) 
  g26240/Q                             -       A->Q  R     INHDX2         3 37.1   218   251    2898    (-,-) 
  g26175__6161/Q                       -       A->Q  R     AND3HDX1       4 43.9   463   773    3672    (-,-) 
  g26081__5477/Q                       -       A->Q  R     AND2HDX2       9 88.4   440   672    4343    (-,-) 
  g25934__2398/Q                       -       B->Q  R     NA22HDX0       1 14.2   389   581    4924    (-,-) 
  g25844__6417/Q                       -       C->Q  F     ON21HDX1       1 11.2   216   291    5214    (-,-) 
  u_core_u_fifo_mem_reg[18][0]/D       -       -     F     DFRSQHDX1      1    -     -     0    5215    (-,-) 
#-------------------------------------------------------------------------------------------------------------



Path 19: MET (39 ps) Setup Check with Pin u_core_u_fifo_mem_reg[5][0]/C->D
           View: wc_view
          Group: clk_sys
     Startpoint: (R) u_core_u_drain_ctrl_state_q_reg[1]/C
          Clock: (R) clk_sys
       Endpoint: (F) u_core_u_fifo_mem_reg[5][0]/D
          Clock: (R) clk_sys

                     Capture       Launch     
        Clock Edge:+    6250            0     
       Src Latency:+       0            0     
       Net Latency:+       0 (I)        0 (I) 
           Arrival:=    6250            0     
                                              
             Setup:-     717                  
       Uncertainty:-     300                  
     Required Time:=    5233                  
      Launch Clock:-       0                  
         Data Path:-    5193                  
             Slack:=      39                  

#-------------------------------------------------------------------------------------------------------------
#            Timing Point              Flags   Arc   Edge   Cell     Fanout Load Trans Delay Arrival Instance 
#                                                                           (fF)  (ps)  (ps)   (ps)  Location 
#-------------------------------------------------------------------------------------------------------------
  u_core_u_drain_ctrl_state_q_reg[1]/C -       -     R     (arrival)    267    -   150     0       0    (-,-) 
  u_core_u_drain_ctrl_state_q_reg[1]/Q -       C->Q  F     DFRRQHDX2      4 56.3   359  1287    1287    (-,-) 
  g26379/Q                             -       A->Q  R     INHDX1         3 33.3   366   419    1706    (-,-) 
  g26357__4733/Q                       -       A->Q  R     AND2HDX1       2 42.4   429   664    2371    (-,-) 
  g26272__9315/Q                       -       B->Q  F     NA2HDX4        5 64.2   217   277    2648    (-,-) 
  g26240/Q                             -       A->Q  R     INHDX2         3 37.1   218   251    2898    (-,-) 
  g26175__6161/Q                       -       A->Q  R     AND3HDX1       4 43.9   463   773    3672    (-,-) 
  g26086__8428/Q                       -       A->Q  R     AND2HDX2       9 82.4   415   652    4324    (-,-) 
  g25930__1666/Q                       -       B->Q  R     NA22HDX0       1 14.2   399   576    4900    (-,-) 
  g25840__2883/Q                       -       C->Q  F     ON21HDX1       1 11.2   218   294    5193    (-,-) 
  u_core_u_fifo_mem_reg[5][0]/D        -       -     F     DFRSQHDX0      1    -     -     0    5193    (-,-) 
#-------------------------------------------------------------------------------------------------------------



Path 20: MET (40 ps) Setup Check with Pin u_core_u_fifo_mem_reg[39][0]/C->D
           View: wc_view
          Group: clk_sys
     Startpoint: (R) u_core_u_drain_ctrl_state_q_reg[1]/C
          Clock: (R) clk_sys
       Endpoint: (F) u_core_u_fifo_mem_reg[39][0]/D
          Clock: (R) clk_sys

                     Capture       Launch     
        Clock Edge:+    6250            0     
       Src Latency:+       0            0     
       Net Latency:+       0 (I)        0 (I) 
           Arrival:=    6250            0     
                                              
             Setup:-     717                  
       Uncertainty:-     300                  
     Required Time:=    5233                  
      Launch Clock:-       0                  
         Data Path:-    5193                  
             Slack:=      40                  

#-------------------------------------------------------------------------------------------------------------
#            Timing Point              Flags   Arc   Edge   Cell     Fanout Load Trans Delay Arrival Instance 
#                                                                           (fF)  (ps)  (ps)   (ps)  Location 
#-------------------------------------------------------------------------------------------------------------
  u_core_u_drain_ctrl_state_q_reg[1]/C -       -     R     (arrival)    267    -   150     0       0    (-,-) 
  u_core_u_drain_ctrl_state_q_reg[1]/Q -       C->Q  F     DFRRQHDX2      4 56.3   359  1287    1287    (-,-) 
  g26379/Q                             -       A->Q  R     INHDX1         3 33.3   366   419    1706    (-,-) 
  g26357__4733/Q                       -       A->Q  R     AND2HDX1       2 42.4   429   664    2371    (-,-) 
  g26272__9315/Q                       -       B->Q  F     NA2HDX4        5 64.2   217   277    2648    (-,-) 
  g26240/Q                             -       A->Q  R     INHDX2         3 37.1   218   251    2898    (-,-) 
  g26175__6161/Q                       -       A->Q  R     AND3HDX1       4 43.9   463   773    3672    (-,-) 
  g26086__8428/Q                       -       A->Q  R     AND2HDX2       9 82.4   415   652    4324    (-,-) 
  g25944__1705/Q                       -       B->Q  R     NA22HDX0       1 14.2   397   576    4900    (-,-) 
  g25854__1617/Q                       -       C->Q  F     ON21HDX1       1 11.2   218   293    5193    (-,-) 
  u_core_u_fifo_mem_reg[39][0]/D       -       -     F     DFRSQHDX0      1    -     -     0    5193    (-,-) 
#-------------------------------------------------------------------------------------------------------------


