# MPTDC Tie1 Trial Final Filler Status
FILLER_CELL_FAMILY=FEED*JIHD
FILLER_CANDIDATES=FEED25JIHD FEED15JIHD FEED10JIHD FEED7JIHD FEED5JIHD FEED3JIHD FEED2JIHD FEED1JIHD
FILLER_DELETE_SELECTION_MODE=EXACT_TRACKED_MASTER_LIST
FILLER_DELETE_MASTER_COUNT=8
FILLER_DELETE_MASTER_SET=FEED25JIHD FEED15JIHD FEED10JIHD FEED7JIHD FEED5JIHD FEED3JIHD FEED2JIHD FEED1JIHD
FILLER_COUNT_BEFORE=24797
FILLER_COUNT_POST_DELETE=0
FILLER_COUNT=24856
FILLER_DELTA=59
FILLER_DELETE_STATUS=PASS
FILLER_DELETE_EFFECT_STATUS=PASS
FILLER_MODE_STATUS=PASS
FILLER_REFILL_COMMAND_STATUS=PASS
FILLER_REFILL_STATUS=PASS
FILLER_INSERTION_STATUS=PASS
FILLER_ADJUSTMENT_POLICY=EXACT_DELETE_INSERT_ROUTE_REFILL_PRIVATE_COPY
POST_FILLER_ECOROUTE_POLICY=TARGET_THEN_CONDITIONAL_FIX_DRC
POST_FILLER_TARGET_COMMAND_STATUS=PASS
POST_FILLER_FIX_DRC_STATUS=PASS
POST_FILLER_CLEANUP_STATUS=PASS
FINAL_FILLER_MASTER_SET_STATUS=PASS
NONFILLER_FINGERPRINT_STATUS=PASS
FINAL_SITE_OCCUPANCY_STATUS=PASS
FINAL_PLACEMENT_SITE_OCCUPIED=907533
FINAL_PLACEMENT_SITE_CAPACITY=907533
FILLER_PLACEMENT_STATUS=PASS
