============================================================
  Generated by:           Genus(TM) Synthesis Solution 22.13-s093_1
  Generated on:           May 18 2026  02:56:47 pm
  Module:                 mptdc_top_asic
  Operating conditions:   slow_1_62V_125C 
  Interconnect mode:      global
  Area mode:              physical library
============================================================

Timing
--------

Analysis view       Clock       Period 
---------------------------------------
wc_view       clk_osc_fast       900.0 
              clk_osc_fast_tap1  900.0 
              clk_osc_fast_tap2  900.0 
              clk_osc_fast_tap3  900.0 
              clk_osc_fast_tap4  900.0 
              clk_osc_fast_tap5  900.0 
              clk_osc_fast_tap6  900.0 
              clk_osc_fast_tap7  900.0 
              clk_osc_slow      1000.0 
              clk_osc_slow_tap1 1000.0 
              clk_osc_slow_tap2 1000.0 
              clk_osc_slow_tap3 1000.0 
              clk_osc_slow_tap4 1000.0 
              clk_osc_slow_tap5 1000.0 
              clk_osc_slow_tap6 1000.0 
              clk_osc_slow_tap7 1000.0 
              clk_sys           6250.0 


Analysis        Cost        Critical               Violating 
  View         Group       Path Slack     TNS        Paths   
-------------------------------------------------------------
wc_view       clk_osc_fast    -7295.9  -9382391.0       3946 
         clk_osc_fast_tap1    -3130.7   -361553.6        136 
         clk_osc_fast_tap2    -3080.7   -358353.6        136 
         clk_osc_fast_tap3    -3030.7   -355153.6        136 
         clk_osc_fast_tap4    -2980.7   -351953.6        136 
         clk_osc_fast_tap5    -2930.7   -348753.6        136 
         clk_osc_fast_tap6    -2880.7   -345553.6        136 
         clk_osc_fast_tap7    -2830.7   -342353.6        136 
              clk_osc_slow    -3970.8    -98309.9         37 
         clk_osc_slow_tap1   No paths         0.0          0 
         clk_osc_slow_tap2   No paths         0.0          0 
         clk_osc_slow_tap3   No paths         0.0          0 
         clk_osc_slow_tap4   No paths         0.0          0 
         clk_osc_slow_tap5   No paths         0.0          0 
         clk_osc_slow_tap6   No paths         0.0          0 
         clk_osc_slow_tap7   No paths         0.0          0 
                   clk_sys   -13539.5 -12827022.2       3448 
                   default   No paths         0.0          0 
-------------------------------------------------------------
Total                                 -24771398.3       8383 
                                                             

Instance Count
--------------
Leaf Instance Count             12560 
Physical Instance count             0 
Sequential Instance Count        6179 
Combinational Instance Count     6382 
Hierarchical Instance Count       366 

Area
----
Cell Area                          432570.581
Physical Cell Area                 0.000
Total Cell Area (Cell+Physical)    432570.581
Net Area                           798.013
Total Area (Cell+Physical+Net)     433368.594

Power
-----
Leakage Power                      6450.988 nW
Dynamic Power                      137710560.434 nW
Total Power                        137717011.422 nW

Max Fanout                         3560 (clk_sys)
Min Fanout                         0 (n_7)
Average Fanout                     1.7
Terms to net ratio                 2.8919
Terms to instance ratio            5.8615
Runtime                            31.116461 seconds
Elapsed Runtime                    35 seconds
Genus peak memory usage            1650.89 
Innovus peak memory usage          no_value 
Hostname                           lyoelectrosrv01.in2p3.fr
