--- Compiling/running VIP test with xrun ---
TOOL:	xrun(64)	23.03-s007: Started on Jun 01, 2026 at 13:07:44 CEST
xrun(64): 23.03-s007: (c) Copyright 1995-2023 Cadence Design Systems, Inc.
file: rtl/pkg/mptdc_pkg.sv
	package worklib.mptdc_pkg:sv
		errors: 0, warnings: 0
file: rtl/cdc/mptdc_reset_sync.sv
	module worklib.mptdc_reset_sync:sv
		errors: 0, warnings: 0
file: rtl/cdc/mptdc_pulse_sync.sv
	module worklib.mptdc_pulse_sync:sv
		errors: 0, warnings: 0
file: rtl/cdc/mptdc_gray_cnt_sync.sv
	module worklib.mptdc_gray_cnt_sync:sv
		errors: 0, warnings: 0
file: rtl/cdc/mptdc_sync_fifo.sv
	module worklib.mptdc_sync_fifo:sv
		errors: 0, warnings: 0
file: rtl/osc/mptdc_osc_model.sv
	module worklib.mptdc_osc_model:sv
		errors: 0, warnings: 0
file: rtl/osc/mptdc_osc_stub.sv
	module worklib.mptdc_osc_stub:sv
		errors: 0, warnings: 0
file: rtl/osc/mptdc_osc_wrapper.sv
	module worklib.mptdc_osc_wrapper:sv
		errors: 0, warnings: 0
file: rtl/pd/mptdc_fast_epoch_tag.sv
	module worklib.mptdc_fast_epoch_tag:sv
		errors: 0, warnings: 0
file: rtl/pd/mptdc_pd_cell.sv
	module worklib.mptdc_pd_cell:sv
		errors: 0, warnings: 0
file: rtl/async/mptdc_stop_capture_async.sv
	module worklib.mptdc_stop_capture_async:sv
		errors: 0, warnings: 0
file: rtl/async/mptdc_async_frontend_v2.sv
	module worklib.mptdc_async_frontend_v2:sv
		errors: 0, warnings: 0
file: rtl/async/mptdc_hit_capture_bridge.sv
  input  stop_phase_disc_t            stop_slow_phase_disc_i,
                                                           |
xmvlog: *W,NODNTW (rtl/async/mptdc_hit_capture_bridge.sv,25|59): Implicit net port (stop_slow_phase_disc_i) is not allowed since `default_nettype is declared as 'none'; 'wire' used instead [19.2(IEEE 2001)].
	module worklib.mptdc_hit_capture_bridge:sv
		errors: 0, warnings: 1
file: rtl/async/mptdc_context_bank.sv
  input  mptdc_ctx_snapshot_t           capture_snapshot_i,
                                                         |
xmvlog: *W,NODNTW (rtl/async/mptdc_context_bank.sv,23|57): Implicit net port (capture_snapshot_i) is not allowed since `default_nettype is declared as 'none'; 'wire' used instead [19.2(IEEE 2001)].
	module worklib.mptdc_context_bank:sv
		errors: 0, warnings: 1
file: rtl/ctrl/mptdc_input_mux.sv
    input  mptdc_pkg::input_sel_e  input_sel_i,
                                             |
xmvlog: *W,NODNTW (rtl/ctrl/mptdc_input_mux.sv,40|45): Implicit net port (input_sel_i) is not allowed since `default_nettype is declared as 'none'; 'wire' used instead [19.2(IEEE 2001)].
	module worklib.mptdc_input_mux:sv
		errors: 0, warnings: 1
file: rtl/ctrl/mptdc_meas_ctrl.sv
	module worklib.mptdc_meas_ctrl:sv
		errors: 0, warnings: 0
file: rtl/ctrl/mptdc_drain_ctrl.sv
  input  mptdc_pkg::mptdc_ctx_snapshot_t     snapshot_i,
                                                      |
xmvlog: *W,NODNTW (rtl/ctrl/mptdc_drain_ctrl.sv,37|54): Implicit net port (snapshot_i) is not allowed since `default_nettype is declared as 'none'; 'wire' used instead [19.2(IEEE 2001)].
	module worklib.mptdc_drain_ctrl:sv
		errors: 0, warnings: 1
file: rtl/ctrl/mptdc_watchdog.sv
	module worklib.mptdc_watchdog:sv
		errors: 0, warnings: 0
file: rtl/readout/mptdc_tconv_reco.sv
	module worklib.mptdc_tconv_reco:sv
		errors: 0, warnings: 0
file: rtl/readout/mptdc_narrow16_tx_v2.sv
  input  mptdc_pkg::out_mode_e  out_mode_i,
                                         |
xmvlog: *W,NODNTW (rtl/readout/mptdc_narrow16_tx_v2.sv,31|41): Implicit net port (out_mode_i) is not allowed since `default_nettype is declared as 'none'; 'wire' used instead [19.2(IEEE 2001)].
  input  mptdc_pkg::mptdc_acq_rec_t fifo_rd_data_i,
                                                 |
xmvlog: *W,NODNTW (rtl/readout/mptdc_narrow16_tx_v2.sv,35|49): Implicit net port (fifo_rd_data_i) is not allowed since `default_nettype is declared as 'none'; 'wire' used instead [19.2(IEEE 2001)].
	module worklib.mptdc_narrow16_tx_v2:sv
		errors: 0, warnings: 2
file: rtl/readout/mptdc_csr_minimal.sv
  input  mptdc_pkg::mptdc_status_t  status_i,
                                           |
xmvlog: *W,NODNTW (rtl/readout/mptdc_csr_minimal.sv,45|43): Implicit net port (status_i) is not allowed since `default_nettype is declared as 'none'; 'wire' used instead [19.2(IEEE 2001)].
	module worklib.mptdc_csr_minimal:sv
		errors: 0, warnings: 1
file: rtl/top/mptdc_core.sv
  input  mptdc_pkg::mptdc_cfg_t cfg_i,
                                    |
xmvlog: *W,NODNTW (rtl/top/mptdc_core.sv,44|36): Implicit net port (cfg_i) is not allowed since `default_nettype is declared as 'none'; 'wire' used instead [19.2(IEEE 2001)].
	module worklib.mptdc_core:sv
		errors: 0, warnings: 1
file: rtl/top/mptdc_top_asic.sv
  input  mptdc_pkg::input_sel_e  input_sel_override_i,
                                                    |
xmvlog: *W,NODNTW (rtl/top/mptdc_top_asic.sv,42|52): Implicit net port (input_sel_override_i) is not allowed since `default_nettype is declared as 'none'; 'wire' used instead [19.2(IEEE 2001)].
  input  mptdc_pkg::out_mode_e   out_mode_override_i,
                                                   |
xmvlog: *W,NODNTW (rtl/top/mptdc_top_asic.sv,44|51): Implicit net port (out_mode_override_i) is not allowed since `default_nettype is declared as 'none'; 'wire' used instead [19.2(IEEE 2001)].
	module worklib.mptdc_top_asic:sv
		errors: 0, warnings: 2
file: tb/common/mptdc_tb_pkg.sv
	package worklib.mptdc_tb_pkg:sv
		errors: 0, warnings: 0
file: tb/vip/interfaces/mptdc_csr_if.sv
	interface worklib.mptdc_csr_if:sv
		errors: 0, warnings: 0
file: tb/vip/interfaces/mptdc_async_io_if.sv
	interface worklib.mptdc_async_io_if:sv
		errors: 0, warnings: 0
file: tb/vip/interfaces/mptdc_ref_stop_if.sv
	interface worklib.mptdc_ref_stop_if:sv
		errors: 0, warnings: 0
file: tb/vip/interfaces/mptdc_narrow_if.sv
	interface worklib.mptdc_narrow_if:sv
		errors: 0, warnings: 0
file: tb/vip/pkg/mptdc_vip_pkg.sv
	package worklib.mptdc_vip_pkg:sv
		errors: 0, warnings: 0
file: tb/tests/mptdc_vip_tb.sv
	module worklib.mptdc_vip_tb:sv
		errors: 0, warnings: 0
xmvlog: *W,SPDUSD: Include directory tb/vip/interfaces given but not used.
xmvlog: *W,SPDUSD: Include directory tb/vip/pkg given but not used.
xmvlog: *W,SPDUSD: Include directory tb/tests given but not used.
	Total errors/warnings found outside modules and primitives:
		errors: 0, warnings: 3
	Elaborating the design hierarchy:
		Caching library 'worklib' ....... Done
	Top level design units:
		mptdc_pkg
		mptdc_vip_pkg
		mptdc_tb_pkg
		mptdc_vip_tb

	Extracting FSMs for coverage:
		worklib.mptdc_reset_sync
		worklib.mptdc_input_mux
		worklib.mptdc_csr_minimal
		worklib.mptdc_async_frontend_v2
		worklib.mptdc_osc_model
		worklib.mptdc_osc_wrapper
		worklib.mptdc_fast_epoch_tag
		worklib.mptdc_pd_cell
		worklib.mptdc_stop_capture_async
		worklib.mptdc_gray_cnt_sync
		worklib.mptdc_meas_ctrl
			FSM extracted for state register state_q
		worklib.mptdc_hit_capture_bridge
		worklib.mptdc_context_bank
		worklib.mptdc_drain_ctrl
			FSM extracted for state register state_q
		worklib.mptdc_sync_fifo
		worklib.mptdc_narrow16_tx_v2
			FSM extracted for state register state_q
		worklib.mptdc_watchdog
		worklib.mptdc_core
		worklib.mptdc_top_asic
		worklib.mptdc_vip_tb
	Total FSMs extracted = 3
xmelab: *W,COVEOS: Currently, by default, coverage is not scored for expressions containing struct datatypes. In 13.1 release, such expressions can be scored using the "set_expr_scoring -struct" coverage configuration file command. In subsequent releases, the default scoring of expressions containing struct datatypes will be enabled. This change may prevent refinements from 13.1 release to be applied on coverage databases generated using subsequent releases in the default mode.
	Building instance overlay tables: 
xmelab: *W,COVFDP: FSM description matching across instance of a module for "COVFDM" warning has been moved from elaboration to simulation dumping. To restore old matching behavior, use "set_backward_compat -COVFDM_during_elab". Also, it is recommended to use set_parameterized_module_coverage CCF command to avoid coverage loss due to FSM description difference across instances of a module.
xmelab: *W,COVFHT: FSM hold transitions (transitions to the current state) are not extracted for any FSM in default mode.
.................... Done
	Enabling instrumentation for coverage types: block expression FSM toggle functional
xmelab: *W,COVDCL: By default expression coverage is scored only for Verilog logical operators (|| and &&) and VHDL logical operators (OR, AND, NOR, and NAND), and is scored only in condition expressions. To score coverage for other operators and for expressions in other statements, use the "set_expr_coverable_operators" and "set_expr_coverable_statements" coverage configuration file commands with suitable options at elaboration.
	Generating native compiled code:
		worklib.mptdc_watchdog:sv <0x41aa1321>
			streams:   6, words:  3500
		worklib.mptdc_sync_fifo:sv <0x45429a50>
			streams:  19, words: 16836
		worklib.mptdc_drain_ctrl:sv <0x785214f0>
			streams:  32, words: 36516
		worklib.mptdc_context_bank:sv <0x192f01b9>
			streams:   8, words:  8493
		worklib.mptdc_hit_capture_bridge:sv <0x7096bee0>
			streams:  17, words: 12550
		worklib.mptdc_meas_ctrl:sv <0x31daa065>
			streams:  22, words: 26151
		worklib.mptdc_gray_cnt_sync:sv <0x7f25aa8f>
			streams:  24, words: 15301
		worklib.mptdc_stop_capture_async:sv <0x539e8a97>
			streams:   5, words:  2667
		worklib.mptdc_pd_cell:sv <0x2b1a4ce9>
			streams:   6, words:  6046
		worklib.mptdc_fast_epoch_tag:sv <0x4ee7820d>
			streams:   5, words:  4954
		worklib.mptdc_osc_wrapper:sv <0x5d6f0d6c>
			streams:   1, words:   473
		worklib.mptdc_osc_wrapper:sv <0x50e28137>
			streams:   1, words:   473
		worklib.mptdc_reset_sync:sv <0x4ffa3793>
			streams:   4, words:   976
		worklib.mptdc_reset_sync:sv <0x773b3392>
			streams:   4, words:   978
		worklib.mptdc_reset_sync:sv <0x1c7cf87b>
			streams:   4, words:   978
		worklib.mptdc_csr_minimal:sv <0x44adc997>
			streams:  16, words: 18672
		worklib.mptdc_input_mux:sv <0x184a4750>
			streams:   2, words:   532
		worklib.mptdc_reset_sync:sv <0x5570d45d>
			streams:   4, words:   978
		worklib.mptdc_reset_sync:sv <0x6fabb3eb>
			streams:   4, words:   978
		worklib.mptdc_reset_sync:sv <0x14c2a711>
			streams:   4, words:   976
		worklib.mptdc_top_asic:sv <0x4ba947ac>
			streams:  14, words:  6895
		worklib.mptdc_vip_tb:sv <0x4bc96ccf>
			streams:  28, words: 44830
		worklib.mptdc_vip_pkg:sv <0x221bce04>
			streams: 316, words: 424457
		worklib.mptdc_tb_pkg:sv <0x1292405f>
			streams:  15, words: 24002
		worklib.mptdc_narrow_if:sv <0x3f83acae>
			streams:   4, words:  3264
		worklib.mptdc_async_frontend_v2:sv <0x190ce023>
			streams:  22, words: 20814
		worklib.mptdc_osc_model:sv <0x3a965d1b>
			streams:   4, words: 10275
		worklib.mptdc_osc_model:sv <0x6413ea68>
			streams:   4, words: 10275
		worklib.mptdc_core:sv <0x68c9386c>
			streams:  65, words: 30565
		worklib.mptdc_csr_if:sv <0x76b285f7>
			streams:   9, words: 16706
		worklib.mptdc_async_io_if:sv <0x3f318dd4>
			streams:   6, words: 21934
		worklib.mptdc_narrow16_tx_v2:sv <0x4cc8460d>
			streams:  17, words: 22899
		worklib.mptdc_pkg:sv <0x35de2c0b>
			streams:   4, words:  1276
		worklib.mptdc_ref_stop_if:sv <0x515f4be0>
			streams:   5, words:  5554
xmelab: *W,COVNOEN: By default, toggle coverage is not supported for systemverilog enumerated nets and variables. To enable toggle coverage of these objects, specify the 'set_toggle_scoring -sv_enum' command in the coverage configuration file.
  integer osc_jitter_sigma_ps;
                            |
xmelab: *W,COVUTA (./rtl/osc/mptdc_osc_model.sv,55|28): Toggle coverage is not supported for SystemVerilog integer, real, string, dynamic array, sparse memory and reference ports. It is also not supported for VHDL multi-dimensional array and array of record. There may also be other such objects in the design.
  mptdc_ctx_snapshot_t ctx_snapshot_q [N_CTX];
                                    |
xmelab: *W,COVMDD (./rtl/async/mptdc_context_bank.sv,31|36): Toggle coverage for bit, logic, reg, wire, enum and struct multi-dimensional static arrays and vectors is not supported by default. To enable toggle coverage for enum multi-dimensional static arrays specify 'set_toggle_scoring -sv_enum enable_mda' and for other multi-dimensional static arrays, specify 'set_toggle_scoring -sv_mda [<max_bit_base2_exponent>] [-sv_mda_of_struct]' ccf command in the coverage configuration file.
	Building instance specific data structures.
xmelab: *W,CGPIDF: Covergroup "per_instance" option , by default, is set as 0.
xmelab: *N,COVCGN: Coverage configuration file command "set_covergroup -new_instance_reporting" can be specified to improve the scoping and naming of covergroup instances. It may be noted that subsequent merging of a coverage database saved with this command and a coverage database saved without this command is not allowed.
	Loading native compiled code:     .................... Done
	Design hierarchy summary:
		                      Instances  Unique
		Modules:                    100      20
		Interfaces:                   4       4
		Verilog packages:             3       3
		Registers:                 1320     964
		Scalar wires:               204       -
		Expanded wires:             519      69
		Vectored wires:             158       -
		Always blocks:              234      71
		Initial blocks:              47      15
		Parallel blocks:              3       3
		Cont. assignments:           87     100
		Pseudo assignments:         120       -
		Assertions:                 114      23
		Covergroup Instances:         0       2
		SV Class declarations:       37      37
		SV Class specializations:    37      37
		Simulation timescale:       1ps
	Writing initial simulation snapshot: worklib.mptdc_vip_tb:sv
Loading snapshot worklib.mptdc_vip_tb:sv .................... Done
SVSEED default: 1
xcelium> source /eda/cadence/2023-24/RHELx86/XCELIUM_23.03.007/tools/xcelium/files/xmsimrc
xcelium> run
[OSC_WRAPPER] MODE = MODEL (behavioural simulation with #delays)
[OSC_MODEL] NE=8 TS_STEP_PS=55 HALF_PERIOD=440
[OSC_MODEL] jitter_sigma_ps=0 jitter_bound_ps=0
[OSC_WRAPPER] MODE = MODEL (behavioural simulation with #delays)
[OSC_MODEL] NE=8 TS_STEP_PS=50 HALF_PERIOD=400
[OSC_MODEL] jitter_sigma_ps=0 jitter_bound_ps=0
[VIP][TB] Starting test=csr_readback_control seed=20005 stop_model=1 ref_phase_ps=87 jitter_sigma_ps=0 jitter_bound_ps=0 num_conv=0
[VIP][DRV] RESET[reset] low=100000 settle=100000
[VIP][DRV] CFG[cfg_csr_readback] mode=0 input=1 out=2 max_hits=3 eff_max_hits=3 wdt_ctx=400 wdt_global=64
[VIP][DRV] BP[bp_stall] mode=always_stall seed=20005
[VIP][DRV] CONV[csr_fifo_fill_0] attempt=0 event=-1 src=1 stop_model=qualified_ref delay=12000 arm_settle=50000 pulse_w=1000 start_only=0 expect_packet=0 accepted=0 cfg_mode=0 out=0 conv_id_chk=0 exp_conv_id=0
[VIP][DRV] CONV[csr_fifo_fill_1] attempt=1 event=-1 src=1 stop_model=qualified_ref delay=14000 arm_settle=50000 pulse_w=1000 start_only=0 expect_packet=0 accepted=0 cfg_mode=0 out=0 conv_id_chk=0 exp_conv_id=0
[VIP][DRV] End-of-test transaction observed
[VIP][SB] Scoreboard done: 0 packets checked
[VIP][TEST] csr_readback_control PASSED
[VIP][TB] TEST COMPLETE: csr_readback_control
Simulation complete via $finish(1) at time 7584375 PS + 1
./tb/tests/mptdc_vip_tb.sv:272     $finish;
xcelium> exit
xmsim: *N,COVCGN: Coverage configuration file command "set_covergroup -new_instance_reporting" can be specified to improve the scoping and naming of covergroup instances. It may be noted that subsequent merging of a coverage database saved with this command and a coverage database saved without this command is not allowed.
xmsim: *W,CGDEFN: Default name "mptdc_vip_tb.test.mptdc_base_test::env.cov.stim_cg" will be generated for covergroup instance "stim_cg" as the name of the covergroup instance is not specified explicitly: ./tb/vip/pkg/mptdc_vip_pkg.sv, 624.
xmsim: *W,CGDEFN: Default name "mptdc_vip_tb.test.mptdc_base_test::env.cov.pkt_cg" will be generated for covergroup instance "pkt_cg" as the name of the covergroup instance is not specified explicitly: ./tb/vip/pkg/mptdc_vip_pkg.sv, 694.

coverage setup:
  workdir  :  /home/validmgr/ksabra/2026_SPAD/SPADMIC/MPTDC/results/o2_raw_tag/20260601_o2_raw_tag_overnight_charac/vip/cov_work
  dutinst  :  mptdc_vip_tb(mptdc_vip_tb)
  scope    :  scope
  testname :  csr_readback_control__seed_20005

coverage files:
  model(design data) :  /home/validmgr/ksabra/2026_SPAD/SPADMIC/MPTDC/results/o2_raw_tag/20260601_o2_raw_tag_overnight_charac/vip/cov_work/scope/icc_57851df7_12cf83c0.ucm (reused)
  data               :  /home/validmgr/ksabra/2026_SPAD/SPADMIC/MPTDC/results/o2_raw_tag/20260601_o2_raw_tag_overnight_charac/vip/cov_work/scope/csr_readback_control__seed_20005/icc_57851df7_12cf83c0.ucd
TOOL:	xrun(64)	23.03-s007: Exiting on Jun 01, 2026 at 13:07:47 CEST  (total: 00:00:03)
