============================================================
  Generated by:           Genus(TM) Synthesis Solution 22.13-s093_1
  Generated on:           May 12 2026  02:11:16 pm
  Module:                 mptdc_top_asic
  Operating conditions:   slow_1_62V_125C 
  Interconnect mode:      global
  Area mode:              physical library
============================================================

Timing
--------

Analysis view     Clock    Period 
----------------------------------
wc_view       clk_osc_fast  900.0 
              clk_osc_slow 1000.0 
              clk_sys      6250.0 


Analysis     Cost      Critical        Violating 
  View       Group    Path Slack  TNS    Paths   
-------------------------------------------------
wc_view  clk_osc_fast   No paths  0.0          0 
         clk_osc_slow   No paths  0.0          0 
              clk_sys        0.6  0.0          0 
              default   No paths  0.0          0 
-------------------------------------------------
Total                            -0.0          0 
                                                 

Instance Count
--------------
Leaf Instance Count             1392 
Physical Instance count            0 
Sequential Instance Count        273 
Combinational Instance Count    1119 
Hierarchical Instance Count        0 

Area
----
Cell Area                          30549.658
Physical Cell Area                 0.000
Total Cell Area (Cell+Physical)    30549.658
Net Area                           17956.690
Total Area (Cell+Physical+Net)     48506.348

Power
-----
Leakage Power                      448.383 nW
Dynamic Power                      5933337.486 nW
Total Power                        5933785.869 nW

Max Fanout                         269 (clk_sys)
Min Fanout                         0 (fifo_clr_pulse)
Average Fanout                     2.3
Terms to net ratio                 3.2993
Terms to instance ratio            3.5481
Runtime                            145.2787779999999 seconds
Elapsed Runtime                    141 seconds
Genus peak memory usage            2071.80 
Innovus peak memory usage          no_value 
Hostname                           lyoelectrosrv01.in2p3.fr
