============================================================
  Generated by:           Genus(TM) Synthesis Solution 22.13-s093_1
  Generated on:           May 12 2026  02:11:16 pm
  Module:                 mptdc_top_asic
  Operating conditions:   slow_1_62V_125C 
  Interconnect mode:      global
  Area mode:              physical library
============================================================


Path 1: MET (1 ps) Setup Check with Pin u_core_u_narrow_tx_ctx_id_q_reg[0]/C->D
           View: wc_view
          Group: clk_sys
     Startpoint: (R) u_core_u_fifo_rd_ptr_q_reg[0]/C
          Clock: (R) clk_sys
       Endpoint: (F) u_core_u_narrow_tx_ctx_id_q_reg[0]/D
          Clock: (R) clk_sys

                     Capture       Launch     
        Clock Edge:+    6250            0     
       Src Latency:+       0            0     
       Net Latency:+       0 (I)        0 (I) 
           Arrival:=    6250            0     
                                              
             Setup:-     598                  
       Uncertainty:-     300                  
     Required Time:=    5352                  
      Launch Clock:-       0                  
         Data Path:-    5352                  
             Slack:=       1                  

#-------------------------------------------------------------------------------------------------------------
#            Timing Point              Flags   Arc   Edge   Cell     Fanout Load Trans Delay Arrival Instance 
#                                                                           (fF)  (ps)  (ps)   (ps)  Location 
#-------------------------------------------------------------------------------------------------------------
  u_core_u_fifo_rd_ptr_q_reg[0]/C      -       -     R     (arrival)    269    -   150     0       0    (-,-) 
  u_core_u_fifo_rd_ptr_q_reg[0]/Q      -       C->Q  R     DFRSHDX2       7 82.1   444  1110    1110    (-,-) 
  g43/Q                                -       A->Q  F     INHDX2         4 50.3   267   343    1452    (-,-) 
  g40/Q                                -       B->Q  F     AND3HDX2       8 91.9   265   628    2080    (-,-) 
  g30985__1705/Q                       -       A->Q  R     AN22HDX1       1 11.4   457   524    2604    (-,-) 
  drc_bufs31211/Q                      -       A->Q  R     BUHDX0         1 14.2   326   448    3052    (-,-) 
  g30942__4319/Q                       -       B->Q  F     NA4HDX1        1 15.2   440   440    3491    (-,-) 
  g30892__7482/Q                       -       A->Q  R     AN22HDX1       1 11.4   475   579    4070    (-,-) 
  g30846__5115/Q                       -       A->Q  R     OR2HDX1        1 22.7   246   444    4514    (-,-) 
  g30817__6417/Q                       -       B->Q  F     NA4HDX2        2 29.1   397   412    4926    (-,-) 
  g33819__7482/Q                       -       A->Q  F     NA22HDX1       1 11.2   188   426    5352    (-,-) 
  u_core_u_narrow_tx_ctx_id_q_reg[0]/D -       -     F     DFRQHDX0       1    -     -     0    5352    (-,-) 
#-------------------------------------------------------------------------------------------------------------



Path 2: MET (2 ps) Setup Check with Pin u_core_u_wdt_global_cnt_reg[15]/C->D
           View: wc_view
          Group: clk_sys
     Startpoint: (R) u_core_u_wdt_global_cnt_reg[1]/C
          Clock: (R) clk_sys
       Endpoint: (R) u_core_u_wdt_global_cnt_reg[15]/D
          Clock: (R) clk_sys

                     Capture       Launch     
        Clock Edge:+    6250            0     
       Src Latency:+       0            0     
       Net Latency:+       0 (I)        0 (I) 
           Arrival:=    6250            0     
                                              
             Setup:-     244                  
       Uncertainty:-     300                  
     Required Time:=    5706                  
      Launch Clock:-       0                  
         Data Path:-    5704                  
             Slack:=       2                  

#----------------------------------------------------------------------------------------------------------
#           Timing Point            Flags   Arc   Edge   Cell     Fanout Load Trans Delay Arrival Instance 
#                                                                        (fF)  (ps)  (ps)   (ps)  Location 
#----------------------------------------------------------------------------------------------------------
  u_core_u_wdt_global_cnt_reg[1]/C  -       -     R     (arrival)    269    -   150     0       0    (-,-) 
  u_core_u_wdt_global_cnt_reg[1]/Q  -       C->Q  F     DFRSQHDX2      4 75.6   406  1317    1317    (-,-) 
  g34213__8428/Q                    -       B->Q  R     NA2HDX4        3 47.4   287   392    1709    (-,-) 
  g33962__1666/Q                    -       C->Q  F     NO3I2HDX2      2 18.4   125   182    1891    (-,-) 
  g33923__6417/Q                    -       A->Q  F     AND2HDX1       2 20.7   148   385    2276    (-,-) 
  g33853__6783/Q                    -       A->Q  F     AND2HDX2       2 21.6   117   382    2657    (-,-) 
  g33530__1881/Q                    -       A->Q  F     AND2HDX2       3 35.5   147   405    3062    (-,-) 
  g33436__9945/Q                    -       AN->Q F     NO4I1HDX2      2 21.6   101   320    3383    (-,-) 
  g33424__8246/Q                    -       A->Q  F     AND2HDX2       2 21.7   116   360    3743    (-,-) 
  g33396__9945/Q                    -       A->Q  F     AND2HDX2       2 20.6   114   364    4107    (-,-) 
  g33374__3680/Q                    -       B->Q  R     NA2HDX0        1 18.4   459   412    4520    (-,-) 
  g33341__5115/Q                    -       A->Q  F     EO2HDX1        1 15.7   342   707    5227    (-,-) 
  g33333__5122/Q                    -       A->Q  R     ON21HDX1       1 11.1   402   477    5704    (-,-) 
  u_core_u_wdt_global_cnt_reg[15]/D -       -     R     DFRQHDX1       1    -     -     0    5704    (-,-) 
#----------------------------------------------------------------------------------------------------------



Path 3: MET (5 ps) Setup Check with Pin u_core_conv_count_r_reg[22]/C->D
           View: wc_view
          Group: clk_sys
     Startpoint: (R) u_core_conv_count_r_reg[8]/C
          Clock: (R) clk_sys
       Endpoint: (F) u_core_conv_count_r_reg[22]/D
          Clock: (R) clk_sys

                     Capture       Launch     
        Clock Edge:+    6250            0     
       Src Latency:+       0            0     
       Net Latency:+       0 (I)        0 (I) 
           Arrival:=    6250            0     
                                              
             Setup:-     661                  
       Uncertainty:-     300                  
     Required Time:=    5289                  
      Launch Clock:-       0                  
         Data Path:-    5284                  
             Slack:=       5                  

#------------------------------------------------------------------------------------------------------------
#           Timing Point             Flags   Arc   Edge   Cell     Fanout  Load Trans Delay Arrival Instance 
#                                                                          (fF)  (ps)  (ps)   (ps)  Location 
#------------------------------------------------------------------------------------------------------------
  u_core_conv_count_r_reg[8]/C       -       -     R     (arrival)    269     -   150     0       0    (-,-) 
  u_core_conv_count_r_reg[8]/Q       -       C->Q  R     DFRRQHDX1      4  48.0   492  1121    1121    (-,-) 
  inc_u_core_add_522_42_g461__5477/Q -       A->Q  R     AND2HDX2       2  31.5   202   483    1604    (-,-) 
  g34837/Q                           -       A->Q  F     NA3HDX2        3  35.0   319   315    1919    (-,-) 
  inc_u_core_add_522_42_g417__2346/Q -       B->Q  R     NO4I1HDX4     16 184.9   476  1242    3161    (-,-) 
  inc_u_core_add_522_42_g411__7482/Q -       C->Q  F     NA3I2HDX1      2  23.7   299   353    3514    (-,-) 
  inc_u_core_add_522_42_g389__2346/Q -       A->Q  R     NA2HDX0        1  14.2   398   420    3934    (-,-) 
  inc_u_core_add_522_42_g370__5526/Q -       C->Q  F     ON21HDX1       1  15.2   249   325    4259    (-,-) 
  g34093__7410/Q                     -       A->Q  R     AN22HDX1       1  11.4   464   518    4777    (-,-) 
  drc_bufs34439/Q                    -       A->Q  R     BUHDX1         1  15.6   184   362    5140    (-,-) 
  g34019__1881/Q                     -       A->Q  F     NO2HDX1        1  12.3   176   144    5284    (-,-) 
  u_core_conv_count_r_reg[22]/D      -       -     F     DFRRQHDX2      1     -     -     0    5284    (-,-) 
#------------------------------------------------------------------------------------------------------------



Path 4: MET (12 ps) Setup Check with Pin u_core_u_fifo_wr_ptr_q_reg[5]/C->D
           View: wc_view
          Group: clk_sys
     Startpoint: (R) u_core_u_fifo_count_q_reg[3]/C
          Clock: (R) clk_sys
       Endpoint: (F) u_core_u_fifo_wr_ptr_q_reg[5]/D
          Clock: (R) clk_sys

                     Capture       Launch     
        Clock Edge:+    6250            0     
       Src Latency:+       0            0     
       Net Latency:+       0 (I)        0 (I) 
           Arrival:=    6250            0     
                                              
             Setup:-     551                  
       Uncertainty:-     300                  
     Required Time:=    5399                  
      Launch Clock:-       0                  
         Data Path:-    5386                  
             Slack:=      12                  

#--------------------------------------------------------------------------------------------------------
#          Timing Point           Flags   Arc   Edge   Cell     Fanout Load Trans Delay Arrival Instance 
#                                                                      (fF)  (ps)  (ps)   (ps)  Location 
#--------------------------------------------------------------------------------------------------------
  u_core_u_fifo_count_q_reg[3]/C  -       -     R     (arrival)    269    -   150     0       0    (-,-) 
  u_core_u_fifo_count_q_reg[3]/Q  -       C->Q  F     DFRRHDX2       1 21.5   287  1338    1338    (-,-) 
  fopt5/Q                         -       A->Q  R     INHDX2         2 21.1   161   209    1548    (-,-) 
  g31094__6161/Q                  -       A->Q  R     AND3HDX4       2 47.2   206   572    2120    (-,-) 
  g31021__1705/Q                  -       A->Q  F     NA3HDX4        5 43.4   257   269    2388    (-,-) 
  g34114__34905/Q                 -       A->Q  F     AND2HDX2       3 47.4   174   503    2892    (-,-) 
  g34039__3680/Q                  -       A->Q  R     NA2HDX2        3 29.9   332   308    3200    (-,-) 
  g33959__9945/Q                  -       B->Q  F     NO2I1HDX1      2 22.5   193   262    3462    (-,-) 
  g33886__2883/Q                  -       A->Q  F     AND2HDX0       1 20.5   235   443    3905    (-,-) 
  g33468__1617/CO                 -       A->CO F     HAHDX2         3 37.3   198   510    4416    (-,-) 
  g33455__4319/Q                  -       A->Q  R     NA2HDX2        1 18.0   274   249    4665    (-,-) 
  g33401__7410/Q                  -       B->Q  R     EO2HDX1        1 15.6   420   525    5190    (-,-) 
  g33395__9315/Q                  -       A->Q  F     NO2HDX1        1 11.2   147   197    5386    (-,-) 
  u_core_u_fifo_wr_ptr_q_reg[5]/D -       -     F     DFRQHDX2       1    -     -     0    5386    (-,-) 
#--------------------------------------------------------------------------------------------------------



Path 5: MET (18 ps) Setup Check with Pin u_core_conv_count_r_reg[18]/C->D
           View: wc_view
          Group: clk_sys
     Startpoint: (R) u_core_conv_count_r_reg[8]/C
          Clock: (R) clk_sys
       Endpoint: (F) u_core_conv_count_r_reg[18]/D
          Clock: (R) clk_sys

                     Capture       Launch     
        Clock Edge:+    6250            0     
       Src Latency:+       0            0     
       Net Latency:+       0 (I)        0 (I) 
           Arrival:=    6250            0     
                                              
             Setup:-     661                  
       Uncertainty:-     300                  
     Required Time:=    5289                  
      Launch Clock:-       0                  
         Data Path:-    5271                  
             Slack:=      18                  

#------------------------------------------------------------------------------------------------------------
#           Timing Point             Flags   Arc   Edge   Cell     Fanout  Load Trans Delay Arrival Instance 
#                                                                          (fF)  (ps)  (ps)   (ps)  Location 
#------------------------------------------------------------------------------------------------------------
  u_core_conv_count_r_reg[8]/C       -       -     R     (arrival)    269     -   150     0       0    (-,-) 
  u_core_conv_count_r_reg[8]/Q       -       C->Q  R     DFRRQHDX1      4  48.0   492  1121    1121    (-,-) 
  inc_u_core_add_522_42_g461__5477/Q -       A->Q  R     AND2HDX2       2  31.5   202   483    1604    (-,-) 
  g34837/Q                           -       A->Q  F     NA3HDX2        3  35.0   319   315    1919    (-,-) 
  inc_u_core_add_522_42_g417__2346/Q -       B->Q  R     NO4I1HDX4     16 184.9   476  1242    3161    (-,-) 
  inc_u_core_add_522_42_g415__9945/Q -       B->Q  F     NA2HDX1        2  23.7   284   345    3506    (-,-) 
  inc_u_core_add_522_42_g392__6417/Q -       A->Q  R     NA2HDX0        1  14.2   401   414    3920    (-,-) 
  inc_u_core_add_522_42_g372__3680/Q -       C->Q  F     ON21HDX1       1  15.2   250   326    4246    (-,-) 
  g34090__2883/Q                     -       A->Q  R     AN22HDX1       1  11.4   467   518    4764    (-,-) 
  drc_bufs34441/Q                    -       A->Q  R     BUHDX1         1  15.6   184   363    5127    (-,-) 
  g34023__6161/Q                     -       A->Q  F     NO2HDX1        1  12.3   176   144    5271    (-,-) 
  u_core_conv_count_r_reg[18]/D      -       -     F     DFRRQHDX2      1     -     -     0    5271    (-,-) 
#------------------------------------------------------------------------------------------------------------



Path 6: MET (19 ps) Setup Check with Pin u_core_conv_count_r_reg[24]/C->D
           View: wc_view
          Group: clk_sys
     Startpoint: (R) u_core_conv_count_r_reg[8]/C
          Clock: (R) clk_sys
       Endpoint: (F) u_core_conv_count_r_reg[24]/D
          Clock: (R) clk_sys

                     Capture       Launch     
        Clock Edge:+    6250            0     
       Src Latency:+       0            0     
       Net Latency:+       0 (I)        0 (I) 
           Arrival:=    6250            0     
                                              
             Setup:-     661                  
       Uncertainty:-     300                  
     Required Time:=    5289                  
      Launch Clock:-       0                  
         Data Path:-    5270                  
             Slack:=      19                  

#------------------------------------------------------------------------------------------------------------
#           Timing Point             Flags   Arc   Edge   Cell     Fanout  Load Trans Delay Arrival Instance 
#                                                                          (fF)  (ps)  (ps)   (ps)  Location 
#------------------------------------------------------------------------------------------------------------
  u_core_conv_count_r_reg[8]/C       -       -     R     (arrival)    269     -   150     0       0    (-,-) 
  u_core_conv_count_r_reg[8]/Q       -       C->Q  R     DFRRQHDX1      4  48.0   492  1121    1121    (-,-) 
  inc_u_core_add_522_42_g461__5477/Q -       A->Q  R     AND2HDX2       2  31.5   202   483    1604    (-,-) 
  g34837/Q                           -       A->Q  F     NA3HDX2        3  35.0   319   315    1919    (-,-) 
  inc_u_core_add_522_42_g417__2346/Q -       B->Q  R     NO4I1HDX4     16 184.9   476  1242    3161    (-,-) 
  inc_u_core_add_522_42_g410__5115/Q -       B->Q  F     NA2HDX1        2  23.7   284   345    3506    (-,-) 
  inc_u_core_add_522_42_g388__2883/Q -       A->Q  R     NA2HDX0        1  14.2   398   414    3920    (-,-) 
  inc_u_core_add_522_42_g367__6260/Q -       C->Q  F     ON21HDX1       1  15.2   249   325    4245    (-,-) 
  g34089__9945/Q                     -       A->Q  R     AN22HDX1       1  11.4   464   518    4763    (-,-) 
  drc_bufs34443/Q                    -       A->Q  R     BUHDX1         1  15.6   184   363    5125    (-,-) 
  g34021__7482/Q                     -       A->Q  F     NO2HDX1        1  12.3   176   144    5270    (-,-) 
  u_core_conv_count_r_reg[24]/D      -       -     F     DFRRQHDX2      1     -     -     0    5270    (-,-) 
#------------------------------------------------------------------------------------------------------------



Path 7: MET (23 ps) Setup Check with Pin u_core_conv_count_r_reg[25]/C->D
           View: wc_view
          Group: clk_sys
     Startpoint: (R) u_core_conv_count_r_reg[20]/C
          Clock: (R) clk_sys
       Endpoint: (F) u_core_conv_count_r_reg[25]/D
          Clock: (R) clk_sys

                     Capture       Launch     
        Clock Edge:+    6250            0     
       Src Latency:+       0            0     
       Net Latency:+       0 (I)        0 (I) 
           Arrival:=    6250            0     
                                              
             Setup:-     560                  
       Uncertainty:-     300                  
     Required Time:=    5390                  
      Launch Clock:-       0                  
         Data Path:-    5367                  
             Slack:=      23                  

#-----------------------------------------------------------------------------------------------------------
#           Timing Point             Flags   Arc   Edge   Cell     Fanout Load Trans Delay Arrival Instance 
#                                                                         (fF)  (ps)  (ps)   (ps)  Location 
#-----------------------------------------------------------------------------------------------------------
  u_core_conv_count_r_reg[20]/C      -       -     R     (arrival)    269    -   150     0       0    (-,-) 
  u_core_conv_count_r_reg[20]/Q      -       C->Q  R     DFRRQHDX2      6 59.5   400  1219    1219    (-,-) 
  inc_u_core_add_522_42_g454__2346/Q -       A->Q  R     AND2HDX1       2 18.3   227   508    1727    (-,-) 
  inc_u_core_add_522_42_g443__5115/Q -       A->Q  R     AND3HDX1       1 35.4   392   719    2446    (-,-) 
  inc_u_core_add_522_42_g439__7098/Q -       B->Q  F     NA2HDX4        7 63.7   210   269    2714    (-,-) 
  inc_u_core_add_522_42_g438/Q       -       A->Q  R     INHDX1         2 21.7   246   271    2986    (-,-) 
  inc_u_core_add_522_42_g432__1617/Q -       A->Q  R     AND2HDX0       1 13.8   326   505    3490    (-,-) 
  inc_u_core_add_522_42_g406__8246/Q -       B->Q  F     NA2HDX1        2 21.7   295   297    3788    (-,-) 
  inc_u_core_add_522_42_g382__5115/Q -       B->Q  R     NA2HDX0        1 14.2   387   442    4230    (-,-) 
  inc_u_core_add_522_42_g360__2346/Q -       C->Q  F     ON21HDX1       1 15.2   248   322    4552    (-,-) 
  g34082__6131/Q                     -       A->Q  R     AN22HDX1       1 15.0   531   566    5118    (-,-) 
  g34010__6783/Q                     -       B->Q  F     NO2HDX1        1 11.2   177   249    5367    (-,-) 
  u_core_conv_count_r_reg[25]/D      -       -     F     DFRQHDX2       1    -     -     0    5367    (-,-) 
#-----------------------------------------------------------------------------------------------------------



Path 8: MET (23 ps) Setup Check with Pin u_core_conv_count_r_reg[30]/C->D
           View: wc_view
          Group: clk_sys
     Startpoint: (R) u_core_conv_count_r_reg[20]/C
          Clock: (R) clk_sys
       Endpoint: (F) u_core_conv_count_r_reg[30]/D
          Clock: (R) clk_sys

                     Capture       Launch     
        Clock Edge:+    6250            0     
       Src Latency:+       0            0     
       Net Latency:+       0 (I)        0 (I) 
           Arrival:=    6250            0     
                                              
             Setup:-     558                  
       Uncertainty:-     300                  
     Required Time:=    5392                  
      Launch Clock:-       0                  
         Data Path:-    5369                  
             Slack:=      23                  

#-----------------------------------------------------------------------------------------------------------
#           Timing Point             Flags   Arc   Edge   Cell     Fanout Load Trans Delay Arrival Instance 
#                                                                         (fF)  (ps)  (ps)   (ps)  Location 
#-----------------------------------------------------------------------------------------------------------
  u_core_conv_count_r_reg[20]/C      -       -     R     (arrival)    269    -   150     0       0    (-,-) 
  u_core_conv_count_r_reg[20]/Q      -       C->Q  R     DFRRQHDX2      6 59.5   400  1219    1219    (-,-) 
  inc_u_core_add_522_42_g454__2346/Q -       A->Q  R     AND2HDX1       2 18.3   227   508    1727    (-,-) 
  inc_u_core_add_522_42_g443__5115/Q -       A->Q  R     AND3HDX1       1 35.4   392   719    2446    (-,-) 
  inc_u_core_add_522_42_g439__7098/Q -       B->Q  F     NA2HDX4        7 63.7   210   269    2714    (-,-) 
  inc_u_core_add_522_42_g401__3680/Q -       AN->Q F     NA4I3HDX1      2 22.0   339   871    3586    (-,-) 
  inc_u_core_add_522_42_g381__1881/Q -       A->Q  R     NA2HDX0        1 14.2   403   437    4023    (-,-) 
  inc_u_core_add_522_42_g361__1666/Q -       C->Q  F     ON21HDX1       1 15.2   250   327    4350    (-,-) 
  g34087__6161/Q                     -       A->Q  R     AN22HDX1       1 11.4   468   518    4868    (-,-) 
  drc_bufs34433/Q                    -       A->Q  R     BUHDX1         1 15.6   184   363    5231    (-,-) 
  g34015__5122/Q                     -       A->Q  F     NO2HDX1        1 11.2   170   138    5369    (-,-) 
  u_core_conv_count_r_reg[30]/D      -       -     F     DFRQHDX2       1    -     -     0    5369    (-,-) 
#-----------------------------------------------------------------------------------------------------------



Path 9: MET (28 ps) Setup Check with Pin u_core_u_narrow_tx_conv_count_q_reg[13]/C->D
           View: wc_view
          Group: clk_sys
     Startpoint: (R) u_core_u_narrow_tx_conv_count_q_reg[1]/C
          Clock: (R) clk_sys
       Endpoint: (F) u_core_u_narrow_tx_conv_count_q_reg[13]/D
          Clock: (R) clk_sys

                     Capture       Launch     
        Clock Edge:+    6250            0     
       Src Latency:+       0            0     
       Net Latency:+       0 (I)        0 (I) 
           Arrival:=    6250            0     
                                              
             Setup:-     580                  
       Uncertainty:-     300                  
     Required Time:=    5370                  
      Launch Clock:-       0                  
         Data Path:-    5342                  
             Slack:=      28                  

#------------------------------------------------------------------------------------------------------------------
#               Timing Point                Flags   Arc   Edge   Cell     Fanout Load Trans Delay Arrival Instance 
#                                                                                (fF)  (ps)  (ps)   (ps)  Location 
#------------------------------------------------------------------------------------------------------------------
  u_core_u_narrow_tx_conv_count_q_reg[1]/C  -       -     R     (arrival)    269    -   150     0       0    (-,-) 
  u_core_u_narrow_tx_conv_count_q_reg[1]/Q  -       C->Q  R     DFRSHDX1       3 37.8   403  1010    1010    (-,-) 
  g34210__5107/Q                            -       A->Q  F     NA2HDX2        2 30.8   229   280    1290    (-,-) 
  g34150__5115/Q                            -       B->Q  R     NO2I1HDX2      2 21.4   318   374    1663    (-,-) 
  g34067__8428/Q                            -       A->Q  R     AND2HDX2       4 36.7   220   459    2122    (-,-) 
  g33955__4733/Q                            -       A->Q  R     AND2HDX2       3 32.2   201   410    2532    (-,-) 
  g33887__2346/Q                            -       A->Q  R     AND2HDX2       3 32.2   203   403    2935    (-,-) 
  g33829__5477/Q                            -       A->Q  R     AND2HDX2       3 32.2   203   404    3338    (-,-) 
  g33796__4319/Q                            -       A->Q  R     AND2HDX2       3 32.2   203   404    3742    (-,-) 
  g33687__7482/Q                            -       A->Q  R     AND2HDX2       4 48.1   268   463    4205    (-,-) 
  g33479__6161/Q                            -       A->Q  R     NA22HDX2       3 30.8   248   474    4679    (-,-) 
  g33450__5477/Q                            -       A->Q  R     AND2HDX1       1 15.7   205   447    5126    (-,-) 
  g33420__1617/Q                            -       A->Q  F     ON21HDX1       1 11.2   213   216    5342    (-,-) 
  u_core_u_narrow_tx_conv_count_q_reg[13]/D -       -     F     DFRHDX1        1    -     -     0    5342    (-,-) 
#------------------------------------------------------------------------------------------------------------------



Path 10: MET (28 ps) Setup Check with Pin u_core_u_narrow_tx_conv_count_q_reg[12]/C->D
           View: wc_view
          Group: clk_sys
     Startpoint: (R) u_core_u_narrow_tx_conv_count_q_reg[1]/C
          Clock: (R) clk_sys
       Endpoint: (F) u_core_u_narrow_tx_conv_count_q_reg[12]/D
          Clock: (R) clk_sys

                     Capture       Launch     
        Clock Edge:+    6250            0     
       Src Latency:+       0            0     
       Net Latency:+       0 (I)        0 (I) 
           Arrival:=    6250            0     
                                              
             Setup:-     580                  
       Uncertainty:-     300                  
     Required Time:=    5370                  
      Launch Clock:-       0                  
         Data Path:-    5342                  
             Slack:=      28                  

#------------------------------------------------------------------------------------------------------------------
#               Timing Point                Flags   Arc   Edge   Cell     Fanout Load Trans Delay Arrival Instance 
#                                                                                (fF)  (ps)  (ps)   (ps)  Location 
#------------------------------------------------------------------------------------------------------------------
  u_core_u_narrow_tx_conv_count_q_reg[1]/C  -       -     R     (arrival)    269    -   150     0       0    (-,-) 
  u_core_u_narrow_tx_conv_count_q_reg[1]/Q  -       C->Q  R     DFRSHDX1       3 37.8   403  1010    1010    (-,-) 
  g34210__5107/Q                            -       A->Q  F     NA2HDX2        2 30.8   229   280    1290    (-,-) 
  g34150__5115/Q                            -       B->Q  R     NO2I1HDX2      2 21.4   318   374    1663    (-,-) 
  g34067__8428/Q                            -       A->Q  R     AND2HDX2       4 36.7   220   459    2122    (-,-) 
  g33955__4733/Q                            -       A->Q  R     AND2HDX2       3 32.2   201   410    2532    (-,-) 
  g33887__2346/Q                            -       A->Q  R     AND2HDX2       3 32.2   203   403    2935    (-,-) 
  g33829__5477/Q                            -       A->Q  R     AND2HDX2       3 32.2   203   404    3338    (-,-) 
  g33796__4319/Q                            -       A->Q  R     AND2HDX2       3 32.2   203   404    3742    (-,-) 
  g33687__7482/Q                            -       A->Q  R     AND2HDX2       4 48.1   268   463    4205    (-,-) 
  g33479__6161/Q                            -       A->Q  R     NA22HDX2       3 30.8   248   474    4679    (-,-) 
  g33449__6417/Q                            -       A->Q  R     AND2HDX1       1 15.7   204   447    5126    (-,-) 
  g33421__2802/Q                            -       A->Q  F     ON21HDX1       1 11.2   213   215    5341    (-,-) 
  u_core_u_narrow_tx_conv_count_q_reg[12]/D -       -     F     DFRHDX1        1    -     -     0    5342    (-,-) 
#------------------------------------------------------------------------------------------------------------------



Path 11: MET (28 ps) Setup Check with Pin u_core_conv_count_r_reg[29]/C->D
           View: wc_view
          Group: clk_sys
     Startpoint: (R) u_core_conv_count_r_reg[8]/C
          Clock: (R) clk_sys
       Endpoint: (F) u_core_conv_count_r_reg[29]/D
          Clock: (R) clk_sys

                     Capture       Launch     
        Clock Edge:+    6250            0     
       Src Latency:+       0            0     
       Net Latency:+       0 (I)        0 (I) 
           Arrival:=    6250            0     
                                              
             Setup:-     558                  
       Uncertainty:-     300                  
     Required Time:=    5392                  
      Launch Clock:-       0                  
         Data Path:-    5364                  
             Slack:=      28                  

#------------------------------------------------------------------------------------------------------------
#           Timing Point             Flags   Arc   Edge   Cell     Fanout  Load Trans Delay Arrival Instance 
#                                                                          (fF)  (ps)  (ps)   (ps)  Location 
#------------------------------------------------------------------------------------------------------------
  u_core_conv_count_r_reg[8]/C       -       -     R     (arrival)    269     -   150     0       0    (-,-) 
  u_core_conv_count_r_reg[8]/Q       -       C->Q  R     DFRRQHDX1      4  48.0   492  1121    1121    (-,-) 
  inc_u_core_add_522_42_g461__5477/Q -       A->Q  R     AND2HDX2       2  31.5   202   483    1604    (-,-) 
  g34837/Q                           -       A->Q  F     NA3HDX2        3  35.0   319   315    1919    (-,-) 
  inc_u_core_add_522_42_g417__2346/Q -       B->Q  R     NO4I1HDX4     16 184.9   476  1242    3161    (-,-) 
  g34906/Q                           -       D->Q  F     NA4I2HDX2      2  24.3   330   382    3543    (-,-) 
  inc_u_core_add_522_42_g378__8246/Q -       A->Q  R     NA2HDX1        1  14.2   318   352    3896    (-,-) 
  inc_u_core_add_522_42_g362__7410/Q -       C->Q  F     ON21HDX1       1  15.2   235   302    4198    (-,-) 
  g34086__4733/Q                     -       A->Q  R     AN22HDX1       1  11.4   468   512    4710    (-,-) 
  drc_bufs34432/Q                    -       A->Q  R     BUHDX0         1  15.6   353   469    5179    (-,-) 
  g34014__1705/Q                     -       A->Q  F     NO2HDX1        1  11.2   170   184    5364    (-,-) 
  u_core_conv_count_r_reg[29]/D      -       -     F     DFRQHDX2       1     -     -     0    5364    (-,-) 
#------------------------------------------------------------------------------------------------------------



Path 12: MET (31 ps) Setup Check with Pin u_core_u_fifo_count_q_reg[4]/C->D
           View: wc_view
          Group: clk_sys
     Startpoint: (R) u_core_u_fifo_count_q_reg[3]/C
          Clock: (R) clk_sys
       Endpoint: (R) u_core_u_fifo_count_q_reg[4]/D
          Clock: (R) clk_sys

                     Capture       Launch     
        Clock Edge:+    6250            0     
       Src Latency:+       0            0     
       Net Latency:+       0 (I)        0 (I) 
           Arrival:=    6250            0     
                                              
             Setup:-     275                  
       Uncertainty:-     300                  
     Required Time:=    5675                  
      Launch Clock:-       0                  
         Data Path:-    5644                  
             Slack:=      31                  

#--------------------------------------------------------------------------------------------------------
#         Timing Point           Flags    Arc   Edge   Cell     Fanout Load Trans Delay Arrival Instance 
#                                                                      (fF)  (ps)  (ps)   (ps)  Location 
#--------------------------------------------------------------------------------------------------------
  u_core_u_fifo_count_q_reg[3]/C -       -      R     (arrival)    269    -   150     0       0    (-,-) 
  u_core_u_fifo_count_q_reg[3]/Q -       C->Q   F     DFRRHDX2       1 21.5   287  1338    1338    (-,-) 
  fopt5/Q                        -       A->Q   R     INHDX2         2 21.1   161   209    1548    (-,-) 
  g31094__6161/Q                 -       A->Q   R     AND3HDX4       2 47.2   206   572    2120    (-,-) 
  g31041__5477/Q                 -       A->Q   R     AND2HDX2       2 43.4   246   447    2566    (-,-) 
  g31024__7098/Q                 -       B->Q   F     NA2I1HDX4      4 65.8   206   248    2814    (-,-) 
  g33966__5477/Q                 -       C->Q   R     NA22HDX4       7 83.0   274   311    3125    (-,-) 
  g33890__6417/Q                 -       A->Q   R     AND3HDX2       6 76.0   406   709    3834    (-,-) 
  g33861/Q                       -       A->Q   F     INHDX2         6 60.8   292   364    4198    (-,-) 
  g33759__6260/Q                 -       A->Q   R     ON22HDX1       1 11.4   531   411    4609    (-,-) 
  drc_bufs34377/Q                -       A->Q   R     BUHDX1         1 15.6   185   374    4984    (-,-) 
  g33650__1666/Q                 -       A->Q   F     NO2HDX1        1 12.2   150   144    5128    (-,-) 
  g33474__6131/Q                 -       IN1->Q R     MU2IHDX1       1 11.1   513   516    5644    (-,-) 
  u_core_u_fifo_count_q_reg[4]/D -       -      R     DFRSHDX1       1    -     -     0    5644    (-,-) 
#--------------------------------------------------------------------------------------------------------



Path 13: MET (31 ps) Setup Check with Pin u_core_conv_count_r_reg[14]/C->D
           View: wc_view
          Group: clk_sys
     Startpoint: (R) u_core_conv_count_r_reg[5]/C
          Clock: (R) clk_sys
       Endpoint: (F) u_core_conv_count_r_reg[14]/D
          Clock: (R) clk_sys

                     Capture       Launch     
        Clock Edge:+    6250            0     
       Src Latency:+       0            0     
       Net Latency:+       0 (I)        0 (I) 
           Arrival:=    6250            0     
                                              
             Setup:-     661                  
       Uncertainty:-     300                  
     Required Time:=    5289                  
      Launch Clock:-       0                  
         Data Path:-    5258                  
             Slack:=      31                  

#-----------------------------------------------------------------------------------------------------------
#           Timing Point             Flags   Arc   Edge   Cell     Fanout Load Trans Delay Arrival Instance 
#                                                                         (fF)  (ps)  (ps)   (ps)  Location 
#-----------------------------------------------------------------------------------------------------------
  u_core_conv_count_r_reg[5]/C       -       -     R     (arrival)    269    -   150     0       0    (-,-) 
  u_core_conv_count_r_reg[5]/Q       -       C->Q  R     DFRRQHDX2      4 51.9   369  1188    1188    (-,-) 
  inc_u_core_add_522_42_g462__2398/Q -       B->Q  R     AND2HDX2       2 22.9   166   412    1599    (-,-) 
  inc_u_core_add_522_42_g428__8428/Q -       AN->Q R     NO4I3HDX2      2 27.2   387   650    2250    (-,-) 
  inc_u_core_add_522_42_g427/Q       -       A->Q  R     BUHDX2         6 56.1   283   439    2689    (-,-) 
  inc_u_core_add_522_42_g420__6417/Q -       AN->Q R     NO3I2HDX1      1 18.0   458   656    3345    (-,-) 
  inc_u_core_add_522_42_g387__9945/Q -       B->Q  F     EO2HDX1        1 15.2   326   708    4053    (-,-) 
  g34100__8428/Q                     -       A->Q  R     AN22HDX1       1 11.4   464   543    4596    (-,-) 
  drc_bufs34449/Q                    -       A->Q  R     BUHDX0         1 15.6   353   469    5065    (-,-) 
  g34028__1666/Q                     -       A->Q  F     NO2HDX1        1 12.3   176   192    5258    (-,-) 
  u_core_conv_count_r_reg[14]/D      -       -     F     DFRRQHDX2      1    -     -     0    5258    (-,-) 
#-----------------------------------------------------------------------------------------------------------



Path 14: MET (34 ps) Setup Check with Pin u_core_u_fifo_count_q_reg[3]/C->D
           View: wc_view
          Group: clk_sys
     Startpoint: (R) u_core_u_fifo_count_q_reg[3]/C
          Clock: (R) clk_sys
       Endpoint: (R) u_core_u_fifo_count_q_reg[3]/D
          Clock: (R) clk_sys

                     Capture       Launch     
        Clock Edge:+    6250            0     
       Src Latency:+       0            0     
       Net Latency:+       0 (I)        0 (I) 
           Arrival:=    6250            0     
                                              
             Setup:-     321                  
       Uncertainty:-     300                  
     Required Time:=    5629                  
      Launch Clock:-       0                  
         Data Path:-    5596                  
             Slack:=      34                  

#-------------------------------------------------------------------------------------------------------
#         Timing Point           Flags   Arc   Edge   Cell     Fanout Load Trans Delay Arrival Instance 
#                                                                     (fF)  (ps)  (ps)   (ps)  Location 
#-------------------------------------------------------------------------------------------------------
  u_core_u_fifo_count_q_reg[3]/C -       -     R     (arrival)    269    -   150     0       0    (-,-) 
  u_core_u_fifo_count_q_reg[3]/Q -       C->Q  F     DFRRHDX2       1 21.5   287  1338    1338    (-,-) 
  fopt5/Q                        -       A->Q  R     INHDX2         2 21.1   161   209    1548    (-,-) 
  g31094__6161/Q                 -       A->Q  R     AND3HDX4       2 47.2   206   572    2120    (-,-) 
  g31021__1705/Q                 -       A->Q  F     NA3HDX4        5 43.4   257   269    2388    (-,-) 
  g34114__34905/Q                -       A->Q  F     AND2HDX2       3 47.4   174   503    2892    (-,-) 
  g34077/Q                       -       A->Q  R     INHDX2         2 30.3   184   205    3097    (-,-) 
  g34038__6783/Q                 -       B->Q  F     NA2HDX2        3 35.2   240   227    3324    (-,-) 
  g33889__7410/Q                 -       A->Q  F     OR2HDX2        7 65.8   235   605    3929    (-,-) 
  g33810__1705/Q                 -       A->Q  F     OR2HDX1        1 21.7   190   602    4531    (-,-) 
  g33793__6260/Q                 -       A->Q  R     NA2HDX2        3 34.0   355   338    4869    (-,-) 
  g33745/Q                       -       A->Q  F     INHDX0         1 15.7   226   276    5144    (-,-) 
  g33493__5477/Q                 -       A->Q  R     ON21HDX1       1 12.4   414   451    5596    (-,-) 
  u_core_u_fifo_count_q_reg[3]/D -       -     R     DFRRHDX2       1    -     -     0    5596    (-,-) 
#-------------------------------------------------------------------------------------------------------



Path 15: MET (41 ps) Setup Check with Pin u_core_conv_count_r_reg[31]/C->D
           View: wc_view
          Group: clk_sys
     Startpoint: (R) u_core_conv_count_r_reg[24]/C
          Clock: (R) clk_sys
       Endpoint: (F) u_core_conv_count_r_reg[31]/D
          Clock: (R) clk_sys

                     Capture       Launch     
        Clock Edge:+    6250            0     
       Src Latency:+       0            0     
       Net Latency:+       0 (I)        0 (I) 
           Arrival:=    6250            0     
                                              
             Setup:-     573                  
       Uncertainty:-     300                  
     Required Time:=    5377                  
      Launch Clock:-       0                  
         Data Path:-    5336                  
             Slack:=      41                  

#-----------------------------------------------------------------------------------------------------------
#           Timing Point             Flags   Arc   Edge   Cell     Fanout Load Trans Delay Arrival Instance 
#                                                                         (fF)  (ps)  (ps)   (ps)  Location 
#-----------------------------------------------------------------------------------------------------------
  u_core_conv_count_r_reg[24]/C      -       -     R     (arrival)    269    -   150     0       0    (-,-) 
  u_core_conv_count_r_reg[24]/Q      -       C->Q  R     DFRRQHDX2      6 58.5   396  1215    1215    (-,-) 
  inc_u_core_add_522_42_g453__2883/Q -       A->Q  R     AND2HDX1       3 40.6   413   660    1876    (-,-) 
  inc_u_core_add_522_42_g441__6131/Q -       A->Q  F     NA3HDX2        4 38.0   359   397    2273    (-,-) 
  g34828/Q                           -       BN->Q F     NA3I2HDX1      1 12.0   209   676    2948    (-,-) 
  g34836/Q                           -       BN->Q F     NA3I2HDX1      2 24.3   304   730    3678    (-,-) 
  inc_u_core_add_522_42_g377__5122/Q -       A->Q  R     NA2HDX1        1 14.2   317   342    4020    (-,-) 
  inc_u_core_add_522_42_g366__5107/Q -       C->Q  F     ON21HDX1       1 15.2   235   302    4322    (-,-) 
  g34088__9315/Q                     -       A->Q  R     AN22HDX1       1 11.4   468   512    4834    (-,-) 
  drc_bufs34445/Q                    -       A->Q  R     BUHDX1         1 15.6   184   363    5198    (-,-) 
  g34016__8246/Q                     -       A->Q  F     NO2HDX1        1 11.2   170   138    5336    (-,-) 
  u_core_conv_count_r_reg[31]/D      -       -     F     DFRQHDX1       1    -     -     0    5336    (-,-) 
#-----------------------------------------------------------------------------------------------------------



Path 16: MET (41 ps) Setup Check with Pin u_core_ovf_count_r_reg[15]/C->D
           View: wc_view
          Group: clk_sys
     Startpoint: (R) u_core_ovf_count_r_reg[5]/C
          Clock: (R) clk_sys
       Endpoint: (F) u_core_ovf_count_r_reg[15]/D
          Clock: (R) clk_sys

                     Capture       Launch     
        Clock Edge:+    6250            0     
       Src Latency:+       0            0     
       Net Latency:+       0 (I)        0 (I) 
           Arrival:=    6250            0     
                                              
             Setup:-     573                  
       Uncertainty:-     300                  
     Required Time:=    5377                  
      Launch Clock:-       0                  
         Data Path:-    5335                  
             Slack:=      41                  

#-----------------------------------------------------------------------------------------------------
#        Timing Point          Flags   Arc   Edge   Cell     Fanout Load Trans Delay Arrival Instance 
#                                                                   (fF)  (ps)  (ps)   (ps)  Location 
#-----------------------------------------------------------------------------------------------------
  u_core_ovf_count_r_reg[5]/C  -       -     R     (arrival)    269    -   150     0       0    (-,-) 
  u_core_ovf_count_r_reg[5]/Q  -       C->Q  R     DFRSQHDX1      4 49.4   499  1075    1075    (-,-) 
  g34126__9945/Q               -       B->Q  R     AND4HDX1       2 23.7   294   695    1770    (-,-) 
  g33958__9315/Q               -       B->Q  R     AND3HDX2       3 33.1   227   567    2337    (-,-) 
  g33797__8428/Q               -       A->Q  R     AND2HDX2       4 36.8   222   430    2767    (-,-) 
  g33484__1666/Q               -       A->Q  R     AND2HDX2       2 26.4   177   389    3156    (-,-) 
  g33461__3680/Q               -       A->Q  R     AND2HDX2       3 33.5   209   399    3554    (-,-) 
  g33414__3680/Q               -       A->Q  R     AND2HDX2       3 41.6   242   441    3995    (-,-) 
  g33387__7482/Q               -       A->Q  F     NA2HDX2        2 32.9   207   244    4239    (-,-) 
  g33363__2398/Q               -       A->Q  F     EN2HDX1        1 13.7   214   393    4632    (-,-) 
  g33340__1881/Q               -       B->Q  R     AN21HDX1       1 15.6   448   501    5133    (-,-) 
  g33337__7098/Q               -       A->Q  F     NO2HDX1        1 11.2   170   202    5335    (-,-) 
  u_core_ovf_count_r_reg[15]/D -       -     F     DFRQHDX1       1    -     -     0    5335    (-,-) 
#-----------------------------------------------------------------------------------------------------



Path 17: MET (60 ps) Setup Check with Pin u_core_conv_count_r_reg[26]/C->D
           View: wc_view
          Group: clk_sys
     Startpoint: (R) u_core_conv_count_r_reg[8]/C
          Clock: (R) clk_sys
       Endpoint: (F) u_core_conv_count_r_reg[26]/D
          Clock: (R) clk_sys

                     Capture       Launch     
        Clock Edge:+    6250            0     
       Src Latency:+       0            0     
       Net Latency:+       0 (I)        0 (I) 
           Arrival:=    6250            0     
                                              
             Setup:-     558                  
       Uncertainty:-     300                  
     Required Time:=    5392                  
      Launch Clock:-       0                  
         Data Path:-    5332                  
             Slack:=      60                  

#------------------------------------------------------------------------------------------------------------
#           Timing Point             Flags   Arc   Edge   Cell     Fanout  Load Trans Delay Arrival Instance 
#                                                                          (fF)  (ps)  (ps)   (ps)  Location 
#------------------------------------------------------------------------------------------------------------
  u_core_conv_count_r_reg[8]/C       -       -     R     (arrival)    269     -   150     0       0    (-,-) 
  u_core_conv_count_r_reg[8]/Q       -       C->Q  R     DFRRQHDX1      4  48.0   492  1121    1121    (-,-) 
  inc_u_core_add_522_42_g461__5477/Q -       A->Q  R     AND2HDX2       2  31.5   202   483    1604    (-,-) 
  g34837/Q                           -       A->Q  F     NA3HDX2        3  35.0   319   315    1919    (-,-) 
  inc_u_core_add_522_42_g417__2346/Q -       B->Q  R     NO4I1HDX4     16 184.9   476  1242    3161    (-,-) 
  g34829/Q                           -       C->Q  F     NA3I1HDX1      2  24.3   417   465    3626    (-,-) 
  inc_u_core_add_522_42_g376__1705/Q -       A->Q  R     NA2HDX1        1  14.2   324   386    4012    (-,-) 
  inc_u_core_add_522_42_g365__2398/Q -       C->Q  F     ON21HDX1       1  15.2   240   304    4316    (-,-) 
  g34084__5115/Q                     -       A->Q  R     AN22HDX1       1  11.4   472   514    4830    (-,-) 
  drc_bufs34435/Q                    -       A->Q  R     BUHDX1         1  15.6   184   364    5194    (-,-) 
  g34011__3680/Q                     -       A->Q  F     NO2HDX1        1  11.2   170   138    5332    (-,-) 
  u_core_conv_count_r_reg[26]/D      -       -     F     DFRQHDX2       1     -     -     0    5332    (-,-) 
#------------------------------------------------------------------------------------------------------------



Path 18: MET (65 ps) Setup Check with Pin u_core_u_fifo_count_q_reg[2]/C->D
           View: wc_view
          Group: clk_sys
     Startpoint: (R) u_core_u_fifo_count_q_reg[3]/C
          Clock: (R) clk_sys
       Endpoint: (R) u_core_u_fifo_count_q_reg[2]/D
          Clock: (R) clk_sys

                     Capture       Launch     
        Clock Edge:+    6250            0     
       Src Latency:+       0            0     
       Net Latency:+       0 (I)        0 (I) 
           Arrival:=    6250            0     
                                              
             Setup:-     278                  
       Uncertainty:-     300                  
     Required Time:=    5672                  
      Launch Clock:-       0                  
         Data Path:-    5607                  
             Slack:=      65                  

#--------------------------------------------------------------------------------------------------------
#         Timing Point           Flags    Arc   Edge   Cell     Fanout Load Trans Delay Arrival Instance 
#                                                                      (fF)  (ps)  (ps)   (ps)  Location 
#--------------------------------------------------------------------------------------------------------
  u_core_u_fifo_count_q_reg[3]/C -       -      R     (arrival)    269    -   150     0       0    (-,-) 
  u_core_u_fifo_count_q_reg[3]/Q -       C->Q   F     DFRRHDX2       1 21.5   287  1338    1338    (-,-) 
  fopt5/Q                        -       A->Q   R     INHDX2         2 21.1   161   209    1548    (-,-) 
  g31094__6161/Q                 -       A->Q   R     AND3HDX4       2 47.2   206   572    2120    (-,-) 
  g31021__1705/Q                 -       A->Q   F     NA3HDX4        5 43.4   257   269    2388    (-,-) 
  g34114__34905/Q                -       A->Q   F     AND2HDX2       3 47.4   174   503    2892    (-,-) 
  g34077/Q                       -       A->Q   R     INHDX2         2 30.3   184   205    3097    (-,-) 
  g34038__6783/Q                 -       B->Q   F     NA2HDX2        3 35.2   240   227    3324    (-,-) 
  g33889__7410/Q                 -       A->Q   F     OR2HDX2        7 65.8   235   605    3929    (-,-) 
  g33860/Q                       -       A->Q   R     INHDX0         3 35.2   732   665    4595    (-,-) 
  g33756__2398/Q                 -       A->Q   F     AN22HDX1       1 12.5   353   436    5031    (-,-) 
  g33470__1705/Q                 -       IN0->Q R     MU2IHDX1       1 11.1   515   576    5607    (-,-) 
  u_core_u_fifo_count_q_reg[2]/D -       -      R     DFRSQHDX1      1    -     -     0    5607    (-,-) 
#--------------------------------------------------------------------------------------------------------



Path 19: MET (66 ps) Setup Check with Pin u_core_u_fifo_wr_ptr_q_reg[4]/C->D
           View: wc_view
          Group: clk_sys
     Startpoint: (R) u_core_u_fifo_count_q_reg[6]/C
          Clock: (R) clk_sys
       Endpoint: (F) u_core_u_fifo_wr_ptr_q_reg[4]/D
          Clock: (R) clk_sys

                     Capture       Launch     
        Clock Edge:+    6250            0     
       Src Latency:+       0            0     
       Net Latency:+       0 (I)        0 (I) 
           Arrival:=    6250            0     
                                              
             Setup:-     648                  
       Uncertainty:-     300                  
     Required Time:=    5302                  
      Launch Clock:-       0                  
         Data Path:-    5236                  
             Slack:=      66                  

#--------------------------------------------------------------------------------------------------------
#          Timing Point           Flags   Arc   Edge   Cell     Fanout Load Trans Delay Arrival Instance 
#                                                                      (fF)  (ps)  (ps)   (ps)  Location 
#--------------------------------------------------------------------------------------------------------
  u_core_u_fifo_count_q_reg[6]/C  -       -     R     (arrival)    269    -   150     0       0    (-,-) 
  u_core_u_fifo_count_q_reg[6]/Q  -       C->Q  F     DFRRHDX2       3 60.2   429  1548    1548    (-,-) 
  g31021__1705/Q                  -       C->Q  R     NA3HDX4        5 43.5   333   455    2003    (-,-) 
  g34114__34905/Q                 -       A->Q  R     AND2HDX2       3 47.9   270   504    2507    (-,-) 
  g34039__3680/Q                  -       A->Q  F     NA2HDX2        3 29.6   199   242    2749    (-,-) 
  g33959__9945/Q                  -       B->Q  R     NO2I1HDX1      2 22.0   523   518    3268    (-,-) 
  g33886__2883/Q                  -       A->Q  R     AND2HDX0       1 20.5   455   663    3930    (-,-) 
  g33468__1617/CO                 -       A->CO R     HAHDX2         3 37.4   273   559    4489    (-,-) 
  g34597__1705/Q                  -       AN->Q R     NA2I1HDX0      1 14.0   411   446    4935    (-,-) 
  g33410__4319/Q                  -       B->Q  F     AN21HDX1       1 12.3   238   300    5235    (-,-) 
  u_core_u_fifo_wr_ptr_q_reg[4]/D -       -     F     DFRRHDX2       1    -     -     0    5236    (-,-) 
#--------------------------------------------------------------------------------------------------------



Path 20: MET (68 ps) Setup Check with Pin u_core_u_narrow_tx_conv_count_q_reg[11]/C->D
           View: wc_view
          Group: clk_sys
     Startpoint: (R) u_core_u_narrow_tx_conv_count_q_reg[1]/C
          Clock: (R) clk_sys
       Endpoint: (F) u_core_u_narrow_tx_conv_count_q_reg[11]/D
          Clock: (R) clk_sys

                     Capture       Launch     
        Clock Edge:+    6250            0     
       Src Latency:+       0            0     
       Net Latency:+       0 (I)        0 (I) 
           Arrival:=    6250            0     
                                              
             Setup:-     564                  
       Uncertainty:-     300                  
     Required Time:=    5386                  
      Launch Clock:-       0                  
         Data Path:-    5317                  
             Slack:=      68                  

#------------------------------------------------------------------------------------------------------------------
#               Timing Point                Flags   Arc   Edge   Cell     Fanout Load Trans Delay Arrival Instance 
#                                                                                (fF)  (ps)  (ps)   (ps)  Location 
#------------------------------------------------------------------------------------------------------------------
  u_core_u_narrow_tx_conv_count_q_reg[1]/C  -       -     R     (arrival)    269    -   150     0       0    (-,-) 
  u_core_u_narrow_tx_conv_count_q_reg[1]/Q  -       C->Q  R     DFRSHDX1       3 37.8   403  1010    1010    (-,-) 
  g34210__5107/Q                            -       A->Q  F     NA2HDX2        2 30.8   229   280    1290    (-,-) 
  g34150__5115/Q                            -       B->Q  R     NO2I1HDX2      2 21.4   318   374    1663    (-,-) 
  g34067__8428/Q                            -       A->Q  R     AND2HDX2       4 36.7   220   459    2122    (-,-) 
  g33955__4733/Q                            -       A->Q  R     AND2HDX2       3 32.2   201   410    2532    (-,-) 
  g33887__2346/Q                            -       A->Q  R     AND2HDX2       3 32.2   203   403    2935    (-,-) 
  g33829__5477/Q                            -       A->Q  R     AND2HDX2       3 32.2   203   404    3338    (-,-) 
  g33796__4319/Q                            -       A->Q  R     AND2HDX2       3 32.2   203   404    3742    (-,-) 
  g33687__7482/Q                            -       A->Q  R     AND2HDX2       4 48.1   268   463    4205    (-,-) 
  g33479__6161/Q                            -       A->Q  R     NA22HDX2       3 30.8   248   474    4679    (-,-) 
  g33432__7482/Q                            -       A->Q  R     NA22HDX1       1 14.2   250   387    5066    (-,-) 
  g33422__1705/Q                            -       C->Q  F     ON21HDX1       1 11.2   193   251    5317    (-,-) 
  u_core_u_narrow_tx_conv_count_q_reg[11]/D -       -     F     DFRQHDX2       1    -     -     0    5317    (-,-) 
#------------------------------------------------------------------------------------------------------------------


