============================================================
  Generated by:           Genus(TM) Synthesis Solution 22.13-s093_1
  Generated on:           Jun 09 2026  02:06:09 pm
  Module:                 mptdc_top_asic
  Operating conditions:   typ_1_80V_25C 
  Interconnect mode:      global
  Area mode:              physical library
============================================================


Path 1: VIOLATED (-522 ps) Setup Check with Pin u_core/gen_pd_row[7].gen_pd_col[7].u_pd/q1_reg/clk->d
           View: tc_view
          Group: clk_osc_fast_buf_tap7
     Startpoint: (F) u_core/u_phase_buf_slow/gen_phase_buf[7].u_drv/Q
          Clock: (F) clk_osc_slow_buf_tap7
       Endpoint: (F) u_core/gen_pd_row[7].gen_pd_col[7].u_pd/q1_reg/d
          Clock: (R) clk_osc_fast_buf_tap7

                     Capture       Launch     
        Clock Edge:+  445999       445998     
       Src Latency:+       0            0     
       Net Latency:+       0 (I)        0 (I) 
           Arrival:=  445999       445998     
                                              
             Setup:-     513                  
       Uncertainty:-      10                  
     Required Time:=  445476                  
      Launch Clock:-  445998                  
       Input Delay:-       0                  
         Data Path:-       0                  
             Slack:=    -522                  

Exceptions/Constraints:
  input_delay              0              create_clock_delay_domain_1_clk_osc_slow_buf_tap7_F_0 

#-------------------------------------------------------------------------------------------------------------------------------
#                  Timing Point                    Flags   Arc   Edge      Cell        Fanout Load Trans Delay Arrival Instance 
#                                                                                             (fF)  (ps)  (ps)   (ps)  Location 
#-------------------------------------------------------------------------------------------------------------------------------
  u_core/u_phase_buf_slow/gen_phase_buf[7].u_drv/Q (b,u)   -     F     (arrival)            9 82.9     0     0  445998    (-,-) 
  u_core/gen_pd_row[7].gen_pd_col[7].u_pd/q1_reg/d -       -     F     unmapped_d_flop      9    -     -     0  445998    (-,-) 
#-------------------------------------------------------------------------------------------------------------------------------

(u) : Net has unmapped pin(s).
(b) : Timing paths are broken.



Path 2: VIOLATED (-522 ps) Setup Check with Pin u_core/gen_pd_row[7].gen_pd_col[6].u_pd/q1_reg/clk->d
           View: tc_view
          Group: clk_osc_fast_buf_tap6
     Startpoint: (F) u_core/u_phase_buf_slow/gen_phase_buf[7].u_drv/Q
          Clock: (F) clk_osc_slow_buf_tap7
       Endpoint: (F) u_core/gen_pd_row[7].gen_pd_col[6].u_pd/q1_reg/d
          Clock: (R) clk_osc_fast_buf_tap6

                      Capture       Launch     
        Clock Edge:+  1348329      1348328     
       Src Latency:+        0            0     
       Net Latency:+        0 (I)        0 (I) 
           Arrival:=  1348329      1348328     
                                               
             Setup:-      513                  
       Uncertainty:-       10                  
     Required Time:=  1347806                  
      Launch Clock:-  1348328                  
       Input Delay:-        0                  
         Data Path:-        0                  
             Slack:=     -522                  

Exceptions/Constraints:
  input_delay              0              create_clock_delay_domain_1_clk_osc_slow_buf_tap7_F_0 

#-------------------------------------------------------------------------------------------------------------------------------
#                  Timing Point                    Flags   Arc   Edge      Cell        Fanout Load Trans Delay Arrival Instance 
#                                                                                             (fF)  (ps)  (ps)   (ps)  Location 
#-------------------------------------------------------------------------------------------------------------------------------
  u_core/u_phase_buf_slow/gen_phase_buf[7].u_drv/Q (b,u)   -     F     (arrival)            9 82.9     0     0 1348328    (-,-) 
  u_core/gen_pd_row[7].gen_pd_col[6].u_pd/q1_reg/d -       -     F     unmapped_d_flop      9    -     -     0 1348328    (-,-) 
#-------------------------------------------------------------------------------------------------------------------------------

(u) : Net has unmapped pin(s).
(b) : Timing paths are broken.



Path 3: VIOLATED (-522 ps) Setup Check with Pin u_core/gen_pd_row[7].gen_pd_col[5].u_pd/q1_reg/clk->d
           View: tc_view
          Group: clk_osc_fast_buf_tap5
     Startpoint: (F) u_core/u_phase_buf_slow/gen_phase_buf[7].u_drv/Q
          Clock: (F) clk_osc_slow_buf_tap7
       Endpoint: (F) u_core/gen_pd_row[7].gen_pd_col[5].u_pd/q1_reg/d
          Clock: (R) clk_osc_fast_buf_tap5

                     Capture       Launch     
        Clock Edge:+  344469       344468     
       Src Latency:+       0            0     
       Net Latency:+       0 (I)        0 (I) 
           Arrival:=  344469       344468     
                                              
             Setup:-     513                  
       Uncertainty:-      10                  
     Required Time:=  343946                  
      Launch Clock:-  344468                  
       Input Delay:-       0                  
         Data Path:-       0                  
             Slack:=    -522                  

Exceptions/Constraints:
  input_delay              0              create_clock_delay_domain_1_clk_osc_slow_buf_tap7_F_0 

#-------------------------------------------------------------------------------------------------------------------------------
#                  Timing Point                    Flags   Arc   Edge      Cell        Fanout Load Trans Delay Arrival Instance 
#                                                                                             (fF)  (ps)  (ps)   (ps)  Location 
#-------------------------------------------------------------------------------------------------------------------------------
  u_core/u_phase_buf_slow/gen_phase_buf[7].u_drv/Q (b,u)   -     F     (arrival)            9 82.9     0     0  344468    (-,-) 
  u_core/gen_pd_row[7].gen_pd_col[5].u_pd/q1_reg/d -       -     F     unmapped_d_flop      9    -     -     0  344468    (-,-) 
#-------------------------------------------------------------------------------------------------------------------------------

(u) : Net has unmapped pin(s).
(b) : Timing paths are broken.



Path 4: VIOLATED (-522 ps) Setup Check with Pin u_core/gen_pd_row[7].gen_pd_col[4].u_pd/q1_reg/clk->d
           View: tc_view
          Group: clk_osc_fast_buf_tap4
     Startpoint: (F) u_core/u_phase_buf_slow/gen_phase_buf[7].u_drv/Q
          Clock: (F) clk_osc_slow_buf_tap7
       Endpoint: (F) u_core/gen_pd_row[7].gen_pd_col[4].u_pd/q1_reg/d
          Clock: (R) clk_osc_fast_buf_tap4

                      Capture       Launch     
        Clock Edge:+  1246799      1246798     
       Src Latency:+        0            0     
       Net Latency:+        0 (I)        0 (I) 
           Arrival:=  1246799      1246798     
                                               
             Setup:-      513                  
       Uncertainty:-       10                  
     Required Time:=  1246276                  
      Launch Clock:-  1246798                  
       Input Delay:-        0                  
         Data Path:-        0                  
             Slack:=     -522                  

Exceptions/Constraints:
  input_delay              0              create_clock_delay_domain_1_clk_osc_slow_buf_tap7_F_0 

#-------------------------------------------------------------------------------------------------------------------------------
#                  Timing Point                    Flags   Arc   Edge      Cell        Fanout Load Trans Delay Arrival Instance 
#                                                                                             (fF)  (ps)  (ps)   (ps)  Location 
#-------------------------------------------------------------------------------------------------------------------------------
  u_core/u_phase_buf_slow/gen_phase_buf[7].u_drv/Q (b,u)   -     F     (arrival)            9 82.9     0     0 1246798    (-,-) 
  u_core/gen_pd_row[7].gen_pd_col[4].u_pd/q1_reg/d -       -     F     unmapped_d_flop      9    -     -     0 1246798    (-,-) 
#-------------------------------------------------------------------------------------------------------------------------------

(u) : Net has unmapped pin(s).
(b) : Timing paths are broken.



Path 5: VIOLATED (-522 ps) Setup Check with Pin u_core/gen_pd_row[7].gen_pd_col[3].u_pd/q1_reg/clk->d
           View: tc_view
          Group: clk_osc_fast_buf_tap3
     Startpoint: (F) u_core/u_phase_buf_slow/gen_phase_buf[7].u_drv/Q
          Clock: (F) clk_osc_slow_buf_tap7
       Endpoint: (F) u_core/gen_pd_row[7].gen_pd_col[3].u_pd/q1_reg/d
          Clock: (R) clk_osc_fast_buf_tap3

                     Capture       Launch     
        Clock Edge:+  242939       242938     
       Src Latency:+       0            0     
       Net Latency:+       0 (I)        0 (I) 
           Arrival:=  242939       242938     
                                              
             Setup:-     513                  
       Uncertainty:-      10                  
     Required Time:=  242416                  
      Launch Clock:-  242938                  
       Input Delay:-       0                  
         Data Path:-       0                  
             Slack:=    -522                  

Exceptions/Constraints:
  input_delay              0              create_clock_delay_domain_1_clk_osc_slow_buf_tap7_F_0 

#-------------------------------------------------------------------------------------------------------------------------------
#                  Timing Point                    Flags   Arc   Edge      Cell        Fanout Load Trans Delay Arrival Instance 
#                                                                                             (fF)  (ps)  (ps)   (ps)  Location 
#-------------------------------------------------------------------------------------------------------------------------------
  u_core/u_phase_buf_slow/gen_phase_buf[7].u_drv/Q (b,u)   -     F     (arrival)            9 82.9     0     0  242938    (-,-) 
  u_core/gen_pd_row[7].gen_pd_col[3].u_pd/q1_reg/d -       -     F     unmapped_d_flop      9    -     -     0  242938    (-,-) 
#-------------------------------------------------------------------------------------------------------------------------------

(u) : Net has unmapped pin(s).
(b) : Timing paths are broken.



Path 6: VIOLATED (-522 ps) Setup Check with Pin u_core/gen_pd_row[7].gen_pd_col[2].u_pd/q1_reg/clk->d
           View: tc_view
          Group: clk_osc_fast_buf_tap2
     Startpoint: (F) u_core/u_phase_buf_slow/gen_phase_buf[7].u_drv/Q
          Clock: (F) clk_osc_slow_buf_tap7
       Endpoint: (F) u_core/gen_pd_row[7].gen_pd_col[2].u_pd/q1_reg/d
          Clock: (R) clk_osc_fast_buf_tap2

                      Capture       Launch     
        Clock Edge:+  1145269      1145268     
       Src Latency:+        0            0     
       Net Latency:+        0 (I)        0 (I) 
           Arrival:=  1145269      1145268     
                                               
             Setup:-      513                  
       Uncertainty:-       10                  
     Required Time:=  1144746                  
      Launch Clock:-  1145268                  
       Input Delay:-        0                  
         Data Path:-        0                  
             Slack:=     -522                  

Exceptions/Constraints:
  input_delay              0              create_clock_delay_domain_1_clk_osc_slow_buf_tap7_F_0 

#-------------------------------------------------------------------------------------------------------------------------------
#                  Timing Point                    Flags   Arc   Edge      Cell        Fanout Load Trans Delay Arrival Instance 
#                                                                                             (fF)  (ps)  (ps)   (ps)  Location 
#-------------------------------------------------------------------------------------------------------------------------------
  u_core/u_phase_buf_slow/gen_phase_buf[7].u_drv/Q (b,u)   -     F     (arrival)            9 82.9     0     0 1145268    (-,-) 
  u_core/gen_pd_row[7].gen_pd_col[2].u_pd/q1_reg/d -       -     F     unmapped_d_flop      9    -     -     0 1145268    (-,-) 
#-------------------------------------------------------------------------------------------------------------------------------

(u) : Net has unmapped pin(s).
(b) : Timing paths are broken.



Path 7: VIOLATED (-522 ps) Setup Check with Pin u_core/gen_pd_row[7].gen_pd_col[1].u_pd/q1_reg/clk->d
           View: tc_view
          Group: clk_osc_fast_buf_tap1
     Startpoint: (F) u_core/u_phase_buf_slow/gen_phase_buf[7].u_drv/Q
          Clock: (F) clk_osc_slow_buf_tap7
       Endpoint: (F) u_core/gen_pd_row[7].gen_pd_col[1].u_pd/q1_reg/d
          Clock: (R) clk_osc_fast_buf_tap1

                     Capture       Launch     
        Clock Edge:+  141409       141408     
       Src Latency:+       0            0     
       Net Latency:+       0 (I)        0 (I) 
           Arrival:=  141409       141408     
                                              
             Setup:-     513                  
       Uncertainty:-      10                  
     Required Time:=  140886                  
      Launch Clock:-  141408                  
       Input Delay:-       0                  
         Data Path:-       0                  
             Slack:=    -522                  

Exceptions/Constraints:
  input_delay              0              create_clock_delay_domain_1_clk_osc_slow_buf_tap7_F_0 

#-------------------------------------------------------------------------------------------------------------------------------
#                  Timing Point                    Flags   Arc   Edge      Cell        Fanout Load Trans Delay Arrival Instance 
#                                                                                             (fF)  (ps)  (ps)   (ps)  Location 
#-------------------------------------------------------------------------------------------------------------------------------
  u_core/u_phase_buf_slow/gen_phase_buf[7].u_drv/Q (b,u)   -     F     (arrival)            9 82.9     0     0  141408    (-,-) 
  u_core/gen_pd_row[7].gen_pd_col[1].u_pd/q1_reg/d -       -     F     unmapped_d_flop      9    -     -     0  141408    (-,-) 
#-------------------------------------------------------------------------------------------------------------------------------

(u) : Net has unmapped pin(s).
(b) : Timing paths are broken.



Path 8: VIOLATED (-522 ps) Setup Check with Pin u_core/gen_pd_row[7].gen_pd_col[0].u_pd/q1_reg/clk->d
           View: tc_view
          Group: clk_osc_fast_buf_tap0
     Startpoint: (F) u_core/u_phase_buf_slow/gen_phase_buf[7].u_drv/Q
          Clock: (F) clk_osc_slow_buf_tap7
       Endpoint: (F) u_core/gen_pd_row[7].gen_pd_col[0].u_pd/q1_reg/d
          Clock: (R) clk_osc_fast_buf_tap0

                      Capture       Launch     
        Clock Edge:+  1043739      1043738     
       Src Latency:+        0            0     
       Net Latency:+        0 (I)        0 (I) 
           Arrival:=  1043739      1043738     
                                               
             Setup:-      513                  
       Uncertainty:-       10                  
     Required Time:=  1043216                  
      Launch Clock:-  1043738                  
       Input Delay:-        0                  
         Data Path:-        0                  
             Slack:=     -522                  

Exceptions/Constraints:
  input_delay              0              create_clock_delay_domain_1_clk_osc_slow_buf_tap7_F_0 

#-------------------------------------------------------------------------------------------------------------------------------
#                  Timing Point                    Flags   Arc   Edge      Cell        Fanout Load Trans Delay Arrival Instance 
#                                                                                             (fF)  (ps)  (ps)   (ps)  Location 
#-------------------------------------------------------------------------------------------------------------------------------
  u_core/u_phase_buf_slow/gen_phase_buf[7].u_drv/Q (b,u)   -     F     (arrival)            9 82.9     0     0 1043738    (-,-) 
  u_core/gen_pd_row[7].gen_pd_col[0].u_pd/q1_reg/d -       -     F     unmapped_d_flop      9    -     -     0 1043738    (-,-) 
#-------------------------------------------------------------------------------------------------------------------------------

(u) : Net has unmapped pin(s).
(b) : Timing paths are broken.



Path 9: VIOLATED (-522 ps) Setup Check with Pin u_core/gen_pd_row[6].gen_pd_col[7].u_pd/q1_reg/clk->d
           View: tc_view
          Group: clk_osc_fast_buf_tap7
     Startpoint: (R) u_core/u_phase_buf_slow/gen_phase_buf[6].u_drv/Q
          Clock: (R) clk_osc_slow_buf_tap6
       Endpoint: (R) u_core/gen_pd_row[6].gen_pd_col[7].u_pd/q1_reg/d
          Clock: (R) clk_osc_fast_buf_tap7

                     Capture       Launch     
        Clock Edge:+  928545       928544     
       Src Latency:+       0            0     
       Net Latency:+       0 (I)        0 (I) 
           Arrival:=  928545       928544     
                                              
             Setup:-     513                  
       Uncertainty:-      10                  
     Required Time:=  928022                  
      Launch Clock:-  928544                  
       Input Delay:-       0                  
         Data Path:-       0                  
             Slack:=    -522                  

Exceptions/Constraints:
  input_delay              0              create_clock_delay_domain_1_clk_osc_slow_buf_tap6_R_0 

#-------------------------------------------------------------------------------------------------------------------------------
#                  Timing Point                    Flags   Arc   Edge      Cell        Fanout Load Trans Delay Arrival Instance 
#                                                                                             (fF)  (ps)  (ps)   (ps)  Location 
#-------------------------------------------------------------------------------------------------------------------------------
  u_core/u_phase_buf_slow/gen_phase_buf[6].u_drv/Q (b,u)   -     R     (arrival)            8 72.1     0     0  928544    (-,-) 
  u_core/gen_pd_row[6].gen_pd_col[7].u_pd/q1_reg/d -       -     R     unmapped_d_flop      8    -     -     0  928544    (-,-) 
#-------------------------------------------------------------------------------------------------------------------------------

(u) : Net has unmapped pin(s).
(b) : Timing paths are broken.



Path 10: VIOLATED (-522 ps) Setup Check with Pin u_core/gen_pd_row[6].gen_pd_col[6].u_pd/q1_reg/clk->d
           View: tc_view
          Group: clk_osc_fast_buf_tap6
     Startpoint: (R) u_core/u_phase_buf_slow/gen_phase_buf[6].u_drv/Q
          Clock: (R) clk_osc_slow_buf_tap6
       Endpoint: (R) u_core/gen_pd_row[6].gen_pd_col[6].u_pd/q1_reg/d
          Clock: (R) clk_osc_fast_buf_tap6

                      Capture       Launch     
        Clock Edge:+  1830875      1830874     
       Src Latency:+        0            0     
       Net Latency:+        0 (I)        0 (I) 
           Arrival:=  1830875      1830874     
                                               
             Setup:-      513                  
       Uncertainty:-       10                  
     Required Time:=  1830352                  
      Launch Clock:-  1830874                  
       Input Delay:-        0                  
         Data Path:-        0                  
             Slack:=     -522                  

Exceptions/Constraints:
  input_delay              0              create_clock_delay_domain_1_clk_osc_slow_buf_tap6_R_0 

#-------------------------------------------------------------------------------------------------------------------------------
#                  Timing Point                    Flags   Arc   Edge      Cell        Fanout Load Trans Delay Arrival Instance 
#                                                                                             (fF)  (ps)  (ps)   (ps)  Location 
#-------------------------------------------------------------------------------------------------------------------------------
  u_core/u_phase_buf_slow/gen_phase_buf[6].u_drv/Q (b,u)   -     R     (arrival)            8 72.1     0     0 1830874    (-,-) 
  u_core/gen_pd_row[6].gen_pd_col[6].u_pd/q1_reg/d -       -     R     unmapped_d_flop      8    -     -     0 1830874    (-,-) 
#-------------------------------------------------------------------------------------------------------------------------------

(u) : Net has unmapped pin(s).
(b) : Timing paths are broken.



Path 11: VIOLATED (-522 ps) Setup Check with Pin u_core/gen_pd_row[6].gen_pd_col[5].u_pd/q1_reg/clk->d
           View: tc_view
          Group: clk_osc_fast_buf_tap5
     Startpoint: (R) u_core/u_phase_buf_slow/gen_phase_buf[6].u_drv/Q
          Clock: (R) clk_osc_slow_buf_tap6
       Endpoint: (R) u_core/gen_pd_row[6].gen_pd_col[5].u_pd/q1_reg/d
          Clock: (R) clk_osc_fast_buf_tap5

                     Capture       Launch     
        Clock Edge:+  827015       827014     
       Src Latency:+       0            0     
       Net Latency:+       0 (I)        0 (I) 
           Arrival:=  827015       827014     
                                              
             Setup:-     513                  
       Uncertainty:-      10                  
     Required Time:=  826492                  
      Launch Clock:-  827014                  
       Input Delay:-       0                  
         Data Path:-       0                  
             Slack:=    -522                  

Exceptions/Constraints:
  input_delay              0              create_clock_delay_domain_1_clk_osc_slow_buf_tap6_R_0 

#-------------------------------------------------------------------------------------------------------------------------------
#                  Timing Point                    Flags   Arc   Edge      Cell        Fanout Load Trans Delay Arrival Instance 
#                                                                                             (fF)  (ps)  (ps)   (ps)  Location 
#-------------------------------------------------------------------------------------------------------------------------------
  u_core/u_phase_buf_slow/gen_phase_buf[6].u_drv/Q (b,u)   -     R     (arrival)            8 72.1     0     0  827014    (-,-) 
  u_core/gen_pd_row[6].gen_pd_col[5].u_pd/q1_reg/d -       -     R     unmapped_d_flop      8    -     -     0  827014    (-,-) 
#-------------------------------------------------------------------------------------------------------------------------------

(u) : Net has unmapped pin(s).
(b) : Timing paths are broken.



Path 12: VIOLATED (-522 ps) Setup Check with Pin u_core/gen_pd_row[6].gen_pd_col[4].u_pd/q1_reg/clk->d
           View: tc_view
          Group: clk_osc_fast_buf_tap4
     Startpoint: (R) u_core/u_phase_buf_slow/gen_phase_buf[6].u_drv/Q
          Clock: (R) clk_osc_slow_buf_tap6
       Endpoint: (R) u_core/gen_pd_row[6].gen_pd_col[4].u_pd/q1_reg/d
          Clock: (R) clk_osc_fast_buf_tap4

                      Capture       Launch     
        Clock Edge:+  1729345      1729344     
       Src Latency:+        0            0     
       Net Latency:+        0 (I)        0 (I) 
           Arrival:=  1729345      1729344     
                                               
             Setup:-      513                  
       Uncertainty:-       10                  
     Required Time:=  1728822                  
      Launch Clock:-  1729344                  
       Input Delay:-        0                  
         Data Path:-        0                  
             Slack:=     -522                  

Exceptions/Constraints:
  input_delay              0              create_clock_delay_domain_1_clk_osc_slow_buf_tap6_R_0 

#-------------------------------------------------------------------------------------------------------------------------------
#                  Timing Point                    Flags   Arc   Edge      Cell        Fanout Load Trans Delay Arrival Instance 
#                                                                                             (fF)  (ps)  (ps)   (ps)  Location 
#-------------------------------------------------------------------------------------------------------------------------------
  u_core/u_phase_buf_slow/gen_phase_buf[6].u_drv/Q (b,u)   -     R     (arrival)            8 72.1     0     0 1729344    (-,-) 
  u_core/gen_pd_row[6].gen_pd_col[4].u_pd/q1_reg/d -       -     R     unmapped_d_flop      8    -     -     0 1729344    (-,-) 
#-------------------------------------------------------------------------------------------------------------------------------

(u) : Net has unmapped pin(s).
(b) : Timing paths are broken.



Path 13: VIOLATED (-522 ps) Setup Check with Pin u_core/gen_pd_row[6].gen_pd_col[3].u_pd/q1_reg/clk->d
           View: tc_view
          Group: clk_osc_fast_buf_tap3
     Startpoint: (R) u_core/u_phase_buf_slow/gen_phase_buf[6].u_drv/Q
          Clock: (R) clk_osc_slow_buf_tap6
       Endpoint: (R) u_core/gen_pd_row[6].gen_pd_col[3].u_pd/q1_reg/d
          Clock: (R) clk_osc_fast_buf_tap3

                     Capture       Launch     
        Clock Edge:+  725485       725484     
       Src Latency:+       0            0     
       Net Latency:+       0 (I)        0 (I) 
           Arrival:=  725485       725484     
                                              
             Setup:-     513                  
       Uncertainty:-      10                  
     Required Time:=  724962                  
      Launch Clock:-  725484                  
       Input Delay:-       0                  
         Data Path:-       0                  
             Slack:=    -522                  

Exceptions/Constraints:
  input_delay              0              create_clock_delay_domain_1_clk_osc_slow_buf_tap6_R_0 

#-------------------------------------------------------------------------------------------------------------------------------
#                  Timing Point                    Flags   Arc   Edge      Cell        Fanout Load Trans Delay Arrival Instance 
#                                                                                             (fF)  (ps)  (ps)   (ps)  Location 
#-------------------------------------------------------------------------------------------------------------------------------
  u_core/u_phase_buf_slow/gen_phase_buf[6].u_drv/Q (b,u)   -     R     (arrival)            8 72.1     0     0  725484    (-,-) 
  u_core/gen_pd_row[6].gen_pd_col[3].u_pd/q1_reg/d -       -     R     unmapped_d_flop      8    -     -     0  725484    (-,-) 
#-------------------------------------------------------------------------------------------------------------------------------

(u) : Net has unmapped pin(s).
(b) : Timing paths are broken.



Path 14: VIOLATED (-522 ps) Setup Check with Pin u_core/gen_pd_row[6].gen_pd_col[2].u_pd/q1_reg/clk->d
           View: tc_view
          Group: clk_osc_fast_buf_tap2
     Startpoint: (R) u_core/u_phase_buf_slow/gen_phase_buf[6].u_drv/Q
          Clock: (R) clk_osc_slow_buf_tap6
       Endpoint: (R) u_core/gen_pd_row[6].gen_pd_col[2].u_pd/q1_reg/d
          Clock: (R) clk_osc_fast_buf_tap2

                      Capture       Launch     
        Clock Edge:+  1627815      1627814     
       Src Latency:+        0            0     
       Net Latency:+        0 (I)        0 (I) 
           Arrival:=  1627815      1627814     
                                               
             Setup:-      513                  
       Uncertainty:-       10                  
     Required Time:=  1627292                  
      Launch Clock:-  1627814                  
       Input Delay:-        0                  
         Data Path:-        0                  
             Slack:=     -522                  

Exceptions/Constraints:
  input_delay              0              create_clock_delay_domain_1_clk_osc_slow_buf_tap6_R_0 

#-------------------------------------------------------------------------------------------------------------------------------
#                  Timing Point                    Flags   Arc   Edge      Cell        Fanout Load Trans Delay Arrival Instance 
#                                                                                             (fF)  (ps)  (ps)   (ps)  Location 
#-------------------------------------------------------------------------------------------------------------------------------
  u_core/u_phase_buf_slow/gen_phase_buf[6].u_drv/Q (b,u)   -     R     (arrival)            8 72.1     0     0 1627814    (-,-) 
  u_core/gen_pd_row[6].gen_pd_col[2].u_pd/q1_reg/d -       -     R     unmapped_d_flop      8    -     -     0 1627814    (-,-) 
#-------------------------------------------------------------------------------------------------------------------------------

(u) : Net has unmapped pin(s).
(b) : Timing paths are broken.



Path 15: VIOLATED (-522 ps) Setup Check with Pin u_core/gen_pd_row[6].gen_pd_col[1].u_pd/q1_reg/clk->d
           View: tc_view
          Group: clk_osc_fast_buf_tap1
     Startpoint: (R) u_core/u_phase_buf_slow/gen_phase_buf[6].u_drv/Q
          Clock: (R) clk_osc_slow_buf_tap6
       Endpoint: (R) u_core/gen_pd_row[6].gen_pd_col[1].u_pd/q1_reg/d
          Clock: (R) clk_osc_fast_buf_tap1

                     Capture       Launch     
        Clock Edge:+  623955       623954     
       Src Latency:+       0            0     
       Net Latency:+       0 (I)        0 (I) 
           Arrival:=  623955       623954     
                                              
             Setup:-     513                  
       Uncertainty:-      10                  
     Required Time:=  623432                  
      Launch Clock:-  623954                  
       Input Delay:-       0                  
         Data Path:-       0                  
             Slack:=    -522                  

Exceptions/Constraints:
  input_delay              0              create_clock_delay_domain_1_clk_osc_slow_buf_tap6_R_0 

#-------------------------------------------------------------------------------------------------------------------------------
#                  Timing Point                    Flags   Arc   Edge      Cell        Fanout Load Trans Delay Arrival Instance 
#                                                                                             (fF)  (ps)  (ps)   (ps)  Location 
#-------------------------------------------------------------------------------------------------------------------------------
  u_core/u_phase_buf_slow/gen_phase_buf[6].u_drv/Q (b,u)   -     R     (arrival)            8 72.1     0     0  623954    (-,-) 
  u_core/gen_pd_row[6].gen_pd_col[1].u_pd/q1_reg/d -       -     R     unmapped_d_flop      8    -     -     0  623954    (-,-) 
#-------------------------------------------------------------------------------------------------------------------------------

(u) : Net has unmapped pin(s).
(b) : Timing paths are broken.



Path 16: VIOLATED (-522 ps) Setup Check with Pin u_core/gen_pd_row[6].gen_pd_col[0].u_pd/q1_reg/clk->d
           View: tc_view
          Group: clk_osc_fast_buf_tap0
     Startpoint: (R) u_core/u_phase_buf_slow/gen_phase_buf[6].u_drv/Q
          Clock: (R) clk_osc_slow_buf_tap6
       Endpoint: (R) u_core/gen_pd_row[6].gen_pd_col[0].u_pd/q1_reg/d
          Clock: (R) clk_osc_fast_buf_tap0

                      Capture       Launch     
        Clock Edge:+  1526285      1526284     
       Src Latency:+        0            0     
       Net Latency:+        0 (I)        0 (I) 
           Arrival:=  1526285      1526284     
                                               
             Setup:-      513                  
       Uncertainty:-       10                  
     Required Time:=  1525762                  
      Launch Clock:-  1526284                  
       Input Delay:-        0                  
         Data Path:-        0                  
             Slack:=     -522                  

Exceptions/Constraints:
  input_delay              0              create_clock_delay_domain_1_clk_osc_slow_buf_tap6_R_0 

#-------------------------------------------------------------------------------------------------------------------------------
#                  Timing Point                    Flags   Arc   Edge      Cell        Fanout Load Trans Delay Arrival Instance 
#                                                                                             (fF)  (ps)  (ps)   (ps)  Location 
#-------------------------------------------------------------------------------------------------------------------------------
  u_core/u_phase_buf_slow/gen_phase_buf[6].u_drv/Q (b,u)   -     R     (arrival)            8 72.1     0     0 1526284    (-,-) 
  u_core/gen_pd_row[6].gen_pd_col[0].u_pd/q1_reg/d -       -     R     unmapped_d_flop      8    -     -     0 1526284    (-,-) 
#-------------------------------------------------------------------------------------------------------------------------------

(u) : Net has unmapped pin(s).
(b) : Timing paths are broken.



Path 17: VIOLATED (-522 ps) Setup Check with Pin u_core/gen_pd_row[5].gen_pd_col[7].u_pd/q1_reg/clk->d
           View: tc_view
          Group: clk_osc_fast_buf_tap7
     Startpoint: (R) u_core/u_phase_buf_slow/gen_phase_buf[5].u_drv/Q
          Clock: (R) clk_osc_slow_buf_tap5
       Endpoint: (R) u_core/gen_pd_row[5].gen_pd_col[7].u_pd/q1_reg/d
          Clock: (R) clk_osc_fast_buf_tap7

                     Capture       Launch     
        Clock Edge:+  457996       457995     
       Src Latency:+       0            0     
       Net Latency:+       0 (I)        0 (I) 
           Arrival:=  457996       457995     
                                              
             Setup:-     513                  
       Uncertainty:-      10                  
     Required Time:=  457473                  
      Launch Clock:-  457995                  
       Input Delay:-       0                  
         Data Path:-       0                  
             Slack:=    -522                  

Exceptions/Constraints:
  input_delay              0              create_clock_delay_domain_1_clk_osc_slow_buf_tap5_R_0 

#-------------------------------------------------------------------------------------------------------------------------------
#                  Timing Point                    Flags   Arc   Edge      Cell        Fanout Load Trans Delay Arrival Instance 
#                                                                                             (fF)  (ps)  (ps)   (ps)  Location 
#-------------------------------------------------------------------------------------------------------------------------------
  u_core/u_phase_buf_slow/gen_phase_buf[5].u_drv/Q (b,u)   -     R     (arrival)            9 81.1     0     0  457995    (-,-) 
  u_core/gen_pd_row[5].gen_pd_col[7].u_pd/q1_reg/d -       -     R     unmapped_d_flop      9    -     -     0  457995    (-,-) 
#-------------------------------------------------------------------------------------------------------------------------------

(u) : Net has unmapped pin(s).
(b) : Timing paths are broken.



Path 18: VIOLATED (-522 ps) Setup Check with Pin u_core/gen_pd_row[5].gen_pd_col[6].u_pd/q1_reg/clk->d
           View: tc_view
          Group: clk_osc_fast_buf_tap6
     Startpoint: (R) u_core/u_phase_buf_slow/gen_phase_buf[5].u_drv/Q
          Clock: (R) clk_osc_slow_buf_tap5
       Endpoint: (R) u_core/gen_pd_row[5].gen_pd_col[6].u_pd/q1_reg/d
          Clock: (R) clk_osc_fast_buf_tap6

                      Capture       Launch     
        Clock Edge:+  1360326      1360325     
       Src Latency:+        0            0     
       Net Latency:+        0 (I)        0 (I) 
           Arrival:=  1360326      1360325     
                                               
             Setup:-      513                  
       Uncertainty:-       10                  
     Required Time:=  1359803                  
      Launch Clock:-  1360325                  
       Input Delay:-        0                  
         Data Path:-        0                  
             Slack:=     -522                  

Exceptions/Constraints:
  input_delay              0              create_clock_delay_domain_1_clk_osc_slow_buf_tap5_R_0 

#-------------------------------------------------------------------------------------------------------------------------------
#                  Timing Point                    Flags   Arc   Edge      Cell        Fanout Load Trans Delay Arrival Instance 
#                                                                                             (fF)  (ps)  (ps)   (ps)  Location 
#-------------------------------------------------------------------------------------------------------------------------------
  u_core/u_phase_buf_slow/gen_phase_buf[5].u_drv/Q (b,u)   -     R     (arrival)            9 81.1     0     0 1360325    (-,-) 
  u_core/gen_pd_row[5].gen_pd_col[6].u_pd/q1_reg/d -       -     R     unmapped_d_flop      9    -     -     0 1360325    (-,-) 
#-------------------------------------------------------------------------------------------------------------------------------

(u) : Net has unmapped pin(s).
(b) : Timing paths are broken.



Path 19: VIOLATED (-522 ps) Setup Check with Pin u_core/gen_pd_row[5].gen_pd_col[5].u_pd/q1_reg/clk->d
           View: tc_view
          Group: clk_osc_fast_buf_tap5
     Startpoint: (R) u_core/u_phase_buf_slow/gen_phase_buf[5].u_drv/Q
          Clock: (R) clk_osc_slow_buf_tap5
       Endpoint: (R) u_core/gen_pd_row[5].gen_pd_col[5].u_pd/q1_reg/d
          Clock: (R) clk_osc_fast_buf_tap5

                     Capture       Launch     
        Clock Edge:+  356466       356465     
       Src Latency:+       0            0     
       Net Latency:+       0 (I)        0 (I) 
           Arrival:=  356466       356465     
                                              
             Setup:-     513                  
       Uncertainty:-      10                  
     Required Time:=  355943                  
      Launch Clock:-  356465                  
       Input Delay:-       0                  
         Data Path:-       0                  
             Slack:=    -522                  

Exceptions/Constraints:
  input_delay              0              create_clock_delay_domain_1_clk_osc_slow_buf_tap5_R_0 

#-------------------------------------------------------------------------------------------------------------------------------
#                  Timing Point                    Flags   Arc   Edge      Cell        Fanout Load Trans Delay Arrival Instance 
#                                                                                             (fF)  (ps)  (ps)   (ps)  Location 
#-------------------------------------------------------------------------------------------------------------------------------
  u_core/u_phase_buf_slow/gen_phase_buf[5].u_drv/Q (b,u)   -     R     (arrival)            9 81.1     0     0  356465    (-,-) 
  u_core/gen_pd_row[5].gen_pd_col[5].u_pd/q1_reg/d -       -     R     unmapped_d_flop      9    -     -     0  356465    (-,-) 
#-------------------------------------------------------------------------------------------------------------------------------

(u) : Net has unmapped pin(s).
(b) : Timing paths are broken.



Path 20: VIOLATED (-522 ps) Setup Check with Pin u_core/gen_pd_row[5].gen_pd_col[4].u_pd/q1_reg/clk->d
           View: tc_view
          Group: clk_osc_fast_buf_tap4
     Startpoint: (R) u_core/u_phase_buf_slow/gen_phase_buf[5].u_drv/Q
          Clock: (R) clk_osc_slow_buf_tap5
       Endpoint: (R) u_core/gen_pd_row[5].gen_pd_col[4].u_pd/q1_reg/d
          Clock: (R) clk_osc_fast_buf_tap4

                      Capture       Launch     
        Clock Edge:+  1258796      1258795     
       Src Latency:+        0            0     
       Net Latency:+        0 (I)        0 (I) 
           Arrival:=  1258796      1258795     
                                               
             Setup:-      513                  
       Uncertainty:-       10                  
     Required Time:=  1258273                  
      Launch Clock:-  1258795                  
       Input Delay:-        0                  
         Data Path:-        0                  
             Slack:=     -522                  

Exceptions/Constraints:
  input_delay              0              create_clock_delay_domain_1_clk_osc_slow_buf_tap5_R_0 

#-------------------------------------------------------------------------------------------------------------------------------
#                  Timing Point                    Flags   Arc   Edge      Cell        Fanout Load Trans Delay Arrival Instance 
#                                                                                             (fF)  (ps)  (ps)   (ps)  Location 
#-------------------------------------------------------------------------------------------------------------------------------
  u_core/u_phase_buf_slow/gen_phase_buf[5].u_drv/Q (b,u)   -     R     (arrival)            9 81.1     0     0 1258795    (-,-) 
  u_core/gen_pd_row[5].gen_pd_col[4].u_pd/q1_reg/d -       -     R     unmapped_d_flop      9    -     -     0 1258795    (-,-) 
#-------------------------------------------------------------------------------------------------------------------------------

(u) : Net has unmapped pin(s).
(b) : Timing paths are broken.


