        Initializing DRC engine.
============================================================
  Generated by:           Genus(TM) Synthesis Solution 22.13-s093_1
  Generated on:           May 12 2026  02:56:08 pm
  Module:                 mptdc_top_asic
  Operating conditions:   slow_1_62V_125C 
  Interconnect mode:      global
  Area mode:              physical library
============================================================

Max_transition design rule (violation total = 13993)
Pin                                                     Slew           Max     Violation
------------------------------------------------------------------------------------------
g31523__6161/B                                          1323           500           823
  --> Other violations on net                                    2469
g31503__5107/B                                          1323           500           823
  --> Other violations on net                                    2469
g31525__9945/B                                          1323           500           823
  --> Other violations on net                                    2469
g31688__1881/Q                                          1323           500           823
  --> Other violations on net                                    2469
g31562__6161/A                                           872           500           372
  --> Other violations on net                                    745
g31463__5477/B                                           872           500           372
  --> Other violations on net                                    745
g31841__6260/Q                                           872           500           372
  --> Other violations on net                                    745
g31314__4733/A                                           934           500           434
  --> Other violations on net                                    434
g32462/Q                                                 934           500           434
  --> Other violations on net                                    434
g31036__1617/A                                           873           500           373
  --> Other violations on net                                    373
g31058__9945/Q                                           873           500           373
  --> Other violations on net                                    373
g31717__1705/A                                           869           500           369
  --> Other violations on net                                    369
g32248/Q                                                 869           500           369
  --> Other violations on net                                    369
g31457__9945/A                                           809           500           309
  --> Other violations on net                                    309
g32219__32568/Q                                          809           500           309
  --> Other violations on net                                    309
g31706__5477/B                                           803           500           303
  --> Other violations on net                                    303
inc_u_core_add_523_42_g467__7410/Q                       803           500           303
  --> Other violations on net                                    303
g31712__5526/B                                           802           500           302
  --> Other violations on net                                    302
inc_u_core_add_523_42_g464__2883/Q                       802           500           302
  --> Other violations on net                                    302
g31704__7410/B                                           800           500           300
  --> Other violations on net                                    300
inc_u_core_add_523_42_g468__6417/Q                       800           500           300
  --> Other violations on net                                    300
g31720__7098/A                                           760           500           260
  --> Other violations on net                                    260
inc_u_core_add_523_42_g485__8246/Q                       760           500           260
  --> Other violations on net                                    260
g30999__1705/A                                           718           500           218
  --> Other violations on net                                    218
g31020__6417/Q                                           718           500           218
  --> Other violations on net                                    218
g31013__9945/A                                           713           500           213
  --> Other violations on net                                    213
g31026__5107/Q                                           713           500           213
  --> Other violations on net                                    213
g30984__2398/A                                           707           500           207
  --> Other violations on net                                    207
g31002__7098/Q                                           707           500           207
  --> Other violations on net                                    207
g27422__6417/B                                           696           500           196
  --> Other violations on net                                    196
g27465__2802/Q                                           696           500           196
  --> Other violations on net                                    196
u_core_ovf_count_r_reg[8]/D                              649           500           149
  --> Other violations on net                                    149
g31013__9945/Q                                           649           500           149
  --> Other violations on net                                    149
u_core_ovf_count_r_reg[9]/D                              649           500           149
  --> Other violations on net                                    149
g30984__2398/Q                                           649           500           149
  --> Other violations on net                                    149
u_core_ovf_count_r_reg[12]/D                             646           500           146
  --> Other violations on net                                    146
g30999__1705/Q                                           646           500           146
  --> Other violations on net                                    146
g31413__5526/A                                           612           500           112
  --> Other violations on net                                    112
g31528__1666/Q                                           612           500           112
  --> Other violations on net                                    112
g31122__2802/A                                           608           500           108
  --> Other violations on net                                    108
g31413__5526/Q                                           608           500           108
  --> Other violations on net                                    108
g27389__7410/E                                           591           500            91
  --> Other violations on net                                    91
g27422__6417/Q                                           591           500            91
  --> Other violations on net                                    91
g31078__6783/A                                           558           500            58
  --> Other violations on net                                    117
g31115__6260/A                                           558           500            58
  --> Other violations on net                                    117
g32133__32581/Q                                          558           500            58
  --> Other violations on net                                    117
u_core_u_wdt_wdt_force_reset_o_reg/D                     583           500            83
  --> Other violations on net                                    83
g27363__6783/Q                                           583           500            83
  --> Other violations on net                                    83
g27318__3680/A                                           576           500            76
  --> Other violations on net                                    76
g27358__5107/Q                                           576           500            76
  --> Other violations on net                                    76
g2__2398/C                                               566           500            66
  --> Other violations on net                                    66
g27372__1617/Q                                           566           500            66
  --> Other violations on net                                    66
u_core_u_wdt_wdt_global_trip_cnt_o_reg[0]/D              548           500            48
  --> Other violations on net                                    48
g30960__1705/Q                                           548           500            48
  --> Other violations on net                                    48
g31700__9945/B                                           543           500            43
  --> Other violations on net                                    43
inc_u_core_add_523_42_g472__6260/Q                       543           500            43
  --> Other violations on net                                    43
g31100__9315/B                                           526           500            26
  --> Other violations on net                                    52
g31078__6783/D                                           526           500            26
  --> Other violations on net                                    52
g31416__6783/Q                                           526           500            26
  --> Other violations on net                                    52
g31100__9315/A                                           520           500            20
  --> Other violations on net                                    39
g31078__6783/B                                           520           500            20
  --> Other violations on net                                    39
g31286__1881/Q                                           520           500            20
  --> Other violations on net                                    39
g27415__9315/C                                           528           500            28
  --> Other violations on net                                    28
g27441__1881/Q                                           528           500            28
  --> Other violations on net                                    28
g31646__1705/A                                           527           500            27
  --> Other violations on net                                    27
g31712__5526/Q                                           527           500            27
  --> Other violations on net                                    27
inc_u_core_add_523_42_g472__6260/B                       508           500             8
  --> Other violations on net                                    8
inc_u_core_add_523_42_g507__6260/Q                       508           500             8
  --> Other violations on net                                    8
g31097__7482/C                                           505           500             5
  --> Other violations on net                                    5
g31381__5107/Q                                           505           500             5
  --> Other violations on net                                    5
g27439__7098/B                                           502           500             2
  --> Other violations on net                                    2
g27516__5107/Q                                           502           500             2
  --> Other violations on net                                    2
g27438__8246/B                                           502           500             2
  --> Other violations on net                                    2
g27515__2398/Q                                           502           500             2
  --> Other violations on net                                    2
g27432__6783/B                                           502           500             2
  --> Other violations on net                                    2
g27520__32262/Q                                          502           500             2
  --> Other violations on net                                    2
g27444__4733/B                                           502           500             2
  --> Other violations on net                                    2
g27525__1705/Q                                           502           500             2
  --> Other violations on net                                    2
g27442__5115/B                                           502           500             2
  --> Other violations on net                                    2
g27522__32261/Q                                          502           500             2
  --> Other violations on net                                    2
g31522__4733/C                                           501           500             1
  --> Other violations on net                                    1
g31679__1617/Q                                           501           500             1
  --> Other violations on net                                    1
g31680__2802/C                                           500           500             0
  --> Other violations on net                                    0
g31750__5107/Q                                           500           500             0
  --> Other violations on net                                    0


Max_capacitance design rule: no violations.


Max_fanout design rule: no violations.



