MPTDC Genus run manifest
========================
Generated: 2026-05-12 14:56:08 CEST

Design
------
  TOPLEVEL                         mptdc_top_asic
  FULLCHIP_OR_MACRO                MACRO
  CLK_PERIOD                       6.25
  OSC_SLOW_PERIOD                  1.0
  OSC_FAST_PERIOD                  0.9
  CLOCK_UNCERTAINTY                0.3
  OSC_CLOCK_UNCERTAINTY            0.05
  INPUT_DELAY_MACRO                0.5
  OUTPUT_DELAY_MACRO               0.5
  OUTPUT_LOAD_MACRO                0.01
  MAX_FANOUT                       20
  MAX_TRANSITION                   0.5
  RESET_MAX_FANOUT                 32
  RESET_MAX_TRANSITION             0.35
  EXPECTED_LATCH_COUNT             5
  selected_setup_analysis_views    wc_view
  selected_hold_analysis_views     bc_view

Optimization
------------
  mptdc_optimization_goal          area_first
  mptdc_enable_clock_gating        false
  ramstyle_note                    Genus build does not support root attribute syn_ramstyle; continuing without it
  clock_gating_note                clock gating disabled (library ICG cells are dont_use)

Technology
----------
  METAL_STACK                      1P4M
  TRACKS                           12T
  STANDARD_CELL_SITE               core_hd
  STANDARD_CELL_VDD                VDD
  STANDARD_CELL_GND                VSS
  row_height                       7.56
  grid_unit                        0.18
  HAS_QRC_TECH                     1
  cts_top_routing_layer_top        METTP
  cts_bottom_routing_layer_top     MET3

Library and physical files
--------------------------
  PDK_ROOT                         /data/pdk/xfab/xh018
  SC_ROOT                          /data/pdk/xfab/xh018/diglibs/D_CELLS_HD/v6_0
  LIB_DIR                          /data/pdk/xfab/xh018/diglibs/D_CELLS_HD/v6_0/liberty_LPMOS/v6_0_0/PVT_1_80V_range
  TECH_LEF_DIR                     /data/pdk/xfab/xh018/cadence/v9_0/techLEF/v9_0_1
  QRC_ROOT                         /data/pdk/xfab/xh018/cadence/v10_1/QRC_pvs/v10_1_1/XH018_1141
  STDCELLS_BC_LIB                  /data/pdk/xfab/xh018/diglibs/D_CELLS_HD/v6_0/liberty_LPMOS/v6_0_0/PVT_1_80V_range/D_CELLS_HD_LPMOS_fast_1_98V_m40C.lib
  STDCELLS_TC_LIB                  /data/pdk/xfab/xh018/diglibs/D_CELLS_HD/v6_0/liberty_LPMOS/v6_0_0/PVT_1_80V_range/D_CELLS_HD_LPMOS_typ_1_80V_25C.lib
  STDCELLS_WC_LIB                  /data/pdk/xfab/xh018/diglibs/D_CELLS_HD/v6_0/liberty_LPMOS/v6_0_0/PVT_1_80V_range/D_CELLS_HD_LPMOS_slow_1_62V_125C.lib
  TECHNOLOGY_LEF                   /data/pdk/xfab/xh018/cadence/v9_0/techLEF/v9_0_1/xh018_xx41_HD_MET4_METMID.lef
  STDCELLS_LEF                     /data/pdk/xfab/xh018/diglibs/D_CELLS_HD/v6_0/LEF/v6_0_0/xh018_D_CELLS_HD.lef
  QRCTECH_BC                       /data/pdk/xfab/xh018/cadence/v10_1/QRC_pvs/v10_1_1/XH018_1141/QRC-Min/qrcTechFile
  QRCTECH_TC                       /data/pdk/xfab/xh018/cadence/v10_1/QRC_pvs/v10_1_1/XH018_1141/QRC-Typ/qrcTechFile
  QRCTECH_WC                       /data/pdk/xfab/xh018/cadence/v10_1/QRC_pvs/v10_1_1/XH018_1141/QRC-Max/qrcTechFile

Review checklist
----------------
   timing_violations.rpt contains no real violations
   report_area_hier.rpt identifies dominant blocks
   report_power.rpt/report_power_hier.rpt are understood as vectorless or activity-backed
   latch_audit.rpt matches the intentional async-frontend latch count
   report_design_rules.rpt has no critical transition/fanout/capacitance issues
