============================================================
  Generated by:           Genus(TM) Synthesis Solution 22.13-s093_1
  Generated on:           May 12 2026  02:56:07 pm
  Module:                 mptdc_top_asic
  Operating conditions:   slow_1_62V_125C 
  Interconnect mode:      global
  Area mode:              physical library
============================================================


Path 1: MET (2 ps) Setup Check with Pin u_core_conv_count_r_reg[25]/C->D
           View: wc_view
          Group: clk_sys
     Startpoint: (R) u_core_conv_count_r_reg[3]/C
          Clock: (R) clk_sys
       Endpoint: (F) u_core_conv_count_r_reg[25]/D
          Clock: (R) clk_sys

                     Capture       Launch     
        Clock Edge:+    6250            0     
       Src Latency:+       0            0     
       Net Latency:+       0 (I)        0 (I) 
           Arrival:=    6250            0     
                                              
             Setup:-     557                  
       Uncertainty:-     300                  
     Required Time:=    5393                  
      Launch Clock:-       0                  
         Data Path:-    5391                  
             Slack:=       2                  

#-----------------------------------------------------------------------------------------------------------
#           Timing Point             Flags   Arc   Edge   Cell     Fanout Load Trans Delay Arrival Instance 
#                                                                         (fF)  (ps)  (ps)   (ps)  Location 
#-----------------------------------------------------------------------------------------------------------
  u_core_conv_count_r_reg[3]/C       -       -     R     (arrival)    294    -   150     0       0    (-,-) 
  u_core_conv_count_r_reg[3]/Q       -       C->Q  R     DFRSQHDX1      4 45.3   465  1048    1048    (-,-) 
  inc_u_core_add_523_42_g549__6783/Q -       A->Q  R     AND2HDX1       2 33.5   354   632    1680    (-,-) 
  inc_u_core_add_523_42_g530__6161/Q -       A->Q  F     NA2HDX2        2 23.1   188   230    1910    (-,-) 
  inc_u_core_add_523_42_g522__6131/Q -       BN->Q F     NA6I2HDX2      2 29.4   225   615    2525    (-,-) 
  inc_u_core_add_523_42_g521/Q       -       A->Q  R     INHDX2         5 57.5   305   331    2856    (-,-) 
  inc_u_core_add_523_42_g513__3680/Q -       A->Q  R     AND2HDX2       3 47.5   264   496    3351    (-,-) 
  inc_u_core_add_523_42_g507__6260/Q -       B->Q  F     NA2HDX0        1 22.4   481   450    3802    (-,-) 
  inc_u_core_add_523_42_g472__6260/Q -       B->Q  F     EN2HDX1        1 13.7   218   541    4343    (-,-) 
  g31700__9945/Q                     -       B->Q  R     AN22HDX1       1 11.4   467   547    4890    (-,-) 
  drc_bufs32047/Q                    -       A->Q  R     BUHDX1         1 15.6   184   363    5253    (-,-) 
  g31632__1666/Q                     -       A->Q  F     NO2HDX1        1 11.2   168   138    5391    (-,-) 
  u_core_conv_count_r_reg[25]/D      -       -     F     DFRQHDX2       1    -     -     0    5391    (-,-) 
#-----------------------------------------------------------------------------------------------------------



Path 2: MET (3 ps) Setup Check with Pin u_core_u_narrow_tx_ctx_id_q_reg[0]/C->D
           View: wc_view
          Group: clk_sys
     Startpoint: (R) u_core_u_fifo_rd_ptr_q_reg[0]/C
          Clock: (R) clk_sys
       Endpoint: (F) u_core_u_narrow_tx_ctx_id_q_reg[0]/D
          Clock: (R) clk_sys

                     Capture       Launch     
        Clock Edge:+    6250            0     
       Src Latency:+       0            0     
       Net Latency:+       0 (I)        0 (I) 
           Arrival:=    6250            0     
                                              
             Setup:-     530                  
       Uncertainty:-     300                  
     Required Time:=    5420                  
      Launch Clock:-       0                  
         Data Path:-    5417                  
             Slack:=       3                  

#-------------------------------------------------------------------------------------------------------------
#            Timing Point              Flags   Arc   Edge   Cell     Fanout Load Trans Delay Arrival Instance 
#                                                                           (fF)  (ps)  (ps)   (ps)  Location 
#-------------------------------------------------------------------------------------------------------------
  u_core_u_fifo_rd_ptr_q_reg[0]/C      -       -     R     (arrival)    294    -   150     0       0    (-,-) 
  u_core_u_fifo_rd_ptr_q_reg[0]/Q      -       C->Q  F     DFRSQHDX1      1 24.1   241   884     884    (-,-) 
  fopt32228/Q                          -       A->Q  F     BUHDX4         5 84.8   183   416    1300    (-,-) 
  fopt32227/Q                          -       A->Q  R     INHDX1         1 13.6   175   196    1496    (-,-) 
  g27593__7098/Q                       -       A->Q  R     OR2HDX2        3 88.2   440   582    2079    (-,-) 
  g32582/Q                             -       B->Q  F     NO2I1HDX4      7 71.5   201   277    2356    (-,-) 
  g27441__1881/Q                       -       A->Q  R     AN22HDX1       1 15.8   528   559    2914    (-,-) 
  g27415__9315/Q                       -       C->Q  F     NA22HDX1       1 15.7   237   301    3215    (-,-) 
  g27375__5122/Q                       -       A->Q  R     ON21HDX1       1 14.2   447   480    3695    (-,-) 
  g27358__5107/Q                       -       C->Q  F     ON21HDX1       1 21.7   308   390    4086    (-,-) 
  g27318__3680/Q                       -       A->Q  R     NA2HDX2        1 22.2   264   320    4405    (-,-) 
  g27310__5107/Q                       -       A->Q  R     NA22HDX4       1 37.2   218   414    4819    (-,-) 
  g27305__5477/Q                       -       A->Q  F     NA3HDX4        2 29.1   222   232    5051    (-,-) 
  g31503__5107/Q                       -       A->Q  F     NA22HDX1       1 11.2   190   366    5417    (-,-) 
  u_core_u_narrow_tx_ctx_id_q_reg[0]/D -       -     F     DFRQHDX4       1    -     -     0    5417    (-,-) 
#-------------------------------------------------------------------------------------------------------------



Path 3: MET (4 ps) Setup Check with Pin u_core_conv_count_r_reg[19]/C->D
           View: wc_view
          Group: clk_sys
     Startpoint: (R) u_core_conv_count_r_reg[13]/C
          Clock: (R) clk_sys
       Endpoint: (F) u_core_conv_count_r_reg[19]/D
          Clock: (R) clk_sys

                     Capture       Launch     
        Clock Edge:+    6250            0     
       Src Latency:+       0            0     
       Net Latency:+       0 (I)        0 (I) 
           Arrival:=    6250            0     
                                              
             Setup:-     573                  
       Uncertainty:-     300                  
     Required Time:=    5377                  
      Launch Clock:-       0                  
         Data Path:-    5374                  
             Slack:=       4                  

#------------------------------------------------------------------------------------------------------------
#            Timing Point             Flags   Arc   Edge   Cell     Fanout Load Trans Delay Arrival Instance 
#                                                                          (fF)  (ps)  (ps)   (ps)  Location 
#------------------------------------------------------------------------------------------------------------
  u_core_conv_count_r_reg[13]/C       -       -     R     (arrival)    294    -   150     0       0    (-,-) 
  u_core_conv_count_r_reg[13]/Q       -       C->Q  F     DFRQHDX2       4 52.5   395  1421    1421    (-,-) 
  inc_u_core_add_523_42_g546__4319/Q  -       A->Q  F     AND2HDX2       4 51.6   184   572    1994    (-,-) 
  inc_u_core_add_523_42_g522__6131/Q  -       C->Q  R     NA6I2HDX2      2 29.9   263   640    2633    (-,-) 
  inc_u_core_add_523_42_g521/Q        -       A->Q  F     INHDX2         5 58.2   254   307    2940    (-,-) 
  inc_u_core_add_523_42_g516__2802/Q  -       B->Q  R     NA2HDX2        3 33.9   350   405    3345    (-,-) 
  g32465/Q                            -       B->Q  F     NO2I1HDX1      1 20.1   186   256    3601    (-,-) 
  inc_u_core_add_523_42_g466__1666/CO -       A->CO F     HAHDX1         1 15.5   168   412    4014    (-,-) 
  inc_u_core_add_523_42_g464__2883/Q  -       A->Q  F     EN2HDX0        1 13.7   338   497    4510    (-,-) 
  g31712__5526/Q                      -       B->Q  R     AN22HDX1       1 15.6   527   647    5158    (-,-) 
  g31646__1705/Q                      -       A->Q  F     NO2HDX1        1 11.2   167   216    5374    (-,-) 
  u_core_conv_count_r_reg[19]/D       -       -     F     DFRQHDX1       1    -     -     0    5374    (-,-) 
#------------------------------------------------------------------------------------------------------------



Path 4: MET (4 ps) Setup Check with Pin u_core_conv_count_r_reg[27]/C->D
           View: wc_view
          Group: clk_sys
     Startpoint: (R) u_core_conv_count_r_reg[3]/C
          Clock: (R) clk_sys
       Endpoint: (F) u_core_conv_count_r_reg[27]/D
          Clock: (R) clk_sys

                     Capture       Launch     
        Clock Edge:+    6250            0     
       Src Latency:+       0            0     
       Net Latency:+       0 (I)        0 (I) 
           Arrival:=    6250            0     
                                              
             Setup:-     555                  
       Uncertainty:-     300                  
     Required Time:=    5395                  
      Launch Clock:-       0                  
         Data Path:-    5391                  
             Slack:=       4                  

#-----------------------------------------------------------------------------------------------------------
#           Timing Point             Flags   Arc   Edge   Cell     Fanout Load Trans Delay Arrival Instance 
#                                                                         (fF)  (ps)  (ps)   (ps)  Location 
#-----------------------------------------------------------------------------------------------------------
  u_core_conv_count_r_reg[3]/C       -       -     R     (arrival)    294    -   150     0       0    (-,-) 
  u_core_conv_count_r_reg[3]/Q       -       C->Q  R     DFRSQHDX1      4 45.3   465  1048    1048    (-,-) 
  inc_u_core_add_523_42_g549__6783/Q -       A->Q  R     AND2HDX1       2 33.5   354   632    1680    (-,-) 
  inc_u_core_add_523_42_g530__6161/Q -       A->Q  F     NA2HDX2        2 23.1   188   230    1910    (-,-) 
  inc_u_core_add_523_42_g522__6131/Q -       BN->Q F     NA6I2HDX2      2 29.4   225   615    2525    (-,-) 
  inc_u_core_add_523_42_g521/Q       -       A->Q  R     INHDX2         5 57.5   305   331    2856    (-,-) 
  inc_u_core_add_523_42_g513__3680/Q -       A->Q  R     AND2HDX2       3 47.5   264   496    3351    (-,-) 
  inc_u_core_add_523_42_g629__1705/Q -       C->Q  F     NA3I1HDX2      2 33.3   348   378    3729    (-,-) 
  inc_u_core_add_523_42_g469__5477/Q -       A->Q  F     EN2HDX2        1 13.7    80   669    4399    (-,-) 
  g31701__2883/Q                     -       B->Q  R     AN22HDX1       1 11.4   466   491    4890    (-,-) 
  drc32046/Q                         -       A->Q  R     BUHDX1         1 15.6   184   363    5252    (-,-) 
  g31634__6417/Q                     -       A->Q  F     NO2HDX1        1 11.2   162   138    5391    (-,-) 
  u_core_conv_count_r_reg[27]/D      -       -     F     DFRQHDX2       1    -     -     0    5391    (-,-) 
#-----------------------------------------------------------------------------------------------------------



Path 5: MET (5 ps) Setup Check with Pin u_core_u_wdt_global_cnt_reg[14]/C->D
           View: wc_view
          Group: clk_sys
     Startpoint: (R) u_core_u_wdt_global_cnt_reg[2]/C
          Clock: (R) clk_sys
       Endpoint: (R) u_core_u_wdt_global_cnt_reg[14]/D
          Clock: (R) clk_sys

                     Capture       Launch     
        Clock Edge:+    6250            0     
       Src Latency:+       0            0     
       Net Latency:+       0 (I)        0 (I) 
           Arrival:=    6250            0     
                                              
             Setup:-     243                  
       Uncertainty:-     300                  
     Required Time:=    5707                  
      Launch Clock:-       0                  
         Data Path:-    5702                  
             Slack:=       5                  

#----------------------------------------------------------------------------------------------------------
#           Timing Point            Flags   Arc   Edge   Cell     Fanout Load Trans Delay Arrival Instance 
#                                                                        (fF)  (ps)  (ps)   (ps)  Location 
#----------------------------------------------------------------------------------------------------------
  u_core_u_wdt_global_cnt_reg[2]/C  -       -     R     (arrival)    294    -   150     0       0    (-,-) 
  u_core_u_wdt_global_cnt_reg[2]/Q  -       C->Q  F     DFRRHDX2       4 56.2   419  1533    1533    (-,-) 
  g31575__8428/Q                    -       AN->Q F     NO3I2HDX2      2 18.4   138   449    1982    (-,-) 
  g32477/Q                          -       A->Q  F     AND3HDX1       2 27.9   190   456    2438    (-,-) 
  g31493__6417/Q                    -       A->Q  F     AND2HDX2       2 27.9   131   418    2856    (-,-) 
  g31150__1881/Q                    -       A->Q  F     AND2HDX2       3 27.9   131   391    3247    (-,-) 
  g31067__6260/Q                    -       AN->Q F     NO4I1HDX1      2 27.9   180   417    3664    (-,-) 
  g31045__6131/Q                    -       A->Q  F     AND2HDX2       3 35.8   148   436    4100    (-,-) 
  g32460/Q                          -       B->Q  R     NA2HDX0        1 18.0   453   425    4524    (-,-) 
  g30982__5477/Q                    -       B->Q  F     EO2HDX1        1 14.0   304   698    5222    (-,-) 
  g30947__6783/Q                    -       B->Q  R     ON21HDX1       1 11.1   408   480    5702    (-,-) 
  u_core_u_wdt_global_cnt_reg[14]/D -       -     R     DFRQHDX2       1    -     -     0    5702    (-,-) 
#----------------------------------------------------------------------------------------------------------



Path 6: MET (11 ps) Setup Check with Pin u_core_u_fifo_valid_q_reg/C->D
           View: wc_view
          Group: clk_sys
     Startpoint: (R) u_core_u_fifo_valid_q_reg/C
          Clock: (R) clk_sys
       Endpoint: (F) u_core_u_fifo_valid_q_reg/D
          Clock: (R) clk_sys

                     Capture       Launch     
        Clock Edge:+    6250            0     
       Src Latency:+       0            0     
       Net Latency:+       0 (I)        0 (I) 
           Arrival:=    6250            0     
                                              
             Setup:-     598                  
       Uncertainty:-     300                  
     Required Time:=    5352                  
      Launch Clock:-       0                  
         Data Path:-    5341                  
             Slack:=      11                  

#-----------------------------------------------------------------------------------------------------
#        Timing Point          Flags   Arc   Edge   Cell     Fanout Load Trans Delay Arrival Instance 
#                                                                   (fF)  (ps)  (ps)   (ps)  Location 
#-----------------------------------------------------------------------------------------------------
  u_core_u_fifo_valid_q_reg/C  -       -     R     (arrival)    294    -   150     0       0    (-,-) 
  u_core_u_fifo_valid_q_reg/QN -       C->QN F     DFRHDX0        1 15.4   185   997     997    (-,-) 
  g32492/Q                     -       AN->Q F     NA4I2HDX4      4 68.4   425   920    1918    (-,-) 
  g31693__6161/Q               -       C->Q  R     NA22HDX4       7 96.9   335   432    2350    (-,-) 
  g31579__1617/Q               -       A->Q  R     OR2HDX2        9 87.2   435   640    2990    (-,-) 
  g31291__7482/Q               -       A->Q  R     OA21HDX0       2 21.6   488   659    3649    (-,-) 
  g31078__6783/Q               -       C->Q  R     AND5HDX1       1 14.4   409   850    4500    (-,-) 
  g31044__7098/Q               -       B->Q  R     AND5HDX2       2 21.4   336   563    5063    (-,-) 
  g31025__2398/Q               -       B->Q  F     ON21HDX1       1 11.2   208   279    5341    (-,-) 
  u_core_u_fifo_valid_q_reg/D  -       -     F     DFRHDX0        1    -     -     0    5341    (-,-) 
#-----------------------------------------------------------------------------------------------------



Path 7: MET (11 ps) Setup Check with Pin u_core_conv_count_r_reg[18]/C->D
           View: wc_view
          Group: clk_sys
     Startpoint: (R) u_core_conv_count_r_reg[13]/C
          Clock: (R) clk_sys
       Endpoint: (F) u_core_conv_count_r_reg[18]/D
          Clock: (R) clk_sys

                     Capture       Launch     
        Clock Edge:+    6250            0     
       Src Latency:+       0            0     
       Net Latency:+       0 (I)        0 (I) 
           Arrival:=    6250            0     
                                              
             Setup:-     660                  
       Uncertainty:-     300                  
     Required Time:=    5290                  
      Launch Clock:-       0                  
         Data Path:-    5278                  
             Slack:=      11                  

#-----------------------------------------------------------------------------------------------------------
#           Timing Point             Flags   Arc   Edge   Cell     Fanout Load Trans Delay Arrival Instance 
#                                                                         (fF)  (ps)  (ps)   (ps)  Location 
#-----------------------------------------------------------------------------------------------------------
  u_core_conv_count_r_reg[13]/C      -       -     R     (arrival)    294    -   150     0       0    (-,-) 
  u_core_conv_count_r_reg[13]/Q      -       C->Q  F     DFRQHDX2       4 52.5   395  1421    1421    (-,-) 
  inc_u_core_add_523_42_g546__4319/Q -       A->Q  F     AND2HDX2       4 51.6   184   572    1994    (-,-) 
  inc_u_core_add_523_42_g522__6131/Q -       C->Q  R     NA6I2HDX2      2 29.9   263   640    2633    (-,-) 
  inc_u_core_add_523_42_g521/Q       -       A->Q  F     INHDX2         5 58.2   254   307    2940    (-,-) 
  inc_u_core_add_523_42_g516__2802/Q -       B->Q  R     NA2HDX2        3 33.9   350   405    3345    (-,-) 
  g32465/Q                           -       B->Q  F     NO2I1HDX1      1 20.1   186   256    3601    (-,-) 
  inc_u_core_add_523_42_g466__1666/S -       A->S  F     HAHDX1         1 15.2   164   686    4287    (-,-) 
  g31708__5107/Q                     -       A->Q  R     AN22HDX1       1 11.4   465   484    4771    (-,-) 
  drc_bufs32056/Q                    -       A->Q  R     BUHDX1         1 15.6   184   363    5134    (-,-) 
  g31645__2802/Q                     -       A->Q  F     NO2HDX1        1 12.3   174   144    5278    (-,-) 
  u_core_conv_count_r_reg[18]/D      -       -     F     DFRRQHDX2      1    -     -     0    5278    (-,-) 
#-----------------------------------------------------------------------------------------------------------



Path 8: MET (12 ps) Setup Check with Pin u_core_conv_count_r_reg[29]/C->D
           View: wc_view
          Group: clk_sys
     Startpoint: (R) u_core_conv_count_r_reg[3]/C
          Clock: (R) clk_sys
       Endpoint: (F) u_core_conv_count_r_reg[29]/D
          Clock: (R) clk_sys

                     Capture       Launch     
        Clock Edge:+    6250            0     
       Src Latency:+       0            0     
       Net Latency:+       0 (I)        0 (I) 
           Arrival:=    6250            0     
                                              
             Setup:-     573                  
       Uncertainty:-     300                  
     Required Time:=    5377                  
      Launch Clock:-       0                  
         Data Path:-    5365                  
             Slack:=      12                  

#-----------------------------------------------------------------------------------------------------------
#           Timing Point             Flags   Arc   Edge   Cell     Fanout Load Trans Delay Arrival Instance 
#                                                                         (fF)  (ps)  (ps)   (ps)  Location 
#-----------------------------------------------------------------------------------------------------------
  u_core_conv_count_r_reg[3]/C       -       -     R     (arrival)    294    -   150     0       0    (-,-) 
  u_core_conv_count_r_reg[3]/Q       -       C->Q  R     DFRSQHDX1      4 45.3   465  1048    1048    (-,-) 
  inc_u_core_add_523_42_g549__6783/Q -       A->Q  R     AND2HDX1       2 33.5   354   632    1680    (-,-) 
  inc_u_core_add_523_42_g528__4733/Q -       B->Q  R     AND3HDX2       3 35.4   235   591    2270    (-,-) 
  inc_u_core_add_523_42_g527/Q       -       A->Q  F     INHDX1         1 16.2   168   207    2478    (-,-) 
  inc_u_core_add_523_42_g503__6417/Q -       BN->Q F     NA6I2HDX2      3 57.2   334   716    3193    (-,-) 
  inc_u_core_add_523_42_g498/Q       -       A->Q  R     INHDX3         2 37.8   184   237    3430    (-,-) 
  inc_u_core_add_523_42_g491__4733/Q -       B->Q  F     NA2HDX2        1 16.0   164   159    3589    (-,-) 
  inc_u_core_add_523_42_g468__6417/Q -       B->Q  F     EN2HDX0        1 13.7   361   525    4114    (-,-) 
  g31704__7410/Q                     -       B->Q  R     AN22HDX1       1 11.4   468   597    4711    (-,-) 
  drc_bufs32048/Q                    -       A->Q  R     BUHDX0         1 15.6   353   469    5180    (-,-) 
  g31636__2398/Q                     -       A->Q  F     NO2HDX1        1 11.2   168   184    5365    (-,-) 
  u_core_conv_count_r_reg[29]/D      -       -     F     DFRQHDX1       1    -     -     0    5365    (-,-) 
#-----------------------------------------------------------------------------------------------------------



Path 9: MET (13 ps) Setup Check with Pin u_core_conv_count_r_reg[11]/C->D
           View: wc_view
          Group: clk_sys
     Startpoint: (R) u_core_conv_count_r_reg[3]/C
          Clock: (R) clk_sys
       Endpoint: (F) u_core_conv_count_r_reg[11]/D
          Clock: (R) clk_sys

                     Capture       Launch     
        Clock Edge:+    6250            0     
       Src Latency:+       0            0     
       Net Latency:+       0 (I)        0 (I) 
           Arrival:=    6250            0     
                                              
             Setup:-     555                  
       Uncertainty:-     300                  
     Required Time:=    5395                  
      Launch Clock:-       0                  
         Data Path:-    5382                  
             Slack:=      13                  

#-----------------------------------------------------------------------------------------------------------
#           Timing Point             Flags   Arc   Edge   Cell     Fanout Load Trans Delay Arrival Instance 
#                                                                         (fF)  (ps)  (ps)   (ps)  Location 
#-----------------------------------------------------------------------------------------------------------
  u_core_conv_count_r_reg[3]/C       -       -     R     (arrival)    294    -   150     0       0    (-,-) 
  u_core_conv_count_r_reg[3]/Q       -       C->Q  R     DFRSQHDX1      4 45.3   465  1048    1048    (-,-) 
  inc_u_core_add_523_42_g549__6783/Q -       A->Q  R     AND2HDX1       2 33.5   354   632    1680    (-,-) 
  inc_u_core_add_523_42_g528__4733/Q -       B->Q  R     AND3HDX2       3 35.4   235   591    2270    (-,-) 
  inc_u_core_add_523_42_g526__7482/Q -       A->Q  R     AND2HDX2       3 30.8   196   411    2681    (-,-) 
  inc_u_core_add_523_42_g520__7098/Q -       A->Q  R     AND2HDX2       3 33.3   207   405    3086    (-,-) 
  inc_u_core_add_523_42_g496__2883/Q -       A->Q  R     AND2HDX2       3 37.9   225   426    3512    (-,-) 
  inc_u_core_add_523_42_g475__5526/Q -       A->Q  F     NA2HDX2        2 28.0   200   218    3731    (-,-) 
  inc_u_core_add_523_42_g465__2346/Q -       B->Q  F     EN2HDX2        1 13.7    81   658    4389    (-,-) 
  g31723__5115/Q                     -       B->Q  R     AN22HDX1       1 11.4   470   491    4880    (-,-) 
  drc_bufs32033/Q                    -       A->Q  R     BUHDX1         1 15.6   184   364    5243    (-,-) 
  g31653__7482/Q                     -       A->Q  F     NO2HDX1        1 11.2   162   138    5382    (-,-) 
  u_core_conv_count_r_reg[11]/D      -       -     F     DFRQHDX2       1    -     -     0    5382    (-,-) 
#-----------------------------------------------------------------------------------------------------------



Path 10: MET (13 ps) Setup Check with Pin u_core_conv_count_r_reg[10]/C->D
           View: wc_view
          Group: clk_sys
     Startpoint: (R) u_core_conv_count_r_reg[3]/C
          Clock: (R) clk_sys
       Endpoint: (F) u_core_conv_count_r_reg[10]/D
          Clock: (R) clk_sys

                     Capture       Launch     
        Clock Edge:+    6250            0     
       Src Latency:+       0            0     
       Net Latency:+       0 (I)        0 (I) 
           Arrival:=    6250            0     
                                              
             Setup:-     659                  
       Uncertainty:-     300                  
     Required Time:=    5291                  
      Launch Clock:-       0                  
         Data Path:-    5278                  
             Slack:=      13                  

#-----------------------------------------------------------------------------------------------------------
#           Timing Point             Flags   Arc   Edge   Cell     Fanout Load Trans Delay Arrival Instance 
#                                                                         (fF)  (ps)  (ps)   (ps)  Location 
#-----------------------------------------------------------------------------------------------------------
  u_core_conv_count_r_reg[3]/C       -       -     R     (arrival)    294    -   150     0       0    (-,-) 
  u_core_conv_count_r_reg[3]/Q       -       C->Q  R     DFRSQHDX1      4 45.3   465  1048    1048    (-,-) 
  inc_u_core_add_523_42_g549__6783/Q -       A->Q  R     AND2HDX1       2 33.5   354   632    1680    (-,-) 
  inc_u_core_add_523_42_g528__4733/Q -       B->Q  R     AND3HDX2       3 35.4   235   591    2270    (-,-) 
  inc_u_core_add_523_42_g526__7482/Q -       A->Q  R     AND2HDX2       3 30.8   196   411    2681    (-,-) 
  inc_u_core_add_523_42_g520__7098/Q -       A->Q  R     AND2HDX2       3 33.3   207   405    3086    (-,-) 
  inc_u_core_add_523_42_g496__2883/Q -       A->Q  R     AND2HDX2       3 37.9   225   426    3512    (-,-) 
  inc_u_core_add_523_42_g475__5526/Q -       A->Q  F     NA2HDX2        2 28.0   200   218    3731    (-,-) 
  inc_u_core_add_523_42_g471__5107/Q -       C->Q  F     OA21HDX0       1 15.2   230   530    4261    (-,-) 
  g31721__6131/Q                     -       A->Q  R     AN22HDX1       1 11.4   466   510    4771    (-,-) 
  drc_bufs32051/Q                    -       A->Q  R     BUHDX1         1 15.6   184   363    5134    (-,-) 
  g31652__5115/Q                     -       A->Q  F     NO2HDX1        1 12.3   168   144    5278    (-,-) 
  u_core_conv_count_r_reg[10]/D      -       -     F     DFRRQHDX2      1    -     -     0    5278    (-,-) 
#-----------------------------------------------------------------------------------------------------------



Path 11: MET (17 ps) Setup Check with Pin u_core_conv_count_r_reg[26]/C->D
           View: wc_view
          Group: clk_sys
     Startpoint: (R) u_core_conv_count_r_reg[19]/C
          Clock: (R) clk_sys
       Endpoint: (F) u_core_conv_count_r_reg[26]/D
          Clock: (R) clk_sys

                     Capture       Launch     
        Clock Edge:+    6250            0     
       Src Latency:+       0            0     
       Net Latency:+       0 (I)        0 (I) 
           Arrival:=    6250            0     
                                              
             Setup:-     557                  
       Uncertainty:-     300                  
     Required Time:=    5393                  
      Launch Clock:-       0                  
         Data Path:-    5376                  
             Slack:=      17                  

#-----------------------------------------------------------------------------------------------------------
#           Timing Point             Flags   Arc   Edge   Cell     Fanout Load Trans Delay Arrival Instance 
#                                                                         (fF)  (ps)  (ps)   (ps)  Location 
#-----------------------------------------------------------------------------------------------------------
  u_core_conv_count_r_reg[19]/C      -       -     R     (arrival)    294    -   150     0       0    (-,-) 
  u_core_conv_count_r_reg[19]/Q      -       C->Q  F     DFRQHDX1       2 19.4   266  1063    1063    (-,-) 
  drc_bufs32120/Q                    -       A->Q  F     BUHDX1         3 36.9   292   540    1603    (-,-) 
  inc_u_core_add_523_42_g537__7410/Q -       D->Q  R     NA4HDX2        4 34.7   448   524    2126    (-,-) 
  inc_u_core_add_523_42_g533__9945/Q -       AN->Q R     NA2I1HDX1      2 22.5   402   518    2644    (-,-) 
  inc_u_core_add_523_42_g532/Q       -       A->Q  F     INHDX0         1 14.7   227   279    2923    (-,-) 
  inc_u_core_add_523_42_g513__3680/Q -       B->Q  F     AND2HDX2       3 46.8   171   531    3454    (-,-) 
  inc_u_core_add_523_42_g512/Q       -       A->Q  R     INHDX2         2 33.1   196   215    3669    (-,-) 
  inc_u_core_add_523_42_g502__7410/Q -       A->Q  F     NO2HDX1        1 16.1   149   165    3835    (-,-) 
  g32478/Q                           -       A->Q  F     OA21HDX2       1 15.2   129   569    4403    (-,-) 
  g31702__2346/Q                     -       A->Q  R     AN22HDX1       1 11.4   470   470    4874    (-,-) 
  drc/Q                              -       A->Q  R     BUHDX1         1 15.6   184   364    5238    (-,-) 
  g31633__7410/Q                     -       A->Q  F     NO2HDX1        1 11.2   168   138    5376    (-,-) 
  u_core_conv_count_r_reg[26]/D      -       -     F     DFRQHDX2       1    -     -     0    5376    (-,-) 
#-----------------------------------------------------------------------------------------------------------



Path 12: MET (18 ps) Setup Check with Pin u_core_ovf_count_r_reg[11]/C->D
           View: wc_view
          Group: clk_sys
     Startpoint: (R) u_core_ovf_count_r_reg[0]/C
          Clock: (R) clk_sys
       Endpoint: (R) u_core_ovf_count_r_reg[11]/D
          Clock: (R) clk_sys

                     Capture       Launch     
        Clock Edge:+    6250            0     
       Src Latency:+       0            0     
       Net Latency:+       0 (I)        0 (I) 
           Arrival:=    6250            0     
                                              
             Setup:-     316                  
       Uncertainty:-     300                  
     Required Time:=    5634                  
      Launch Clock:-       0                  
         Data Path:-    5617                  
             Slack:=      18                  

#-----------------------------------------------------------------------------------------------------
#        Timing Point          Flags   Arc   Edge   Cell     Fanout Load Trans Delay Arrival Instance 
#                                                                   (fF)  (ps)  (ps)   (ps)  Location 
#-----------------------------------------------------------------------------------------------------
  u_core_ovf_count_r_reg[0]/C  -       -     R     (arrival)    294    -   150     0       0    (-,-) 
  u_core_ovf_count_r_reg[0]/Q  -       C->Q  R     DFRSHDX2       4 55.9   333  1018    1018    (-,-) 
  g31847__1617/Q               -       A->Q  F     NA2HDX2        3 31.2   217   264    1283    (-,-) 
  g31574__4319/Q               -       AN->Q F     NA3I1HDX4      4 68.2   364   636    1919    (-,-) 
  g31492__7410/Q               -       D->Q  R     NO4I3HDX4      3 29.3   336   420    2339    (-,-) 
  g31155__5115/Q               -       A->Q  R     AND2HDX2       4 38.3   228   469    2808    (-,-) 
  g31066__5107/Q               -       A->Q  R     AND2HDX2       3 29.1   191   401    3210    (-,-) 
  g31027__6260/Q               -       A->Q  R     AND2HDX2       3 33.5   209   404    3613    (-,-) 
  g31004__1881/Q               -       A->Q  R     AND2HDX2       2 25.4   173   380    3994    (-,-) 
  g32574/Q                     -       A->Q  F     EO2HDX1        1 12.3   266   576    4569    (-,-) 
  g30944__5526/Q               -       A->Q  F     OA22HDX0       1 15.5   276   666    5235    (-,-) 
  g30941__4319/Q               -       A->Q  R     NO2HDX1        1 12.4   357   381    5617    (-,-) 
  u_core_ovf_count_r_reg[11]/D -       -     R     DFRRHDX1       1    -     -     0    5617    (-,-) 
#-----------------------------------------------------------------------------------------------------



Path 13: MET (20 ps) Setup Check with Pin u_core_u_wdt_global_cnt_reg[11]/C->D
           View: wc_view
          Group: clk_sys
     Startpoint: (R) u_core_u_wdt_global_cnt_reg[2]/C
          Clock: (R) clk_sys
       Endpoint: (F) u_core_u_wdt_global_cnt_reg[11]/D
          Clock: (R) clk_sys

                     Capture       Launch     
        Clock Edge:+    6250            0     
       Src Latency:+       0            0     
       Net Latency:+       0 (I)        0 (I) 
           Arrival:=    6250            0     
                                              
             Setup:-     699                  
       Uncertainty:-     300                  
     Required Time:=    5251                  
      Launch Clock:-       0                  
         Data Path:-    5232                  
             Slack:=      20                  

#----------------------------------------------------------------------------------------------------------
#           Timing Point            Flags   Arc   Edge   Cell     Fanout Load Trans Delay Arrival Instance 
#                                                                        (fF)  (ps)  (ps)   (ps)  Location 
#----------------------------------------------------------------------------------------------------------
  u_core_u_wdt_global_cnt_reg[2]/C  -       -     R     (arrival)    294    -   150     0       0    (-,-) 
  u_core_u_wdt_global_cnt_reg[2]/Q  -       C->Q  F     DFRRHDX2       4 56.2   419  1533    1533    (-,-) 
  g31575__8428/Q                    -       AN->Q F     NO3I2HDX2      2 18.4   138   449    1982    (-,-) 
  g32477/Q                          -       A->Q  F     AND3HDX1       2 27.9   190   456    2438    (-,-) 
  g31493__6417/Q                    -       A->Q  F     AND2HDX2       2 27.9   131   418    2856    (-,-) 
  g31150__1881/Q                    -       A->Q  F     AND2HDX2       3 27.9   131   391    3247    (-,-) 
  g31063__6417/Q                    -       A->Q  F     AND2HDX1       1 20.5   150   386    3633    (-,-) 
  g31008__5115/CO                   -       A->CO F     HAHDX2         2 32.7   181   452    4085    (-,-) 
  g31003__6131/Q                    -       A->Q  R     NA2HDX1        1 18.0   356   328    4413    (-,-) 
  g30969__6161/Q                    -       B->Q  R     EO2HDX1        1 14.3   398   526    4939    (-,-) 
  g30943__8428/Q                    -       B->Q  F     ON21HDX1       1 11.2   218   292    5231    (-,-) 
  u_core_u_wdt_global_cnt_reg[11]/D -       -     F     DFRSQHDX1      1    -     -     0    5232    (-,-) 
#----------------------------------------------------------------------------------------------------------



Path 14: MET (38 ps) Setup Check with Pin u_core_u_wdt_global_cnt_reg[13]/C->D
           View: wc_view
          Group: clk_sys
     Startpoint: (R) u_core_u_wdt_global_cnt_reg[2]/C
          Clock: (R) clk_sys
       Endpoint: (F) u_core_u_wdt_global_cnt_reg[13]/D
          Clock: (R) clk_sys

                     Capture       Launch     
        Clock Edge:+    6250            0     
       Src Latency:+       0            0     
       Net Latency:+       0 (I)        0 (I) 
           Arrival:=    6250            0     
                                              
             Setup:-     697                  
       Uncertainty:-     300                  
     Required Time:=    5253                  
      Launch Clock:-       0                  
         Data Path:-    5215                  
             Slack:=      38                  

#----------------------------------------------------------------------------------------------------------
#           Timing Point            Flags   Arc   Edge   Cell     Fanout Load Trans Delay Arrival Instance 
#                                                                        (fF)  (ps)  (ps)   (ps)  Location 
#----------------------------------------------------------------------------------------------------------
  u_core_u_wdt_global_cnt_reg[2]/C  -       -     R     (arrival)    294    -   150     0       0    (-,-) 
  u_core_u_wdt_global_cnt_reg[2]/Q  -       C->Q  R     DFRRHDX2       4 55.0   344  1079    1079    (-,-) 
  g31575__8428/Q                    -       AN->Q R     NO3I2HDX2      2 18.3   296   547    1627    (-,-) 
  g32477/Q                          -       A->Q  R     AND3HDX1       2 28.0   331   692    2318    (-,-) 
  g31493__6417/Q                    -       A->Q  R     AND2HDX2       2 28.0   184   429    2747    (-,-) 
  g31150__1881/Q                    -       A->Q  R     AND2HDX2       3 27.5   182   379    3126    (-,-) 
  g31067__6260/Q                    -       AN->Q R     NO4I1HDX1      2 28.0   308   510    3636    (-,-) 
  g31045__6131/Q                    -       A->Q  R     AND2HDX2       3 36.1   217   454    4089    (-,-) 
  g31015__2346/Q                    -       A->Q  F     EO2HDX1        1 11.2   262   581    4671    (-,-) 
  g30981__6417/Q                    -       B->Q  F     NA22HDX0       1 11.2   294   544    5215    (-,-) 
  u_core_u_wdt_global_cnt_reg[13]/D -       -     F     DFRSQHDX2      1    -     -     0    5215    (-,-) 
#----------------------------------------------------------------------------------------------------------



Path 15: MET (38 ps) Setup Check with Pin u_core_conv_count_r_reg[12]/C->D
           View: wc_view
          Group: clk_sys
     Startpoint: (R) u_core_conv_count_r_reg[3]/C
          Clock: (R) clk_sys
       Endpoint: (F) u_core_conv_count_r_reg[12]/D
          Clock: (R) clk_sys

                     Capture       Launch     
        Clock Edge:+    6250            0     
       Src Latency:+       0            0     
       Net Latency:+       0 (I)        0 (I) 
           Arrival:=    6250            0     
                                              
             Setup:-     660                  
       Uncertainty:-     300                  
     Required Time:=    5290                  
      Launch Clock:-       0                  
         Data Path:-    5252                  
             Slack:=      38                  

#-----------------------------------------------------------------------------------------------------------
#           Timing Point             Flags   Arc   Edge   Cell     Fanout Load Trans Delay Arrival Instance 
#                                                                         (fF)  (ps)  (ps)   (ps)  Location 
#-----------------------------------------------------------------------------------------------------------
  u_core_conv_count_r_reg[3]/C       -       -     R     (arrival)    294    -   150     0       0    (-,-) 
  u_core_conv_count_r_reg[3]/Q       -       C->Q  R     DFRSQHDX1      4 45.3   465  1048    1048    (-,-) 
  inc_u_core_add_523_42_g549__6783/Q -       A->Q  R     AND2HDX1       2 33.5   354   632    1680    (-,-) 
  inc_u_core_add_523_42_g528__4733/Q -       B->Q  R     AND3HDX2       3 35.4   235   591    2270    (-,-) 
  inc_u_core_add_523_42_g526__7482/Q -       A->Q  R     AND2HDX2       3 30.8   196   411    2681    (-,-) 
  inc_u_core_add_523_42_g523__1881/Q -       A->Q  R     AND2HDX2       4 50.9   278   471    3152    (-,-) 
  inc_u_core_add_523_42_g517__1705/Q -       B->Q  F     NA2HDX1        2 29.6   335   339    3491    (-,-) 
  inc_u_core_add_523_42_g501__1666/Q -       C->Q  F     OA21HDX0       1 15.2   233   588    4079    (-,-) 
  g31722__1881/Q                     -       A->Q  R     AN22HDX1       1 11.4   463   511    4590    (-,-) 
  drc_bufs32062/Q                    -       A->Q  R     BUHDX0         1 15.6   353   468    5059    (-,-) 
  g31660__4733/Q                     -       A->Q  F     NO2HDX1        1 12.3   174   192    5251    (-,-) 
  u_core_conv_count_r_reg[12]/D      -       -     F     DFRRQHDX2      1    -     -     0    5252    (-,-) 
#-----------------------------------------------------------------------------------------------------------



Path 16: MET (41 ps) Setup Check with Pin u_core_u_fifo_full_q_reg/C->D
           View: wc_view
          Group: clk_sys
     Startpoint: (R) u_core_u_fifo_valid_q_reg/C
          Clock: (R) clk_sys
       Endpoint: (F) u_core_u_fifo_full_q_reg/D
          Clock: (R) clk_sys

                     Capture       Launch     
        Clock Edge:+    6250            0     
       Src Latency:+       0            0     
       Net Latency:+       0 (I)        0 (I) 
           Arrival:=    6250            0     
                                              
             Setup:-     673                  
       Uncertainty:-     300                  
     Required Time:=    5277                  
      Launch Clock:-       0                  
         Data Path:-    5236                  
             Slack:=      41                  

#----------------------------------------------------------------------------------------------------
#        Timing Point         Flags   Arc   Edge   Cell     Fanout Load Trans Delay Arrival Instance 
#                                                                  (fF)  (ps)  (ps)   (ps)  Location 
#----------------------------------------------------------------------------------------------------
  u_core_u_fifo_valid_q_reg/C -       -     R     (arrival)    294    -   150     0       0    (-,-) 
  u_core_u_fifo_valid_q_reg/Q -       C->Q  F     DFRHDX0        2 19.4   379  1172    1172    (-,-) 
  g32461/Q                    -       A->Q  F     AND2HDX1       2 35.8   214   559    1731    (-,-) 
  g31693__6161/Q              -       A->Q  F     NA22HDX4       7 95.6   287   572    2304    (-,-) 
  g31659/Q                    -       A->Q  R     INHDX4         8 88.7   255   310    2613    (-,-) 
  g31540__4319/Q              -       A->Q  R     NA22HDX2       3 35.9   261   488    3101    (-,-) 
  g31443/Q                    -       A->Q  F     INHDX1         2 23.3   219   270    3372    (-,-) 
  g31272__4319/Q              -       C->Q  R     NA22HDX1       1 15.6   233   279    3650    (-,-) 
  g31119__6783/Q              -       C->Q  F     NO22HDX1       1 16.1   157   181    3832    (-,-) 
  g31083__5122/Q              -       A->Q  F     OA21HDX2       2 25.9   154   608    4440    (-,-) 
  g31044__7098/Q              -       A->Q  F     AND5HDX2       2 21.2   145   426    4865    (-,-) 
  g31033__5526/Q              -       AN->Q F     NO2I1HDX1      1 11.2   145   371    5236    (-,-) 
  u_core_u_fifo_full_q_reg/D  -       -     F     DFRSHDX1       1    -     -     0    5236    (-,-) 
#----------------------------------------------------------------------------------------------------



Path 17: MET (43 ps) Setup Check with Pin u_core_conv_count_r_reg[31]/C->D
           View: wc_view
          Group: clk_sys
     Startpoint: (R) u_core_conv_count_r_reg[19]/C
          Clock: (R) clk_sys
       Endpoint: (R) u_core_conv_count_r_reg[31]/D
          Clock: (R) clk_sys

                     Capture       Launch     
        Clock Edge:+    6250            0     
       Src Latency:+       0            0     
       Net Latency:+       0 (I)        0 (I) 
           Arrival:=    6250            0     
                                              
             Setup:-     236                  
       Uncertainty:-     300                  
     Required Time:=    5714                  
      Launch Clock:-       0                  
         Data Path:-    5671                  
             Slack:=      43                  

#-----------------------------------------------------------------------------------------------------------
#           Timing Point             Flags   Arc   Edge   Cell     Fanout Load Trans Delay Arrival Instance 
#                                                                         (fF)  (ps)  (ps)   (ps)  Location 
#-----------------------------------------------------------------------------------------------------------
  u_core_conv_count_r_reg[19]/C      -       -     R     (arrival)    294    -   150     0       0    (-,-) 
  u_core_conv_count_r_reg[19]/Q      -       C->Q  F     DFRQHDX1       2 19.4   266  1063    1063    (-,-) 
  drc_bufs32120/Q                    -       A->Q  F     BUHDX1         3 36.9   292   540    1603    (-,-) 
  inc_u_core_add_523_42_g537__7410/Q -       D->Q  R     NA4HDX2        4 34.7   448   524    2126    (-,-) 
  inc_u_core_add_523_42_g533__9945/Q -       AN->Q R     NA2I1HDX1      2 22.5   402   518    2644    (-,-) 
  inc_u_core_add_523_42_g503__6417/Q -       AN->Q R     NA6I2HDX2      3 57.2   416   554    3198    (-,-) 
  inc_u_core_add_523_42_g498/Q       -       A->Q  F     INHDX3         2 38.2   171   224    3422    (-,-) 
  inc_u_core_add_523_42_g487__6131/Q -       C->Q  R     NA3I2HDX2      2 26.9   278   304    3726    (-,-) 
  inc_u_core_add_523_42_g467__7410/Q -       A->Q  R     EN2HDX0        1 14.1   803   794    4520    (-,-) 
  g31706__5477/Q                     -       B->Q  F     AN22HDX1       1 11.6   320   399    4919    (-,-) 
  drc_bufs32057/Q                    -       A->Q  F     BUHDX1         1 15.5   154   436    5354    (-,-) 
  g31638__6260/Q                     -       A->Q  R     NO2HDX1        1 11.1   332   317    5671    (-,-) 
  u_core_conv_count_r_reg[31]/D      -       -     R     DFRQHDX1       1    -     -     0    5671    (-,-) 
#-----------------------------------------------------------------------------------------------------------



Path 18: MET (44 ps) Setup Check with Pin u_core_ovf_count_r_reg[15]/C->D
           View: wc_view
          Group: clk_sys
     Startpoint: (R) u_core_ovf_count_r_reg[0]/C
          Clock: (R) clk_sys
       Endpoint: (R) u_core_ovf_count_r_reg[15]/D
          Clock: (R) clk_sys

                     Capture       Launch     
        Clock Edge:+    6250            0     
       Src Latency:+       0            0     
       Net Latency:+       0 (I)        0 (I) 
           Arrival:=    6250            0     
                                              
             Setup:-     236                  
       Uncertainty:-     300                  
     Required Time:=    5714                  
      Launch Clock:-       0                  
         Data Path:-    5670                  
             Slack:=      44                  

#-----------------------------------------------------------------------------------------------------
#        Timing Point          Flags   Arc   Edge   Cell     Fanout Load Trans Delay Arrival Instance 
#                                                                   (fF)  (ps)  (ps)   (ps)  Location 
#-----------------------------------------------------------------------------------------------------
  u_core_ovf_count_r_reg[0]/C  -       -     R     (arrival)    294    -   150     0       0    (-,-) 
  u_core_ovf_count_r_reg[0]/Q  -       C->Q  R     DFRSHDX2       4 55.9   333  1018    1018    (-,-) 
  g31847__1617/Q               -       A->Q  F     NA2HDX2        3 31.2   217   264    1283    (-,-) 
  g31574__4319/Q               -       AN->Q F     NA3I1HDX4      4 68.2   364   636    1919    (-,-) 
  g31492__7410/Q               -       D->Q  R     NO4I3HDX4      3 29.3   336   420    2339    (-,-) 
  g31155__5115/Q               -       A->Q  R     AND2HDX2       4 38.3   228   469    2808    (-,-) 
  g31065__2398/Q               -       A->Q  R     AND2HDX2       3 29.2   190   402    3210    (-,-) 
  g32475/Q                     -       A->Q  R     AND3HDX2       2 26.8   200   489    3699    (-,-) 
  g31034__6783/Q               -       A->Q  F     NA2HDX1        2 28.8   317   313    4012    (-,-) 
  g2/Q                         -       A->Q  F     EO2HDX1        1 11.7   304   622    4634    (-,-) 
  g30979__1666/Q               -       A->Q  F     OA21HDX0       1 15.5   234   689    5323    (-,-) 
  g30971__9315/Q               -       A->Q  R     NO2HDX1        1 11.1   332   346    5670    (-,-) 
  u_core_ovf_count_r_reg[15]/D -       -     R     DFRQHDX1       1    -     -     0    5670    (-,-) 
#-----------------------------------------------------------------------------------------------------



Path 19: MET (52 ps) Setup Check with Pin u_core_u_wdt_global_cnt_reg[15]/C->D
           View: wc_view
          Group: clk_sys
     Startpoint: (R) u_core_u_wdt_global_cnt_reg[2]/C
          Clock: (R) clk_sys
       Endpoint: (F) u_core_u_wdt_global_cnt_reg[15]/D
          Clock: (R) clk_sys

                     Capture       Launch     
        Clock Edge:+    6250            0     
       Src Latency:+       0            0     
       Net Latency:+       0 (I)        0 (I) 
           Arrival:=    6250            0     
                                              
             Setup:-     587                  
       Uncertainty:-     300                  
     Required Time:=    5363                  
      Launch Clock:-       0                  
         Data Path:-    5311                  
             Slack:=      52                  

#----------------------------------------------------------------------------------------------------------
#           Timing Point            Flags   Arc   Edge   Cell     Fanout Load Trans Delay Arrival Instance 
#                                                                        (fF)  (ps)  (ps)   (ps)  Location 
#----------------------------------------------------------------------------------------------------------
  u_core_u_wdt_global_cnt_reg[2]/C  -       -     R     (arrival)    294    -   150     0       0    (-,-) 
  u_core_u_wdt_global_cnt_reg[2]/Q  -       C->Q  F     DFRRHDX2       4 56.2   419  1533    1533    (-,-) 
  g31575__8428/Q                    -       AN->Q F     NO3I2HDX2      2 18.4   138   449    1982    (-,-) 
  g32477/Q                          -       A->Q  F     AND3HDX1       2 27.9   190   456    2438    (-,-) 
  g31493__6417/Q                    -       A->Q  F     AND2HDX2       2 27.9   131   418    2856    (-,-) 
  g31150__1881/Q                    -       A->Q  F     AND2HDX2       3 27.9   131   391    3247    (-,-) 
  g31067__6260/Q                    -       AN->Q F     NO4I1HDX1      2 27.9   180   417    3664    (-,-) 
  g31045__6131/Q                    -       A->Q  F     AND2HDX2       3 35.8   148   436    4100    (-,-) 
  g32471/Q                          -       C->Q  R     NA3HDX1        1 18.4   389   400    4500    (-,-) 
  g30949__1617/Q                    -       A->Q  R     EO2HDX1        1 15.7   432   544    5044    (-,-) 
  g30940__6260/Q                    -       A->Q  F     ON21HDX1       1 11.2   218   267    5311    (-,-) 
  u_core_u_wdt_global_cnt_reg[15]/D -       -     F     DFRQHDX1       1    -     -     0    5311    (-,-) 
#----------------------------------------------------------------------------------------------------------



Path 20: MET (53 ps) Setup Check with Pin u_core_u_fifo_rd_ptr_q_reg[5]/C->D
           View: wc_view
          Group: clk_sys
     Startpoint: (R) u_core_u_fifo_valid_q_reg/C
          Clock: (R) clk_sys
       Endpoint: (F) u_core_u_fifo_rd_ptr_q_reg[5]/D
          Clock: (R) clk_sys

                     Capture       Launch     
        Clock Edge:+    6250            0     
       Src Latency:+       0            0     
       Net Latency:+       0 (I)        0 (I) 
           Arrival:=    6250            0     
                                              
             Setup:-     570                  
       Uncertainty:-     300                  
     Required Time:=    5380                  
      Launch Clock:-       0                  
         Data Path:-    5327                  
             Slack:=      53                  

#--------------------------------------------------------------------------------------------------------
#          Timing Point           Flags   Arc   Edge   Cell     Fanout Load Trans Delay Arrival Instance 
#                                                                      (fF)  (ps)  (ps)   (ps)  Location 
#--------------------------------------------------------------------------------------------------------
  u_core_u_fifo_valid_q_reg/C     -       -     R     (arrival)    294    -   150     0       0    (-,-) 
  u_core_u_fifo_valid_q_reg/QN    -       C->QN F     DFRHDX0        1 15.4   185   997     997    (-,-) 
  g32492/Q                        -       AN->Q F     NA4I2HDX4      4 68.4   425   920    1918    (-,-) 
  g31693__6161/Q                  -       C->Q  R     NA22HDX4       7 96.9   335   432    2350    (-,-) 
  g31659/Q                        -       A->Q  F     INHDX4         8 88.1   219   284    2634    (-,-) 
  g32462/Q                        -       B->Q  R     NO2I1HDX0      1 20.1   934   841    3474    (-,-) 
  g31314__4733/CO                 -       A->CO R     HAHDX1         2 26.5   365   661    4135    (-,-) 
  g31281__5122/Q                  -       A->Q  F     NA2HDX0        1 18.2   412   445    4580    (-,-) 
  g31057__9315/Q                  -       A->Q  R     EO2HDX1        1 15.6   429   548    5128    (-,-) 
  g31041__1705/Q                  -       A->Q  F     NO2HDX1        1 11.2   159   198    5326    (-,-) 
  u_core_u_fifo_rd_ptr_q_reg[5]/D -       -     F     DFRQHDX1       1    -     -     0    5327    (-,-) 
#--------------------------------------------------------------------------------------------------------


