============================================================
  Generated by:           Genus(TM) Synthesis Solution 22.13-s093_1
  Generated on:           Jun 01 2026  10:24:24 am
  Module:                 mptdc_top_asic
  Operating conditions:   slow_1_62V_125C 
  Interconnect mode:      global
  Area mode:              physical library
============================================================


Path 1: VIOLATED (-3209 ps) Setup Check with Pin u_core_gen_pd_row[7].gen_pd_col[1].u_pd/nfast_hit_latched_reg[0]/C->D
           View: wc_view
          Group: clk_osc_fast_tap1
     Startpoint: (R) u_core_u_fast_cnt_bin_q_reg[0]/C
          Clock: (R) clk_osc_fast
       Endpoint: (F) u_core_gen_pd_row[7].gen_pd_col[1].u_pd/nfast_hit_latched_reg[0]/D
          Clock: (R) clk_osc_fast_tap1

                     Capture       Launch     
        Clock Edge:+      50            0     
       Src Latency:+       0            0     
       Net Latency:+       0 (I)        0 (I) 
           Arrival:=      50            0     
                                              
             Setup:-     679                  
       Uncertainty:-      50                  
     Required Time:=    -679                  
      Launch Clock:-       0                  
         Data Path:-    2530                  
             Slack:=   -3209                  

#--------------------------------------------------------------------------------------------------------------------------------------------
#                           Timing Point                             Flags   Arc   Edge   Cell     Fanout  Load Trans Delay Arrival Instance 
#                                                                                                          (fF)  (ps)  (ps)   (ps)  Location 
#--------------------------------------------------------------------------------------------------------------------------------------------
  u_core_u_fast_cnt_bin_q_reg[0]/C                                   -       -     R     (arrival)    111     -   150     0       0    (-,-) 
  u_core_u_fast_cnt_bin_q_reg[0]/Q                                   -       C->Q  F     DFRRQHDX1      1  32.3   316  1079    1079    (-,-) 
  drc188545/Q                                                        -       A->Q  F     BUHDX6         7 108.8   167   429    1508    (-,-) 
  g92617/Q                                                           -       A->Q  F     BUHDX12       57 537.9   339   515    2022    (-,-) 
  u_core_gen_pd_row[7].gen_pd_col[1].u_pd/g1142/Q                    -       A->Q  R     INHDX1         1  14.3   204   258    2280    (-,-) 
  u_core_gen_pd_row[7].gen_pd_col[1].u_pd/g1121__6783/Q              -       B->Q  F     ON21HDX1       1  12.3   224   250    2530    (-,-) 
  u_core_gen_pd_row[7].gen_pd_col[1].u_pd/nfast_hit_latched_reg[0]/D -       -     F     DFRRQHDX1      1     -     -     0    2530    (-,-) 
#--------------------------------------------------------------------------------------------------------------------------------------------



Path 2: VIOLATED (-3209 ps) Setup Check with Pin u_core_gen_pd_row[5].gen_pd_col[1].u_pd/nfast_hit_latched_reg[0]/C->D
           View: wc_view
          Group: clk_osc_fast_tap1
     Startpoint: (R) u_core_u_fast_cnt_bin_q_reg[0]/C
          Clock: (R) clk_osc_fast
       Endpoint: (F) u_core_gen_pd_row[5].gen_pd_col[1].u_pd/nfast_hit_latched_reg[0]/D
          Clock: (R) clk_osc_fast_tap1

                     Capture       Launch     
        Clock Edge:+      50            0     
       Src Latency:+       0            0     
       Net Latency:+       0 (I)        0 (I) 
           Arrival:=      50            0     
                                              
             Setup:-     679                  
       Uncertainty:-      50                  
     Required Time:=    -679                  
      Launch Clock:-       0                  
         Data Path:-    2530                  
             Slack:=   -3209                  

#--------------------------------------------------------------------------------------------------------------------------------------------
#                           Timing Point                             Flags   Arc   Edge   Cell     Fanout  Load Trans Delay Arrival Instance 
#                                                                                                          (fF)  (ps)  (ps)   (ps)  Location 
#--------------------------------------------------------------------------------------------------------------------------------------------
  u_core_u_fast_cnt_bin_q_reg[0]/C                                   -       -     R     (arrival)    111     -   150     0       0    (-,-) 
  u_core_u_fast_cnt_bin_q_reg[0]/Q                                   -       C->Q  F     DFRRQHDX1      1  32.3   316  1079    1079    (-,-) 
  drc188545/Q                                                        -       A->Q  F     BUHDX6         7 108.8   167   429    1508    (-,-) 
  g92617/Q                                                           -       A->Q  F     BUHDX12       57 537.9   339   515    2022    (-,-) 
  u_core_gen_pd_row[5].gen_pd_col[1].u_pd/g1142/Q                    -       A->Q  R     INHDX1         1  14.3   204   258    2280    (-,-) 
  u_core_gen_pd_row[5].gen_pd_col[1].u_pd/g1121__2883/Q              -       B->Q  F     ON21HDX1       1  12.3   224   250    2530    (-,-) 
  u_core_gen_pd_row[5].gen_pd_col[1].u_pd/nfast_hit_latched_reg[0]/D -       -     F     DFRRQHDX1      1     -     -     0    2530    (-,-) 
#--------------------------------------------------------------------------------------------------------------------------------------------



Path 3: VIOLATED (-3209 ps) Setup Check with Pin u_core_gen_pd_row[4].gen_pd_col[1].u_pd/nfast_hit_latched_reg[0]/C->D
           View: wc_view
          Group: clk_osc_fast_tap1
     Startpoint: (R) u_core_u_fast_cnt_bin_q_reg[0]/C
          Clock: (R) clk_osc_fast
       Endpoint: (F) u_core_gen_pd_row[4].gen_pd_col[1].u_pd/nfast_hit_latched_reg[0]/D
          Clock: (R) clk_osc_fast_tap1

                     Capture       Launch     
        Clock Edge:+      50            0     
       Src Latency:+       0            0     
       Net Latency:+       0 (I)        0 (I) 
           Arrival:=      50            0     
                                              
             Setup:-     679                  
       Uncertainty:-      50                  
     Required Time:=    -679                  
      Launch Clock:-       0                  
         Data Path:-    2530                  
             Slack:=   -3209                  

#--------------------------------------------------------------------------------------------------------------------------------------------
#                           Timing Point                             Flags   Arc   Edge   Cell     Fanout  Load Trans Delay Arrival Instance 
#                                                                                                          (fF)  (ps)  (ps)   (ps)  Location 
#--------------------------------------------------------------------------------------------------------------------------------------------
  u_core_u_fast_cnt_bin_q_reg[0]/C                                   -       -     R     (arrival)    111     -   150     0       0    (-,-) 
  u_core_u_fast_cnt_bin_q_reg[0]/Q                                   -       C->Q  F     DFRRQHDX1      1  32.3   316  1079    1079    (-,-) 
  drc188545/Q                                                        -       A->Q  F     BUHDX6         7 108.8   167   429    1508    (-,-) 
  g92617/Q                                                           -       A->Q  F     BUHDX12       57 537.9   339   515    2022    (-,-) 
  u_core_gen_pd_row[4].gen_pd_col[1].u_pd/g1142/Q                    -       A->Q  R     INHDX1         1  14.3   204   258    2280    (-,-) 
  u_core_gen_pd_row[4].gen_pd_col[1].u_pd/g1121__5115/Q              -       B->Q  F     ON21HDX1       1  12.3   224   250    2530    (-,-) 
  u_core_gen_pd_row[4].gen_pd_col[1].u_pd/nfast_hit_latched_reg[0]/D -       -     F     DFRRQHDX1      1     -     -     0    2530    (-,-) 
#--------------------------------------------------------------------------------------------------------------------------------------------



Path 4: VIOLATED (-3209 ps) Setup Check with Pin u_core_gen_pd_row[2].gen_pd_col[1].u_pd/nfast_hit_latched_reg[0]/C->D
           View: wc_view
          Group: clk_osc_fast_tap1
     Startpoint: (R) u_core_u_fast_cnt_bin_q_reg[0]/C
          Clock: (R) clk_osc_fast
       Endpoint: (F) u_core_gen_pd_row[2].gen_pd_col[1].u_pd/nfast_hit_latched_reg[0]/D
          Clock: (R) clk_osc_fast_tap1

                     Capture       Launch     
        Clock Edge:+      50            0     
       Src Latency:+       0            0     
       Net Latency:+       0 (I)        0 (I) 
           Arrival:=      50            0     
                                              
             Setup:-     679                  
       Uncertainty:-      50                  
     Required Time:=    -679                  
      Launch Clock:-       0                  
         Data Path:-    2530                  
             Slack:=   -3209                  

#--------------------------------------------------------------------------------------------------------------------------------------------
#                           Timing Point                             Flags   Arc   Edge   Cell     Fanout  Load Trans Delay Arrival Instance 
#                                                                                                          (fF)  (ps)  (ps)   (ps)  Location 
#--------------------------------------------------------------------------------------------------------------------------------------------
  u_core_u_fast_cnt_bin_q_reg[0]/C                                   -       -     R     (arrival)    111     -   150     0       0    (-,-) 
  u_core_u_fast_cnt_bin_q_reg[0]/Q                                   -       C->Q  F     DFRRQHDX1      1  32.3   316  1079    1079    (-,-) 
  drc188545/Q                                                        -       A->Q  F     BUHDX6         7 108.8   167   429    1508    (-,-) 
  g92617/Q                                                           -       A->Q  F     BUHDX12       57 537.9   339   515    2022    (-,-) 
  u_core_gen_pd_row[2].gen_pd_col[1].u_pd/g1142/Q                    -       A->Q  R     INHDX1         1  14.3   204   258    2280    (-,-) 
  u_core_gen_pd_row[2].gen_pd_col[1].u_pd/g1121__8428/Q              -       B->Q  F     ON21HDX1       1  12.3   224   250    2530    (-,-) 
  u_core_gen_pd_row[2].gen_pd_col[1].u_pd/nfast_hit_latched_reg[0]/D -       -     F     DFRRQHDX1      1     -     -     0    2530    (-,-) 
#--------------------------------------------------------------------------------------------------------------------------------------------



Path 5: VIOLATED (-3209 ps) Setup Check with Pin u_core_gen_pd_row[1].gen_pd_col[1].u_pd/nfast_hit_latched_reg[0]/C->D
           View: wc_view
          Group: clk_osc_fast_tap1
     Startpoint: (R) u_core_u_fast_cnt_bin_q_reg[0]/C
          Clock: (R) clk_osc_fast
       Endpoint: (F) u_core_gen_pd_row[1].gen_pd_col[1].u_pd/nfast_hit_latched_reg[0]/D
          Clock: (R) clk_osc_fast_tap1

                     Capture       Launch     
        Clock Edge:+      50            0     
       Src Latency:+       0            0     
       Net Latency:+       0 (I)        0 (I) 
           Arrival:=      50            0     
                                              
             Setup:-     679                  
       Uncertainty:-      50                  
     Required Time:=    -679                  
      Launch Clock:-       0                  
         Data Path:-    2530                  
             Slack:=   -3209                  

#--------------------------------------------------------------------------------------------------------------------------------------------
#                           Timing Point                             Flags   Arc   Edge   Cell     Fanout  Load Trans Delay Arrival Instance 
#                                                                                                          (fF)  (ps)  (ps)   (ps)  Location 
#--------------------------------------------------------------------------------------------------------------------------------------------
  u_core_u_fast_cnt_bin_q_reg[0]/C                                   -       -     R     (arrival)    111     -   150     0       0    (-,-) 
  u_core_u_fast_cnt_bin_q_reg[0]/Q                                   -       C->Q  F     DFRRQHDX1      1  32.3   316  1079    1079    (-,-) 
  drc188545/Q                                                        -       A->Q  F     BUHDX6         7 108.8   167   429    1508    (-,-) 
  g92617/Q                                                           -       A->Q  F     BUHDX12       57 537.9   339   515    2022    (-,-) 
  u_core_gen_pd_row[1].gen_pd_col[1].u_pd/g1142/Q                    -       A->Q  R     INHDX1         1  14.3   204   258    2280    (-,-) 
  u_core_gen_pd_row[1].gen_pd_col[1].u_pd/g1121__6417/Q              -       B->Q  F     ON21HDX1       1  12.3   224   250    2530    (-,-) 
  u_core_gen_pd_row[1].gen_pd_col[1].u_pd/nfast_hit_latched_reg[0]/D -       -     F     DFRRQHDX1      1     -     -     0    2530    (-,-) 
#--------------------------------------------------------------------------------------------------------------------------------------------



Path 6: VIOLATED (-3209 ps) Setup Check with Pin u_core_gen_pd_row[0].gen_pd_col[1].u_pd/nfast_hit_latched_reg[0]/C->D
           View: wc_view
          Group: clk_osc_fast_tap1
     Startpoint: (R) u_core_u_fast_cnt_bin_q_reg[0]/C
          Clock: (R) clk_osc_fast
       Endpoint: (F) u_core_gen_pd_row[0].gen_pd_col[1].u_pd/nfast_hit_latched_reg[0]/D
          Clock: (R) clk_osc_fast_tap1

                     Capture       Launch     
        Clock Edge:+      50            0     
       Src Latency:+       0            0     
       Net Latency:+       0 (I)        0 (I) 
           Arrival:=      50            0     
                                              
             Setup:-     679                  
       Uncertainty:-      50                  
     Required Time:=    -679                  
      Launch Clock:-       0                  
         Data Path:-    2530                  
             Slack:=   -3209                  

#--------------------------------------------------------------------------------------------------------------------------------------------
#                           Timing Point                             Flags   Arc   Edge   Cell     Fanout  Load Trans Delay Arrival Instance 
#                                                                                                          (fF)  (ps)  (ps)   (ps)  Location 
#--------------------------------------------------------------------------------------------------------------------------------------------
  u_core_u_fast_cnt_bin_q_reg[0]/C                                   -       -     R     (arrival)    111     -   150     0       0    (-,-) 
  u_core_u_fast_cnt_bin_q_reg[0]/Q                                   -       C->Q  F     DFRRQHDX1      1  32.3   316  1079    1079    (-,-) 
  drc188545/Q                                                        -       A->Q  F     BUHDX6         7 108.8   167   429    1508    (-,-) 
  g92617/Q                                                           -       A->Q  F     BUHDX12       57 537.9   339   515    2022    (-,-) 
  u_core_gen_pd_row[0].gen_pd_col[1].u_pd/g1142/Q                    -       A->Q  R     INHDX1         1  14.3   204   258    2280    (-,-) 
  u_core_gen_pd_row[0].gen_pd_col[1].u_pd/g1121__9315/Q              -       B->Q  F     ON21HDX1       1  12.3   224   250    2530    (-,-) 
  u_core_gen_pd_row[0].gen_pd_col[1].u_pd/nfast_hit_latched_reg[0]/D -       -     F     DFRRQHDX1      1     -     -     0    2530    (-,-) 
#--------------------------------------------------------------------------------------------------------------------------------------------



Path 7: VIOLATED (-3208 ps) Setup Check with Pin u_core_gen_pd_row[7].gen_pd_col[1].u_pd/nfast_hit_latched_reg[3]/C->D
           View: wc_view
          Group: clk_osc_fast_tap1
     Startpoint: (R) u_core_u_fast_cnt_bin_q_reg[3]/C
          Clock: (R) clk_osc_fast
       Endpoint: (F) u_core_gen_pd_row[7].gen_pd_col[1].u_pd/nfast_hit_latched_reg[3]/D
          Clock: (R) clk_osc_fast_tap1

                     Capture       Launch     
        Clock Edge:+      50            0     
       Src Latency:+       0            0     
       Net Latency:+       0 (I)        0 (I) 
           Arrival:=      50            0     
                                              
             Setup:-     679                  
       Uncertainty:-      50                  
     Required Time:=    -679                  
      Launch Clock:-       0                  
         Data Path:-    2529                  
             Slack:=   -3208                  

#--------------------------------------------------------------------------------------------------------------------------------------------
#                           Timing Point                             Flags   Arc   Edge   Cell     Fanout  Load Trans Delay Arrival Instance 
#                                                                                                          (fF)  (ps)  (ps)   (ps)  Location 
#--------------------------------------------------------------------------------------------------------------------------------------------
  u_core_u_fast_cnt_bin_q_reg[3]/C                                   -       -     R     (arrival)    111     -   150     0       0    (-,-) 
  u_core_u_fast_cnt_bin_q_reg[3]/Q                                   -       C->Q  F     DFRRQHDX1      1  24.1   277  1023    1023    (-,-) 
  drc188588/Q                                                        -       A->Q  F     BUHDX4         5 103.2   212   460    1483    (-,-) 
  g92623/Q                                                           -       A->Q  F     BUHDX12       57 542.4   341   537    2020    (-,-) 
  u_core_gen_pd_row[7].gen_pd_col[1].u_pd/g1146/Q                    -       A->Q  R     INHDX1         1  14.3   204   258    2278    (-,-) 
  u_core_gen_pd_row[7].gen_pd_col[1].u_pd/g1120__5526/Q              -       B->Q  F     ON21HDX1       1  12.3   224   251    2529    (-,-) 
  u_core_gen_pd_row[7].gen_pd_col[1].u_pd/nfast_hit_latched_reg[3]/D -       -     F     DFRRQHDX1      1     -     -     0    2529    (-,-) 
#--------------------------------------------------------------------------------------------------------------------------------------------



Path 8: VIOLATED (-3208 ps) Setup Check with Pin u_core_gen_pd_row[6].gen_pd_col[1].u_pd/nfast_hit_latched_reg[3]/C->D
           View: wc_view
          Group: clk_osc_fast_tap1
     Startpoint: (R) u_core_u_fast_cnt_bin_q_reg[3]/C
          Clock: (R) clk_osc_fast
       Endpoint: (F) u_core_gen_pd_row[6].gen_pd_col[1].u_pd/nfast_hit_latched_reg[3]/D
          Clock: (R) clk_osc_fast_tap1

                     Capture       Launch     
        Clock Edge:+      50            0     
       Src Latency:+       0            0     
       Net Latency:+       0 (I)        0 (I) 
           Arrival:=      50            0     
                                              
             Setup:-     679                  
       Uncertainty:-      50                  
     Required Time:=    -679                  
      Launch Clock:-       0                  
         Data Path:-    2529                  
             Slack:=   -3208                  

#--------------------------------------------------------------------------------------------------------------------------------------------
#                           Timing Point                             Flags   Arc   Edge   Cell     Fanout  Load Trans Delay Arrival Instance 
#                                                                                                          (fF)  (ps)  (ps)   (ps)  Location 
#--------------------------------------------------------------------------------------------------------------------------------------------
  u_core_u_fast_cnt_bin_q_reg[3]/C                                   -       -     R     (arrival)    111     -   150     0       0    (-,-) 
  u_core_u_fast_cnt_bin_q_reg[3]/Q                                   -       C->Q  F     DFRRQHDX1      1  24.1   277  1023    1023    (-,-) 
  drc188588/Q                                                        -       A->Q  F     BUHDX4         5 103.2   212   460    1483    (-,-) 
  g92623/Q                                                           -       A->Q  F     BUHDX12       57 542.4   341   537    2020    (-,-) 
  u_core_gen_pd_row[6].gen_pd_col[1].u_pd/g1146/Q                    -       A->Q  R     INHDX1         1  14.3   204   258    2278    (-,-) 
  u_core_gen_pd_row[6].gen_pd_col[1].u_pd/g1120__5477/Q              -       B->Q  F     ON21HDX1       1  12.3   224   251    2529    (-,-) 
  u_core_gen_pd_row[6].gen_pd_col[1].u_pd/nfast_hit_latched_reg[3]/D -       -     F     DFRRQHDX1      1     -     -     0    2529    (-,-) 
#--------------------------------------------------------------------------------------------------------------------------------------------



Path 9: VIOLATED (-3208 ps) Setup Check with Pin u_core_gen_pd_row[5].gen_pd_col[1].u_pd/nfast_hit_latched_reg[3]/C->D
           View: wc_view
          Group: clk_osc_fast_tap1
     Startpoint: (R) u_core_u_fast_cnt_bin_q_reg[3]/C
          Clock: (R) clk_osc_fast
       Endpoint: (F) u_core_gen_pd_row[5].gen_pd_col[1].u_pd/nfast_hit_latched_reg[3]/D
          Clock: (R) clk_osc_fast_tap1

                     Capture       Launch     
        Clock Edge:+      50            0     
       Src Latency:+       0            0     
       Net Latency:+       0 (I)        0 (I) 
           Arrival:=      50            0     
                                              
             Setup:-     679                  
       Uncertainty:-      50                  
     Required Time:=    -679                  
      Launch Clock:-       0                  
         Data Path:-    2529                  
             Slack:=   -3208                  

#--------------------------------------------------------------------------------------------------------------------------------------------
#                           Timing Point                             Flags   Arc   Edge   Cell     Fanout  Load Trans Delay Arrival Instance 
#                                                                                                          (fF)  (ps)  (ps)   (ps)  Location 
#--------------------------------------------------------------------------------------------------------------------------------------------
  u_core_u_fast_cnt_bin_q_reg[3]/C                                   -       -     R     (arrival)    111     -   150     0       0    (-,-) 
  u_core_u_fast_cnt_bin_q_reg[3]/Q                                   -       C->Q  F     DFRRQHDX1      1  24.1   277  1023    1023    (-,-) 
  drc188588/Q                                                        -       A->Q  F     BUHDX4         5 103.2   212   460    1483    (-,-) 
  g92623/Q                                                           -       A->Q  F     BUHDX12       57 542.4   341   537    2020    (-,-) 
  u_core_gen_pd_row[5].gen_pd_col[1].u_pd/g1146/Q                    -       A->Q  R     INHDX1         1  14.3   204   258    2278    (-,-) 
  u_core_gen_pd_row[5].gen_pd_col[1].u_pd/g1120__9945/Q              -       B->Q  F     ON21HDX1       1  12.3   224   251    2529    (-,-) 
  u_core_gen_pd_row[5].gen_pd_col[1].u_pd/nfast_hit_latched_reg[3]/D -       -     F     DFRRQHDX1      1     -     -     0    2529    (-,-) 
#--------------------------------------------------------------------------------------------------------------------------------------------



Path 10: VIOLATED (-3208 ps) Setup Check with Pin u_core_gen_pd_row[4].gen_pd_col[1].u_pd/nfast_hit_latched_reg[3]/C->D
           View: wc_view
          Group: clk_osc_fast_tap1
     Startpoint: (R) u_core_u_fast_cnt_bin_q_reg[3]/C
          Clock: (R) clk_osc_fast
       Endpoint: (F) u_core_gen_pd_row[4].gen_pd_col[1].u_pd/nfast_hit_latched_reg[3]/D
          Clock: (R) clk_osc_fast_tap1

                     Capture       Launch     
        Clock Edge:+      50            0     
       Src Latency:+       0            0     
       Net Latency:+       0 (I)        0 (I) 
           Arrival:=      50            0     
                                              
             Setup:-     679                  
       Uncertainty:-      50                  
     Required Time:=    -679                  
      Launch Clock:-       0                  
         Data Path:-    2529                  
             Slack:=   -3208                  

#--------------------------------------------------------------------------------------------------------------------------------------------
#                           Timing Point                             Flags   Arc   Edge   Cell     Fanout  Load Trans Delay Arrival Instance 
#                                                                                                          (fF)  (ps)  (ps)   (ps)  Location 
#--------------------------------------------------------------------------------------------------------------------------------------------
  u_core_u_fast_cnt_bin_q_reg[3]/C                                   -       -     R     (arrival)    111     -   150     0       0    (-,-) 
  u_core_u_fast_cnt_bin_q_reg[3]/Q                                   -       C->Q  F     DFRRQHDX1      1  24.1   277  1023    1023    (-,-) 
  drc188588/Q                                                        -       A->Q  F     BUHDX4         5 103.2   212   460    1483    (-,-) 
  g92623/Q                                                           -       A->Q  F     BUHDX12       57 542.4   341   537    2020    (-,-) 
  u_core_gen_pd_row[4].gen_pd_col[1].u_pd/g1146/Q                    -       A->Q  R     INHDX1         1  14.3   204   258    2278    (-,-) 
  u_core_gen_pd_row[4].gen_pd_col[1].u_pd/g1120__1881/Q              -       B->Q  F     ON21HDX1       1  12.3   224   251    2529    (-,-) 
  u_core_gen_pd_row[4].gen_pd_col[1].u_pd/nfast_hit_latched_reg[3]/D -       -     F     DFRRQHDX1      1     -     -     0    2529    (-,-) 
#--------------------------------------------------------------------------------------------------------------------------------------------



Path 11: VIOLATED (-3208 ps) Setup Check with Pin u_core_gen_pd_row[3].gen_pd_col[1].u_pd/nfast_hit_latched_reg[3]/C->D
           View: wc_view
          Group: clk_osc_fast_tap1
     Startpoint: (R) u_core_u_fast_cnt_bin_q_reg[3]/C
          Clock: (R) clk_osc_fast
       Endpoint: (F) u_core_gen_pd_row[3].gen_pd_col[1].u_pd/nfast_hit_latched_reg[3]/D
          Clock: (R) clk_osc_fast_tap1

                     Capture       Launch     
        Clock Edge:+      50            0     
       Src Latency:+       0            0     
       Net Latency:+       0 (I)        0 (I) 
           Arrival:=      50            0     
                                              
             Setup:-     679                  
       Uncertainty:-      50                  
     Required Time:=    -679                  
      Launch Clock:-       0                  
         Data Path:-    2529                  
             Slack:=   -3208                  

#--------------------------------------------------------------------------------------------------------------------------------------------
#                           Timing Point                             Flags   Arc   Edge   Cell     Fanout  Load Trans Delay Arrival Instance 
#                                                                                                          (fF)  (ps)  (ps)   (ps)  Location 
#--------------------------------------------------------------------------------------------------------------------------------------------
  u_core_u_fast_cnt_bin_q_reg[3]/C                                   -       -     R     (arrival)    111     -   150     0       0    (-,-) 
  u_core_u_fast_cnt_bin_q_reg[3]/Q                                   -       C->Q  F     DFRRQHDX1      1  24.1   277  1023    1023    (-,-) 
  drc188588/Q                                                        -       A->Q  F     BUHDX4         5 103.2   212   460    1483    (-,-) 
  g92623/Q                                                           -       A->Q  F     BUHDX12       57 542.4   341   537    2020    (-,-) 
  u_core_gen_pd_row[3].gen_pd_col[1].u_pd/g1146/Q                    -       A->Q  R     INHDX1         1  14.3   204   258    2278    (-,-) 
  u_core_gen_pd_row[3].gen_pd_col[1].u_pd/g1120__2802/Q              -       B->Q  F     ON21HDX1       1  12.3   224   251    2529    (-,-) 
  u_core_gen_pd_row[3].gen_pd_col[1].u_pd/nfast_hit_latched_reg[3]/D -       -     F     DFRRQHDX1      1     -     -     0    2529    (-,-) 
#--------------------------------------------------------------------------------------------------------------------------------------------



Path 12: VIOLATED (-3208 ps) Setup Check with Pin u_core_gen_pd_row[2].gen_pd_col[1].u_pd/nfast_hit_latched_reg[3]/C->D
           View: wc_view
          Group: clk_osc_fast_tap1
     Startpoint: (R) u_core_u_fast_cnt_bin_q_reg[3]/C
          Clock: (R) clk_osc_fast
       Endpoint: (F) u_core_gen_pd_row[2].gen_pd_col[1].u_pd/nfast_hit_latched_reg[3]/D
          Clock: (R) clk_osc_fast_tap1

                     Capture       Launch     
        Clock Edge:+      50            0     
       Src Latency:+       0            0     
       Net Latency:+       0 (I)        0 (I) 
           Arrival:=      50            0     
                                              
             Setup:-     679                  
       Uncertainty:-      50                  
     Required Time:=    -679                  
      Launch Clock:-       0                  
         Data Path:-    2529                  
             Slack:=   -3208                  

#--------------------------------------------------------------------------------------------------------------------------------------------
#                           Timing Point                             Flags   Arc   Edge   Cell     Fanout  Load Trans Delay Arrival Instance 
#                                                                                                          (fF)  (ps)  (ps)   (ps)  Location 
#--------------------------------------------------------------------------------------------------------------------------------------------
  u_core_u_fast_cnt_bin_q_reg[3]/C                                   -       -     R     (arrival)    111     -   150     0       0    (-,-) 
  u_core_u_fast_cnt_bin_q_reg[3]/Q                                   -       C->Q  F     DFRRQHDX1      1  24.1   277  1023    1023    (-,-) 
  drc188588/Q                                                        -       A->Q  F     BUHDX4         5 103.2   212   460    1483    (-,-) 
  g92623/Q                                                           -       A->Q  F     BUHDX12       57 542.4   341   537    2020    (-,-) 
  u_core_gen_pd_row[2].gen_pd_col[1].u_pd/g1146/Q                    -       A->Q  R     INHDX1         1  14.3   204   258    2278    (-,-) 
  u_core_gen_pd_row[2].gen_pd_col[1].u_pd/g1120__4319/Q              -       B->Q  F     ON21HDX1       1  12.3   224   251    2529    (-,-) 
  u_core_gen_pd_row[2].gen_pd_col[1].u_pd/nfast_hit_latched_reg[3]/D -       -     F     DFRRQHDX1      1     -     -     0    2529    (-,-) 
#--------------------------------------------------------------------------------------------------------------------------------------------



Path 13: VIOLATED (-3208 ps) Setup Check with Pin u_core_gen_pd_row[1].gen_pd_col[1].u_pd/nfast_hit_latched_reg[3]/C->D
           View: wc_view
          Group: clk_osc_fast_tap1
     Startpoint: (R) u_core_u_fast_cnt_bin_q_reg[3]/C
          Clock: (R) clk_osc_fast
       Endpoint: (F) u_core_gen_pd_row[1].gen_pd_col[1].u_pd/nfast_hit_latched_reg[3]/D
          Clock: (R) clk_osc_fast_tap1

                     Capture       Launch     
        Clock Edge:+      50            0     
       Src Latency:+       0            0     
       Net Latency:+       0 (I)        0 (I) 
           Arrival:=      50            0     
                                              
             Setup:-     679                  
       Uncertainty:-      50                  
     Required Time:=    -679                  
      Launch Clock:-       0                  
         Data Path:-    2529                  
             Slack:=   -3208                  

#--------------------------------------------------------------------------------------------------------------------------------------------
#                           Timing Point                             Flags   Arc   Edge   Cell     Fanout  Load Trans Delay Arrival Instance 
#                                                                                                          (fF)  (ps)  (ps)   (ps)  Location 
#--------------------------------------------------------------------------------------------------------------------------------------------
  u_core_u_fast_cnt_bin_q_reg[3]/C                                   -       -     R     (arrival)    111     -   150     0       0    (-,-) 
  u_core_u_fast_cnt_bin_q_reg[3]/Q                                   -       C->Q  F     DFRRQHDX1      1  24.1   277  1023    1023    (-,-) 
  drc188588/Q                                                        -       A->Q  F     BUHDX4         5 103.2   212   460    1483    (-,-) 
  g92623/Q                                                           -       A->Q  F     BUHDX12       57 542.4   341   537    2020    (-,-) 
  u_core_gen_pd_row[1].gen_pd_col[1].u_pd/g1146/Q                    -       A->Q  R     INHDX1         1  14.3   204   258    2278    (-,-) 
  u_core_gen_pd_row[1].gen_pd_col[1].u_pd/g1120__7410/Q              -       B->Q  F     ON21HDX1       1  12.3   224   251    2529    (-,-) 
  u_core_gen_pd_row[1].gen_pd_col[1].u_pd/nfast_hit_latched_reg[3]/D -       -     F     DFRRQHDX1      1     -     -     0    2529    (-,-) 
#--------------------------------------------------------------------------------------------------------------------------------------------



Path 14: VIOLATED (-3208 ps) Setup Check with Pin u_core_gen_pd_row[0].gen_pd_col[1].u_pd/nfast_hit_latched_reg[3]/C->D
           View: wc_view
          Group: clk_osc_fast_tap1
     Startpoint: (R) u_core_u_fast_cnt_bin_q_reg[3]/C
          Clock: (R) clk_osc_fast
       Endpoint: (F) u_core_gen_pd_row[0].gen_pd_col[1].u_pd/nfast_hit_latched_reg[3]/D
          Clock: (R) clk_osc_fast_tap1

                     Capture       Launch     
        Clock Edge:+      50            0     
       Src Latency:+       0            0     
       Net Latency:+       0 (I)        0 (I) 
           Arrival:=      50            0     
                                              
             Setup:-     679                  
       Uncertainty:-      50                  
     Required Time:=    -679                  
      Launch Clock:-       0                  
         Data Path:-    2529                  
             Slack:=   -3208                  

#--------------------------------------------------------------------------------------------------------------------------------------------
#                           Timing Point                             Flags   Arc   Edge   Cell     Fanout  Load Trans Delay Arrival Instance 
#                                                                                                          (fF)  (ps)  (ps)   (ps)  Location 
#--------------------------------------------------------------------------------------------------------------------------------------------
  u_core_u_fast_cnt_bin_q_reg[3]/C                                   -       -     R     (arrival)    111     -   150     0       0    (-,-) 
  u_core_u_fast_cnt_bin_q_reg[3]/Q                                   -       C->Q  F     DFRRQHDX1      1  24.1   277  1023    1023    (-,-) 
  drc188588/Q                                                        -       A->Q  F     BUHDX4         5 103.2   212   460    1483    (-,-) 
  g92623/Q                                                           -       A->Q  F     BUHDX12       57 542.4   341   537    2020    (-,-) 
  u_core_gen_pd_row[0].gen_pd_col[1].u_pd/g1146/Q                    -       A->Q  R     INHDX1         1  14.3   204   258    2278    (-,-) 
  u_core_gen_pd_row[0].gen_pd_col[1].u_pd/g1120__6161/Q              -       B->Q  F     ON21HDX1       1  12.3   224   251    2529    (-,-) 
  u_core_gen_pd_row[0].gen_pd_col[1].u_pd/nfast_hit_latched_reg[3]/D -       -     F     DFRRQHDX1      1     -     -     0    2529    (-,-) 
#--------------------------------------------------------------------------------------------------------------------------------------------



Path 15: VIOLATED (-3204 ps) Setup Check with Pin u_core_gen_pd_row[7].gen_pd_col[1].u_pd/nfast_hit_latched_reg[5]/C->D
           View: wc_view
          Group: clk_osc_fast_tap1
     Startpoint: (R) u_core_u_fast_cnt_bin_q_reg[5]/C
          Clock: (R) clk_osc_fast
       Endpoint: (F) u_core_gen_pd_row[7].gen_pd_col[1].u_pd/nfast_hit_latched_reg[5]/D
          Clock: (R) clk_osc_fast_tap1

                     Capture       Launch     
        Clock Edge:+      50            0     
       Src Latency:+       0            0     
       Net Latency:+       0 (I)        0 (I) 
           Arrival:=      50            0     
                                              
             Setup:-     679                  
       Uncertainty:-      50                  
     Required Time:=    -679                  
      Launch Clock:-       0                  
         Data Path:-    2525                  
             Slack:=   -3204                  

#--------------------------------------------------------------------------------------------------------------------------------------------
#                           Timing Point                             Flags   Arc   Edge   Cell     Fanout  Load Trans Delay Arrival Instance 
#                                                                                                          (fF)  (ps)  (ps)   (ps)  Location 
#--------------------------------------------------------------------------------------------------------------------------------------------
  u_core_u_fast_cnt_bin_q_reg[5]/C                                   -       -     R     (arrival)    111     -   150     0       0    (-,-) 
  u_core_u_fast_cnt_bin_q_reg[5]/Q                                   -       C->Q  F     DFRRQHDX1      1  19.6   247   981     981    (-,-) 
  g188832/Q                                                          -       A->Q  F     BUHDX3         5  94.5   252   480    1462    (-,-) 
  g92615/Q                                                           -       A->Q  F     BUHDX12       57 542.4   342   554    2016    (-,-) 
  u_core_gen_pd_row[7].gen_pd_col[1].u_pd/g1141/Q                    -       A->Q  R     INHDX1         1  14.3   204   258    2274    (-,-) 
  u_core_gen_pd_row[7].gen_pd_col[1].u_pd/g1122__3680/Q              -       B->Q  F     ON21HDX1       1  12.3   224   251    2525    (-,-) 
  u_core_gen_pd_row[7].gen_pd_col[1].u_pd/nfast_hit_latched_reg[5]/D -       -     F     DFRRQHDX1      1     -     -     0    2525    (-,-) 
#--------------------------------------------------------------------------------------------------------------------------------------------



Path 16: VIOLATED (-3204 ps) Setup Check with Pin u_core_gen_pd_row[6].gen_pd_col[1].u_pd/nfast_hit_latched_reg[5]/C->D
           View: wc_view
          Group: clk_osc_fast_tap1
     Startpoint: (R) u_core_u_fast_cnt_bin_q_reg[5]/C
          Clock: (R) clk_osc_fast
       Endpoint: (F) u_core_gen_pd_row[6].gen_pd_col[1].u_pd/nfast_hit_latched_reg[5]/D
          Clock: (R) clk_osc_fast_tap1

                     Capture       Launch     
        Clock Edge:+      50            0     
       Src Latency:+       0            0     
       Net Latency:+       0 (I)        0 (I) 
           Arrival:=      50            0     
                                              
             Setup:-     679                  
       Uncertainty:-      50                  
     Required Time:=    -679                  
      Launch Clock:-       0                  
         Data Path:-    2525                  
             Slack:=   -3204                  

#--------------------------------------------------------------------------------------------------------------------------------------------
#                           Timing Point                             Flags   Arc   Edge   Cell     Fanout  Load Trans Delay Arrival Instance 
#                                                                                                          (fF)  (ps)  (ps)   (ps)  Location 
#--------------------------------------------------------------------------------------------------------------------------------------------
  u_core_u_fast_cnt_bin_q_reg[5]/C                                   -       -     R     (arrival)    111     -   150     0       0    (-,-) 
  u_core_u_fast_cnt_bin_q_reg[5]/Q                                   -       C->Q  F     DFRRQHDX1      1  19.6   247   981     981    (-,-) 
  g188832/Q                                                          -       A->Q  F     BUHDX3         5  94.5   252   480    1462    (-,-) 
  g92615/Q                                                           -       A->Q  F     BUHDX12       57 542.4   342   554    2016    (-,-) 
  u_core_gen_pd_row[6].gen_pd_col[1].u_pd/g1141/Q                    -       A->Q  R     INHDX1         1  14.3   204   258    2274    (-,-) 
  u_core_gen_pd_row[6].gen_pd_col[1].u_pd/g1122__5107/Q              -       B->Q  F     ON21HDX1       1  12.3   224   251    2525    (-,-) 
  u_core_gen_pd_row[6].gen_pd_col[1].u_pd/nfast_hit_latched_reg[5]/D -       -     F     DFRRQHDX1      1     -     -     0    2525    (-,-) 
#--------------------------------------------------------------------------------------------------------------------------------------------



Path 17: VIOLATED (-3204 ps) Setup Check with Pin u_core_gen_pd_row[5].gen_pd_col[1].u_pd/nfast_hit_latched_reg[5]/C->D
           View: wc_view
          Group: clk_osc_fast_tap1
     Startpoint: (R) u_core_u_fast_cnt_bin_q_reg[5]/C
          Clock: (R) clk_osc_fast
       Endpoint: (F) u_core_gen_pd_row[5].gen_pd_col[1].u_pd/nfast_hit_latched_reg[5]/D
          Clock: (R) clk_osc_fast_tap1

                     Capture       Launch     
        Clock Edge:+      50            0     
       Src Latency:+       0            0     
       Net Latency:+       0 (I)        0 (I) 
           Arrival:=      50            0     
                                              
             Setup:-     679                  
       Uncertainty:-      50                  
     Required Time:=    -679                  
      Launch Clock:-       0                  
         Data Path:-    2525                  
             Slack:=   -3204                  

#--------------------------------------------------------------------------------------------------------------------------------------------
#                           Timing Point                             Flags   Arc   Edge   Cell     Fanout  Load Trans Delay Arrival Instance 
#                                                                                                          (fF)  (ps)  (ps)   (ps)  Location 
#--------------------------------------------------------------------------------------------------------------------------------------------
  u_core_u_fast_cnt_bin_q_reg[5]/C                                   -       -     R     (arrival)    111     -   150     0       0    (-,-) 
  u_core_u_fast_cnt_bin_q_reg[5]/Q                                   -       C->Q  F     DFRRQHDX1      1  19.6   247   981     981    (-,-) 
  g188832/Q                                                          -       A->Q  F     BUHDX3         5  94.5   252   480    1462    (-,-) 
  g92615/Q                                                           -       A->Q  F     BUHDX12       57 542.4   342   554    2016    (-,-) 
  u_core_gen_pd_row[5].gen_pd_col[1].u_pd/g1141/Q                    -       A->Q  R     INHDX1         1  14.3   204   258    2274    (-,-) 
  u_core_gen_pd_row[5].gen_pd_col[1].u_pd/g1122__2346/Q              -       B->Q  F     ON21HDX1       1  12.3   224   251    2525    (-,-) 
  u_core_gen_pd_row[5].gen_pd_col[1].u_pd/nfast_hit_latched_reg[5]/D -       -     F     DFRRQHDX1      1     -     -     0    2525    (-,-) 
#--------------------------------------------------------------------------------------------------------------------------------------------



Path 18: VIOLATED (-3204 ps) Setup Check with Pin u_core_gen_pd_row[4].gen_pd_col[1].u_pd/nfast_hit_latched_reg[5]/C->D
           View: wc_view
          Group: clk_osc_fast_tap1
     Startpoint: (R) u_core_u_fast_cnt_bin_q_reg[5]/C
          Clock: (R) clk_osc_fast
       Endpoint: (F) u_core_gen_pd_row[4].gen_pd_col[1].u_pd/nfast_hit_latched_reg[5]/D
          Clock: (R) clk_osc_fast_tap1

                     Capture       Launch     
        Clock Edge:+      50            0     
       Src Latency:+       0            0     
       Net Latency:+       0 (I)        0 (I) 
           Arrival:=      50            0     
                                              
             Setup:-     679                  
       Uncertainty:-      50                  
     Required Time:=    -679                  
      Launch Clock:-       0                  
         Data Path:-    2525                  
             Slack:=   -3204                  

#--------------------------------------------------------------------------------------------------------------------------------------------
#                           Timing Point                             Flags   Arc   Edge   Cell     Fanout  Load Trans Delay Arrival Instance 
#                                                                                                          (fF)  (ps)  (ps)   (ps)  Location 
#--------------------------------------------------------------------------------------------------------------------------------------------
  u_core_u_fast_cnt_bin_q_reg[5]/C                                   -       -     R     (arrival)    111     -   150     0       0    (-,-) 
  u_core_u_fast_cnt_bin_q_reg[5]/Q                                   -       C->Q  F     DFRRQHDX1      1  19.6   247   981     981    (-,-) 
  g188832/Q                                                          -       A->Q  F     BUHDX3         5  94.5   252   480    1462    (-,-) 
  g92615/Q                                                           -       A->Q  F     BUHDX12       57 542.4   342   554    2016    (-,-) 
  u_core_gen_pd_row[4].gen_pd_col[1].u_pd/g1141/Q                    -       A->Q  R     INHDX1         1  14.3   204   258    2274    (-,-) 
  u_core_gen_pd_row[4].gen_pd_col[1].u_pd/g1122__7482/Q              -       B->Q  F     ON21HDX1       1  12.3   224   251    2525    (-,-) 
  u_core_gen_pd_row[4].gen_pd_col[1].u_pd/nfast_hit_latched_reg[5]/D -       -     F     DFRRQHDX1      1     -     -     0    2525    (-,-) 
#--------------------------------------------------------------------------------------------------------------------------------------------



Path 19: VIOLATED (-3204 ps) Setup Check with Pin u_core_gen_pd_row[3].gen_pd_col[1].u_pd/nfast_hit_latched_reg[5]/C->D
           View: wc_view
          Group: clk_osc_fast_tap1
     Startpoint: (R) u_core_u_fast_cnt_bin_q_reg[5]/C
          Clock: (R) clk_osc_fast
       Endpoint: (F) u_core_gen_pd_row[3].gen_pd_col[1].u_pd/nfast_hit_latched_reg[5]/D
          Clock: (R) clk_osc_fast_tap1

                     Capture       Launch     
        Clock Edge:+      50            0     
       Src Latency:+       0            0     
       Net Latency:+       0 (I)        0 (I) 
           Arrival:=      50            0     
                                              
             Setup:-     679                  
       Uncertainty:-      50                  
     Required Time:=    -679                  
      Launch Clock:-       0                  
         Data Path:-    2525                  
             Slack:=   -3204                  

#--------------------------------------------------------------------------------------------------------------------------------------------
#                           Timing Point                             Flags   Arc   Edge   Cell     Fanout  Load Trans Delay Arrival Instance 
#                                                                                                          (fF)  (ps)  (ps)   (ps)  Location 
#--------------------------------------------------------------------------------------------------------------------------------------------
  u_core_u_fast_cnt_bin_q_reg[5]/C                                   -       -     R     (arrival)    111     -   150     0       0    (-,-) 
  u_core_u_fast_cnt_bin_q_reg[5]/Q                                   -       C->Q  F     DFRRQHDX1      1  19.6   247   981     981    (-,-) 
  g188832/Q                                                          -       A->Q  F     BUHDX3         5  94.5   252   480    1462    (-,-) 
  g92615/Q                                                           -       A->Q  F     BUHDX12       57 542.4   342   554    2016    (-,-) 
  u_core_gen_pd_row[3].gen_pd_col[1].u_pd/g1141/Q                    -       A->Q  R     INHDX1         1  14.3   204   258    2274    (-,-) 
  u_core_gen_pd_row[3].gen_pd_col[1].u_pd/g1122__5122/Q              -       B->Q  F     ON21HDX1       1  12.3   224   251    2525    (-,-) 
  u_core_gen_pd_row[3].gen_pd_col[1].u_pd/nfast_hit_latched_reg[5]/D -       -     F     DFRRQHDX1      1     -     -     0    2525    (-,-) 
#--------------------------------------------------------------------------------------------------------------------------------------------



Path 20: VIOLATED (-3204 ps) Setup Check with Pin u_core_gen_pd_row[2].gen_pd_col[1].u_pd/nfast_hit_latched_reg[5]/C->D
           View: wc_view
          Group: clk_osc_fast_tap1
     Startpoint: (R) u_core_u_fast_cnt_bin_q_reg[5]/C
          Clock: (R) clk_osc_fast
       Endpoint: (F) u_core_gen_pd_row[2].gen_pd_col[1].u_pd/nfast_hit_latched_reg[5]/D
          Clock: (R) clk_osc_fast_tap1

                     Capture       Launch     
        Clock Edge:+      50            0     
       Src Latency:+       0            0     
       Net Latency:+       0 (I)        0 (I) 
           Arrival:=      50            0     
                                              
             Setup:-     679                  
       Uncertainty:-      50                  
     Required Time:=    -679                  
      Launch Clock:-       0                  
         Data Path:-    2525                  
             Slack:=   -3204                  

#--------------------------------------------------------------------------------------------------------------------------------------------
#                           Timing Point                             Flags   Arc   Edge   Cell     Fanout  Load Trans Delay Arrival Instance 
#                                                                                                          (fF)  (ps)  (ps)   (ps)  Location 
#--------------------------------------------------------------------------------------------------------------------------------------------
  u_core_u_fast_cnt_bin_q_reg[5]/C                                   -       -     R     (arrival)    111     -   150     0       0    (-,-) 
  u_core_u_fast_cnt_bin_q_reg[5]/Q                                   -       C->Q  F     DFRRQHDX1      1  19.6   247   981     981    (-,-) 
  g188832/Q                                                          -       A->Q  F     BUHDX3         5  94.5   252   480    1462    (-,-) 
  g92615/Q                                                           -       A->Q  F     BUHDX12       57 542.4   342   554    2016    (-,-) 
  u_core_gen_pd_row[2].gen_pd_col[1].u_pd/g1141/Q                    -       A->Q  R     INHDX1         1  14.3   204   258    2274    (-,-) 
  u_core_gen_pd_row[2].gen_pd_col[1].u_pd/g1122__5526/Q              -       B->Q  F     ON21HDX1       1  12.3   224   251    2525    (-,-) 
  u_core_gen_pd_row[2].gen_pd_col[1].u_pd/nfast_hit_latched_reg[5]/D -       -     F     DFRRQHDX1      1     -     -     0    2525    (-,-) 
#--------------------------------------------------------------------------------------------------------------------------------------------


