# Excerpt from /sim/ksabra/SPADMIC_work/genus/genus_matrix_ooc_staged_20260630_1516/event_coordinator/reports/timing/report_timing_post_generic.rpt
# First 220 lines
============================================================
  Generated by:           Genus(TM) Synthesis Solution 22.13-s093_1
  Generated on:           Jun 30 2026  03:37:34 pm
  Module:                 spadmic_event_coordinator
  Operating conditions:   typ_1_80V_25C 
  Interconnect mode:      global
  Area mode:              physical library
============================================================


Path 1: MET (3282 ps) Setup Check with Pin next_event_id_q_reg[13]/clk->d
          Group: clk_sys
     Startpoint: (R) next_event_id_q_reg[0]/clk
          Clock: (R) clk_sys
       Endpoint: (R) next_event_id_q_reg[13]/d
          Clock: (R) clk_sys

                     Capture       Launch     
        Clock Edge:+    6250            0     
       Src Latency:+       0            0     
       Net Latency:+       0 (I)        0 (I) 
           Arrival:=    6250            0     
                                              
             Setup:-     507                  
     Required Time:=    5743                  
      Launch Clock:-       0                  
         Data Path:-    2461                  
             Slack:=    3282                  

#-------------------------------------------------------------------------------------------------------------
#       Timing Point         Flags    Arc    Edge       Cell         Fanout Load Trans Delay Arrival Instance 
#                                                                           (fF)  (ps)  (ps)   (ps)  Location 
#-------------------------------------------------------------------------------------------------------------
  next_event_id_q_reg[0]/clk -       -       R     (arrival)             48    -     0     0       0    (-,-) 
  next_event_id_q_reg[0]/q   (u)     clk->q  R     unmapped_d_flop        5 45.0     0   674     674    (-,-) 
  g3234/z                    (u)     in_1->z F     unmapped_nand2         3 27.6     0   133     808    (-,-) 
  g3793/z                    (u)     in_1->z F     unmapped_complex2      3 27.6     0   133     941    (-,-) 
  g3791/z                    (u)     in_1->z F     unmapped_complex2      3 27.6     0   133    1075    (-,-) 
  g3276/z                    (u)     in_1->z F     unmapped_complex2      3 27.6     0   133    1208    (-,-) 
  g3710/z                    (u)     in_1->z F     unmapped_complex2      3 27.6     0   133    1342    (-,-) 
  g3839/z                    (u)     in_1->z F     unmapped_complex2      3 27.6     0   133    1475    (-,-) 
  g3657/z                    (u)     in_1->z F     unmapped_complex2      3 27.6     0   133    1608    (-,-) 
  g3846/z                    (u)     in_1->z F     unmapped_complex2      3 27.6     0   133    1742    (-,-) 
  g3627/z                    (u)     in_1->z F     unmapped_complex2      3 27.6     0   133    1875    (-,-) 
  g3626/z                    (u)     in_1->z F     unmapped_complex2      3 27.6     0   133    2008    (-,-) 
  g3607/z                    (u)     in_1->z F     unmapped_complex2      3 27.6     0   133    2142    (-,-) 
  g3325/z                    (u)     in_1->z F     unmapped_complex2      2 18.4     0   119    2261    (-,-) 
  g3609/z                    (u)     in_0->z F     unmapped_or2           1  9.2     0   100    2361    (-,-) 
  g3610/z                    (u)     in_1->z R     unmapped_nand2         1  9.0     0   100    2461    (-,-) 
  next_event_id_q_reg[13]/d  -       -       R     unmapped_d_flop        1    -     -     0    2461    (-,-) 
#-------------------------------------------------------------------------------------------------------------

(u) : Net has unmapped pin(s).



Path 2: MET (3401 ps) Setup Check with Pin next_event_id_q_reg[12]/clk->d
          Group: clk_sys
     Startpoint: (R) next_event_id_q_reg[0]/clk
          Clock: (R) clk_sys
       Endpoint: (R) next_event_id_q_reg[12]/d
          Clock: (R) clk_sys

                     Capture       Launch     
        Clock Edge:+    6250            0     
       Src Latency:+       0            0     
       Net Latency:+       0 (I)        0 (I) 
           Arrival:=    6250            0     
                                              
             Setup:-     507                  
     Required Time:=    5743                  
      Launch Clock:-       0                  
         Data Path:-    2342                  
             Slack:=    3401                  

#-------------------------------------------------------------------------------------------------------------
#       Timing Point         Flags    Arc    Edge       Cell         Fanout Load Trans Delay Arrival Instance 
#                                                                           (fF)  (ps)  (ps)   (ps)  Location 
#-------------------------------------------------------------------------------------------------------------
  next_event_id_q_reg[0]/clk -       -       R     (arrival)             48    -     0     0       0    (-,-) 
  next_event_id_q_reg[0]/q   (u)     clk->q  R     unmapped_d_flop        5 45.0     0   674     674    (-,-) 
  g3234/z                    (u)     in_1->z F     unmapped_nand2         3 27.6     0   133     808    (-,-) 
  g3793/z                    (u)     in_1->z F     unmapped_complex2      3 27.6     0   133     941    (-,-) 
  g3791/z                    (u)     in_1->z F     unmapped_complex2      3 27.6     0   133    1075    (-,-) 
  g3276/z                    (u)     in_1->z F     unmapped_complex2      3 27.6     0   133    1208    (-,-) 
  g3710/z                    (u)     in_1->z F     unmapped_complex2      3 27.6     0   133    1342    (-,-) 
  g3839/z                    (u)     in_1->z F     unmapped_complex2      3 27.6     0   133    1475    (-,-) 
  g3657/z                    (u)     in_1->z F     unmapped_complex2      3 27.6     0   133    1608    (-,-) 
  g3846/z                    (u)     in_1->z F     unmapped_complex2      3 27.6     0   133    1742    (-,-) 
  g3627/z                    (u)     in_1->z F     unmapped_complex2      3 27.6     0   133    1875    (-,-) 
  g3626/z                    (u)     in_1->z F     unmapped_complex2      3 27.6     0   133    2008    (-,-) 
  g3607/z                    (u)     in_1->z F     unmapped_complex2      3 27.6     0   133    2142    (-,-) 
  g3614/z                    (u)     in_0->z F     unmapped_or2           1  9.2     0   100    2242    (-,-) 
  g3615/z                    (u)     in_1->z R     unmapped_nand2         1  9.0     0   100    2342    (-,-) 
  next_event_id_q_reg[12]/d  -       -       R     unmapped_d_flop        1    -     -     0    2342    (-,-) 
#-------------------------------------------------------------------------------------------------------------

(u) : Net has unmapped pin(s).



Path 3: MET (3535 ps) Setup Check with Pin next_event_id_q_reg[11]/clk->d
          Group: clk_sys
     Startpoint: (R) next_event_id_q_reg[0]/clk
          Clock: (R) clk_sys
       Endpoint: (R) next_event_id_q_reg[11]/d
          Clock: (R) clk_sys

                     Capture       Launch     
        Clock Edge:+    6250            0     
       Src Latency:+       0            0     
       Net Latency:+       0 (I)        0 (I) 
           Arrival:=    6250            0     
                                              
             Setup:-     507                  
     Required Time:=    5743                  
      Launch Clock:-       0                  
         Data Path:-    2208                  
             Slack:=    3535                  

#-------------------------------------------------------------------------------------------------------------
#       Timing Point         Flags    Arc    Edge       Cell         Fanout Load Trans Delay Arrival Instance 
#                                                                           (fF)  (ps)  (ps)   (ps)  Location 
#-------------------------------------------------------------------------------------------------------------
  next_event_id_q_reg[0]/clk -       -       R     (arrival)             48    -     0     0       0    (-,-) 
  next_event_id_q_reg[0]/q   (u)     clk->q  R     unmapped_d_flop        5 45.0     0   674     674    (-,-) 
  g3234/z                    (u)     in_1->z F     unmapped_nand2         3 27.6     0   133     808    (-,-) 
  g3793/z                    (u)     in_1->z F     unmapped_complex2      3 27.6     0   133     941    (-,-) 
  g3791/z                    (u)     in_1->z F     unmapped_complex2      3 27.6     0   133    1075    (-,-) 
  g3276/z                    (u)     in_1->z F     unmapped_complex2      3 27.6     0   133    1208    (-,-) 
  g3710/z                    (u)     in_1->z F     unmapped_complex2      3 27.6     0   133    1342    (-,-) 
  g3839/z                    (u)     in_1->z F     unmapped_complex2      3 27.6     0   133    1475    (-,-) 
  g3657/z                    (u)     in_1->z F     unmapped_complex2      3 27.6     0   133    1608    (-,-) 
  g3846/z                    (u)     in_1->z F     unmapped_complex2      3 27.6     0   133    1742    (-,-) 
  g3627/z                    (u)     in_1->z F     unmapped_complex2      3 27.6     0   133    1875    (-,-) 
  g3626/z                    (u)     in_1->z F     unmapped_complex2      3 27.6     0   133    2008    (-,-) 
  g3617/z                    (u)     in_0->z F     unmapped_or2           1  9.2     0   100    2108    (-,-) 
  g3618/z                    (u)     in_1->z R     unmapped_nand2         1  9.0     0   100    2208    (-,-) 
  next_event_id_q_reg[11]/d  -       -       R     unmapped_d_flop        1    -     -     0    2208    (-,-) 
#-------------------------------------------------------------------------------------------------------------

(u) : Net has unmapped pin(s).



Path 4: MET (3668 ps) Setup Check with Pin next_event_id_q_reg[10]/clk->d
          Group: clk_sys
     Startpoint: (R) next_event_id_q_reg[0]/clk
          Clock: (R) clk_sys
       Endpoint: (R) next_event_id_q_reg[10]/d
          Clock: (R) clk_sys

                     Capture       Launch     
        Clock Edge:+    6250            0     
       Src Latency:+       0            0     
       Net Latency:+       0 (I)        0 (I) 
           Arrival:=    6250            0     
                                              
             Setup:-     507                  
     Required Time:=    5743                  
      Launch Clock:-       0                  
         Data Path:-    2075                  
             Slack:=    3668                  

#-------------------------------------------------------------------------------------------------------------
#       Timing Point         Flags    Arc    Edge       Cell         Fanout Load Trans Delay Arrival Instance 
#                                                                           (fF)  (ps)  (ps)   (ps)  Location 
#-------------------------------------------------------------------------------------------------------------
  next_event_id_q_reg[0]/clk -       -       R     (arrival)             48    -     0     0       0    (-,-) 
  next_event_id_q_reg[0]/q   (u)     clk->q  R     unmapped_d_flop        5 45.0     0   674     674    (-,-) 
  g3234/z                    (u)     in_1->z F     unmapped_nand2         3 27.6     0   133     808    (-,-) 
  g3793/z                    (u)     in_1->z F     unmapped_complex2      3 27.6     0   133     941    (-,-) 
  g3791/z                    (u)     in_1->z F     unmapped_complex2      3 27.6     0   133    1075    (-,-) 
  g3276/z                    (u)     in_1->z F     unmapped_complex2      3 27.6     0   133    1208    (-,-) 
  g3710/z                    (u)     in_1->z F     unmapped_complex2      3 27.6     0   133    1342    (-,-) 
  g3839/z                    (u)     in_1->z F     unmapped_complex2      3 27.6     0   133    1475    (-,-) 
  g3657/z                    (u)     in_1->z F     unmapped_complex2      3 27.6     0   133    1608    (-,-) 
  g3846/z                    (u)     in_1->z F     unmapped_complex2      3 27.6     0   133    1742    (-,-) 
  g3627/z                    (u)     in_1->z F     unmapped_complex2      3 27.6     0   133    1875    (-,-) 
  g3622/z                    (u)     in_1->z F     unmapped_or2           1  9.2     0   100    1975    (-,-) 
  g3623/z                    (u)     in_1->z R     unmapped_nand2         1  9.0     0   100    2075    (-,-) 
  next_event_id_q_reg[10]/d  -       -       R     unmapped_d_flop        1    -     -     0    2075    (-,-) 
#-------------------------------------------------------------------------------------------------------------

(u) : Net has unmapped pin(s).



Path 5: MET (3802 ps) Setup Check with Pin next_event_id_q_reg[9]/clk->d
          Group: clk_sys
     Startpoint: (R) next_event_id_q_reg[0]/clk
          Clock: (R) clk_sys
       Endpoint: (R) next_event_id_q_reg[9]/d
          Clock: (R) clk_sys

                     Capture       Launch     
        Clock Edge:+    6250            0     
       Src Latency:+       0            0     
       Net Latency:+       0 (I)        0 (I) 
           Arrival:=    6250            0     
                                              
             Setup:-     507                  
     Required Time:=    5743                  
      Launch Clock:-       0                  
         Data Path:-    1942                  
             Slack:=    3802                  

#-------------------------------------------------------------------------------------------------------------
#       Timing Point         Flags    Arc    Edge       Cell         Fanout Load Trans Delay Arrival Instance 
#                                                                           (fF)  (ps)  (ps)   (ps)  Location 
#-------------------------------------------------------------------------------------------------------------
  next_event_id_q_reg[0]/clk -       -       R     (arrival)             48    -     0     0       0    (-,-) 
  next_event_id_q_reg[0]/q   (u)     clk->q  R     unmapped_d_flop        5 45.0     0   674     674    (-,-) 
  g3234/z                    (u)     in_1->z F     unmapped_nand2         3 27.6     0   133     808    (-,-) 
  g3793/z                    (u)     in_1->z F     unmapped_complex2      3 27.6     0   133     941    (-,-) 
  g3791/z                    (u)     in_1->z F     unmapped_complex2      3 27.6     0   133    1075    (-,-) 
  g3276/z                    (u)     in_1->z F     unmapped_complex2      3 27.6     0   133    1208    (-,-) 
  g3710/z                    (u)     in_1->z F     unmapped_complex2      3 27.6     0   133    1342    (-,-) 
  g3839/z                    (u)     in_1->z F     unmapped_complex2      3 27.6     0   133    1475    (-,-) 
  g3657/z                    (u)     in_1->z F     unmapped_complex2      3 27.6     0   133    1608    (-,-) 
